RESET
CPU yadrolab-wp11 1745509449 2025/04/24 18:44:09 2096072 100 24 14613930 19857228 1136352 4990754143 146477 0 15694 0 0 78401 100 0 0
SEP
CPU yadrolab-wp11 1745509450 2025/04/24 18:44:10 1 100 24 17 6 2 2375 0 0 0 0 0 75654 100 0 0
SEP
CPU yadrolab-wp11 1745509451 2025/04/24 18:44:11 1 100 24 15 6 2 2372 0 0 0 0 0 75198 100 0 0
SEP
CPU yadrolab-wp11 1745509452 2025/04/24 18:44:12 1 100 24 14 6 0 2376 0 0 0 0 0 72000 100 0 0
SEP
CPU yadrolab-wp11 1745509453 2025/04/24 18:44:13 1 100 24 14 7 2 2373 0 0 0 0 0 76634 100 0 0
SEP
CPU yadrolab-wp11 1745509454 2025/04/24 18:44:14 1 100 24 14 7 0 2375 0 0 0 0 0 76376 100 0 0
SEP
CPU yadrolab-wp11 1745509455 2025/04/24 18:44:15 1 100 24 17 6 1 2374 0 0 0 0 0 75638 100 0 0
SEP
CPU yadrolab-wp11 1745509456 2025/04/24 18:44:16 1 100 24 11 8 1 2375 0 0 0 0 0 76562 100 0 0
SEP
CPU yadrolab-wp11 1745509457 2025/04/24 18:44:17 1 100 24 13 8 1 2375 0 0 0 0 0 75800 100 0 0
SEP
CPU yadrolab-wp11 1745509458 2025/04/24 18:44:18 1 100 24 11 6 3 2376 0 0 0 0 0 76891 100 0 0
SEP
CPU yadrolab-wp11 1745509459 2025/04/24 18:44:19 1 100 24 13 5 1 2377 0 0 0 0 0 71602 100 0 0
SEP
CPU yadrolab-wp11 1745509460 2025/04/24 18:44:20 1 100 24 70 512 3 1795 4 0 0 0 0 78374 100 0 0
SEP
CPU yadrolab-wp11 1745509461 2025/04/24 18:44:21 1 100 24 87 346 5 1944 3 0 0 0 0 75267 100 0 0
SEP
CPU yadrolab-wp11 1745509462 2025/04/24 18:44:22 1 100 24 65 503 3 1809 2 0 0 0 0 77575 100 0 0
SEP
CPU yadrolab-wp11 1745509463 2025/04/24 18:44:23 1 100 24 79 333 4 1965 3 0 0 0 0 79897 100 0 0
SEP
CPU yadrolab-wp11 1745509464 2025/04/24 18:44:24 1 100 24 59 499 2 1825 2 0 0 0 0 77260 100 0 0
SEP
CPU yadrolab-wp11 1745509465 2025/04/24 18:44:25 1 100 24 75 357 5 1943 2 0 0 0 0 107899 100 0 0
SEP
CPU yadrolab-wp11 1745509466 2025/04/24 18:44:26 1 100 24 52 462 3 1861 2 0 0 0 0 79461 100 0 0
SEP
CPU yadrolab-wp11 1745509467 2025/04/24 18:44:27 1 100 24 86 520 2 1780 3 0 0 0 0 78441 100 0 0
SEP
CPU yadrolab-wp11 1745509468 2025/04/24 18:44:28 1 100 24 94 323 4 1967 3 0 0 0 0 76194 100 0 0
SEP
CPU yadrolab-wp11 1745509469 2025/04/24 18:44:29 1 100 24 46 492 1 1825 2 0 0 0 0 79235 100 0 0
SEP
CPU yadrolab-wp11 1745509470 2025/04/24 18:44:30 1 100 24 122 370 13 1890 4 0 1 0 0 76732 100 0 0
SEP
CPU yadrolab-wp11 1745509471 2025/04/24 18:44:31 1 100 24 78 491 2 1808 7 0 0 0 0 80321 100 0 0
SEP
CPU yadrolab-wp11 1745509472 2025/04/24 18:44:32 1 100 24 77 365 5 1914 9 0 0 0 0 71925 100 0 0
SEP
CPU yadrolab-wp11 1745509473 2025/04/24 18:44:33 1 100 24 85 532 12 1753 3 0 0 0 0 77721 100 0 0
SEP
CPU yadrolab-wp11 1745509474 2025/04/24 18:44:34 1 100 24 72 307 3 1984 13 0 0 0 0 76778 100 0 0
SEP
CPU yadrolab-wp11 1745509475 2025/04/24 18:44:35 1 100 24 108 451 4 1798 11 0 0 0 0 107852 100 0 0
SEP
CPU yadrolab-wp11 1745509476 2025/04/24 18:44:36 1 100 24 79 452 8 1842 6 0 0 0 0 76781 100 0 0
SEP
CPU yadrolab-wp11 1745509477 2025/04/24 18:44:37 1 100 24 85 335 8 1946 5 0 1 0 0 76303 100 0 0
SEP
CPU yadrolab-wp11 1745509478 2025/04/24 18:44:38 1 100 24 66 475 66 1780 7 0 0 0 0 79350 100 0 0
SEP
CPU yadrolab-wp11 1745509479 2025/04/24 18:44:39 1 100 24 76 489 26 1784 3 0 0 0 0 78604 100 0 0
SEP
CPU yadrolab-wp11 1745509480 2025/04/24 18:44:40 1 100 24 105 307 62 1912 6 0 0 0 0 78794 100 0 0
SEP
CPU yadrolab-wp11 1745509481 2025/04/24 18:44:41 1 100 24 82 466 32 1801 6 0 0 0 0 79639 100 0 0
SEP
CPU yadrolab-wp11 1745509482 2025/04/24 18:44:42 1 100 24 65 348 2 1964 6 0 0 0 0 77952 100 0 0
SEP
CPU yadrolab-wp11 1745509483 2025/04/24 18:44:43 1 100 24 76 490 4 1797 2 0 0 0 0 77743 100 0 0
SEP
CPU yadrolab-wp11 1745509484 2025/04/24 18:44:44 1 100 24 92 357 4 1921 4 0 0 0 0 76602 100 0 0
SEP
CPU yadrolab-wp11 1745509485 2025/04/24 18:44:45 1 100 24 82 505 3 1796 2 0 0 0 0 78818 100 0 0
SEP
CPU yadrolab-wp11 1745509486 2025/04/24 18:44:46 1 100 24 98 376 6 1914 3 0 0 0 0 74610 100 0 0
SEP
CPU yadrolab-wp11 1745509487 2025/04/24 18:44:47 1 100 24 88 517 3 1782 1 0 0 0 0 77632 100 0 0
SEP
CPU yadrolab-wp11 1745509488 2025/04/24 18:44:48 1 100 24 83 364 4 1930 3 0 0 0 0 76800 100 0 0
SEP
CPU yadrolab-wp11 1745509489 2025/04/24 18:44:49 1 100 24 64 483 2 1832 2 0 0 0 0 78307 100 0 0
SEP
CPU yadrolab-wp11 1745509490 2025/04/24 18:44:50 1 100 24 73 332 6 1974 3 0 0 0 0 75457 100 0 0
SEP
CPU yadrolab-wp11 1745509491 2025/04/24 18:44:51 1 100 24 70 528 2 1793 2 0 0 0 0 78275 100 0 0
SEP
CPU yadrolab-wp11 1745509492 2025/04/24 18:44:52 1 100 24 99 342 3 1937 3 0 0 0 0 74171 100 0 0
SEP
CPU yadrolab-wp11 1745509493 2025/04/24 18:44:53 1 100 24 75 518 2 1794 2 0 0 0 0 77790 100 0 0
SEP
CPU yadrolab-wp11 1745509494 2025/04/24 18:44:54 1 100 24 85 339 5 1950 4 0 0 0 0 61028 100 0 0
SEP
CPU yadrolab-wp11 1745509495 2025/04/24 18:44:55 1 100 24 97 525 3 1744 2 0 0 0 0 78273 100 0 0
SEP
CPU yadrolab-wp11 1745509496 2025/04/24 18:44:56 1 100 24 94 358 4 1916 4 0 0 0 0 76175 100 0 0
SEP
CPU yadrolab-wp11 1745509497 2025/04/24 18:44:57 1 100 24 60 477 1 1836 1 0 0 0 0 79682 100 0 0
SEP
CPU yadrolab-wp11 1745509498 2025/04/24 18:44:58 1 100 24 100 338 4 1928 3 0 0 0 0 76528 100 0 0
SEP
CPU yadrolab-wp11 1745509499 2025/04/24 18:44:59 1 100 24 93 496 3 1798 2 0 0 0 0 78116 100 0 0
SEP
CPU yadrolab-wp11 1745509500 2025/04/24 18:45:00 1 100 24 93 333 14 1936 4 0 0 0 0 72823 100 0 0
SEP
CPU yadrolab-wp11 1745509501 2025/04/24 18:45:01 1 100 24 73 504 4 1806 1 0 0 0 0 77829 100 0 0
SEP
CPU yadrolab-wp11 1745509502 2025/04/24 18:45:02 1 100 24 79 394 5 1888 3 0 0 0 0 106927 100 0 0
SEP
CPU yadrolab-wp11 1745509503 2025/04/24 18:45:03 1 100 24 80 487 8 1809 2 0 0 0 0 77043 100 0 0
SEP
CPU yadrolab-wp11 1745509504 2025/04/24 18:45:04 1 100 24 77 528 7 1770 3 0 0 0 0 86533 100 0 0
SEP
CPU yadrolab-wp11 1745509505 2025/04/24 18:45:05 1 100 24 47 305 4 2029 2 0 0 0 0 78354 100 0 0
SEP
CPU yadrolab-wp11 1745509506 2025/04/24 18:45:06 1 100 24 103 523 3 1747 5 0 0 0 0 80293 100 0 0
SEP
CPU yadrolab-wp11 1745509507 2025/04/24 18:45:07 1 100 24 72 335 4 1965 4 0 0 0 0 74797 100 0 0
SEP
CPU yadrolab-wp11 1745509508 2025/04/24 18:45:08 1 100 24 101 495 6 1780 3 0 0 0 0 96866 100 0 0
SEP
CPU yadrolab-wp11 1745509509 2025/04/24 18:45:09 1 100 24 83 352 3 1951 2 0 0 0 0 77222 100 0 0
SEP
CPU yadrolab-wp11 1745509510 2025/04/24 18:45:10 1 100 24 77 501 5 1800 3 0 0 0 0 79338 100 0 0
SEP
CPU yadrolab-wp11 1745509511 2025/04/24 18:45:11 1 100 24 74 335 4 1962 3 0 1 0 0 67090 100 0 0
SEP
CPU yadrolab-wp11 1745509512 2025/04/24 18:45:12 1 100 24 76 511 4 1792 2 0 0 0 0 78952 100 0 0
SEP
CPU yadrolab-wp11 1745509513 2025/04/24 18:45:13 1 100 24 90 363 5 1928 3 0 0 0 0 76790 100 0 0
SEP
CPU yadrolab-wp11 1745509514 2025/04/24 18:45:14 1 100 24 60 501 2 1836 1 0 0 0 0 77594 100 0 0
SEP
CPU yadrolab-wp11 1745509515 2025/04/24 18:45:15 1 100 24 83 337 4 1948 3 0 0 0 0 76934 100 0 0
SEP
CPU yadrolab-wp11 1745509516 2025/04/24 18:45:16 1 100 24 61 506 2 1819 2 0 1 0 0 77710 100 0 0
SEP
CPU yadrolab-wp11 1745509517 2025/04/24 18:45:17 1 100 24 79 482 1 1831 5 0 0 0 0 79699 100 0 0
SEP
CPU yadrolab-wp11 1745509518 2025/04/24 18:45:18 1 100 24 90 356 4 1954 2 0 0 0 0 76803 100 0 0
SEP
CPU yadrolab-wp11 1745509519 2025/04/24 18:45:19 1 100 24 75 528 15 1764 3 0 0 0 0 77682 100 0 0
SEP
CPU yadrolab-wp11 1745509520 2025/04/24 18:45:20 1 100 24 81 349 7 1938 3 0 0 0 0 74312 100 0 0
SEP
CPU yadrolab-wp11 1745509521 2025/04/24 18:45:21 1 100 24 79 511 5 1778 2 0 0 0 0 79279 100 0 0
SEP
CPU yadrolab-wp11 1745509522 2025/04/24 18:45:22 1 100 24 81 298 69 1924 3 0 0 0 0 81943 100 0 0
SEP
CPU yadrolab-wp11 1745509523 2025/04/24 18:45:23 1 100 24 69 498 25 1793 2 0 0 0 0 79357 100 0 0
SEP
CPU yadrolab-wp11 1745509524 2025/04/24 18:45:24 1 100 24 78 326 10 1952 3 0 0 0 0 76982 100 0 0
SEP
CPU yadrolab-wp11 1745509525 2025/04/24 18:45:25 1 100 24 39 242 35 2069 1 0 0 0 0 77248 100 0 0
SEP
CPU yadrolab-wp11 1745509526 2025/04/24 18:45:26 1 100 24 17 3 0 2375 0 0 0 0 0 76192 100 0 0
SEP
CPU yadrolab-wp11 1745509527 2025/04/24 18:45:27 1 100 24 14 5 2 2377 0 0 0 0 0 76189 100 0 0
SEP
CPU yadrolab-wp11 1745509528 2025/04/24 18:45:28 1 100 24 22 15 0 2350 0 0 0 0 0 76461 100 0 0
SEP
CPU yadrolab-wp11 1745509529 2025/04/24 18:45:29 1 100 24 14 6 2 2375 1 0 0 0 0 76467 100 0 0
SEP
CPU yadrolab-wp11 1745509530 2025/04/24 18:45:30 1 100 24 15 5 10 2365 0 0 0 0 0 76050 100 0 0
SEP
CPU yadrolab-wp11 1745509531 2025/04/24 18:45:31 1 100 24 15 8 3 2371 0 0 0 0 0 76033 100 0 0
SEP
CPU yadrolab-wp11 1745509532 2025/04/24 18:45:32 1 100 24 12 5 1 2378 0 0 0 0 0 76223 100 0 0
SEP
CPU yadrolab-wp11 1745509533 2025/04/24 18:45:33 1 100 24 16 6 1 2374 0 0 0 0 0 75691 100 0 0
SEP
CPU yadrolab-wp11 1745509534 2025/04/24 18:45:34 1 100 24 14 5 0 2376 0 0 0 0 0 76592 100 0 0
SEP
