1454 
1388 
1282 
1335 
1327 
1051 
1022 
1023 
993 
995 
1040 
978 
988 
1018 
1015 
1018 
1071 
1032 
983 
969 
1053 
999 
1015 
996 
983 
981 
967 
1023 
1009 
987 
993 
1019 
991 
978 
1020 
1038 
1036 
1073 
1036 
1122 
1057 
1085 
999 
1038 
1029 
1020 
1028 
991 
970 
1004 
1004 
1116 
1049 
1009 
1018 
1002 
1054 
1110 
1107 
1070 
1063 
1034 
1007 
1065 
1005 
1050 
1062 
1070 
1062 
1022 
998 
1002 
987 
1015 
965 
1007 
1008 
1022 
1010 
1005 
986 
1005 
997 
1062 
1039 
1044 
1117 
1010 
1049 
1066 
1029 
1046 
1092 
1022 
1107 
1049 
1044 
1028 
1031 
1057 
