              total        used        free      shared  buff/cache   available
Mem:          33447        3789        1667         153       27990       29007
Swap:          2147         438        1708
Total:        35595        4227        3376

              total        used        free      shared  buff/cache   available
Mem:          33447        3793        1663         153       27990       29003
Swap:          2147         438        1708
Total:        35595        4232        3372

              total        used        free      shared  buff/cache   available
Mem:          33447        3796        1660         153       27990       29000
Swap:          2147         438        1708
Total:        35595        4234        3369

              total        used        free      shared  buff/cache   available
Mem:          33447        3798        1658         153       27990       28998
Swap:          2147         438        1708
Total:        35595        4236        3367

              total        used        free      shared  buff/cache   available
Mem:          33447        3798        1658         153       27990       28998
Swap:          2147         438        1708
Total:        35595        4236        3367

              total        used        free      shared  buff/cache   available
Mem:          33447        3798        1658         153       27990       28997
Swap:          2147         438        1708
Total:        35595        4237        3366

              total        used        free      shared  buff/cache   available
Mem:          33447        3800        1656         153       27990       28996
Swap:          2147         438        1708
Total:        35595        4238        3365

              total        used        free      shared  buff/cache   available
Mem:          33447        3800        1656         153       27990       28995
Swap:          2147         438        1708
Total:        35595        4239        3364

              total        used        free      shared  buff/cache   available
Mem:          33447        3801        1655         153       27990       28995
Swap:          2147         438        1708
Total:        35595        4239        3364

              total        used        free      shared  buff/cache   available
Mem:          33447        3801        1655         153       27990       28994
Swap:          2147         438        1708
Total:        35595        4240        3364

              total        used        free      shared  buff/cache   available
Mem:          33447        3802        1654         153       27990       28994
Swap:          2147         438        1708
Total:        35595        4240        3363

              total        used        free      shared  buff/cache   available
Mem:          33447        3930        1524         153       27993       28866
Swap:          2147         438        1708
Total:        35595        4368        3232

              total        used        free      shared  buff/cache   available
Mem:          33447        3919        1535         153       27992       28877
Swap:          2147         438        1708
Total:        35595        4358        3244

              total        used        free      shared  buff/cache   available
Mem:          33447        3907        1545         153       27994       28889
Swap:          2147         438        1708
Total:        35595        4345        3254

              total        used        free      shared  buff/cache   available
Mem:          33447        3917        1536         153       27993       28879
Swap:          2147         438        1708
Total:        35595        4356        3245

              total        used        free      shared  buff/cache   available
Mem:          33447        3906        1545         153       27995       28889
Swap:          2147         438        1708
Total:        35595        4345        3254

              total        used        free      shared  buff/cache   available
Mem:          33447        3917        1536         153       27993       28879
Swap:          2147         438        1708
Total:        35595        4356        3245

              total        used        free      shared  buff/cache   available
Mem:          33447        3900        1550         153       27995       28895
Swap:          2147         438        1708
Total:        35595        4339        3259

              total        used        free      shared  buff/cache   available
Mem:          33447        3936        1514         153       27996       28859
Swap:          2147         438        1708
Total:        35595        4374        3223

              total        used        free      shared  buff/cache   available
Mem:          33447        3909        1543         153       27994       28887
Swap:          2147         438        1708
Total:        35595        4347        3252

              total        used        free      shared  buff/cache   available
Mem:          33447        3955        1495         153       27996       28840
Swap:          2147         438        1708
Total:        35595        4394        3203

              total        used        free      shared  buff/cache   available
Mem:          33447        3932        1516         156       27999       28860
Swap:          2147         438        1708
Total:        35595        4370        3225

              total        used        free      shared  buff/cache   available
Mem:          33447        3925        1522         157       27999       28867
Swap:          2147         438        1708
Total:        35595        4364        3231

              total        used        free      shared  buff/cache   available
Mem:          33447        3900        1547         157       27999       28892
Swap:          2147         438        1708
Total:        35595        4338        3256

              total        used        free      shared  buff/cache   available
Mem:          33447        3975        1468         159       28003       28815
Swap:          2147         438        1708
Total:        35595        4414        3177

              total        used        free      shared  buff/cache   available
Mem:          33447        3945        1500         156       28001       28848
Swap:          2147         438        1708
Total:        35595        4384        3209

              total        used        free      shared  buff/cache   available
Mem:          33447        3955        1488         159       28002       28835
Swap:          2147         438        1708
Total:        35595        4394        3197

              total        used        free      shared  buff/cache   available
Mem:          33447        3954        1488         159       28005       28836
Swap:          2147         438        1708
Total:        35595        4392        3197

              total        used        free      shared  buff/cache   available
Mem:          33447        3957        1484         161       28005       28831
Swap:          2147         438        1708
Total:        35595        4396        3193

              total        used        free      shared  buff/cache   available
Mem:          33447        4080        1362         159       28004       28710
Swap:          2147         438        1708
Total:        35595        4519        3070

              total        used        free      shared  buff/cache   available
Mem:          33447        4115        1327         158       28004       28675
Swap:          2147         438        1708
Total:        35595        4554        3036

              total        used        free      shared  buff/cache   available
Mem:          33447        4128        1316         158       28003       28663
Swap:          2147         438        1708
Total:        35595        4566        3025

              total        used        free      shared  buff/cache   available
Mem:          33447        4069        1373         158       28005       28722
Swap:          2147         438        1708
Total:        35595        4507        3082

              total        used        free      shared  buff/cache   available
Mem:          33447        4045        1397         158       28005       28746
Swap:          2147         438        1708
Total:        35595        4484        3105

              total        used        free      shared  buff/cache   available
Mem:          33447        4076        1363         158       28007       28714
Swap:          2147         438        1708
Total:        35595        4515        3072

              total        used        free      shared  buff/cache   available
Mem:          33447        4068        1373         158       28005       28723
Swap:          2147         438        1708
Total:        35595        4506        3082

              total        used        free      shared  buff/cache   available
Mem:          33447        4077        1361         158       28007       28713
Swap:          2147         438        1708
Total:        35595        4516        3070

              total        used        free      shared  buff/cache   available
Mem:          33447        4044        1395         158       28007       28747
Swap:          2147         438        1708
Total:        35595        4483        3104

              total        used        free      shared  buff/cache   available
Mem:          33447        4077        1360         158       28009       28713
Swap:          2147         438        1708
Total:        35595        4516        3069

              total        used        free      shared  buff/cache   available
Mem:          33447        4055        1384         158       28007       28735
Swap:          2147         438        1708
Total:        35595        4494        3092

              total        used        free      shared  buff/cache   available
Mem:          33447        4079        1357         158       28009       28711
Swap:          2147         438        1708
Total:        35595        4518        3066

              total        used        free      shared  buff/cache   available
Mem:          33447        4050        1388         158       28008       28741
Swap:          2147         438        1708
Total:        35595        4489        3096

              total        used        free      shared  buff/cache   available
Mem:          33447        4082        1354         158       28010       28708
Swap:          2147         438        1708
Total:        35595        4521        3063

              total        used        free      shared  buff/cache   available
Mem:          33447        4040        1398         158       28008       28751
Swap:          2147         438        1708
Total:        35595        4479        3106

              total        used        free      shared  buff/cache   available
Mem:          33447        4093        1344         158       28009       28698
Swap:          2147         438        1708
Total:        35595        4531        3053

              total        used        free      shared  buff/cache   available
Mem:          33447        4035        1401         158       28009       28755
Swap:          2147         438        1708
Total:        35595        4474        3110

              total        used        free      shared  buff/cache   available
Mem:          33447        4073        1362         158       28011       28717
Swap:          2147         438        1708
Total:        35595        4512        3071

              total        used        free      shared  buff/cache   available
Mem:          33447        4057        1379         158       28010       28734
Swap:          2147         438        1708
Total:        35595        4496        3088

              total        used        free      shared  buff/cache   available
Mem:          33447        4065        1369         159       28012       28725
Swap:          2147         438        1708
Total:        35595        4504        3078

              total        used        free      shared  buff/cache   available
Mem:          33447        4032        1402         159       28011       28758
Swap:          2147         438        1708
Total:        35595        4471        3111

              total        used        free      shared  buff/cache   available
Mem:          33447        4076        1357         159       28013       28714
Swap:          2147         438        1708
Total:        35595        4515        3066

              total        used        free      shared  buff/cache   available
Mem:          33447        4053        1378         162       28015       28734
Swap:          2147         438        1708
Total:        35595        4492        3087

              total        used        free      shared  buff/cache   available
Mem:          33447        4040        1389         162       28017       28747
Swap:          2147         438        1708
Total:        35595        4479        3098

              total        used        free      shared  buff/cache   available
Mem:          33447        4058        1373         162       28016       28730
Swap:          2147         438        1708
Total:        35595        4496        3082

              total        used        free      shared  buff/cache   available
Mem:          33447        4025        1404         162       28017       28763
Swap:          2147         438        1708
Total:        35595        4463        3113

              total        used        free      shared  buff/cache   available
Mem:          33447        4041        1392         159       28013       28750
Swap:          2147         438        1708
Total:        35595        4479        3101

              total        used        free      shared  buff/cache   available
Mem:          33447        4022        1409         159       28015       28769
Swap:          2147         438        1708
Total:        35595        4460        3118

              total        used        free      shared  buff/cache   available
Mem:          33447        4038        1395         159       28013       28753
Swap:          2147         438        1708
Total:        35595        4476        3104

              total        used        free      shared  buff/cache   available
Mem:          33447        4014        1418         159       28014       28776
Swap:          2147         438        1708
Total:        35595        4453        3127

              total        used        free      shared  buff/cache   available
Mem:          33447        4033        1398         159       28015       28758
Swap:          2147         438        1708
Total:        35595        4471        3107

              total        used        free      shared  buff/cache   available
Mem:          33447        4024        1406         159       28016       28767
Swap:          2147         438        1708
Total:        35595        4462        3115

              total        used        free      shared  buff/cache   available
Mem:          33447        4055        1374         159       28017       28735
Swap:          2147         438        1708
Total:        35595        4494        3083

              total        used        free      shared  buff/cache   available
Mem:          33447        3917        1519         153       28009       28879
Swap:          2147         438        1708
Total:        35595        4356        3228

              total        used        free      shared  buff/cache   available
Mem:          33447        3957        1477         153       28012       28838
Swap:          2147         438        1708
Total:        35595        4396        3186

              total        used        free      shared  buff/cache   available
Mem:          33447        3933        1502         153       28011       28863
Swap:          2147         438        1708
Total:        35595        4372        3211

              total        used        free      shared  buff/cache   available
Mem:          33447        3913        1521         153       28012       28883
Swap:          2147         438        1708
Total:        35595        4351        3230

              total        used        free      shared  buff/cache   available
Mem:          33447        3920        1515         153       28011       28876
Swap:          2147         438        1708
Total:        35595        4359        3224

              total        used        free      shared  buff/cache   available
Mem:          33447        3911        1521         153       28014       28885
Swap:          2147         438        1708
Total:        35595        4350        3230

              total        used        free      shared  buff/cache   available
Mem:          33447        3937        1496         153       28013       28859
Swap:          2147         438        1708
Total:        35595        4376        3205

              total        used        free      shared  buff/cache   available
Mem:          33447        3908        1524         153       28013       28887
Swap:          2147         438        1708
Total:        35595        4347        3233

              total        used        free      shared  buff/cache   available
Mem:          33447        3979        1450         155       28017       28814
Swap:          2147         438        1708
Total:        35595        4418        3158

              total        used        free      shared  buff/cache   available
Mem:          33447        3951        1476         159       28019       28840
Swap:          2147         438        1708
Total:        35595        4389        3185

              total        used        free      shared  buff/cache   available
Mem:          33447        3984        1441         159       28021       28806
Swap:          2147         438        1708
Total:        35595        4422        3150

              total        used        free      shared  buff/cache   available
Mem:          33447        4079        1347         159       28020       28712
Swap:          2147         438        1708
Total:        35595        4517        3056

              total        used        free      shared  buff/cache   available
Mem:          33447        4112        1313         159       28021       28678
Swap:          2147         438        1708
Total:        35595        4551        3022

              total        used        free      shared  buff/cache   available
Mem:          33447        4089        1337         159       28020       28701
Swap:          2147         438        1708
Total:        35595        4528        3046

              total        used        free      shared  buff/cache   available
Mem:          33447        4036        1390         159       28020       28755
Swap:          2147         438        1708
Total:        35595        4474        3099

              total        used        free      shared  buff/cache   available
Mem:          33447        4038        1388         159       28020       28753
Swap:          2147         438        1708
Total:        35595        4476        3097

              total        used        free      shared  buff/cache   available
Mem:          33447        4038        1388         159       28020       28752
Swap:          2147         438        1708
Total:        35595        4477        3097

              total        used        free      shared  buff/cache   available
Mem:          33447        3934        1492         159       28020       28856
Swap:          2147         438        1708
Total:        35595        4373        3201

              total        used        free      shared  buff/cache   available
Mem:          33447        3933        1493         159       28020       28858
Swap:          2147         438        1708
Total:        35595        4371        3202

              total        used        free      shared  buff/cache   available
Mem:          33447        3926        1498         161       28023       28862
Swap:          2147         438        1708
Total:        35595        4364        3206

              total        used        free      shared  buff/cache   available
Mem:          33447        3927        1496         162       28023       28861
Swap:          2147         438        1708
Total:        35595        4365        3205

              total        used        free      shared  buff/cache   available
Mem:          33447        3927        1496         162       28023       28860
Swap:          2147         438        1708
Total:        35595        4365        3205

              total        used        free      shared  buff/cache   available
Mem:          33447        3926        1496         162       28023       28861
Swap:          2147         438        1708
Total:        35595        4365        3205

              total        used        free      shared  buff/cache   available
Mem:          33447        3927        1499         159       28020       28863
Swap:          2147         438        1708
Total:        35595        4366        3208
