RESET
CPU laptop 1745510948 2025/04/24 19:09:08 632518 100 12 2757531 5562323 68561 149397982 213710 0 73583 0 0 37498 100 0 0
SEP
CPU laptop 1745510949 2025/04/24 19:09:09 1 100 12 86 52 0 1056 0 0 1 0 0 20213 100 0 0
SEP
CPU laptop 1745510950 2025/04/24 19:09:10 1 100 12 85 51 0 1053 1 0 0 0 0 16957 100 0 0
SEP
CPU laptop 1745510951 2025/04/24 19:09:11 1 100 12 72 28 0 1096 1 0 0 0 0 19829 100 0 0
SEP
CPU laptop 1745510952 2025/04/24 19:09:12 1 100 12 74 30 0 1092 4 0 0 0 0 17686 100 0 0
SEP
CPU laptop 1745510953 2025/04/24 19:09:13 1 100 12 70 34 0 1092 1 0 0 0 0 16793 100 0 0
SEP
CPU laptop 1745510954 2025/04/24 19:09:14 1 100 12 69 33 0 1094 0 0 1 0 0 17932 100 0 0
SEP
CPU laptop 1745510955 2025/04/24 19:09:15 1 100 12 73 30 0 1096 1 0 0 0 0 16797 100 0 0
SEP
CPU laptop 1745510956 2025/04/24 19:09:16 1 100 12 72 32 0 1094 1 0 0 0 0 16791 100 0 0
SEP
CPU laptop 1745510957 2025/04/24 19:09:17 1 100 12 74 28 0 1094 2 0 0 0 0 18102 100 0 0
SEP
CPU laptop 1745510958 2025/04/24 19:09:18 1 100 12 72 34 0 1090 1 0 0 0 0 19890 100 0 0
SEP
CPU laptop 1745510959 2025/04/24 19:09:19 1 100 12 173 181 1 804 25 0 1 0 0 30829 100 0 0
SEP
CPU laptop 1745510960 2025/04/24 19:09:20 1 100 12 156 252 1 752 18 0 2 0 0 44537 100 0 0
SEP
CPU laptop 1745510961 2025/04/24 19:09:21 1 100 12 165 240 1 740 23 0 1 0 0 25500 100 0 0
SEP
CPU laptop 1745510962 2025/04/24 19:09:22 1 100 12 163 186 1 804 25 0 1 0 0 43317 100 0 0
SEP
CPU laptop 1745510963 2025/04/24 19:09:23 1 100 12 144 252 1 767 18 0 0 0 0 47896 100 0 0
SEP
CPU laptop 1745510964 2025/04/24 19:09:24 1 100 12 159 208 1 783 26 0 1 0 0 23310 100 0 0
SEP
CPU laptop 1745510965 2025/04/24 19:09:25 1 100 12 165 196 2 794 24 0 0 0 0 28241 100 0 0
SEP
CPU laptop 1745510966 2025/04/24 19:09:26 1 100 12 147 276 1 737 19 0 2 0 0 31906 100 0 0
SEP
CPU laptop 1745510967 2025/04/24 19:09:27 1 100 12 154 184 2 813 26 0 1 0 0 23463 100 0 0
SEP
CPU laptop 1745510968 2025/04/24 19:09:28 1 100 12 161 199 0 795 23 0 1 0 0 24499 100 0 0
SEP
CPU laptop 1745510969 2025/04/24 19:09:29 1 100 12 146 274 1 743 16 0 1 0 0 17269 100 0 0
SEP
CPU laptop 1745510970 2025/04/24 19:09:30 1 100 12 162 200 2 792 25 0 1 0 0 41725 100 0 0
SEP
CPU laptop 1745510971 2025/04/24 19:09:31 1 100 12 157 187 1 812 20 0 1 0 0 21149 100 0 0
SEP
CPU laptop 1745510972 2025/04/24 19:09:32 1 100 12 145 267 0 749 19 0 1 0 0 23287 100 0 0
SEP
CPU laptop 1745510973 2025/04/24 19:09:33 1 100 12 165 197 1 784 29 0 2 0 0 23532 100 0 0
SEP
CPU laptop 1745510974 2025/04/24 19:09:34 1 100 12 150 182 1 826 19 0 0 0 0 21529 100 0 0
SEP
CPU laptop 1745510975 2025/04/24 19:09:35 1 100 12 154 255 2 743 23 0 2 0 0 21947 100 0 0
SEP
CPU laptop 1745510976 2025/04/24 19:09:36 1 100 12 167 179 1 801 30 0 2 0 0 28478 100 0 0
SEP
CPU laptop 1745510977 2025/04/24 19:09:37 1 100 12 165 217 1 777 21 0 1 0 0 47818 100 0 0
SEP
CPU laptop 1745510978 2025/04/24 19:09:38 1 100 12 145 269 0 736 23 0 0 0 0 16758 100 0 0
SEP
CPU laptop 1745510979 2025/04/24 19:09:39 1 100 12 162 238 2 753 26 0 1 0 0 27893 100 0 0
SEP
CPU laptop 1745510980 2025/04/24 19:09:40 1 100 12 158 197 1 797 22 0 2 0 0 21192 100 0 0
SEP
CPU laptop 1745510981 2025/04/24 19:09:41 1 100 12 146 291 1 726 17 0 1 0 0 16764 100 0 0
SEP
CPU laptop 1745510982 2025/04/24 19:09:42 1 100 12 158 194 1 807 25 0 3 0 0 23066 100 0 0
SEP
CPU laptop 1745510983 2025/04/24 19:09:43 1 100 12 164 195 0 798 21 0 1 0 0 23496 100 0 0
SEP
CPU laptop 1745510984 2025/04/24 19:09:44 1 100 12 144 317 1 707 15 0 1 0 0 41450 100 0 0
SEP
CPU laptop 1745510985 2025/04/24 19:09:45 1 100 12 156 189 2 803 28 0 2 0 0 23571 100 0 0
SEP
CPU laptop 1745510986 2025/04/24 19:09:46 1 100 12 162 232 1 762 22 0 0 0 0 17734 100 0 0
SEP
CPU laptop 1745510987 2025/04/24 19:09:47 1 100 12 151 257 0 758 20 0 1 0 0 47904 100 0 0
SEP
CPU laptop 1745510988 2025/04/24 19:09:48 1 100 12 152 213 1 785 25 0 3 0 0 21001 100 0 0
SEP
CPU laptop 1745510989 2025/04/24 19:09:49 1 100 12 161 190 1 796 26 0 0 0 0 22180 100 0 0
SEP
CPU laptop 1745510990 2025/04/24 19:09:50 1 100 12 166 250 1 753 18 0 1 0 0 47904 100 0 0
SEP
CPU laptop 1745510991 2025/04/24 19:09:51 1 100 12 153 218 1 781 25 0 1 0 0 16613 100 0 0
SEP
CPU laptop 1745510992 2025/04/24 19:09:52 1 100 12 173 195 1 782 28 0 1 0 0 39107 100 0 0
SEP
CPU laptop 1745510993 2025/04/24 19:09:53 1 100 12 152 195 1 813 20 0 1 0 0 20420 100 0 0
SEP
CPU laptop 1745510994 2025/04/24 19:09:54 1 100 12 151 275 1 738 17 0 1 0 0 16756 100 0 0
SEP
CPU laptop 1745510995 2025/04/24 19:09:55 1 100 12 165 208 2 778 25 0 2 0 0 24238 100 0 0
SEP
CPU laptop 1745510996 2025/04/24 19:09:56 1 100 12 149 183 1 829 17 0 1 0 0 19386 100 0 0
SEP
CPU laptop 1745510997 2025/04/24 19:09:57 1 100 12 153 259 1 749 20 0 1 0 0 22982 100 0 0
SEP
CPU laptop 1745510998 2025/04/24 19:09:58 1 100 12 157 192 1 798 29 0 1 0 0 19757 100 0 0
SEP
CPU laptop 1745510999 2025/04/24 19:09:59 1 100 12 157 186 2 816 19 0 1 0 0 24174 100 0 0
SEP
CPU laptop 1745511000 2025/04/24 19:10:00 1 100 12 149 271 0 740 17 0 2 0 0 16752 100 0 0
SEP
CPU laptop 1745511001 2025/04/24 19:10:01 1 100 12 165 194 1 794 25 0 2 0 0 38940 100 0 0
SEP
CPU laptop 1745511002 2025/04/24 19:10:02 1 100 12 149 193 1 819 20 0 1 0 0 25131 100 0 0
SEP
CPU laptop 1745511003 2025/04/24 19:10:03 1 100 12 152 270 1 736 19 0 0 0 0 20730 100 0 0
SEP
CPU laptop 1745511004 2025/04/24 19:10:04 1 100 12 162 205 2 781 29 0 1 0 0 29186 100 0 0
SEP
CPU laptop 1745511005 2025/04/24 19:10:05 1 100 12 151 186 0 823 23 0 1 0 0 24010 100 0 0
SEP
CPU laptop 1745511006 2025/04/24 19:10:06 1 100 12 144 268 1 745 19 0 1 0 0 28440 100 0 0
SEP
CPU laptop 1745511007 2025/04/24 19:10:07 1 100 12 165 225 1 761 26 0 2 0 0 32334 100 0 0
SEP
CPU laptop 1745511008 2025/04/24 19:10:08 1 100 12 166 196 1 798 20 0 0 0 0 25797 100 0 0
SEP
CPU laptop 1745511009 2025/04/24 19:10:09 1 100 12 154 303 1 708 17 0 1 0 0 28154 100 0 0
SEP
CPU laptop 1745511010 2025/04/24 19:10:10 1 100 12 158 195 1 802 23 0 1 0 0 25647 100 0 0
SEP
CPU laptop 1745511011 2025/04/24 19:10:11 1 100 12 169 193 2 794 20 0 1 0 0 34969 100 0 0
SEP
CPU laptop 1745511012 2025/04/24 19:10:12 1 100 12 145 305 0 713 19 0 1 0 0 47818 100 0 0
SEP
CPU laptop 1745511013 2025/04/24 19:10:13 1 100 12 172 206 2 773 24 0 2 0 0 27824 100 0 0
SEP
CPU laptop 1745511014 2025/04/24 19:10:14 1 100 12 161 226 1 764 23 0 2 0 0 25511 100 0 0
SEP
CPU laptop 1745511015 2025/04/24 19:10:15 1 100 12 155 211 1 799 18 0 1 0 0 47091 100 0 0
SEP
CPU laptop 1745511016 2025/04/24 19:10:16 1 100 12 153 297 1 709 19 0 0 0 0 23220 100 0 0
SEP
CPU laptop 1745511017 2025/04/24 19:10:17 1 100 12 178 194 1 774 30 0 2 0 0 26354 100 0 0
SEP
CPU laptop 1745511018 2025/04/24 19:10:18 1 100 12 150 187 1 824 18 0 1 0 0 21862 100 0 0
SEP
CPU laptop 1745511019 2025/04/24 19:10:19 1 100 12 156 283 1 723 20 0 1 0 0 16761 100 0 0
SEP
CPU laptop 1745511020 2025/04/24 19:10:20 1 100 12 166 196 1 783 29 0 3 0 0 17997 100 0 0
SEP
CPU laptop 1745511021 2025/04/24 19:10:21 1 100 12 151 188 1 816 20 0 1 0 0 22710 100 0 0
SEP
CPU laptop 1745511022 2025/04/24 19:10:22 1 100 12 148 278 1 736 17 0 0 0 0 23456 100 0 0
SEP
CPU laptop 1745511023 2025/04/24 19:10:23 1 100 12 174 205 1 776 26 0 2 0 0 24328 100 0 0
SEP
CPU laptop 1745511024 2025/04/24 19:10:24 1 100 12 149 183 1 827 20 0 0 0 0 22713 100 0 0
SEP
CPU laptop 1745511025 2025/04/24 19:10:25 1 100 12 164 283 1 717 15 0 2 0 0 42768 100 0 0
SEP
CPU laptop 1745511026 2025/04/24 19:10:26 1 100 12 162 190 1 798 26 0 1 0 0 26140 100 0 0
SEP
CPU laptop 1745511027 2025/04/24 19:10:27 1 100 12 159 196 1 795 25 0 0 0 0 29898 100 0 0
SEP
CPU laptop 1745511028 2025/04/24 19:10:28 1 100 12 152 270 1 744 17 0 1 0 0 43546 100 0 0
SEP
CPU laptop 1745511029 2025/04/24 19:10:29 1 100 12 148 206 1 791 27 0 2 0 0 20472 100 0 0
SEP
CPU laptop 1745511030 2025/04/24 19:10:30 1 100 12 163 185 1 802 24 0 1 0 0 27696 100 0 0
SEP
CPU laptop 1745511031 2025/04/24 19:10:31 1 100 12 146 243 0 775 18 0 2 0 0 47814 100 0 0
SEP
CPU laptop 1745511032 2025/04/24 19:10:32 1 100 12 150 228 1 776 24 0 2 0 0 24583 100 0 0
SEP
CPU laptop 1745511033 2025/04/24 19:10:33 1 100 12 168 199 1 787 22 0 1 0 0 25226 100 0 0
SEP
CPU laptop 1745511034 2025/04/24 19:10:34 1 100 12 105 201 0 880 6 0 0 0 0 17493 100 0 0
SEP
CPU laptop 1745511035 2025/04/24 19:10:35 1 100 12 74 38 0 1085 0 0 0 0 0 17497 100 0 0
SEP
CPU laptop 1745511036 2025/04/24 19:10:36 1 100 12 75 32 0 1090 1 0 0 0 0 16877 100 0 0
SEP
CPU laptop 1745511037 2025/04/24 19:10:37 1 100 12 90 40 0 1066 3 0 0 0 0 17488 100 0 0
SEP
CPU laptop 1745511038 2025/04/24 19:10:38 1 100 12 72 36 0 1089 0 0 0 0 0 17494 100 0 0
SEP
CPU laptop 1745511039 2025/04/24 19:10:39 1 100 12 77 40 0 1079 1 0 1 0 0 17494 100 0 0
SEP
CPU laptop 1745511040 2025/04/24 19:10:40 1 100 12 77 33 0 1087 0 0 0 0 0 17891 100 0 0
SEP
CPU laptop 1745511041 2025/04/24 19:10:41 1 100 12 73 32 0 1093 0 0 0 0 0 17191 100 0 0
SEP
CPU laptop 1745511042 2025/04/24 19:10:42 1 100 12 70 34 0 1093 2 0 0 0 0 16797 100 0 0
SEP
CPU laptop 1745511043 2025/04/24 19:10:43 1 100 12 75 31 0 1093 0 0 0 0 0 18057 100 0 0
SEP
