549 
611 
510 
625 
528 
567 
536 
580 
535 
625 
555 
532 
581 
537 
561 
554 
613 
561 
604 
598 
565 
488 
586 
527 
589 
513 
583 
586 
557 
621 
519 
503 
563 
542 
587 
634 
586 
578 
512 
621 
534 
596 
545 
582 
552 
531 
528 
599 
622 
582 
542 
644 
564 
556 
590 
603 
540 
545 
562 
599 
542 
578 
599 
562 
550 
496 
626 
598 
624 
500 
483 
522 
616 
601 
590 
566 
524 
503 
518 
536 
512 
488 
500 
548 
499 
532 
499 
463 
500 
556 
487 
536 
486 
529 
499 
521 
513 
519 
511 
515 
