              total        used        free      shared  buff/cache   available
Mem:          33447        3797        1329         159       28321       28993
Swap:          2147         438        1708
Total:        35595        4235        3038

              total        used        free      shared  buff/cache   available
Mem:          33447        3801        1331         153       28314       28995
Swap:          2147         438        1708
Total:        35595        4240        3039

              total        used        free      shared  buff/cache   available
Mem:          33447        3803        1329         153       28314       28993
Swap:          2147         438        1708
Total:        35595        4242        3038

              total        used        free      shared  buff/cache   available
Mem:          33447        3802        1329         153       28314       28994
Swap:          2147         438        1708
Total:        35595        4241        3038

              total        used        free      shared  buff/cache   available
Mem:          33447        3814        1315         157       28318       28979
Swap:          2147         438        1708
Total:        35595        4252        3024

              total        used        free      shared  buff/cache   available
Mem:          33447        3850        1279         155       28317       28944
Swap:          2147         438        1708
Total:        35595        4288        2988

              total        used        free      shared  buff/cache   available
Mem:          33447        3848        1278         159       28320       28942
Swap:          2147         438        1708
Total:        35595        4287        2987

              total        used        free      shared  buff/cache   available
Mem:          33447        3851        1275         159       28320       28940
Swap:          2147         438        1708
Total:        35595        4290        2984

              total        used        free      shared  buff/cache   available
Mem:          33447        3943        1183         159       28320       28848
Swap:          2147         438        1708
Total:        35595        4381        2892

              total        used        free      shared  buff/cache   available
Mem:          33447        3951        1175         159       28320       28839
Swap:          2147         438        1708
Total:        35595        4390        2884

              total        used        free      shared  buff/cache   available
Mem:          33447        3952        1174         159       28320       28838
Swap:          2147         438        1708
Total:        35595        4391        2883

              total        used        free      shared  buff/cache   available
Mem:          33447        4053        1073         159       28321       28738
Swap:          2147         438        1708
Total:        35595        4491        2781

              total        used        free      shared  buff/cache   available
Mem:          33447        4044        1081         159       28321       28746
Swap:          2147         438        1708
Total:        35595        4483        2790

              total        used        free      shared  buff/cache   available
Mem:          33447        4067        1058         159       28321       28724
Swap:          2147         438        1708
Total:        35595        4505        2767

              total        used        free      shared  buff/cache   available
Mem:          33447        4047        1077         159       28321       28743
Swap:          2147         438        1708
Total:        35595        4486        2786

              total        used        free      shared  buff/cache   available
Mem:          33447        4044        1080         159       28322       28746
Swap:          2147         438        1708
Total:        35595        4483        2789

              total        used        free      shared  buff/cache   available
Mem:          33447        4056        1068         159       28322       28735
Swap:          2147         438        1708
Total:        35595        4494        2777

              total        used        free      shared  buff/cache   available
Mem:          33447        4059        1065         159       28322       28731
Swap:          2147         438        1708
Total:        35595        4498        2774

              total        used        free      shared  buff/cache   available
Mem:          33447        4044        1079         159       28323       28746
Swap:          2147         438        1708
Total:        35595        4483        2788

              total        used        free      shared  buff/cache   available
Mem:          33447        4053        1070         159       28323       28738
Swap:          2147         438        1708
Total:        35595        4491        2779

              total        used        free      shared  buff/cache   available
Mem:          33447        4071        1052         159       28324       28720
Swap:          2147         438        1708
Total:        35595        4509        2760

              total        used        free      shared  buff/cache   available
Mem:          33447        4063        1060         159       28324       28728
Swap:          2147         438        1708
Total:        35595        4501        2768

              total        used        free      shared  buff/cache   available
Mem:          33447        4048        1075         159       28324       28743
Swap:          2147         438        1708
Total:        35595        4486        2784

              total        used        free      shared  buff/cache   available
Mem:          33447        4052        1070         159       28324       28738
Swap:          2147         438        1708
Total:        35595        4491        2779

              total        used        free      shared  buff/cache   available
Mem:          33447        4034        1088         159       28325       28757
Swap:          2147         438        1708
Total:        35595        4472        2797

              total        used        free      shared  buff/cache   available
Mem:          33447        4052        1069         159       28325       28738
Swap:          2147         438        1708
Total:        35595        4491        2778

              total        used        free      shared  buff/cache   available
Mem:          33447        4060        1061         159       28326       28731
Swap:          2147         438        1708
Total:        35595        4498        2770

              total        used        free      shared  buff/cache   available
Mem:          33447        4037        1080         162       28329       28751
Swap:          2147         438        1708
Total:        35595        4475        2789

              total        used        free      shared  buff/cache   available
Mem:          33447        4041        1076         162       28330       28746
Swap:          2147         438        1708
Total:        35595        4479        2785

              total        used        free      shared  buff/cache   available
Mem:          33447        4036        1080         162       28330       28751
Swap:          2147         438        1708
Total:        35595        4475        2789

              total        used        free      shared  buff/cache   available
Mem:          33447        4043        1074         162       28330       28744
Swap:          2147         438        1708
Total:        35595        4481        2782

              total        used        free      shared  buff/cache   available
Mem:          33447        4019        1100         159       28327       28771
Swap:          2147         438        1708
Total:        35595        4458        2809

              total        used        free      shared  buff/cache   available
Mem:          33447        4047        1073         157       28325       28745
Swap:          2147         438        1708
Total:        35595        4486        2782

              total        used        free      shared  buff/cache   available
Mem:          33447        4065        1053         159       28328       28725
Swap:          2147         438        1708
Total:        35595        4503        2762

              total        used        free      shared  buff/cache   available
Mem:          33447        4056        1062         159       28328       28734
Swap:          2147         438        1708
Total:        35595        4494        2771

              total        used        free      shared  buff/cache   available
Mem:          33447        4006        1111         159       28329       28784
Swap:          2147         438        1708
Total:        35595        4444        2820

              total        used        free      shared  buff/cache   available
Mem:          33447        4022        1094         159       28330       28768
Swap:          2147         438        1708
Total:        35595        4460        2803

              total        used        free      shared  buff/cache   available
Mem:          33447        4020        1095         159       28330       28770
Swap:          2147         438        1708
Total:        35595        4459        2804

              total        used        free      shared  buff/cache   available
Mem:          33447        4040        1076         159       28330       28750
Swap:          2147         438        1708
Total:        35595        4479        2785

              total        used        free      shared  buff/cache   available
Mem:          33447        4020        1096         159       28330       28771
Swap:          2147         438        1708
Total:        35595        4458        2805

              total        used        free      shared  buff/cache   available
Mem:          33447        4023        1092         159       28331       28767
Swap:          2147         438        1708
Total:        35595        4462        2801

              total        used        free      shared  buff/cache   available
Mem:          33447        4038        1078         159       28331       28752
Swap:          2147         438        1708
Total:        35595        4476        2787

              total        used        free      shared  buff/cache   available
Mem:          33447        4044        1071         159       28331       28747
Swap:          2147         438        1708
Total:        35595        4482        2780

              total        used        free      shared  buff/cache   available
Mem:          33447        4014        1102         159       28331       28776
Swap:          2147         438        1708
Total:        35595        4452        2811

              total        used        free      shared  buff/cache   available
Mem:          33447        4016        1099         159       28331       28774
Swap:          2147         438        1708
Total:        35595        4454        2808

              total        used        free      shared  buff/cache   available
Mem:          33447        4037        1077         159       28332       28753
Swap:          2147         438        1708
Total:        35595        4476        2786

              total        used        free      shared  buff/cache   available
Mem:          33447        4032        1082         159       28332       28758
Swap:          2147         438        1708
Total:        35595        4470        2791

              total        used        free      shared  buff/cache   available
Mem:          33447        4023        1091         159       28332       28767
Swap:          2147         438        1708
Total:        35595        4461        2800

              total        used        free      shared  buff/cache   available
Mem:          33447        4014        1099         159       28333       28776
Swap:          2147         438        1708
Total:        35595        4452        2808

              total        used        free      shared  buff/cache   available
Mem:          33447        4032        1081         159       28333       28758
Swap:          2147         438        1708
Total:        35595        4470        2790

              total        used        free      shared  buff/cache   available
Mem:          33447        4019        1093         159       28334       28771
Swap:          2147         438        1708
Total:        35595        4458        2802

              total        used        free      shared  buff/cache   available
Mem:          33447        4029        1083         159       28334       28761
Swap:          2147         438        1708
Total:        35595        4468        2792

              total        used        free      shared  buff/cache   available
Mem:          33447        4005        1106         159       28335       28785
Swap:          2147         438        1708
Total:        35595        4444        2815

              total        used        free      shared  buff/cache   available
Mem:          33447        4013        1098         159       28335       28777
Swap:          2147         438        1708
Total:        35595        4451        2807

              total        used        free      shared  buff/cache   available
Mem:          33447        4027        1083         159       28336       28763
Swap:          2147         438        1708
Total:        35595        4466        2792

              total        used        free      shared  buff/cache   available
Mem:          33447        4026        1085         159       28335       28764
Swap:          2147         438        1708
Total:        35595        4465        2793

              total        used        free      shared  buff/cache   available
Mem:          33447        4031        1079         159       28335       28759
Swap:          2147         438        1708
Total:        35595        4470        2788

              total        used        free      shared  buff/cache   available
Mem:          33447        4014        1096         159       28336       28776
Swap:          2147         438        1708
Total:        35595        4453        2805

              total        used        free      shared  buff/cache   available
Mem:          33447        4030        1077         162       28340       28757
Swap:          2147         438        1708
Total:        35595        4468        2785

              total        used        free      shared  buff/cache   available
Mem:          33447        4022        1084         162       28339       28764
Swap:          2147         438        1708
Total:        35595        4461        2793

              total        used        free      shared  buff/cache   available
Mem:          33447        4032        1074         162       28340       28755
Swap:          2147         438        1708
Total:        35595        4471        2783

              total        used        free      shared  buff/cache   available
Mem:          33447        4033        1076         159       28337       28756
Swap:          2147         438        1708
Total:        35595        4472        2785

              total        used        free      shared  buff/cache   available
Mem:          33447        3929        1182         157       28335       28863
Swap:          2147         438        1708
Total:        35595        4367        2891

              total        used        free      shared  buff/cache   available
Mem:          33447        3935        1179         154       28332       28860
Swap:          2147         438        1708
Total:        35595        4374        2888

              total        used        free      shared  buff/cache   available
Mem:          33447        3974        1138         156       28334       28820
Swap:          2147         438        1708
Total:        35595        4412        2847

              total        used        free      shared  buff/cache   available
Mem:          33447        3954        1156         156       28336       28839
Swap:          2147         438        1708
Total:        35595        4393        2865

              total        used        free      shared  buff/cache   available
Mem:          33447        3952        1156         159       28338       28838
Swap:          2147         438        1708
Total:        35595        4390        2865

              total        used        free      shared  buff/cache   available
Mem:          33447        3957        1150         159       28338       28833
Swap:          2147         438        1708
Total:        35595        4396        2859

              total        used        free      shared  buff/cache   available
Mem:          33447        4045        1062         159       28338       28744
Swap:          2147         438        1708
Total:        35595        4484        2771

              total        used        free      shared  buff/cache   available
Mem:          33447        4042        1066         159       28338       28748
Swap:          2147         438        1708
Total:        35595        4480        2775

              total        used        free      shared  buff/cache   available
Mem:          33447        3976        1132         159       28338       28814
Swap:          2147         438        1708
Total:        35595        4414        2841

              total        used        free      shared  buff/cache   available
Mem:          33447        4024        1084         159       28338       28765
Swap:          2147         438        1708
Total:        35595        4462        2793

              total        used        free      shared  buff/cache   available
Mem:          33447        3936        1172         159       28338       28854
Swap:          2147         438        1708
Total:        35595        4374        2881

              total        used        free      shared  buff/cache   available
Mem:          33447        3936        1172         159       28339       28854
Swap:          2147         438        1708
Total:        35595        4374        2881

              total        used        free      shared  buff/cache   available
Mem:          33447        3932        1175         159       28339       28858
Swap:          2147         438        1708
Total:        35595        4371        2884

              total        used        free      shared  buff/cache   available
Mem:          33447        3932        1175         159       28339       28858
Swap:          2147         438        1708
Total:        35595        4371        2884
