RESET
CPU yadrolab-wp11 1745514005 2025/04/24 20:00:05 2100628 100 24 14827938 20839650 1156671 5000414117 155189 0 15856 0 0 78481 100 0 0
SEP
CPU yadrolab-wp11 1745514006 2025/04/24 20:00:06 1 100 24 15 7 3 2377 0 0 0 0 0 74400 100 0 0
SEP
CPU yadrolab-wp11 1745514007 2025/04/24 20:00:07 1 100 24 14 5 0 2373 0 0 0 0 0 76067 100 0 0
SEP
CPU yadrolab-wp11 1745514008 2025/04/24 20:00:08 1 100 24 16 9 1 2372 0 0 0 0 0 76178 100 0 0
SEP
CPU yadrolab-wp11 1745514009 2025/04/24 20:00:09 1 100 24 15 8 1 2369 0 0 0 0 0 74038 100 0 0
SEP
CPU yadrolab-wp11 1745514010 2025/04/24 20:00:10 1 100 24 15 7 2 2374 1 0 0 0 0 76538 100 0 0
SEP
CPU yadrolab-wp11 1745514011 2025/04/24 20:00:11 1 100 24 12 8 1 2375 0 0 0 0 0 77109 100 0 0
SEP
CPU yadrolab-wp11 1745514012 2025/04/24 20:00:12 1 100 24 11 8 0 2379 0 0 0 0 0 75758 100 0 0
SEP
CPU yadrolab-wp11 1745514013 2025/04/24 20:00:13 1 100 24 15 8 1 2372 0 0 0 0 0 77625 100 0 0
SEP
CPU yadrolab-wp11 1745514014 2025/04/24 20:00:14 1 100 24 15 5 2 2375 0 0 0 0 0 77482 100 0 0
SEP
CPU yadrolab-wp11 1745514015 2025/04/24 20:00:15 1 100 24 16 5 0 2374 0 0 0 0 0 72953 100 0 0
SEP
CPU yadrolab-wp11 1745514016 2025/04/24 20:00:16 1 100 24 90 323 1 1948 2 0 0 0 0 85055 100 0 0
SEP
CPU yadrolab-wp11 1745514017 2025/04/24 20:00:17 1 100 24 56 499 2 1830 2 0 0 0 0 78596 100 0 0
SEP
CPU yadrolab-wp11 1745514018 2025/04/24 20:00:18 1 100 24 80 316 1 1991 2 0 0 0 0 78490 100 0 0
SEP
CPU yadrolab-wp11 1745514019 2025/04/24 20:00:19 1 100 24 79 349 5 1935 5 0 0 0 0 75266 100 0 0
SEP
CPU yadrolab-wp11 1745514020 2025/04/24 20:00:20 1 100 24 65 473 2 1828 1 0 0 0 0 82062 100 0 0
SEP
CPU yadrolab-wp11 1745514021 2025/04/24 20:00:21 1 100 24 65 324 2 1996 2 0 0 0 0 79769 100 0 0
SEP
CPU yadrolab-wp11 1745514022 2025/04/24 20:00:22 1 100 24 67 311 4 2001 2 0 0 0 0 78487 100 0 0
SEP
CPU yadrolab-wp11 1745514023 2025/04/24 20:00:23 1 100 24 77 323 3 1986 3 0 0 0 0 76751 100 0 0
SEP
CPU yadrolab-wp11 1745514024 2025/04/24 20:00:24 1 100 24 51 481 3 1852 2 0 0 0 0 80477 100 0 0
SEP
CPU yadrolab-wp11 1745514025 2025/04/24 20:00:25 1 100 24 68 320 4 1992 1 0 0 0 0 78412 100 0 0
SEP
CPU yadrolab-wp11 1745514026 2025/04/24 20:00:26 1 100 24 87 323 3 1966 3 0 0 0 0 74205 100 0 0
SEP
CPU yadrolab-wp11 1745514027 2025/04/24 20:00:27 1 100 24 69 319 4 1986 3 0 0 0 0 77676 100 0 0
SEP
CPU yadrolab-wp11 1745514028 2025/04/24 20:00:28 1 100 24 57 507 1 1830 2 0 0 0 0 79040 100 0 0
SEP
CPU yadrolab-wp11 1745514029 2025/04/24 20:00:29 1 100 24 66 312 4 2014 2 0 0 0 0 83622 100 0 0
SEP
CPU yadrolab-wp11 1745514030 2025/04/24 20:00:30 1 100 24 97 352 10 1913 3 0 0 0 0 74400 100 0 0
SEP
CPU yadrolab-wp11 1745514031 2025/04/24 20:00:31 1 100 24 76 502 21 1799 2 0 0 0 0 80578 100 0 0
SEP
CPU yadrolab-wp11 1745514032 2025/04/24 20:00:32 1 100 24 61 292 4 2030 1 0 0 0 0 77428 100 0 0
SEP
CPU yadrolab-wp11 1745514033 2025/04/24 20:00:33 1 100 24 80 334 3 1959 3 0 0 0 0 75898 100 0 0
SEP
CPU yadrolab-wp11 1745514034 2025/04/24 20:00:34 1 100 24 49 448 58 1817 2 0 0 0 0 83488 100 0 0
SEP
CPU yadrolab-wp11 1745514035 2025/04/24 20:00:35 1 100 24 60 310 29 1986 2 0 0 0 0 82070 100 0 0
SEP
CPU yadrolab-wp11 1745514036 2025/04/24 20:00:36 1 100 24 77 303 10 1973 2 0 0 0 0 71703 100 0 0
SEP
CPU yadrolab-wp11 1745514037 2025/04/24 20:00:37 1 100 24 71 377 46 1891 4 0 0 0 0 106176 100 0 0
SEP
CPU yadrolab-wp11 1745514038 2025/04/24 20:00:38 1 100 24 43 426 1 1903 2 0 0 0 0 79293 100 0 0
SEP
CPU yadrolab-wp11 1745514039 2025/04/24 20:00:39 1 100 24 57 298 1 2037 2 0 0 0 0 83279 100 0 0
SEP
CPU yadrolab-wp11 1745514040 2025/04/24 20:00:40 1 100 24 106 341 4 1901 3 0 0 0 0 74865 100 0 0
SEP
CPU yadrolab-wp11 1745514041 2025/04/24 20:00:41 1 100 24 64 461 4 1859 3 0 0 0 0 107911 100 0 0
SEP
CPU yadrolab-wp11 1745514042 2025/04/24 20:00:42 1 100 24 48 360 2 1964 1 0 0 0 0 78714 100 0 0
SEP
CPU yadrolab-wp11 1745514043 2025/04/24 20:00:43 1 100 24 78 321 4 1986 4 0 1 0 0 74840 100 0 0
SEP
CPU yadrolab-wp11 1745514044 2025/04/24 20:00:44 1 100 24 74 332 4 1969 3 0 0 0 0 76937 100 0 0
SEP
CPU yadrolab-wp11 1745514045 2025/04/24 20:00:45 1 100 24 61 497 2 1834 2 0 0 0 0 80495 100 0 0
SEP
CPU yadrolab-wp11 1745514046 2025/04/24 20:00:46 1 100 24 51 299 3 2034 2 0 1 0 0 78502 100 0 0
SEP
CPU yadrolab-wp11 1745514047 2025/04/24 20:00:47 1 100 24 88 318 4 1970 2 0 0 0 0 74767 100 0 0
SEP
CPU yadrolab-wp11 1745514048 2025/04/24 20:00:48 1 100 24 66 334 5 1989 2 0 0 0 0 77607 100 0 0
SEP
CPU yadrolab-wp11 1745514049 2025/04/24 20:00:49 1 100 24 54 504 2 1841 2 0 0 0 0 78829 100 0 0
SEP
CPU yadrolab-wp11 1745514050 2025/04/24 20:00:50 1 100 24 61 292 2 2026 2 0 0 0 0 79889 100 0 0
SEP
CPU yadrolab-wp11 1745514051 2025/04/24 20:00:51 1 100 24 113 334 3 1930 3 0 0 0 0 76408 100 0 0
SEP
CPU yadrolab-wp11 1745514052 2025/04/24 20:00:52 1 100 24 60 486 2 1842 1 0 0 0 0 80196 100 0 0
SEP
CPU yadrolab-wp11 1745514053 2025/04/24 20:00:53 1 100 24 57 327 1 2000 2 0 0 0 0 78386 100 0 0
SEP
CPU yadrolab-wp11 1745514054 2025/04/24 20:00:54 1 100 24 53 298 2 2023 4 0 0 0 0 86423 100 0 0
SEP
CPU yadrolab-wp11 1745514055 2025/04/24 20:00:55 1 100 24 79 358 4 1955 3 0 0 0 0 73632 100 0 0
SEP
CPU yadrolab-wp11 1745514056 2025/04/24 20:00:56 1 100 24 47 482 1 1844 3 0 0 0 0 79053 100 0 0
SEP
CPU yadrolab-wp11 1745514057 2025/04/24 20:00:57 1 100 24 52 304 2 2025 2 0 0 0 0 77263 100 0 0
SEP
CPU yadrolab-wp11 1745514058 2025/04/24 20:00:58 1 100 24 92 346 4 1944 3 0 1 0 0 74208 100 0 0
SEP
CPU yadrolab-wp11 1745514059 2025/04/24 20:00:59 1 100 24 63 434 3 1875 2 0 0 0 0 107885 100 0 0
SEP
CPU yadrolab-wp11 1745514060 2025/04/24 20:01:00 1 100 24 62 402 6 1920 1 0 0 0 0 79344 100 0 0
SEP
CPU yadrolab-wp11 1745514061 2025/04/24 20:01:01 1 100 24 46 279 7 2048 2 0 0 0 0 77915 100 0 0
SEP
CPU yadrolab-wp11 1745514062 2025/04/24 20:01:02 1 100 24 83 357 7 1919 3 0 0 0 0 76572 100 0 0
SEP
CPU yadrolab-wp11 1745514063 2025/04/24 20:01:03 1 100 24 65 432 1 1881 2 0 0 0 0 107760 100 0 0
SEP
CPU yadrolab-wp11 1745514064 2025/04/24 20:01:04 1 100 24 64 361 3 1964 1 0 0 0 0 79049 100 0 0
SEP
CPU yadrolab-wp11 1745514065 2025/04/24 20:01:05 1 100 24 69 309 3 2010 2 0 0 0 0 77216 100 0 0
SEP
CPU yadrolab-wp11 1745514066 2025/04/24 20:01:06 1 100 24 88 339 3 1946 3 0 1 0 0 76590 100 0 0
SEP
CPU yadrolab-wp11 1745514067 2025/04/24 20:01:07 1 100 24 61 513 4 1806 2 0 0 0 0 79971 100 0 0
SEP
CPU yadrolab-wp11 1745514068 2025/04/24 20:01:08 1 100 24 70 320 2 1987 2 0 0 0 0 80525 100 0 0
SEP
CPU yadrolab-wp11 1745514069 2025/04/24 20:01:09 1 100 24 66 304 2 2008 2 0 0 0 0 78352 100 0 0
SEP
CPU yadrolab-wp11 1745514070 2025/04/24 20:01:10 1 100 24 104 350 6 1922 4 0 0 0 0 75109 100 0 0
SEP
CPU yadrolab-wp11 1745514071 2025/04/24 20:01:11 1 100 24 68 476 2 1838 1 0 0 0 0 79867 100 0 0
SEP
CPU yadrolab-wp11 1745514072 2025/04/24 20:01:12 1 100 24 60 326 3 1983 2 0 0 0 0 78780 100 0 0
SEP
CPU yadrolab-wp11 1745514073 2025/04/24 20:01:13 1 100 24 72 341 4 1959 2 0 0 0 0 74399 100 0 0
SEP
CPU yadrolab-wp11 1745514074 2025/04/24 20:01:14 1 100 24 96 362 3 1930 3 0 1 0 0 107859 100 0 0
SEP
CPU yadrolab-wp11 1745514075 2025/04/24 20:01:15 1 100 24 62 496 2 1827 1 0 0 0 0 78433 100 0 0
SEP
CPU yadrolab-wp11 1745514076 2025/04/24 20:01:16 1 100 24 73 306 3 1995 2 0 0 0 0 76813 100 0 0
SEP
CPU yadrolab-wp11 1745514077 2025/04/24 20:01:17 1 100 24 99 357 2 1931 3 0 0 0 0 74400 100 0 0
SEP
CPU yadrolab-wp11 1745514078 2025/04/24 20:01:18 1 100 24 67 476 5 1847 2 0 0 0 0 80240 100 0 0
SEP
CPU yadrolab-wp11 1745514079 2025/04/24 20:01:19 1 100 24 47 321 1 2011 2 0 0 0 0 79701 100 0 0
SEP
CPU yadrolab-wp11 1745514080 2025/04/24 20:01:20 1 100 24 66 315 3 2002 2 0 0 0 0 82181 100 0 0
SEP
CPU yadrolab-wp11 1745514081 2025/04/24 20:01:21 1 100 24 113 385 4 1878 12 0 1 0 0 75363 100 0 0
SEP
CPU yadrolab-wp11 1745514082 2025/04/24 20:01:22 1 100 24 66 320 2 1993 9 0 0 0 0 76684 100 0 0
SEP
CPU yadrolab-wp11 1745514083 2025/04/24 20:01:23 1 100 24 79 457 2 1862 12 0 0 0 0 107924 100 0 0
SEP
CPU yadrolab-wp11 1745514084 2025/04/24 20:01:24 1 100 24 55 362 1 1956 10 0 0 0 0 78461 100 0 0
SEP
CPU yadrolab-wp11 1745514085 2025/04/24 20:01:25 1 100 24 69 306 1 1994 9 0 0 0 0 79221 100 0 0
SEP
CPU yadrolab-wp11 1745514086 2025/04/24 20:01:26 1 100 24 87 313 6 1979 8 0 0 0 0 76750 100 0 0
SEP
CPU yadrolab-wp11 1745514087 2025/04/24 20:01:27 1 100 24 72 332 4 1948 18 0 0 0 0 77729 100 0 0
SEP
CPU yadrolab-wp11 1745514088 2025/04/24 20:01:28 1 100 24 87 340 7 1937 11 0 0 0 0 77078 100 0 0
SEP
CPU yadrolab-wp11 1745514089 2025/04/24 20:01:29 1 100 24 72 430 3 1879 10 0 0 0 0 107812 100 0 0
SEP
CPU yadrolab-wp11 1745514090 2025/04/24 20:01:30 1 100 24 66 392 2 1915 13 0 0 0 0 78360 100 0 0
SEP
CPU yadrolab-wp11 1745514091 2025/04/24 20:01:31 1 100 24 67 307 4 2018 8 0 0 0 0 78987 100 0 0
SEP
CPU yadrolab-wp11 1745514092 2025/04/24 20:01:32 1 100 24 58 296 4 2006 16 0 0 0 0 78516 100 0 0
SEP
CPU yadrolab-wp11 1745514093 2025/04/24 20:01:33 1 100 24 93 341 4 1935 8 0 0 0 0 73146 100 0 0
SEP
CPU yadrolab-wp11 1745514094 2025/04/24 20:01:34 1 100 24 61 393 3 1929 2 0 1 0 0 107839 100 0 0
SEP
CPU yadrolab-wp11 1745514095 2025/04/24 20:01:35 1 100 24 33 163 2 2198 0 0 0 0 0 76669 100 0 0
SEP
CPU yadrolab-wp11 1745514096 2025/04/24 20:01:36 1 100 24 13 9 1 2372 0 0 0 0 0 74400 100 0 0
SEP
CPU yadrolab-wp11 1745514097 2025/04/24 20:01:37 1 100 24 16 7 6 2369 0 0 0 0 0 77270 100 0 0
SEP
CPU yadrolab-wp11 1745514098 2025/04/24 20:01:38 1 100 24 23 18 5 2345 1 0 0 0 0 76086 100 0 0
SEP
CPU yadrolab-wp11 1745514099 2025/04/24 20:01:39 1 100 24 13 9 1 2373 0 0 0 0 0 76043 100 0 0
SEP
CPU yadrolab-wp11 1745514100 2025/04/24 20:01:40 1 100 24 18 5 4 2371 0 0 0 0 0 77322 100 0 0
SEP
CPU yadrolab-wp11 1745514101 2025/04/24 20:01:41 1 100 24 15 9 2 2374 0 0 0 0 0 76147 100 0 0
SEP
CPU yadrolab-wp11 1745514102 2025/04/24 20:01:42 1 100 24 14 4 0 2376 0 0 0 0 0 75658 100 0 0
SEP
CPU yadrolab-wp11 1745514103 2025/04/24 20:01:43 1 100 24 16 6 2 2375 0 0 0 0 0 76464 100 0 0
SEP
CPU yadrolab-wp11 1745514104 2025/04/24 20:01:44 1 100 24 12 7 0 2375 0 0 0 0 0 74486 100 0 0
SEP
