1461 
1451 
1414 
1379 
1430 
1466 
1395 
1415 
1414 
1408 
1447 
1379 
1425 
1401 
1399 
1413 
1431 
1541 
1389 
1466 
1391 
1428 
1392 
1416 
1422 
1420 
1369 
1408 
1438 
1390 
1393 
1388 
1440 
1438 
1377 
1441 
1447 
1406 
1422 
1468 
1411 
1371 
1426 
1450 
1361 
1570 
1490 
1423 
1453 
1450 
1414 
1385 
1422 
1346 
1402 
1454 
1461 
1403 
1384 
1413 
1421 
1419 
1384 
1380 
1391 
1440 
1400 
1433 
1409 
1391 
1400 
1397 
1388 
1416 
1460 
1350 
1419 
1404 
1389 
1430 
1421 
1406 
1482 
1415 
1418 
1384 
1443 
1357 
1452 
1365 
1380 
1457 
1413 
1495 
1409 
1401 
1413 
1419 
1433 
1419 
