              total        used        free      shared  buff/cache   available
Mem:          33447        3821        1024         166       28601       28962
Swap:          2147         438        1708
Total:        35595        4260        2733

              total        used        free      shared  buff/cache   available
Mem:          33447        3825        1022         162       28598       28961
Swap:          2147         438        1708
Total:        35595        4264        2731

              total        used        free      shared  buff/cache   available
Mem:          33447        3827        1020         162       28598       28959
Swap:          2147         438        1708
Total:        35595        4266        2729

              total        used        free      shared  buff/cache   available
Mem:          33447        3828        1019         162       28598       28958
Swap:          2147         438        1708
Total:        35595        4267        2728

              total        used        free      shared  buff/cache   available
Mem:          33447        3829        1019         162       28598       28958
Swap:          2147         438        1708
Total:        35595        4267        2728

              total        used        free      shared  buff/cache   available
Mem:          33447        3829        1019         162       28598       28958
Swap:          2147         438        1708
Total:        35595        4267        2728

              total        used        free      shared  buff/cache   available
Mem:          33447        3826        1022         162       28598       28960
Swap:          2147         438        1708
Total:        35595        4265        2731

              total        used        free      shared  buff/cache   available
Mem:          33447        3826        1021         162       28598       28960
Swap:          2147         438        1708
Total:        35595        4265        2730

              total        used        free      shared  buff/cache   available
Mem:          33447        3826        1022         162       28598       28961
Swap:          2147         438        1708
Total:        35595        4264        2731

              total        used        free      shared  buff/cache   available
Mem:          33447        3826        1022         162       28598       28961
Swap:          2147         438        1708
Total:        35595        4264        2731

              total        used        free      shared  buff/cache   available
Mem:          33447        3827        1021         162       28598       28960
Swap:          2147         438        1708
Total:        35595        4265        2730

              total        used        free      shared  buff/cache   available
Mem:          33447        3935         914         160       28597       28854
Swap:          2147         438        1708
Total:        35595        4374        2623

              total        used        free      shared  buff/cache   available
Mem:          33447        3971         878         160       28597       28818
Swap:          2147         438        1708
Total:        35595        4409        2587

              total        used        free      shared  buff/cache   available
Mem:          33447        3933         913         160       28599       28856
Swap:          2147         438        1708
Total:        35595        4372        2622

              total        used        free      shared  buff/cache   available
Mem:          33447        3954         895         160       28596       28835
Swap:          2147         438        1708
Total:        35595        4393        2604

              total        used        free      shared  buff/cache   available
Mem:          33447        3964         885         160       28597       28826
Swap:          2147         438        1708
Total:        35595        4402        2594

              total        used        free      shared  buff/cache   available
Mem:          33447        4012         836         160       28598       28777
Swap:          2147         438        1708
Total:        35595        4451        2545

              total        used        free      shared  buff/cache   available
Mem:          33447        3945         901         160       28600       28844
Swap:          2147         438        1708
Total:        35595        4383        2610

              total        used        free      shared  buff/cache   available
Mem:          33447        3952         897         160       28598       28837
Swap:          2147         438        1708
Total:        35595        4390        2606

              total        used        free      shared  buff/cache   available
Mem:          33447        4000         849         160       28598       28789
Swap:          2147         438        1708
Total:        35595        4438        2558

              total        used        free      shared  buff/cache   available
Mem:          33447        3949         897         160       28600       28840
Swap:          2147         438        1708
Total:        35595        4387        2606

              total        used        free      shared  buff/cache   available
Mem:          33447        3942         906         160       28598       28848
Swap:          2147         438        1708
Total:        35595        4380        2615

              total        used        free      shared  buff/cache   available
Mem:          33447        3948         900         160       28598       28841
Swap:          2147         438        1708
Total:        35595        4387        2609

              total        used        free      shared  buff/cache   available
Mem:          33447        4010         837         160       28598       28779
Swap:          2147         438        1708
Total:        35595        4449        2546

              total        used        free      shared  buff/cache   available
Mem:          33447        3943         902         160       28601       28846
Swap:          2147         438        1708
Total:        35595        4381        2611

              total        used        free      shared  buff/cache   available
Mem:          33447        3855         994         158       28596       28937
Swap:          2147         438        1708
Total:        35595        4294        2703

              total        used        free      shared  buff/cache   available
Mem:          33447        3925         922         160       28599       28864
Swap:          2147         438        1708
Total:        35595        4363        2631

              total        used        free      shared  buff/cache   available
Mem:          33447        3880         961         163       28605       28906
Swap:          2147         438        1708
Total:        35595        4318        2670

              total        used        free      shared  buff/cache   available
Mem:          33447        3875         966         165       28605       28909
Swap:          2147         438        1708
Total:        35595        4313        2675

              total        used        free      shared  buff/cache   available
Mem:          33447        4013         832         160       28601       28776
Swap:          2147         438        1708
Total:        35595        4452        2541

              total        used        free      shared  buff/cache   available
Mem:          33447        4096         749         160       28601       28693
Swap:          2147         438        1708
Total:        35595        4534        2458

              total        used        free      shared  buff/cache   available
Mem:          33447        3990         855         160       28601       28799
Swap:          2147         438        1708
Total:        35595        4428        2564

              total        used        free      shared  buff/cache   available
Mem:          33447        4002         844         160       28600       28787
Swap:          2147         438        1708
Total:        35595        4441        2553

              total        used        free      shared  buff/cache   available
Mem:          33447        3994         851         160       28601       28795
Swap:          2147         438        1708
Total:        35595        4432        2560

              total        used        free      shared  buff/cache   available
Mem:          33447        3967         876         160       28604       28822
Swap:          2147         438        1708
Total:        35595        4405        2585

              total        used        free      shared  buff/cache   available
Mem:          33447        3987         858         160       28601       28802
Swap:          2147         438        1708
Total:        35595        4425        2567

              total        used        free      shared  buff/cache   available
Mem:          33447        3979         866         160       28601       28810
Swap:          2147         438        1708
Total:        35595        4417        2575

              total        used        free      shared  buff/cache   available
Mem:          33447        4038         806         160       28602       28751
Swap:          2147         438        1708
Total:        35595        4477        2515

              total        used        free      shared  buff/cache   available
Mem:          33447        3955         888         160       28603       28834
Swap:          2147         438        1708
Total:        35595        4394        2597

              total        used        free      shared  buff/cache   available
Mem:          33447        3971         873         160       28602       28818
Swap:          2147         438        1708
Total:        35595        4410        2582

              total        used        free      shared  buff/cache   available
Mem:          33447        4024         819         160       28603       28765
Swap:          2147         438        1708
Total:        35595        4463        2528

              total        used        free      shared  buff/cache   available
Mem:          33447        3963         878         160       28605       28826
Swap:          2147         438        1708
Total:        35595        4401        2587

              total        used        free      shared  buff/cache   available
Mem:          33447        3960         884         160       28602       28829
Swap:          2147         438        1708
Total:        35595        4398        2593

              total        used        free      shared  buff/cache   available
Mem:          33447        3970         873         160       28603       28818
Swap:          2147         438        1708
Total:        35595        4409        2582

              total        used        free      shared  buff/cache   available
Mem:          33447        4032         811         160       28604       28757
Swap:          2147         438        1708
Total:        35595        4470        2520

              total        used        free      shared  buff/cache   available
Mem:          33447        3966         874         160       28606       28823
Swap:          2147         438        1708
Total:        35595        4404        2583

              total        used        free      shared  buff/cache   available
Mem:          33447        3984         858         160       28604       28806
Swap:          2147         438        1708
Total:        35595        4422        2567

              total        used        free      shared  buff/cache   available
Mem:          33447        4027         815         160       28605       28762
Swap:          2147         438        1708
Total:        35595        4465        2523

              total        used        free      shared  buff/cache   available
Mem:          33447        3976         862         160       28608       28813
Swap:          2147         438        1708
Total:        35595        4414        2571

              total        used        free      shared  buff/cache   available
Mem:          33447        3965         876         160       28605       28824
Swap:          2147         438        1708
Total:        35595        4404        2585

              total        used        free      shared  buff/cache   available
Mem:          33447        3966         875         160       28605       28823
Swap:          2147         438        1708
Total:        35595        4404        2584

              total        used        free      shared  buff/cache   available
Mem:          33447        4034         806         160       28606       28755
Swap:          2147         438        1708
Total:        35595        4473        2515

              total        used        free      shared  buff/cache   available
Mem:          33447        3968         869         160       28609       28821
Swap:          2147         438        1708
Total:        35595        4407        2578

              total        used        free      shared  buff/cache   available
Mem:          33447        3967         873         160       28606       28822
Swap:          2147         438        1708
Total:        35595        4405        2582

              total        used        free      shared  buff/cache   available
Mem:          33447        3981         858         160       28607       28808
Swap:          2147         438        1708
Total:        35595        4420        2567

              total        used        free      shared  buff/cache   available
Mem:          33447        4030         809         160       28607       28759
Swap:          2147         438        1708
Total:        35595        4468        2518

              total        used        free      shared  buff/cache   available
Mem:          33447        3949         884         164       28613       28837
Swap:          2147         438        1708
Total:        35595        4387        2593

              total        used        free      shared  buff/cache   available
Mem:          33447        3964         871         164       28611       28822
Swap:          2147         438        1708
Total:        35595        4402        2580

              total        used        free      shared  buff/cache   available
Mem:          33447        3972         863         164       28611       28813
Swap:          2147         438        1708
Total:        35595        4411        2571

              total        used        free      shared  buff/cache   available
Mem:          33447        4016         819         164       28612       28770
Swap:          2147         438        1708
Total:        35595        4454        2528

              total        used        free      shared  buff/cache   available
Mem:          33447        3941         894         160       28611       28848
Swap:          2147         438        1708
Total:        35595        4379        2603

              total        used        free      shared  buff/cache   available
Mem:          33447        3963         875         161       28608       28826
Swap:          2147         438        1708
Total:        35595        4401        2584

              total        used        free      shared  buff/cache   available
Mem:          33447        3975         862         161       28609       28813
Swap:          2147         438        1708
Total:        35595        4413        2571

              total        used        free      shared  buff/cache   available
Mem:          33447        4020         817         161       28609       28768
Swap:          2147         438        1708
Total:        35595        4459        2526

              total        used        free      shared  buff/cache   available
Mem:          33447        3946         889         161       28612       28843
Swap:          2147         438        1708
Total:        35595        4384        2598

              total        used        free      shared  buff/cache   available
Mem:          33447        3964         875         158       28607       28827
Swap:          2147         438        1708
Total:        35595        4403        2584

              total        used        free      shared  buff/cache   available
Mem:          33447        3965         873         158       28608       28825
Swap:          2147         438        1708
Total:        35595        4404        2582

              total        used        free      shared  buff/cache   available
Mem:          33447        3967         869         158       28610       28824
Swap:          2147         438        1708
Total:        35595        4405        2578

              total        used        free      shared  buff/cache   available
Mem:          33447        3945         891         161       28610       28844
Swap:          2147         438        1708
Total:        35595        4384        2600

              total        used        free      shared  buff/cache   available
Mem:          33447        3957         878         161       28611       28831
Swap:          2147         438        1708
Total:        35595        4396        2587

              total        used        free      shared  buff/cache   available
Mem:          33447        4003         832         161       28611       28786
Swap:          2147         438        1708
Total:        35595        4441        2541

              total        used        free      shared  buff/cache   available
Mem:          33447        3944         889         161       28614       28845
Swap:          2147         438        1708
Total:        35595        4382        2598

              total        used        free      shared  buff/cache   available
Mem:          33447        3974         861         161       28611       28815
Swap:          2147         438        1708
Total:        35595        4412        2570

              total        used        free      shared  buff/cache   available
Mem:          33447        3970         865         161       28611       28818
Swap:          2147         438        1708
Total:        35595        4409        2574

              total        used        free      shared  buff/cache   available
Mem:          33447        4017         817         161       28612       28771
Swap:          2147         438        1708
Total:        35595        4456        2526

              total        used        free      shared  buff/cache   available
Mem:          33447        3957         875         161       28615       28831
Swap:          2147         438        1708
Total:        35595        4396        2583

              total        used        free      shared  buff/cache   available
Mem:          33447        3961         874         161       28611       28828
Swap:          2147         438        1708
Total:        35595        4399        2583

              total        used        free      shared  buff/cache   available
Mem:          33447        3973         861         161       28612       28815
Swap:          2147         438        1708
Total:        35595        4412        2570

              total        used        free      shared  buff/cache   available
Mem:          33447        3965         870         161       28612       28824
Swap:          2147         438        1708
Total:        35595        4403        2578

              total        used        free      shared  buff/cache   available
Mem:          33447        3988         845         161       28613       28800
Swap:          2147         438        1708
Total:        35595        4427        2554

              total        used        free      shared  buff/cache   available
Mem:          33447        3984         849         161       28613       28805
Swap:          2147         438        1708
Total:        35595        4422        2558

              total        used        free      shared  buff/cache   available
Mem:          33447        3940         891         161       28616       28849
Swap:          2147         438        1708
Total:        35595        4378        2600

              total        used        free      shared  buff/cache   available
Mem:          33447        3935         898         161       28613       28853
Swap:          2147         438        1708
Total:        35595        4374        2607

              total        used        free      shared  buff/cache   available
Mem:          33447        3968         864         161       28613       28820
Swap:          2147         438        1708
Total:        35595        4407        2573

              total        used        free      shared  buff/cache   available
Mem:          33447        3977         855         161       28614       28812
Swap:          2147         438        1708
Total:        35595        4415        2564

              total        used        free      shared  buff/cache   available
Mem:          33447        4019         812         161       28615       28769
Swap:          2147         438        1708
Total:        35595        4458        2521

              total        used        free      shared  buff/cache   available
Mem:          33447        3951         874         164       28621       28834
Swap:          2147         438        1708
Total:        35595        4390        2583

              total        used        free      shared  buff/cache   available
Mem:          33447        3946         879         164       28621       28839
Swap:          2147         438        1708
Total:        35595        4385        2588

              total        used        free      shared  buff/cache   available
Mem:          33447        3964         864         164       28617       28821
Swap:          2147         438        1708
Total:        35595        4403        2573

              total        used        free      shared  buff/cache   available
Mem:          33447        3963         869         161       28614       28826
Swap:          2147         438        1708
Total:        35595        4401        2578

              total        used        free      shared  buff/cache   available
Mem:          33447        3942         890         161       28614       28847
Swap:          2147         438        1708
Total:        35595        4380        2599

              total        used        free      shared  buff/cache   available
Mem:          33447        3943         889         161       28614       28845
Swap:          2147         438        1708
Total:        35595        4382        2598

              total        used        free      shared  buff/cache   available
Mem:          33447        3945         887         161       28614       28843
Swap:          2147         438        1708
Total:        35595        4384        2596

              total        used        free      shared  buff/cache   available
Mem:          33447        3849         983         161       28614       28939
Swap:          2147         438        1708
Total:        35595        4288        2692

              total        used        free      shared  buff/cache   available
Mem:          33447        3847         985         161       28614       28941
Swap:          2147         438        1708
Total:        35595        4286        2694

              total        used        free      shared  buff/cache   available
Mem:          33447        3847         985         161       28614       28941
Swap:          2147         438        1708
Total:        35595        4285        2694

              total        used        free      shared  buff/cache   available
Mem:          33447        3847         985         161       28614       28941
Swap:          2147         438        1708
Total:        35595        4286        2694

              total        used        free      shared  buff/cache   available
Mem:          33447        3847         985         161       28614       28941
Swap:          2147         438        1708
Total:        35595        4286        2694

              total        used        free      shared  buff/cache   available
Mem:          33447        3847         985         161       28614       28942
Swap:          2147         438        1708
Total:        35595        4285        2694

              total        used        free      shared  buff/cache   available
Mem:          33447        3846         986         161       28614       28942
Swap:          2147         438        1708
Total:        35595        4285        2695
