RESET
CPU laptop 1745515389 2025/04/24 20:23:09 636959 100 12 3278660 6173982 70037 153502100 249798 0 76893 0 0 39425 100 0 0
SEP
CPU laptop 1745515390 2025/04/24 20:23:10 1 100 12 79 40 0 1074 0 0 0 0 0 17485 100 0 0
SEP
CPU laptop 1745515391 2025/04/24 20:23:11 1 100 12 84 41 0 1062 1 0 1 0 0 27164 100 0 0
SEP
CPU laptop 1745515392 2025/04/24 20:23:12 1 100 12 72 15 0 1109 2 0 0 0 0 19124 100 0 0
SEP
CPU laptop 1745515393 2025/04/24 20:23:13 1 100 12 70 14 0 1112 1 0 0 0 0 23265 100 0 0
SEP
CPU laptop 1745515394 2025/04/24 20:23:14 1 100 12 70 17 0 1111 0 0 0 0 0 20868 100 0 0
SEP
CPU laptop 1745515395 2025/04/24 20:23:15 1 100 12 68 16 0 1112 1 0 0 0 0 19097 100 0 0
SEP
CPU laptop 1745515396 2025/04/24 20:23:16 1 100 12 71 16 0 1110 2 0 0 0 0 18540 100 0 0
SEP
CPU laptop 1745515397 2025/04/24 20:23:17 1 100 12 72 15 0 1111 0 0 0 0 0 20618 100 0 0
SEP
CPU laptop 1745515398 2025/04/24 20:23:18 1 100 12 71 14 0 1112 0 0 0 0 0 19464 100 0 0
SEP
CPU laptop 1745515399 2025/04/24 20:23:19 1 100 12 68 18 0 1111 1 0 0 0 0 26131 100 0 0
SEP
CPU laptop 1745515400 2025/04/24 20:23:20 1 100 12 151 300 1 727 10 0 0 0 0 27409 100 0 0
SEP
CPU laptop 1745515401 2025/04/24 20:23:21 1 100 12 187 162 0 793 43 0 2 0 0 43249 100 0 0
SEP
CPU laptop 1745515402 2025/04/24 20:23:22 1 100 12 126 238 0 827 2 0 2 0 0 24984 100 0 0
SEP
CPU laptop 1745515403 2025/04/24 20:23:23 1 100 12 151 254 1 757 16 0 1 0 0 23007 100 0 0
SEP
CPU laptop 1745515404 2025/04/24 20:23:24 1 100 12 144 87 1 936 16 0 0 0 0 31255 100 0 0
SEP
CPU laptop 1745515405 2025/04/24 20:23:25 1 100 12 114 218 0 857 3 0 1 0 0 19243 100 0 0
SEP
CPU laptop 1745515406 2025/04/24 20:23:26 1 100 12 135 234 1 798 16 0 1 0 0 24243 100 0 0
SEP
CPU laptop 1745515407 2025/04/24 20:23:27 1 100 12 144 93 0 922 18 0 1 0 0 26332 100 0 0
SEP
CPU laptop 1745515408 2025/04/24 20:23:28 1 100 12 117 210 0 859 7 0 1 0 0 21594 100 0 0
SEP
CPU laptop 1745515409 2025/04/24 20:23:29 1 100 12 130 226 1 821 12 0 0 0 0 20472 100 0 0
SEP
CPU laptop 1745515410 2025/04/24 20:23:30 1 100 12 152 135 1 878 15 0 2 0 0 47846 100 0 0
SEP
CPU laptop 1745515411 2025/04/24 20:23:31 1 100 12 127 178 0 874 13 0 0 0 0 27681 100 0 0
SEP
CPU laptop 1745515412 2025/04/24 20:23:32 1 100 12 128 229 0 827 5 0 2 0 0 24724 100 0 0
SEP
CPU laptop 1745515413 2025/04/24 20:23:33 1 100 12 137 229 1 796 18 0 1 0 0 23785 100 0 0
SEP
CPU laptop 1745515414 2025/04/24 20:23:34 1 100 12 141 94 1 930 17 0 1 0 0 25014 100 0 0
SEP
CPU laptop 1745515415 2025/04/24 20:23:35 1 100 12 117 212 0 856 6 0 1 0 0 37414 100 0 0
SEP
CPU laptop 1745515416 2025/04/24 20:23:36 1 100 12 134 222 0 820 14 0 0 0 0 22423 100 0 0
SEP
CPU laptop 1745515417 2025/04/24 20:23:37 1 100 12 151 178 1 831 19 0 1 0 0 47806 100 0 0
SEP
CPU laptop 1745515418 2025/04/24 20:23:38 1 100 12 134 129 0 910 16 0 0 0 0 21358 100 0 0
SEP
CPU laptop 1745515419 2025/04/24 20:23:39 1 100 12 113 223 0 853 3 0 2 0 0 18475 100 0 0
SEP
CPU laptop 1745515420 2025/04/24 20:23:40 1 100 12 141 227 1 798 19 0 0 0 0 29495 100 0 0
SEP
CPU laptop 1745515421 2025/04/24 20:23:41 1 100 12 153 92 1 922 17 0 1 0 0 32831 100 0 0
SEP
CPU laptop 1745515422 2025/04/24 20:23:42 1 100 12 115 217 0 861 3 0 1 0 0 19773 100 0 0
SEP
CPU laptop 1745515423 2025/04/24 20:23:43 1 100 12 135 234 0 801 16 0 0 0 0 25435 100 0 0
SEP
CPU laptop 1745515424 2025/04/24 20:23:44 1 100 12 148 95 1 918 20 0 2 0 0 24766 100 0 0
SEP
CPU laptop 1745515425 2025/04/24 20:23:45 1 100 12 115 209 0 859 8 0 1 0 0 20595 100 0 0
SEP
CPU laptop 1745515426 2025/04/24 20:23:46 1 100 12 135 223 1 816 11 0 1 0 0 24199 100 0 0
SEP
CPU laptop 1745515427 2025/04/24 20:23:47 1 100 12 147 157 1 857 18 0 3 0 0 47816 100 0 0
SEP
CPU laptop 1745515428 2025/04/24 20:23:48 1 100 12 131 161 1 876 15 0 1 0 0 25832 100 0 0
SEP
CPU laptop 1745515429 2025/04/24 20:23:49 1 100 12 112 219 0 858 4 0 1 0 0 21662 100 0 0
SEP
CPU laptop 1745515430 2025/04/24 20:23:50 1 100 12 158 239 1 765 18 0 1 0 0 25592 100 0 0
SEP
CPU laptop 1745515431 2025/04/24 20:23:51 1 100 12 137 88 0 941 17 0 1 0 0 36997 100 0 0
SEP
CPU laptop 1745515432 2025/04/24 20:23:52 1 100 12 113 225 0 852 3 0 1 0 0 20007 100 0 0
SEP
CPU laptop 1745515433 2025/04/24 20:23:53 1 100 12 134 230 1 804 15 0 1 0 0 21085 100 0 0
SEP
CPU laptop 1745515434 2025/04/24 20:23:54 1 100 12 148 89 0 927 18 0 1 0 0 21556 100 0 0
SEP
CPU laptop 1745515435 2025/04/24 20:23:55 1 100 12 121 219 1 842 10 0 0 0 0 22224 100 0 0
SEP
CPU laptop 1745515436 2025/04/24 20:23:56 1 100 12 130 222 0 825 10 0 1 0 0 21250 100 0 0
SEP
CPU laptop 1745515437 2025/04/24 20:23:57 1 100 12 143 174 1 847 19 0 1 0 0 47728 100 0 0
SEP
CPU laptop 1745515438 2025/04/24 20:23:58 1 100 12 126 144 1 902 15 0 1 0 0 38926 100 0 0
SEP
CPU laptop 1745515439 2025/04/24 20:23:59 1 100 12 115 231 0 839 5 0 1 0 0 26224 100 0 0
SEP
CPU laptop 1745515440 2025/04/24 20:24:00 1 100 12 145 225 1 795 17 0 1 0 0 22874 100 0 0
SEP
CPU laptop 1745515441 2025/04/24 20:24:01 1 100 12 154 95 1 920 17 0 1 0 0 25112 100 0 0
SEP
CPU laptop 1745515442 2025/04/24 20:24:02 1 100 12 111 207 0 872 3 0 0 0 0 25028 100 0 0
SEP
CPU laptop 1745515443 2025/04/24 20:24:03 1 100 12 138 229 0 798 21 0 2 0 0 22473 100 0 0
SEP
CPU laptop 1745515444 2025/04/24 20:24:04 1 100 12 150 87 1 923 19 0 1 0 0 22760 100 0 0
SEP
CPU laptop 1745515445 2025/04/24 20:24:05 1 100 12 122 212 0 849 9 0 1 0 0 21371 100 0 0
SEP
CPU laptop 1745515446 2025/04/24 20:24:06 1 100 12 132 223 1 825 9 0 0 0 0 23733 100 0 0
SEP
CPU laptop 1745515447 2025/04/24 20:24:07 1 100 12 159 198 1 803 20 0 2 0 0 47892 100 0 0
SEP
CPU laptop 1745515448 2025/04/24 20:24:08 1 100 12 138 105 0 931 16 0 1 0 0 22712 100 0 0
SEP
CPU laptop 1745515449 2025/04/24 20:24:09 1 100 12 113 222 0 852 3 0 0 0 0 18436 100 0 0
SEP
CPU laptop 1745515450 2025/04/24 20:24:10 1 100 12 147 226 1 791 18 0 1 0 0 25785 100 0 0
SEP
CPU laptop 1745515451 2025/04/24 20:24:11 1 100 12 136 99 1 926 17 0 0 0 0 27033 100 0 0
SEP
CPU laptop 1745515452 2025/04/24 20:24:12 1 100 12 116 207 0 863 5 0 1 0 0 16755 100 0 0
SEP
CPU laptop 1745515453 2025/04/24 20:24:13 1 100 12 134 230 1 804 17 0 0 0 0 24462 100 0 0
SEP
CPU laptop 1745515454 2025/04/24 20:24:14 1 100 12 146 179 1 838 18 0 1 0 0 47900 100 0 0
SEP
CPU laptop 1745515455 2025/04/24 20:24:15 1 100 12 137 131 1 905 16 0 1 0 0 20973 100 0 0
SEP
CPU laptop 1745515456 2025/04/24 20:24:16 1 100 12 116 219 0 852 2 0 0 0 0 17999 100 0 0
SEP
CPU laptop 1745515457 2025/04/24 20:24:17 1 100 12 146 223 1 795 20 0 1 0 0 22874 100 0 0
SEP
CPU laptop 1745515458 2025/04/24 20:24:18 1 100 12 137 92 0 935 17 0 1 0 0 26557 100 0 0
SEP
CPU laptop 1745515459 2025/04/24 20:24:19 1 100 12 108 207 0 876 3 0 0 0 0 19184 100 0 0
SEP
CPU laptop 1745515460 2025/04/24 20:24:20 1 100 12 139 232 1 796 15 0 1 0 0 25087 100 0 0
SEP
CPU laptop 1745515461 2025/04/24 20:24:21 1 100 12 146 116 1 901 17 0 1 0 0 47818 100 0 0
SEP
CPU laptop 1745515462 2025/04/24 20:24:22 1 100 12 119 196 1 862 12 0 1 0 0 21532 100 0 0
SEP
CPU laptop 1745515463 2025/04/24 20:24:23 1 100 12 126 233 0 826 6 0 0 0 0 28793 100 0 0
SEP
CPU laptop 1745515464 2025/04/24 20:24:24 1 100 12 139 222 0 804 18 0 1 0 0 24785 100 0 0
SEP
CPU laptop 1745515465 2025/04/24 20:24:25 1 100 12 141 91 1 936 16 0 1 0 0 42506 100 0 0
SEP
CPU laptop 1745515466 2025/04/24 20:24:26 1 100 12 115 213 0 859 4 0 0 0 0 23641 100 0 0
SEP
CPU laptop 1745515467 2025/04/24 20:24:27 1 100 12 137 229 1 803 16 0 1 0 0 19187 100 0 0
SEP
CPU laptop 1745515468 2025/04/24 20:24:28 1 100 12 151 92 1 918 20 0 1 0 0 22552 100 0 0
SEP
CPU laptop 1745515469 2025/04/24 20:24:29 1 100 12 115 208 0 863 7 0 1 0 0 22308 100 0 0
SEP
CPU laptop 1745515470 2025/04/24 20:24:30 1 100 12 129 230 1 819 11 0 0 0 0 24763 100 0 0
SEP
CPU laptop 1745515471 2025/04/24 20:24:31 1 100 12 141 138 1 883 18 0 3 0 0 47810 100 0 0
SEP
CPU laptop 1745515472 2025/04/24 20:24:32 1 100 12 128 180 0 868 12 0 0 0 0 23438 100 0 0
SEP
CPU laptop 1745515473 2025/04/24 20:24:33 1 100 12 126 229 0 829 5 0 2 0 0 21389 100 0 0
SEP
CPU laptop 1745515474 2025/04/24 20:24:34 1 100 12 139 223 1 795 19 0 1 0 0 27664 100 0 0
SEP
CPU laptop 1745515475 2025/04/24 20:24:35 1 100 12 141 94 1 933 18 0 1 0 0 30924 100 0 0
SEP
CPU laptop 1745515476 2025/04/24 20:24:36 1 100 12 112 222 0 854 3 0 0 0 0 19123 100 0 0
SEP
CPU laptop 1745515477 2025/04/24 20:24:37 1 100 12 192 226 1 754 15 0 2 0 0 24697 100 0 0
SEP
CPU laptop 1745515478 2025/04/24 20:24:38 1 100 12 147 85 1 917 30 0 1 0 0 43331 100 0 0
SEP
CPU laptop 1745515479 2025/04/24 20:24:39 1 100 12 132 226 0 826 5 0 0 0 0 23494 100 0 0
SEP
CPU laptop 1745515480 2025/04/24 20:24:40 1 100 12 130 222 0 819 14 0 1 0 0 22848 100 0 0
SEP
CPU laptop 1745515481 2025/04/24 20:24:41 1 100 12 152 165 1 848 16 0 1 0 0 47812 100 0 0
SEP
CPU laptop 1745515482 2025/04/24 20:24:42 1 100 12 136 154 1 883 13 0 1 0 0 22078 100 0 0
SEP
CPU laptop 1745515483 2025/04/24 20:24:43 1 100 12 116 220 0 851 4 0 0 0 0 23177 100 0 0
SEP
CPU laptop 1745515484 2025/04/24 20:24:44 1 100 12 142 228 0 794 18 0 2 0 0 25028 100 0 0
SEP
CPU laptop 1745515485 2025/04/24 20:24:45 1 100 12 140 89 1 933 18 0 3 0 0 29774 100 0 0
SEP
CPU laptop 1745515486 2025/04/24 20:24:46 1 100 12 115 221 0 852 5 0 0 0 0 17308 100 0 0
SEP
CPU laptop 1745515487 2025/04/24 20:24:47 1 100 12 139 229 1 800 16 0 1 0 0 22768 100 0 0
SEP
CPU laptop 1745515488 2025/04/24 20:24:48 1 100 12 147 90 0 921 20 0 1 0 0 23169 100 0 0
SEP
CPU laptop 1745515489 2025/04/24 20:24:49 1 100 12 119 207 0 857 8 0 1 0 0 19234 100 0 0
SEP
CPU laptop 1745515490 2025/04/24 20:24:50 1 100 12 143 248 0 788 10 0 1 0 0 26299 100 0 0
SEP
CPU laptop 1745515491 2025/04/24 20:24:51 1 100 12 152 166 1 843 19 0 1 0 0 47888 100 0 0
SEP
CPU laptop 1745515492 2025/04/24 20:24:52 1 100 12 124 141 1 909 14 0 1 0 0 30429 100 0 0
SEP
CPU laptop 1745515493 2025/04/24 20:24:53 1 100 12 125 234 0 825 5 0 1 0 0 24503 100 0 0
SEP
CPU laptop 1745515494 2025/04/24 20:24:54 1 100 12 142 229 0 794 17 0 3 0 0 25127 100 0 0
SEP
CPU laptop 1745515495 2025/04/24 20:24:55 1 100 12 140 94 1 933 16 0 0 0 0 22967 100 0 0
SEP
CPU laptop 1745515496 2025/04/24 20:24:56 1 100 12 119 212 0 857 5 0 1 0 0 16759 100 0 0
SEP
CPU laptop 1745515497 2025/04/24 20:24:57 1 100 12 139 227 1 806 14 0 1 0 0 20815 100 0 0
SEP
CPU laptop 1745515498 2025/04/24 20:24:58 1 100 12 144 165 0 853 18 0 1 0 0 47814 100 0 0
SEP
CPU laptop 1745515499 2025/04/24 20:24:59 1 100 12 136 157 1 880 13 0 2 0 0 37784 100 0 0
SEP
CPU laptop 1745515500 2025/04/24 20:25:00 1 100 12 120 225 0 845 3 0 1 0 0 17854 100 0 0
SEP
CPU laptop 1745515501 2025/04/24 20:25:01 1 100 12 141 224 0 800 18 0 0 0 0 25187 100 0 0
SEP
CPU laptop 1745515502 2025/04/24 20:25:02 1 100 12 153 92 1 921 16 0 2 0 0 25733 100 0 0
SEP
CPU laptop 1745515503 2025/04/24 20:25:03 1 100 12 119 212 0 861 3 0 0 0 0 23461 100 0 0
SEP
CPU laptop 1745515504 2025/04/24 20:25:04 1 100 12 139 221 1 811 15 0 1 0 0 22641 100 0 0
SEP
CPU laptop 1745515505 2025/04/24 20:25:05 1 100 12 152 98 1 914 19 0 1 0 0 43312 100 0 0
SEP
CPU laptop 1745515506 2025/04/24 20:25:06 1 100 12 120 209 0 851 9 0 1 0 0 31626 100 0 0
SEP
CPU laptop 1745515507 2025/04/24 20:25:07 1 100 12 135 235 0 809 11 0 1 0 0 20085 100 0 0
SEP
CPU laptop 1745515508 2025/04/24 20:25:08 1 100 12 148 205 1 812 18 0 1 0 0 32428 100 0 0
SEP
CPU laptop 1745515509 2025/04/24 20:25:09 1 100 12 142 92 0 935 15 0 0 0 0 23672 100 0 0
SEP
CPU laptop 1745515510 2025/04/24 20:25:10 1 100 12 122 222 0 845 3 0 0 0 0 22590 100 0 0
SEP
CPU laptop 1745515511 2025/04/24 20:25:11 1 100 12 139 234 1 790 20 0 2 0 0 26648 100 0 0
SEP
CPU laptop 1745515512 2025/04/24 20:25:12 1 100 12 145 90 1 922 21 0 0 0 0 23425 100 0 0
SEP
CPU laptop 1745515513 2025/04/24 20:25:13 1 100 12 121 211 1 845 10 0 1 0 0 29090 100 0 0
SEP
CPU laptop 1745515514 2025/04/24 20:25:14 1 100 12 130 233 0 818 9 0 0 0 0 28849 100 0 0
SEP
CPU laptop 1745515515 2025/04/24 20:25:15 1 100 12 152 198 1 811 18 0 1 0 0 47900 100 0 0
SEP
CPU laptop 1745515516 2025/04/24 20:25:16 1 100 12 140 94 0 939 16 0 1 0 0 34590 100 0 0
SEP
CPU laptop 1745515517 2025/04/24 20:25:17 1 100 12 119 230 0 841 1 0 1 0 0 32261 100 0 0
SEP
CPU laptop 1745515518 2025/04/24 20:25:18 1 100 12 144 208 1 800 31 0 2 0 0 25695 100 0 0
SEP
CPU laptop 1745515519 2025/04/24 20:25:19 1 100 12 142 95 1 926 18 0 0 0 0 31432 100 0 0
SEP
CPU laptop 1745515520 2025/04/24 20:25:20 1 100 12 122 221 0 847 4 0 1 0 0 22491 100 0 0
SEP
CPU laptop 1745515521 2025/04/24 20:25:21 1 100 12 136 228 1 796 18 0 0 0 0 26929 100 0 0
SEP
CPU laptop 1745515522 2025/04/24 20:25:22 1 100 12 148 86 1 932 17 0 2 0 0 25651 100 0 0
SEP
CPU laptop 1745515523 2025/04/24 20:25:23 1 100 12 121 212 0 850 8 0 0 0 0 33859 100 0 0
SEP
CPU laptop 1745515524 2025/04/24 20:25:24 1 100 12 132 223 1 821 10 0 1 0 0 24601 100 0 0
SEP
CPU laptop 1745515525 2025/04/24 20:25:25 1 100 12 152 188 1 830 17 0 0 0 0 47900 100 0 0
SEP
CPU laptop 1745515526 2025/04/24 20:25:26 1 100 12 139 122 0 911 16 0 0 0 0 27348 100 0 0
SEP
CPU laptop 1745515527 2025/04/24 20:25:27 1 100 12 114 222 0 853 3 0 1 0 0 18149 100 0 0
SEP
CPU laptop 1745515528 2025/04/24 20:25:28 1 100 12 158 229 1 776 18 0 1 0 0 26103 100 0 0
SEP
CPU laptop 1745515529 2025/04/24 20:25:29 1 100 12 144 92 1 932 16 0 0 0 0 30188 100 0 0
SEP
CPU laptop 1745515530 2025/04/24 20:25:30 1 100 12 113 206 0 871 4 0 1 0 0 17072 100 0 0
SEP
CPU laptop 1745515531 2025/04/24 20:25:31 1 100 12 142 233 1 790 16 0 1 0 0 24440 100 0 0
SEP
CPU laptop 1745515532 2025/04/24 20:25:32 1 100 12 155 91 1 919 18 0 0 0 0 22884 100 0 0
SEP
CPU laptop 1745515533 2025/04/24 20:25:33 1 100 12 124 211 0 852 7 0 1 0 0 28873 100 0 0
SEP
CPU laptop 1745515534 2025/04/24 20:25:34 1 100 12 131 225 0 822 10 0 0 0 0 23757 100 0 0
SEP
CPU laptop 1745515535 2025/04/24 20:25:35 1 100 12 147 189 1 825 17 0 1 0 0 47784 100 0 0
SEP
CPU laptop 1745515536 2025/04/24 20:25:36 1 100 12 139 128 1 907 15 0 1 0 0 21074 100 0 0
SEP
CPU laptop 1745515537 2025/04/24 20:25:37 1 100 12 123 225 0 838 6 0 0 0 0 21346 100 0 0
SEP
CPU laptop 1745515538 2025/04/24 20:25:38 1 100 12 139 229 1 795 18 0 0 0 0 25893 100 0 0
SEP
CPU laptop 1745515539 2025/04/24 20:25:39 1 100 12 150 94 1 921 17 0 1 0 0 26082 100 0 0
SEP
CPU laptop 1745515540 2025/04/24 20:25:40 1 100 12 122 215 0 851 6 0 1 0 0 24332 100 0 0
SEP
CPU laptop 1745515541 2025/04/24 20:25:41 1 100 12 135 223 0 817 12 0 1 0 0 23403 100 0 0
SEP
CPU laptop 1745515542 2025/04/24 20:25:42 1 100 12 99 54 1 1029 9 0 1 0 0 19392 100 0 0
SEP
CPU laptop 1745515543 2025/04/24 20:25:43 1 100 12 71 17 0 1109 0 0 0 0 0 18602 100 0 0
SEP
CPU laptop 1745515544 2025/04/24 20:25:44 1 100 12 72 18 0 1107 1 0 0 0 0 23002 100 0 0
SEP
CPU laptop 1745515545 2025/04/24 20:25:45 1 100 12 72 15 0 1110 1 0 0 0 0 19459 100 0 0
SEP
CPU laptop 1745515546 2025/04/24 20:25:46 1 100 12 81 21 0 1096 1 0 0 0 0 20294 100 0 0
SEP
CPU laptop 1745515547 2025/04/24 20:25:47 1 100 12 68 18 0 1109 2 0 0 0 0 19817 100 0 0
SEP
CPU laptop 1745515548 2025/04/24 20:25:48 1 100 12 69 16 0 1113 1 0 0 0 0 19190 100 0 0
SEP
CPU laptop 1745515549 2025/04/24 20:25:49 1 100 12 69 15 0 1112 1 0 0 0 0 21926 100 0 0
SEP
CPU laptop 1745515550 2025/04/24 20:25:50 1 100 12 91 49 0 1056 0 0 0 0 0 16978 100 0 0
SEP
CPU laptop 1745515551 2025/04/24 20:25:51 1 100 12 69 17 0 1112 1 0 0 0 0 17794 100 0 0
SEP
