1776 
1462 
1453 
1429 
1460 
1420 
1474 
1392 
1406 
1355 
1384 
1395 
1392 
1380 
1445 
1471 
1429 
1446 
1448 
1400 
1436 
1463 
1363 
1438 
1435 
1434 
1414 
1389 
1415 
1410 
1454 
1416 
1418 
1450 
1377 
1458 
1401 
1372 
1380 
1424 
1405 
1454 
1379 
1399 
1381 
1442 
1377 
1449 
1444 
1449 
1425 
1357 
1473 
1392 
1427 
1495 
1405 
1389 
1441 
1418 
1393 
1395 
1476 
1428 
1462 
1422 
1397 
1376 
1384 
1390 
1361 
1420 
1399 
1427 
1466 
1413 
1401 
1389 
1408 
1370 
1456 
1401 
1396 
1522 
1407 
1448 
1391 
1414 
1439 
1390 
1468 
1411 
1430 
1416 
1434 
1441 
1366 
1419 
1398 
1429 
