              total        used        free      shared  buff/cache   available
Mem:          33447        3854         922         163       28669       28932
Swap:          2147         438        1708
Total:        35595        4293        2631

              total        used        free      shared  buff/cache   available
Mem:          33447        3862         914         163       28670       28924
Swap:          2147         438        1708
Total:        35595        4301        2623

              total        used        free      shared  buff/cache   available
Mem:          33447        3863         913         163       28670       28923
Swap:          2147         438        1708
Total:        35595        4302        2622

              total        used        free      shared  buff/cache   available
Mem:          33447        3863         913         163       28670       28923
Swap:          2147         438        1708
Total:        35595        4302        2622

              total        used        free      shared  buff/cache   available
Mem:          33447        3863         914         163       28670       28923
Swap:          2147         438        1708
Total:        35595        4301        2623

              total        used        free      shared  buff/cache   available
Mem:          33447        3862         914         163       28670       28924
Swap:          2147         438        1708
Total:        35595        4301        2623

              total        used        free      shared  buff/cache   available
Mem:          33447        3861         915         163       28670       28925
Swap:          2147         438        1708
Total:        35595        4300        2624

              total        used        free      shared  buff/cache   available
Mem:          33447        3864         913         163       28670       28922
Swap:          2147         438        1708
Total:        35595        4302        2622

              total        used        free      shared  buff/cache   available
Mem:          33447        3864         913         163       28670       28922
Swap:          2147         438        1708
Total:        35595        4302        2622

              total        used        free      shared  buff/cache   available
Mem:          33447        3863         913         163       28670       28923
Swap:          2147         438        1708
Total:        35595        4302        2622

              total        used        free      shared  buff/cache   available
Mem:          33447        3863         913         163       28670       28923
Swap:          2147         438        1708
Total:        35595        4302        2622

              total        used        free      shared  buff/cache   available
Mem:          33447        3973         803         163       28670       28813
Swap:          2147         438        1708
Total:        35595        4412        2512

              total        used        free      shared  buff/cache   available
Mem:          33447        4016         760         163       28671       28770
Swap:          2147         438        1708
Total:        35595        4454        2468

              total        used        free      shared  buff/cache   available
Mem:          33447        3974         798         163       28674       28811
Swap:          2147         438        1708
Total:        35595        4413        2507

              total        used        free      shared  buff/cache   available
Mem:          33447        3990         785         163       28671       28796
Swap:          2147         438        1708
Total:        35595        4428        2494

              total        used        free      shared  buff/cache   available
Mem:          33447        3990         783         163       28672       28796
Swap:          2147         438        1708
Total:        35595        4429        2492

              total        used        free      shared  buff/cache   available
Mem:          33447        3988         778         169       28681       28792
Swap:          2147         438        1708
Total:        35595        4426        2487

              total        used        free      shared  buff/cache   available
Mem:          33447        4004         764         169       28678       28776
Swap:          2147         438        1708
Total:        35595        4442        2473

              total        used        free      shared  buff/cache   available
Mem:          33447        4016         745         175       28685       28758
Swap:          2147         438        1708
Total:        35595        4454        2454

              total        used        free      shared  buff/cache   available
Mem:          33447        4076         684         175       28687       28698
Swap:          2147         438        1708
Total:        35595        4514        2393

              total        used        free      shared  buff/cache   available
Mem:          33447        4000         763         172       28683       28777
Swap:          2147         438        1708
Total:        35595        4439        2471

              total        used        free      shared  buff/cache   available
Mem:          33447        4000         763         172       28683       28777
Swap:          2147         438        1708
Total:        35595        4439        2472

              total        used        free      shared  buff/cache   available
Mem:          33447        4058         705         172       28683       28719
Swap:          2147         438        1708
Total:        35595        4497        2414

              total        used        free      shared  buff/cache   available
Mem:          33447        4005         755         172       28686       28772
Swap:          2147         438        1708
Total:        35595        4443        2464

              total        used        free      shared  buff/cache   available
Mem:          33447        4013         750         172       28683       28764
Swap:          2147         438        1708
Total:        35595        4452        2459

              total        used        free      shared  buff/cache   available
Mem:          33447        4028         734         172       28684       28749
Swap:          2147         438        1708
Total:        35595        4467        2443

              total        used        free      shared  buff/cache   available
Mem:          33447        4074         688         172       28684       28703
Swap:          2147         438        1708
Total:        35595        4512        2397

              total        used        free      shared  buff/cache   available
Mem:          33447        3995         765         172       28686       28782
Swap:          2147         438        1708
Total:        35595        4433        2474

              total        used        free      shared  buff/cache   available
Mem:          33447        4012         750         172       28683       28764
Swap:          2147         438        1708
Total:        35595        4451        2459

              total        used        free      shared  buff/cache   available
Mem:          33447        4049         712         172       28685       28728
Swap:          2147         438        1708
Total:        35595        4488        2421

              total        used        free      shared  buff/cache   available
Mem:          33447        3991         768         172       28687       28786
Swap:          2147         438        1708
Total:        35595        4430        2477

              total        used        free      shared  buff/cache   available
Mem:          33447        3980         780         172       28685       28797
Swap:          2147         438        1708
Total:        35595        4419        2489

              total        used        free      shared  buff/cache   available
Mem:          33447        3989         773         171       28684       28788
Swap:          2147         438        1708
Total:        35595        4428        2482

              total        used        free      shared  buff/cache   available
Mem:          33447        4052         709         171       28685       28726
Swap:          2147         438        1708
Total:        35595        4490        2418

              total        used        free      shared  buff/cache   available
Mem:          33447        3984         774         171       28687       28793
Swap:          2147         438        1708
Total:        35595        4423        2483

              total        used        free      shared  buff/cache   available
Mem:          33447        4027         735         171       28684       28751
Swap:          2147         438        1708
Total:        35595        4466        2444

              total        used        free      shared  buff/cache   available
Mem:          33447        4016         745         171       28685       28762
Swap:          2147         438        1708
Total:        35595        4455        2454

              total        used        free      shared  buff/cache   available
Mem:          33447        4066         695         171       28685       28712
Swap:          2147         438        1708
Total:        35595        4504        2404

              total        used        free      shared  buff/cache   available
Mem:          33447        3992         767         171       28688       28786
Swap:          2147         438        1708
Total:        35595        4430        2475

              total        used        free      shared  buff/cache   available
Mem:          33447        3998         763         171       28685       28780
Swap:          2147         438        1708
Total:        35595        4437        2472

              total        used        free      shared  buff/cache   available
Mem:          33447        4039         722         171       28685       28739
Swap:          2147         438        1708
Total:        35595        4478        2431

              total        used        free      shared  buff/cache   available
Mem:          33447        3991         767         171       28688       28787
Swap:          2147         438        1708
Total:        35595        4430        2476

              total        used        free      shared  buff/cache   available
Mem:          33447        3999         762         171       28685       28779
Swap:          2147         438        1708
Total:        35595        4438        2471

              total        used        free      shared  buff/cache   available
Mem:          33447        4043         717         171       28687       28735
Swap:          2147         438        1708
Total:        35595        4481        2426

              total        used        free      shared  buff/cache   available
Mem:          33447        3995         762         171       28689       28783
Swap:          2147         438        1708
Total:        35595        4433        2471

              total        used        free      shared  buff/cache   available
Mem:          33447        4020         740         171       28686       28759
Swap:          2147         438        1708
Total:        35595        4458        2449

              total        used        free      shared  buff/cache   available
Mem:          33447        4022         738         171       28687       28756
Swap:          2147         438        1708
Total:        35595        4460        2447

              total        used        free      shared  buff/cache   available
Mem:          33447        4032         721         175       28693       28742
Swap:          2147         438        1708
Total:        35595        4471        2430

              total        used        free      shared  buff/cache   available
Mem:          33447        3997         756         175       28693       28777
Swap:          2147         438        1708
Total:        35595        4436        2465

              total        used        free      shared  buff/cache   available
Mem:          33447        4020         737         175       28689       28755
Swap:          2147         438        1708
Total:        35595        4458        2446

              total        used        free      shared  buff/cache   available
Mem:          33447        4049         710         171       28687       28729
Swap:          2147         438        1708
Total:        35595        4488        2419

              total        used        free      shared  buff/cache   available
Mem:          33447        3988         768         171       28690       28790
Swap:          2147         438        1708
Total:        35595        4427        2477

              total        used        free      shared  buff/cache   available
Mem:          33447        4012         748         171       28687       28766
Swap:          2147         438        1708
Total:        35595        4450        2457

              total        used        free      shared  buff/cache   available
Mem:          33447        4045         714         172       28687       28733
Swap:          2147         438        1708
Total:        35595        4483        2423

              total        used        free      shared  buff/cache   available
Mem:          33447        4005         751         172       28690       28772
Swap:          2147         438        1708
Total:        35595        4444        2460

              total        used        free      shared  buff/cache   available
Mem:          33447        3993         766         171       28688       28785
Swap:          2147         438        1708
Total:        35595        4431        2475

              total        used        free      shared  buff/cache   available
Mem:          33447        3999         760         172       28687       28778
Swap:          2147         438        1708
Total:        35595        4438        2469

              total        used        free      shared  buff/cache   available
Mem:          33447        4036         723         172       28687       28742
Swap:          2147         438        1708
Total:        35595        4474        2432

              total        used        free      shared  buff/cache   available
Mem:          33447        4003         753         172       28690       28774
Swap:          2147         438        1708
Total:        35595        4442        2462

              total        used        free      shared  buff/cache   available
Mem:          33447        3996         763         172       28687       28782
Swap:          2147         438        1708
Total:        35595        4435        2472

              total        used        free      shared  buff/cache   available
Mem:          33447        4013         745         172       28687       28765
Swap:          2147         438        1708
Total:        35595        4452        2454

              total        used        free      shared  buff/cache   available
Mem:          33447        4017         740         172       28688       28760
Swap:          2147         438        1708
Total:        35595        4456        2449

              total        used        free      shared  buff/cache   available
Mem:          33447        4075         683         172       28688       28703
Swap:          2147         438        1708
Total:        35595        4513        2392

              total        used        free      shared  buff/cache   available
Mem:          33447        3997         758         172       28691       28781
Swap:          2147         438        1708
Total:        35595        4435        2467

              total        used        free      shared  buff/cache   available
Mem:          33447        4005         753         172       28689       28773
Swap:          2147         438        1708
Total:        35595        4443        2462

              total        used        free      shared  buff/cache   available
Mem:          33447        4032         724         172       28690       28745
Swap:          2147         438        1708
Total:        35595        4471        2433

              total        used        free      shared  buff/cache   available
Mem:          33447        3995         759         172       28692       28782
Swap:          2147         438        1708
Total:        35595        4434        2467

              total        used        free      shared  buff/cache   available
Mem:          33447        3991         764         172       28691       28786
Swap:          2147         438        1708
Total:        35595        4430        2473

              total        used        free      shared  buff/cache   available
Mem:          33447        3996         760         172       28690       28782
Swap:          2147         438        1708
Total:        35595        4434        2469

              total        used        free      shared  buff/cache   available
Mem:          33447        4054         702         172       28691       28723
Swap:          2147         438        1708
Total:        35595        4493        2410

              total        used        free      shared  buff/cache   available
Mem:          33447        3997         755         172       28694       28780
Swap:          2147         438        1708
Total:        35595        4436        2464

              total        used        free      shared  buff/cache   available
Mem:          33447        3992         761         172       28694       28786
Swap:          2147         438        1708
Total:        35595        4430        2470

              total        used        free      shared  buff/cache   available
Mem:          33447        3997         759         172       28690       28780
Swap:          2147         438        1708
Total:        35595        4436        2468

              total        used        free      shared  buff/cache   available
Mem:          33447        4052         703         172       28691       28726
Swap:          2147         438        1708
Total:        35595        4490        2412

              total        used        free      shared  buff/cache   available
Mem:          33447        4023         730         172       28694       28754
Swap:          2147         438        1708
Total:        35595        4461        2438

              total        used        free      shared  buff/cache   available
Mem:          33447        3992         759         172       28695       28785
Swap:          2147         438        1708
Total:        35595        4431        2468

              total        used        free      shared  buff/cache   available
Mem:          33447        3998         757         172       28691       28779
Swap:          2147         438        1708
Total:        35595        4436        2466

              total        used        free      shared  buff/cache   available
Mem:          33447        4023         727         175       28695       28751
Swap:          2147         438        1708
Total:        35595        4462        2436

              total        used        free      shared  buff/cache   available
Mem:          33447        4075         676         175       28696       28699
Swap:          2147         438        1708
Total:        35595        4514        2384

              total        used        free      shared  buff/cache   available
Mem:          33447        3983         768         172       28695       28794
Swap:          2147         438        1708
Total:        35595        4422        2477

              total        used        free      shared  buff/cache   available
Mem:          33447        3993         760         172       28692       28784
Swap:          2147         438        1708
Total:        35595        4432        2469

              total        used        free      shared  buff/cache   available
Mem:          33447        4054         702         169       28690       28726
Swap:          2147         438        1708
Total:        35595        4493        2411

              total        used        free      shared  buff/cache   available
Mem:          33447        3984         769         169       28693       28795
Swap:          2147         438        1708
Total:        35595        4423        2478

              total        used        free      shared  buff/cache   available
Mem:          33447        3984         772         169       28690       28796
Swap:          2147         438        1708
Total:        35595        4422        2481

              total        used        free      shared  buff/cache   available
Mem:          33447        3992         765         169       28689       28788
Swap:          2147         438        1708
Total:        35595        4430        2474

              total        used        free      shared  buff/cache   available
Mem:          33447        4033         723         169       28691       28747
Swap:          2147         438        1708
Total:        35595        4472        2431

              total        used        free      shared  buff/cache   available
Mem:          33447        4049         706         169       28691       28730
Swap:          2147         438        1708
Total:        35595        4488        2415

              total        used        free      shared  buff/cache   available
Mem:          33447        3987         766         169       28693       28793
Swap:          2147         438        1708
Total:        35595        4426        2475

              total        used        free      shared  buff/cache   available
Mem:          33447        3973         780         169       28693       28807
Swap:          2147         438        1708
Total:        35595        4411        2489

              total        used        free      shared  buff/cache   available
Mem:          33447        3976         776         169       28694       28803
Swap:          2147         438        1708
Total:        35595        4415        2485

              total        used        free      shared  buff/cache   available
Mem:          33447        3965         790         169       28691       28815
Swap:          2147         438        1708
Total:        35595        4404        2499

              total        used        free      shared  buff/cache   available
Mem:          33447        3965         790         169       28691       28815
Swap:          2147         438        1708
Total:        35595        4404        2499

              total        used        free      shared  buff/cache   available
Mem:          33447        3965         791         169       28691       28815
Swap:          2147         438        1708
Total:        35595        4403        2500

              total        used        free      shared  buff/cache   available
Mem:          33447        3877         878         169       28691       28902
Swap:          2147         438        1708
Total:        35595        4316        2587

              total        used        free      shared  buff/cache   available
Mem:          33447        3875         880         169       28691       28904
Swap:          2147         438        1708
Total:        35595        4314        2589

              total        used        free      shared  buff/cache   available
Mem:          33447        3875         881         169       28691       28905
Swap:          2147         438        1708
Total:        35595        4313        2590

              total        used        free      shared  buff/cache   available
Mem:          33447        3872         883         169       28691       28907
Swap:          2147         438        1708
Total:        35595        4311        2592

              total        used        free      shared  buff/cache   available
Mem:          33447        3873         882         169       28691       28907
Swap:          2147         438        1708
Total:        35595        4312        2591

              total        used        free      shared  buff/cache   available
Mem:          33447        3874         881         169       28691       28906
Swap:          2147         438        1708
Total:        35595        4312        2590

              total        used        free      shared  buff/cache   available
Mem:          33447        3873         882         169       28691       28907
Swap:          2147         438        1708
Total:        35595        4312        2591
