RESET
CPU yadrolab-wp11 1745516556 2025/04/24 20:42:36 2103179 100 24 14961346 21506325 1167565 5005690559 161609 0 15957 0 0 78504 100 0 0
SEP
CPU yadrolab-wp11 1745516557 2025/04/24 20:42:37 1 100 24 19 7 9 2364 0 0 0 0 0 77347 100 0 0
SEP
CPU yadrolab-wp11 1745516558 2025/04/24 20:42:38 1 100 24 14 7 1 2374 0 0 0 0 0 74400 100 0 0
SEP
CPU yadrolab-wp11 1745516559 2025/04/24 20:42:39 1 100 24 14 4 1 2375 0 0 0 0 0 76469 100 0 0
SEP
CPU yadrolab-wp11 1745516560 2025/04/24 20:42:40 1 100 24 20 4 2 2370 0 0 0 0 0 76192 100 0 0
SEP
CPU yadrolab-wp11 1745516561 2025/04/24 20:42:41 1 100 24 11 8 1 2377 1 0 0 0 0 77518 100 0 0
SEP
CPU yadrolab-wp11 1745516562 2025/04/24 20:42:42 1 100 24 14 7 2 2375 0 0 0 0 0 76348 100 0 0
SEP
CPU yadrolab-wp11 1745516563 2025/04/24 20:42:43 1 100 24 16 5 2 2376 0 0 0 0 0 76137 100 0 0
SEP
CPU yadrolab-wp11 1745516564 2025/04/24 20:42:44 1 100 24 14 6 1 2375 0 0 0 0 0 76323 100 0 0
SEP
CPU yadrolab-wp11 1745516565 2025/04/24 20:42:45 1 100 24 12 7 0 2377 0 0 0 0 0 76415 100 0 0
SEP
CPU yadrolab-wp11 1745516566 2025/04/24 20:42:46 1 100 24 13 8 1 2373 0 0 0 0 0 74574 100 0 0
SEP
CPU yadrolab-wp11 1745516567 2025/04/24 20:42:47 1 100 24 48 280 1 2064 1 0 0 0 0 78235 100 0 0
SEP
CPU yadrolab-wp11 1745516568 2025/04/24 20:42:48 1 100 24 71 328 4 1978 3 0 0 0 0 78530 100 0 0
SEP
CPU yadrolab-wp11 1745516569 2025/04/24 20:42:49 1 100 24 43 293 2 2054 1 0 0 0 0 79636 100 0 0
SEP
CPU yadrolab-wp11 1745516570 2025/04/24 20:42:50 1 100 24 57 294 2 2032 2 0 0 0 0 78398 100 0 0
SEP
CPU yadrolab-wp11 1745516571 2025/04/24 20:42:51 1 100 24 44 297 2 2051 2 0 0 0 0 78582 100 0 0
SEP
CPU yadrolab-wp11 1745516572 2025/04/24 20:42:52 1 100 24 59 304 1 2022 1 0 0 0 0 77248 100 0 0
SEP
CPU yadrolab-wp11 1745516573 2025/04/24 20:42:53 1 100 24 59 300 2 2029 2 0 0 0 0 76831 100 0 0
SEP
CPU yadrolab-wp11 1745516574 2025/04/24 20:42:54 1 100 24 48 290 3 2045 1 0 0 0 0 78899 100 0 0
SEP
CPU yadrolab-wp11 1745516575 2025/04/24 20:42:55 1 100 24 42 290 0 2039 2 0 0 0 0 77574 100 0 0
SEP
CPU yadrolab-wp11 1745516576 2025/04/24 20:42:56 1 100 24 76 244 3 2062 1 0 0 0 0 107901 100 0 0
SEP
CPU yadrolab-wp11 1745516577 2025/04/24 20:42:57 1 100 24 52 230 8 2099 2 0 0 0 0 75240 100 0 0
SEP
CPU yadrolab-wp11 1745516578 2025/04/24 20:42:58 1 100 24 44 271 3 2064 2 0 0 0 0 76256 100 0 0
SEP
CPU yadrolab-wp11 1745516579 2025/04/24 20:42:59 1 100 24 46 296 2 2038 1 0 0 0 0 78183 100 0 0
SEP
CPU yadrolab-wp11 1745516580 2025/04/24 20:43:00 1 100 24 36 290 3 2065 1 0 0 0 0 78779 100 0 0
SEP
CPU yadrolab-wp11 1745516581 2025/04/24 20:43:01 1 100 24 38 297 2 2049 1 0 0 0 0 78929 100 0 0
SEP
CPU yadrolab-wp11 1745516582 2025/04/24 20:43:02 1 100 24 60 301 2 2019 3 0 0 0 0 78546 100 0 0
SEP
CPU yadrolab-wp11 1745516583 2025/04/24 20:43:03 1 100 24 58 307 4 2021 3 0 0 0 0 78308 100 0 0
SEP
CPU yadrolab-wp11 1745516584 2025/04/24 20:43:04 1 100 24 61 308 3 2015 1 0 0 0 0 78809 100 0 0
SEP
CPU yadrolab-wp11 1745516585 2025/04/24 20:43:05 1 100 24 59 308 3 2007 5 0 0 0 0 78927 100 0 0
SEP
CPU yadrolab-wp11 1745516586 2025/04/24 20:43:06 1 100 24 76 331 3 1984 5 0 1 0 0 77888 100 0 0
SEP
CPU yadrolab-wp11 1745516587 2025/04/24 20:43:07 1 100 24 60 312 4 2015 3 0 0 0 0 77583 100 0 0
SEP
CPU yadrolab-wp11 1745516588 2025/04/24 20:43:08 1 100 24 70 311 2 1997 4 0 0 0 0 77530 100 0 0
SEP
CPU yadrolab-wp11 1745516589 2025/04/24 20:43:09 1 100 24 67 344 2 1970 3 0 0 0 0 76910 100 0 0
SEP
CPU yadrolab-wp11 1745516590 2025/04/24 20:43:10 1 100 24 53 150 4 2168 4 0 0 0 0 107856 100 0 0
SEP
CPU yadrolab-wp11 1745516591 2025/04/24 20:43:11 1 100 24 58 295 3 2032 5 0 0 0 0 76691 100 0 0
SEP
CPU yadrolab-wp11 1745516592 2025/04/24 20:43:12 1 100 24 45 290 1 2042 3 0 0 0 0 52972 100 0 0
SEP
CPU yadrolab-wp11 1745516593 2025/04/24 20:43:13 1 100 24 55 307 18 2003 1 0 0 0 0 78049 100 0 0
SEP
CPU yadrolab-wp11 1745516594 2025/04/24 20:43:14 1 100 24 58 329 2 1992 4 0 0 0 0 78907 100 0 0
SEP
CPU yadrolab-wp11 1745516595 2025/04/24 20:43:15 1 100 24 58 322 2 2007 1 0 0 0 0 78486 100 0 0
SEP
CPU yadrolab-wp11 1745516596 2025/04/24 20:43:16 1 100 24 68 312 1 2000 3 0 1 0 0 78773 100 0 0
SEP
CPU yadrolab-wp11 1745516597 2025/04/24 20:43:17 1 100 24 60 297 2 2007 6 0 0 0 0 77681 100 0 0
SEP
CPU yadrolab-wp11 1745516598 2025/04/24 20:43:18 1 100 24 75 131 5 2168 3 0 0 0 0 79757 100 0 0
SEP
CPU yadrolab-wp11 1745516599 2025/04/24 20:43:19 1 100 24 58 321 3 2010 2 0 0 0 0 75836 100 0 0
SEP
CPU yadrolab-wp11 1745516600 2025/04/24 20:43:20 1 100 24 35 278 1 2067 1 0 0 0 0 78355 100 0 0
SEP
CPU yadrolab-wp11 1745516601 2025/04/24 20:43:21 1 100 24 78 320 2 1994 3 0 0 0 0 78077 100 0 0
SEP
CPU yadrolab-wp11 1745516602 2025/04/24 20:43:22 1 100 24 74 328 3 1985 6 0 0 0 0 78591 100 0 0
SEP
CPU yadrolab-wp11 1745516603 2025/04/24 20:43:23 1 100 24 55 310 4 2016 2 0 0 0 0 79782 100 0 0
SEP
CPU yadrolab-wp11 1745516604 2025/04/24 20:43:24 1 100 24 67 327 2 1985 6 0 0 0 0 76903 100 0 0
SEP
CPU yadrolab-wp11 1745516605 2025/04/24 20:43:25 1 100 24 64 318 2 1996 4 0 0 0 0 78153 100 0 0
SEP
CPU yadrolab-wp11 1745516606 2025/04/24 20:43:26 1 100 24 64 342 2 1976 4 0 0 0 0 78670 100 0 0
SEP
CPU yadrolab-wp11 1745516607 2025/04/24 20:43:27 1 100 24 70 131 5 2170 3 0 0 0 0 75551 100 0 0
SEP
CPU yadrolab-wp11 1745516608 2025/04/24 20:43:28 1 100 24 66 331 6 1980 5 0 0 0 0 77208 100 0 0
SEP
CPU yadrolab-wp11 1745516609 2025/04/24 20:43:29 1 100 24 25 284 2 2082 1 0 0 0 0 75626 100 0 0
SEP
CPU yadrolab-wp11 1745516610 2025/04/24 20:43:30 1 100 24 66 300 4 2008 3 0 0 0 0 78405 100 0 0
SEP
CPU yadrolab-wp11 1745516611 2025/04/24 20:43:31 1 100 24 60 325 3 1994 1 0 0 0 0 78287 100 0 0
SEP
CPU yadrolab-wp11 1745516612 2025/04/24 20:43:32 1 100 24 64 310 3 2008 2 0 0 0 0 77964 100 0 0
SEP
CPU yadrolab-wp11 1745516613 2025/04/24 20:43:33 1 100 24 47 296 2 2042 1 0 0 0 0 79336 100 0 0
SEP
CPU yadrolab-wp11 1745516614 2025/04/24 20:43:34 1 100 24 49 286 1 2044 2 0 0 0 0 79440 100 0 0
SEP
CPU yadrolab-wp11 1745516615 2025/04/24 20:43:35 1 100 24 53 307 3 2004 1 0 0 0 0 76931 100 0 0
SEP
CPU yadrolab-wp11 1745516616 2025/04/24 20:43:36 1 100 24 49 291 1 2036 2 0 0 0 0 77857 100 0 0
SEP
CPU yadrolab-wp11 1745516617 2025/04/24 20:43:37 1 100 24 55 191 18 2138 2 0 0 0 0 107802 100 0 0
SEP
CPU yadrolab-wp11 1745516618 2025/04/24 20:43:38 1 100 24 54 227 1 2101 1 0 0 0 0 77363 100 0 0
SEP
CPU yadrolab-wp11 1745516619 2025/04/24 20:43:39 1 100 24 54 310 2 2014 2 0 0 0 0 76237 100 0 0
SEP
CPU yadrolab-wp11 1745516620 2025/04/24 20:43:40 1 100 24 52 309 2 2031 3 0 0 0 0 79450 100 0 0
SEP
CPU yadrolab-wp11 1745516621 2025/04/24 20:43:41 1 100 24 62 300 84 1941 1 0 0 0 0 78470 100 0 0
SEP
CPU yadrolab-wp11 1745516622 2025/04/24 20:43:42 1 100 24 34 280 2 2073 1 0 0 0 0 70540 100 0 0
SEP
CPU yadrolab-wp11 1745516623 2025/04/24 20:43:43 1 100 24 41 302 7 2045 1 0 0 0 0 77791 100 0 0
SEP
CPU yadrolab-wp11 1745516624 2025/04/24 20:43:44 1 100 24 50 261 45 2026 2 0 0 0 0 78555 100 0 0
SEP
CPU yadrolab-wp11 1745516625 2025/04/24 20:43:45 1 100 24 46 300 2 2033 3 0 0 0 0 80492 100 0 0
SEP
CPU yadrolab-wp11 1745516626 2025/04/24 20:43:46 1 100 24 44 317 2 2028 2 0 0 0 0 80286 100 0 0
SEP
CPU yadrolab-wp11 1745516627 2025/04/24 20:43:47 1 100 24 52 313 2 2022 2 0 0 0 0 79814 100 0 0
SEP
CPU yadrolab-wp11 1745516628 2025/04/24 20:43:48 1 100 24 67 318 4 1992 1 0 0 0 0 76908 100 0 0
SEP
CPU yadrolab-wp11 1745516629 2025/04/24 20:43:49 1 100 24 36 299 2 2047 2 0 0 0 0 78962 100 0 0
SEP
CPU yadrolab-wp11 1745516630 2025/04/24 20:43:50 1 100 24 68 323 5 1979 1 0 0 0 0 78754 100 0 0
SEP
CPU yadrolab-wp11 1745516631 2025/04/24 20:43:51 1 100 24 64 315 3 1999 2 0 0 0 0 76637 100 0 0
SEP
CPU yadrolab-wp11 1745516632 2025/04/24 20:43:52 1 100 24 74 331 3 1984 1 0 0 0 0 77748 100 0 0
SEP
CPU yadrolab-wp11 1745516633 2025/04/24 20:43:53 1 100 24 66 121 1 2194 2 0 0 0 0 75173 100 0 0
SEP
CPU yadrolab-wp11 1745516634 2025/04/24 20:43:54 1 100 24 68 314 4 1999 1 0 0 0 0 75895 100 0 0
SEP
CPU yadrolab-wp11 1745516635 2025/04/24 20:43:55 1 100 24 49 301 2 2034 2 0 0 0 0 78733 100 0 0
SEP
CPU yadrolab-wp11 1745516636 2025/04/24 20:43:56 1 100 24 29 274 2 2081 1 0 0 0 0 77698 100 0 0
SEP
CPU yadrolab-wp11 1745516637 2025/04/24 20:43:57 1 100 24 58 300 2 2018 1 0 0 0 0 79775 100 0 0
SEP
CPU yadrolab-wp11 1745516638 2025/04/24 20:43:58 1 100 24 57 314 1 2010 2 0 0 0 0 79964 100 0 0
SEP
CPU yadrolab-wp11 1745516639 2025/04/24 20:43:59 1 100 24 53 314 3 2024 2 0 0 0 0 78664 100 0 0
SEP
CPU yadrolab-wp11 1745516640 2025/04/24 20:44:00 1 100 24 85 329 8 1960 3 0 0 0 0 77512 100 0 0
SEP
CPU yadrolab-wp11 1745516641 2025/04/24 20:44:01 1 100 24 65 208 3 2118 6 0 0 0 0 107901 100 0 0
SEP
CPU yadrolab-wp11 1745516642 2025/04/24 20:44:02 1 100 24 51 216 2 2109 2 0 0 0 0 76473 100 0 0
SEP
CPU yadrolab-wp11 1745516643 2025/04/24 20:44:03 1 100 24 45 310 1 2040 1 0 0 0 0 77296 100 0 0
SEP
CPU yadrolab-wp11 1745516644 2025/04/24 20:44:04 1 100 24 64 322 2 1992 2 0 0 0 0 58563 100 0 0
SEP
CPU yadrolab-wp11 1745516645 2025/04/24 20:44:05 1 100 24 48 271 2 2066 0 0 0 0 0 77740 100 0 0
SEP
CPU yadrolab-wp11 1745516646 2025/04/24 20:44:06 1 100 24 38 289 2 2052 2 0 0 0 0 76767 100 0 0
SEP
CPU yadrolab-wp11 1745516647 2025/04/24 20:44:07 1 100 24 62 325 6 2002 2 0 0 0 0 77769 100 0 0
SEP
CPU yadrolab-wp11 1745516648 2025/04/24 20:44:08 1 100 24 44 284 5 2050 2 0 0 0 0 78549 100 0 0
SEP
CPU yadrolab-wp11 1745516649 2025/04/24 20:44:09 1 100 24 62 332 1 2005 3 0 0 0 0 78532 100 0 0
SEP
CPU yadrolab-wp11 1745516650 2025/04/24 20:44:10 1 100 24 59 308 3 2025 1 0 0 0 0 78326 100 0 0
SEP
CPU yadrolab-wp11 1745516651 2025/04/24 20:44:11 1 100 24 61 335 3 1989 3 0 0 0 0 79549 100 0 0
SEP
CPU yadrolab-wp11 1745516652 2025/04/24 20:44:12 1 100 24 80 348 3 1962 1 0 0 0 0 77250 100 0 0
SEP
CPU yadrolab-wp11 1745516653 2025/04/24 20:44:13 1 100 24 52 309 3 2030 2 0 0 0 0 78366 100 0 0
SEP
CPU yadrolab-wp11 1745516654 2025/04/24 20:44:14 1 100 24 54 323 3 2006 1 0 0 0 0 78321 100 0 0
SEP
CPU yadrolab-wp11 1745516655 2025/04/24 20:44:15 1 100 24 65 313 4 2006 2 0 0 0 0 79983 100 0 0
SEP
CPU yadrolab-wp11 1745516656 2025/04/24 20:44:16 1 100 24 60 320 2 2000 2 0 0 0 0 77214 100 0 0
SEP
CPU yadrolab-wp11 1745516657 2025/04/24 20:44:17 1 100 24 40 291 2 2039 2 0 0 0 0 79223 100 0 0
SEP
CPU yadrolab-wp11 1745516658 2025/04/24 20:44:18 1 100 24 60 165 1 2177 1 0 0 0 0 107910 100 0 0
SEP
CPU yadrolab-wp11 1745516659 2025/04/24 20:44:19 1 100 24 64 294 2 2024 3 0 0 0 0 76894 100 0 0
SEP
CPU yadrolab-wp11 1745516660 2025/04/24 20:44:20 1 100 24 29 299 3 2063 1 0 0 0 0 76860 100 0 0
SEP
CPU yadrolab-wp11 1745516661 2025/04/24 20:44:21 1 100 24 44 297 1 2053 1 0 0 0 0 77708 100 0 0
SEP
CPU yadrolab-wp11 1745516662 2025/04/24 20:44:22 1 100 24 70 322 2 1994 1 0 0 0 0 79153 100 0 0
SEP
CPU yadrolab-wp11 1745516663 2025/04/24 20:44:23 1 100 24 66 316 2 2010 2 0 0 0 0 76468 100 0 0
SEP
CPU yadrolab-wp11 1745516664 2025/04/24 20:44:24 1 100 24 54 307 3 2016 2 0 0 0 0 78658 100 0 0
SEP
CPU yadrolab-wp11 1745516665 2025/04/24 20:44:25 1 100 24 65 317 1 2015 1 0 0 0 0 77569 100 0 0
SEP
CPU yadrolab-wp11 1745516666 2025/04/24 20:44:26 1 100 24 50 310 2 2023 2 0 0 0 0 77354 100 0 0
SEP
CPU yadrolab-wp11 1745516667 2025/04/24 20:44:27 1 100 24 38 300 2 2028 1 0 0 0 0 77891 100 0 0
SEP
CPU yadrolab-wp11 1745516668 2025/04/24 20:44:28 1 100 24 45 300 1 2041 2 0 0 0 0 80726 100 0 0
SEP
CPU yadrolab-wp11 1745516669 2025/04/24 20:44:29 1 100 24 50 316 3 2018 2 0 0 0 0 77558 100 0 0
SEP
CPU yadrolab-wp11 1745516670 2025/04/24 20:44:30 1 100 24 72 138 8 2165 1 0 0 0 0 107958 100 0 0
SEP
CPU yadrolab-wp11 1745516671 2025/04/24 20:44:31 1 100 24 58 306 3 2016 2 0 0 0 0 77339 100 0 0
SEP
CPU yadrolab-wp11 1745516672 2025/04/24 20:44:32 1 100 24 44 290 3 2061 1 0 0 0 0 66909 100 0 0
SEP
CPU yadrolab-wp11 1745516673 2025/04/24 20:44:33 1 100 24 81 300 2 2005 1 0 0 0 0 77045 100 0 0
SEP
CPU yadrolab-wp11 1745516674 2025/04/24 20:44:34 1 100 24 61 323 1 2002 1 0 0 0 0 77219 100 0 0
SEP
CPU yadrolab-wp11 1745516675 2025/04/24 20:44:35 1 100 24 44 298 3 2041 2 0 0 0 0 79187 100 0 0
SEP
CPU yadrolab-wp11 1745516676 2025/04/24 20:44:36 1 100 24 20 29 1 2334 0 0 0 0 0 75692 100 0 0
SEP
CPU yadrolab-wp11 1745516677 2025/04/24 20:44:37 1 100 24 14 8 3 2371 1 0 0 0 0 76420 100 0 0
SEP
CPU yadrolab-wp11 1745516678 2025/04/24 20:44:38 1 100 24 17 6 2 2375 0 0 0 0 0 76618 100 0 0
SEP
CPU yadrolab-wp11 1745516679 2025/04/24 20:44:39 1 100 24 21 7 2 2358 0 0 0 0 0 76074 100 0 0
SEP
CPU yadrolab-wp11 1745516680 2025/04/24 20:44:40 1 100 24 14 3 2 2376 0 0 0 0 0 77120 100 0 0
SEP
CPU yadrolab-wp11 1745516681 2025/04/24 20:44:41 1 100 24 18 6 12 2357 0 0 0 0 0 78396 100 0 0
SEP
CPU yadrolab-wp11 1745516682 2025/04/24 20:44:42 1 100 24 12 9 1 2373 0 0 0 0 0 75527 100 0 0
SEP
CPU yadrolab-wp11 1745516683 2025/04/24 20:44:43 1 100 24 10 7 3 2376 0 0 0 0 0 76325 100 0 0
SEP
CPU yadrolab-wp11 1745516684 2025/04/24 20:44:44 1 100 24 15 7 1 2374 0 0 0 0 0 76980 100 0 0
SEP
CPU yadrolab-wp11 1745516685 2025/04/24 20:44:45 1 100 24 13 7 1 2375 0 0 0 0 0 76835 100 0 0
SEP
