1781 
1823 
1781 
1805 
1882 
1784 
1790 
1873 
1837 
1803 
1727 
1735 
1843 
1870 
1765 
1785 
1666 
1775 
1818 
1817 
1800 
1827 
1817 
1931 
1840 
1761 
1793 
1876 
1825 
1850 
1765 
1795 
1844 
1958 
1704 
1851 
1882 
1861 
1749 
1770 
1807 
1822 
1682 
1782 
1855 
1936 
1816 
1892 
1785 
1731 
1704 
1750 
1863 
1866 
1773 
1729 
1761 
1881 
1708 
1793 
1838 
1828 
1732 
1773 
1817 
1828 
1882 
1889 
1830 
1840 
1738 
1819 
1896 
1842 
1753 
1797 
1781 
1865 
1849 
1823 
1672 
1772 
1887 
1750 
1690 
1712 
1852 
1786 
1903 
1724 
1862 
1781 
1899 
1812 
1714 
1648 
1744 
1751 
1668 
1759 
