               total        used        free      shared  buff/cache   available
Mem:           14514        3549        1434         112        9530       10514
Swap:           2147           3        2144
Total:         16662        3553        3578

               total        used        free      shared  buff/cache   available
Mem:           14514        3593        1384         118        9536       10465
Swap:           2147           3        2144
Total:         16662        3596        3528

               total        used        free      shared  buff/cache   available
Mem:           14514        3605        1375         112        9533       10458
Swap:           2147           3        2144
Total:         16662        3608        3519

               total        used        free      shared  buff/cache   available
Mem:           14514        3501        1479         112        9533       10562
Swap:           2147           3        2144
Total:         16662        3504        3623

               total        used        free      shared  buff/cache   available
Mem:           14514        3472        1510         110        9531       10593
Swap:           2147           3        2144
Total:         16662        3475        3654

               total        used        free      shared  buff/cache   available
Mem:           14514        3447        1535         110        9531       10618
Swap:           2147           3        2144
Total:         16662        3450        3679

               total        used        free      shared  buff/cache   available
Mem:           14514        3434        1548         110        9532       10631
Swap:           2147           3        2144
Total:         16662        3438        3692

               total        used        free      shared  buff/cache   available
Mem:           14514        3437        1547         108        9529       10631
Swap:           2147           3        2144
Total:         16662        3440        3691

               total        used        free      shared  buff/cache   available
Mem:           14514        3433        1549         109        9532       10633
Swap:           2147           3        2144
Total:         16662        3436        3693

               total        used        free      shared  buff/cache   available
Mem:           14514        3425        1557         108        9530       10642
Swap:           2147           3        2144
Total:         16662        3429        3702

               total        used        free      shared  buff/cache   available
Mem:           14514        3429        1549         111        9534       10635
Swap:           2147           3        2144
Total:         16662        3433        3693

               total        used        free      shared  buff/cache   available
Mem:           14514        3572        1404         111        9537       10492
Swap:           2147           3        2144
Total:         16662        3575        3548

               total        used        free      shared  buff/cache   available
Mem:           14514        3556        1416         117        9542       10503
Swap:           2147           3        2144
Total:         16662        3559        3560

               total        used        free      shared  buff/cache   available
Mem:           14514        3644        1324         117        9545       10414
Swap:           2147           3        2144
Total:         16662        3647        3469

               total        used        free      shared  buff/cache   available
Mem:           14514        3585        1386         116        9541       10474
Swap:           2147           3        2144
Total:         16662        3589        3530

               total        used        free      shared  buff/cache   available
Mem:           14514        3625        1345         116        9543       10434
Swap:           2147           3        2144
Total:         16662        3629        3489

               total        used        free      shared  buff/cache   available
Mem:           14514        3605        1371         111        9537       10460
Swap:           2147           3        2144
Total:         16662        3609        3515

               total        used        free      shared  buff/cache   available
Mem:           14514        3637        1338         110        9538       10428
Swap:           2147           3        2144
Total:         16662        3641        3482

               total        used        free      shared  buff/cache   available
Mem:           14514        3641        1330         116        9543       10419
Swap:           2147           3        2144
Total:         16662        3644        3474

               total        used        free      shared  buff/cache   available
Mem:           14514        3591        1381         113        9542       10471
Swap:           2147           3        2144
Total:         16662        3594        3525

               total        used        free      shared  buff/cache   available
Mem:           14514        3637        1334         115        9543       10424
Swap:           2147           3        2144
Total:         16662        3640        3478

               total        used        free      shared  buff/cache   available
Mem:           14514        3589        1387         111        9537       10475
Swap:           2147           3        2144
Total:         16662        3592        3531

               total        used        free      shared  buff/cache   available
Mem:           14514        3633        1339         113        9542       10429
Swap:           2147           3        2144
Total:         16662        3636        3483

               total        used        free      shared  buff/cache   available
Mem:           14514        3615        1362         110        9536       10450
Swap:           2147           3        2144
Total:         16662        3618        3506

               total        used        free      shared  buff/cache   available
Mem:           14514        3640        1337         108        9536       10428
Swap:           2147           3        2144
Total:         16662        3643        3481

               total        used        free      shared  buff/cache   available
Mem:           14514        3554        1425         108        9534       10513
Swap:           2147           3        2144
Total:         16662        3557        3569

               total        used        free      shared  buff/cache   available
Mem:           14514        3605        1372         108        9536       10463
Swap:           2147           3        2144
Total:         16662        3608        3516

               total        used        free      shared  buff/cache   available
Mem:           14514        3572        1405         108        9536       10495
Swap:           2147           3        2144
Total:         16662        3576        3549

               total        used        free      shared  buff/cache   available
Mem:           14514        3568        1403         113        9542       10495
Swap:           2147           3        2144
Total:         16662        3571        3547

               total        used        free      shared  buff/cache   available
Mem:           14514        3567        1403         113        9543       10495
Swap:           2147           3        2144
Total:         16662        3570        3547

               total        used        free      shared  buff/cache   available
Mem:           14514        3536        1435         114        9542       10525
Swap:           2147           3        2144
Total:         16662        3540        3579

               total        used        free      shared  buff/cache   available
Mem:           14514        3611        1358         113        9543       10450
Swap:           2147           3        2144
Total:         16662        3615        3502

               total        used        free      shared  buff/cache   available
Mem:           14514        3554        1417         115        9543       10507
Swap:           2147           3        2144
Total:         16662        3557        3561

               total        used        free      shared  buff/cache   available
Mem:           14514        3574        1398         111        9542       10490
Swap:           2147           3        2144
Total:         16662        3577        3542

               total        used        free      shared  buff/cache   available
Mem:           14514        3534        1442         108        9537       10533
Swap:           2147           3        2144
Total:         16662        3538        3586

               total        used        free      shared  buff/cache   available
Mem:           14514        3588        1387         108        9538       10479
Swap:           2147           3        2144
Total:         16662        3591        3531

               total        used        free      shared  buff/cache   available
Mem:           14514        3553        1423         108        9537       10515
Swap:           2147           3        2144
Total:         16662        3556        3567

               total        used        free      shared  buff/cache   available
Mem:           14514        3562        1413         108        9539       10505
Swap:           2147           3        2144
Total:         16662        3565        3557

               total        used        free      shared  buff/cache   available
Mem:           14514        3580        1387         115        9546       10480
Swap:           2147           3        2144
Total:         16662        3584        3531

               total        used        free      shared  buff/cache   available
Mem:           14514        3495        1476         115        9543       10566
Swap:           2147           3        2144
Total:         16662        3498        3620

               total        used        free      shared  buff/cache   available
Mem:           14514        3580        1387         115        9545       10480
Swap:           2147           3        2144
Total:         16662        3584        3532

               total        used        free      shared  buff/cache   available
Mem:           14514        3473        1498         113        9542       10589
Swap:           2147           3        2144
Total:         16662        3476        3642

               total        used        free      shared  buff/cache   available
Mem:           14514        3500        1469         114        9544       10562
Swap:           2147           3        2144
Total:         16662        3503        3613

               total        used        free      shared  buff/cache   available
Mem:           14514        3556        1409         118        9548       10502
Swap:           2147           3        2144
Total:         16662        3559        3553

               total        used        free      shared  buff/cache   available
Mem:           14514        3576        1390         116        9548       10484
Swap:           2147           3        2144
Total:         16662        3579        3534

               total        used        free      shared  buff/cache   available
Mem:           14514        3536        1429         116        9548       10523
Swap:           2147           3        2144
Total:         16662        3539        3573

               total        used        free      shared  buff/cache   available
Mem:           14514        3516        1449         117        9548       10542
Swap:           2147           3        2144
Total:         16662        3519        3593

               total        used        free      shared  buff/cache   available
Mem:           14514        3555        1414         112        9544       10509
Swap:           2147           3        2144
Total:         16662        3558        3559

               total        used        free      shared  buff/cache   available
Mem:           14514        3511        1458         114        9544       10551
Swap:           2147           3        2144
Total:         16662        3514        3603

               total        used        free      shared  buff/cache   available
Mem:           14514        3601        1369         111        9543       10463
Swap:           2147           3        2144
Total:         16662        3605        3513

               total        used        free      shared  buff/cache   available
Mem:           14514        3541        1433         108        9539       10526
Swap:           2147           3        2144
Total:         16662        3545        3577

               total        used        free      shared  buff/cache   available
Mem:           14514        3582        1390         108        9541       10485
Swap:           2147           3        2144
Total:         16662        3586        3534

               total        used        free      shared  buff/cache   available
Mem:           14514        3550        1423         108        9539       10517
Swap:           2147           3        2144
Total:         16662        3554        3567

               total        used        free      shared  buff/cache   available
Mem:           14514        3580        1392         108        9541       10487
Swap:           2147           3        2144
Total:         16662        3584        3536

               total        used        free      shared  buff/cache   available
Mem:           14514        3561        1413         108        9540       10506
Swap:           2147           3        2144
Total:         16662        3564        3557

               total        used        free      shared  buff/cache   available
Mem:           14514        3578        1394         108        9541       10488
Swap:           2147           3        2144
Total:         16662        3582        3538

               total        used        free      shared  buff/cache   available
Mem:           14514        3619        1354         108        9541       10448
Swap:           2147           3        2144
Total:         16662        3622        3498

               total        used        free      shared  buff/cache   available
Mem:           14514        3538        1436         108        9539       10529
Swap:           2147           3        2144
Total:         16662        3541        3580

               total        used        free      shared  buff/cache   available
Mem:           14514        3584        1388         108        9541       10483
Swap:           2147           3        2144
Total:         16662        3587        3532

               total        used        free      shared  buff/cache   available
Mem:           14514        3520        1450         111        9542       10544
Swap:           2147           3        2144
Total:         16662        3524        3594

               total        used        free      shared  buff/cache   available
Mem:           14514        3568        1400         112        9545       10495
Swap:           2147           3        2144
Total:         16662        3572        3544

               total        used        free      shared  buff/cache   available
Mem:           14514        3536        1434         112        9543       10527
Swap:           2147           3        2144
Total:         16662        3540        3578

               total        used        free      shared  buff/cache   available
Mem:           14514        3570        1400         108        9543       10497
Swap:           2147           3        2144
Total:         16662        3574        3544

               total        used        free      shared  buff/cache   available
Mem:           14514        3542        1430         108        9541       10525
Swap:           2147           3        2144
Total:         16662        3546        3574

               total        used        free      shared  buff/cache   available
Mem:           14514        3577        1393         109        9543       10490
Swap:           2147           3        2144
Total:         16662        3580        3537

               total        used        free      shared  buff/cache   available
Mem:           14514        3538        1433         109        9542       10528
Swap:           2147           3        2144
Total:         16662        3542        3577

               total        used        free      shared  buff/cache   available
Mem:           14514        3521        1446         112        9547       10543
Swap:           2147           3        2144
Total:         16662        3524        3590

               total        used        free      shared  buff/cache   available
Mem:           14514        3563        1403         112        9547       10500
Swap:           2147           3        2144
Total:         16662        3567        3547

               total        used        free      shared  buff/cache   available
Mem:           14514        3526        1446         108        9541       10541
Swap:           2147           3        2144
Total:         16662        3529        3590

               total        used        free      shared  buff/cache   available
Mem:           14514        3591        1379         108        9544       10476
Swap:           2147           3        2144
Total:         16662        3594        3523

               total        used        free      shared  buff/cache   available
Mem:           14514        3501        1470         108        9542       10566
Swap:           2147           3        2144
Total:         16662        3504        3614

               total        used        free      shared  buff/cache   available
Mem:           14514        3565        1404         109        9544       10502
Swap:           2147           3        2144
Total:         16662        3569        3548

               total        used        free      shared  buff/cache   available
Mem:           14514        3512        1459         108        9542       10555
Swap:           2147           3        2144
Total:         16662        3515        3603

               total        used        free      shared  buff/cache   available
Mem:           14514        3518        1451         109        9545       10549
Swap:           2147           3        2144
Total:         16662        3521        3595

               total        used        free      shared  buff/cache   available
Mem:           14514        3488        1482         109        9543       10579
Swap:           2147           3        2144
Total:         16662        3491        3626

               total        used        free      shared  buff/cache   available
Mem:           14514        3506        1468         103        9539       10566
Swap:           2147           3        2144
Total:         16662        3510        3612

               total        used        free      shared  buff/cache   available
Mem:           14514        3474        1500         103        9539       10598
Swap:           2147           3        2144
Total:         16662        3478        3644

               total        used        free      shared  buff/cache   available
Mem:           14514        3451        1523         103        9539       10621
Swap:           2147           3        2144
Total:         16662        3455        3667

               total        used        free      shared  buff/cache   available
Mem:           14514        3491        1483         103        9539       10582
Swap:           2147           3        2144
Total:         16662        3494        3628

               total        used        free      shared  buff/cache   available
Mem:           14514        3464        1511         103        9538       10609
Swap:           2147           3        2144
Total:         16662        3467        3655

               total        used        free      shared  buff/cache   available
Mem:           14514        3524        1450         103        9539       10549
Swap:           2147           3        2144
Total:         16662        3527        3594

               total        used        free      shared  buff/cache   available
Mem:           14514        3481        1488         103        9545       10592
Swap:           2147           3        2144
Total:         16662        3484        3632

               total        used        free      shared  buff/cache   available
Mem:           14514        3541        1426         102        9546       10532
Swap:           2147           3        2144
Total:         16662        3545        3570

               total        used        free      shared  buff/cache   available
Mem:           14514        3534        1436         102        9544       10540
Swap:           2147           3        2144
Total:         16662        3537        3580

               total        used        free      shared  buff/cache   available
Mem:           14514        3526        1441         102        9546       10547
Swap:           2147           3        2144
Total:         16662        3530        3585

               total        used        free      shared  buff/cache   available
Mem:           14514        3556        1413         102        9544       10518
Swap:           2147           3        2144
Total:         16662        3559        3557

               total        used        free      shared  buff/cache   available
Mem:           14514        3536        1431         102        9546       10537
Swap:           2147           3        2144
Total:         16662        3540        3575

               total        used        free      shared  buff/cache   available
Mem:           14514        3554        1413         102        9546       10520
Swap:           2147           3        2144
Total:         16662        3557        3557

               total        used        free      shared  buff/cache   available
Mem:           14514        3480        1490         102        9544       10594
Swap:           2147           3        2144
Total:         16662        3483        3634

               total        used        free      shared  buff/cache   available
Mem:           14514        3507        1460         102        9546       10567
Swap:           2147           3        2144
Total:         16662        3511        3604

               total        used        free      shared  buff/cache   available
Mem:           14514        3449        1517         105        9547       10621
Swap:           2147           3        2144
Total:         16662        3453        3661

               total        used        free      shared  buff/cache   available
Mem:           14514        3512        1450         105        9551       10558
Swap:           2147           3        2144
Total:         16662        3516        3594

               total        used        free      shared  buff/cache   available
Mem:           14514        3469        1496         105        9548       10602
Swap:           2147           3        2144
Total:         16662        3472        3640

               total        used        free      shared  buff/cache   available
Mem:           14514        3496        1470         102        9547       10578
Swap:           2147           3        2144
Total:         16662        3499        3615

               total        used        free      shared  buff/cache   available
Mem:           14514        3496        1472         102        9546       10578
Swap:           2147           3        2144
Total:         16662        3499        3616

               total        used        free      shared  buff/cache   available
Mem:           14514        3522        1444         102        9547       10552
Swap:           2147           3        2144
Total:         16662        3525        3588

               total        used        free      shared  buff/cache   available
Mem:           14514        3517        1449         102        9547       10556
Swap:           2147           3        2144
Total:         16662        3521        3593

               total        used        free      shared  buff/cache   available
Mem:           14514        3501        1465         102        9547       10573
Swap:           2147           3        2144
Total:         16662        3504        3610

               total        used        free      shared  buff/cache   available
Mem:           14514        3495        1471         102        9547       10579
Swap:           2147           3        2144
Total:         16662        3498        3615

               total        used        free      shared  buff/cache   available
Mem:           14514        3443        1525         102        9545       10631
Swap:           2147           3        2144
Total:         16662        3446        3669

               total        used        free      shared  buff/cache   available
Mem:           14514        3513        1453         102        9548       10561
Swap:           2147           3        2144
Total:         16662        3516        3597

               total        used        free      shared  buff/cache   available
Mem:           14514        3444        1523         102        9545       10629
Swap:           2147           3        2144
Total:         16662        3448        3667

               total        used        free      shared  buff/cache   available
Mem:           14514        3523        1442         102        9548       10550
Swap:           2147           3        2144
Total:         16662        3527        3586

               total        used        free      shared  buff/cache   available
Mem:           14514        3528        1439         102        9546       10545
Swap:           2147           3        2144
Total:         16662        3532        3583

               total        used        free      shared  buff/cache   available
Mem:           14514        3480        1486         102        9548       10594
Swap:           2147           3        2144
Total:         16662        3483        3630

               total        used        free      shared  buff/cache   available
Mem:           14514        3502        1463         102        9548       10571
Swap:           2147           3        2144
Total:         16662        3505        3607

               total        used        free      shared  buff/cache   available
Mem:           14514        3431        1536         102        9547       10643
Swap:           2147           3        2144
Total:         16662        3434        3680

               total        used        free      shared  buff/cache   available
Mem:           14514        3497        1468         102        9548       10577
Swap:           2147           3        2144
Total:         16662        3500        3612

               total        used        free      shared  buff/cache   available
Mem:           14514        3462        1506         102        9546       10612
Swap:           2147           3        2144
Total:         16662        3465        3650

               total        used        free      shared  buff/cache   available
Mem:           14514        3529        1436         102        9548       10545
Swap:           2147           3        2144
Total:         16662        3532        3580

               total        used        free      shared  buff/cache   available
Mem:           14514        3474        1494         102        9546       10600
Swap:           2147           3        2144
Total:         16662        3477        3638

               total        used        free      shared  buff/cache   available
Mem:           14514        3497        1468         102        9548       10576
Swap:           2147           3        2144
Total:         16662        3501        3612

               total        used        free      shared  buff/cache   available
Mem:           14514        3504        1462         102        9547       10569
Swap:           2147           3        2144
Total:         16662        3507        3606

               total        used        free      shared  buff/cache   available
Mem:           14514        3482        1483         102        9548       10592
Swap:           2147           3        2144
Total:         16662        3485        3627

               total        used        free      shared  buff/cache   available
Mem:           14514        3533        1432         102        9548       10541
Swap:           2147           3        2144
Total:         16662        3536        3576

               total        used        free      shared  buff/cache   available
Mem:           14514        3498        1468         102        9547       10576
Swap:           2147           3        2144
Total:         16662        3501        3612

               total        used        free      shared  buff/cache   available
Mem:           14514        3533        1432         102        9549       10541
Swap:           2147           3        2144
Total:         16662        3536        3576

               total        used        free      shared  buff/cache   available
Mem:           14514        3504        1463         102        9546       10569
Swap:           2147           3        2144
Total:         16662        3508        3607

               total        used        free      shared  buff/cache   available
Mem:           14514        3516        1448         102        9549       10557
Swap:           2147           3        2144
Total:         16662        3520        3592

               total        used        free      shared  buff/cache   available
Mem:           14514        3481        1481         105        9550       10589
Swap:           2147           3        2144
Total:         16662        3485        3626

               total        used        free      shared  buff/cache   available
Mem:           14514        3494        1467         105        9552       10576
Swap:           2147           3        2144
Total:         16662        3497        3611

               total        used        free      shared  buff/cache   available
Mem:           14514        3477        1488         102        9548       10596
Swap:           2147           3        2144
Total:         16662        3481        3632

               total        used        free      shared  buff/cache   available
Mem:           14514        3494        1472          99        9546       10582
Swap:           2147           3        2144
Total:         16662        3498        3616

               total        used        free      shared  buff/cache   available
Mem:           14514        3504        1462          99        9546       10572
Swap:           2147           3        2144
Total:         16662        3508        3606

               total        used        free      shared  buff/cache   available
Mem:           14514        3446        1523          99        9544       10630
Swap:           2147           3        2144
Total:         16662        3450        3667

               total        used        free      shared  buff/cache   available
Mem:           14514        3513        1453          99        9547       10563
Swap:           2147           3        2144
Total:         16662        3517        3597

               total        used        free      shared  buff/cache   available
Mem:           14514        3520        1446         101        9547       10554
Swap:           2147           3        2144
Total:         16662        3524        3590

               total        used        free      shared  buff/cache   available
Mem:           14514        3530        1434         102        9549       10544
Swap:           2147           3        2144
Total:         16662        3533        3578

               total        used        free      shared  buff/cache   available
Mem:           14514        3473        1493         102        9547       10601
Swap:           2147           3        2144
Total:         16662        3476        3637

               total        used        free      shared  buff/cache   available
Mem:           14514        3518        1439         108        9556       10549
Swap:           2147           3        2144
Total:         16662        3522        3583

               total        used        free      shared  buff/cache   available
Mem:           14514        3539        1420         108        9554       10528
Swap:           2147           3        2144
Total:         16662        3543        3564

               total        used        free      shared  buff/cache   available
Mem:           14514        3546        1408         111        9559       10518
Swap:           2147           3        2144
Total:         16662        3550        3552

               total        used        free      shared  buff/cache   available
Mem:           14514        3538        1416         111        9559       10526
Swap:           2147           3        2144
Total:         16662        3542        3560

               total        used        free      shared  buff/cache   available
Mem:           14514        3502        1455         108        9556       10565
Swap:           2147           3        2144
Total:         16662        3506        3599

               total        used        free      shared  buff/cache   available
Mem:           14514        3521        1436         108        9556       10546
Swap:           2147           3        2144
Total:         16662        3525        3580

               total        used        free      shared  buff/cache   available
Mem:           14514        3471        1488         108        9554       10596
Swap:           2147           3        2144
Total:         16662        3474        3632

               total        used        free      shared  buff/cache   available
Mem:           14514        3553        1404         108        9556       10514
Swap:           2147           3        2144
Total:         16662        3557        3548

               total        used        free      shared  buff/cache   available
Mem:           14514        3484        1475         108        9554       10583
Swap:           2147           3        2144
Total:         16662        3488        3619

               total        used        free      shared  buff/cache   available
Mem:           14514        3519        1438         108        9556       10548
Swap:           2147           3        2144
Total:         16662        3522        3582

               total        used        free      shared  buff/cache   available
Mem:           14514        3467        1491         108        9554       10600
Swap:           2147           3        2144
Total:         16662        3471        3636

               total        used        free      shared  buff/cache   available
Mem:           14514        3499        1458         108        9556       10568
Swap:           2147           3        2144
Total:         16662        3503        3602

               total        used        free      shared  buff/cache   available
Mem:           14514        3494        1464         108        9555       10573
Swap:           2147           3        2144
Total:         16662        3498        3608

               total        used        free      shared  buff/cache   available
Mem:           14514        3506        1450         108        9556       10561
Swap:           2147           3        2144
Total:         16662        3510        3595

               total        used        free      shared  buff/cache   available
Mem:           14514        3521        1436         108        9556       10546
Swap:           2147           3        2144
Total:         16662        3525        3580

               total        used        free      shared  buff/cache   available
Mem:           14514        3488        1469         108        9557       10580
Swap:           2147           3        2144
Total:         16662        3491        3613

               total        used        free      shared  buff/cache   available
Mem:           14514        3542        1414         108        9557       10525
Swap:           2147           3        2144
Total:         16662        3546        3558

               total        used        free      shared  buff/cache   available
Mem:           14514        3495        1464         108        9554       10572
Swap:           2147           3        2144
Total:         16662        3498        3608

               total        used        free      shared  buff/cache   available
Mem:           14514        3530        1426         108        9557       10537
Swap:           2147           3        2144
Total:         16662        3534        3570

               total        used        free      shared  buff/cache   available
Mem:           14514        3465        1494         108        9555       10602
Swap:           2147           3        2144
Total:         16662        3468        3638

               total        used        free      shared  buff/cache   available
Mem:           14514        3522        1434         108        9557       10545
Swap:           2147           3        2144
Total:         16662        3525        3578

               total        used        free      shared  buff/cache   available
Mem:           14514        3493        1462         111        9559       10571
Swap:           2147           3        2144
Total:         16662        3496        3606

               total        used        free      shared  buff/cache   available
Mem:           14514        3493        1460         111        9560       10571
Swap:           2147           3        2144
Total:         16662        3497        3604

               total        used        free      shared  buff/cache   available
Mem:           14514        3510        1444         111        9559       10554
Swap:           2147           3        2144
Total:         16662        3514        3588

               total        used        free      shared  buff/cache   available
Mem:           14514        3469        1487         108        9557       10598
Swap:           2147           3        2144
Total:         16662        3473        3631

               total        used        free      shared  buff/cache   available
Mem:           14514        3485        1471         108        9557       10582
Swap:           2147           3        2144
Total:         16662        3488        3615

               total        used        free      shared  buff/cache   available
Mem:           14514        3451        1507         108        9555       10616
Swap:           2147           3        2144
Total:         16662        3455        3651

               total        used        free      shared  buff/cache   available
Mem:           14514        3506        1450         108        9557       10561
Swap:           2147           3        2144
Total:         16662        3509        3594

               total        used        free      shared  buff/cache   available
Mem:           14514        3455        1504         108        9555       10613
Swap:           2147           3        2144
Total:         16662        3458        3648

               total        used        free      shared  buff/cache   available
Mem:           14514        3525        1430         108        9558       10542
Swap:           2147           3        2144
Total:         16662        3529        3574

               total        used        free      shared  buff/cache   available
Mem:           14514        3528        1429         108        9556       10539
Swap:           2147           3        2144
Total:         16662        3531        3573

               total        used        free      shared  buff/cache   available
Mem:           14514        3509        1447         108        9558       10558
Swap:           2147           3        2144
Total:         16662        3512        3591

               total        used        free      shared  buff/cache   available
Mem:           14514        3507        1449         108        9558       10560
Swap:           2147           3        2144
Total:         16662        3510        3593

               total        used        free      shared  buff/cache   available
Mem:           14514        3451        1501         111        9561       10613
Swap:           2147           3        2144
Total:         16662        3455        3645

               total        used        free      shared  buff/cache   available
Mem:           14514        3485        1463         116        9566       10575
Swap:           2147           3        2144
Total:         16662        3488        3607

               total        used        free      shared  buff/cache   available
Mem:           14514        3468        1483         115        9563       10593
Swap:           2147           3        2144
Total:         16662        3471        3627

               total        used        free      shared  buff/cache   available
Mem:           14514        3514        1434         115        9564       10546
Swap:           2147           3        2144
Total:         16662        3518        3578

               total        used        free      shared  buff/cache   available
Mem:           14514        3524        1427         113        9562       10538
Swap:           2147           3        2144
Total:         16662        3528        3571

               total        used        free      shared  buff/cache   available
Mem:           14514        3575        1381         107        9557       10493
Swap:           2147           3        2144
Total:         16662        3579        3525

               total        used        free      shared  buff/cache   available
Mem:           14514        3540        1417         107        9556       10528
Swap:           2147           3        2144
Total:         16662        3544        3561

               total        used        free      shared  buff/cache   available
Mem:           14514        3490        1464         109        9559       10576
Swap:           2147           3        2144
Total:         16662        3493        3608

               total        used        free      shared  buff/cache   available
Mem:           14514        3513        1439         111        9561       10552
Swap:           2147           3        2144
Total:         16662        3516        3583

               total        used        free      shared  buff/cache   available
Mem:           14514        3481        1468         114        9564       10581
Swap:           2147           3        2144
Total:         16662        3484        3613

               total        used        free      shared  buff/cache   available
Mem:           14514        3514        1439         110        9561       10551
Swap:           2147           3        2144
Total:         16662        3517        3583

               total        used        free      shared  buff/cache   available
Mem:           14514        3449        1505         110        9558       10616
Swap:           2147           3        2144
Total:         16662        3453        3650

               total        used        free      shared  buff/cache   available
Mem:           14514        3514        1434         114        9564       10547
Swap:           2147           3        2144
Total:         16662        3518        3578

               total        used        free      shared  buff/cache   available
Mem:           14514        3506        1444         114        9563       10555
Swap:           2147           3        2144
Total:         16662        3510        3588

               total        used        free      shared  buff/cache   available
Mem:           14514        3556        1392         115        9565       10505
Swap:           2147           3        2144
Total:         16662        3559        3536

               total        used        free      shared  buff/cache   available
Mem:           14514        3618        1315         130        9580       10427
Swap:           2147           3        2144
Total:         16662        3621        3459

               total        used        free      shared  buff/cache   available
Mem:           14514        3600        1332         129        9581       10446
Swap:           2147           3        2144
Total:         16662        3603        3477

               total        used        free      shared  buff/cache   available
Mem:           14514        3592        1342         129        9579       10455
Swap:           2147           3        2144
Total:         16662        3595        3486

               total        used        free      shared  buff/cache   available
Mem:           14514        3592        1341         129        9580       10455
Swap:           2147           3        2144
Total:         16662        3595        3485

               total        used        free      shared  buff/cache   available
Mem:           14514        3619        1314         129        9581       10428
Swap:           2147           3        2144
Total:         16662        3622        3458

               total        used        free      shared  buff/cache   available
Mem:           14514        3585        1349         130        9579       10461
Swap:           2147           3        2144
Total:         16662        3588        3493

               total        used        free      shared  buff/cache   available
Mem:           14514        3655        1277         129        9581       10391
Swap:           2147           3        2144
Total:         16662        3658        3421

               total        used        free      shared  buff/cache   available
Mem:           14514        3620        1319         125        9575       10431
Swap:           2147           3        2144
Total:         16662        3623        3463

               total        used        free      shared  buff/cache   available
Mem:           14514        3640        1298         123        9575       10412
Swap:           2147           3        2144
Total:         16662        3643        3442

               total        used        free      shared  buff/cache   available
Mem:           14514        3619        1319         123        9575       10433
Swap:           2147           3        2144
Total:         16662        3623        3463

               total        used        free      shared  buff/cache   available
Mem:           14514        3563        1378         123        9573       10490
Swap:           2147           3        2144
Total:         16662        3566        3522

               total        used        free      shared  buff/cache   available
Mem:           14514        3642        1296         123        9575       10410
Swap:           2147           3        2144
Total:         16662        3645        3440

               total        used        free      shared  buff/cache   available
Mem:           14514        3585        1358         121        9571       10470
Swap:           2147           3        2144
Total:         16662        3588        3502

               total        used        free      shared  buff/cache   available
Mem:           14514        3613        1327         121        9573       10441
Swap:           2147           3        2144
Total:         16662        3617        3471

               total        used        free      shared  buff/cache   available
Mem:           14514        3544        1399         121        9571       10511
Swap:           2147           3        2144
Total:         16662        3547        3543

               total        used        free      shared  buff/cache   available
Mem:           14514        3512        1431         123        9571       10541
Swap:           2147           3        2144
Total:         16662        3515        3575

               total        used        free      shared  buff/cache   available
Mem:           14514        3501        1445         119        9568       10555
Swap:           2147           3        2144
Total:         16662        3504        3589

               total        used        free      shared  buff/cache   available
Mem:           14514        3503        1442         120        9568       10553
Swap:           2147           3        2144
Total:         16662        3506        3586

               total        used        free      shared  buff/cache   available
Mem:           14514        3451        1495         119        9567       10605
Swap:           2147           3        2144
Total:         16662        3454        3639

               total        used        free      shared  buff/cache   available
Mem:           14514        3441        1503         121        9569       10613
Swap:           2147           3        2144
Total:         16662        3445        3647

               total        used        free      shared  buff/cache   available
Mem:           14514        3445        1500         120        9568       10610
Swap:           2147           3        2144
Total:         16662        3448        3644

               total        used        free      shared  buff/cache   available
Mem:           14514        3442        1504         119        9567       10614
Swap:           2147           3        2144
Total:         16662        3445        3648

               total        used        free      shared  buff/cache   available
Mem:           14514        3437        1509         119        9567       10619
Swap:           2147           3        2144
Total:         16662        3441        3653

               total        used        free      shared  buff/cache   available
Mem:           14514        3436        1510         119        9567       10621
Swap:           2147           3        2144
Total:         16662        3439        3654
