RESET
CPU laptop 1745507439 2025/04/24 18:10:39 629009 100 12 2295831 4898205 66815 146405585 175238 0 70512 0 0 24040 100 0 0
SEP
CPU laptop 1745507440 2025/04/24 18:10:40 1 100 12 121 70 0 991 0 0 1 0 0 20259 100 0 0
SEP
CPU laptop 1745507441 2025/04/24 18:10:41 1 100 12 110 53 0 1024 1 0 0 0 0 20012 100 0 0
SEP
CPU laptop 1745507442 2025/04/24 18:10:42 1 100 12 113 52 0 1025 0 0 0 0 0 20538 100 0 0
SEP
CPU laptop 1745507443 2025/04/24 18:10:43 1 100 12 147 144 0 894 4 0 1 0 0 20833 100 0 0
SEP
CPU laptop 1745507444 2025/04/24 18:10:44 1 100 12 117 68 0 1008 1 0 0 0 0 19886 100 0 0
SEP
CPU laptop 1745507445 2025/04/24 18:10:45 1 100 12 117 50 0 1026 0 0 0 0 0 19054 100 0 0
SEP
CPU laptop 1745507446 2025/04/24 18:10:46 1 100 12 129 129 0 931 0 0 0 0 0 18823 100 0 0
SEP
CPU laptop 1745507447 2025/04/24 18:10:47 1 100 12 127 91 0 964 0 0 0 0 0 19873 100 0 0
SEP
CPU laptop 1745507448 2025/04/24 18:10:48 1 100 12 117 64 0 1002 7 0 1 0 0 18770 100 0 0
SEP
CPU laptop 1745507449 2025/04/24 18:10:49 1 100 12 118 69 0 994 0 0 0 0 0 21537 100 0 0
SEP
CPU laptop 1745507450 2025/04/24 18:10:50 1 100 12 219 267 1 674 18 0 2 0 0 20396 100 0 0
SEP
CPU laptop 1745507451 2025/04/24 18:10:51 1 100 12 211 284 1 658 15 0 0 0 0 26542 100 0 0
SEP
CPU laptop 1745507452 2025/04/24 18:10:52 1 100 12 206 278 1 670 15 0 3 0 0 23497 100 0 0
SEP
CPU laptop 1745507453 2025/04/24 18:10:53 1 100 12 203 330 1 628 17 0 0 0 0 29035 100 0 0
SEP
CPU laptop 1745507454 2025/04/24 18:10:54 1 100 12 194 258 1 705 17 0 2 0 0 29531 100 0 0
SEP
CPU laptop 1745507455 2025/04/24 18:10:55 1 100 12 163 257 1 725 26 0 1 0 0 35568 100 0 0
SEP
CPU laptop 1745507456 2025/04/24 18:10:56 1 100 12 165 246 1 744 20 0 0 0 0 38950 100 0 0
SEP
CPU laptop 1745507457 2025/04/24 18:10:57 1 100 12 153 274 0 734 18 0 2 0 0 47896 100 0 0
SEP
CPU laptop 1745507458 2025/04/24 18:10:58 1 100 12 151 369 1 644 13 0 0 0 0 47896 100 0 0
SEP
CPU laptop 1745507459 2025/04/24 18:10:59 1 100 12 161 310 1 682 16 0 2 0 0 28174 100 0 0
SEP
CPU laptop 1745507460 2025/04/24 18:11:00 1 100 12 159 274 1 714 24 0 1 0 0 23561 100 0 0
SEP
CPU laptop 1745507461 2025/04/24 18:11:01 1 100 12 173 274 1 677 51 0 1 0 0 25677 100 0 0
SEP
CPU laptop 1745507462 2025/04/24 18:11:02 1 100 12 174 311 0 669 19 0 1 0 0 35763 100 0 0
SEP
CPU laptop 1745507463 2025/04/24 18:11:03 1 100 12 163 237 1 754 17 0 0 0 0 27803 100 0 0
SEP
CPU laptop 1745507464 2025/04/24 18:11:04 1 100 12 165 376 1 618 17 0 1 0 0 47814 100 0 0
SEP
CPU laptop 1745507465 2025/04/24 18:11:05 1 100 12 154 260 1 742 19 0 1 0 0 27525 100 0 0
SEP
CPU laptop 1745507466 2025/04/24 18:11:06 1 100 12 166 257 1 730 26 0 1 0 0 28433 100 0 0
SEP
CPU laptop 1745507467 2025/04/24 18:11:07 1 100 12 154 227 1 777 18 0 2 0 0 24062 100 0 0
SEP
CPU laptop 1745507468 2025/04/24 18:11:08 1 100 12 139 356 1 672 15 0 2 0 0 47904 100 0 0
SEP
CPU laptop 1745507469 2025/04/24 18:11:09 1 100 12 152 251 0 759 19 0 0 0 0 20789 100 0 0
SEP
CPU laptop 1745507470 2025/04/24 18:11:10 1 100 12 164 247 2 739 27 0 2 0 0 29946 100 0 0
SEP
CPU laptop 1745507471 2025/04/24 18:11:11 1 100 12 163 250 1 738 16 0 1 0 0 34566 100 0 0
SEP
CPU laptop 1745507472 2025/04/24 18:11:12 1 100 12 166 262 0 735 15 0 2 0 0 34554 100 0 0
SEP
CPU laptop 1745507473 2025/04/24 18:11:13 1 100 12 155 360 1 642 17 0 1 0 0 30108 100 0 0
SEP
CPU laptop 1745507474 2025/04/24 18:11:14 1 100 12 176 295 1 681 24 0 2 0 0 21775 100 0 0
SEP
CPU laptop 1745507475 2025/04/24 18:11:15 1 100 12 155 250 1 744 25 0 1 0 0 41964 100 0 0
SEP
CPU laptop 1745507476 2025/04/24 18:11:16 1 100 12 167 267 1 732 18 0 1 0 0 22786 100 0 0
SEP
CPU laptop 1745507477 2025/04/24 18:11:17 1 100 12 148 352 1 667 17 0 1 0 0 46918 100 0 0
SEP
CPU laptop 1745507478 2025/04/24 18:11:18 1 100 12 160 262 1 723 21 0 2 0 0 22834 100 0 0
SEP
CPU laptop 1745507479 2025/04/24 18:11:19 1 100 12 158 235 1 750 27 0 0 0 0 41086 100 0 0
SEP
CPU laptop 1745507480 2025/04/24 18:11:20 1 100 12 158 252 1 745 16 0 2 0 0 38987 100 0 0
SEP
CPU laptop 1745507481 2025/04/24 18:11:21 1 100 12 149 246 1 722 54 0 1 0 0 38948 100 0 0
SEP
CPU laptop 1745507482 2025/04/24 18:11:22 1 100 12 162 248 1 742 20 0 1 0 0 37888 100 0 0
SEP
CPU laptop 1745507483 2025/04/24 18:11:23 1 100 12 155 257 1 744 14 0 3 0 0 23665 100 0 0
SEP
CPU laptop 1745507484 2025/04/24 18:11:24 1 100 12 147 366 1 646 15 0 1 0 0 29971 100 0 0
SEP
CPU laptop 1745507485 2025/04/24 18:11:25 1 100 12 158 246 1 750 19 0 2 0 0 23781 100 0 0
SEP
CPU laptop 1745507486 2025/04/24 18:11:26 1 100 12 158 251 2 747 25 0 1 0 0 23263 100 0 0
SEP
CPU laptop 1745507487 2025/04/24 18:11:27 1 100 12 148 220 0 787 18 0 1 0 0 33639 100 0 0
SEP
CPU laptop 1745507488 2025/04/24 18:11:28 1 100 12 149 313 2 706 16 0 1 0 0 47904 100 0 0
SEP
CPU laptop 1745507489 2025/04/24 18:11:29 1 100 12 149 292 1 721 17 0 2 0 0 21767 100 0 0
SEP
CPU laptop 1745507490 2025/04/24 18:11:30 1 100 12 150 239 1 768 26 0 2 0 0 23254 100 0 0
SEP
CPU laptop 1745507491 2025/04/24 18:11:31 1 100 12 151 237 2 765 21 0 2 0 0 42130 100 0 0
SEP
CPU laptop 1745507492 2025/04/24 18:11:32 1 100 12 142 234 1 782 19 0 2 0 0 23158 100 0 0
SEP
CPU laptop 1745507493 2025/04/24 18:11:33 1 100 12 139 362 1 658 16 0 1 0 0 33690 100 0 0
SEP
CPU laptop 1745507494 2025/04/24 18:11:34 1 100 12 149 225 0 778 24 0 3 0 0 32405 100 0 0
SEP
CPU laptop 1745507495 2025/04/24 18:11:35 1 100 12 168 292 2 681 32 0 1 0 0 43110 100 0 0
SEP
CPU laptop 1745507496 2025/04/24 18:11:36 1 100 12 153 243 1 761 20 0 2 0 0 28204 100 0 0
SEP
CPU laptop 1745507497 2025/04/24 18:11:37 1 100 12 146 301 1 721 15 0 1 0 0 47816 100 0 0
SEP
CPU laptop 1745507498 2025/04/24 18:11:38 1 100 12 143 305 1 716 17 0 0 0 0 23579 100 0 0
SEP
CPU laptop 1745507499 2025/04/24 18:11:39 1 100 12 160 242 1 747 27 0 2 0 0 42525 100 0 0
SEP
CPU laptop 1745507500 2025/04/24 18:11:40 1 100 12 148 227 1 781 19 0 1 0 0 27884 100 0 0
SEP
CPU laptop 1745507501 2025/04/24 18:11:41 1 100 12 136 294 2 733 17 0 1 0 0 47900 100 0 0
SEP
CPU laptop 1745507502 2025/04/24 18:11:42 1 100 12 148 304 0 713 17 0 1 0 0 29736 100 0 0
SEP
CPU laptop 1745507503 2025/04/24 18:11:43 1 100 12 163 251 2 744 25 0 2 0 0 29167 100 0 0
SEP
CPU laptop 1745507504 2025/04/24 18:11:44 1 100 12 157 266 0 729 20 0 1 0 0 27071 100 0 0
SEP
CPU laptop 1745507505 2025/04/24 18:11:45 1 100 12 151 337 1 675 17 0 0 0 0 47806 100 0 0
SEP
CPU laptop 1745507506 2025/04/24 18:11:46 1 100 12 169 299 1 683 24 0 2 0 0 47892 100 0 0
SEP
CPU laptop 1745507507 2025/04/24 18:11:47 1 100 12 173 348 1 641 15 0 0 0 0 23831 100 0 0
SEP
CPU laptop 1745507508 2025/04/24 18:11:48 1 100 12 171 315 1 655 20 0 1 0 0 34288 100 0 0
SEP
CPU laptop 1745507509 2025/04/24 18:11:49 1 100 12 176 327 1 647 22 0 1 0 0 42162 100 0 0
SEP
CPU laptop 1745507510 2025/04/24 18:11:50 1 100 12 170 307 1 680 15 0 1 0 0 25158 100 0 0
SEP
CPU laptop 1745507511 2025/04/24 18:11:51 1 100 12 159 416 1 588 15 0 1 0 0 47896 100 0 0
SEP
CPU laptop 1745507512 2025/04/24 18:11:52 1 100 12 158 282 1 713 19 0 1 0 0 27577 100 0 0
SEP
CPU laptop 1745507513 2025/04/24 18:11:53 1 100 12 170 256 1 721 24 0 0 0 0 31178 100 0 0
SEP
CPU laptop 1745507514 2025/04/24 18:11:54 1 100 12 154 271 1 723 17 0 2 0 0 29774 100 0 0
SEP
CPU laptop 1745507515 2025/04/24 18:11:55 1 100 12 159 384 1 618 14 0 1 0 0 47810 100 0 0
SEP
CPU laptop 1745507516 2025/04/24 18:11:56 1 100 12 173 289 1 692 17 0 0 0 0 32348 100 0 0
SEP
CPU laptop 1745507517 2025/04/24 18:11:57 1 100 12 163 263 1 725 25 0 2 0 0 47902 100 0 0
SEP
CPU laptop 1745507518 2025/04/24 18:11:58 1 100 12 147 228 2 785 20 0 0 0 0 23929 100 0 0
SEP
CPU laptop 1745507519 2025/04/24 18:11:59 1 100 12 146 261 0 755 18 0 2 0 0 47814 100 0 0
SEP
CPU laptop 1745507520 2025/04/24 18:12:00 1 100 12 146 323 1 696 17 0 1 0 0 23433 100 0 0
SEP
CPU laptop 1745507521 2025/04/24 18:12:01 1 100 12 153 258 2 743 25 0 2 0 0 34570 100 0 0
SEP
CPU laptop 1745507522 2025/04/24 18:12:02 1 100 12 151 232 1 772 21 0 2 0 0 32114 100 0 0
SEP
CPU laptop 1745507523 2025/04/24 18:12:03 1 100 12 154 268 0 739 18 0 1 0 0 47728 100 0 0
SEP
CPU laptop 1745507524 2025/04/24 18:12:04 1 100 12 141 327 1 692 17 0 2 0 0 30188 100 0 0
SEP
CPU laptop 1745507525 2025/04/24 18:12:05 1 100 12 151 235 0 769 22 0 1 0 0 36421 100 0 0
SEP
CPU laptop 1745507526 2025/04/24 18:12:06 1 100 12 160 245 1 753 23 0 2 0 0 37459 100 0 0
SEP
CPU laptop 1745507527 2025/04/24 18:12:07 1 100 12 145 233 1 774 18 0 1 0 0 25001 100 0 0
SEP
CPU laptop 1745507528 2025/04/24 18:12:08 1 100 12 142 348 1 678 17 0 1 0 0 46398 100 0 0
SEP
CPU laptop 1745507529 2025/04/24 18:12:09 1 100 12 150 252 1 758 18 0 1 0 0 23268 100 0 0
SEP
CPU laptop 1745507530 2025/04/24 18:12:10 1 100 12 160 250 1 742 26 0 1 0 0 23232 100 0 0
SEP
CPU laptop 1745507531 2025/04/24 18:12:11 1 100 12 142 228 1 785 19 0 0 0 0 26142 100 0 0
SEP
CPU laptop 1745507532 2025/04/24 18:12:12 1 100 12 140 322 1 710 17 0 1 0 0 47900 100 0 0
SEP
CPU laptop 1745507533 2025/04/24 18:12:13 1 100 12 92 95 1 997 6 0 0 0 0 21273 100 0 0
SEP
CPU laptop 1745507534 2025/04/24 18:12:14 1 100 12 113 45 0 1038 0 0 0 0 0 20540 100 0 0
SEP
CPU laptop 1745507535 2025/04/24 18:12:15 1 100 12 115 43 0 1040 0 0 0 0 0 19504 100 0 0
SEP
CPU laptop 1745507536 2025/04/24 18:12:16 1 100 12 126 47 0 1023 0 0 0 0 0 18798 100 0 0
SEP
CPU laptop 1745507537 2025/04/24 18:12:17 1 100 12 109 46 0 1041 1 0 1 0 0 19521 100 0 0
SEP
CPU laptop 1745507538 2025/04/24 18:12:18 1 100 12 109 48 0 1039 1 0 0 0 0 19643 100 0 0
SEP
CPU laptop 1745507539 2025/04/24 18:12:19 1 100 12 109 46 0 1044 0 0 0 0 0 20302 100 0 0
SEP
CPU laptop 1745507540 2025/04/24 18:12:20 1 100 12 108 44 0 1045 0 0 0 0 0 19552 100 0 0
SEP
CPU laptop 1745507541 2025/04/24 18:12:21 1 100 12 110 43 0 1045 0 0 1 0 0 19668 100 0 0
SEP
CPU laptop 1745507542 2025/04/24 18:12:22 1 100 12 107 45 0 1044 2 0 0 0 0 18809 100 0 0
SEP
