1092 
1041 
983 
1009 
920 
827 
780 
793 
895 
839 
855 
814 
830 
967 
791 
862 
859 
795 
810 
788 
769 
813 
839 
789 
829 
809 
830 
771 
833 
822 
819 
789 
845 
795 
786 
857 
1081 
831 
982 
811 
830 
821 
802 
818 
810 
781 
804 
850 
840 
791 
800 
803 
793 
928 
780 
808 
804 
798 
791 
772 
829 
803 
786 
790 
792 
784 
848 
945 
859 
837 
777 
825 
841 
818 
802 
762 
798 
830 
806 
831 
800 
821 
781 
851 
744 
829 
800 
777 
842 
830 
808 
775 
813 
846 
812 
831 
803 
776 
821 
792 
