              total        used        free      shared  buff/cache   available
Mem:          33447        3836        1784         164       27826       28949
Swap:          2147         438        1708
Total:        35595        4275        3493

              total        used        free      shared  buff/cache   available
Mem:          33447        3842        1778         164       27826       28943
Swap:          2147         438        1708
Total:        35595        4281        3487

              total        used        free      shared  buff/cache   available
Mem:          33447        3903        1711         170       27832       28876
Swap:          2147         438        1708
Total:        35595        4341        3420

              total        used        free      shared  buff/cache   available
Mem:          33447        3886        1728         170       27832       28893
Swap:          2147         438        1708
Total:        35595        4325        3437

              total        used        free      shared  buff/cache   available
Mem:          33447        3887        1728         169       27831       28893
Swap:          2147         438        1708
Total:        35595        4326        3437

              total        used        free      shared  buff/cache   available
Mem:          33447        3883        1732         169       27831       28897
Swap:          2147         438        1708
Total:        35595        4322        3441

              total        used        free      shared  buff/cache   available
Mem:          33447        3884        1731         169       27831       28896
Swap:          2147         438        1708
Total:        35595        4323        3440

              total        used        free      shared  buff/cache   available
Mem:          33447        3884        1731         169       27831       28896
Swap:          2147         438        1708
Total:        35595        4322        3440

              total        used        free      shared  buff/cache   available
Mem:          33447        3885        1730         169       27831       28895
Swap:          2147         438        1708
Total:        35595        4324        3439

              total        used        free      shared  buff/cache   available
Mem:          33447        3884        1731         169       27831       28896
Swap:          2147         438        1708
Total:        35595        4322        3440

              total        used        free      shared  buff/cache   available
Mem:          33447        3883        1732         169       27831       28897
Swap:          2147         438        1708
Total:        35595        4322        3440

              total        used        free      shared  buff/cache   available
Mem:          33447        3995        1619         169       27833       28785
Swap:          2147         438        1708
Total:        35595        4433        3328

              total        used        free      shared  buff/cache   available
Mem:          33447        3994        1619         169       27833       28785
Swap:          2147         438        1708
Total:        35595        4433        3328

              total        used        free      shared  buff/cache   available
Mem:          33447        4014        1600         169       27832       28766
Swap:          2147         438        1708
Total:        35595        4452        3309

              total        used        free      shared  buff/cache   available
Mem:          33447        3997        1616         169       27833       28783
Swap:          2147         438        1708
Total:        35595        4435        3325

              total        used        free      shared  buff/cache   available
Mem:          33447        4015        1597         169       27834       28765
Swap:          2147         438        1708
Total:        35595        4453        3306

              total        used        free      shared  buff/cache   available
Mem:          33447        4006        1606         169       27834       28774
Swap:          2147         438        1708
Total:        35595        4445        3314

              total        used        free      shared  buff/cache   available
Mem:          33447        3996        1615         169       27835       28784
Swap:          2147         438        1708
Total:        35595        4434        3324

              total        used        free      shared  buff/cache   available
Mem:          33447        3997        1613         169       27836       28783
Swap:          2147         438        1708
Total:        35595        4436        3322

              total        used        free      shared  buff/cache   available
Mem:          33447        4012        1599         169       27836       28768
Swap:          2147         438        1708
Total:        35595        4450        3308

              total        used        free      shared  buff/cache   available
Mem:          33447        4021        1588         169       27837       28759
Swap:          2147         438        1708
Total:        35595        4460        3297

              total        used        free      shared  buff/cache   available
Mem:          33447        4002        1607         169       27837       28777
Swap:          2147         438        1708
Total:        35595        4441        3316

              total        used        free      shared  buff/cache   available
Mem:          33447        4008        1599         169       27838       28771
Swap:          2147         438        1708
Total:        35595        4447        3308

              total        used        free      shared  buff/cache   available
Mem:          33447        4017        1591         169       27838       28763
Swap:          2147         438        1708
Total:        35595        4455        3300

              total        used        free      shared  buff/cache   available
Mem:          33447        4015        1592         169       27838       28764
Swap:          2147         438        1708
Total:        35595        4454        3301

              total        used        free      shared  buff/cache   available
Mem:          33447        4001        1606         169       27839       28779
Swap:          2147         438        1708
Total:        35595        4439        3315

              total        used        free      shared  buff/cache   available
Mem:          33447        4017        1590         169       27839       28763
Swap:          2147         438        1708
Total:        35595        4455        3299

              total        used        free      shared  buff/cache   available
Mem:          33447        4012        1596         169       27839       28768
Swap:          2147         438        1708
Total:        35595        4450        3305

              total        used        free      shared  buff/cache   available
Mem:          33447        4005        1600         169       27841       28775
Swap:          2147         438        1708
Total:        35595        4443        3309

              total        used        free      shared  buff/cache   available
Mem:          33447        4002        1603         169       27841       28777
Swap:          2147         438        1708
Total:        35595        4441        3312

              total        used        free      shared  buff/cache   available
Mem:          33447        4025        1577         173       27844       28751
Swap:          2147         438        1708
Total:        35595        4464        3286

              total        used        free      shared  buff/cache   available
Mem:          33447        4008        1593         173       27845       28768
Swap:          2147         438        1708
Total:        35595        4447        3302

              total        used        free      shared  buff/cache   available
Mem:          33447        4003        1597         173       27846       28773
Swap:          2147         438        1708
Total:        35595        4442        3306

              total        used        free      shared  buff/cache   available
Mem:          33447        4005        1595         173       27845       28771
Swap:          2147         438        1708
Total:        35595        4444        3304

              total        used        free      shared  buff/cache   available
Mem:          33447        4024        1579         170       27843       28755
Swap:          2147         438        1708
Total:        35595        4463        3288

              total        used        free      shared  buff/cache   available
Mem:          33447        4004        1598         169       27844       28776
Swap:          2147         438        1708
Total:        35595        4442        3307

              total        used        free      shared  buff/cache   available
Mem:          33447        4000        1601         170       27845       28780
Swap:          2147         438        1708
Total:        35595        4439        3310

              total        used        free      shared  buff/cache   available
Mem:          33447        4032        1569         170       27845       28747
Swap:          2147         438        1708
Total:        35595        4471        3278

              total        used        free      shared  buff/cache   available
Mem:          33447        4025        1575         170       27846       28754
Swap:          2147         438        1708
Total:        35595        4464        3284

              total        used        free      shared  buff/cache   available
Mem:          33447        4012        1587         170       27846       28767
Swap:          2147         438        1708
Total:        35595        4451        3296

              total        used        free      shared  buff/cache   available
Mem:          33447        4006        1593         170       27847       28773
Swap:          2147         438        1708
Total:        35595        4445        3301

              total        used        free      shared  buff/cache   available
Mem:          33447        4008        1591         170       27847       28772
Swap:          2147         438        1708
Total:        35595        4446        3300

              total        used        free      shared  buff/cache   available
Mem:          33447        3997        1603         169       27846       28784
Swap:          2147         438        1708
Total:        35595        4435        3312

              total        used        free      shared  buff/cache   available
Mem:          33447        4008        1591         169       27847       28772
Swap:          2147         438        1708
Total:        35595        4447        3300

              total        used        free      shared  buff/cache   available
Mem:          33447        4008        1591         169       27847       28772
Swap:          2147         438        1708
Total:        35595        4447        3300

              total        used        free      shared  buff/cache   available
Mem:          33447        4027        1572         169       27847       28754
Swap:          2147         438        1708
Total:        35595        4465        3281

              total        used        free      shared  buff/cache   available
Mem:          33447        4006        1591         169       27849       28774
Swap:          2147         438        1708
Total:        35595        4445        3300

              total        used        free      shared  buff/cache   available
Mem:          33447        4017        1580         169       27849       28763
Swap:          2147         438        1708
Total:        35595        4456        3289

              total        used        free      shared  buff/cache   available
Mem:          33447        4029        1569         169       27849       28752
Swap:          2147         438        1708
Total:        35595        4467        3278

              total        used        free      shared  buff/cache   available
Mem:          33447        4017        1579         169       27851       28763
Swap:          2147         438        1708
Total:        35595        4455        3287

              total        used        free      shared  buff/cache   available
Mem:          33447        4008        1588         169       27850       28772
Swap:          2147         438        1708
Total:        35595        4447        3296

              total        used        free      shared  buff/cache   available
Mem:          33447        4037        1558         169       27851       28744
Swap:          2147         438        1708
Total:        35595        4475        3267

              total        used        free      shared  buff/cache   available
Mem:          33447        4015        1581         169       27850       28766
Swap:          2147         438        1708
Total:        35595        4453        3290

              total        used        free      shared  buff/cache   available
Mem:          33447        4019        1577         169       27850       28761
Swap:          2147         438        1708
Total:        35595        4458        3286

              total        used        free      shared  buff/cache   available
Mem:          33447        4006        1589         169       27852       28774
Swap:          2147         438        1708
Total:        35595        4444        3297

              total        used        free      shared  buff/cache   available
Mem:          33447        3998        1595         169       27852       28782
Swap:          2147         438        1708
Total:        35595        4437        3304

              total        used        free      shared  buff/cache   available
Mem:          33447        4028        1566         169       27852       28752
Swap:          2147         438        1708
Total:        35595        4467        3275

              total        used        free      shared  buff/cache   available
Mem:          33447        4004        1590         169       27852       28777
Swap:          2147         438        1708
Total:        35595        4442        3299

              total        used        free      shared  buff/cache   available
Mem:          33447        4011        1582         169       27853       28769
Swap:          2147         438        1708
Total:        35595        4449        3291

              total        used        free      shared  buff/cache   available
Mem:          33447        4004        1588         169       27854       28776
Swap:          2147         438        1708
Total:        35595        4443        3297

              total        used        free      shared  buff/cache   available
Mem:          33447        4033        1555         172       27858       28744
Swap:          2147         438        1708
Total:        35595        4472        3264

              total        used        free      shared  buff/cache   available
Mem:          33447        4027        1562         172       27857       28750
Swap:          2147         438        1708
Total:        35595        4465        3271

              total        used        free      shared  buff/cache   available
Mem:          33447        4025        1563         172       27858       28752
Swap:          2147         438        1708
Total:        35595        4464        3272

              total        used        free      shared  buff/cache   available
Mem:          33447        4030        1558         172       27859       28747
Swap:          2147         438        1708
Total:        35595        4468        3267

              total        used        free      shared  buff/cache   available
Mem:          33447        3994        1599         166       27853       28789
Swap:          2147         438        1708
Total:        35595        4433        3308

              total        used        free      shared  buff/cache   available
Mem:          33447        4002        1590         166       27854       28781
Swap:          2147         438        1708
Total:        35595        4441        3299

              total        used        free      shared  buff/cache   available
Mem:          33447        4000        1592         166       27854       28782
Swap:          2147         438        1708
Total:        35595        4439        3301

              total        used        free      shared  buff/cache   available
Mem:          33447        3992        1601         166       27853       28791
Swap:          2147         438        1708
Total:        35595        4430        3310

              total        used        free      shared  buff/cache   available
Mem:          33447        3985        1607         166       27853       28797
Swap:          2147         438        1708
Total:        35595        4424        3316

              total        used        free      shared  buff/cache   available
Mem:          33447        3988        1605         166       27853       28795
Swap:          2147         438        1708
Total:        35595        4427        3314

              total        used        free      shared  buff/cache   available
Mem:          33447        3883        1709         166       27853       28899
Swap:          2147         438        1708
Total:        35595        4322        3418

              total        used        free      shared  buff/cache   available
Mem:          33447        3883        1710         166       27853       28900
Swap:          2147         438        1708
Total:        35595        4321        3419

              total        used        free      shared  buff/cache   available
Mem:          33447        3880        1712         166       27853       28902
Swap:          2147         438        1708
Total:        35595        4319        3421

              total        used        free      shared  buff/cache   available
Mem:          33447        3878        1715         166       27853       28905
Swap:          2147         438        1708
Total:        35595        4317        3424

              total        used        free      shared  buff/cache   available
Mem:          33447        3880        1713         166       27853       28903
Swap:          2147         438        1708
Total:        35595        4318        3422

              total        used        free      shared  buff/cache   available
Mem:          33447        3879        1714         166       27853       28904
Swap:          2147         438        1708
Total:        35595        4318        3423

              total        used        free      shared  buff/cache   available
Mem:          33447        3882        1711         166       27853       28901
Swap:          2147         438        1708
Total:        35595        4320        3420
