RESET
CPU laptop 1745507743 2025/04/24 18:15:43 629313 100 12 2342468 4964077 67056 146645923 180231 0 70825 0 0 17748 100 0 0
SEP
CPU laptop 1745507744 2025/04/24 18:15:44 1 100 12 112 59 0 1024 1 0 1 0 0 17306 100 0 0
SEP
CPU laptop 1745507745 2025/04/24 18:15:45 1 100 12 110 50 0 1033 0 0 0 0 0 19446 100 0 0
SEP
CPU laptop 1745507746 2025/04/24 18:15:46 1 100 12 114 52 0 1031 0 0 0 0 0 18384 100 0 0
SEP
CPU laptop 1745507747 2025/04/24 18:15:47 1 100 12 113 52 0 1030 2 0 0 0 0 19866 100 0 0
SEP
CPU laptop 1745507748 2025/04/24 18:15:48 1 100 12 116 49 0 1031 3 0 0 0 0 17566 100 0 0
SEP
CPU laptop 1745507749 2025/04/24 18:15:49 1 100 12 123 102 0 968 0 0 0 0 0 17093 100 0 0
SEP
CPU laptop 1745507750 2025/04/24 18:15:50 1 100 12 112 48 0 1036 0 0 0 0 0 17780 100 0 0
SEP
CPU laptop 1745507751 2025/04/24 18:15:51 1 100 12 113 46 0 1037 0 0 0 0 0 18236 100 0 0
SEP
CPU laptop 1745507752 2025/04/24 18:15:52 1 100 12 113 48 0 1036 1 0 0 0 0 18890 100 0 0
SEP
CPU laptop 1745507753 2025/04/24 18:15:53 1 100 12 116 49 0 1030 1 0 0 0 0 19294 100 0 0
SEP
CPU laptop 1745507754 2025/04/24 18:15:54 1 100 12 219 247 1 707 11 0 2 0 0 19899 100 0 0
SEP
CPU laptop 1745507755 2025/04/24 18:15:55 1 100 12 117 149 0 930 0 0 0 0 0 19519 100 0 0
SEP
CPU laptop 1745507756 2025/04/24 18:15:56 1 100 12 115 145 0 933 2 0 0 0 0 19194 100 0 0
SEP
CPU laptop 1745507757 2025/04/24 18:15:57 1 100 12 113 151 0 933 0 0 0 0 0 19890 100 0 0
SEP
CPU laptop 1745507758 2025/04/24 18:15:58 1 100 12 119 149 0 928 0 0 1 0 0 20941 100 0 0
SEP
CPU laptop 1745507759 2025/04/24 18:15:59 1 100 12 87 141 0 968 2 0 0 0 0 20086 100 0 0
SEP
CPU laptop 1745507760 2025/04/24 18:16:00 1 100 12 166 264 1 734 17 0 1 0 0 45685 100 0 0
SEP
CPU laptop 1745507761 2025/04/24 18:16:01 1 100 12 86 138 0 971 0 0 0 0 0 19751 100 0 0
SEP
CPU laptop 1745507762 2025/04/24 18:16:02 1 100 12 80 143 0 972 0 0 0 0 0 19751 100 0 0
SEP
CPU laptop 1745507763 2025/04/24 18:16:03 1 100 12 83 143 0 970 0 0 0 0 0 20085 100 0 0
SEP
CPU laptop 1745507764 2025/04/24 18:16:04 1 100 12 104 163 0 922 3 0 1 0 0 24896 100 0 0
SEP
CPU laptop 1745507765 2025/04/24 18:16:05 1 100 12 84 146 0 954 2 0 0 0 0 19748 100 0 0
SEP
CPU laptop 1745507766 2025/04/24 18:16:06 1 100 12 161 250 0 754 15 0 1 0 0 24214 100 0 0
SEP
CPU laptop 1745507767 2025/04/24 18:16:07 1 100 12 85 144 0 959 3 0 1 0 0 26596 100 0 0
SEP
CPU laptop 1745507768 2025/04/24 18:16:08 1 100 12 89 146 0 954 0 0 0 0 0 20092 100 0 0
SEP
CPU laptop 1745507769 2025/04/24 18:16:09 1 100 12 100 164 0 921 2 0 0 0 0 30044 100 0 0
SEP
CPU laptop 1745507770 2025/04/24 18:16:10 1 100 12 119 243 0 833 0 0 1 0 0 22717 100 0 0
SEP
CPU laptop 1745507771 2025/04/24 18:16:11 1 100 12 93 199 0 898 3 0 0 0 0 19762 100 0 0
SEP
CPU laptop 1745507772 2025/04/24 18:16:12 1 100 12 191 259 1 711 18 0 2 0 0 31332 100 0 0
SEP
CPU laptop 1745507773 2025/04/24 18:16:13 1 100 12 113 176 0 895 2 0 0 0 0 20947 100 0 0
SEP
CPU laptop 1745507774 2025/04/24 18:16:14 1 100 12 77 143 0 972 0 0 1 0 0 21758 100 0 0
SEP
CPU laptop 1745507775 2025/04/24 18:16:15 1 100 12 86 143 0 960 0 0 0 0 0 21460 100 0 0
SEP
CPU laptop 1745507776 2025/04/24 18:16:16 1 100 12 101 166 0 923 0 0 1 0 0 20867 100 0 0
SEP
CPU laptop 1745507777 2025/04/24 18:16:17 1 100 12 113 216 0 848 6 0 2 0 0 22704 100 0 0
SEP
CPU laptop 1745507778 2025/04/24 18:16:18 1 100 12 163 224 1 772 18 0 1 0 0 22435 100 0 0
SEP
CPU laptop 1745507779 2025/04/24 18:16:19 1 100 12 86 173 0 926 1 0 1 0 0 25982 100 0 0
SEP
CPU laptop 1745507780 2025/04/24 18:16:20 1 100 12 91 164 0 935 0 0 1 0 0 22352 100 0 0
SEP
CPU laptop 1745507781 2025/04/24 18:16:21 1 100 12 171 306 0 699 2 0 1 0 0 23444 100 0 0
SEP
CPU laptop 1745507782 2025/04/24 18:16:22 1 100 12 102 171 0 910 1 0 0 0 0 22713 100 0 0
SEP
CPU laptop 1745507783 2025/04/24 18:16:23 1 100 12 78 137 0 976 2 0 1 0 0 22058 100 0 0
SEP
CPU laptop 1745507784 2025/04/24 18:16:24 1 100 12 179 229 1 755 18 0 0 0 0 21428 100 0 0
SEP
CPU laptop 1745507785 2025/04/24 18:16:25 1 100 12 83 141 0 971 0 0 1 0 0 23371 100 0 0
SEP
CPU laptop 1745507786 2025/04/24 18:16:26 1 100 12 83 138 0 977 0 0 0 0 0 21864 100 0 0
SEP
CPU laptop 1745507787 2025/04/24 18:16:27 1 100 12 80 150 0 961 3 0 0 0 0 22614 100 0 0
SEP
CPU laptop 1745507788 2025/04/24 18:16:28 1 100 12 100 163 0 930 0 0 0 0 0 19375 100 0 0
SEP
CPU laptop 1745507789 2025/04/24 18:16:29 1 100 12 81 148 0 962 3 0 1 0 0 19749 100 0 0
SEP
CPU laptop 1745507790 2025/04/24 18:16:30 1 100 12 167 252 0 741 17 0 0 0 0 29238 100 0 0
SEP
CPU laptop 1745507791 2025/04/24 18:16:31 1 100 12 87 143 0 961 0 0 0 0 0 25463 100 0 0
SEP
CPU laptop 1745507792 2025/04/24 18:16:32 1 100 12 86 146 0 950 0 0 1 0 0 20873 100 0 0
SEP
CPU laptop 1745507793 2025/04/24 18:16:33 1 100 12 80 144 0 973 0 0 0 0 0 24878 100 0 0
SEP
CPU laptop 1745507794 2025/04/24 18:16:34 1 100 12 103 163 0 916 2 0 1 0 0 23602 100 0 0
SEP
CPU laptop 1745507795 2025/04/24 18:16:35 1 100 12 93 166 0 914 2 0 0 0 0 24736 100 0 0
SEP
CPU laptop 1745507796 2025/04/24 18:16:36 1 100 12 158 248 1 746 15 0 2 0 0 23478 100 0 0
SEP
CPU laptop 1745507797 2025/04/24 18:16:37 1 100 12 92 170 0 919 3 0 1 0 0 20824 100 0 0
SEP
CPU laptop 1745507798 2025/04/24 18:16:38 1 100 12 90 167 0 926 0 0 1 0 0 23049 100 0 0
SEP
CPU laptop 1745507799 2025/04/24 18:16:39 1 100 12 85 152 0 947 0 0 1 0 0 24245 100 0 0
SEP
CPU laptop 1745507800 2025/04/24 18:16:40 1 100 12 105 175 0 905 0 0 0 0 0 22856 100 0 0
SEP
CPU laptop 1745507801 2025/04/24 18:16:41 1 100 12 75 140 0 975 5 0 0 0 0 23475 100 0 0
SEP
CPU laptop 1745507802 2025/04/24 18:16:42 1 100 12 162 230 1 768 19 0 1 0 0 25093 100 0 0
SEP
CPU laptop 1745507803 2025/04/24 18:16:43 1 100 12 78 154 0 956 1 0 0 0 0 20085 100 0 0
SEP
CPU laptop 1745507804 2025/04/24 18:16:44 1 100 12 97 170 0 921 0 0 2 0 0 23457 100 0 0
SEP
CPU laptop 1745507805 2025/04/24 18:16:45 1 100 12 98 168 0 925 0 0 1 0 0 23086 100 0 0
SEP
CPU laptop 1745507806 2025/04/24 18:16:46 1 100 12 126 203 0 859 0 0 1 0 0 43432 100 0 0
SEP
CPU laptop 1745507807 2025/04/24 18:16:47 1 100 12 152 270 0 751 5 0 2 0 0 20067 100 0 0
SEP
CPU laptop 1745507808 2025/04/24 18:16:48 1 100 12 175 277 0 705 19 0 1 0 0 23586 100 0 0
SEP
CPU laptop 1745507809 2025/04/24 18:16:49 1 100 12 92 178 0 915 1 0 1 0 0 19760 100 0 0
SEP
CPU laptop 1745507810 2025/04/24 18:16:50 1 100 12 84 142 0 968 0 0 0 0 0 22010 100 0 0
SEP
CPU laptop 1745507811 2025/04/24 18:16:51 1 100 12 95 169 0 925 0 0 2 0 0 23087 100 0 0
SEP
CPU laptop 1745507812 2025/04/24 18:16:52 1 100 12 99 168 0 921 0 0 3 0 0 23448 100 0 0
SEP
CPU laptop 1745507813 2025/04/24 18:16:53 1 100 12 126 251 0 806 2 0 1 0 0 41690 100 0 0
SEP
CPU laptop 1745507814 2025/04/24 18:16:54 1 100 12 169 286 1 706 17 0 2 0 0 27119 100 0 0
SEP
CPU laptop 1745507815 2025/04/24 18:16:55 1 100 12 102 192 0 888 0 0 0 0 0 23461 100 0 0
SEP
CPU laptop 1745507816 2025/04/24 18:16:56 1 100 12 94 164 0 918 2 0 3 0 0 22281 100 0 0
SEP
CPU laptop 1745507817 2025/04/24 18:16:57 1 100 12 73 137 0 978 0 0 0 0 0 21478 100 0 0
SEP
CPU laptop 1745507818 2025/04/24 18:16:58 1 100 12 103 183 0 894 0 0 1 0 0 22095 100 0 0
SEP
CPU laptop 1745507819 2025/04/24 18:16:59 1 100 12 81 136 0 972 5 0 0 0 0 16700 100 0 0
SEP
CPU laptop 1745507820 2025/04/24 18:17:00 1 100 12 158 226 2 776 16 0 2 0 0 21163 100 0 0
SEP
CPU laptop 1745507821 2025/04/24 18:17:01 1 100 12 85 181 0 930 0 0 2 0 0 23446 100 0 0
SEP
CPU laptop 1745507822 2025/04/24 18:17:02 1 100 12 81 141 0 976 0 0 1 0 0 20785 100 0 0
SEP
CPU laptop 1745507823 2025/04/24 18:17:03 1 100 12 79 145 0 970 2 0 0 0 0 21805 100 0 0
SEP
CPU laptop 1745507824 2025/04/24 18:17:04 1 100 12 87 142 0 969 0 0 1 0 0 21987 100 0 0
SEP
CPU laptop 1745507825 2025/04/24 18:17:05 1 100 12 77 138 0 979 2 0 0 0 0 22333 100 0 0
SEP
CPU laptop 1745507826 2025/04/24 18:17:06 1 100 12 167 268 0 728 17 0 2 0 0 20075 100 0 0
SEP
CPU laptop 1745507827 2025/04/24 18:17:07 1 100 12 89 168 0 923 3 0 1 0 0 24167 100 0 0
SEP
CPU laptop 1745507828 2025/04/24 18:17:08 1 100 12 76 138 0 971 1 0 0 0 0 21489 100 0 0
SEP
CPU laptop 1745507829 2025/04/24 18:17:09 1 100 12 83 156 0 944 0 0 0 0 0 20123 100 0 0
SEP
CPU laptop 1745507830 2025/04/24 18:17:10 1 100 12 96 175 0 917 0 0 1 0 0 23462 100 0 0
SEP
CPU laptop 1745507831 2025/04/24 18:17:11 1 100 12 93 190 0 901 5 0 2 0 0 19488 100 0 0
SEP
CPU laptop 1745507832 2025/04/24 18:17:12 1 100 12 174 289 1 696 14 0 2 0 0 21190 100 0 0
SEP
CPU laptop 1745507833 2025/04/24 18:17:13 1 100 12 146 295 0 742 0 0 2 0 0 29513 100 0 0
SEP
CPU laptop 1745507834 2025/04/24 18:17:14 1 100 12 90 169 0 924 0 0 3 0 0 23895 100 0 0
SEP
CPU laptop 1745507835 2025/04/24 18:17:15 1 100 12 90 152 0 942 1 0 1 0 0 22718 100 0 0
SEP
CPU laptop 1745507836 2025/04/24 18:17:16 1 100 12 90 160 0 942 0 0 1 0 0 20830 100 0 0
SEP
CPU laptop 1745507837 2025/04/24 18:17:17 1 100 12 94 156 0 927 6 0 0 0 0 37079 100 0 0
SEP
CPU laptop 1745507838 2025/04/24 18:17:18 1 100 12 161 265 1 731 14 0 1 0 0 21730 100 0 0
SEP
CPU laptop 1745507839 2025/04/24 18:17:19 1 100 12 85 156 0 946 0 0 1 0 0 20443 100 0 0
SEP
CPU laptop 1745507840 2025/04/24 18:17:20 1 100 12 89 159 0 934 0 0 1 0 0 23606 100 0 0
SEP
CPU laptop 1745507841 2025/04/24 18:17:21 1 100 12 86 156 0 936 0 0 0 0 0 20354 100 0 0
SEP
CPU laptop 1745507842 2025/04/24 18:17:22 1 100 12 88 156 0 936 4 0 1 0 0 23787 100 0 0
SEP
CPU laptop 1745507843 2025/04/24 18:17:23 1 100 12 98 167 0 905 8 0 1 0 0 26430 100 0 0
SEP
CPU laptop 1745507844 2025/04/24 18:17:24 1 100 12 142 257 0 764 13 0 2 0 0 28629 100 0 0
SEP
CPU laptop 1745507845 2025/04/24 18:17:25 1 100 12 79 140 0 964 0 0 0 0 0 24159 100 0 0
SEP
CPU laptop 1745507846 2025/04/24 18:17:26 1 100 12 73 140 0 972 0 0 0 0 0 23894 100 0 0
SEP
CPU laptop 1745507847 2025/04/24 18:17:27 1 100 12 82 158 0 942 0 0 0 0 0 24666 100 0 0
SEP
CPU laptop 1745507848 2025/04/24 18:17:28 1 100 12 81 141 0 973 0 0 0 0 0 20520 100 0 0
SEP
CPU laptop 1745507849 2025/04/24 18:17:29 1 100 12 96 141 0 944 10 0 1 0 0 28929 100 0 0
SEP
CPU laptop 1745507850 2025/04/24 18:17:30 1 100 12 145 250 1 780 9 0 0 0 0 23557 100 0 0
SEP
CPU laptop 1745507851 2025/04/24 18:17:31 1 100 12 86 148 0 951 0 0 1 0 0 24150 100 0 0
SEP
CPU laptop 1745507852 2025/04/24 18:17:32 1 100 12 91 149 0 947 0 0 0 0 0 21535 100 0 0
SEP
CPU laptop 1745507853 2025/04/24 18:17:33 1 100 12 96 151 0 933 2 0 1 0 0 29235 100 0 0
SEP
CPU laptop 1745507854 2025/04/24 18:17:34 1 100 12 95 158 0 930 0 0 0 0 0 25877 100 0 0
SEP
CPU laptop 1745507855 2025/04/24 18:17:35 1 100 12 115 190 0 871 9 0 2 0 0 36952 100 0 0
SEP
CPU laptop 1745507856 2025/04/24 18:17:36 1 100 12 173 343 1 653 8 0 2 0 0 23726 100 0 0
SEP
CPU laptop 1745507857 2025/04/24 18:17:37 1 100 12 90 157 0 937 3 0 1 0 0 22347 100 0 0
SEP
CPU laptop 1745507858 2025/04/24 18:17:38 1 100 12 87 147 0 948 3 0 0 0 0 23089 100 0 0
SEP
CPU laptop 1745507859 2025/04/24 18:17:39 1 100 12 88 154 0 941 0 0 0 0 0 25579 100 0 0
SEP
CPU laptop 1745507860 2025/04/24 18:17:40 1 100 12 78 139 0 969 0 0 0 0 0 23420 100 0 0
SEP
CPU laptop 1745507861 2025/04/24 18:17:41 1 100 12 94 131 0 950 10 0 1 0 0 24048 100 0 0
SEP
CPU laptop 1745507862 2025/04/24 18:17:42 1 100 12 137 256 0 779 11 0 0 0 0 23849 100 0 0
SEP
CPU laptop 1745507863 2025/04/24 18:17:43 1 100 12 84 152 0 950 0 0 1 0 0 20469 100 0 0
SEP
CPU laptop 1745507864 2025/04/24 18:17:44 1 100 12 92 186 0 906 3 0 2 0 0 23071 100 0 0
SEP
CPU laptop 1745507865 2025/04/24 18:17:45 1 100 12 90 164 0 932 0 0 1 0 0 20508 100 0 0
SEP
CPU laptop 1745507866 2025/04/24 18:17:46 1 100 12 85 154 0 957 0 0 0 0 0 21375 100 0 0
SEP
CPU laptop 1745507867 2025/04/24 18:17:47 1 100 12 102 132 0 941 10 0 1 0 0 23429 100 0 0
SEP
CPU laptop 1745507868 2025/04/24 18:17:48 1 100 12 168 286 1 713 12 0 1 0 0 20767 100 0 0
SEP
CPU laptop 1745507869 2025/04/24 18:17:49 1 100 12 96 188 0 903 0 0 1 0 0 23086 100 0 0
SEP
CPU laptop 1745507870 2025/04/24 18:17:50 1 100 12 105 187 0 893 0 0 2 0 0 34547 100 0 0
SEP
CPU laptop 1745507871 2025/04/24 18:17:51 1 100 12 145 297 0 735 3 0 2 0 0 20878 100 0 0
SEP
CPU laptop 1745507872 2025/04/24 18:17:52 1 100 12 88 149 0 946 0 0 0 0 0 25711 100 0 0
SEP
CPU laptop 1745507873 2025/04/24 18:17:53 1 100 12 109 142 0 909 13 0 1 0 0 30232 100 0 0
SEP
CPU laptop 1745507874 2025/04/24 18:17:54 1 100 12 142 271 0 753 6 0 3 0 0 23719 100 0 0
SEP
CPU laptop 1745507875 2025/04/24 18:17:55 1 100 12 80 147 0 957 0 0 0 0 0 23098 100 0 0
SEP
CPU laptop 1745507876 2025/04/24 18:17:56 1 100 12 74 143 0 966 0 0 0 0 0 20378 100 0 0
SEP
CPU laptop 1745507877 2025/04/24 18:17:57 1 100 12 86 190 0 907 0 0 1 0 0 27806 100 0 0
SEP
CPU laptop 1745507878 2025/04/24 18:17:58 1 100 12 90 146 0 947 0 0 1 0 0 22357 100 0 0
SEP
CPU laptop 1745507879 2025/04/24 18:17:59 1 100 12 136 159 1 862 18 0 0 0 0 28204 100 0 0
SEP
CPU laptop 1745507880 2025/04/24 18:18:00 1 100 12 102 238 0 841 5 0 1 0 0 21462 100 0 0
SEP
CPU laptop 1745507881 2025/04/24 18:18:01 1 100 12 89 146 0 948 0 0 0 0 0 25662 100 0 0
SEP
CPU laptop 1745507882 2025/04/24 18:18:02 1 100 12 85 158 0 945 0 0 1 0 0 25216 100 0 0
SEP
CPU laptop 1745507883 2025/04/24 18:18:03 1 100 12 114 212 0 855 4 0 1 0 0 23066 100 0 0
SEP
CPU laptop 1745507884 2025/04/24 18:18:04 1 100 12 107 210 0 869 3 0 1 0 0 25217 100 0 0
SEP
CPU laptop 1745507885 2025/04/24 18:18:05 1 100 12 133 140 1 890 19 0 1 0 0 36239 100 0 0
SEP
CPU laptop 1745507886 2025/04/24 18:18:06 1 100 12 110 254 0 818 2 0 1 0 0 21622 100 0 0
SEP
CPU laptop 1745507887 2025/04/24 18:18:07 1 100 12 84 155 0 942 5 0 0 0 0 19770 100 0 0
SEP
CPU laptop 1745507888 2025/04/24 18:18:08 1 100 12 81 147 0 956 0 0 0 0 0 19760 100 0 0
SEP
CPU laptop 1745507889 2025/04/24 18:18:09 1 100 12 85 153 0 946 0 0 1 0 0 25279 100 0 0
SEP
CPU laptop 1745507890 2025/04/24 18:18:10 1 100 12 89 158 0 944 0 0 0 0 0 25448 100 0 0
SEP
CPU laptop 1745507891 2025/04/24 18:18:11 1 100 12 134 149 1 882 18 0 1 0 0 30688 100 0 0
SEP
CPU laptop 1745507892 2025/04/24 18:18:12 1 100 12 107 282 0 795 2 0 1 0 0 20440 100 0 0
SEP
CPU laptop 1745507893 2025/04/24 18:18:13 1 100 12 85 152 0 944 5 0 1 0 0 20130 100 0 0
SEP
CPU laptop 1745507894 2025/04/24 18:18:14 1 100 12 80 148 0 961 0 0 0 0 0 21499 100 0 0
SEP
CPU laptop 1745507895 2025/04/24 18:18:15 1 100 12 84 148 0 962 0 0 1 0 0 22566 100 0 0
SEP
CPU laptop 1745507896 2025/04/24 18:18:16 1 100 12 99 172 0 918 1 0 0 0 0 23054 100 0 0
SEP
CPU laptop 1745507897 2025/04/24 18:18:17 1 100 12 142 139 1 885 15 0 1 0 0 36910 100 0 0
SEP
CPU laptop 1745507898 2025/04/24 18:18:18 1 100 12 95 258 0 838 1 0 0 0 0 22172 100 0 0
SEP
CPU laptop 1745507899 2025/04/24 18:18:19 1 100 12 85 147 0 955 0 0 0 0 0 23530 100 0 0
SEP
CPU laptop 1745507900 2025/04/24 18:18:20 1 100 12 80 145 0 963 0 0 0 0 0 22311 100 0 0
SEP
CPU laptop 1745507901 2025/04/24 18:18:21 1 100 12 98 153 0 937 2 0 1 0 0 23273 100 0 0
SEP
CPU laptop 1745507902 2025/04/24 18:18:22 1 100 12 97 156 0 916 10 0 0 0 0 20783 100 0 0
SEP
CPU laptop 1745507903 2025/04/24 18:18:23 1 100 12 143 139 0 865 20 0 1 0 0 28481 100 0 0
SEP
CPU laptop 1745507904 2025/04/24 18:18:24 1 100 12 93 265 0 830 1 0 0 0 0 23363 100 0 0
SEP
CPU laptop 1745507905 2025/04/24 18:18:25 1 100 12 80 158 0 951 0 0 1 0 0 20246 100 0 0
SEP
CPU laptop 1745507906 2025/04/24 18:18:26 1 100 12 84 157 0 947 1 0 0 0 0 23419 100 0 0
SEP
CPU laptop 1745507907 2025/04/24 18:18:27 1 100 12 85 158 0 947 0 0 0 0 0 20265 100 0 0
SEP
CPU laptop 1745507908 2025/04/24 18:18:28 1 100 12 83 158 0 945 0 0 0 0 0 23553 100 0 0
SEP
CPU laptop 1745507909 2025/04/24 18:18:29 1 100 12 140 141 1 877 19 0 1 0 0 25062 100 0 0
SEP
CPU laptop 1745507910 2025/04/24 18:18:30 1 100 12 96 292 0 801 0 0 1 0 0 20504 100 0 0
SEP
CPU laptop 1745507911 2025/04/24 18:18:31 1 100 12 78 152 0 954 0 0 1 0 0 25291 100 0 0
SEP
CPU laptop 1745507912 2025/04/24 18:18:32 1 100 12 81 152 0 951 0 0 1 0 0 21642 100 0 0
SEP
CPU laptop 1745507913 2025/04/24 18:18:33 1 100 12 89 158 0 940 0 0 1 0 0 19762 100 0 0
SEP
CPU laptop 1745507914 2025/04/24 18:18:34 1 100 12 69 139 0 976 2 0 0 0 0 20479 100 0 0
SEP
CPU laptop 1745507915 2025/04/24 18:18:35 1 100 12 146 139 2 875 16 0 1 0 0 24093 100 0 0
SEP
CPU laptop 1745507916 2025/04/24 18:18:36 1 100 12 88 262 0 836 0 0 0 0 0 20471 100 0 0
SEP
CPU laptop 1745507917 2025/04/24 18:18:37 1 100 12 81 149 0 959 1 0 0 0 0 24707 100 0 0
SEP
CPU laptop 1745507918 2025/04/24 18:18:38 1 100 12 74 150 0 963 0 0 1 0 0 22573 100 0 0
SEP
CPU laptop 1745507919 2025/04/24 18:18:39 1 100 12 82 162 0 944 0 0 0 0 0 21299 100 0 0
SEP
CPU laptop 1745507920 2025/04/24 18:18:40 1 100 12 77 150 0 960 4 0 0 0 0 20129 100 0 0
SEP
CPU laptop 1745507921 2025/04/24 18:18:41 1 100 12 150 183 0 827 15 0 1 0 0 47904 100 0 0
SEP
CPU laptop 1745507922 2025/04/24 18:18:42 1 100 12 90 220 0 874 0 0 0 0 0 22701 100 0 0
SEP
CPU laptop 1745507923 2025/04/24 18:18:43 1 100 12 80 140 0 971 2 0 1 0 0 21142 100 0 0
SEP
CPU laptop 1745507924 2025/04/24 18:18:44 1 100 12 90 147 0 949 0 0 0 0 0 22674 100 0 0
SEP
CPU laptop 1745507925 2025/04/24 18:18:45 1 100 12 91 157 0 944 0 0 1 0 0 26840 100 0 0
SEP
CPU laptop 1745507926 2025/04/24 18:18:46 1 100 12 84 159 0 943 0 0 1 0 0 20802 100 0 0
SEP
CPU laptop 1745507927 2025/04/24 18:18:47 1 100 12 143 171 1 837 18 0 1 0 0 47834 100 0 0
SEP
CPU laptop 1745507928 2025/04/24 18:18:48 1 100 12 84 219 0 882 0 0 0 0 0 23088 100 0 0
SEP
CPU laptop 1745507929 2025/04/24 18:18:49 1 100 12 86 163 0 941 0 0 0 0 0 27110 100 0 0
SEP
CPU laptop 1745507930 2025/04/24 18:18:50 1 100 12 90 155 0 941 0 0 0 0 0 24760 100 0 0
SEP
CPU laptop 1745507931 2025/04/24 18:18:51 1 100 12 87 148 0 956 0 0 0 0 0 22699 100 0 0
SEP
CPU laptop 1745507932 2025/04/24 18:18:52 1 100 12 77 135 0 975 4 0 0 0 0 26325 100 0 0
SEP
CPU laptop 1745507933 2025/04/24 18:18:53 1 100 12 159 125 1 874 16 0 1 0 0 23332 100 0 0
SEP
CPU laptop 1745507934 2025/04/24 18:18:54 1 100 12 91 253 0 847 0 0 0 0 0 20455 100 0 0
SEP
CPU laptop 1745507935 2025/04/24 18:18:55 1 100 12 81 144 0 963 0 0 0 0 0 24341 100 0 0
SEP
CPU laptop 1745507936 2025/04/24 18:18:56 1 100 12 79 141 0 969 0 0 0 0 0 24757 100 0 0
SEP
CPU laptop 1745507937 2025/04/24 18:18:57 1 100 12 90 151 0 951 1 0 0 0 0 22163 100 0 0
SEP
CPU laptop 1745507938 2025/04/24 18:18:58 1 100 12 90 165 0 930 10 0 0 0 0 29005 100 0 0
SEP
CPU laptop 1745507939 2025/04/24 18:18:59 1 100 12 207 245 0 711 18 0 2 0 0 24288 100 0 0
SEP
CPU laptop 1745507940 2025/04/24 18:19:00 1 100 12 114 327 0 753 0 0 0 0 0 20835 100 0 0
SEP
CPU laptop 1745507941 2025/04/24 18:19:01 1 100 12 98 174 0 922 0 0 1 0 0 23042 100 0 0
SEP
CPU laptop 1745507942 2025/04/24 18:19:02 1 100 12 119 187 0 884 3 0 0 0 0 23167 100 0 0
SEP
CPU laptop 1745507943 2025/04/24 18:19:03 1 100 12 90 162 0 934 1 0 1 0 0 19749 100 0 0
SEP
CPU laptop 1745507944 2025/04/24 18:19:04 1 100 12 83 146 0 953 2 0 0 0 0 23292 100 0 0
SEP
CPU laptop 1745507945 2025/04/24 18:19:05 1 100 12 143 126 1 880 24 0 2 0 0 21837 100 0 0
SEP
CPU laptop 1745507946 2025/04/24 18:19:06 1 100 12 94 253 0 840 0 0 0 0 0 24220 100 0 0
SEP
CPU laptop 1745507947 2025/04/24 18:19:07 1 100 12 91 161 0 935 0 0 0 0 0 25874 100 0 0
SEP
CPU laptop 1745507948 2025/04/24 18:19:08 1 100 12 86 167 0 937 0 0 1 0 0 23523 100 0 0
SEP
CPU laptop 1745507949 2025/04/24 18:19:09 1 100 12 91 162 0 930 3 0 0 0 0 23070 100 0 0
SEP
CPU laptop 1745507950 2025/04/24 18:19:10 1 100 12 92 168 0 929 0 0 1 0 0 23403 100 0 0
SEP
CPU laptop 1745507951 2025/04/24 18:19:11 1 100 12 151 179 0 830 20 0 0 0 0 47816 100 0 0
SEP
CPU laptop 1745507952 2025/04/24 18:19:12 1 100 12 96 232 0 861 0 0 2 0 0 23463 100 0 0
SEP
CPU laptop 1745507953 2025/04/24 18:19:13 1 100 12 88 152 0 945 0 0 1 0 0 21521 100 0 0
SEP
CPU laptop 1745507954 2025/04/24 18:19:14 1 100 12 83 156 0 950 1 0 1 0 0 19389 100 0 0
SEP
CPU laptop 1745507955 2025/04/24 18:19:15 1 100 12 97 156 0 927 4 0 4 0 0 23088 100 0 0
SEP
CPU laptop 1745507956 2025/04/24 18:19:16 1 100 12 75 147 0 964 2 0 1 0 0 23092 100 0 0
SEP
CPU laptop 1745507957 2025/04/24 18:19:17 1 100 12 151 189 1 820 15 0 1 0 0 47896 100 0 0
SEP
CPU laptop 1745507958 2025/04/24 18:19:18 1 100 12 82 202 0 910 0 0 1 0 0 20853 100 0 0
SEP
CPU laptop 1745507959 2025/04/24 18:19:19 1 100 12 87 168 0 936 0 0 1 0 0 30524 100 0 0
SEP
CPU laptop 1745507960 2025/04/24 18:19:20 1 100 12 81 184 0 932 0 0 0 0 0 23837 100 0 0
SEP
CPU laptop 1745507961 2025/04/24 18:19:21 1 100 12 91 148 0 954 0 0 1 0 0 22546 100 0 0
SEP
CPU laptop 1745507962 2025/04/24 18:19:22 1 100 12 83 148 0 955 2 0 1 0 0 20460 100 0 0
SEP
CPU laptop 1745507963 2025/04/24 18:19:23 1 100 12 157 214 1 791 16 0 1 0 0 47896 100 0 0
SEP
CPU laptop 1745507964 2025/04/24 18:19:24 1 100 12 88 187 0 921 0 0 1 0 0 27165 100 0 0
SEP
CPU laptop 1745507965 2025/04/24 18:19:25 1 100 12 108 203 0 873 2 0 2 0 0 23464 100 0 0
SEP
CPU laptop 1745507966 2025/04/24 18:19:26 1 100 12 83 157 0 953 0 0 2 0 0 19389 100 0 0
SEP
CPU laptop 1745507967 2025/04/24 18:19:27 1 100 12 103 168 0 919 0 0 1 0 0 25746 100 0 0
SEP
CPU laptop 1745507968 2025/04/24 18:19:28 1 100 12 77 148 0 957 3 0 1 0 0 21851 100 0 0
SEP
CPU laptop 1745507969 2025/04/24 18:19:29 1 100 12 194 270 0 696 15 0 1 0 0 47904 100 0 0
SEP
CPU laptop 1745507970 2025/04/24 18:19:30 1 100 12 161 310 0 710 2 0 1 0 0 29652 100 0 0
SEP
CPU laptop 1745507971 2025/04/24 18:19:31 1 100 12 149 293 0 740 0 0 2 0 0 23517 100 0 0
SEP
CPU laptop 1745507972 2025/04/24 18:19:32 1 100 12 91 163 0 934 1 0 0 0 0 20121 100 0 0
SEP
CPU laptop 1745507973 2025/04/24 18:19:33 1 100 12 95 159 0 931 1 0 1 0 0 24165 100 0 0
SEP
CPU laptop 1745507974 2025/04/24 18:19:34 1 100 12 151 237 0 788 3 0 1 0 0 29664 100 0 0
SEP
CPU laptop 1745507975 2025/04/24 18:19:35 1 100 12 205 367 1 586 14 0 2 0 0 47816 100 0 0
SEP
CPU laptop 1745507976 2025/04/24 18:19:36 1 100 12 102 203 0 872 1 0 1 0 0 26321 100 0 0
SEP
CPU laptop 1745507977 2025/04/24 18:19:37 1 100 12 108 175 0 899 3 0 1 0 0 27871 100 0 0
SEP
CPU laptop 1745507978 2025/04/24 18:19:38 1 100 12 107 241 0 835 0 0 3 0 0 23804 100 0 0
SEP
CPU laptop 1745507979 2025/04/24 18:19:39 1 100 12 110 182 0 892 1 0 0 0 0 26291 100 0 0
SEP
CPU laptop 1745507980 2025/04/24 18:19:40 1 100 12 95 161 0 930 3 0 1 0 0 27034 100 0 0
SEP
CPU laptop 1745507981 2025/04/24 18:19:41 1 100 12 180 294 1 682 16 0 3 0 0 25091 100 0 0
SEP
CPU laptop 1745507982 2025/04/24 18:19:42 1 100 12 87 146 0 949 0 0 1 0 0 23473 100 0 0
SEP
CPU laptop 1745507983 2025/04/24 18:19:43 1 100 12 88 151 0 942 1 0 1 0 0 20448 100 0 0
SEP
CPU laptop 1745507984 2025/04/24 18:19:44 1 100 12 92 155 0 938 2 0 2 0 0 21569 100 0 0
SEP
CPU laptop 1745507985 2025/04/24 18:19:45 1 100 12 141 243 0 789 4 0 4 0 0 23444 100 0 0
SEP
CPU laptop 1745507986 2025/04/24 18:19:46 1 100 12 95 167 0 919 1 0 4 0 0 20503 100 0 0
SEP
CPU laptop 1745507987 2025/04/24 18:19:47 1 100 12 156 243 2 763 16 0 2 0 0 20409 100 0 0
SEP
CPU laptop 1745507988 2025/04/24 18:19:48 1 100 12 87 148 0 952 0 0 1 0 0 20463 100 0 0
SEP
CPU laptop 1745507989 2025/04/24 18:19:49 1 100 12 91 153 0 946 1 0 0 0 0 23015 100 0 0
SEP
CPU laptop 1745507990 2025/04/24 18:19:50 1 100 12 113 212 0 861 1 0 1 0 0 23446 100 0 0
SEP
CPU laptop 1745507991 2025/04/24 18:19:51 1 100 12 90 156 0 939 0 0 0 0 0 21138 100 0 0
SEP
CPU laptop 1745507992 2025/04/24 18:19:52 1 100 12 82 136 0 960 7 0 0 0 0 38703 100 0 0
SEP
CPU laptop 1745507993 2025/04/24 18:19:53 1 100 12 149 236 0 772 17 0 1 0 0 24151 100 0 0
SEP
CPU laptop 1745507994 2025/04/24 18:19:54 1 100 12 80 136 0 979 0 0 0 0 0 28774 100 0 0
SEP
CPU laptop 1745507995 2025/04/24 18:19:55 1 100 12 80 142 0 969 5 0 1 0 0 23054 100 0 0
SEP
CPU laptop 1745507996 2025/04/24 18:19:56 1 100 12 90 149 0 953 0 0 0 0 0 19880 100 0 0
SEP
CPU laptop 1745507997 2025/04/24 18:19:57 1 100 12 96 148 0 945 0 0 0 0 0 21074 100 0 0
SEP
CPU laptop 1745507998 2025/04/24 18:19:58 1 100 12 98 148 0 934 6 0 0 0 0 16757 100 0 0
SEP
CPU laptop 1745507999 2025/04/24 18:19:59 1 100 12 156 257 1 748 12 0 1 0 0 23058 100 0 0
SEP
CPU laptop 1745508000 2025/04/24 18:20:00 1 100 12 105 185 0 898 0 0 4 0 0 23645 100 0 0
SEP
CPU laptop 1745508001 2025/04/24 18:20:01 1 100 12 126 253 0 805 1 0 2 0 0 20852 100 0 0
SEP
CPU laptop 1745508002 2025/04/24 18:20:02 1 100 12 83 136 0 964 0 0 1 0 0 24125 100 0 0
SEP
CPU laptop 1745508003 2025/04/24 18:20:03 1 100 12 79 145 0 959 1 0 0 0 0 21536 100 0 0
SEP
CPU laptop 1745508004 2025/04/24 18:20:04 1 100 12 100 151 0 919 10 0 0 0 0 16890 100 0 0
SEP
CPU laptop 1745508005 2025/04/24 18:20:05 1 100 12 163 268 1 737 12 0 0 0 0 23765 100 0 0
SEP
CPU laptop 1745508006 2025/04/24 18:20:06 1 100 12 91 157 0 936 6 0 0 0 0 23441 100 0 0
SEP
CPU laptop 1745508007 2025/04/24 18:20:07 1 100 12 129 234 0 817 5 0 2 0 0 23465 100 0 0
SEP
CPU laptop 1745508008 2025/04/24 18:20:08 1 100 12 83 137 0 974 2 0 0 0 0 24818 100 0 0
SEP
CPU laptop 1745508009 2025/04/24 18:20:09 1 100 12 92 151 0 950 2 0 0 0 0 20833 100 0 0
SEP
CPU laptop 1745508010 2025/04/24 18:20:10 1 100 12 98 141 0 944 8 0 1 0 0 20496 100 0 0
SEP
CPU laptop 1745508011 2025/04/24 18:20:11 1 100 12 151 248 1 773 10 0 1 0 0 23770 100 0 0
SEP
CPU laptop 1745508012 2025/04/24 18:20:12 1 100 12 83 140 0 974 0 0 0 0 0 19674 100 0 0
SEP
CPU laptop 1745508013 2025/04/24 18:20:13 1 100 12 84 155 0 958 0 0 0 0 0 21863 100 0 0
SEP
CPU laptop 1745508014 2025/04/24 18:20:14 1 100 12 83 144 0 969 0 0 0 0 0 23122 100 0 0
SEP
CPU laptop 1745508015 2025/04/24 18:20:15 1 100 12 88 144 0 964 0 0 1 0 0 23870 100 0 0
SEP
CPU laptop 1745508016 2025/04/24 18:20:16 1 100 12 98 138 0 948 8 0 0 0 0 23066 100 0 0
SEP
CPU laptop 1745508017 2025/04/24 18:20:17 1 100 12 153 247 1 770 14 0 1 0 0 24474 100 0 0
SEP
CPU laptop 1745508018 2025/04/24 18:20:18 1 100 12 85 138 0 975 0 0 0 0 0 19389 100 0 0
SEP
CPU laptop 1745508019 2025/04/24 18:20:19 1 100 12 76 140 0 980 0 0 0 0 0 19385 100 0 0
SEP
CPU laptop 1745508020 2025/04/24 18:20:20 1 100 12 79 140 0 978 0 0 0 0 0 20462 100 0 0
SEP
CPU laptop 1745508021 2025/04/24 18:20:21 1 100 12 87 141 0 969 0 0 0 0 0 23416 100 0 0
SEP
CPU laptop 1745508022 2025/04/24 18:20:22 1 100 12 95 139 0 949 7 0 1 0 0 34592 100 0 0
SEP
CPU laptop 1745508023 2025/04/24 18:20:23 1 100 12 152 250 1 769 14 0 1 0 0 21089 100 0 0
SEP
CPU laptop 1745508024 2025/04/24 18:20:24 1 100 12 90 152 0 945 0 0 0 0 0 27807 100 0 0
SEP
CPU laptop 1745508025 2025/04/24 18:20:25 1 100 12 91 143 0 951 0 0 0 0 0 24024 100 0 0
SEP
CPU laptop 1745508026 2025/04/24 18:20:26 1 100 12 94 172 0 916 0 0 1 0 0 21225 100 0 0
SEP
CPU laptop 1745508027 2025/04/24 18:20:27 1 100 12 86 139 0 961 0 0 0 0 0 23070 100 0 0
SEP
CPU laptop 1745508028 2025/04/24 18:20:28 1 100 12 110 170 0 895 8 0 2 0 0 16754 100 0 0
SEP
CPU laptop 1745508029 2025/04/24 18:20:29 1 100 12 137 245 1 796 9 0 1 0 0 19762 100 0 0
SEP
CPU laptop 1745508030 2025/04/24 18:20:30 1 100 12 83 142 0 971 0 0 0 0 0 20827 100 0 0
SEP
CPU laptop 1745508031 2025/04/24 18:20:31 1 100 12 82 137 0 978 0 0 0 0 0 22107 100 0 0
SEP
CPU laptop 1745508032 2025/04/24 18:20:32 1 100 12 82 137 0 978 0 0 1 0 0 20818 100 0 0
SEP
CPU laptop 1745508033 2025/04/24 18:20:33 1 100 12 91 141 0 964 0 0 0 0 0 21492 100 0 0
SEP
CPU laptop 1745508034 2025/04/24 18:20:34 1 100 12 104 136 0 933 13 0 2 0 0 25311 100 0 0
SEP
CPU laptop 1745508035 2025/04/24 18:20:35 1 100 12 152 262 0 761 10 0 1 0 0 23462 100 0 0
SEP
CPU laptop 1745508036 2025/04/24 18:20:36 1 100 12 78 142 0 966 5 0 1 0 0 23783 100 0 0
SEP
CPU laptop 1745508037 2025/04/24 18:20:37 1 100 12 90 150 0 943 4 0 0 0 0 20083 100 0 0
SEP
CPU laptop 1745508038 2025/04/24 18:20:38 1 100 12 89 141 0 961 0 0 0 0 0 26741 100 0 0
SEP
CPU laptop 1745508039 2025/04/24 18:20:39 1 100 12 107 158 0 917 0 0 1 0 0 22715 100 0 0
SEP
CPU laptop 1745508040 2025/04/24 18:20:40 1 100 12 114 155 1 904 13 0 1 0 0 26301 100 0 0
SEP
CPU laptop 1745508041 2025/04/24 18:20:41 1 100 12 131 252 0 799 6 0 0 0 0 20675 100 0 0
SEP
CPU laptop 1745508042 2025/04/24 18:20:42 1 100 12 80 136 0 980 0 0 0 0 0 21166 100 0 0
SEP
CPU laptop 1745508043 2025/04/24 18:20:43 1 100 12 91 146 0 952 0 0 0 0 0 23467 100 0 0
SEP
CPU laptop 1745508044 2025/04/24 18:20:44 1 100 12 95 153 0 929 0 0 1 0 0 20710 100 0 0
SEP
CPU laptop 1745508045 2025/04/24 18:20:45 1 100 12 90 155 0 937 1 0 1 0 0 19388 100 0 0
SEP
CPU laptop 1745508046 2025/04/24 18:20:46 1 100 12 118 147 1 898 16 0 1 0 0 23315 100 0 0
SEP
CPU laptop 1745508047 2025/04/24 18:20:47 1 100 12 180 350 0 646 6 0 1 0 0 34594 100 0 0
SEP
CPU laptop 1745508048 2025/04/24 18:20:48 1 100 12 100 177 0 913 0 0 0 0 0 20481 100 0 0
SEP
CPU laptop 1745508049 2025/04/24 18:20:49 1 100 12 87 153 0 953 1 0 1 0 0 22695 100 0 0
SEP
CPU laptop 1745508050 2025/04/24 18:20:50 1 100 12 94 156 0 936 2 0 1 0 0 23035 100 0 0
SEP
CPU laptop 1745508051 2025/04/24 18:20:51 1 100 12 89 153 0 945 2 0 0 0 0 23456 100 0 0
SEP
CPU laptop 1745508052 2025/04/24 18:20:52 1 100 12 132 148 0 881 17 0 1 0 0 37884 100 0 0
SEP
CPU laptop 1745508053 2025/04/24 18:20:53 1 100 12 111 254 1 816 1 0 1 0 0 21832 100 0 0
SEP
CPU laptop 1745508054 2025/04/24 18:20:54 1 100 12 83 143 0 955 1 0 3 0 0 20849 100 0 0
SEP
CPU laptop 1745508055 2025/04/24 18:20:55 1 100 12 103 181 0 901 2 0 1 0 0 39027 100 0 0
SEP
CPU laptop 1745508056 2025/04/24 18:20:56 1 100 12 113 205 0 859 4 0 3 0 0 27131 100 0 0
SEP
CPU laptop 1745508057 2025/04/24 18:20:57 1 100 12 96 162 0 928 0 0 1 0 0 20110 100 0 0
SEP
CPU laptop 1745508058 2025/04/24 18:20:58 1 100 12 136 135 0 895 17 0 1 0 0 33449 100 0 0
SEP
CPU laptop 1745508059 2025/04/24 18:20:59 1 100 12 97 246 0 841 2 0 1 0 0 21951 100 0 0
SEP
CPU laptop 1745508060 2025/04/24 18:21:00 1 100 12 80 145 0 959 0 0 0 0 0 22706 100 0 0
SEP
CPU laptop 1745508061 2025/04/24 18:21:01 1 100 12 91 160 0 930 0 0 0 0 0 26314 100 0 0
SEP
CPU laptop 1745508062 2025/04/24 18:21:02 1 100 12 84 149 0 951 0 0 1 0 0 24063 100 0 0
SEP
CPU laptop 1745508063 2025/04/24 18:21:03 1 100 12 79 141 0 960 0 0 0 0 0 20383 100 0 0
SEP
CPU laptop 1745508064 2025/04/24 18:21:04 1 100 12 140 140 1 867 25 0 1 0 0 30153 100 0 0
SEP
CPU laptop 1745508065 2025/04/24 18:21:05 1 100 12 100 259 0 818 6 0 1 0 0 23511 100 0 0
SEP
CPU laptop 1745508066 2025/04/24 18:21:06 1 100 12 82 151 0 952 3 0 0 0 0 23016 100 0 0
SEP
CPU laptop 1745508067 2025/04/24 18:21:07 1 100 12 88 150 0 946 3 0 1 0 0 22095 100 0 0
SEP
CPU laptop 1745508068 2025/04/24 18:21:08 1 100 12 95 152 0 939 3 0 1 0 0 19383 100 0 0
SEP
CPU laptop 1745508069 2025/04/24 18:21:09 1 100 12 99 172 0 915 1 0 1 0 0 23468 100 0 0
SEP
CPU laptop 1745508070 2025/04/24 18:21:10 1 100 12 163 162 0 831 14 0 2 0 0 24793 100 0 0
SEP
CPU laptop 1745508071 2025/04/24 18:21:11 1 100 12 103 268 0 818 0 0 0 0 0 23465 100 0 0
SEP
CPU laptop 1745508072 2025/04/24 18:21:12 1 100 12 98 160 0 926 0 0 2 0 0 24591 100 0 0
SEP
CPU laptop 1745508073 2025/04/24 18:21:13 1 100 12 91 161 0 935 0 0 1 0 0 20494 100 0 0
SEP
CPU laptop 1745508074 2025/04/24 18:21:14 1 100 12 141 214 0 834 0 0 1 0 0 29411 100 0 0
SEP
CPU laptop 1745508075 2025/04/24 18:21:15 1 100 12 129 230 0 829 2 0 2 0 0 20466 100 0 0
SEP
CPU laptop 1745508076 2025/04/24 18:21:16 1 100 12 145 126 2 881 27 0 1 0 0 21532 100 0 0
SEP
CPU laptop 1745508077 2025/04/24 18:21:17 1 100 12 112 278 0 798 0 0 3 0 0 20710 100 0 0
SEP
CPU laptop 1745508078 2025/04/24 18:21:18 1 100 12 89 152 0 945 0 0 1 0 0 22713 100 0 0
SEP
CPU laptop 1745508079 2025/04/24 18:21:19 1 100 12 87 161 0 940 2 0 0 0 0 23094 100 0 0
SEP
CPU laptop 1745508080 2025/04/24 18:21:20 1 100 12 98 160 0 931 1 0 0 0 0 23563 100 0 0
SEP
CPU laptop 1745508081 2025/04/24 18:21:21 1 100 12 88 156 0 946 0 0 1 0 0 23468 100 0 0
SEP
CPU laptop 1745508082 2025/04/24 18:21:22 1 100 12 165 225 0 773 15 0 4 0 0 47816 100 0 0
SEP
CPU laptop 1745508083 2025/04/24 18:21:23 1 100 12 94 217 0 882 0 0 1 0 0 22284 100 0 0
SEP
CPU laptop 1745508084 2025/04/24 18:21:24 1 100 12 102 168 0 917 2 0 1 0 0 23778 100 0 0
SEP
CPU laptop 1745508085 2025/04/24 18:21:25 1 100 12 86 148 0 959 0 0 1 0 0 24499 100 0 0
SEP
CPU laptop 1745508086 2025/04/24 18:21:26 1 100 12 91 150 0 952 0 0 2 0 0 21204 100 0 0
SEP
CPU laptop 1745508087 2025/04/24 18:21:27 1 100 12 112 180 0 893 6 0 0 0 0 38303 100 0 0
SEP
CPU laptop 1745508088 2025/04/24 18:21:28 1 100 12 242 374 1 548 15 0 1 0 0 47728 100 0 0
SEP
CPU laptop 1745508089 2025/04/24 18:21:29 1 100 12 102 196 0 891 2 0 1 0 0 20128 100 0 0
SEP
CPU laptop 1745508090 2025/04/24 18:21:30 1 100 12 85 148 0 962 0 0 0 0 0 22481 100 0 0
SEP
CPU laptop 1745508091 2025/04/24 18:21:31 1 100 12 82 141 0 973 2 0 0 0 0 22575 100 0 0
SEP
CPU laptop 1745508092 2025/04/24 18:21:32 1 100 12 87 146 0 962 0 0 0 0 0 20463 100 0 0
SEP
CPU laptop 1745508093 2025/04/24 18:21:33 1 100 12 79 135 0 974 6 0 1 0 0 23892 100 0 0
SEP
CPU laptop 1745508094 2025/04/24 18:21:34 1 100 12 162 184 1 814 19 0 1 0 0 47818 100 0 0
SEP
CPU laptop 1745508095 2025/04/24 18:21:35 1 100 12 91 206 0 898 0 0 0 0 0 20787 100 0 0
SEP
CPU laptop 1745508096 2025/04/24 18:21:36 1 100 12 99 162 0 918 2 0 1 0 0 25751 100 0 0
SEP
CPU laptop 1745508097 2025/04/24 18:21:37 1 100 12 97 157 0 925 1 0 0 0 0 23423 100 0 0
SEP
CPU laptop 1745508098 2025/04/24 18:21:38 1 100 12 91 152 0 938 0 0 0 0 0 23716 100 0 0
SEP
CPU laptop 1745508099 2025/04/24 18:21:39 1 100 12 80 144 0 960 2 0 1 0 0 20081 100 0 0
SEP
CPU laptop 1745508100 2025/04/24 18:21:40 1 100 12 158 254 1 745 15 0 0 0 0 45633 100 0 0
SEP
CPU laptop 1745508101 2025/04/24 18:21:41 1 100 12 93 149 0 938 0 0 1 0 0 23085 100 0 0
SEP
CPU laptop 1745508102 2025/04/24 18:21:42 1 100 12 95 156 0 934 0 0 1 0 0 23471 100 0 0
SEP
CPU laptop 1745508103 2025/04/24 18:21:43 1 100 12 89 147 0 950 0 0 1 0 0 23461 100 0 0
SEP
CPU laptop 1745508104 2025/04/24 18:21:44 1 100 12 99 173 0 910 2 0 1 0 0 23462 100 0 0
SEP
CPU laptop 1745508105 2025/04/24 18:21:45 1 100 12 115 219 0 845 4 0 2 0 0 23453 100 0 0
SEP
CPU laptop 1745508106 2025/04/24 18:21:46 1 100 12 162 260 0 738 17 0 1 0 0 41488 100 0 0
SEP
CPU laptop 1745508107 2025/04/24 18:21:47 1 100 12 80 133 0 981 0 0 0 0 0 20504 100 0 0
SEP
CPU laptop 1745508108 2025/04/24 18:21:48 1 100 12 88 153 0 943 0 0 0 0 0 26691 100 0 0
SEP
CPU laptop 1745508109 2025/04/24 18:21:49 1 100 12 80 144 0 961 0 0 0 0 0 20776 100 0 0
SEP
CPU laptop 1745508110 2025/04/24 18:21:50 1 100 12 96 157 0 926 0 0 1 0 0 23463 100 0 0
SEP
CPU laptop 1745508111 2025/04/24 18:21:51 1 100 12 88 150 0 938 5 0 0 0 0 23465 100 0 0
SEP
CPU laptop 1745508112 2025/04/24 18:21:52 1 100 12 180 244 1 734 16 0 1 0 0 30512 100 0 0
SEP
CPU laptop 1745508113 2025/04/24 18:21:53 1 100 12 86 144 0 959 0 0 1 0 0 23752 100 0 0
SEP
CPU laptop 1745508114 2025/04/24 18:21:54 1 100 12 86 146 0 949 0 0 1 0 0 23408 100 0 0
SEP
CPU laptop 1745508115 2025/04/24 18:21:55 1 100 12 82 142 0 954 3 0 0 0 0 23970 100 0 0
SEP
CPU laptop 1745508116 2025/04/24 18:21:56 1 100 12 92 152 0 943 0 0 2 0 0 19932 100 0 0
SEP
CPU laptop 1745508117 2025/04/24 18:21:57 1 100 12 84 143 0 963 3 0 0 0 0 21922 100 0 0
SEP
CPU laptop 1745508118 2025/04/24 18:21:58 1 100 12 172 261 0 725 15 0 2 0 0 26994 100 0 0
SEP
CPU laptop 1745508119 2025/04/24 18:21:59 1 100 12 94 163 0 930 2 0 0 0 0 23455 100 0 0
SEP
CPU laptop 1745508120 2025/04/24 18:22:00 1 100 12 171 296 0 702 3 0 3 0 0 32075 100 0 0
SEP
CPU laptop 1745508121 2025/04/24 18:22:01 1 100 12 198 267 0 685 21 0 1 0 0 25859 100 0 0
SEP
CPU laptop 1745508122 2025/04/24 18:22:02 1 100 12 130 220 0 833 1 0 2 0 0 23455 100 0 0
SEP
CPU laptop 1745508123 2025/04/24 18:22:03 1 100 12 120 233 0 827 6 0 3 0 0 30067 100 0 0
SEP
CPU laptop 1745508124 2025/04/24 18:22:04 1 100 12 258 347 1 539 27 0 2 0 0 28685 100 0 0
SEP
CPU laptop 1745508125 2025/04/24 18:22:05 1 100 12 110 191 0 873 2 0 2 0 0 23983 100 0 0
SEP
CPU laptop 1745508126 2025/04/24 18:22:06 1 100 12 104 178 0 892 5 0 2 0 0 23565 100 0 0
SEP
CPU laptop 1745508127 2025/04/24 18:22:07 1 100 12 115 231 0 831 4 0 1 0 0 24444 100 0 0
SEP
CPU laptop 1745508128 2025/04/24 18:22:08 1 100 12 123 206 0 844 3 0 1 0 0 23461 100 0 0
SEP
CPU laptop 1745508129 2025/04/24 18:22:09 1 100 12 88 171 0 922 3 0 2 0 0 23934 100 0 0
SEP
CPU laptop 1745508130 2025/04/24 18:22:10 1 100 12 167 244 1 744 17 0 2 0 0 25094 100 0 0
SEP
CPU laptop 1745508131 2025/04/24 18:22:11 1 100 12 84 136 0 966 0 0 0 0 0 23837 100 0 0
SEP
CPU laptop 1745508132 2025/04/24 18:22:12 1 100 12 81 144 0 969 0 0 0 0 0 21860 100 0 0
SEP
CPU laptop 1745508133 2025/04/24 18:22:13 1 100 12 80 139 0 979 0 0 0 0 0 21084 100 0 0
SEP
CPU laptop 1745508134 2025/04/24 18:22:14 1 100 12 100 164 0 919 0 0 1 0 0 22769 100 0 0
SEP
CPU laptop 1745508135 2025/04/24 18:22:15 1 100 12 85 141 0 954 4 0 2 0 0 20099 100 0 0
SEP
CPU laptop 1745508136 2025/04/24 18:22:16 1 100 12 150 226 1 782 15 0 1 0 0 20462 100 0 0
SEP
CPU laptop 1745508137 2025/04/24 18:22:17 1 100 12 73 136 0 977 0 0 0 0 0 21281 100 0 0
SEP
CPU laptop 1745508138 2025/04/24 18:22:18 1 100 12 78 131 0 973 2 0 1 0 0 21315 100 0 0
SEP
CPU laptop 1745508139 2025/04/24 18:22:19 1 100 12 79 140 0 965 0 0 1 0 0 23384 100 0 0
SEP
CPU laptop 1745508140 2025/04/24 18:22:20 1 100 12 89 142 0 952 0 0 0 0 0 20466 100 0 0
SEP
CPU laptop 1745508141 2025/04/24 18:22:21 1 100 12 79 132 0 970 4 0 1 0 0 25931 100 0 0
SEP
CPU laptop 1745508142 2025/04/24 18:22:22 1 100 12 144 239 0 778 15 0 1 0 0 19760 100 0 0
SEP
CPU laptop 1745508143 2025/04/24 18:22:23 1 100 12 99 177 0 909 0 0 1 0 0 21579 100 0 0
SEP
CPU laptop 1745508144 2025/04/24 18:22:24 1 100 12 82 145 0 967 0 0 1 0 0 22356 100 0 0
SEP
CPU laptop 1745508145 2025/04/24 18:22:25 1 100 12 92 148 0 946 2 0 0 0 0 23079 100 0 0
SEP
CPU laptop 1745508146 2025/04/24 18:22:26 1 100 12 99 157 0 935 0 0 1 0 0 23090 100 0 0
SEP
CPU laptop 1745508147 2025/04/24 18:22:27 1 100 12 141 262 0 775 3 0 1 0 0 36772 100 0 0
SEP
CPU laptop 1745508148 2025/04/24 18:22:28 1 100 12 157 307 1 706 12 0 2 0 0 19814 100 0 0
SEP
CPU laptop 1745508149 2025/04/24 18:22:29 1 100 12 80 139 0 975 1 0 0 0 0 20837 100 0 0
SEP
CPU laptop 1745508150 2025/04/24 18:22:30 1 100 12 84 142 0 970 0 0 0 0 0 20089 100 0 0
SEP
CPU laptop 1745508151 2025/04/24 18:22:31 1 100 12 80 137 0 981 0 0 1 0 0 24118 100 0 0
SEP
CPU laptop 1745508152 2025/04/24 18:22:32 1 100 12 87 141 0 967 0 0 0 0 0 19763 100 0 0
SEP
CPU laptop 1745508153 2025/04/24 18:22:33 1 100 12 105 150 0 919 9 0 1 0 0 25396 100 0 0
SEP
CPU laptop 1745508154 2025/04/24 18:22:34 1 100 12 154 262 0 744 11 0 1 0 0 23161 100 0 0
SEP
CPU laptop 1745508155 2025/04/24 18:22:35 1 100 12 80 139 0 970 0 0 0 0 0 20775 100 0 0
SEP
CPU laptop 1745508156 2025/04/24 18:22:36 1 100 12 81 165 0 948 0 0 0 0 0 20224 100 0 0
SEP
CPU laptop 1745508157 2025/04/24 18:22:37 1 100 12 102 181 0 899 7 0 0 0 0 19756 100 0 0
SEP
CPU laptop 1745508158 2025/04/24 18:22:38 1 100 12 95 157 0 934 0 0 1 0 0 21563 100 0 0
SEP
CPU laptop 1745508159 2025/04/24 18:22:39 1 100 12 109 170 0 885 5 0 1 0 0 25813 100 0 0
SEP
CPU laptop 1745508160 2025/04/24 18:22:40 1 100 12 150 269 1 755 10 0 1 0 0 23061 100 0 0
SEP
CPU laptop 1745508161 2025/04/24 18:22:41 1 100 12 184 307 0 688 1 0 2 0 0 30102 100 0 0
SEP
CPU laptop 1745508162 2025/04/24 18:22:42 1 100 12 126 250 0 803 0 0 1 0 0 25956 100 0 0
SEP
CPU laptop 1745508163 2025/04/24 18:22:43 1 100 12 91 154 0 937 0 0 1 0 0 24475 100 0 0
SEP
CPU laptop 1745508164 2025/04/24 18:22:44 1 100 12 94 155 0 935 0 0 1 0 0 20582 100 0 0
SEP
CPU laptop 1745508165 2025/04/24 18:22:45 1 100 12 101 143 0 920 11 0 2 0 0 31735 100 0 0
SEP
CPU laptop 1745508166 2025/04/24 18:22:46 1 100 12 154 266 1 741 11 0 0 0 0 23066 100 0 0
SEP
CPU laptop 1745508167 2025/04/24 18:22:47 1 100 12 98 156 0 926 0 0 1 0 0 22333 100 0 0
SEP
CPU laptop 1745508168 2025/04/24 18:22:48 1 100 12 86 149 0 954 0 0 1 0 0 22673 100 0 0
SEP
CPU laptop 1745508169 2025/04/24 18:22:49 1 100 12 91 152 0 934 5 0 2 0 0 23048 100 0 0
SEP
CPU laptop 1745508170 2025/04/24 18:22:50 1 100 12 97 165 0 919 0 0 1 0 0 26365 100 0 0
SEP
CPU laptop 1745508171 2025/04/24 18:22:51 1 100 12 117 146 0 902 13 0 2 0 0 34229 100 0 0
SEP
CPU laptop 1745508172 2025/04/24 18:22:52 1 100 12 137 266 1 772 4 0 1 0 0 20088 100 0 0
SEP
CPU laptop 1745508173 2025/04/24 18:22:53 1 100 12 88 150 0 943 0 0 1 0 0 22727 100 0 0
SEP
CPU laptop 1745508174 2025/04/24 18:22:54 1 100 12 87 148 0 939 3 0 1 0 0 24797 100 0 0
SEP
CPU laptop 1745508175 2025/04/24 18:22:55 1 100 12 83 138 0 961 0 0 0 0 0 22852 100 0 0
SEP
CPU laptop 1745508176 2025/04/24 18:22:56 1 100 12 97 153 0 929 0 0 0 0 0 20417 100 0 0
SEP
CPU laptop 1745508177 2025/04/24 18:22:57 1 100 12 119 163 0 887 16 0 0 0 0 47863 100 0 0
SEP
CPU laptop 1745508178 2025/04/24 18:22:58 1 100 12 118 248 0 819 4 0 1 0 0 19800 100 0 0
SEP
CPU laptop 1745508179 2025/04/24 18:22:59 1 100 12 80 142 0 967 0 0 1 0 0 19822 100 0 0
SEP
CPU laptop 1745508180 2025/04/24 18:23:00 1 100 12 84 150 0 957 2 0 0 0 0 22254 100 0 0
SEP
CPU laptop 1745508181 2025/04/24 18:23:01 1 100 12 84 154 0 950 1 0 1 0 0 20813 100 0 0
SEP
CPU laptop 1745508182 2025/04/24 18:23:02 1 100 12 93 192 0 905 0 0 0 0 0 22656 100 0 0
SEP
CPU laptop 1745508183 2025/04/24 18:23:03 1 100 12 139 165 1 855 13 0 1 0 0 44274 100 0 0
SEP
CPU laptop 1745508184 2025/04/24 18:23:04 1 100 12 150 322 1 712 1 0 0 0 0 29866 100 0 0
SEP
CPU laptop 1745508185 2025/04/24 18:23:05 1 100 12 95 178 0 916 0 0 1 0 0 23807 100 0 0
SEP
CPU laptop 1745508186 2025/04/24 18:23:06 1 100 12 87 152 0 940 3 0 0 0 0 23464 100 0 0
SEP
CPU laptop 1745508187 2025/04/24 18:23:07 1 100 12 93 166 0 922 2 0 1 0 0 24143 100 0 0
SEP
CPU laptop 1745508188 2025/04/24 18:23:08 1 100 12 86 158 0 942 4 0 1 0 0 23607 100 0 0
SEP
CPU laptop 1745508189 2025/04/24 18:23:09 1 100 12 165 221 0 773 11 0 0 0 0 35284 100 0 0
SEP
CPU laptop 1745508190 2025/04/24 18:23:10 1 100 12 115 280 0 786 2 0 1 0 0 23468 100 0 0
SEP
CPU laptop 1745508191 2025/04/24 18:23:11 1 100 12 95 178 0 910 0 0 0 0 0 21862 100 0 0
SEP
CPU laptop 1745508192 2025/04/24 18:23:12 1 100 12 91 157 0 938 0 0 0 0 0 20131 100 0 0
SEP
CPU laptop 1745508193 2025/04/24 18:23:13 1 100 12 91 157 0 935 0 0 0 0 0 20450 100 0 0
SEP
CPU laptop 1745508194 2025/04/24 18:23:14 1 100 12 95 150 0 945 0 0 0 0 0 22335 100 0 0
SEP
CPU laptop 1745508195 2025/04/24 18:23:15 1 100 12 139 128 2 892 19 0 1 0 0 27245 100 0 0
SEP
CPU laptop 1745508196 2025/04/24 18:23:16 1 100 12 102 265 0 819 3 0 0 0 0 21120 100 0 0
SEP
CPU laptop 1745508197 2025/04/24 18:23:17 1 100 12 86 158 0 940 0 0 1 0 0 21156 100 0 0
SEP
CPU laptop 1745508198 2025/04/24 18:23:18 1 100 12 86 155 0 954 0 0 0 0 0 23403 100 0 0
SEP
CPU laptop 1745508199 2025/04/24 18:23:19 1 100 12 90 142 0 963 0 0 1 0 0 20789 100 0 0
SEP
CPU laptop 1745508200 2025/04/24 18:23:20 1 100 12 81 138 0 973 5 0 0 0 0 20112 100 0 0
SEP
CPU laptop 1745508201 2025/04/24 18:23:21 1 100 12 146 133 1 889 16 0 1 0 0 25506 100 0 0
SEP
CPU laptop 1745508202 2025/04/24 18:23:22 1 100 12 114 256 0 812 2 0 1 0 0 20785 100 0 0
SEP
CPU laptop 1745508203 2025/04/24 18:23:23 1 100 12 90 153 0 937 0 0 0 0 0 23975 100 0 0
SEP
CPU laptop 1745508204 2025/04/24 18:23:24 1 100 12 89 149 0 951 0 0 1 0 0 21146 100 0 0
SEP
CPU laptop 1745508205 2025/04/24 18:23:25 1 100 12 122 203 0 858 0 0 1 0 0 23598 100 0 0
SEP
CPU laptop 1745508206 2025/04/24 18:23:26 1 100 12 91 183 0 911 0 0 1 0 0 21233 100 0 0
SEP
CPU laptop 1745508207 2025/04/24 18:23:27 1 100 12 166 261 0 729 15 0 1 0 0 38654 100 0 0
SEP
CPU laptop 1745508208 2025/04/24 18:23:28 1 100 12 148 404 0 624 3 0 2 0 0 23086 100 0 0
SEP
CPU laptop 1745508209 2025/04/24 18:23:29 1 100 12 102 192 0 888 0 0 1 0 0 23466 100 0 0
SEP
CPU laptop 1745508210 2025/04/24 18:23:30 1 100 12 108 284 0 780 1 0 1 0 0 28465 100 0 0
SEP
CPU laptop 1745508211 2025/04/24 18:23:31 1 100 12 105 186 0 895 0 0 0 0 0 23798 100 0 0
SEP
CPU laptop 1745508212 2025/04/24 18:23:32 1 100 12 109 210 0 863 0 0 1 0 0 28481 100 0 0
SEP
CPU laptop 1745508213 2025/04/24 18:23:33 1 100 12 144 172 1 836 21 0 1 0 0 34333 100 0 0
SEP
CPU laptop 1745508214 2025/04/24 18:23:34 1 100 12 110 272 0 801 1 0 1 0 0 23759 100 0 0
SEP
CPU laptop 1745508215 2025/04/24 18:23:35 1 100 12 83 159 0 944 2 0 0 0 0 23778 100 0 0
SEP
CPU laptop 1745508216 2025/04/24 18:23:36 1 100 12 86 146 0 955 0 0 0 0 0 20462 100 0 0
SEP
CPU laptop 1745508217 2025/04/24 18:23:37 1 100 12 87 153 0 944 6 0 2 0 0 22306 100 0 0
SEP
CPU laptop 1745508218 2025/04/24 18:23:38 1 100 12 76 148 0 965 2 0 1 0 0 19742 100 0 0
SEP
CPU laptop 1745508219 2025/04/24 18:23:39 1 100 12 149 141 1 882 13 0 0 0 0 39011 100 0 0
SEP
CPU laptop 1745508220 2025/04/24 18:23:40 1 100 12 102 258 0 828 1 0 1 0 0 26024 100 0 0
SEP
CPU laptop 1745508221 2025/04/24 18:23:41 1 100 12 79 144 0 970 0 0 0 0 0 22716 100 0 0
SEP
CPU laptop 1745508222 2025/04/24 18:23:42 1 100 12 78 145 0 971 0 0 2 0 0 24952 100 0 0
SEP
CPU laptop 1745508223 2025/04/24 18:23:43 1 100 12 83 144 0 968 0 0 1 0 0 22709 100 0 0
SEP
CPU laptop 1745508224 2025/04/24 18:23:44 1 100 12 74 153 0 965 2 0 0 0 0 23098 100 0 0
SEP
CPU laptop 1745508225 2025/04/24 18:23:45 1 100 12 150 167 1 839 17 0 1 0 0 24560 100 0 0
SEP
CPU laptop 1745508226 2025/04/24 18:23:46 1 100 12 113 286 0 789 0 0 1 0 0 22791 100 0 0
SEP
CPU laptop 1745508227 2025/04/24 18:23:47 1 100 12 108 206 0 874 0 0 0 0 0 20497 100 0 0
SEP
CPU laptop 1745508228 2025/04/24 18:23:48 1 100 12 101 182 0 897 0 0 0 0 0 23468 100 0 0
SEP
CPU laptop 1745508229 2025/04/24 18:23:49 1 100 12 97 170 0 923 0 0 0 0 0 30423 100 0 0
SEP
CPU laptop 1745508230 2025/04/24 18:23:50 1 100 12 95 182 0 905 2 0 2 0 0 24477 100 0 0
SEP
CPU laptop 1745508231 2025/04/24 18:23:51 1 100 12 145 154 0 856 20 0 1 0 0 47808 100 0 0
SEP
CPU laptop 1745508232 2025/04/24 18:23:52 1 100 12 108 247 0 827 1 0 1 0 0 25655 100 0 0
SEP
CPU laptop 1745508233 2025/04/24 18:23:53 1 100 12 100 180 0 897 0 0 1 0 0 22145 100 0 0
SEP
CPU laptop 1745508234 2025/04/24 18:23:54 1 100 12 105 185 0 885 0 0 2 0 0 22935 100 0 0
SEP
CPU laptop 1745508235 2025/04/24 18:23:55 1 100 12 96 184 0 909 0 0 2 0 0 20741 100 0 0
SEP
CPU laptop 1745508236 2025/04/24 18:23:56 1 100 12 77 136 0 979 4 0 1 0 0 21183 100 0 0
SEP
CPU laptop 1745508237 2025/04/24 18:23:57 1 100 12 162 141 1 860 15 0 2 0 0 20807 100 0 0
SEP
CPU laptop 1745508238 2025/04/24 18:23:58 1 100 12 88 254 0 853 0 0 0 0 0 19518 100 0 0
SEP
CPU laptop 1745508239 2025/04/24 18:23:59 1 100 12 83 141 0 972 0 0 1 0 0 20964 100 0 0
SEP
CPU laptop 1745508240 2025/04/24 18:24:00 1 100 12 84 146 0 964 0 0 0 0 0 19736 100 0 0
SEP
CPU laptop 1745508241 2025/04/24 18:24:01 1 100 12 92 142 0 964 0 0 0 0 0 23995 100 0 0
SEP
CPU laptop 1745508242 2025/04/24 18:24:02 1 100 12 79 147 0 963 6 0 1 0 0 19415 100 0 0
SEP
CPU laptop 1745508243 2025/04/24 18:24:03 1 100 12 152 147 1 867 15 0 1 0 0 23286 100 0 0
SEP
CPU laptop 1745508244 2025/04/24 18:24:04 1 100 12 94 255 0 844 3 0 1 0 0 21849 100 0 0
SEP
CPU laptop 1745508245 2025/04/24 18:24:05 1 100 12 82 138 0 977 0 0 0 0 0 20175 100 0 0
SEP
CPU laptop 1745508246 2025/04/24 18:24:06 1 100 12 80 140 0 975 0 0 0 0 0 20497 100 0 0
SEP
CPU laptop 1745508247 2025/04/24 18:24:07 1 100 12 97 151 0 944 2 0 0 0 0 22356 100 0 0
SEP
CPU laptop 1745508248 2025/04/24 18:24:08 1 100 12 81 159 0 954 1 0 0 0 0 22699 100 0 0
SEP
CPU laptop 1745508249 2025/04/24 18:24:09 1 100 12 164 160 1 835 17 0 1 0 0 28722 100 0 0
SEP
CPU laptop 1745508250 2025/04/24 18:24:10 1 100 12 92 247 0 852 1 0 0 0 0 20552 100 0 0
SEP
CPU laptop 1745508251 2025/04/24 18:24:11 1 100 12 90 158 0 932 0 0 0 0 0 21134 100 0 0
SEP
CPU laptop 1745508252 2025/04/24 18:24:12 1 100 12 77 138 0 971 0 0 0 0 0 22921 100 0 0
SEP
CPU laptop 1745508253 2025/04/24 18:24:13 1 100 12 102 163 0 915 0 0 1 0 0 20821 100 0 0
SEP
CPU laptop 1745508254 2025/04/24 18:24:14 1 100 12 79 131 0 977 5 0 0 0 0 21162 100 0 0
SEP
CPU laptop 1745508255 2025/04/24 18:24:15 1 100 12 158 131 1 874 16 0 1 0 0 20788 100 0 0
SEP
CPU laptop 1745508256 2025/04/24 18:24:16 1 100 12 91 251 0 853 0 0 0 0 0 19740 100 0 0
SEP
CPU laptop 1745508257 2025/04/24 18:24:17 1 100 12 85 151 0 949 6 0 2 0 0 19764 100 0 0
SEP
CPU laptop 1745508258 2025/04/24 18:24:18 1 100 12 82 151 0 961 0 0 0 0 0 19379 100 0 0
SEP
CPU laptop 1745508259 2025/04/24 18:24:19 1 100 12 90 149 0 955 2 0 0 0 0 20114 100 0 0
SEP
CPU laptop 1745508260 2025/04/24 18:24:20 1 100 12 80 143 0 970 2 0 0 0 0 19875 100 0 0
SEP
CPU laptop 1745508261 2025/04/24 18:24:21 1 100 12 155 131 1 875 16 0 1 0 0 20195 100 0 0
SEP
CPU laptop 1745508262 2025/04/24 18:24:22 1 100 12 91 248 0 856 1 0 0 0 0 21064 100 0 0
SEP
CPU laptop 1745508263 2025/04/24 18:24:23 1 100 12 79 140 0 973 2 0 0 0 0 20830 100 0 0
SEP
CPU laptop 1745508264 2025/04/24 18:24:24 1 100 12 80 148 0 967 0 0 1 0 0 21708 100 0 0
SEP
CPU laptop 1745508265 2025/04/24 18:24:25 1 100 12 89 149 0 957 0 0 0 0 0 21315 100 0 0
SEP
CPU laptop 1745508266 2025/04/24 18:24:26 1 100 12 78 134 0 986 0 0 1 0 0 21489 100 0 0
SEP
CPU laptop 1745508267 2025/04/24 18:24:27 1 100 12 144 141 1 874 18 0 1 0 0 23453 100 0 0
SEP
CPU laptop 1745508268 2025/04/24 18:24:28 1 100 12 95 295 0 808 0 0 0 0 0 19704 100 0 0
SEP
CPU laptop 1745508269 2025/04/24 18:24:29 1 100 12 80 182 0 934 0 0 0 0 0 19389 100 0 0
SEP
CPU laptop 1745508270 2025/04/24 18:24:30 1 100 12 82 141 0 973 0 0 0 0 0 20092 100 0 0
SEP
CPU laptop 1745508271 2025/04/24 18:24:31 1 100 12 93 148 0 954 0 0 0 0 0 20653 100 0 0
SEP
CPU laptop 1745508272 2025/04/24 18:24:32 1 100 12 77 135 0 984 1 0 1 0 0 22091 100 0 0
SEP
CPU laptop 1745508273 2025/04/24 18:24:33 1 100 12 149 142 0 867 19 0 0 0 0 24718 100 0 0
SEP
CPU laptop 1745508274 2025/04/24 18:24:34 1 100 12 99 253 0 841 1 0 1 0 0 25364 100 0 0
SEP
CPU laptop 1745508275 2025/04/24 18:24:35 1 100 12 85 143 0 969 0 0 0 0 0 21919 100 0 0
SEP
CPU laptop 1745508276 2025/04/24 18:24:36 1 100 12 82 140 0 974 0 0 0 0 0 20991 100 0 0
SEP
CPU laptop 1745508277 2025/04/24 18:24:37 1 100 12 152 171 0 868 2 0 0 0 0 19389 100 0 0
SEP
CPU laptop 1745508278 2025/04/24 18:24:38 1 100 12 76 141 0 976 3 0 0 0 0 23109 100 0 0
SEP
CPU laptop 1745508279 2025/04/24 18:24:39 1 100 12 177 192 1 795 16 0 1 0 0 29388 100 0 0
SEP
CPU laptop 1745508280 2025/04/24 18:24:40 1 100 12 102 255 0 834 2 0 1 0 0 20462 100 0 0
SEP
CPU laptop 1745508281 2025/04/24 18:24:41 1 100 12 81 143 0 971 0 0 0 0 0 19385 100 0 0
SEP
CPU laptop 1745508282 2025/04/24 18:24:42 1 100 12 80 140 0 977 0 0 1 0 0 20089 100 0 0
SEP
CPU laptop 1745508283 2025/04/24 18:24:43 1 100 12 88 144 0 964 0 0 0 0 0 20078 100 0 0
SEP
CPU laptop 1745508284 2025/04/24 18:24:44 1 100 12 81 144 0 965 4 0 0 0 0 21492 100 0 0
SEP
CPU laptop 1745508285 2025/04/24 18:24:45 1 100 12 149 146 1 873 14 0 1 0 0 28903 100 0 0
SEP
CPU laptop 1745508286 2025/04/24 18:24:46 1 100 12 104 256 0 828 2 0 0 0 0 20088 100 0 0
SEP
CPU laptop 1745508287 2025/04/24 18:24:47 1 100 12 82 138 0 973 1 0 1 0 0 25047 100 0 0
SEP
CPU laptop 1745508288 2025/04/24 18:24:48 1 100 12 79 141 0 978 0 0 0 0 0 23472 100 0 0
SEP
CPU laptop 1745508289 2025/04/24 18:24:49 1 100 12 95 149 0 952 0 0 2 0 0 20855 100 0 0
SEP
CPU laptop 1745508290 2025/04/24 18:24:50 1 100 12 80 141 0 977 0 0 0 0 0 23399 100 0 0
SEP
CPU laptop 1745508291 2025/04/24 18:24:51 1 100 12 136 145 1 879 20 0 1 0 0 43068 100 0 0
SEP
CPU laptop 1745508292 2025/04/24 18:24:52 1 100 12 112 251 0 828 1 0 1 0 0 21775 100 0 0
SEP
CPU laptop 1745508293 2025/04/24 18:24:53 1 100 12 81 146 0 965 0 0 0 0 0 20561 100 0 0
SEP
CPU laptop 1745508294 2025/04/24 18:24:54 1 100 12 80 139 0 978 0 0 1 0 0 20086 100 0 0
SEP
CPU laptop 1745508295 2025/04/24 18:24:55 1 100 12 82 150 0 962 0 0 0 0 0 20086 100 0 0
SEP
CPU laptop 1745508296 2025/04/24 18:24:56 1 100 12 90 149 0 956 0 0 0 0 0 19746 100 0 0
SEP
CPU laptop 1745508297 2025/04/24 18:24:57 1 100 12 136 136 1 893 19 0 1 0 0 16972 100 0 0
SEP
CPU laptop 1745508298 2025/04/24 18:24:58 1 100 12 102 253 0 836 2 0 1 0 0 19389 100 0 0
SEP
CPU laptop 1745508299 2025/04/24 18:24:59 1 100 12 79 143 0 974 0 0 0 0 0 20960 100 0 0
SEP
CPU laptop 1745508300 2025/04/24 18:25:00 1 100 12 85 145 0 968 0 0 0 0 0 21205 100 0 0
SEP
CPU laptop 1745508301 2025/04/24 18:25:01 1 100 12 83 150 0 962 0 0 0 0 0 20452 100 0 0
SEP
CPU laptop 1745508302 2025/04/24 18:25:02 1 100 12 105 265 0 823 1 0 2 0 0 24659 100 0 0
SEP
CPU laptop 1745508303 2025/04/24 18:25:03 1 100 12 145 166 0 854 16 0 1 0 0 35008 100 0 0
SEP
CPU laptop 1745508304 2025/04/24 18:25:04 1 100 12 117 274 0 790 2 0 0 0 0 23031 100 0 0
SEP
CPU laptop 1745508305 2025/04/24 18:25:05 1 100 12 91 177 0 914 0 0 1 0 0 23445 100 0 0
SEP
CPU laptop 1745508306 2025/04/24 18:25:06 1 100 12 82 152 0 963 0 0 0 0 0 21984 100 0 0
SEP
CPU laptop 1745508307 2025/04/24 18:25:07 1 100 12 100 156 0 933 4 0 1 0 0 24160 100 0 0
SEP
CPU laptop 1745508308 2025/04/24 18:25:08 1 100 12 83 144 0 965 4 0 1 0 0 25608 100 0 0
SEP
CPU laptop 1745508309 2025/04/24 18:25:09 1 100 12 158 154 1 856 16 0 1 0 0 33972 100 0 0
SEP
CPU laptop 1745508310 2025/04/24 18:25:10 1 100 12 127 288 0 762 2 0 1 0 0 23677 100 0 0
SEP
CPU laptop 1745508311 2025/04/24 18:25:11 1 100 12 101 171 0 910 0 0 0 0 0 23453 100 0 0
SEP
CPU laptop 1745508312 2025/04/24 18:25:12 1 100 12 87 174 0 933 0 0 1 0 0 20777 100 0 0
SEP
CPU laptop 1745508313 2025/04/24 18:25:13 1 100 12 97 155 0 942 0 0 1 0 0 23205 100 0 0
SEP
CPU laptop 1745508314 2025/04/24 18:25:14 1 100 12 78 151 0 966 0 0 0 0 0 20582 100 0 0
SEP
CPU laptop 1745508315 2025/04/24 18:25:15 1 100 12 154 141 1 868 19 0 1 0 0 29362 100 0 0
SEP
CPU laptop 1745508316 2025/04/24 18:25:16 1 100 12 99 254 0 840 1 0 0 0 0 21007 100 0 0
SEP
CPU laptop 1745508317 2025/04/24 18:25:17 1 100 12 81 149 0 966 0 0 0 0 0 22156 100 0 0
SEP
CPU laptop 1745508318 2025/04/24 18:25:18 1 100 12 83 146 0 967 0 0 1 0 0 20457 100 0 0
SEP
CPU laptop 1745508319 2025/04/24 18:25:19 1 100 12 89 147 0 959 0 0 0 0 0 26272 100 0 0
SEP
CPU laptop 1745508320 2025/04/24 18:25:20 1 100 12 83 139 0 973 3 0 0 0 0 20453 100 0 0
SEP
CPU laptop 1745508321 2025/04/24 18:25:21 1 100 12 145 135 1 884 17 0 1 0 0 30210 100 0 0
SEP
CPU laptop 1745508322 2025/04/24 18:25:22 1 100 12 106 255 0 831 1 0 1 0 0 19528 100 0 0
SEP
CPU laptop 1745508323 2025/04/24 18:25:23 1 100 12 87 151 0 957 0 0 0 0 0 22281 100 0 0
SEP
CPU laptop 1745508324 2025/04/24 18:25:24 1 100 12 84 143 0 969 0 0 0 0 0 20126 100 0 0
SEP
CPU laptop 1745508325 2025/04/24 18:25:25 1 100 12 91 150 0 955 0 0 0 0 0 23410 100 0 0
SEP
CPU laptop 1745508326 2025/04/24 18:25:26 1 100 12 85 154 0 955 2 0 0 0 0 20092 100 0 0
SEP
CPU laptop 1745508327 2025/04/24 18:25:27 1 100 12 150 136 1 883 14 0 1 0 0 22510 100 0 0
SEP
CPU laptop 1745508328 2025/04/24 18:25:28 1 100 12 95 256 0 841 1 0 0 0 0 19743 100 0 0
SEP
CPU laptop 1745508329 2025/04/24 18:25:29 1 100 12 92 154 0 940 0 0 0 0 0 23119 100 0 0
SEP
CPU laptop 1745508330 2025/04/24 18:25:30 1 100 12 93 157 0 931 0 0 0 0 0 23800 100 0 0
SEP
CPU laptop 1745508331 2025/04/24 18:25:31 1 100 12 88 151 0 945 0 0 1 0 0 20066 100 0 0
SEP
CPU laptop 1745508332 2025/04/24 18:25:32 1 100 12 82 148 0 967 0 0 0 0 0 21248 100 0 0
SEP
CPU laptop 1745508333 2025/04/24 18:25:33 1 100 12 146 142 1 877 18 0 1 0 0 33567 100 0 0
SEP
CPU laptop 1745508334 2025/04/24 18:25:34 1 100 12 105 255 0 832 1 0 1 0 0 24057 100 0 0
SEP
CPU laptop 1745508335 2025/04/24 18:25:35 1 100 12 84 136 0 977 0 0 0 0 0 24272 100 0 0
SEP
CPU laptop 1745508336 2025/04/24 18:25:36 1 100 12 81 142 0 973 2 0 0 0 0 21659 100 0 0
SEP
CPU laptop 1745508337 2025/04/24 18:25:37 1 100 12 100 163 0 924 2 0 1 0 0 23573 100 0 0
SEP
CPU laptop 1745508338 2025/04/24 18:25:38 1 100 12 81 152 0 957 0 0 1 0 0 20991 100 0 0
SEP
CPU laptop 1745508339 2025/04/24 18:25:39 1 100 12 157 141 1 866 18 0 0 0 0 35267 100 0 0
SEP
CPU laptop 1745508340 2025/04/24 18:25:40 1 100 12 98 257 0 826 7 0 1 0 0 23903 100 0 0
SEP
CPU laptop 1745508341 2025/04/24 18:25:41 1 100 12 85 139 0 963 0 0 0 0 0 23446 100 0 0
SEP
CPU laptop 1745508342 2025/04/24 18:25:42 1 100 12 78 137 0 974 0 0 1 0 0 21436 100 0 0
SEP
CPU laptop 1745508343 2025/04/24 18:25:43 1 100 12 90 150 0 943 0 0 0 0 0 20459 100 0 0
SEP
CPU laptop 1745508344 2025/04/24 18:25:44 1 100 12 83 142 0 966 3 0 0 0 0 21490 100 0 0
SEP
CPU laptop 1745508345 2025/04/24 18:25:45 1 100 12 151 140 1 877 13 0 2 0 0 33683 100 0 0
SEP
CPU laptop 1745508346 2025/04/24 18:25:46 1 100 12 99 253 0 838 2 0 0 0 0 20788 100 0 0
SEP
CPU laptop 1745508347 2025/04/24 18:25:47 1 100 12 85 137 0 976 0 0 1 0 0 26546 100 0 0
SEP
CPU laptop 1745508348 2025/04/24 18:25:48 1 100 12 79 151 0 965 0 0 0 0 0 22331 100 0 0
SEP
CPU laptop 1745508349 2025/04/24 18:25:49 1 100 12 95 157 0 945 0 0 0 0 0 19369 100 0 0
SEP
CPU laptop 1745508350 2025/04/24 18:25:50 1 100 12 80 139 0 973 3 0 1 0 0 24170 100 0 0
SEP
CPU laptop 1745508351 2025/04/24 18:25:51 1 100 12 99 113 0 968 7 0 2 0 0 17825 100 0 0
SEP
CPU laptop 1745508352 2025/04/24 18:25:52 1 100 12 78 48 0 1069 0 0 0 0 0 16794 100 0 0
SEP
CPU laptop 1745508353 2025/04/24 18:25:53 1 100 12 114 56 0 1024 0 0 0 0 0 17357 100 0 0
SEP
CPU laptop 1745508354 2025/04/24 18:25:54 1 100 12 113 52 0 1031 0 0 0 0 0 18625 100 0 0
SEP
CPU laptop 1745508355 2025/04/24 18:25:55 1 100 12 117 62 0 1015 0 0 0 0 0 19233 100 0 0
SEP
CPU laptop 1745508356 2025/04/24 18:25:56 1 100 12 116 55 0 1023 3 0 1 0 0 19851 100 0 0
SEP
CPU laptop 1745508357 2025/04/24 18:25:57 1 100 12 120 48 0 1027 2 0 0 0 0 18191 100 0 0
SEP
CPU laptop 1745508358 2025/04/24 18:25:58 1 100 12 117 53 0 1023 0 0 0 0 0 18336 100 0 0
SEP
CPU laptop 1745508359 2025/04/24 18:25:59 1 100 12 118 54 0 1022 0 0 0 0 0 18894 100 0 0
SEP
CPU laptop 1745508360 2025/04/24 18:26:00 1 100 12 114 51 0 1023 0 0 0 0 0 19590 100 0 0
SEP
