5575 
5603 
5582 
5563 
5576 
5575 
5577 
5592 
5551 
5580 
5586 
5580 
5574 
5629 
5570 
5686 
5582 
5563 
5608 
5585 
5563 
5583 
5565 
5586 
5560 
5575 
5557 
5561 
5637 
5614 
5552 
5598 
5582 
5660 
5614 
5594 
5547 
5604 
5563 
5549 
5579 
5589 
5591 
5601 
5554 
5557 
5632 
5547 
5605 
5519 
5627 
5609 
5593 
5548 
5634 
5582 
5613 
5570 
5557 
5651 
5547 
5554 
5580 
5579 
5580 
5553 
5616 
5562 
5600 
5594 
5584 
5623 
5611 
5606 
5564 
5584 
5559 
5628 
5599 
5612 
5719 
5650 
5591 
5536 
5640 
5616 
5566 
5560 
5586 
5576 
5621 
5571 
5598 
5573 
5592 
5609 
5608 
5585 
5608 
5651 
