RESET
CPU yadrolab-wp11 1745511634 2025/04/24 19:20:34 2098257 100 24 14735511 20471555 1146832 4995218766 152793 0 15781 0 0 78501 100 0 0
SEP
CPU yadrolab-wp11 1745511635 2025/04/24 19:20:35 1 100 24 12 6 5 2374 0 0 0 0 0 74400 100 0 0
SEP
CPU yadrolab-wp11 1745511636 2025/04/24 19:20:36 1 100 24 11 7 3 2374 0 0 0 0 0 74400 100 0 0
SEP
CPU yadrolab-wp11 1745511637 2025/04/24 19:20:37 1 100 24 14 8 6 2368 0 0 0 0 0 74400 100 0 0
SEP
CPU yadrolab-wp11 1745511638 2025/04/24 19:20:38 1 100 24 13 9 1 2373 0 0 0 0 0 74638 100 0 0
SEP
CPU yadrolab-wp11 1745511639 2025/04/24 19:20:39 1 100 24 15 5 1 2376 1 0 0 0 0 75850 100 0 0
SEP
CPU yadrolab-wp11 1745511640 2025/04/24 19:20:40 1 100 24 15 6 0 2374 0 0 0 0 0 76240 100 0 0
SEP
CPU yadrolab-wp11 1745511641 2025/04/24 19:20:41 1 100 24 11 8 2 2376 0 0 0 0 0 77238 100 0 0
SEP
CPU yadrolab-wp11 1745511642 2025/04/24 19:20:42 1 100 24 16 5 1 2374 0 0 0 0 0 76048 100 0 0
SEP
CPU yadrolab-wp11 1745511643 2025/04/24 19:20:43 1 100 24 14 6 1 2376 0 0 0 0 0 76237 100 0 0
SEP
CPU yadrolab-wp11 1745511644 2025/04/24 19:20:44 1 100 24 12 11 2 2374 0 0 0 0 0 73363 100 0 0
SEP
CPU yadrolab-wp11 1745511645 2025/04/24 19:20:45 1 100 24 65 306 3 2026 8 0 0 0 0 77686 100 0 0
SEP
CPU yadrolab-wp11 1745511646 2025/04/24 19:20:46 1 100 24 65 302 3 2004 1 0 0 0 0 78183 100 0 0
SEP
CPU yadrolab-wp11 1745511647 2025/04/24 19:20:47 1 100 24 70 486 4 1824 2 0 1 0 0 80206 100 0 0
SEP
CPU yadrolab-wp11 1745511648 2025/04/24 19:20:48 1 100 24 54 335 3 1993 2 0 0 0 0 80538 100 0 0
SEP
CPU yadrolab-wp11 1745511649 2025/04/24 19:20:49 1 100 24 44 297 1 2054 2 0 0 0 0 80769 100 0 0
SEP
CPU yadrolab-wp11 1745511650 2025/04/24 19:20:50 1 100 24 50 302 2 2025 1 0 0 0 0 80077 100 0 0
SEP
CPU yadrolab-wp11 1745511651 2025/04/24 19:20:51 1 100 24 49 288 1 2048 2 0 0 0 0 77849 100 0 0
SEP
CPU yadrolab-wp11 1745511652 2025/04/24 19:20:52 1 100 24 77 323 3 1966 3 0 0 0 0 77064 100 0 0
SEP
CPU yadrolab-wp11 1745511653 2025/04/24 19:20:53 1 100 24 52 301 2 2037 2 0 0 0 0 77339 100 0 0
SEP
CPU yadrolab-wp11 1745511654 2025/04/24 19:20:54 1 100 24 63 484 0 1829 2 0 0 0 0 107895 100 0 0
SEP
CPU yadrolab-wp11 1745511655 2025/04/24 19:20:55 1 100 24 61 327 3 1993 2 0 0 0 0 80265 100 0 0
SEP
CPU yadrolab-wp11 1745511656 2025/04/24 19:20:56 1 100 24 56 299 3 2017 2 0 0 0 0 79122 100 0 0
SEP
CPU yadrolab-wp11 1745511657 2025/04/24 19:20:57 1 100 24 65 304 2 2007 3 0 0 0 0 81642 100 0 0
SEP
CPU yadrolab-wp11 1745511658 2025/04/24 19:20:58 1 100 24 74 321 4 1991 1 0 0 0 0 79347 100 0 0
SEP
CPU yadrolab-wp11 1745511659 2025/04/24 19:20:59 1 100 24 54 307 3 2022 2 0 0 0 0 78284 100 0 0
SEP
CPU yadrolab-wp11 1745511660 2025/04/24 19:21:00 1 100 24 56 297 5 2028 2 0 0 0 0 78246 100 0 0
SEP
CPU yadrolab-wp11 1745511661 2025/04/24 19:21:01 1 100 24 92 358 3 1950 3 0 0 0 0 76715 100 0 0
SEP
CPU yadrolab-wp11 1745511662 2025/04/24 19:21:02 1 100 24 77 313 5 1996 2 0 0 0 0 71434 100 0 0
SEP
CPU yadrolab-wp11 1745511663 2025/04/24 19:21:03 1 100 24 62 350 3 1962 2 0 0 0 0 107768 100 0 0
SEP
CPU yadrolab-wp11 1745511664 2025/04/24 19:21:04 1 100 24 61 474 1 1838 1 0 0 0 0 79290 100 0 0
SEP
CPU yadrolab-wp11 1745511665 2025/04/24 19:21:05 1 100 24 57 316 4 1992 2 0 0 0 0 79142 100 0 0
SEP
CPU yadrolab-wp11 1745511666 2025/04/24 19:21:06 1 100 24 66 319 1 1992 1 0 1 0 0 78900 100 0 0
SEP
CPU yadrolab-wp11 1745511667 2025/04/24 19:21:07 1 100 24 48 303 4 2016 2 0 0 0 0 77315 100 0 0
SEP
CPU yadrolab-wp11 1745511668 2025/04/24 19:21:08 1 100 24 68 312 3 1995 2 0 0 0 0 74630 100 0 0
SEP
CPU yadrolab-wp11 1745511669 2025/04/24 19:21:09 1 100 24 56 314 4 1994 3 0 0 0 0 76854 100 0 0
SEP
CPU yadrolab-wp11 1745511670 2025/04/24 19:21:10 1 100 24 72 301 2 1998 2 0 1 0 0 76943 100 0 0
SEP
CPU yadrolab-wp11 1745511671 2025/04/24 19:21:11 1 100 24 51 404 2 1928 2 0 0 0 0 107837 100 0 0
SEP
CPU yadrolab-wp11 1745511672 2025/04/24 19:21:12 1 100 24 42 405 0 1935 2 0 0 0 0 80668 100 0 0
SEP
CPU yadrolab-wp11 1745511673 2025/04/24 19:21:13 1 100 24 65 320 3 2013 2 0 0 0 0 80545 100 0 0
SEP
CPU yadrolab-wp11 1745511674 2025/04/24 19:21:14 1 100 24 66 314 3 2010 2 0 0 0 0 80269 100 0 0
SEP
CPU yadrolab-wp11 1745511675 2025/04/24 19:21:15 1 100 24 62 313 3 2012 1 0 0 0 0 74521 100 0 0
SEP
CPU yadrolab-wp11 1745511676 2025/04/24 19:21:16 1 100 24 92 349 5 1939 4 0 0 0 0 78400 100 0 0
SEP
CPU yadrolab-wp11 1745511677 2025/04/24 19:21:17 1 100 24 68 307 3 2011 1 0 0 0 0 77618 100 0 0
SEP
CPU yadrolab-wp11 1745511678 2025/04/24 19:21:18 1 100 24 63 478 1 1846 2 0 0 0 0 105404 100 0 0
SEP
CPU yadrolab-wp11 1745511679 2025/04/24 19:21:19 1 100 24 54 308 3 2001 1 0 0 0 0 80101 100 0 0
SEP
CPU yadrolab-wp11 1745511680 2025/04/24 19:21:20 1 100 24 51 310 3 2011 4 0 0 0 0 80505 100 0 0
SEP
CPU yadrolab-wp11 1745511681 2025/04/24 19:21:21 1 100 24 53 301 4 2010 5 0 0 0 0 80452 100 0 0
SEP
CPU yadrolab-wp11 1745511682 2025/04/24 19:21:22 1 100 24 68 326 2 1998 10 0 0 0 0 80751 100 0 0
SEP
CPU yadrolab-wp11 1745511683 2025/04/24 19:21:23 1 100 24 65 308 4 2022 10 0 0 0 0 79569 100 0 0
SEP
CPU yadrolab-wp11 1745511684 2025/04/24 19:21:24 1 100 24 77 305 2 1983 16 0 0 0 0 77380 100 0 0
SEP
CPU yadrolab-wp11 1745511685 2025/04/24 19:21:25 1 100 24 87 326 1 1968 5 0 0 0 0 79356 100 0 0
SEP
CPU yadrolab-wp11 1745511686 2025/04/24 19:21:26 1 100 24 76 309 3 1995 5 0 0 0 0 80392 100 0 0
SEP
CPU yadrolab-wp11 1745511687 2025/04/24 19:21:27 1 100 24 60 308 4 2001 5 0 0 0 0 78189 100 0 0
SEP
CPU yadrolab-wp11 1745511688 2025/04/24 19:21:28 1 100 24 79 324 4 1980 7 0 0 0 0 80017 100 0 0
SEP
CPU yadrolab-wp11 1745511689 2025/04/24 19:21:29 1 100 24 80 336 4 1958 8 0 0 0 0 80284 100 0 0
SEP
CPU yadrolab-wp11 1745511690 2025/04/24 19:21:30 1 100 24 71 315 8 2003 2 0 0 0 0 80715 100 0 0
SEP
CPU yadrolab-wp11 1745511691 2025/04/24 19:21:31 1 100 24 70 317 1 1988 2 0 0 0 0 78050 100 0 0
SEP
CPU yadrolab-wp11 1745511692 2025/04/24 19:21:32 1 100 24 64 308 1 2002 1 0 0 0 0 75119 100 0 0
SEP
CPU yadrolab-wp11 1745511693 2025/04/24 19:21:33 1 100 24 74 349 3 1970 3 0 0 0 0 80164 100 0 0
SEP
CPU yadrolab-wp11 1745511694 2025/04/24 19:21:34 1 100 24 63 297 1 2023 2 0 0 0 0 86399 100 0 0
SEP
CPU yadrolab-wp11 1745511695 2025/04/24 19:21:35 1 100 24 57 424 4 1921 1 0 0 0 0 95774 100 0 0
SEP
CPU yadrolab-wp11 1745511696 2025/04/24 19:21:36 1 100 24 55 345 1 1975 2 0 0 0 0 80073 100 0 0
SEP
CPU yadrolab-wp11 1745511697 2025/04/24 19:21:37 1 100 24 55 301 15 2011 2 0 0 0 0 79696 100 0 0
SEP
CPU yadrolab-wp11 1745511698 2025/04/24 19:21:38 1 100 24 45 302 0 2036 2 0 0 0 0 80296 100 0 0
SEP
CPU yadrolab-wp11 1745511699 2025/04/24 19:21:39 1 100 24 72 304 2 2008 2 0 0 0 0 78203 100 0 0
SEP
CPU yadrolab-wp11 1745511700 2025/04/24 19:21:40 1 100 24 77 313 5 1988 1 0 0 0 0 73296 100 0 0
SEP
CPU yadrolab-wp11 1745511701 2025/04/24 19:21:41 1 100 24 65 284 97 1952 3 0 0 0 0 78095 100 0 0
SEP
CPU yadrolab-wp11 1745511702 2025/04/24 19:21:42 1 100 24 64 321 5 1985 3 0 0 0 0 79974 100 0 0
SEP
CPU yadrolab-wp11 1745511703 2025/04/24 19:21:43 1 100 24 56 310 7 2017 3 0 0 0 0 78553 100 0 0
SEP
CPU yadrolab-wp11 1745511704 2025/04/24 19:21:44 1 100 24 74 317 43 1942 4 0 0 0 0 80209 100 0 0
SEP
CPU yadrolab-wp11 1745511705 2025/04/24 19:21:45 1 100 24 61 453 1 1887 2 0 0 0 0 107310 100 0 0
SEP
CPU yadrolab-wp11 1745511706 2025/04/24 19:21:46 1 100 24 62 372 5 1945 1 0 1 0 0 79763 100 0 0
SEP
CPU yadrolab-wp11 1745511707 2025/04/24 19:21:47 1 100 24 52 304 4 2030 2 0 0 0 0 79019 100 0 0
SEP
CPU yadrolab-wp11 1745511708 2025/04/24 19:21:48 1 100 24 78 312 3 1989 1 0 0 0 0 80038 100 0 0
SEP
CPU yadrolab-wp11 1745511709 2025/04/24 19:21:49 1 100 24 63 306 2 2008 2 0 0 0 0 78765 100 0 0
SEP
CPU yadrolab-wp11 1745511710 2025/04/24 19:21:50 1 100 24 72 315 3 1995 2 0 0 0 0 70904 100 0 0
SEP
CPU yadrolab-wp11 1745511711 2025/04/24 19:21:51 1 100 24 66 305 3 1998 3 0 0 0 0 78055 100 0 0
SEP
CPU yadrolab-wp11 1745511712 2025/04/24 19:21:52 1 100 24 53 308 1 2022 2 0 0 0 0 77068 100 0 0
SEP
CPU yadrolab-wp11 1745511713 2025/04/24 19:21:53 1 100 24 47 472 1 1863 2 0 0 0 0 107375 100 0 0
SEP
CPU yadrolab-wp11 1745511714 2025/04/24 19:21:54 1 100 24 60 340 2 1975 4 0 0 0 0 80072 100 0 0
SEP
CPU yadrolab-wp11 1745511715 2025/04/24 19:21:55 1 100 24 70 344 3 1960 11 0 0 0 0 79865 100 0 0
SEP
CPU yadrolab-wp11 1745511716 2025/04/24 19:21:56 1 100 24 77 331 3 1974 4 0 0 0 0 79080 100 0 0
SEP
CPU yadrolab-wp11 1745511717 2025/04/24 19:21:57 1 100 24 55 325 2 2000 3 0 0 0 0 79703 100 0 0
SEP
CPU yadrolab-wp11 1745511718 2025/04/24 19:21:58 1 100 24 73 329 2 1990 4 0 0 0 0 80493 100 0 0
SEP
CPU yadrolab-wp11 1745511719 2025/04/24 19:21:59 1 100 24 47 305 2 2026 6 0 0 0 0 80335 100 0 0
SEP
CPU yadrolab-wp11 1745511720 2025/04/24 19:22:00 1 100 24 45 282 12 2035 5 0 0 0 0 74624 100 0 0
SEP
CPU yadrolab-wp11 1745511721 2025/04/24 19:22:01 1 100 24 55 291 2 2027 4 0 0 0 0 76328 100 0 0
SEP
CPU yadrolab-wp11 1745511722 2025/04/24 19:22:02 1 100 24 57 321 12 2000 5 0 0 0 0 73002 100 0 0
SEP
CPU yadrolab-wp11 1745511723 2025/04/24 19:22:03 1 100 24 77 332 4 1988 4 0 0 0 0 77158 100 0 0
SEP
CPU yadrolab-wp11 1745511724 2025/04/24 19:22:04 1 100 24 52 382 2 1954 4 0 0 0 0 107131 100 0 0
SEP
CPU yadrolab-wp11 1745511725 2025/04/24 19:22:05 1 100 24 76 402 2 1898 4 0 0 0 0 85275 100 0 0
SEP
CPU yadrolab-wp11 1745511726 2025/04/24 19:22:06 1 100 24 66 332 2 1967 9 0 0 0 0 81558 100 0 0
SEP
CPU yadrolab-wp11 1745511727 2025/04/24 19:22:07 1 100 24 72 312 7 1980 2 0 0 0 0 79672 100 0 0
SEP
CPU yadrolab-wp11 1745511728 2025/04/24 19:22:08 1 100 24 51 318 9 2002 1 0 0 0 0 80244 100 0 0
SEP
CPU yadrolab-wp11 1745511729 2025/04/24 19:22:09 1 100 24 45 323 2 2016 2 0 0 0 0 80623 100 0 0
SEP
CPU yadrolab-wp11 1745511730 2025/04/24 19:22:10 1 100 24 73 321 3 1996 2 0 0 0 0 80224 100 0 0
SEP
CPU yadrolab-wp11 1745511731 2025/04/24 19:22:11 1 100 24 58 309 3 2016 1 0 1 0 0 80638 100 0 0
SEP
CPU yadrolab-wp11 1745511732 2025/04/24 19:22:12 1 100 24 51 305 2 2013 2 0 0 0 0 77699 100 0 0
SEP
CPU yadrolab-wp11 1745511733 2025/04/24 19:22:13 1 100 24 62 307 4 2007 2 0 0 0 0 74424 100 0 0
SEP
CPU yadrolab-wp11 1745511734 2025/04/24 19:22:14 1 100 24 84 334 3 1955 4 0 0 0 0 74582 100 0 0
SEP
CPU yadrolab-wp11 1745511735 2025/04/24 19:22:15 1 100 24 31 270 3 2079 1 0 0 0 0 76946 100 0 0
SEP
CPU yadrolab-wp11 1745511736 2025/04/24 19:22:16 1 100 24 14 6 2 2374 0 0 0 0 0 76857 100 0 0
SEP
CPU yadrolab-wp11 1745511737 2025/04/24 19:22:17 1 100 24 12 9 4 2374 0 0 0 0 0 76315 100 0 0
SEP
CPU yadrolab-wp11 1745511738 2025/04/24 19:22:18 1 100 24 19 16 2 2358 0 0 0 0 0 76046 100 0 0
SEP
CPU yadrolab-wp11 1745511739 2025/04/24 19:22:19 1 100 24 27 14 2 2348 0 0 0 0 0 75960 100 0 0
SEP
CPU yadrolab-wp11 1745511740 2025/04/24 19:22:20 1 100 24 13 7 1 2377 0 0 0 0 0 76189 100 0 0
SEP
CPU yadrolab-wp11 1745511741 2025/04/24 19:22:21 1 100 24 13 7 2 2374 0 0 0 0 0 74400 100 0 0
SEP
CPU yadrolab-wp11 1745511742 2025/04/24 19:22:22 1 100 24 14 9 2 2374 0 0 0 0 0 75639 100 0 0
SEP
CPU yadrolab-wp11 1745511743 2025/04/24 19:22:23 1 100 24 10 9 1 2377 0 0 0 0 0 76140 100 0 0
SEP
CPU yadrolab-wp11 1745511744 2025/04/24 19:22:24 1 100 24 12 8 2 2376 0 0 0 0 0 76812 100 0 0
SEP
