1814 
1753 
1694 
1607 
1625 
1665 
1648 
1625 
1649 
1616 
1641 
1669 
1574 
1672 
1662 
1625 
1652 
1645 
1643 
1607 
1655 
1658 
1712 
1671 
1640 
1676 
1614 
1687 
1679 
1601 
1679 
1703 
1656 
1666 
1652 
1643 
1680 
1642 
1673 
1697 
1680 
1642 
1665 
1630 
1661 
1695 
1672 
1622 
1685 
1700 
1628 
1638 
1692 
1608 
1728 
1699 
1657 
1657 
1670 
1704 
1605 
1630 
1654 
1714 
1639 
1647 
1654 
1682 
1641 
1735 
1745 
1641 
1632 
1604 
1623 
1657 
1658 
1657 
1634 
1630 
1585 
1623 
1643 
1656 
1645 
1619 
1671 
1641 
1624 
1652 
1626 
1597 
1656 
1633 
1648 
1652 
1633 
1688 
1677 
1630 
