               total        used        free      shared  buff/cache   available
Mem:           14514        4521         485         168        9508        9486
Swap:           2147           3        2144
Total:         16662        4524        2629

               total        used        free      shared  buff/cache   available
Mem:           14514        4545         461         168        9507        9462
Swap:           2147           3        2144
Total:         16662        4548        2605

               total        used        free      shared  buff/cache   available
Mem:           14514        4536         470         168        9507        9471
Swap:           2147           3        2144
Total:         16662        4540        2614

               total        used        free      shared  buff/cache   available
Mem:           14514        4542         468         165        9504        9469
Swap:           2147           3        2144
Total:         16662        4545        2612

               total        used        free      shared  buff/cache   available
Mem:           14514        4539         470         165        9504        9471
Swap:           2147           3        2144
Total:         16662        4543        2614

               total        used        free      shared  buff/cache   available
Mem:           14514        4532         478         165        9504        9479
Swap:           2147           3        2144
Total:         16662        4535        2622

               total        used        free      shared  buff/cache   available
Mem:           14514        4528         481         165        9504        9482
Swap:           2147           3        2144
Total:         16662        4531        2625

               total        used        free      shared  buff/cache   available
Mem:           14514        4526         483         165        9504        9484
Swap:           2147           3        2144
Total:         16662        4530        2627

               total        used        free      shared  buff/cache   available
Mem:           14514        4526         483         165        9504        9484
Swap:           2147           3        2144
Total:         16662        4529        2627

               total        used        free      shared  buff/cache   available
Mem:           14514        4527         482         165        9504        9483
Swap:           2147           3        2144
Total:         16662        4530        2626

               total        used        free      shared  buff/cache   available
Mem:           14514        4522         487         165        9504        9488
Swap:           2147           3        2144
Total:         16662        4526        2631

               total        used        free      shared  buff/cache   available
Mem:           14514        4685         298         165        9531        9326
Swap:           2147           3        2144
Total:         16662        4688        2442

               total        used        free      shared  buff/cache   available
Mem:           14514        4702         266         165        9546        9309
Swap:           2147           3        2144
Total:         16662        4705        2410

               total        used        free      shared  buff/cache   available
Mem:           14514        4741         223         167        9550        9267
Swap:           2147           3        2144
Total:         16662        4744        2367

               total        used        free      shared  buff/cache   available
Mem:           14514        4680         285         167        9548        9328
Swap:           2147           3        2144
Total:         16662        4684        2429

               total        used        free      shared  buff/cache   available
Mem:           14514        4787         178         165        9548        9223
Swap:           2147           3        2144
Total:         16662        4790        2322

               total        used        free      shared  buff/cache   available
Mem:           14514        4780         186         165        9547        9230
Swap:           2147           3        2144
Total:         16662        4783        2330

               total        used        free      shared  buff/cache   available
Mem:           14514        4717         353         165        9442        9293
Swap:           2147           3        2144
Total:         16662        4721        2497

               total        used        free      shared  buff/cache   available
Mem:           14514        4778         288         168        9447        9229
Swap:           2147           3        2144
Total:         16662        4782        2432

               total        used        free      shared  buff/cache   available
Mem:           14514        4710         357         168        9447        9298
Swap:           2147           3        2144
Total:         16662        4713        2501

               total        used        free      shared  buff/cache   available
Mem:           14514        4698         365         168        9450        9309
Swap:           2147           3        2144
Total:         16662        4701        2510

               total        used        free      shared  buff/cache   available
Mem:           14514        4765         304         165        9444        9245
Swap:           2147           3        2144
Total:         16662        4769        2448

               total        used        free      shared  buff/cache   available
Mem:           14514        4642         428         165        9443        9368
Swap:           2147           3        2144
Total:         16662        4646        2572

               total        used        free      shared  buff/cache   available
Mem:           14514        4729         339         165        9444        9281
Swap:           2147           3        2144
Total:         16662        4733        2484

               total        used        free      shared  buff/cache   available
Mem:           14514        4694         375         165        9444        9316
Swap:           2147           3        2144
Total:         16662        4698        2519

               total        used        free      shared  buff/cache   available
Mem:           14514        4668         399         165        9447        9343
Swap:           2147           3        2144
Total:         16662        4671        2543

               total        used        free      shared  buff/cache   available
Mem:           14514        4733         336         165        9445        9277
Swap:           2147           3        2144
Total:         16662        4736        2480

               total        used        free      shared  buff/cache   available
Mem:           14514        4677         392         165        9443        9333
Swap:           2147           3        2144
Total:         16662        4681        2536

               total        used        free      shared  buff/cache   available
Mem:           14514        4741         327         165        9445        9269
Swap:           2147           3        2144
Total:         16662        4745        2471

               total        used        free      shared  buff/cache   available
Mem:           14514        4712         356         165        9445        9298
Swap:           2147           3        2144
Total:         16662        4715        2500

               total        used        free      shared  buff/cache   available
Mem:           14514        4638         427         165        9448        9372
Swap:           2147           3        2144
Total:         16662        4642        2571

               total        used        free      shared  buff/cache   available
Mem:           14514        4699         369         165        9445        9312
Swap:           2147           3        2144
Total:         16662        4702        2513

               total        used        free      shared  buff/cache   available
Mem:           14514        4677         392         165        9444        9333
Swap:           2147           3        2144
Total:         16662        4680        2536

               total        used        free      shared  buff/cache   available
Mem:           14514        4701         364         165        9448        9310
Swap:           2147           3        2144
Total:         16662        4704        2508

               total        used        free      shared  buff/cache   available
Mem:           14514        4690         377         165        9446        9320
Swap:           2147           3        2144
Total:         16662        4694        2521

               total        used        free      shared  buff/cache   available
Mem:           14514        4617         451         165        9445        9393
Swap:           2147           3        2144
Total:         16662        4621        2595

               total        used        free      shared  buff/cache   available
Mem:           14514        4700         367         165        9446        9310
Swap:           2147           3        2144
Total:         16662        4704        2511

               total        used        free      shared  buff/cache   available
Mem:           14514        4705         363         165        9445        9305
Swap:           2147           3        2144
Total:         16662        4709        2507

               total        used        free      shared  buff/cache   available
Mem:           14514        4767         298         165        9448        9243
Swap:           2147           3        2144
Total:         16662        4770        2442

               total        used        free      shared  buff/cache   available
Mem:           14514        4739         328         165        9446        9271
Swap:           2147           3        2144
Total:         16662        4742        2472

               total        used        free      shared  buff/cache   available
Mem:           14514        4679         389         165        9445        9331
Swap:           2147           3        2144
Total:         16662        4683        2533

               total        used        free      shared  buff/cache   available
Mem:           14514        4685         381         165        9447        9325
Swap:           2147           3        2144
Total:         16662        4689        2525

               total        used        free      shared  buff/cache   available
Mem:           14514        4680         387         165        9446        9330
Swap:           2147           3        2144
Total:         16662        4684        2531

               total        used        free      shared  buff/cache   available
Mem:           14514        4626         438         165        9449        9384
Swap:           2147           3        2144
Total:         16662        4629        2582

               total        used        free      shared  buff/cache   available
Mem:           14514        4692         375         165        9447        9319
Swap:           2147           3        2144
Total:         16662        4695        2519

               total        used        free      shared  buff/cache   available
Mem:           14514        4604         464         165        9445        9407
Swap:           2147           3        2144
Total:         16662        4607        2608

               total        used        free      shared  buff/cache   available
Mem:           14514        4699         368         165        9447        9311
Swap:           2147           3        2144
Total:         16662        4702        2512

               total        used        free      shared  buff/cache   available
Mem:           14514        4650         417         165        9446        9360
Swap:           2147           3        2144
Total:         16662        4653        2561

               total        used        free      shared  buff/cache   available
Mem:           14514        4751         307         171        9455        9253
Swap:           2147           3        2144
Total:         16662        4755        2451

               total        used        free      shared  buff/cache   available
Mem:           14514        4800         260         171        9453        9204
Swap:           2147           3        2144
Total:         16662        4804        2404

               total        used        free      shared  buff/cache   available
Mem:           14514        4781         272         179        9460        9215
Swap:           2147           3        2144
Total:         16662        4785        2416

               total        used        free      shared  buff/cache   available
Mem:           14514        4871         184         176        9458        9129
Swap:           2147           3        2144
Total:         16662        4874        2329

               total        used        free      shared  buff/cache   available
Mem:           14514        4815         241         176        9458        9185
Swap:           2147           3        2144
Total:         16662        4818        2385

               total        used        free      shared  buff/cache   available
Mem:           14514        4817         235         176        9461        9182
Swap:           2147           3        2144
Total:         16662        4821        2379

               total        used        free      shared  buff/cache   available
Mem:           14514        4857         198         176        9458        9143
Swap:           2147           3        2144
Total:         16662        4860        2342

               total        used        free      shared  buff/cache   available
Mem:           14514        4762         294         176        9457        9237
Swap:           2147           3        2144
Total:         16662        4766        2438

               total        used        free      shared  buff/cache   available
Mem:           14514        4827         228         176        9459        9173
Swap:           2147           3        2144
Total:         16662        4830        2372

               total        used        free      shared  buff/cache   available
Mem:           14514        4753         302         176        9458        9246
Swap:           2147           3        2144
Total:         16662        4757        2446

               total        used        free      shared  buff/cache   available
Mem:           14514        4768         283         176        9461        9231
Swap:           2147           3        2144
Total:         16662        4772        2427

               total        used        free      shared  buff/cache   available
Mem:           14514        4823         231         176        9459        9177
Swap:           2147           3        2144
Total:         16662        4826        2375

               total        used        free      shared  buff/cache   available
Mem:           14514        4781         275         176        9458        9219
Swap:           2147           3        2144
Total:         16662        4784        2419

               total        used        free      shared  buff/cache   available
Mem:           14514        4870         184         176        9459        9129
Swap:           2147           3        2144
Total:         16662        4873        2328

               total        used        free      shared  buff/cache   available
Mem:           14514        4796         259         176        9459        9204
Swap:           2147           3        2144
Total:         16662        4799        2403

               total        used        free      shared  buff/cache   available
Mem:           14514        4790         261         176        9462        9209
Swap:           2147           3        2144
Total:         16662        4794        2405

               total        used        free      shared  buff/cache   available
Mem:           14514        4819         235         176        9460        9180
Swap:           2147           3        2144
Total:         16662        4822        2379

               total        used        free      shared  buff/cache   available
Mem:           14514        4787         267         176        9458        9212
Swap:           2147           3        2144
Total:         16662        4791        2412

               total        used        free      shared  buff/cache   available
Mem:           14514        4863         190         176        9460        9136
Swap:           2147           3        2144
Total:         16662        4867        2334

               total        used        free      shared  buff/cache   available
Mem:           14514        4827         226         176        9459        9172
Swap:           2147           3        2144
Total:         16662        4831        2370

               total        used        free      shared  buff/cache   available
Mem:           14514        4805         246         176        9462        9194
Swap:           2147           3        2144
Total:         16662        4809        2390

               total        used        free      shared  buff/cache   available
Mem:           14514        4864         189         176        9460        9135
Swap:           2147           3        2144
Total:         16662        4867        2334

               total        used        free      shared  buff/cache   available
Mem:           14514        4766         288         176        9459        9233
Swap:           2147           3        2144
Total:         16662        4770        2432

               total        used        free      shared  buff/cache   available
Mem:           14514        4821         232         176        9460        9179
Swap:           2147           3        2144
Total:         16662        4824        2376

               total        used        free      shared  buff/cache   available
Mem:           14514        4787         266         176        9460        9212
Swap:           2147           3        2144
Total:         16662        4790        2411

               total        used        free      shared  buff/cache   available
Mem:           14514        4768         282         176        9463        9232
Swap:           2147           3        2144
Total:         16662        4771        2426

               total        used        free      shared  buff/cache   available
Mem:           14514        4806         247         176        9460        9194
Swap:           2147           3        2144
Total:         16662        4809        2391

               total        used        free      shared  buff/cache   available
Mem:           14514        4755         299         176        9459        9244
Swap:           2147           3        2144
Total:         16662        4759        2443

               total        used        free      shared  buff/cache   available
Mem:           14514        4843         210         176        9461        9157
Swap:           2147           3        2144
Total:         16662        4846        2354

               total        used        free      shared  buff/cache   available
Mem:           14514        4787         266         176        9460        9212
Swap:           2147           3        2144
Total:         16662        4791        2410

               total        used        free      shared  buff/cache   available
Mem:           14514        4792         254         179        9467        9204
Swap:           2147           3        2144
Total:         16662        4796        2398

               total        used        free      shared  buff/cache   available
Mem:           14514        4834         215         179        9464        9162
Swap:           2147           3        2144
Total:         16662        4838        2359

               total        used        free      shared  buff/cache   available
Mem:           14514        4725         325         179        9463        9271
Swap:           2147           3        2144
Total:         16662        4729        2469

               total        used        free      shared  buff/cache   available
Mem:           14514        4778         274         176        9461        9221
Swap:           2147           3        2144
Total:         16662        4781        2418

               total        used        free      shared  buff/cache   available
Mem:           14514        4731         321         176        9461        9268
Swap:           2147           3        2144
Total:         16662        4735        2465

               total        used        free      shared  buff/cache   available
Mem:           14514        4708         341         176        9464        9291
Swap:           2147           3        2144
Total:         16662        4712        2485

               total        used        free      shared  buff/cache   available
Mem:           14514        4768         284         176        9461        9231
Swap:           2147           3        2144
Total:         16662        4771        2428

               total        used        free      shared  buff/cache   available
Mem:           14514        4724         329         176        9460        9275
Swap:           2147           3        2144
Total:         16662        4728        2473

               total        used        free      shared  buff/cache   available
Mem:           14514        4770         282         176        9462        9230
Swap:           2147           3        2144
Total:         16662        4773        2426

               total        used        free      shared  buff/cache   available
Mem:           14514        4728         324         176        9461        9271
Swap:           2147           3        2144
Total:         16662        4731        2468

               total        used        free      shared  buff/cache   available
Mem:           14514        4712         337         176        9464        9288
Swap:           2147           3        2144
Total:         16662        4715        2481

               total        used        free      shared  buff/cache   available
Mem:           14514        4756         295         176        9462        9243
Swap:           2147           3        2144
Total:         16662        4760        2439

               total        used        free      shared  buff/cache   available
Mem:           14514        4670         383         176        9461        9329
Swap:           2147           3        2144
Total:         16662        4673        2527

               total        used        free      shared  buff/cache   available
Mem:           14514        4762         289         176        9462        9238
Swap:           2147           3        2144
Total:         16662        4765        2433

               total        used        free      shared  buff/cache   available
Mem:           14514        4723         329         176        9462        9277
Swap:           2147           3        2144
Total:         16662        4726        2473

               total        used        free      shared  buff/cache   available
Mem:           14514        4722         326         176        9465        9277
Swap:           2147           3        2144
Total:         16662        4725        2470

               total        used        free      shared  buff/cache   available
Mem:           14514        4764         287         176        9462        9236
Swap:           2147           3        2144
Total:         16662        4767        2431

               total        used        free      shared  buff/cache   available
Mem:           14514        4673         379         176        9461        9326
Swap:           2147           3        2144
Total:         16662        4676        2523

               total        used        free      shared  buff/cache   available
Mem:           14514        4744         307         176        9463        9255
Swap:           2147           3        2144
Total:         16662        4747        2451

               total        used        free      shared  buff/cache   available
Mem:           14514        4686         365         176        9462        9313
Swap:           2147           3        2144
Total:         16662        4689        2509

               total        used        free      shared  buff/cache   available
Mem:           14514        4678         370         176        9465        9322
Swap:           2147           3        2144
Total:         16662        4681        2514

               total        used        free      shared  buff/cache   available
Mem:           14514        4745         306         176        9463        9255
Swap:           2147           3        2144
Total:         16662        4748        2450

               total        used        free      shared  buff/cache   available
Mem:           14514        4683         369         176        9462        9317
Swap:           2147           3        2144
Total:         16662        4686        2513

               total        used        free      shared  buff/cache   available
Mem:           14514        4739         311         176        9463        9260
Swap:           2147           3        2144
Total:         16662        4743        2455

               total        used        free      shared  buff/cache   available
Mem:           14514        4680         371         176        9463        9319
Swap:           2147           3        2144
Total:         16662        4683        2515

               total        used        free      shared  buff/cache   available
Mem:           14514        4684         363         176        9466        9315
Swap:           2147           3        2144
Total:         16662        4688        2507

               total        used        free      shared  buff/cache   available
Mem:           14514        4735         315         176        9463        9264
Swap:           2147           3        2144
Total:         16662        4739        2459

               total        used        free      shared  buff/cache   available
Mem:           14514        4660         391         176        9462        9340
Swap:           2147           3        2144
Total:         16662        4663        2535

               total        used        free      shared  buff/cache   available
Mem:           14514        4741         308         176        9464        9258
Swap:           2147           3        2144
Total:         16662        4745        2452

               total        used        free      shared  buff/cache   available
Mem:           14514        4709         341         176        9463        9290
Swap:           2147           3        2144
Total:         16662        4712        2485

               total        used        free      shared  buff/cache   available
Mem:           14514        4667         377         179        9470        9329
Swap:           2147           3        2144
Total:         16662        4670        2521

               total        used        free      shared  buff/cache   available
Mem:           14514        4732         314         179        9467        9264
Swap:           2147           3        2144
Total:         16662        4735        2459

               total        used        free      shared  buff/cache   available
Mem:           14514        4638         412         176        9463        9361
Swap:           2147           3        2144
Total:         16662        4642        2556

               total        used        free      shared  buff/cache   available
Mem:           14514        4725         327         174        9461        9277
Swap:           2147           3        2144
Total:         16662        4728        2471

               total        used        free      shared  buff/cache   available
Mem:           14514        4672         381         173        9461        9330
Swap:           2147           3        2144
Total:         16662        4675        2525

               total        used        free      shared  buff/cache   available
Mem:           14514        4629         421         173        9464        9373
Swap:           2147           3        2144
Total:         16662        4632        2565

               total        used        free      shared  buff/cache   available
Mem:           14514        4708         344         173        9461        9294
Swap:           2147           3        2144
Total:         16662        4711        2488

               total        used        free      shared  buff/cache   available
Mem:           14514        4645         408         173        9460        9357
Swap:           2147           3        2144
Total:         16662        4648        2552

               total        used        free      shared  buff/cache   available
Mem:           14514        4724         328         173        9462        9278
Swap:           2147           3        2144
Total:         16662        4727        2472

               total        used        free      shared  buff/cache   available
Mem:           14514        4712         340         173        9461        9289
Swap:           2147           3        2144
Total:         16662        4716        2484

               total        used        free      shared  buff/cache   available
Mem:           14514        4708         341         173        9464        9294
Swap:           2147           3        2144
Total:         16662        4711        2485

               total        used        free      shared  buff/cache   available
Mem:           14514        4755         296         173        9462        9246
Swap:           2147           3        2144
Total:         16662        4759        2440

               total        used        free      shared  buff/cache   available
Mem:           14514        4705         348         173        9461        9297
Swap:           2147           3        2144
Total:         16662        4708        2492

               total        used        free      shared  buff/cache   available
Mem:           14514        4788         263         173        9462        9214
Swap:           2147           3        2144
Total:         16662        4792        2407

               total        used        free      shared  buff/cache   available
Mem:           14514        4736         316         173        9462        9266
Swap:           2147           3        2144
Total:         16662        4739        2460

               total        used        free      shared  buff/cache   available
Mem:           14514        4736         312         173        9465        9266
Swap:           2147           3        2144
Total:         16662        4740        2456

               total        used        free      shared  buff/cache   available
Mem:           14514        4804         247         173        9462        9198
Swap:           2147           3        2144
Total:         16662        4807        2391

               total        used        free      shared  buff/cache   available
Mem:           14514        4752         300         173        9461        9250
Swap:           2147           3        2144
Total:         16662        4755        2444

               total        used        free      shared  buff/cache   available
Mem:           14514        4820         230         173        9463        9181
Swap:           2147           3        2144
Total:         16662        4824        2374

               total        used        free      shared  buff/cache   available
Mem:           14514        4745         306         173        9462        9256
Swap:           2147           3        2144
Total:         16662        4749        2450

               total        used        free      shared  buff/cache   available
Mem:           14514        4779         269         173        9465        9223
Swap:           2147           3        2144
Total:         16662        4782        2413

               total        used        free      shared  buff/cache   available
Mem:           14514        4816         234         173        9463        9186
Swap:           2147           3        2144
Total:         16662        4820        2378

               total        used        free      shared  buff/cache   available
Mem:           14514        4744         307         173        9462        9258
Swap:           2147           3        2144
Total:         16662        4748        2452

               total        used        free      shared  buff/cache   available
Mem:           14514        4808         241         173        9463        9193
Swap:           2147           3        2144
Total:         16662        4812        2385

               total        used        free      shared  buff/cache   available
Mem:           14514        4757         293         173        9463        9244
Swap:           2147           3        2144
Total:         16662        4761        2437

               total        used        free      shared  buff/cache   available
Mem:           14514        4766         282         173        9466        9236
Swap:           2147           3        2144
Total:         16662        4769        2426

               total        used        free      shared  buff/cache   available
Mem:           14514        4820         230         173        9463        9182
Swap:           2147           3        2144
Total:         16662        4824        2374

               total        used        free      shared  buff/cache   available
Mem:           14514        4796         255         173        9463        9206
Swap:           2147           3        2144
Total:         16662        4799        2399

               total        used        free      shared  buff/cache   available
Mem:           14514        4868         181         173        9464        9134
Swap:           2147           3        2144
Total:         16662        4871        2325

               total        used        free      shared  buff/cache   available
Mem:           14514        4810         239         173        9464        9192
Swap:           2147           3        2144
Total:         16662        4813        2384

               total        used        free      shared  buff/cache   available
Mem:           14514        4789         254         177        9470        9209
Swap:           2147           3        2144
Total:         16662        4793        2398

               total        used        free      shared  buff/cache   available
Mem:           14514        4836         210         177        9467        9163
Swap:           2147           3        2144
Total:         16662        4839        2354

               total        used        free      shared  buff/cache   available
Mem:           14514        4724         331         168        9458        9283
Swap:           2147           3        2144
Total:         16662        4727        2475

               total        used        free      shared  buff/cache   available
Mem:           14514        4793         264         165        9457        9217
Swap:           2147           3        2144
Total:         16662        4796        2408

               total        used        free      shared  buff/cache   available
Mem:           14514        4735         322         165        9456        9275
Swap:           2147           3        2144
Total:         16662        4738        2466

               total        used        free      shared  buff/cache   available
Mem:           14514        4651         407         165        9456        9359
Swap:           2147           3        2144
Total:         16662        4654        2551

               total        used        free      shared  buff/cache   available
Mem:           14514        4713         344         165        9457        9297
Swap:           2147           3        2144
Total:         16662        4716        2488

               total        used        free      shared  buff/cache   available
Mem:           14514        4711         345         165        9456        9298
Swap:           2147           3        2144
Total:         16662        4715        2489

               total        used        free      shared  buff/cache   available
Mem:           14514        4725         329         165        9460        9285
Swap:           2147           3        2144
Total:         16662        4728        2473

               total        used        free      shared  buff/cache   available
Mem:           14514        4769         288         165        9457        9241
Swap:           2147           3        2144
Total:         16662        4772        2432

               total        used        free      shared  buff/cache   available
Mem:           14514        4665         392         165        9456        9345
Swap:           2147           3        2144
Total:         16662        4669        2536

               total        used        free      shared  buff/cache   available
Mem:           14514        4731         324         165        9458        9278
Swap:           2147           3        2144
Total:         16662        4735        2468

               total        used        free      shared  buff/cache   available
Mem:           14514        4713         343         165        9457        9297
Swap:           2147           3        2144
Total:         16662        4716        2487

               total        used        free      shared  buff/cache   available
Mem:           14514        4711         342         165        9460        9299
Swap:           2147           3        2144
Total:         16662        4714        2486

               total        used        free      shared  buff/cache   available
Mem:           14514        4760         296         165        9458        9250
Swap:           2147           3        2144
Total:         16662        4763        2440

               total        used        free      shared  buff/cache   available
Mem:           14514        4696         361         165        9457        9314
Swap:           2147           3        2144
Total:         16662        4700        2505

               total        used        free      shared  buff/cache   available
Mem:           14514        4735         320         165        9458        9275
Swap:           2147           3        2144
Total:         16662        4739        2464

               total        used        free      shared  buff/cache   available
Mem:           14514        4656         400         165        9458        9354
Swap:           2147           3        2144
Total:         16662        4659        2544

               total        used        free      shared  buff/cache   available
Mem:           14514        4664         389         165        9461        9346
Swap:           2147           3        2144
Total:         16662        4667        2533

               total        used        free      shared  buff/cache   available
Mem:           14514        4720         335         165        9458        9290
Swap:           2147           3        2144
Total:         16662        4723        2479

               total        used        free      shared  buff/cache   available
Mem:           14514        4663         393         165        9457        9347
Swap:           2147           3        2144
Total:         16662        4666        2537

               total        used        free      shared  buff/cache   available
Mem:           14514        4724         331         165        9459        9286
Swap:           2147           3        2144
Total:         16662        4727        2475

               total        used        free      shared  buff/cache   available
Mem:           14514        4668         387         165        9458        9342
Swap:           2147           3        2144
Total:         16662        4671        2531

               total        used        free      shared  buff/cache   available
Mem:           14514        4609         447         165        9457        9401
Swap:           2147           3        2144
Total:         16662        4613        2591

               total        used        free      shared  buff/cache   available
Mem:           14514        4631         424         165        9458        9379
Swap:           2147           3        2144
Total:         16662        4634        2568

               total        used        free      shared  buff/cache   available
Mem:           14514        4623         432         165        9458        9387
Swap:           2147           3        2144
Total:         16662        4627        2576

               total        used        free      shared  buff/cache   available
Mem:           14514        4644         408         165        9461        9366
Swap:           2147           3        2144
Total:         16662        4647        2552

               total        used        free      shared  buff/cache   available
Mem:           14514        4678         376         165        9459        9332
Swap:           2147           3        2144
Total:         16662        4682        2520

               total        used        free      shared  buff/cache   available
Mem:           14514        4629         427         165        9458        9381
Swap:           2147           3        2144
Total:         16662        4632        2571

               total        used        free      shared  buff/cache   available
Mem:           14514        4698         356         165        9459        9312
Swap:           2147           3        2144
Total:         16662        4702        2500

               total        used        free      shared  buff/cache   available
Mem:           14514        4696         356         169        9462        9311
Swap:           2147           3        2144
Total:         16662        4699        2500

               total        used        free      shared  buff/cache   available
Mem:           14514        4645         403         168        9465        9362
Swap:           2147           3        2144
Total:         16662        4648        2547

               total        used        free      shared  buff/cache   available
Mem:           14514        4682         369         168        9463        9325
Swap:           2147           3        2144
Total:         16662        4685        2513

               total        used        free      shared  buff/cache   available
Mem:           14514        4684         370         165        9459        9326
Swap:           2147           3        2144
Total:         16662        4688        2514

               total        used        free      shared  buff/cache   available
Mem:           14514        4780         273         165        9460        9230
Swap:           2147           3        2144
Total:         16662        4783        2417

               total        used        free      shared  buff/cache   available
Mem:           14514        4711         343         165        9459        9299
Swap:           2147           3        2144
Total:         16662        4714        2487

               total        used        free      shared  buff/cache   available
Mem:           14514        4687         364         165        9463        9323
Swap:           2147           3        2144
Total:         16662        4690        2508

               total        used        free      shared  buff/cache   available
Mem:           14514        4746         307         165        9460        9263
Swap:           2147           3        2144
Total:         16662        4750        2451

               total        used        free      shared  buff/cache   available
Mem:           14514        4661         393         165        9459        9349
Swap:           2147           3        2144
Total:         16662        4665        2537

               total        used        free      shared  buff/cache   available
Mem:           14514        4644         410         165        9459        9366
Swap:           2147           3        2144
Total:         16662        4647        2555

               total        used        free      shared  buff/cache   available
Mem:           14514        4633         422         165        9459        9377
Swap:           2147           3        2144
Total:         16662        4636        2566

               total        used        free      shared  buff/cache   available
Mem:           14514        4623         432         165        9459        9387
Swap:           2147           3        2144
Total:         16662        4626        2576

               total        used        free      shared  buff/cache   available
Mem:           14514        4570         484         165        9459        9440
Swap:           2147           3        2144
Total:         16662        4574        2628

               total        used        free      shared  buff/cache   available
Mem:           14514        4566         488         165        9459        9443
Swap:           2147           3        2144
Total:         16662        4570        2632

               total        used        free      shared  buff/cache   available
Mem:           14514        4563         492         165        9459        9447
Swap:           2147           3        2144
Total:         16662        4566        2636

               total        used        free      shared  buff/cache   available
Mem:           14514        4555         500         165        9459        9455
Swap:           2147           3        2144
Total:         16662        4558        2644

               total        used        free      shared  buff/cache   available
Mem:           14514        4550         504         165        9459        9460
Swap:           2147           3        2144
Total:         16662        4553        2648

               total        used        free      shared  buff/cache   available
Mem:           14514        4546         508         165        9459        9463
Swap:           2147           3        2144
Total:         16662        4550        2652
