RESET
CPU laptop 1745513933 2025/04/24 19:58:53 635503 100 12 3110174 5980429 69566 152146201 238279 0 75849 0 0 22443 100 0 0
SEP
CPU laptop 1745513934 2025/04/24 19:58:54 1 100 12 83 48 0 1062 1 0 1 0 0 16795 100 0 0
SEP
CPU laptop 1745513935 2025/04/24 19:58:55 1 100 12 86 36 0 1068 0 0 0 0 0 17668 100 0 0
SEP
CPU laptop 1745513936 2025/04/24 19:58:56 1 100 12 69 15 0 1112 2 0 0 0 0 16794 100 0 0
SEP
CPU laptop 1745513937 2025/04/24 19:58:57 1 100 12 67 18 0 1112 1 0 0 0 0 18178 100 0 0
SEP
CPU laptop 1745513938 2025/04/24 19:58:58 1 100 12 69 16 0 1113 0 0 0 0 0 20635 100 0 0
SEP
CPU laptop 1745513939 2025/04/24 19:58:59 1 100 12 69 16 0 1113 1 0 0 0 0 16794 100 0 0
SEP
CPU laptop 1745513940 2025/04/24 19:59:00 1 100 12 70 16 0 1112 0 0 0 0 0 19912 100 0 0
SEP
CPU laptop 1745513941 2025/04/24 19:59:01 1 100 12 71 16 0 1109 3 0 0 0 0 17494 100 0 0
SEP
CPU laptop 1745513942 2025/04/24 19:59:02 1 100 12 69 16 0 1112 0 0 0 0 0 18197 100 0 0
SEP
CPU laptop 1745513943 2025/04/24 19:59:03 1 100 12 85 87 0 1022 1 0 1 0 0 16900 100 0 0
SEP
CPU laptop 1745513944 2025/04/24 19:59:04 1 100 12 145 246 0 781 11 0 1 0 0 22607 100 0 0
SEP
CPU laptop 1745513945 2025/04/24 19:59:05 1 100 12 154 241 1 768 15 0 0 0 0 26868 100 0 0
SEP
CPU laptop 1745513946 2025/04/24 19:59:06 1 100 12 150 127 0 886 14 0 2 0 0 27607 100 0 0
SEP
CPU laptop 1745513947 2025/04/24 19:59:07 1 100 12 133 257 0 779 7 0 0 0 0 20775 100 0 0
SEP
CPU laptop 1745513948 2025/04/24 19:59:08 1 100 12 132 243 1 795 9 0 1 0 0 20777 100 0 0
SEP
CPU laptop 1745513949 2025/04/24 19:59:09 1 100 12 158 239 1 768 18 0 2 0 0 24088 100 0 0
SEP
CPU laptop 1745513950 2025/04/24 19:59:10 1 100 12 138 117 0 906 18 0 2 0 0 45330 100 0 0
SEP
CPU laptop 1745513951 2025/04/24 19:59:11 1 100 12 137 216 1 817 12 0 1 0 0 28167 100 0 0
SEP
CPU laptop 1745513952 2025/04/24 19:59:12 1 100 12 117 234 0 830 4 0 3 0 0 43325 100 0 0
SEP
CPU laptop 1745513953 2025/04/24 19:59:13 1 100 12 142 232 1 793 14 0 0 0 0 22533 100 0 0
SEP
CPU laptop 1745513954 2025/04/24 19:59:14 1 100 12 144 177 1 840 17 0 3 0 0 47866 100 0 0
SEP
CPU laptop 1745513955 2025/04/24 19:59:15 1 100 12 129 172 1 869 15 0 0 0 0 33675 100 0 0
SEP
CPU laptop 1745513956 2025/04/24 19:59:16 1 100 12 112 238 0 831 7 0 0 0 0 28771 100 0 0
SEP
CPU laptop 1745513957 2025/04/24 19:59:17 1 100 12 123 231 0 825 10 0 1 0 0 21540 100 0 0
SEP
CPU laptop 1745513958 2025/04/24 19:59:18 1 100 12 155 223 1 783 17 0 0 0 0 21998 100 0 0
SEP
CPU laptop 1745513959 2025/04/24 19:59:19 1 100 12 142 112 1 902 19 0 1 0 0 23425 100 0 0
SEP
CPU laptop 1745513960 2025/04/24 19:59:20 1 100 12 125 229 1 820 13 0 1 0 0 34495 100 0 0
SEP
CPU laptop 1745513961 2025/04/24 19:59:21 1 100 12 118 244 0 813 5 0 1 0 0 41595 100 0 0
SEP
CPU laptop 1745513962 2025/04/24 19:59:22 1 100 12 145 221 0 797 16 0 1 0 0 23467 100 0 0
SEP
CPU laptop 1745513963 2025/04/24 19:59:23 1 100 12 142 158 1 864 14 0 1 0 0 47740 100 0 0
SEP
CPU laptop 1745513964 2025/04/24 19:59:24 1 100 12 141 216 0 817 14 0 0 0 0 47868 100 0 0
SEP
CPU laptop 1745513965 2025/04/24 19:59:25 1 100 12 113 255 1 820 2 0 0 0 0 33909 100 0 0
SEP
CPU laptop 1745513966 2025/04/24 19:59:26 1 100 12 147 233 1 782 17 0 1 0 0 23885 100 0 0
SEP
CPU laptop 1745513967 2025/04/24 19:59:27 1 100 12 144 181 0 830 14 0 1 0 0 47801 100 0 0
SEP
CPU laptop 1745513968 2025/04/24 19:59:28 1 100 12 137 183 1 846 12 0 1 0 0 30155 100 0 0
SEP
CPU laptop 1745513969 2025/04/24 19:59:29 1 100 12 112 230 0 842 5 0 0 0 0 21106 100 0 0
SEP
CPU laptop 1745513970 2025/04/24 19:59:30 1 100 12 144 233 0 785 15 0 2 0 0 20120 100 0 0
SEP
CPU laptop 1745513971 2025/04/24 19:59:31 1 100 12 144 233 1 778 21 0 1 0 0 46231 100 0 0
SEP
CPU laptop 1745513972 2025/04/24 19:59:32 1 100 12 141 122 1 898 13 0 1 0 0 22502 100 0 0
SEP
CPU laptop 1745513973 2025/04/24 19:59:33 1 100 12 135 277 0 767 8 0 0 0 0 40532 100 0 0
SEP
CPU laptop 1745513974 2025/04/24 19:59:34 1 100 12 132 236 0 804 9 0 1 0 0 24283 100 0 0
SEP
CPU laptop 1745513975 2025/04/24 19:59:35 1 100 12 152 244 1 758 16 0 2 0 0 27731 100 0 0
SEP
CPU laptop 1745513976 2025/04/24 19:59:36 1 100 12 147 122 1 883 18 0 1 0 0 23117 100 0 0
SEP
CPU laptop 1745513977 2025/04/24 19:59:37 1 100 12 133 285 0 754 10 0 1 0 0 18892 100 0 0
SEP
CPU laptop 1745513978 2025/04/24 19:59:38 1 100 12 119 247 0 806 11 0 2 0 0 25630 100 0 0
SEP
CPU laptop 1745513979 2025/04/24 19:59:39 1 100 12 163 299 1 700 16 0 0 0 0 28969 100 0 0
SEP
CPU laptop 1745513980 2025/04/24 19:59:40 1 100 12 144 132 1 889 17 0 1 0 0 44004 100 0 0
SEP
CPU laptop 1745513981 2025/04/24 19:59:41 1 100 12 128 274 0 771 7 0 0 0 0 20228 100 0 0
SEP
CPU laptop 1745513982 2025/04/24 19:59:42 1 100 12 136 246 1 785 10 0 2 0 0 24867 100 0 0
SEP
CPU laptop 1745513983 2025/04/24 19:59:43 1 100 12 145 239 0 782 17 0 1 0 0 25291 100 0 0
SEP
CPU laptop 1745513984 2025/04/24 19:59:44 1 100 12 153 113 1 899 17 0 1 0 0 25746 100 0 0
SEP
CPU laptop 1745513985 2025/04/24 19:59:45 1 100 12 117 241 1 819 10 0 1 0 0 26696 100 0 0
SEP
CPU laptop 1745513986 2025/04/24 19:59:46 1 100 12 128 232 0 821 8 0 0 0 0 20937 100 0 0
SEP
CPU laptop 1745513987 2025/04/24 19:59:47 1 100 12 149 228 1 784 18 0 2 0 0 22389 100 0 0
SEP
CPU laptop 1745513988 2025/04/24 19:59:48 1 100 12 139 103 1 918 18 0 1 0 0 20606 100 0 0
SEP
CPU laptop 1745513989 2025/04/24 19:59:49 1 100 12 122 243 1 813 9 0 1 0 0 30409 100 0 0
SEP
CPU laptop 1745513990 2025/04/24 19:59:50 1 100 12 131 245 0 801 10 0 0 0 0 46811 100 0 0
SEP
CPU laptop 1745513991 2025/04/24 19:59:51 1 100 12 149 228 1 792 16 0 1 0 0 24452 100 0 0
SEP
CPU laptop 1745513992 2025/04/24 19:59:52 1 100 12 138 168 0 859 17 0 1 0 0 47904 100 0 0
SEP
CPU laptop 1745513993 2025/04/24 19:59:53 1 100 12 133 162 1 875 15 0 0 0 0 31320 100 0 0
SEP
CPU laptop 1745513994 2025/04/24 19:59:54 1 100 12 113 235 0 829 10 0 1 0 0 19265 100 0 0
SEP
CPU laptop 1745513995 2025/04/24 19:59:55 1 100 12 132 233 0 811 11 0 0 0 0 23943 100 0 0
SEP
CPU laptop 1745513996 2025/04/24 19:59:56 1 100 12 146 237 1 782 15 0 2 0 0 20635 100 0 0
SEP
CPU laptop 1745513997 2025/04/24 19:59:57 1 100 12 145 112 1 910 17 0 1 0 0 20259 100 0 0
SEP
CPU laptop 1745513998 2025/04/24 19:59:58 1 100 12 129 242 1 805 12 0 2 0 0 29215 100 0 0
SEP
CPU laptop 1745513999 2025/04/24 19:59:59 1 100 12 110 223 0 853 5 0 0 0 0 25357 100 0 0
SEP
CPU laptop 1745514000 2025/04/24 20:00:00 1 100 12 133 234 1 804 14 0 1 0 0 23273 100 0 0
SEP
CPU laptop 1745514001 2025/04/24 20:00:01 1 100 12 141 202 0 817 16 0 2 0 0 47803 100 0 0
SEP
CPU laptop 1745514002 2025/04/24 20:00:02 1 100 12 131 129 1 911 16 0 0 0 0 18353 100 0 0
SEP
CPU laptop 1745514003 2025/04/24 20:00:03 1 100 12 123 238 0 822 7 0 2 0 0 21342 100 0 0
SEP
CPU laptop 1745514004 2025/04/24 20:00:04 1 100 12 131 231 1 817 11 0 0 0 0 20685 100 0 0
SEP
CPU laptop 1745514005 2025/04/24 20:00:05 1 100 12 151 230 1 784 16 0 1 0 0 23156 100 0 0
SEP
CPU laptop 1745514006 2025/04/24 20:00:06 1 100 12 138 105 1 923 16 0 1 0 0 22623 100 0 0
SEP
CPU laptop 1745514007 2025/04/24 20:00:07 1 100 12 133 243 0 794 15 0 1 0 0 27392 100 0 0
SEP
CPU laptop 1745514008 2025/04/24 20:00:08 1 100 12 109 224 1 852 5 0 0 0 0 20701 100 0 0
SEP
CPU laptop 1745514009 2025/04/24 20:00:09 1 100 12 147 242 0 779 14 0 1 0 0 23073 100 0 0
SEP
CPU laptop 1745514010 2025/04/24 20:00:10 1 100 12 145 222 2 803 15 0 0 0 0 47888 100 0 0
SEP
CPU laptop 1745514011 2025/04/24 20:00:11 1 100 12 131 120 0 918 15 0 1 0 0 17947 100 0 0
SEP
CPU laptop 1745514012 2025/04/24 20:00:12 1 100 12 123 241 1 817 7 0 1 0 0 24083 100 0 0
SEP
CPU laptop 1745514013 2025/04/24 20:00:13 1 100 12 121 231 0 824 12 0 0 0 0 24098 100 0 0
SEP
CPU laptop 1745514014 2025/04/24 20:00:14 1 100 12 152 238 1 772 19 0 1 0 0 24845 100 0 0
SEP
CPU laptop 1745514015 2025/04/24 20:00:15 1 100 12 146 108 1 912 17 0 1 0 0 24322 100 0 0
SEP
CPU laptop 1745514016 2025/04/24 20:00:16 1 100 12 133 240 0 804 13 0 1 0 0 19752 100 0 0
SEP
CPU laptop 1745514017 2025/04/24 20:00:17 1 100 12 119 232 1 832 7 0 1 0 0 23365 100 0 0
SEP
CPU laptop 1745514018 2025/04/24 20:00:18 1 100 12 147 227 1 791 15 0 1 0 0 22444 100 0 0
SEP
CPU laptop 1745514019 2025/04/24 20:00:19 1 100 12 142 101 1 923 18 0 1 0 0 23051 100 0 0
SEP
CPU laptop 1745514020 2025/04/24 20:00:20 1 100 12 115 240 1 824 9 0 0 0 0 29385 100 0 0
SEP
CPU laptop 1745514021 2025/04/24 20:00:21 1 100 12 119 234 0 833 6 0 1 0 0 20060 100 0 0
SEP
CPU laptop 1745514022 2025/04/24 20:00:22 1 100 12 151 219 1 797 16 0 0 0 0 23447 100 0 0
SEP
CPU laptop 1745514023 2025/04/24 20:00:23 1 100 12 139 151 0 874 15 0 1 0 0 47816 100 0 0
SEP
CPU laptop 1745514024 2025/04/24 20:00:24 1 100 12 133 172 1 867 15 0 1 0 0 39263 100 0 0
SEP
CPU laptop 1745514025 2025/04/24 20:00:25 1 100 12 109 224 0 857 2 0 0 0 0 24510 100 0 0
SEP
CPU laptop 1745514026 2025/04/24 20:00:26 1 100 12 136 233 1 803 15 0 0 0 0 22007 100 0 0
SEP
CPU laptop 1745514027 2025/04/24 20:00:27 1 100 12 144 229 0 792 18 0 1 0 0 47814 100 0 0
SEP
CPU laptop 1745514028 2025/04/24 20:00:28 1 100 12 140 109 1 918 16 0 1 0 0 30738 100 0 0
SEP
CPU laptop 1745514029 2025/04/24 20:00:29 1 100 12 116 237 0 828 8 0 0 0 0 21671 100 0 0
SEP
CPU laptop 1745514030 2025/04/24 20:00:30 1 100 12 123 234 1 820 11 0 1 0 0 20389 100 0 0
SEP
CPU laptop 1745514031 2025/04/24 20:00:31 1 100 12 149 204 0 812 15 0 1 0 0 21089 100 0 0
SEP
CPU laptop 1745514032 2025/04/24 20:00:32 1 100 12 144 116 1 909 17 0 1 0 0 38926 100 0 0
SEP
CPU laptop 1745514033 2025/04/24 20:00:33 1 100 12 113 210 1 853 13 0 0 0 0 21336 100 0 0
SEP
CPU laptop 1745514034 2025/04/24 20:00:34 1 100 12 124 234 0 827 6 0 1 0 0 23426 100 0 0
SEP
CPU laptop 1745514035 2025/04/24 20:00:35 1 100 12 148 213 1 807 16 0 0 0 0 23384 100 0 0
SEP
CPU laptop 1745514036 2025/04/24 20:00:36 1 100 12 136 102 0 922 17 0 2 0 0 24188 100 0 0
SEP
CPU laptop 1745514037 2025/04/24 20:00:37 1 100 12 129 236 1 809 14 0 2 0 0 47808 100 0 0
SEP
CPU laptop 1745514038 2025/04/24 20:00:38 1 100 12 114 224 0 849 4 0 0 0 0 32636 100 0 0
SEP
CPU laptop 1745514039 2025/04/24 20:00:39 1 100 12 144 245 1 778 16 0 0 0 0 21070 100 0 0
SEP
CPU laptop 1745514040 2025/04/24 20:00:40 1 100 12 141 103 1 921 17 0 2 0 0 23175 100 0 0
SEP
CPU laptop 1745514041 2025/04/24 20:00:41 1 100 12 127 220 0 826 14 0 1 0 0 29640 100 0 0
SEP
CPU laptop 1745514042 2025/04/24 20:00:42 1 100 12 110 225 0 853 2 0 1 0 0 23767 100 0 0
SEP
CPU laptop 1745514043 2025/04/24 20:00:43 1 100 12 135 231 1 804 16 0 1 0 0 21399 100 0 0
SEP
CPU laptop 1745514044 2025/04/24 20:00:44 1 100 12 142 228 1 795 16 0 1 0 0 40381 100 0 0
SEP
CPU laptop 1745514045 2025/04/24 20:00:45 1 100 12 130 101 1 937 14 0 1 0 0 30963 100 0 0
SEP
CPU laptop 1745514046 2025/04/24 20:00:46 1 100 12 123 239 0 818 9 0 0 0 0 29582 100 0 0
SEP
CPU laptop 1745514047 2025/04/24 20:00:47 1 100 12 122 238 0 822 8 0 1 0 0 22639 100 0 0
SEP
CPU laptop 1745514048 2025/04/24 20:00:48 1 100 12 145 210 1 813 15 0 0 0 0 23230 100 0 0
SEP
CPU laptop 1745514049 2025/04/24 20:00:49 1 100 12 135 133 1 896 16 0 2 0 0 47810 100 0 0
SEP
CPU laptop 1745514050 2025/04/24 20:00:50 1 100 12 144 221 1 804 17 0 0 0 0 28352 100 0 0
SEP
CPU laptop 1745514051 2025/04/24 20:00:51 1 100 12 106 228 0 853 3 0 1 0 0 37895 100 0 0
SEP
CPU laptop 1745514052 2025/04/24 20:00:52 1 100 12 139 202 1 824 19 0 1 0 0 24652 100 0 0
SEP
CPU laptop 1745514053 2025/04/24 20:00:53 1 100 12 141 104 1 922 17 0 1 0 0 25281 100 0 0
SEP
CPU laptop 1745514054 2025/04/24 20:00:54 1 100 12 128 230 0 814 14 0 1 0 0 24182 100 0 0
SEP
CPU laptop 1745514055 2025/04/24 20:00:55 1 100 12 105 223 1 859 3 0 0 0 0 38574 100 0 0
SEP
CPU laptop 1745514056 2025/04/24 20:00:56 1 100 12 146 209 1 809 16 0 1 0 0 26549 100 0 0
SEP
CPU laptop 1745514057 2025/04/24 20:00:57 1 100 12 144 121 0 899 19 0 0 0 0 43378 100 0 0
SEP
CPU laptop 1745514058 2025/04/24 20:00:58 1 100 12 129 209 1 842 11 0 2 0 0 31128 100 0 0
SEP
CPU laptop 1745514059 2025/04/24 20:00:59 1 100 12 110 218 0 855 5 0 0 0 0 27155 100 0 0
SEP
CPU laptop 1745514060 2025/04/24 20:01:00 1 100 12 147 217 1 809 15 0 1 0 0 22948 100 0 0
SEP
CPU laptop 1745514061 2025/04/24 20:01:01 1 100 12 140 133 1 901 18 0 1 0 0 47818 100 0 0
SEP
CPU laptop 1745514062 2025/04/24 20:01:02 1 100 12 129 195 1 845 19 0 0 0 0 45680 100 0 0
SEP
CPU laptop 1745514063 2025/04/24 20:01:03 1 100 12 111 226 0 848 3 0 0 0 0 34278 100 0 0
SEP
CPU laptop 1745514064 2025/04/24 20:01:04 1 100 12 138 230 0 796 20 0 1 0 0 30392 100 0 0
SEP
CPU laptop 1745514065 2025/04/24 20:01:05 1 100 12 145 197 2 823 17 0 2 0 0 47816 100 0 0
SEP
CPU laptop 1745514066 2025/04/24 20:01:06 1 100 12 129 145 1 896 15 0 1 0 0 37106 100 0 0
SEP
CPU laptop 1745514067 2025/04/24 20:01:07 1 100 12 118 242 0 820 9 0 0 0 0 41681 100 0 0
SEP
CPU laptop 1745514068 2025/04/24 20:01:08 1 100 12 122 238 0 821 11 0 0 0 0 25772 100 0 0
SEP
CPU laptop 1745514069 2025/04/24 20:01:09 1 100 12 140 231 1 792 17 0 3 0 0 28109 100 0 0
SEP
CPU laptop 1745514070 2025/04/24 20:01:10 1 100 12 140 110 1 914 16 0 1 0 0 38900 100 0 0
SEP
CPU laptop 1745514071 2025/04/24 20:01:11 1 100 12 134 221 1 817 16 0 2 0 0 41340 100 0 0
SEP
CPU laptop 1745514072 2025/04/24 20:01:12 1 100 12 112 231 0 845 3 0 1 0 0 21746 100 0 0
SEP
CPU laptop 1745514073 2025/04/24 20:01:13 1 100 12 148 286 0 737 14 0 0 0 0 30130 100 0 0
SEP
CPU laptop 1745514074 2025/04/24 20:01:14 1 100 12 99 61 0 1023 6 0 0 0 0 21944 100 0 0
SEP
CPU laptop 1745514075 2025/04/24 20:01:15 1 100 12 75 18 0 1105 0 0 0 0 0 20756 100 0 0
SEP
CPU laptop 1745514076 2025/04/24 20:01:16 1 100 12 73 20 0 1104 1 0 1 0 0 20716 100 0 0
SEP
CPU laptop 1745514077 2025/04/24 20:01:17 1 100 12 72 19 0 1105 1 0 0 0 0 22090 100 0 0
SEP
CPU laptop 1745514078 2025/04/24 20:01:18 1 100 12 82 24 0 1090 0 0 0 0 0 22467 100 0 0
SEP
CPU laptop 1745514079 2025/04/24 20:01:19 1 100 12 71 18 0 1106 2 0 0 0 0 21963 100 0 0
SEP
CPU laptop 1745514080 2025/04/24 20:01:20 1 100 12 75 20 0 1099 3 0 0 0 0 22065 100 0 0
SEP
CPU laptop 1745514081 2025/04/24 20:01:21 1 100 12 71 18 0 1108 0 0 0 0 0 20826 100 0 0
SEP
CPU laptop 1745514082 2025/04/24 20:01:22 1 100 12 69 19 0 1109 0 0 0 0 0 22244 100 0 0
SEP
CPU laptop 1745514083 2025/04/24 20:01:23 1 100 12 69 18 0 1109 1 0 0 0 0 21951 100 0 0
SEP
