1341 
1302 
1290 
1294 
1276 
1315 
1324 
1315 
1245 
1228 
1301 
1283 
1339 
1266 
1309 
1314 
1380 
1296 
1374 
1289 
1261 
1283 
1284 
1317 
1312 
1369 
1398 
1263 
1365 
1330 
1278 
1292 
1329 
1337 
1315 
1228 
1341 
1246 
1282 
1308 
1269 
1257 
1250 
1317 
1262 
1289 
1294 
1290 
1266 
1267 
1321 
1280 
1260 
1333 
1296 
1313 
1340 
1355 
1286 
1281 
1294 
1313 
1323 
1264 
1279 
1266 
1285 
1295 
1352 
1330 
1307 
1335 
1298 
1349 
1306 
1299 
1287 
1269 
1248 
1298 
1279 
1308 
1328 
1367 
1293 
1335 
1358 
1318 
1306 
1324 
1316 
1281 
1369 
1256 
1258 
1313 
1246 
1261 
1256 
1399 
