              total        used        free      shared  buff/cache   available
Mem:          33447        3704        1186         157       28556       29088
Swap:          2147         438        1708
Total:        35595        4143        2895

              total        used        free      shared  buff/cache   available
Mem:          33447        3708        1182         157       28556       29084
Swap:          2147         438        1708
Total:        35595        4147        2891

              total        used        free      shared  buff/cache   available
Mem:          33447        3709        1181         157       28556       29083
Swap:          2147         438        1708
Total:        35595        4148        2890

              total        used        free      shared  buff/cache   available
Mem:          33447        3710        1180         157       28556       29082
Swap:          2147         438        1708
Total:        35595        4149        2889

              total        used        free      shared  buff/cache   available
Mem:          33447        3708        1179         160       28559       29081
Swap:          2147         438        1708
Total:        35595        4147        2888

              total        used        free      shared  buff/cache   available
Mem:          33447        3711        1176         160       28559       29078
Swap:          2147         438        1708
Total:        35595        4150        2885

              total        used        free      shared  buff/cache   available
Mem:          33447        3713        1174         160       28559       29076
Swap:          2147         438        1708
Total:        35595        4151        2883

              total        used        free      shared  buff/cache   available
Mem:          33447        3749        1136         162       28561       29037
Swap:          2147         438        1708
Total:        35595        4188        2845

              total        used        free      shared  buff/cache   available
Mem:          33447        3751        1134         163       28561       29036
Swap:          2147         438        1708
Total:        35595        4189        2843

              total        used        free      shared  buff/cache   available
Mem:          33447        3747        1135         165       28563       29037
Swap:          2147         438        1708
Total:        35595        4186        2844

              total        used        free      shared  buff/cache   available
Mem:          33447        3834        1051         163       28561       28952
Swap:          2147         438        1708
Total:        35595        4273        2760

              total        used        free      shared  buff/cache   available
Mem:          33447        4029         856         163       28562       28758
Swap:          2147         438        1708
Total:        35595        4467        2565

              total        used        free      shared  buff/cache   available
Mem:          33447        4078         806         163       28562       28708
Swap:          2147         438        1708
Total:        35595        4517        2514

              total        used        free      shared  buff/cache   available
Mem:          33447        3993         890         163       28563       28793
Swap:          2147         438        1708
Total:        35595        4432        2599

              total        used        free      shared  buff/cache   available
Mem:          33447        3990         894         163       28562       28796
Swap:          2147         438        1708
Total:        35595        4429        2603

              total        used        free      shared  buff/cache   available
Mem:          33447        4002         882         163       28562       28785
Swap:          2147         438        1708
Total:        35595        4440        2591

              total        used        free      shared  buff/cache   available
Mem:          33447        3972         911         163       28563       28814
Swap:          2147         438        1708
Total:        35595        4411        2620

              total        used        free      shared  buff/cache   available
Mem:          33447        3983         901         163       28562       28804
Swap:          2147         438        1708
Total:        35595        4421        2610

              total        used        free      shared  buff/cache   available
Mem:          33447        3997         887         163       28563       28789
Swap:          2147         438        1708
Total:        35595        4435        2595

              total        used        free      shared  buff/cache   available
Mem:          33447        4061         822         163       28564       28726
Swap:          2147         438        1708
Total:        35595        4499        2530

              total        used        free      shared  buff/cache   available
Mem:          33447        3973         909         163       28563       28813
Swap:          2147         438        1708
Total:        35595        4412        2618

              total        used        free      shared  buff/cache   available
Mem:          33447        3976         907         163       28563       28811
Swap:          2147         438        1708
Total:        35595        4414        2616

              total        used        free      shared  buff/cache   available
Mem:          33447        4038         844         163       28564       28748
Swap:          2147         438        1708
Total:        35595        4477        2553

              total        used        free      shared  buff/cache   available
Mem:          33447        3975         907         163       28565       28812
Swap:          2147         438        1708
Total:        35595        4413        2616

              total        used        free      shared  buff/cache   available
Mem:          33447        3971         912         163       28564       28815
Swap:          2147         438        1708
Total:        35595        4409        2621

              total        used        free      shared  buff/cache   available
Mem:          33447        4038         844         163       28565       28748
Swap:          2147         438        1708
Total:        35595        4476        2552

              total        used        free      shared  buff/cache   available
Mem:          33447        3960         920         163       28566       28826
Swap:          2147         438        1708
Total:        35595        4399        2629

              total        used        free      shared  buff/cache   available
Mem:          33447        3966         915         163       28565       28820
Swap:          2147         438        1708
Total:        35595        4405        2624

              total        used        free      shared  buff/cache   available
Mem:          33447        4035         846         163       28566       28752
Swap:          2147         438        1708
Total:        35595        4473        2555

              total        used        free      shared  buff/cache   available
Mem:          33447        3957         923         163       28566       28829
Swap:          2147         438        1708
Total:        35595        4395        2632

              total        used        free      shared  buff/cache   available
Mem:          33447        3967         913         163       28566       28819
Swap:          2147         438        1708
Total:        35595        4406        2622

              total        used        free      shared  buff/cache   available
Mem:          33447        4042         837         163       28567       28744
Swap:          2147         438        1708
Total:        35595        4481        2545

              total        used        free      shared  buff/cache   available
Mem:          33447        3956         923         163       28567       28830
Swap:          2147         438        1708
Total:        35595        4394        2632

              total        used        free      shared  buff/cache   available
Mem:          33447        3966         914         163       28566       28820
Swap:          2147         438        1708
Total:        35595        4404        2623

              total        used        free      shared  buff/cache   available
Mem:          33447        4024         852         166       28570       28759
Swap:          2147         438        1708
Total:        35595        4462        2561

              total        used        free      shared  buff/cache   available
Mem:          33447        3960         914         166       28572       28823
Swap:          2147         438        1708
Total:        35595        4399        2623

              total        used        free      shared  buff/cache   available
Mem:          33447        3959         915         166       28572       28824
Swap:          2147         438        1708
Total:        35595        4398        2624

              total        used        free      shared  buff/cache   available
Mem:          33447        3990         883         166       28573       28793
Swap:          2147         438        1708
Total:        35595        4429        2592

              total        used        free      shared  buff/cache   available
Mem:          33447        3940         936         163       28570       28845
Swap:          2147         438        1708
Total:        35595        4379        2645

              total        used        free      shared  buff/cache   available
Mem:          33447        3932         944         163       28570       28854
Swap:          2147         438        1708
Total:        35595        4371        2653

              total        used        free      shared  buff/cache   available
Mem:          33447        3935         944         161       28567       28853
Swap:          2147         438        1708
Total:        35595        4374        2653

              total        used        free      shared  buff/cache   available
Mem:          33447        3997         881         161       28568       28792
Swap:          2147         438        1708
Total:        35595        4435        2590

              total        used        free      shared  buff/cache   available
Mem:          33447        3834        1046         159       28566       28956
Swap:          2147         438        1708
Total:        35595        4273        2755

              total        used        free      shared  buff/cache   available
Mem:          33447        3834        1050         155       28562       28960
Swap:          2147         438        1708
Total:        35595        4273        2758

              total        used        free      shared  buff/cache   available
Mem:          33447        3837        1046         155       28563       28957
Swap:          2147         438        1708
Total:        35595        4276        2755

              total        used        free      shared  buff/cache   available
Mem:          33447        3876        1007         155       28563       28918
Swap:          2147         438        1708
Total:        35595        4314        2716

              total        used        free      shared  buff/cache   available
Mem:          33447        3836        1046         155       28564       28958
Swap:          2147         438        1708
Total:        35595        4274        2755

              total        used        free      shared  buff/cache   available
Mem:          33447        3857        1026         155       28563       28937
Swap:          2147         438        1708
Total:        35595        4296        2735

              total        used        free      shared  buff/cache   available
Mem:          33447        3854        1028         155       28564       28940
Swap:          2147         438        1708
Total:        35595        4292        2737

              total        used        free      shared  buff/cache   available
Mem:          33447        3907         975         155       28564       28887
Swap:          2147         438        1708
Total:        35595        4346        2684

              total        used        free      shared  buff/cache   available
Mem:          33447        3840        1043         155       28564       28955
Swap:          2147         438        1708
Total:        35595        4278        2751

              total        used        free      shared  buff/cache   available
Mem:          33447        3863        1020         155       28563       28931
Swap:          2147         438        1708
Total:        35595        4302        2728

              total        used        free      shared  buff/cache   available
Mem:          33447        3858        1025         155       28564       28936
Swap:          2147         438        1708
Total:        35595        4296        2734

              total        used        free      shared  buff/cache   available
Mem:          33447        3922         960         155       28565       28872
Swap:          2147         438        1708
Total:        35595        4360        2668

              total        used        free      shared  buff/cache   available
Mem:          33447        3834        1047         155       28565       28960
Swap:          2147         438        1708
Total:        35595        4273        2756

              total        used        free      shared  buff/cache   available
Mem:          33447        3849        1033         155       28565       28945
Swap:          2147         438        1708
Total:        35595        4287        2742

              total        used        free      shared  buff/cache   available
Mem:          33447        3932         946         158       28568       28860
Swap:          2147         438        1708
Total:        35595        4371        2655

              total        used        free      shared  buff/cache   available
Mem:          33447        3863        1013         161       28571       28926
Swap:          2147         438        1708
Total:        35595        4301        2721

              total        used        free      shared  buff/cache   available
Mem:          33447        3889         986         161       28571       28899
Swap:          2147         438        1708
Total:        35595        4328        2695

              total        used        free      shared  buff/cache   available
Mem:          33447        3961         915         161       28570       28828
Swap:          2147         438        1708
Total:        35595        4400        2624

              total        used        free      shared  buff/cache   available
Mem:          33447        4070         804         161       28572       28718
Swap:          2147         438        1708
Total:        35595        4509        2513

              total        used        free      shared  buff/cache   available
Mem:          33447        3993         882         161       28572       28795
Swap:          2147         438        1708
Total:        35595        4431        2591

              total        used        free      shared  buff/cache   available
Mem:          33447        4043         832         161       28571       28746
Swap:          2147         438        1708
Total:        35595        4481        2541

              total        used        free      shared  buff/cache   available
Mem:          33447        3983         892         161       28571       28806
Swap:          2147         438        1708
Total:        35595        4421        2601

              total        used        free      shared  buff/cache   available
Mem:          33447        4045         825         164       28576       28740
Swap:          2147         438        1708
Total:        35595        4484        2534

              total        used        free      shared  buff/cache   available
Mem:          33447        3963         908         164       28576       28823
Swap:          2147         438        1708
Total:        35595        4401        2616

              total        used        free      shared  buff/cache   available
Mem:          33447        3960         911         164       28576       28826
Swap:          2147         438        1708
Total:        35595        4398        2620

              total        used        free      shared  buff/cache   available
Mem:          33447        4007         866         161       28573       28781
Swap:          2147         438        1708
Total:        35595        4445        2575

              total        used        free      shared  buff/cache   available
Mem:          33447        3959         914         161       28573       28829
Swap:          2147         438        1708
Total:        35595        4397        2623

              total        used        free      shared  buff/cache   available
Mem:          33447        3957         916         161       28573       28831
Swap:          2147         438        1708
Total:        35595        4396        2625

              total        used        free      shared  buff/cache   available
Mem:          33447        3979         894         161       28574       28809
Swap:          2147         438        1708
Total:        35595        4417        2602

              total        used        free      shared  buff/cache   available
Mem:          33447        4045         827         161       28574       28743
Swap:          2147         438        1708
Total:        35595        4484        2536

              total        used        free      shared  buff/cache   available
Mem:          33447        3972         900         161       28574       28816
Swap:          2147         438        1708
Total:        35595        4411        2609

              total        used        free      shared  buff/cache   available
Mem:          33447        3984         888         161       28574       28804
Swap:          2147         438        1708
Total:        35595        4423        2597

              total        used        free      shared  buff/cache   available
Mem:          33447        4036         835         161       28575       28752
Swap:          2147         438        1708
Total:        35595        4475        2544

              total        used        free      shared  buff/cache   available
Mem:          33447        3974         897         161       28575       28815
Swap:          2147         438        1708
Total:        35595        4412        2606

              total        used        free      shared  buff/cache   available
Mem:          33447        3989         883         161       28574       28799
Swap:          2147         438        1708
Total:        35595        4428        2592

              total        used        free      shared  buff/cache   available
Mem:          33447        3999         872         161       28575       28789
Swap:          2147         438        1708
Total:        35595        4437        2581

              total        used        free      shared  buff/cache   available
Mem:          33447        4052         819         161       28575       28736
Swap:          2147         438        1708
Total:        35595        4490        2528

              total        used        free      shared  buff/cache   available
Mem:          33447        3962         910         161       28575       28826
Swap:          2147         438        1708
Total:        35595        4401        2618

              total        used        free      shared  buff/cache   available
Mem:          33447        3983         889         161       28575       28805
Swap:          2147         438        1708
Total:        35595        4421        2597

              total        used        free      shared  buff/cache   available
Mem:          33447        4044         826         161       28576       28744
Swap:          2147         438        1708
Total:        35595        4483        2535

              total        used        free      shared  buff/cache   available
Mem:          33447        3960         909         161       28577       28828
Swap:          2147         438        1708
Total:        35595        4398        2618

              total        used        free      shared  buff/cache   available
Mem:          33447        3977         893         161       28576       28811
Swap:          2147         438        1708
Total:        35595        4415        2602

              total        used        free      shared  buff/cache   available
Mem:          33447        4025         844         161       28577       28763
Swap:          2147         438        1708
Total:        35595        4464        2553

              total        used        free      shared  buff/cache   available
Mem:          33447        3978         890         161       28578       28810
Swap:          2147         438        1708
Total:        35595        4416        2599

              total        used        free      shared  buff/cache   available
Mem:          33447        3980         889         161       28577       28808
Swap:          2147         438        1708
Total:        35595        4419        2598

              total        used        free      shared  buff/cache   available
Mem:          33447        3986         882         161       28578       28802
Swap:          2147         438        1708
Total:        35595        4425        2591

              total        used        free      shared  buff/cache   available
Mem:          33447        3946         922         161       28577       28842
Swap:          2147         438        1708
Total:        35595        4385        2631

              total        used        free      shared  buff/cache   available
Mem:          33447        3948         921         161       28577       28840
Swap:          2147         438        1708
Total:        35595        4386        2630

              total        used        free      shared  buff/cache   available
Mem:          33447        3951         918         161       28577       28837
Swap:          2147         438        1708
Total:        35595        4389        2627

              total        used        free      shared  buff/cache   available
Mem:          33447        3940         929         161       28577       28848
Swap:          2147         438        1708
Total:        35595        4379        2638

              total        used        free      shared  buff/cache   available
Mem:          33447        3840        1029         161       28577       28948
Swap:          2147         438        1708
Total:        35595        4279        2738

              total        used        free      shared  buff/cache   available
Mem:          33447        3839        1030         161       28577       28949
Swap:          2147         438        1708
Total:        35595        4278        2738

              total        used        free      shared  buff/cache   available
Mem:          33447        3837        1029         164       28580       28948
Swap:          2147         438        1708
Total:        35595        4276        2738

              total        used        free      shared  buff/cache   available
Mem:          33447        3836        1029         164       28580       28949
Swap:          2147         438        1708
Total:        35595        4275        2738

              total        used        free      shared  buff/cache   available
Mem:          33447        3836        1029         164       28580       28948
Swap:          2147         438        1708
Total:        35595        4275        2738

              total        used        free      shared  buff/cache   available
Mem:          33447        3838        1031         161       28577       28950
Swap:          2147         438        1708
Total:        35595        4277        2740
