RESET
CPU laptop 1745517037 2025/04/24 20:50:37 638607 100 12 3464785 6422279 70593 155015993 263382 0 77861 0 0 39002 100 0 0
SEP
CPU laptop 1745517038 2025/04/24 20:50:38 1 100 12 125 81 0 980 4 0 1 0 0 19446 100 0 0
SEP
CPU laptop 1745517039 2025/04/24 20:50:39 1 100 12 87 41 0 1059 0 0 7 0 0 17665 100 0 0
SEP
CPU laptop 1745517040 2025/04/24 20:50:40 1 100 12 77 19 0 1101 1 0 1 0 0 18194 100 0 0
SEP
CPU laptop 1745517041 2025/04/24 20:50:41 1 100 12 69 15 0 1112 2 0 0 0 0 17882 100 0 0
SEP
CPU laptop 1745517042 2025/04/24 20:50:42 1 100 12 73 45 0 1080 0 0 0 0 0 19452 100 0 0
SEP
CPU laptop 1745517043 2025/04/24 20:50:43 1 100 12 71 13 0 1111 2 0 0 0 0 17573 100 0 0
SEP
CPU laptop 1745517044 2025/04/24 20:50:44 1 100 12 70 17 0 1111 1 0 1 0 0 17489 100 0 0
SEP
CPU laptop 1745517045 2025/04/24 20:50:45 1 100 12 69 15 0 1114 0 0 0 0 0 18523 100 0 0
SEP
CPU laptop 1745517046 2025/04/24 20:50:46 1 100 12 74 31 0 1091 2 0 0 0 0 16941 100 0 0
SEP
CPU laptop 1745517047 2025/04/24 20:50:47 1 100 12 72 26 0 1098 1 0 0 0 0 19467 100 0 0
SEP
CPU laptop 1745517048 2025/04/24 20:50:48 1 100 12 140 231 0 795 20 0 0 0 0 22344 100 0 0
SEP
CPU laptop 1745517049 2025/04/24 20:50:49 1 100 12 151 97 1 914 19 0 2 0 0 34488 100 0 0
SEP
CPU laptop 1745517050 2025/04/24 20:50:50 1 100 12 151 253 0 774 7 0 1 0 0 25047 100 0 0
SEP
CPU laptop 1745517051 2025/04/24 20:50:51 1 100 12 144 252 0 781 9 0 0 0 0 21162 100 0 0
SEP
CPU laptop 1745517052 2025/04/24 20:50:52 1 100 12 145 195 1 825 17 0 1 0 0 47732 100 0 0
SEP
CPU laptop 1745517053 2025/04/24 20:50:53 1 100 12 137 128 1 907 14 0 1 0 0 22115 100 0 0
SEP
CPU laptop 1745517054 2025/04/24 20:50:54 1 100 12 112 201 0 874 4 0 0 0 0 22037 100 0 0
SEP
CPU laptop 1745517055 2025/04/24 20:50:55 1 100 12 153 225 1 787 18 0 1 0 0 26010 100 0 0
SEP
CPU laptop 1745517056 2025/04/24 20:50:56 1 100 12 140 100 0 934 13 0 1 0 0 23968 100 0 0
SEP
CPU laptop 1745517057 2025/04/24 20:50:57 1 100 12 120 202 1 866 5 0 0 0 0 21463 100 0 0
SEP
CPU laptop 1745517058 2025/04/24 20:50:58 1 100 12 154 229 0 784 16 0 0 0 0 23954 100 0 0
SEP
CPU laptop 1745517059 2025/04/24 20:50:59 1 100 12 141 95 1 931 17 0 3 0 0 38455 100 0 0
SEP
CPU laptop 1745517060 2025/04/24 20:51:00 1 100 12 111 224 0 855 3 0 0 0 0 22492 100 0 0
SEP
CPU laptop 1745517061 2025/04/24 20:51:01 1 100 12 139 231 1 799 17 0 1 0 0 23146 100 0 0
SEP
CPU laptop 1745517062 2025/04/24 20:51:02 1 100 12 145 166 1 858 17 0 2 0 0 47788 100 0 0
SEP
CPU laptop 1745517063 2025/04/24 20:51:03 1 100 12 140 152 1 881 12 0 1 0 0 34470 100 0 0
SEP
CPU laptop 1745517064 2025/04/24 20:51:04 1 100 12 124 211 0 855 5 0 1 0 0 23562 100 0 0
SEP
CPU laptop 1745517065 2025/04/24 20:51:05 1 100 12 153 233 0 775 19 0 1 0 0 23685 100 0 0
SEP
CPU laptop 1745517066 2025/04/24 20:51:06 1 100 12 142 97 1 933 14 0 0 0 0 29587 100 0 0
SEP
CPU laptop 1745517067 2025/04/24 20:51:07 1 100 12 119 224 0 842 5 0 1 0 0 21434 100 0 0
SEP
CPU laptop 1745517068 2025/04/24 20:51:08 1 100 12 132 242 1 796 17 0 1 0 0 23672 100 0 0
SEP
CPU laptop 1745517069 2025/04/24 20:51:09 1 100 12 147 85 1 929 18 0 1 0 0 22547 100 0 0
SEP
CPU laptop 1745517070 2025/04/24 20:51:10 1 100 12 122 192 0 869 7 0 1 0 0 16759 100 0 0
SEP
CPU laptop 1745517071 2025/04/24 20:51:11 1 100 12 132 235 0 812 10 0 0 0 0 22781 100 0 0
SEP
CPU laptop 1745517072 2025/04/24 20:51:12 1 100 12 143 192 1 829 20 0 1 0 0 47812 100 0 0
SEP
CPU laptop 1745517073 2025/04/24 20:51:13 1 100 12 138 127 1 904 16 0 1 0 0 21602 100 0 0
SEP
CPU laptop 1745517074 2025/04/24 20:51:14 1 100 12 116 205 0 870 2 0 0 0 0 20888 100 0 0
SEP
CPU laptop 1745517075 2025/04/24 20:51:15 1 100 12 140 229 1 793 20 0 2 0 0 22904 100 0 0
SEP
CPU laptop 1745517076 2025/04/24 20:51:16 1 100 12 146 95 1 924 17 0 1 0 0 26924 100 0 0
SEP
CPU laptop 1745517077 2025/04/24 20:51:17 1 100 12 113 223 0 855 2 0 0 0 0 26759 100 0 0
SEP
CPU laptop 1745517078 2025/04/24 20:51:18 1 100 12 132 227 0 809 16 0 0 0 0 20479 100 0 0
SEP
CPU laptop 1745517079 2025/04/24 20:51:19 1 100 12 149 94 1 922 17 0 2 0 0 25424 100 0 0
SEP
CPU laptop 1745517080 2025/04/24 20:51:20 1 100 12 124 190 1 869 6 0 0 0 0 20423 100 0 0
SEP
CPU laptop 1745517081 2025/04/24 20:51:21 1 100 12 132 229 1 815 9 0 2 0 0 25376 100 0 0
SEP
CPU laptop 1745517082 2025/04/24 20:51:22 1 100 12 142 226 1 797 18 0 1 0 0 46075 100 0 0
SEP
CPU laptop 1745517083 2025/04/24 20:51:23 1 100 12 137 99 0 930 17 0 1 0 0 46342 100 0 0
SEP
CPU laptop 1745517084 2025/04/24 20:51:24 1 100 12 115 217 0 858 1 0 0 0 0 31874 100 0 0
SEP
CPU laptop 1745517085 2025/04/24 20:51:25 1 100 12 140 232 1 798 19 0 1 0 0 17605 100 0 0
SEP
CPU laptop 1745517086 2025/04/24 20:51:26 1 100 12 151 89 1 923 19 0 0 0 0 20078 100 0 0
SEP
CPU laptop 1745517087 2025/04/24 20:51:27 1 100 12 120 190 0 874 7 0 1 0 0 16759 100 0 0
SEP
CPU laptop 1745517088 2025/04/24 20:51:28 1 100 12 132 238 0 807 11 0 0 0 0 21864 100 0 0
SEP
CPU laptop 1745517089 2025/04/24 20:51:29 1 100 12 144 225 1 795 18 0 1 0 0 47734 100 0 0
SEP
CPU laptop 1745517090 2025/04/24 20:51:30 1 100 12 142 104 1 927 15 0 2 0 0 23327 100 0 0
SEP
CPU laptop 1745517091 2025/04/24 20:51:31 1 100 12 115 202 0 871 3 0 0 0 0 17675 100 0 0
SEP
CPU laptop 1745517092 2025/04/24 20:51:32 1 100 12 138 230 1 795 19 0 2 0 0 29487 100 0 0
SEP
CPU laptop 1745517093 2025/04/24 20:51:33 1 100 12 149 95 0 920 18 0 1 0 0 28015 100 0 0
SEP
CPU laptop 1745517094 2025/04/24 20:51:34 1 100 12 113 209 0 863 5 0 0 0 0 18052 100 0 0
SEP
CPU laptop 1745517095 2025/04/24 20:51:35 1 100 12 133 230 1 809 15 0 0 0 0 23478 100 0 0
SEP
CPU laptop 1745517096 2025/04/24 20:51:36 1 100 12 149 105 1 905 18 0 3 0 0 47885 100 0 0
SEP
CPU laptop 1745517097 2025/04/24 20:51:37 1 100 12 126 188 0 864 10 0 1 0 0 33040 100 0 0
SEP
CPU laptop 1745517098 2025/04/24 20:51:38 1 100 12 132 231 1 817 8 0 0 0 0 20452 100 0 0
SEP
CPU laptop 1745517099 2025/04/24 20:51:39 1 100 12 144 226 0 793 17 0 1 0 0 42150 100 0 0
SEP
CPU laptop 1745517100 2025/04/24 20:51:40 1 100 12 136 99 2 932 17 0 1 0 0 27226 100 0 0
SEP
CPU laptop 1745517101 2025/04/24 20:51:41 1 100 12 114 204 0 871 2 0 0 0 0 19651 100 0 0
SEP
CPU laptop 1745517102 2025/04/24 20:51:42 1 100 12 140 223 1 801 18 0 1 0 0 22866 100 0 0
SEP
CPU laptop 1745517103 2025/04/24 20:51:43 1 100 12 142 95 1 928 18 0 1 0 0 21394 100 0 0
SEP
CPU laptop 1745517104 2025/04/24 20:51:44 1 100 12 119 226 0 844 4 0 1 0 0 16647 100 0 0
SEP
CPU laptop 1745517105 2025/04/24 20:51:45 1 100 12 134 237 1 798 16 0 0 0 0 23427 100 0 0
SEP
CPU laptop 1745517106 2025/04/24 20:51:46 1 100 12 154 136 0 872 19 0 2 0 0 47818 100 0 0
SEP
CPU laptop 1745517107 2025/04/24 20:51:47 1 100 12 124 160 1 896 9 0 1 0 0 18210 100 0 0
SEP
CPU laptop 1745517108 2025/04/24 20:51:48 1 100 12 144 233 0 805 8 0 0 0 0 25350 100 0 0
SEP
CPU laptop 1745517109 2025/04/24 20:51:49 1 100 12 150 224 1 789 17 0 1 0 0 27163 100 0 0
SEP
CPU laptop 1745517110 2025/04/24 20:51:50 1 100 12 156 151 1 862 15 0 0 0 0 20046 100 0 0
SEP
CPU laptop 1745517111 2025/04/24 20:51:51 1 100 12 117 215 0 858 1 0 2 0 0 23372 100 0 0
SEP
CPU laptop 1745517112 2025/04/24 20:51:52 1 100 12 135 231 0 801 18 0 0 0 0 20466 100 0 0
SEP
CPU laptop 1745517113 2025/04/24 20:51:53 1 100 12 150 89 2 921 20 0 1 0 0 22024 100 0 0
SEP
CPU laptop 1745517114 2025/04/24 20:51:54 1 100 12 122 196 0 867 6 0 1 0 0 17071 100 0 0
SEP
CPU laptop 1745517115 2025/04/24 20:51:55 1 100 12 134 234 0 809 11 0 0 0 0 22942 100 0 0
SEP
CPU laptop 1745517116 2025/04/24 20:51:56 1 100 12 144 229 1 789 19 0 1 0 0 44521 100 0 0
SEP
CPU laptop 1745517117 2025/04/24 20:51:57 1 100 12 137 97 0 936 16 0 1 0 0 30134 100 0 0
SEP
CPU laptop 1745517118 2025/04/24 20:51:58 1 100 12 121 195 0 873 4 0 0 0 0 18813 100 0 0
SEP
CPU laptop 1745517119 2025/04/24 20:51:59 1 100 12 146 229 1 789 16 0 2 0 0 23495 100 0 0
SEP
CPU laptop 1745517120 2025/04/24 20:52:00 1 100 12 143 90 1 936 16 0 0 0 0 32324 100 0 0
SEP
CPU laptop 1745517121 2025/04/24 20:52:01 1 100 12 108 223 0 857 4 0 0 0 0 17228 100 0 0
SEP
CPU laptop 1745517122 2025/04/24 20:52:02 1 100 12 133 238 1 798 16 0 1 0 0 20116 100 0 0
SEP
CPU laptop 1745517123 2025/04/24 20:52:03 1 100 12 146 89 0 928 19 0 1 0 0 22604 100 0 0
SEP
CPU laptop 1745517124 2025/04/24 20:52:04 1 100 12 116 191 1 873 9 0 1 0 0 18786 100 0 0
SEP
CPU laptop 1745517125 2025/04/24 20:52:05 1 100 12 132 234 0 812 10 0 1 0 0 21088 100 0 0
SEP
CPU laptop 1745517126 2025/04/24 20:52:06 1 100 12 143 162 2 857 22 0 0 0 0 47896 100 0 0
SEP
CPU laptop 1745517127 2025/04/24 20:52:07 1 100 12 139 156 0 878 16 0 1 0 0 32525 100 0 0
SEP
CPU laptop 1745517128 2025/04/24 20:52:08 1 100 12 126 227 1 832 5 0 0 0 0 20066 100 0 0
SEP
CPU laptop 1745517129 2025/04/24 20:52:09 1 100 12 142 226 0 796 16 0 2 0 0 26214 100 0 0
SEP
CPU laptop 1745517130 2025/04/24 20:52:10 1 100 12 140 92 1 935 17 0 1 0 0 22754 100 0 0
SEP
CPU laptop 1745517131 2025/04/24 20:52:11 1 100 12 112 220 1 856 3 0 0 0 0 25785 100 0 0
SEP
CPU laptop 1745517132 2025/04/24 20:52:12 1 100 12 134 231 1 804 16 0 1 0 0 24011 100 0 0
SEP
CPU laptop 1745517133 2025/04/24 20:52:13 1 100 12 150 89 1 922 18 0 1 0 0 22670 100 0 0
SEP
CPU laptop 1745517134 2025/04/24 20:52:14 1 100 12 121 195 0 870 7 0 1 0 0 22784 100 0 0
SEP
CPU laptop 1745517135 2025/04/24 20:52:15 1 100 12 137 232 1 810 10 0 0 0 0 22031 100 0 0
SEP
CPU laptop 1745517136 2025/04/24 20:52:16 1 100 12 147 188 0 826 19 0 1 0 0 47818 100 0 0
SEP
CPU laptop 1745517137 2025/04/24 20:52:17 1 100 12 128 128 1 918 13 0 1 0 0 24562 100 0 0
SEP
CPU laptop 1745517138 2025/04/24 20:52:18 1 100 12 123 216 0 845 5 0 0 0 0 21477 100 0 0
SEP
CPU laptop 1745517139 2025/04/24 20:52:19 1 100 12 154 229 1 782 20 0 1 0 0 29231 100 0 0
SEP
CPU laptop 1745517140 2025/04/24 20:52:20 1 100 12 140 102 0 923 16 0 1 0 0 33448 100 0 0
SEP
CPU laptop 1745517141 2025/04/24 20:52:21 1 100 12 117 216 1 858 1 0 1 0 0 38163 100 0 0
SEP
CPU laptop 1745517142 2025/04/24 20:52:22 1 100 12 131 236 0 804 18 0 1 0 0 20085 100 0 0
SEP
CPU laptop 1745517143 2025/04/24 20:52:23 1 100 12 159 99 1 903 17 0 1 0 0 22312 100 0 0
SEP
CPU laptop 1745517144 2025/04/24 20:52:24 1 100 12 117 188 0 886 3 0 0 0 0 18603 100 0 0
SEP
CPU laptop 1745517145 2025/04/24 20:52:25 1 100 12 129 234 1 809 15 0 1 0 0 22163 100 0 0
SEP
CPU laptop 1745517146 2025/04/24 20:52:26 1 100 12 145 89 1 927 18 0 3 0 0 25412 100 0 0
SEP
CPU laptop 1745517147 2025/04/24 20:52:27 1 100 12 117 194 0 867 11 0 1 0 0 18332 100 0 0
SEP
CPU laptop 1745517148 2025/04/24 20:52:28 1 100 12 133 233 0 811 9 0 0 0 0 27038 100 0 0
SEP
CPU laptop 1745517149 2025/04/24 20:52:29 1 100 12 148 206 1 811 18 0 1 0 0 47900 100 0 0
SEP
CPU laptop 1745517150 2025/04/24 20:52:30 1 100 12 137 117 0 918 13 0 1 0 0 23669 100 0 0
SEP
CPU laptop 1745517151 2025/04/24 20:52:31 1 100 12 117 207 0 867 4 0 0 0 0 18414 100 0 0
SEP
CPU laptop 1745517152 2025/04/24 20:52:32 1 100 12 143 226 1 794 17 0 2 0 0 24994 100 0 0
SEP
CPU laptop 1745517153 2025/04/24 20:52:33 1 100 12 150 94 1 922 16 0 2 0 0 38543 100 0 0
SEP
CPU laptop 1745517154 2025/04/24 20:52:34 1 100 12 112 218 0 856 6 0 0 0 0 25876 100 0 0
SEP
CPU laptop 1745517155 2025/04/24 20:52:35 1 100 12 131 234 0 810 13 0 1 0 0 23740 100 0 0
SEP
CPU laptop 1745517156 2025/04/24 20:52:36 1 100 12 143 141 2 878 18 0 0 0 0 47844 100 0 0
SEP
CPU laptop 1745517157 2025/04/24 20:52:37 1 100 12 131 175 0 868 12 0 2 0 0 31181 100 0 0
SEP
CPU laptop 1745517158 2025/04/24 20:52:38 1 100 12 123 222 1 841 6 0 0 0 0 20089 100 0 0
SEP
CPU laptop 1745517159 2025/04/24 20:52:39 1 100 12 143 226 0 795 17 0 1 0 0 28204 100 0 0
SEP
CPU laptop 1745517160 2025/04/24 20:52:40 1 100 12 140 91 1 935 21 0 0 0 0 31435 100 0 0
SEP
CPU laptop 1745517161 2025/04/24 20:52:41 1 100 12 114 209 0 869 2 0 0 0 0 19610 100 0 0
SEP
CPU laptop 1745517162 2025/04/24 20:52:42 1 100 12 137 232 1 798 17 0 1 0 0 23768 100 0 0
SEP
CPU laptop 1745517163 2025/04/24 20:52:43 1 100 12 148 91 1 920 19 0 2 0 0 29126 100 0 0
SEP
CPU laptop 1745517164 2025/04/24 20:52:44 1 100 12 123 219 0 844 7 0 1 0 0 35341 100 0 0
SEP
CPU laptop 1745517165 2025/04/24 20:52:45 1 100 12 132 232 1 812 12 0 0 0 0 23742 100 0 0
SEP
CPU laptop 1745517166 2025/04/24 20:52:46 1 100 12 145 171 0 850 18 0 1 0 0 47896 100 0 0
SEP
CPU laptop 1745517167 2025/04/24 20:52:47 1 100 12 134 141 2 901 11 0 2 0 0 38961 100 0 0
SEP
CPU laptop 1745517168 2025/04/24 20:52:48 1 100 12 126 207 0 854 5 0 0 0 0 21122 100 0 0
SEP
CPU laptop 1745517169 2025/04/24 20:52:49 1 100 12 144 228 1 793 17 0 1 0 0 27691 100 0 0
SEP
CPU laptop 1745517170 2025/04/24 20:52:50 1 100 12 156 116 1 892 20 0 1 0 0 28697 100 0 0
SEP
CPU laptop 1745517171 2025/04/24 20:52:51 1 100 12 111 221 0 857 3 0 0 0 0 24594 100 0 0
SEP
CPU laptop 1745517172 2025/04/24 20:52:52 1 100 12 134 237 0 800 17 0 1 0 0 22369 100 0 0
SEP
CPU laptop 1745517173 2025/04/24 20:52:53 1 100 12 165 93 1 904 16 0 1 0 0 22665 100 0 0
SEP
CPU laptop 1745517174 2025/04/24 20:52:54 1 100 12 121 197 0 872 5 0 1 0 0 23066 100 0 0
SEP
CPU laptop 1745517175 2025/04/24 20:52:55 1 100 12 132 225 1 818 13 0 1 0 0 21080 100 0 0
SEP
CPU laptop 1745517176 2025/04/24 20:52:56 1 100 12 145 228 1 788 19 0 1 0 0 47814 100 0 0
SEP
CPU laptop 1745517177 2025/04/24 20:52:57 1 100 12 138 96 1 936 15 0 1 0 0 26010 100 0 0
SEP
CPU laptop 1745517178 2025/04/24 20:52:58 1 100 12 115 203 0 870 3 0 0 0 0 23740 100 0 0
SEP
CPU laptop 1745517179 2025/04/24 20:52:59 1 100 12 140 226 1 797 18 0 3 0 0 23197 100 0 0
SEP
CPU laptop 1745517180 2025/04/24 20:53:00 1 100 12 146 92 1 925 18 0 1 0 0 23459 100 0 0
SEP
CPU laptop 1745517181 2025/04/24 20:53:01 1 100 12 112 218 0 859 3 0 0 0 0 19083 100 0 0
SEP
CPU laptop 1745517182 2025/04/24 20:53:02 1 100 12 139 240 1 793 15 0 0 0 0 23629 100 0 0
SEP
CPU laptop 1745517183 2025/04/24 20:53:03 1 100 12 141 126 1 894 21 0 2 0 0 47832 100 0 0
SEP
CPU laptop 1745517184 2025/04/24 20:53:04 1 100 12 118 172 0 887 11 0 0 0 0 20744 100 0 0
SEP
CPU laptop 1745517185 2025/04/24 20:53:05 1 100 12 136 232 0 815 8 0 1 0 0 20518 100 0 0
SEP
CPU laptop 1745517186 2025/04/24 20:53:06 1 100 12 143 229 1 794 18 0 2 0 0 31660 100 0 0
SEP
CPU laptop 1745517187 2025/04/24 20:53:07 1 100 12 144 99 1 922 19 0 0 0 0 20843 100 0 0
SEP
CPU laptop 1745517188 2025/04/24 20:53:08 1 100 12 116 210 0 866 1 0 0 0 0 25649 100 0 0
SEP
CPU laptop 1745517189 2025/04/24 20:53:09 1 100 12 148 231 1 784 18 0 2 0 0 24634 100 0 0
SEP
CPU laptop 1745517190 2025/04/24 20:53:10 1 100 12 112 56 0 1012 8 0 1 0 0 16829 100 0 0
SEP
CPU laptop 1745517191 2025/04/24 20:53:11 1 100 12 72 15 0 1110 1 0 1 0 0 17831 100 0 0
SEP
CPU laptop 1745517192 2025/04/24 20:53:12 1 100 12 69 19 0 1109 0 0 0 0 0 19975 100 0 0
SEP
CPU laptop 1745517193 2025/04/24 20:53:13 1 100 12 72 16 0 1110 1 0 0 0 0 18200 100 0 0
SEP
CPU laptop 1745517194 2025/04/24 20:53:14 1 100 12 81 18 0 1098 1 0 0 0 0 17818 100 0 0
SEP
CPU laptop 1745517195 2025/04/24 20:53:15 1 100 12 66 18 0 1111 2 0 0 0 0 17581 100 0 0
SEP
CPU laptop 1745517196 2025/04/24 20:53:16 1 100 12 68 18 0 1110 2 0 1 0 0 16797 100 0 0
SEP
CPU laptop 1745517197 2025/04/24 20:53:17 1 100 12 69 14 0 1114 1 0 0 0 0 17550 100 0 0
SEP
CPU laptop 1745517198 2025/04/24 20:53:18 1 100 12 71 17 0 1111 1 0 0 0 0 17595 100 0 0
SEP
CPU laptop 1745517199 2025/04/24 20:53:19 1 100 12 68 17 0 1113 0 0 0 0 0 18002 100 0 0
SEP
