1501 
1491 
1424 
1426 
1418 
1561 
1428 
1418 
1386 
1365 
1422 
1414 
1445 
1387 
1378 
1481 
1415 
1406 
1416 
1493 
1424 
1418 
1425 
1391 
1383 
1366 
1380 
1458 
1393 
1440 
1411 
1384 
1433 
1436 
1439 
1403 
1436 
1436 
1457 
1402 
1398 
1449 
1395 
1428 
1385 
1405 
1458 
1350 
1465 
1410 
1469 
1382 
1406 
1469 
1402 
1493 
1406 
1433 
1393 
1471 
1402 
1395 
1469 
1414 
1469 
1394 
1419 
1484 
1441 
1486 
1384 
1449 
1379 
1433 
1389 
1403 
1429 
1400 
1492 
1425 
1424 
1395 
1419 
1414 
1415 
1427 
1405 
1432 
1484 
1339 
1454 
1435 
1382 
1412 
1411 
1446 
1417 
1415 
1458 
1368 
