              total        used        free      shared  buff/cache   available
Mem:          33447        3761        1119         158       28567       29044
Swap:          2147         438        1708
Total:        35595        4199        2828

              total        used        free      shared  buff/cache   available
Mem:          33447        3794        1082         160       28569       29007
Swap:          2147         438        1708
Total:        35595        4233        2791

              total        used        free      shared  buff/cache   available
Mem:          33447        3796        1081         160       28569       29006
Swap:          2147         438        1708
Total:        35595        4235        2790

              total        used        free      shared  buff/cache   available
Mem:          33447        3795        1079         163       28572       29004
Swap:          2147         438        1708
Total:        35595        4234        2788

              total        used        free      shared  buff/cache   available
Mem:          33447        3796        1078         163       28572       29002
Swap:          2147         438        1708
Total:        35595        4235        2786

              total        used        free      shared  buff/cache   available
Mem:          33447        3794        1078         165       28574       29003
Swap:          2147         438        1708
Total:        35595        4233        2786

              total        used        free      shared  buff/cache   available
Mem:          33447        3901         972         163       28572       28897
Swap:          2147         438        1708
Total:        35595        4340        2681

              total        used        free      shared  buff/cache   available
Mem:          33447        3905         968         163       28572       28893
Swap:          2147         438        1708
Total:        35595        4344        2677

              total        used        free      shared  buff/cache   available
Mem:          33447        3908         954         163       28585       28891
Swap:          2147         438        1708
Total:        35595        4346        2662

              total        used        free      shared  buff/cache   available
Mem:          33447        3932         940         163       28573       28866
Swap:          2147         438        1708
Total:        35595        4371        2649

              total        used        free      shared  buff/cache   available
Mem:          33447        3934         939         163       28573       28864
Swap:          2147         438        1708
Total:        35595        4373        2647

              total        used        free      shared  buff/cache   available
Mem:          33447        4062         810         163       28573       28736
Swap:          2147         438        1708
Total:        35595        4501        2519

              total        used        free      shared  buff/cache   available
Mem:          33447        4122         750         163       28574       28677
Swap:          2147         438        1708
Total:        35595        4561        2459

              total        used        free      shared  buff/cache   available
Mem:          33447        4062         807         163       28577       28736
Swap:          2147         438        1708
Total:        35595        4501        2516

              total        used        free      shared  buff/cache   available
Mem:          33447        4052         819         163       28575       28746
Swap:          2147         438        1708
Total:        35595        4491        2527

              total        used        free      shared  buff/cache   available
Mem:          33447        4076         796         163       28574       28722
Swap:          2147         438        1708
Total:        35595        4515        2504

              total        used        free      shared  buff/cache   available
Mem:          33447        4149         716         169       28580       28643
Swap:          2147         438        1708
Total:        35595        4588        2425

              total        used        free      shared  buff/cache   available
Mem:          33447        4079         784         169       28583       28713
Swap:          2147         438        1708
Total:        35595        4518        2493

              total        used        free      shared  buff/cache   available
Mem:          33447        4110         750         176       28586       28676
Swap:          2147         438        1708
Total:        35595        4549        2459

              total        used        free      shared  buff/cache   available
Mem:          33447        4134         726         175       28587       28653
Swap:          2147         438        1708
Total:        35595        4573        2434

              total        used        free      shared  buff/cache   available
Mem:          33447        4106         755         172       28586       28684
Swap:          2147         438        1708
Total:        35595        4544        2463

              total        used        free      shared  buff/cache   available
Mem:          33447        4133         729         172       28584       28657
Swap:          2147         438        1708
Total:        35595        4572        2438

              total        used        free      shared  buff/cache   available
Mem:          33447        4167         696         172       28584       28623
Swap:          2147         438        1708
Total:        35595        4605        2404

              total        used        free      shared  buff/cache   available
Mem:          33447        4104         756         172       28586       28686
Swap:          2147         438        1708
Total:        35595        4542        2465

              total        used        free      shared  buff/cache   available
Mem:          33447        4114         745         172       28587       28676
Swap:          2147         438        1708
Total:        35595        4553        2454

              total        used        free      shared  buff/cache   available
Mem:          33447        4113         749         172       28584       28676
Swap:          2147         438        1708
Total:        35595        4552        2458

              total        used        free      shared  buff/cache   available
Mem:          33447        4165         696         172       28585       28625
Swap:          2147         438        1708
Total:        35595        4604        2405

              total        used        free      shared  buff/cache   available
Mem:          33447        4104         754         172       28587       28685
Swap:          2147         438        1708
Total:        35595        4543        2463

              total        used        free      shared  buff/cache   available
Mem:          33447        4124         738         172       28584       28666
Swap:          2147         438        1708
Total:        35595        4563        2447

              total        used        free      shared  buff/cache   available
Mem:          33447        4157         704         172       28585       28633
Swap:          2147         438        1708
Total:        35595        4596        2413

              total        used        free      shared  buff/cache   available
Mem:          33447        4128         730         172       28588       28662
Swap:          2147         438        1708
Total:        35595        4567        2439

              total        used        free      shared  buff/cache   available
Mem:          33447        4064         797         172       28586       28726
Swap:          2147         438        1708
Total:        35595        4502        2505

              total        used        free      shared  buff/cache   available
Mem:          33447        4065         796         172       28586       28725
Swap:          2147         438        1708
Total:        35595        4504        2504

              total        used        free      shared  buff/cache   available
Mem:          33447        4079         781         172       28587       28711
Swap:          2147         438        1708
Total:        35595        4518        2489

              total        used        free      shared  buff/cache   available
Mem:          33447        4061         796         172       28589       28729
Swap:          2147         438        1708
Total:        35595        4500        2505

              total        used        free      shared  buff/cache   available
Mem:          33447        4060         799         172       28586       28729
Swap:          2147         438        1708
Total:        35595        4499        2508

              total        used        free      shared  buff/cache   available
Mem:          33447        4086         775         172       28586       28704
Swap:          2147         438        1708
Total:        35595        4525        2483

              total        used        free      shared  buff/cache   available
Mem:          33447        4090         770         172       28586       28700
Swap:          2147         438        1708
Total:        35595        4529        2479

              total        used        free      shared  buff/cache   available
Mem:          33447        4138         721         172       28587       28651
Swap:          2147         438        1708
Total:        35595        4577        2430

              total        used        free      shared  buff/cache   available
Mem:          33447        4139         719         172       28588       28650
Swap:          2147         438        1708
Total:        35595        4578        2428

              total        used        free      shared  buff/cache   available
Mem:          33447        4067         790         172       28589       28722
Swap:          2147         438        1708
Total:        35595        4506        2499

              total        used        free      shared  buff/cache   available
Mem:          33447        4068         792         172       28586       28722
Swap:          2147         438        1708
Total:        35595        4507        2501

              total        used        free      shared  buff/cache   available
Mem:          33447        4095         764         172       28586       28694
Swap:          2147         438        1708
Total:        35595        4534        2473

              total        used        free      shared  buff/cache   available
Mem:          33447        4094         765         172       28587       28696
Swap:          2147         438        1708
Total:        35595        4533        2474

              total        used        free      shared  buff/cache   available
Mem:          33447        4141         718         172       28587       28648
Swap:          2147         438        1708
Total:        35595        4580        2426

              total        used        free      shared  buff/cache   available
Mem:          33447        4065         791         172       28590       28724
Swap:          2147         438        1708
Total:        35595        4504        2499

              total        used        free      shared  buff/cache   available
Mem:          33447        4067         786         176       28593       28719
Swap:          2147         438        1708
Total:        35595        4506        2495

              total        used        free      shared  buff/cache   available
Mem:          33447        4063         792         176       28591       28723
Swap:          2147         438        1708
Total:        35595        4502        2501

              total        used        free      shared  buff/cache   available
Mem:          33447        4061         794         176       28591       28725
Swap:          2147         438        1708
Total:        35595        4500        2502

              total        used        free      shared  buff/cache   available
Mem:          33447        4072         784         176       28590       28714
Swap:          2147         438        1708
Total:        35595        4511        2492

              total        used        free      shared  buff/cache   available
Mem:          33447        4110         748         172       28588       28679
Swap:          2147         438        1708
Total:        35595        4549        2456

              total        used        free      shared  buff/cache   available
Mem:          33447        4066         789         172       28591       28723
Swap:          2147         438        1708
Total:        35595        4505        2498

              total        used        free      shared  buff/cache   available
Mem:          33447        4083         776         172       28588       28707
Swap:          2147         438        1708
Total:        35595        4522        2484

              total        used        free      shared  buff/cache   available
Mem:          33447        4114         744         172       28588       28675
Swap:          2147         438        1708
Total:        35595        4553        2453

              total        used        free      shared  buff/cache   available
Mem:          33447        4104         752         172       28591       28685
Swap:          2147         438        1708
Total:        35595        4542        2461

              total        used        free      shared  buff/cache   available
Mem:          33447        4078         780         172       28588       28712
Swap:          2147         438        1708
Total:        35595        4517        2488

              total        used        free      shared  buff/cache   available
Mem:          33447        4101         758         172       28588       28688
Swap:          2147         438        1708
Total:        35595        4540        2466

              total        used        free      shared  buff/cache   available
Mem:          33447        4113         745         172       28588       28676
Swap:          2147         438        1708
Total:        35595        4552        2453

              total        used        free      shared  buff/cache   available
Mem:          33447        4077         778         173       28591       28712
Swap:          2147         438        1708
Total:        35595        4516        2486

              total        used        free      shared  buff/cache   available
Mem:          33447        4073         784         173       28589       28717
Swap:          2147         438        1708
Total:        35595        4512        2493

              total        used        free      shared  buff/cache   available
Mem:          33447        4085         773         173       28588       28704
Swap:          2147         438        1708
Total:        35595        4523        2482

              total        used        free      shared  buff/cache   available
Mem:          33447        4099         757         173       28589       28690
Swap:          2147         438        1708
Total:        35595        4538        2466

              total        used        free      shared  buff/cache   available
Mem:          33447        4073         781         173       28592       28716
Swap:          2147         438        1708
Total:        35595        4512        2490

              total        used        free      shared  buff/cache   available
Mem:          33447        4075         782         173       28589       28714
Swap:          2147         438        1708
Total:        35595        4514        2490

              total        used        free      shared  buff/cache   available
Mem:          33447        4124         732         173       28590       28665
Swap:          2147         438        1708
Total:        35595        4563        2441

              total        used        free      shared  buff/cache   available
Mem:          33447        4138         718         173       28590       28651
Swap:          2147         438        1708
Total:        35595        4577        2427

              total        used        free      shared  buff/cache   available
Mem:          33447        4072         781         173       28593       28716
Swap:          2147         438        1708
Total:        35595        4511        2490

              total        used        free      shared  buff/cache   available
Mem:          33447        4072         785         173       28590       28717
Swap:          2147         438        1708
Total:        35595        4511        2493

              total        used        free      shared  buff/cache   available
Mem:          33447        4126         730         173       28590       28663
Swap:          2147         438        1708
Total:        35595        4565        2438

              total        used        free      shared  buff/cache   available
Mem:          33447        4074         779         173       28593       28715
Swap:          2147         438        1708
Total:        35595        4513        2488

              total        used        free      shared  buff/cache   available
Mem:          33447        4082         774         173       28590       28707
Swap:          2147         438        1708
Total:        35595        4521        2482

              total        used        free      shared  buff/cache   available
Mem:          33447        4078         778         173       28591       28711
Swap:          2147         438        1708
Total:        35595        4516        2487

              total        used        free      shared  buff/cache   available
Mem:          33447        4138         716         173       28591       28651
Swap:          2147         438        1708
Total:        35595        4577        2425

              total        used        free      shared  buff/cache   available
Mem:          33447        3961         895         172       28590       28827
Swap:          2147         438        1708
Total:        35595        4400        2603

              total        used        free      shared  buff/cache   available
Mem:          33447        3956         907         168       28583       28837
Swap:          2147         438        1708
Total:        35595        4395        2615

              total        used        free      shared  buff/cache   available
Mem:          33447        3964         896         172       28586       28826
Swap:          2147         438        1708
Total:        35595        4403        2604

              total        used        free      shared  buff/cache   available
Mem:          33447        4002         851         177       28593       28783
Swap:          2147         438        1708
Total:        35595        4441        2560

              total        used        free      shared  buff/cache   available
Mem:          33447        4117         737         175       28593       28670
Swap:          2147         438        1708
Total:        35595        4555        2445

              total        used        free      shared  buff/cache   available
Mem:          33447        4070         789         172       28588       28720
Swap:          2147         438        1708
Total:        35595        4509        2497

              total        used        free      shared  buff/cache   available
Mem:          33447        4074         785         172       28587       28716
Swap:          2147         438        1708
Total:        35595        4513        2493

              total        used        free      shared  buff/cache   available
Mem:          33447        4097         763         169       28586       28696
Swap:          2147         438        1708
Total:        35595        4536        2472

              total        used        free      shared  buff/cache   available
Mem:          33447        4122         738         169       28586       28671
Swap:          2147         438        1708
Total:        35595        4560        2447

              total        used        free      shared  buff/cache   available
Mem:          33447        4033         824         169       28589       28759
Swap:          2147         438        1708
Total:        35595        4472        2533

              total        used        free      shared  buff/cache   available
Mem:          33447        4035         825         169       28586       28759
Swap:          2147         438        1708
Total:        35595        4473        2534

              total        used        free      shared  buff/cache   available
Mem:          33447        4040         820         169       28586       28754
Swap:          2147         438        1708
Total:        35595        4478        2529

              total        used        free      shared  buff/cache   available
Mem:          33447        4096         763         169       28586       28696
Swap:          2147         438        1708
Total:        35595        4535        2472

              total        used        free      shared  buff/cache   available
Mem:          33447        4034         824         169       28589       28759
Swap:          2147         438        1708
Total:        35595        4473        2532

              total        used        free      shared  buff/cache   available
Mem:          33447        4035         825         169       28586       28758
Swap:          2147         438        1708
Total:        35595        4474        2534

              total        used        free      shared  buff/cache   available
Mem:          33447        4058         801         169       28587       28735
Swap:          2147         438        1708
Total:        35595        4497        2510

              total        used        free      shared  buff/cache   available
Mem:          33447        4111         748         169       28587       28681
Swap:          2147         438        1708
Total:        35595        4550        2457

              total        used        free      shared  buff/cache   available
Mem:          33447        4037         820         169       28590       28756
Swap:          2147         438        1708
Total:        35595        4476        2528

              total        used        free      shared  buff/cache   available
Mem:          33447        4023         837         169       28586       28770
Swap:          2147         438        1708
Total:        35595        4461        2546

              total        used        free      shared  buff/cache   available
Mem:          33447        4024         836         169       28586       28769
Swap:          2147         438        1708
Total:        35595        4463        2545

              total        used        free      shared  buff/cache   available
Mem:          33447        4024         836         169       28586       28769
Swap:          2147         438        1708
Total:        35595        4463        2545

              total        used        free      shared  buff/cache   available
Mem:          33447        3928         932         169       28586       28865
Swap:          2147         438        1708
Total:        35595        4367        2640

              total        used        free      shared  buff/cache   available
Mem:          33447        3927         933         169       28586       28866
Swap:          2147         438        1708
Total:        35595        4366        2642

              total        used        free      shared  buff/cache   available
Mem:          33447        3927         933         169       28586       28866
Swap:          2147         438        1708
Total:        35595        4366        2641

              total        used        free      shared  buff/cache   available
Mem:          33447        3927         933         169       28586       28866
Swap:          2147         438        1708
Total:        35595        4366        2641

              total        used        free      shared  buff/cache   available
Mem:          33447        3927         932         169       28586       28865
Swap:          2147         438        1708
Total:        35595        4366        2641

              total        used        free      shared  buff/cache   available
Mem:          33447        3927         933         169       28586       28866
Swap:          2147         438        1708
Total:        35595        4366        2641

              total        used        free      shared  buff/cache   available
Mem:          33447        3928         932         169       28586       28865
Swap:          2147         438        1708
Total:        35595        4367        2640
