RESET
CPU laptop 1745518000 2025/04/24 21:06:40 639570 100 12 3588191 6570622 71924 155875850 274337 0 78737 0 0 30603 100 0 0
SEP
CPU laptop 1745518001 2025/04/24 21:06:41 1 100 12 79 41 0 1075 1 0 0 0 0 18932 100 0 0
SEP
CPU laptop 1745518002 2025/04/24 21:06:42 1 100 12 85 38 0 1066 1 0 0 0 0 18515 100 0 0
SEP
CPU laptop 1745518003 2025/04/24 21:06:43 1 100 12 69 17 0 1111 1 0 0 0 0 18937 100 0 0
SEP
CPU laptop 1745518004 2025/04/24 21:06:44 1 100 12 69 15 0 1112 1 0 0 0 0 18824 100 0 0
SEP
CPU laptop 1745518005 2025/04/24 21:06:45 1 100 12 71 19 0 1106 2 0 0 0 0 19848 100 0 0
SEP
CPU laptop 1745518006 2025/04/24 21:06:46 1 100 12 69 15 0 1114 1 0 0 0 0 17214 100 0 0
SEP
CPU laptop 1745518007 2025/04/24 21:06:47 1 100 12 71 14 0 1113 0 0 0 0 0 18936 100 0 0
SEP
CPU laptop 1745518008 2025/04/24 21:06:48 1 100 12 67 17 0 1113 1 0 0 0 0 21113 100 0 0
SEP
CPU laptop 1745518009 2025/04/24 21:06:49 1 100 12 83 35 0 1078 1 0 0 0 0 19762 100 0 0
SEP
CPU laptop 1745518010 2025/04/24 21:06:50 1 100 12 68 18 0 1112 1 0 0 0 0 19447 100 0 0
SEP
CPU laptop 1745518011 2025/04/24 21:06:51 1 100 12 160 226 1 768 25 0 2 0 0 21231 100 0 0
SEP
CPU laptop 1745518012 2025/04/24 21:06:52 1 100 12 150 189 1 816 18 0 1 0 0 22711 100 0 0
SEP
CPU laptop 1745518013 2025/04/24 21:06:53 1 100 12 167 298 1 689 19 0 0 0 0 26410 100 0 0
SEP
CPU laptop 1745518014 2025/04/24 21:06:54 1 100 12 164 172 2 812 25 0 2 0 0 23836 100 0 0
SEP
CPU laptop 1745518015 2025/04/24 21:06:55 1 100 12 143 217 0 803 19 0 0 0 0 47896 100 0 0
SEP
CPU laptop 1745518016 2025/04/24 21:06:56 1 100 12 153 225 1 780 23 0 1 0 0 16765 100 0 0
SEP
CPU laptop 1745518017 2025/04/24 21:06:57 1 100 12 156 186 1 809 26 0 1 0 0 37165 100 0 0
SEP
CPU laptop 1745518018 2025/04/24 21:06:58 1 100 12 144 258 0 762 18 0 1 0 0 47791 100 0 0
SEP
CPU laptop 1745518019 2025/04/24 21:06:59 1 100 12 167 190 1 795 24 0 1 0 0 25647 100 0 0
SEP
CPU laptop 1745518020 2025/04/24 21:07:00 1 100 12 154 181 1 819 22 0 0 0 0 26961 100 0 0
SEP
CPU laptop 1745518021 2025/04/24 21:07:01 1 100 12 143 257 1 764 18 0 1 0 0 17120 100 0 0
SEP
CPU laptop 1745518022 2025/04/24 21:07:02 1 100 12 163 169 1 816 28 0 1 0 0 20352 100 0 0
SEP
CPU laptop 1745518023 2025/04/24 21:07:03 1 100 12 144 172 1 842 19 0 1 0 0 22443 100 0 0
SEP
CPU laptop 1745518024 2025/04/24 21:07:04 1 100 12 152 274 1 737 19 0 2 0 0 27895 100 0 0
SEP
CPU laptop 1745518025 2025/04/24 21:07:05 1 100 12 163 189 2 797 30 0 1 0 0 28982 100 0 0
SEP
CPU laptop 1745518026 2025/04/24 21:07:06 1 100 12 155 200 1 804 20 0 1 0 0 26512 100 0 0
SEP
CPU laptop 1745518027 2025/04/24 21:07:07 1 100 12 168 276 1 710 21 0 2 0 0 29600 100 0 0
SEP
CPU laptop 1745518028 2025/04/24 21:07:08 1 100 12 162 221 1 766 27 0 0 0 0 22601 100 0 0
SEP
CPU laptop 1745518029 2025/04/24 21:07:09 1 100 12 142 225 1 793 18 0 1 0 0 27252 100 0 0
SEP
CPU laptop 1745518030 2025/04/24 21:07:10 1 100 12 150 249 0 764 19 0 1 0 0 28972 100 0 0
SEP
CPU laptop 1745518031 2025/04/24 21:07:11 1 100 12 164 175 2 810 26 0 1 0 0 47896 100 0 0
SEP
CPU laptop 1745518032 2025/04/24 21:07:12 1 100 12 148 180 0 830 21 0 1 0 0 21824 100 0 0
SEP
CPU laptop 1745518033 2025/04/24 21:07:13 1 100 12 145 264 0 751 18 0 2 0 0 23314 100 0 0
SEP
CPU laptop 1745518034 2025/04/24 21:07:14 1 100 12 161 167 2 817 29 0 0 0 0 36595 100 0 0
SEP
CPU laptop 1745518035 2025/04/24 21:07:15 1 100 12 143 206 1 810 18 0 1 0 0 20458 100 0 0
SEP
CPU laptop 1745518036 2025/04/24 21:07:16 1 100 12 145 263 1 749 21 0 1 0 0 16783 100 0 0
SEP
CPU laptop 1745518037 2025/04/24 21:07:17 1 100 12 179 173 1 795 27 0 1 0 0 32421 100 0 0
SEP
CPU laptop 1745518038 2025/04/24 21:07:18 1 100 12 148 223 1 792 18 0 1 0 0 47732 100 0 0
SEP
CPU laptop 1745518039 2025/04/24 21:07:19 1 100 12 151 226 1 775 24 0 1 0 0 27520 100 0 0
SEP
CPU laptop 1745518040 2025/04/24 21:07:20 1 100 12 159 221 1 769 27 0 1 0 0 27967 100 0 0
SEP
CPU laptop 1745518041 2025/04/24 21:07:21 1 100 12 148 193 1 816 20 0 1 0 0 20442 100 0 0
SEP
CPU laptop 1745518042 2025/04/24 21:07:22 1 100 12 149 257 1 755 18 0 1 0 0 22314 100 0 0
SEP
CPU laptop 1745518043 2025/04/24 21:07:23 1 100 12 165 166 1 818 29 0 1 0 0 23334 100 0 0
SEP
CPU laptop 1745518044 2025/04/24 21:07:24 1 100 12 152 171 1 839 17 0 1 0 0 24306 100 0 0
SEP
CPU laptop 1745518045 2025/04/24 21:07:25 1 100 12 155 260 1 745 19 0 1 0 0 20685 100 0 0
SEP
CPU laptop 1745518046 2025/04/24 21:07:26 1 100 12 160 183 1 808 30 0 2 0 0 23178 100 0 0
SEP
CPU laptop 1745518047 2025/04/24 21:07:27 1 100 12 145 175 1 838 19 0 1 0 0 20458 100 0 0
SEP
CPU laptop 1745518048 2025/04/24 21:07:28 1 100 12 144 281 1 735 19 0 2 0 0 24165 100 0 0
SEP
CPU laptop 1745518049 2025/04/24 21:07:29 1 100 12 166 183 2 801 26 0 1 0 0 47798 100 0 0
SEP
CPU laptop 1745518050 2025/04/24 21:07:30 1 100 12 147 176 0 837 20 0 3 0 0 22704 100 0 0
SEP
CPU laptop 1745518051 2025/04/24 21:07:31 1 100 12 158 264 1 736 21 0 1 0 0 17820 100 0 0
SEP
CPU laptop 1745518052 2025/04/24 21:07:32 1 100 12 169 177 1 803 28 0 0 0 0 42902 100 0 0
SEP
CPU laptop 1745518053 2025/04/24 21:07:33 1 100 12 147 179 1 837 18 0 1 0 0 21990 100 0 0
SEP
CPU laptop 1745518054 2025/04/24 21:07:34 1 100 12 145 259 1 751 21 0 2 0 0 16917 100 0 0
SEP
CPU laptop 1745518055 2025/04/24 21:07:35 1 100 12 165 180 2 803 29 0 1 0 0 22501 100 0 0
SEP
CPU laptop 1745518056 2025/04/24 21:07:36 1 100 12 143 167 1 843 26 0 1 0 0 35563 100 0 0
SEP
CPU laptop 1745518057 2025/04/24 21:07:37 1 100 12 148 265 1 750 18 0 0 0 0 41019 100 0 0
SEP
CPU laptop 1745518058 2025/04/24 21:07:38 1 100 12 155 177 1 816 26 0 2 0 0 20110 100 0 0
SEP
CPU laptop 1745518059 2025/04/24 21:07:39 1 100 12 157 189 1 806 23 0 1 0 0 24845 100 0 0
SEP
CPU laptop 1745518060 2025/04/24 21:07:40 1 100 12 148 282 1 738 17 0 1 0 0 23810 100 0 0
SEP
CPU laptop 1745518061 2025/04/24 21:07:41 1 100 12 148 178 1 823 25 0 1 0 0 23209 100 0 0
SEP
CPU laptop 1745518062 2025/04/24 21:07:42 1 100 12 155 181 1 806 33 0 1 0 0 38960 100 0 0
SEP
CPU laptop 1745518063 2025/04/24 21:07:43 1 100 12 142 218 1 799 19 0 2 0 0 47821 100 0 0
SEP
CPU laptop 1745518064 2025/04/24 21:07:44 1 100 12 155 218 1 782 23 0 1 0 0 19791 100 0 0
SEP
CPU laptop 1745518065 2025/04/24 21:07:45 1 100 12 160 177 1 818 27 0 1 0 0 18455 100 0 0
SEP
CPU laptop 1745518066 2025/04/24 21:07:46 1 100 12 145 258 1 759 18 0 1 0 0 47878 100 0 0
SEP
CPU laptop 1745518067 2025/04/24 21:07:47 1 100 12 155 180 2 816 26 0 2 0 0 22630 100 0 0
SEP
CPU laptop 1745518068 2025/04/24 21:07:48 1 100 12 156 238 1 763 20 0 1 0 0 37555 100 0 0
SEP
CPU laptop 1745518069 2025/04/24 21:07:49 1 100 12 158 270 1 734 17 0 1 0 0 33224 100 0 0
SEP
CPU laptop 1745518070 2025/04/24 21:07:50 1 100 12 153 178 1 821 25 0 1 0 0 33269 100 0 0
SEP
CPU laptop 1745518071 2025/04/24 21:07:51 1 100 12 160 178 1 812 26 0 1 0 0 38477 100 0 0
SEP
CPU laptop 1745518072 2025/04/24 21:07:52 1 100 12 146 236 1 781 17 0 0 0 0 47818 100 0 0
SEP
CPU laptop 1745518073 2025/04/24 21:07:53 1 100 12 152 204 2 789 27 0 1 0 0 26007 100 0 0
SEP
CPU laptop 1745518074 2025/04/24 21:07:54 1 100 12 158 183 1 815 22 0 1 0 0 20721 100 0 0
SEP
CPU laptop 1745518075 2025/04/24 21:07:55 1 100 12 146 286 0 734 18 0 0 0 0 18967 100 0 0
SEP
CPU laptop 1745518076 2025/04/24 21:07:56 1 100 12 163 179 2 803 28 0 2 0 0 43400 100 0 0
SEP
CPU laptop 1745518077 2025/04/24 21:07:57 1 100 12 146 183 1 825 23 0 1 0 0 25870 100 0 0
SEP
CPU laptop 1745518078 2025/04/24 21:07:58 1 100 12 144 244 1 772 18 0 1 0 0 16864 100 0 0
SEP
CPU laptop 1745518079 2025/04/24 21:07:59 1 100 12 164 186 1 799 26 0 2 0 0 20647 100 0 0
SEP
CPU laptop 1745518080 2025/04/24 21:08:00 1 100 12 180 234 1 735 20 0 1 0 0 43308 100 0 0
SEP
CPU laptop 1745518081 2025/04/24 21:08:01 1 100 12 164 252 1 735 24 0 1 0 0 26093 100 0 0
SEP
CPU laptop 1745518082 2025/04/24 21:08:02 1 100 12 170 362 1 622 15 0 1 0 0 47481 100 0 0
SEP
CPU laptop 1745518083 2025/04/24 21:08:03 1 100 12 184 218 1 739 28 0 0 0 0 30093 100 0 0
SEP
CPU laptop 1745518084 2025/04/24 21:08:04 1 100 12 181 257 1 710 20 0 1 0 0 41758 100 0 0
SEP
CPU laptop 1745518085 2025/04/24 21:08:05 1 100 12 176 280 1 700 16 0 0 0 0 47800 100 0 0
SEP
CPU laptop 1745518086 2025/04/24 21:08:06 1 100 12 100 89 1 984 6 0 2 0 0 19549 100 0 0
SEP
CPU laptop 1745518087 2025/04/24 21:08:07 1 100 12 107 92 0 972 1 0 1 0 0 18253 100 0 0
SEP
CPU laptop 1745518088 2025/04/24 21:08:08 1 100 12 72 21 0 1102 1 0 0 0 0 17497 100 0 0
SEP
CPU laptop 1745518089 2025/04/24 21:08:09 1 100 12 84 26 0 1089 0 0 0 0 0 19231 100 0 0
SEP
CPU laptop 1745518090 2025/04/24 21:08:10 1 100 12 72 16 0 1108 1 0 0 0 0 17854 100 0 0
SEP
CPU laptop 1745518091 2025/04/24 21:08:11 1 100 12 70 17 0 1109 2 0 0 0 0 18623 100 0 0
SEP
CPU laptop 1745518092 2025/04/24 21:08:12 1 100 12 77 38 0 1076 1 0 1 0 0 19952 100 0 0
SEP
CPU laptop 1745518093 2025/04/24 21:08:13 1 100 12 88 52 0 1046 2 0 1 0 0 18904 100 0 0
SEP
CPU laptop 1745518094 2025/04/24 21:08:14 1 100 12 72 25 0 1091 1 0 0 0 0 21466 100 0 0
SEP
CPU laptop 1745518095 2025/04/24 21:08:15 1 100 12 78 34 0 1076 2 0 0 0 0 17695 100 0 0
SEP
