495 
539 
499 
484 
520 
508 
522 
539 
518 
492 
534 
524 
498 
540 
543 
482 
529 
469 
468 
497 
566 
552 
495 
559 
466 
483 
490 
515 
544 
471 
554 
514 
627 
576 
670 
575 
641 
623 
573 
520 
519 
564 
504 
544 
564 
594 
519 
479 
556 
522 
543 
517 
559 
616 
562 
524 
587 
540 
573 
495 
553 
618 
535 
571 
570 
536 
587 
604 
576 
541 
589 
488 
547 
559 
511 
597 
522 
598 
530 
494 
634 
618 
567 
541 
508 
500 
463 
551 
568 
586 
564 
520 
600 
560 
623 
602 
563 
538 
573 
546 
