              total        used        free      shared  buff/cache   available
Mem:          33447        3882         899         173       28665       28907
Swap:          2147         438        1708
Total:        35595        4321        2607

              total        used        free      shared  buff/cache   available
Mem:          33447        3884         897         173       28665       28905
Swap:          2147         438        1708
Total:        35595        4323        2605

              total        used        free      shared  buff/cache   available
Mem:          33447        3885         896         173       28665       28904
Swap:          2147         438        1708
Total:        35595        4324        2604

              total        used        free      shared  buff/cache   available
Mem:          33447        3886         895         173       28665       28903
Swap:          2147         438        1708
Total:        35595        4325        2603

              total        used        free      shared  buff/cache   available
Mem:          33447        3881         896         176       28668       28904
Swap:          2147         438        1708
Total:        35595        4320        2605

              total        used        free      shared  buff/cache   available
Mem:          33447        3873         904         176       28669       28912
Swap:          2147         438        1708
Total:        35595        4312        2613

              total        used        free      shared  buff/cache   available
Mem:          33447        3870         908         176       28668       28916
Swap:          2147         438        1708
Total:        35595        4308        2617

              total        used        free      shared  buff/cache   available
Mem:          33447        3872         909         173       28665       28917
Swap:          2147         438        1708
Total:        35595        4311        2617

              total        used        free      shared  buff/cache   available
Mem:          33447        3872         908         173       28665       28916
Swap:          2147         438        1708
Total:        35595        4311        2617

              total        used        free      shared  buff/cache   available
Mem:          33447        3872         909         173       28665       28917
Swap:          2147         438        1708
Total:        35595        4311        2617

              total        used        free      shared  buff/cache   available
Mem:          33447        3872         909         173       28665       28917
Swap:          2147         438        1708
Total:        35595        4310        2618

              total        used        free      shared  buff/cache   available
Mem:          33447        3974         806         173       28666       28815
Swap:          2147         438        1708
Total:        35595        4413        2514

              total        used        free      shared  buff/cache   available
Mem:          33447        3974         805         173       28667       28814
Swap:          2147         438        1708
Total:        35595        4413        2514

              total        used        free      shared  buff/cache   available
Mem:          33447        3979         800         173       28667       28810
Swap:          2147         438        1708
Total:        35595        4417        2509

              total        used        free      shared  buff/cache   available
Mem:          33447        3980         799         173       28667       28808
Swap:          2147         438        1708
Total:        35595        4419        2507

              total        used        free      shared  buff/cache   available
Mem:          33447        3990         789         173       28667       28799
Swap:          2147         438        1708
Total:        35595        4429        2498

              total        used        free      shared  buff/cache   available
Mem:          33447        4006         773         173       28667       28783
Swap:          2147         438        1708
Total:        35595        4445        2482

              total        used        free      shared  buff/cache   available
Mem:          33447        3992         787         173       28667       28797
Swap:          2147         438        1708
Total:        35595        4431        2495

              total        used        free      shared  buff/cache   available
Mem:          33447        3995         783         173       28668       28794
Swap:          2147         438        1708
Total:        35595        4434        2492

              total        used        free      shared  buff/cache   available
Mem:          33447        3992         785         173       28669       28796
Swap:          2147         438        1708
Total:        35595        4431        2493

              total        used        free      shared  buff/cache   available
Mem:          33447        4008         769         173       28669       28780
Swap:          2147         438        1708
Total:        35595        4447        2477

              total        used        free      shared  buff/cache   available
Mem:          33447        3999         778         173       28669       28789
Swap:          2147         438        1708
Total:        35595        4438        2486

              total        used        free      shared  buff/cache   available
Mem:          33447        4000         777         173       28669       28789
Swap:          2147         438        1708
Total:        35595        4439        2486

              total        used        free      shared  buff/cache   available
Mem:          33447        3998         780         172       28668       28792
Swap:          2147         438        1708
Total:        35595        4437        2489

              total        used        free      shared  buff/cache   available
Mem:          33447        4001         777         172       28668       28788
Swap:          2147         438        1708
Total:        35595        4440        2486

              total        used        free      shared  buff/cache   available
Mem:          33447        3999         778         172       28668       28790
Swap:          2147         438        1708
Total:        35595        4438        2487

              total        used        free      shared  buff/cache   available
Mem:          33447        3980         797         172       28668       28809
Swap:          2147         438        1708
Total:        35595        4419        2506

              total        used        free      shared  buff/cache   available
Mem:          33447        3978         799         172       28670       28812
Swap:          2147         438        1708
Total:        35595        4417        2507

              total        used        free      shared  buff/cache   available
Mem:          33447        3987         790         172       28669       28802
Swap:          2147         438        1708
Total:        35595        4426        2498

              total        used        free      shared  buff/cache   available
Mem:          33447        3975         801         172       28669       28814
Swap:          2147         438        1708
Total:        35595        4414        2510

              total        used        free      shared  buff/cache   available
Mem:          33447        3973         803         173       28670       28816
Swap:          2147         438        1708
Total:        35595        4412        2512

              total        used        free      shared  buff/cache   available
Mem:          33447        4001         776         172       28669       28789
Swap:          2147         438        1708
Total:        35595        4440        2485

              total        used        free      shared  buff/cache   available
Mem:          33447        3986         790         172       28670       28804
Swap:          2147         438        1708
Total:        35595        4425        2499

              total        used        free      shared  buff/cache   available
Mem:          33447        4000         773         175       28673       28787
Swap:          2147         438        1708
Total:        35595        4439        2482

              total        used        free      shared  buff/cache   available
Mem:          33447        3974         799         176       28673       28813
Swap:          2147         438        1708
Total:        35595        4413        2508

              total        used        free      shared  buff/cache   available
Mem:          33447        3989         782         176       28675       28797
Swap:          2147         438        1708
Total:        35595        4428        2491

              total        used        free      shared  buff/cache   available
Mem:          33447        3989         783         175       28674       28797
Swap:          2147         438        1708
Total:        35595        4428        2491

              total        used        free      shared  buff/cache   available
Mem:          33447        4003         772         172       28671       28786
Swap:          2147         438        1708
Total:        35595        4442        2481

              total        used        free      shared  buff/cache   available
Mem:          33447        3998         777         172       28671       28791
Swap:          2147         438        1708
Total:        35595        4437        2485

              total        used        free      shared  buff/cache   available
Mem:          33447        4000         775         172       28671       28790
Swap:          2147         438        1708
Total:        35595        4438        2484

              total        used        free      shared  buff/cache   available
Mem:          33447        3962         815         170       28669       28830
Swap:          2147         438        1708
Total:        35595        4400        2524

              total        used        free      shared  buff/cache   available
Mem:          33447        3948         835         164       28663       28850
Swap:          2147         438        1708
Total:        35595        4387        2543

              total        used        free      shared  buff/cache   available
Mem:          33447        3942         840         164       28664       28856
Swap:          2147         438        1708
Total:        35595        4381        2549

              total        used        free      shared  buff/cache   available
Mem:          33447        3955         827         164       28664       28843
Swap:          2147         438        1708
Total:        35595        4394        2536

              total        used        free      shared  buff/cache   available
Mem:          33447        3962         820         164       28664       28836
Swap:          2147         438        1708
Total:        35595        4401        2529

              total        used        free      shared  buff/cache   available
Mem:          33447        3941         841         164       28665       28857
Swap:          2147         438        1708
Total:        35595        4379        2549

              total        used        free      shared  buff/cache   available
Mem:          33447        3936         845         164       28665       28862
Swap:          2147         438        1708
Total:        35595        4375        2554

              total        used        free      shared  buff/cache   available
Mem:          33447        3952         830         164       28665       28846
Swap:          2147         438        1708
Total:        35595        4391        2538

              total        used        free      shared  buff/cache   available
Mem:          33447        3954         827         164       28665       28844
Swap:          2147         438        1708
Total:        35595        4393        2536

              total        used        free      shared  buff/cache   available
Mem:          33447        3927         853         164       28665       28871
Swap:          2147         438        1708
Total:        35595        4366        2562

              total        used        free      shared  buff/cache   available
Mem:          33447        3940         837         164       28669       28858
Swap:          2147         438        1708
Total:        35595        4379        2546

              total        used        free      shared  buff/cache   available
Mem:          33447        3938         840         164       28668       28860
Swap:          2147         438        1708
Total:        35595        4376        2549

              total        used        free      shared  buff/cache   available
Mem:          33447        3957         821         164       28668       28841
Swap:          2147         438        1708
Total:        35595        4396        2530

              total        used        free      shared  buff/cache   available
Mem:          33447        3939         838         164       28669       28858
Swap:          2147         438        1708
Total:        35595        4378        2547

              total        used        free      shared  buff/cache   available
Mem:          33447        3939         838         164       28669       28858
Swap:          2147         438        1708
Total:        35595        4378        2547

              total        used        free      shared  buff/cache   available
Mem:          33447        3936         840         164       28670       28861
Swap:          2147         438        1708
Total:        35595        4375        2548

              total        used        free      shared  buff/cache   available
Mem:          33447        3945         831         164       28670       28852
Swap:          2147         438        1708
Total:        35595        4384        2540

              total        used        free      shared  buff/cache   available
Mem:          33447        3940         835         164       28670       28857
Swap:          2147         438        1708
Total:        35595        4379        2544

              total        used        free      shared  buff/cache   available
Mem:          33447        3959         816         164       28671       28838
Swap:          2147         438        1708
Total:        35595        4398        2525

              total        used        free      shared  buff/cache   available
Mem:          33447        3958         818         164       28670       28839
Swap:          2147         438        1708
Total:        35595        4397        2526

              total        used        free      shared  buff/cache   available
Mem:          33447        3938         838         164       28671       28860
Swap:          2147         438        1708
Total:        35595        4377        2546

              total        used        free      shared  buff/cache   available
Mem:          33447        3942         833         164       28671       28855
Swap:          2147         438        1708
Total:        35595        4381        2541

              total        used        free      shared  buff/cache   available
Mem:          33447        3944         832         164       28670       28853
Swap:          2147         438        1708
Total:        35595        4383        2540

              total        used        free      shared  buff/cache   available
Mem:          33447        3947         828         164       28671       28850
Swap:          2147         438        1708
Total:        35595        4386        2537

              total        used        free      shared  buff/cache   available
Mem:          33447        3926         846         168       28674       28868
Swap:          2147         438        1708
Total:        35595        4365        2554

              total        used        free      shared  buff/cache   available
Mem:          33447        3926         847         168       28674       28869
Swap:          2147         438        1708
Total:        35595        4364        2555

              total        used        free      shared  buff/cache   available
Mem:          33447        3927         845         168       28674       28867
Swap:          2147         438        1708
Total:        35595        4366        2554

              total        used        free      shared  buff/cache   available
Mem:          33447        3928         844         168       28674       28866
Swap:          2147         438        1708
Total:        35595        4367        2552

              total        used        free      shared  buff/cache   available
Mem:          33447        3826         949         164       28671       28971
Swap:          2147         438        1708
Total:        35595        4265        2657

              total        used        free      shared  buff/cache   available
Mem:          33447        3824         951         164       28671       28973
Swap:          2147         438        1708
Total:        35595        4263        2659

              total        used        free      shared  buff/cache   available
Mem:          33447        3825         950         164       28671       28972
Swap:          2147         438        1708
Total:        35595        4264        2658

              total        used        free      shared  buff/cache   available
Mem:          33447        3826         949         165       28671       28971
Swap:          2147         438        1708
Total:        35595        4265        2658

              total        used        free      shared  buff/cache   available
Mem:          33447        3827         948         164       28671       28970
Swap:          2147         438        1708
Total:        35595        4266        2656

              total        used        free      shared  buff/cache   available
Mem:          33447        3828         947         164       28671       28969
Swap:          2147         438        1708
Total:        35595        4267        2656

              total        used        free      shared  buff/cache   available
Mem:          33447        3829         946         164       28671       28968
Swap:          2147         438        1708
Total:        35595        4268        2655
