RESET
CPU laptop 1745507644 2025/04/24 18:14:04 629214 100 12 2327150 4943808 66975 146566820 178546 0 70710 0 0 19501 100 0 0
SEP
CPU laptop 1745507645 2025/04/24 18:14:05 1 100 12 122 76 0 990 0 0 2 0 0 18752 100 0 0
SEP
CPU laptop 1745507646 2025/04/24 18:14:06 1 100 12 121 76 0 989 0 0 3 0 0 18819 100 0 0
SEP
CPU laptop 1745507647 2025/04/24 18:14:07 1 100 12 115 77 0 996 6 0 0 0 0 18783 100 0 0
SEP
CPU laptop 1745507648 2025/04/24 18:14:08 1 100 12 178 183 0 816 3 0 0 0 0 19749 100 0 0
SEP
CPU laptop 1745507649 2025/04/24 18:14:09 1 100 12 170 203 0 813 0 0 0 0 0 20512 100 0 0
SEP
CPU laptop 1745507650 2025/04/24 18:14:10 1 100 12 161 167 0 862 0 0 1 0 0 17829 100 0 0
SEP
CPU laptop 1745507651 2025/04/24 18:14:11 1 100 12 128 71 0 987 1 0 1 0 0 19834 100 0 0
SEP
CPU laptop 1745507652 2025/04/24 18:14:12 1 100 12 160 136 0 892 3 0 0 0 0 19791 100 0 0
SEP
CPU laptop 1745507653 2025/04/24 18:14:13 1 100 12 133 79 0 973 2 0 2 0 0 19375 100 0 0
SEP
CPU laptop 1745507654 2025/04/24 18:14:14 1 100 12 152 163 0 869 0 0 1 0 0 17422 100 0 0
SEP
CPU laptop 1745507655 2025/04/24 18:14:15 1 100 12 184 258 1 711 21 0 1 0 0 19876 100 0 0
SEP
CPU laptop 1745507656 2025/04/24 18:14:16 1 100 12 171 226 1 754 22 0 2 0 0 18016 100 0 0
SEP
CPU laptop 1745507657 2025/04/24 18:14:17 1 100 12 164 243 1 747 21 0 1 0 0 35890 100 0 0
SEP
CPU laptop 1745507658 2025/04/24 18:14:18 1 100 12 158 271 0 725 16 0 1 0 0 47810 100 0 0
SEP
CPU laptop 1745507659 2025/04/24 18:14:19 1 100 12 162 210 2 774 22 0 1 0 0 25325 100 0 0
SEP
CPU laptop 1745507660 2025/04/24 18:14:20 1 100 12 164 246 1 740 24 0 0 0 0 27468 100 0 0
SEP
CPU laptop 1745507661 2025/04/24 18:14:21 1 100 12 175 250 1 734 16 0 1 0 0 21855 100 0 0
SEP
CPU laptop 1745507662 2025/04/24 18:14:22 1 100 12 162 310 1 682 17 0 2 0 0 20176 100 0 0
SEP
CPU laptop 1745507663 2025/04/24 18:14:23 1 100 12 180 219 1 747 26 0 1 0 0 16754 100 0 0
SEP
CPU laptop 1745507664 2025/04/24 18:14:24 1 100 12 153 204 1 787 20 0 1 0 0 29110 100 0 0
SEP
CPU laptop 1745507665 2025/04/24 18:14:25 1 100 12 149 316 1 698 15 0 1 0 0 47799 100 0 0
SEP
CPU laptop 1745507666 2025/04/24 18:14:26 1 100 12 157 207 1 784 24 0 1 0 0 27297 100 0 0
SEP
CPU laptop 1745507667 2025/04/24 18:14:27 1 100 12 171 200 2 781 25 0 1 0 0 32377 100 0 0
SEP
CPU laptop 1745507668 2025/04/24 18:14:28 1 100 12 147 241 0 776 17 0 2 0 0 24788 100 0 0
SEP
CPU laptop 1745507669 2025/04/24 18:14:29 1 100 12 145 280 1 730 20 0 1 0 0 18338 100 0 0
SEP
CPU laptop 1745507670 2025/04/24 18:14:30 1 100 12 159 198 1 785 31 0 3 0 0 38869 100 0 0
SEP
CPU laptop 1745507671 2025/04/24 18:14:31 1 100 12 148 240 1 772 16 0 1 0 0 47900 100 0 0
SEP
CPU laptop 1745507672 2025/04/24 18:14:32 1 100 12 151 226 0 775 21 0 1 0 0 18011 100 0 0
SEP
CPU laptop 1745507673 2025/04/24 18:14:33 1 100 12 162 196 2 794 25 0 2 0 0 26397 100 0 0
SEP
CPU laptop 1745507674 2025/04/24 18:14:34 1 100 12 143 193 1 821 17 0 2 0 0 23609 100 0 0
SEP
CPU laptop 1745507675 2025/04/24 18:14:35 1 100 12 144 320 1 694 21 0 1 0 0 18936 100 0 0
SEP
CPU laptop 1745507676 2025/04/24 18:14:36 1 100 12 181 198 1 774 26 0 2 0 0 34309 100 0 0
SEP
CPU laptop 1745507677 2025/04/24 18:14:37 1 100 12 181 242 1 740 16 0 1 0 0 47818 100 0 0
SEP
CPU laptop 1745507678 2025/04/24 18:14:38 1 100 12 169 270 1 712 24 0 0 0 0 23458 100 0 0
SEP
CPU laptop 1745507679 2025/04/24 18:14:39 1 100 12 183 234 2 734 26 0 2 0 0 21890 100 0 0
SEP
CPU laptop 1745507680 2025/04/24 18:14:40 1 100 12 150 235 1 778 18 0 1 0 0 47004 100 0 0
SEP
CPU laptop 1745507681 2025/04/24 18:14:41 1 100 12 150 239 1 766 21 0 2 0 0 21325 100 0 0
SEP
CPU laptop 1745507682 2025/04/24 18:14:42 1 100 12 165 194 1 790 26 0 2 0 0 28590 100 0 0
SEP
CPU laptop 1745507683 2025/04/24 18:14:43 1 100 12 150 218 1 788 17 0 0 0 0 19678 100 0 0
SEP
CPU laptop 1745507684 2025/04/24 18:14:44 1 100 12 162 305 1 691 19 0 2 0 0 23583 100 0 0
SEP
CPU laptop 1745507685 2025/04/24 18:14:45 1 100 12 163 194 1 790 27 0 1 0 0 39662 100 0 0
SEP
CPU laptop 1745507686 2025/04/24 18:14:46 1 100 12 146 218 1 800 18 0 2 0 0 47814 100 0 0
SEP
CPU laptop 1745507687 2025/04/24 18:14:47 1 100 12 149 323 1 685 18 0 2 0 0 23454 100 0 0
SEP
CPU laptop 1745507688 2025/04/24 18:14:48 1 100 12 163 197 2 786 30 0 1 0 0 33534 100 0 0
SEP
CPU laptop 1745507689 2025/04/24 18:14:49 1 100 12 151 197 1 810 18 0 0 0 0 20741 100 0 0
SEP
CPU laptop 1745507690 2025/04/24 18:14:50 1 100 12 144 274 1 745 17 0 1 0 0 17070 100 0 0
SEP
CPU laptop 1745507691 2025/04/24 18:14:51 1 100 12 166 211 1 776 28 0 1 0 0 21563 100 0 0
SEP
CPU laptop 1745507692 2025/04/24 18:14:52 1 100 12 149 190 1 817 18 0 2 0 0 24624 100 0 0
SEP
CPU laptop 1745507693 2025/04/24 18:14:53 1 100 12 147 286 1 729 19 0 1 0 0 16614 100 0 0
SEP
CPU laptop 1745507694 2025/04/24 18:14:54 1 100 12 165 205 2 778 26 0 2 0 0 23510 100 0 0
SEP
CPU laptop 1745507695 2025/04/24 18:14:55 1 100 12 148 186 1 824 20 0 1 0 0 23457 100 0 0
SEP
CPU laptop 1745507696 2025/04/24 18:14:56 1 100 12 148 286 1 725 18 0 2 0 0 16761 100 0 0
SEP
CPU laptop 1745507697 2025/04/24 18:14:57 1 100 12 156 194 1 798 27 0 2 0 0 22572 100 0 0
SEP
CPU laptop 1745507698 2025/04/24 18:14:58 1 100 12 159 225 1 768 21 0 1 0 0 35961 100 0 0
SEP
CPU laptop 1745507699 2025/04/24 18:14:59 1 100 12 152 189 0 820 17 0 2 0 0 20489 100 0 0
SEP
CPU laptop 1745507700 2025/04/24 18:15:00 1 100 12 148 318 1 696 18 0 1 0 0 28251 100 0 0
SEP
CPU laptop 1745507701 2025/04/24 18:15:01 1 100 12 162 204 2 783 27 0 2 0 0 43464 100 0 0
SEP
CPU laptop 1745507702 2025/04/24 18:15:02 1 100 12 158 205 1 793 24 0 1 0 0 26425 100 0 0
SEP
CPU laptop 1745507703 2025/04/24 18:15:03 1 100 12 143 278 1 739 18 0 0 0 0 22827 100 0 0
SEP
CPU laptop 1745507704 2025/04/24 18:15:04 1 100 12 167 204 1 777 32 0 2 0 0 23597 100 0 0
SEP
CPU laptop 1745507705 2025/04/24 18:15:05 1 100 12 151 183 1 819 17 0 1 0 0 23251 100 0 0
SEP
CPU laptop 1745507706 2025/04/24 18:15:06 1 100 12 153 306 1 700 19 0 2 0 0 23948 100 0 0
SEP
CPU laptop 1745507707 2025/04/24 18:15:07 1 100 12 171 210 1 762 28 0 2 0 0 42757 100 0 0
SEP
CPU laptop 1745507708 2025/04/24 18:15:08 1 100 12 151 191 1 820 18 0 1 0 0 23685 100 0 0
SEP
CPU laptop 1745507709 2025/04/24 18:15:09 1 100 12 158 276 1 717 29 0 1 0 0 47450 100 0 0
SEP
CPU laptop 1745507710 2025/04/24 18:15:10 1 100 12 156 194 1 800 27 0 1 0 0 24030 100 0 0
SEP
CPU laptop 1745507711 2025/04/24 18:15:11 1 100 12 158 249 2 747 23 0 1 0 0 31373 100 0 0
SEP
CPU laptop 1745507712 2025/04/24 18:15:12 1 100 12 151 209 1 797 20 0 1 0 0 34590 100 0 0
SEP
CPU laptop 1745507713 2025/04/24 18:15:13 1 100 12 148 252 1 751 23 0 0 0 0 20440 100 0 0
SEP
CPU laptop 1745507714 2025/04/24 18:15:14 1 100 12 165 188 2 796 25 0 2 0 0 34103 100 0 0
SEP
CPU laptop 1745507715 2025/04/24 18:15:15 1 100 12 148 231 1 782 16 0 1 0 0 47814 100 0 0
SEP
CPU laptop 1745507716 2025/04/24 18:15:16 1 100 12 152 275 1 730 22 0 2 0 0 16771 100 0 0
SEP
CPU laptop 1745507717 2025/04/24 18:15:17 1 100 12 168 186 1 797 25 0 2 0 0 26413 100 0 0
SEP
CPU laptop 1745507718 2025/04/24 18:15:18 1 100 12 146 234 1 778 18 0 1 0 0 46617 100 0 0
SEP
CPU laptop 1745507719 2025/04/24 18:15:19 1 100 12 162 236 1 754 23 0 1 0 0 17833 100 0 0
SEP
CPU laptop 1745507720 2025/04/24 18:15:20 1 100 12 157 184 1 807 28 0 2 0 0 30653 100 0 0
SEP
CPU laptop 1745507721 2025/04/24 18:15:21 1 100 12 143 271 1 748 17 0 1 0 0 47202 100 0 0
SEP
CPU laptop 1745507722 2025/04/24 18:15:22 1 100 12 152 200 1 801 27 0 2 0 0 18479 100 0 0
SEP
CPU laptop 1745507723 2025/04/24 18:15:23 1 100 12 158 203 1 785 28 0 1 0 0 25174 100 0 0
SEP
CPU laptop 1745507724 2025/04/24 18:15:24 1 100 12 148 198 2 820 17 0 1 0 0 29210 100 0 0
SEP
CPU laptop 1745507725 2025/04/24 18:15:25 1 100 12 158 303 1 700 19 0 0 0 0 19336 100 0 0
SEP
CPU laptop 1745507726 2025/04/24 18:15:26 1 100 12 169 208 1 770 27 0 2 0 0 26905 100 0 0
SEP
CPU laptop 1745507727 2025/04/24 18:15:27 1 100 12 156 189 0 811 21 0 2 0 0 29236 100 0 0
SEP
CPU laptop 1745507728 2025/04/24 18:15:28 1 100 12 147 239 1 778 18 0 1 0 0 45422 100 0 0
SEP
CPU laptop 1745507729 2025/04/24 18:15:29 1 100 12 153 272 1 733 17 0 1 0 0 22233 100 0 0
SEP
CPU laptop 1745507730 2025/04/24 18:15:30 1 100 12 167 216 1 760 26 0 1 0 0 42562 100 0 0
SEP
CPU laptop 1745507731 2025/04/24 18:15:31 1 100 12 111 156 0 893 11 0 1 0 0 20534 100 0 0
SEP
CPU laptop 1745507732 2025/04/24 18:15:32 1 100 12 87 44 0 1061 0 0 1 0 0 18560 100 0 0
SEP
CPU laptop 1745507733 2025/04/24 18:15:33 1 100 12 120 52 0 1025 0 0 0 0 0 18799 100 0 0
SEP
CPU laptop 1745507734 2025/04/24 18:15:34 1 100 12 180 126 0 883 0 0 0 0 0 20788 100 0 0
SEP
CPU laptop 1745507735 2025/04/24 18:15:35 1 100 12 144 152 0 900 0 0 2 0 0 18786 100 0 0
SEP
CPU laptop 1745507736 2025/04/24 18:15:36 1 100 12 143 152 0 895 1 0 1 0 0 18815 100 0 0
SEP
CPU laptop 1745507737 2025/04/24 18:15:37 1 100 12 131 68 0 998 1 0 0 0 0 20568 100 0 0
SEP
CPU laptop 1745507738 2025/04/24 18:15:38 1 100 12 168 137 0 885 3 0 0 0 0 20310 100 0 0
SEP
CPU laptop 1745507739 2025/04/24 18:15:39 1 100 12 119 52 0 1023 1 0 0 0 0 18517 100 0 0
SEP
CPU laptop 1745507740 2025/04/24 18:15:40 1 100 12 112 52 0 1031 2 0 0 0 0 19536 100 0 0
SEP
