531 
500 
506 
497 
482 
512 
520 
517 
532 
506 
550 
551 
516 
582 
463 
541 
538 
490 
544 
488 
541 
530 
586 
520 
445 
533 
483 
508 
574 
499 
465 
462 
494 
520 
512 
524 
449 
527 
506 
533 
525 
540 
581 
513 
523 
585 
554 
559 
529 
489 
579 
576 
581 
614 
604 
563 
580 
559 
542 
649 
514 
547 
554 
590 
543 
595 
596 
556 
659 
560 
596 
559 
589 
563 
543 
537 
551 
691 
570 
567 
534 
599 
537 
568 
567 
660 
551 
608 
510 
609 
529 
606 
551 
554 
598 
604 
575 
543 
657 
526 
