               total        used        free      shared  buff/cache   available
Mem:           14514        3782        1398         163        9334       10231
Swap:           2147           3        2144
Total:         16662        3785        3542

               total        used        free      shared  buff/cache   available
Mem:           14514        3782        1398         163        9334       10231
Swap:           2147           3        2144
Total:         16662        3785        3542

               total        used        free      shared  buff/cache   available
Mem:           14514        3785        1394         164        9334       10226
Swap:           2147           3        2144
Total:         16662        3789        3538

               total        used        free      shared  buff/cache   available
Mem:           14514        3781        1398         164        9334       10231
Swap:           2147           3        2144
Total:         16662        3784        3542

               total        used        free      shared  buff/cache   available
Mem:           14514        3884        1285         173        9344       10118
Swap:           2147           3        2144
Total:         16662        3887        3429

               total        used        free      shared  buff/cache   available
Mem:           14514        3964        1196         182        9353       10029
Swap:           2147           3        2144
Total:         16662        3967        3340

               total        used        free      shared  buff/cache   available
Mem:           14514        3969        1191         182        9353       10024
Swap:           2147           3        2144
Total:         16662        3973        3335

               total        used        free      shared  buff/cache   available
Mem:           14514        4103        1059         180        9352        9892
Swap:           2147           3        2144
Total:         16662        4106        3203

               total        used        free      shared  buff/cache   available
Mem:           14514        4049        1104         188        9360        9938
Swap:           2147           3        2144
Total:         16662        4052        3248

               total        used        free      shared  buff/cache   available
Mem:           14514        3999        1168         175        9346       10001
Swap:           2147           3        2144
Total:         16662        4003        3312

               total        used        free      shared  buff/cache   available
Mem:           14514        3995        1166         182        9353        9999
Swap:           2147           3        2144
Total:         16662        3998        3310

               total        used        free      shared  buff/cache   available
Mem:           14514        4075        1085         180        9353        9920
Swap:           2147           3        2144
Total:         16662        4079        3229

               total        used        free      shared  buff/cache   available
Mem:           14514        4053        1106         183        9354        9939
Swap:           2147           3        2144
Total:         16662        4056        3250

               total        used        free      shared  buff/cache   available
Mem:           14514        4100        1058         183        9355        9892
Swap:           2147           3        2144
Total:         16662        4103        3202

               total        used        free      shared  buff/cache   available
Mem:           14514        4083        1074         183        9356        9910
Swap:           2147           3        2144
Total:         16662        4086        3219

               total        used        free      shared  buff/cache   available
Mem:           14514        4073        1087         180        9353        9921
Swap:           2147           3        2144
Total:         16662        4077        3231

               total        used        free      shared  buff/cache   available
Mem:           14514        4088        1072         181        9354        9907
Swap:           2147           3        2144
Total:         16662        4091        3216

               total        used        free      shared  buff/cache   available
Mem:           14514        4082        1076         182        9356        9912
Swap:           2147           3        2144
Total:         16662        4085        3220

               total        used        free      shared  buff/cache   available
Mem:           14514        4108        1050         180        9355        9887
Swap:           2147           3        2144
Total:         16662        4111        3194

               total        used        free      shared  buff/cache   available
Mem:           14514        4066        1093         180        9354        9929
Swap:           2147           3        2144
Total:         16662        4069        3237

               total        used        free      shared  buff/cache   available
Mem:           14514        4083        1079         177        9351        9915
Swap:           2147           3        2144
Total:         16662        4086        3223

               total        used        free      shared  buff/cache   available
Mem:           14514        4077        1083         177        9352        9920
Swap:           2147           3        2144
Total:         16662        4081        3227

               total        used        free      shared  buff/cache   available
Mem:           14514        4046        1115         177        9352        9952
Swap:           2147           3        2144
Total:         16662        4050        3259

               total        used        free      shared  buff/cache   available
Mem:           14514        4077        1084         177        9352        9921
Swap:           2147           3        2144
Total:         16662        4081        3228

               total        used        free      shared  buff/cache   available
Mem:           14514        4079        1076         182        9358        9914
Swap:           2147           3        2144
Total:         16662        4082        3221

               total        used        free      shared  buff/cache   available
Mem:           14514        4053        1106         178        9354        9944
Swap:           2147           3        2144
Total:         16662        4056        3250

               total        used        free      shared  buff/cache   available
Mem:           14514        4046        1113         178        9354        9951
Swap:           2147           3        2144
Total:         16662        4049        3257

               total        used        free      shared  buff/cache   available
Mem:           14514        4045        1116         175        9352        9955
Swap:           2147           3        2144
Total:         16662        4048        3260

               total        used        free      shared  buff/cache   available
Mem:           14514        4029        1132         175        9352        9971
Swap:           2147           3        2144
Total:         16662        4032        3276

               total        used        free      shared  buff/cache   available
Mem:           14514        4068        1093         176        9352        9931
Swap:           2147           3        2144
Total:         16662        4072        3237

               total        used        free      shared  buff/cache   available
Mem:           14514        4044        1116         176        9353        9955
Swap:           2147           3        2144
Total:         16662        4048        3260

               total        used        free      shared  buff/cache   available
Mem:           14514        4049        1111         176        9353        9951
Swap:           2147           3        2144
Total:         16662        4053        3255

               total        used        free      shared  buff/cache   available
Mem:           14514        4071        1086         178        9356        9926
Swap:           2147           3        2144
Total:         16662        4075        3230

               total        used        free      shared  buff/cache   available
Mem:           14514        4101        1052         181        9361        9893
Swap:           2147           3        2144
Total:         16662        4104        3196

               total        used        free      shared  buff/cache   available
Mem:           14514        4078        1069         187        9366        9910
Swap:           2147           3        2144
Total:         16662        4082        3213

               total        used        free      shared  buff/cache   available
Mem:           14514        4104        1049         182        9361        9890
Swap:           2147           3        2144
Total:         16662        4107        3193

               total        used        free      shared  buff/cache   available
Mem:           14514        4122        1032         179        9359        9874
Swap:           2147           3        2144
Total:         16662        4126        3176

               total        used        free      shared  buff/cache   available
Mem:           14514        4094        1060         179        9359        9902
Swap:           2147           3        2144
Total:         16662        4098        3204

               total        used        free      shared  buff/cache   available
Mem:           14514        4102        1053         179        9359        9895
Swap:           2147           3        2144
Total:         16662        4105        3197

               total        used        free      shared  buff/cache   available
Mem:           14514        4095        1059         179        9360        9902
Swap:           2147           3        2144
Total:         16662        4098        3203

               total        used        free      shared  buff/cache   available
Mem:           14514        4069        1084         179        9360        9927
Swap:           2147           3        2144
Total:         16662        4073        3228

               total        used        free      shared  buff/cache   available
Mem:           14514        4076        1077         179        9360        9920
Swap:           2147           3        2144
Total:         16662        4080        3221

               total        used        free      shared  buff/cache   available
Mem:           14514        4061        1091         179        9361        9935
Swap:           2147           3        2144
Total:         16662        4065        3235

               total        used        free      shared  buff/cache   available
Mem:           14514        4014        1138         179        9361        9982
Swap:           2147           3        2144
Total:         16662        4018        3282

               total        used        free      shared  buff/cache   available
Mem:           14514        4007        1146         179        9361        9990
Swap:           2147           3        2144
Total:         16662        4010        3290

               total        used        free      shared  buff/cache   available
Mem:           14514        4103        1049         179        9361        9894
Swap:           2147           3        2144
Total:         16662        4106        3193

               total        used        free      shared  buff/cache   available
Mem:           14514        4128        1024         179        9362        9869
Swap:           2147           3        2144
Total:         16662        4131        3168

               total        used        free      shared  buff/cache   available
Mem:           14514        4100        1052         179        9361        9896
Swap:           2147           3        2144
Total:         16662        4104        3196

               total        used        free      shared  buff/cache   available
Mem:           14514        4108        1044         179        9362        9889
Swap:           2147           3        2144
Total:         16662        4111        3188

               total        used        free      shared  buff/cache   available
Mem:           14514        4102        1047         181        9365        9893
Swap:           2147           3        2144
Total:         16662        4105        3191

               total        used        free      shared  buff/cache   available
Mem:           14514        4083        1066         181        9364        9911
Swap:           2147           3        2144
Total:         16662        4086        3210

               total        used        free      shared  buff/cache   available
Mem:           14514        4070        1081         179        9363        9927
Swap:           2147           3        2144
Total:         16662        4073        3225

               total        used        free      shared  buff/cache   available
Mem:           14514        4076        1074         179        9364        9921
Swap:           2147           3        2144
Total:         16662        4079        3218

               total        used        free      shared  buff/cache   available
Mem:           14514        4071        1079         179        9363        9926
Swap:           2147           3        2144
Total:         16662        4074        3223

               total        used        free      shared  buff/cache   available
Mem:           14514        4081        1069         179        9363        9916
Swap:           2147           3        2144
Total:         16662        4084        3213

               total        used        free      shared  buff/cache   available
Mem:           14514        4096        1054         179        9364        9901
Swap:           2147           3        2144
Total:         16662        4099        3198

               total        used        free      shared  buff/cache   available
Mem:           14514        4109        1038         181        9367        9886
Swap:           2147           3        2144
Total:         16662        4112        3182

               total        used        free      shared  buff/cache   available
Mem:           14514        4096        1050         181        9366        9898
Swap:           2147           3        2144
Total:         16662        4100        3194

               total        used        free      shared  buff/cache   available
Mem:           14514        4077        1072         179        9365        9920
Swap:           2147           3        2144
Total:         16662        4080        3216

               total        used        free      shared  buff/cache   available
Mem:           14514        4080        1068         179        9366        9917
Swap:           2147           3        2144
Total:         16662        4083        3212

               total        used        free      shared  buff/cache   available
Mem:           14514        4113        1035         179        9365        9884
Swap:           2147           3        2144
Total:         16662        4116        3179

               total        used        free      shared  buff/cache   available
Mem:           14514        4105        1042         179        9366        9892
Swap:           2147           3        2144
Total:         16662        4108        3186

               total        used        free      shared  buff/cache   available
Mem:           14514        4055        1088         182        9370        9938
Swap:           2147           3        2144
Total:         16662        4059        3232

               total        used        free      shared  buff/cache   available
Mem:           14514        4053        1091         182        9369        9940
Swap:           2147           3        2144
Total:         16662        4057        3235

               total        used        free      shared  buff/cache   available
Mem:           14514        4072        1071         182        9370        9921
Swap:           2147           3        2144
Total:         16662        4075        3215

               total        used        free      shared  buff/cache   available
Mem:           14514        4043        1093         181        9378        9952
Swap:           2147           3        2144
Total:         16662        4046        3237

               total        used        free      shared  buff/cache   available
Mem:           14514        4048        1088         181        9378        9946
Swap:           2147           3        2144
Total:         16662        4051        3232

               total        used        free      shared  buff/cache   available
Mem:           14514        4072        1065         179        9376        9924
Swap:           2147           3        2144
Total:         16662        4076        3209

               total        used        free      shared  buff/cache   available
Mem:           14514        4079        1057         179        9377        9917
Swap:           2147           3        2144
Total:         16662        4082        3201

               total        used        free      shared  buff/cache   available
Mem:           14514        4069        1068         179        9376        9928
Swap:           2147           3        2144
Total:         16662        4072        3212

               total        used        free      shared  buff/cache   available
Mem:           14514        4070        1066         179        9377        9926
Swap:           2147           3        2144
Total:         16662        4074        3210

               total        used        free      shared  buff/cache   available
Mem:           14514        4082        1053         179        9378        9914
Swap:           2147           3        2144
Total:         16662        4085        3197

               total        used        free      shared  buff/cache   available
Mem:           14514        4069        1067         179        9377        9927
Swap:           2147           3        2144
Total:         16662        4072        3211

               total        used        free      shared  buff/cache   available
Mem:           14514        4081        1055         179        9378        9915
Swap:           2147           3        2144
Total:         16662        4084        3199

               total        used        free      shared  buff/cache   available
Mem:           14514        4086        1049         179        9379        9911
Swap:           2147           3        2144
Total:         16662        4089        3193

               total        used        free      shared  buff/cache   available
Mem:           14514        4044        1091         179        9378        9952
Swap:           2147           3        2144
Total:         16662        4047        3235

               total        used        free      shared  buff/cache   available
Mem:           14514        4067        1067         179        9379        9929
Swap:           2147           3        2144
Total:         16662        4071        3211

               total        used        free      shared  buff/cache   available
Mem:           14514        4084        1050         179        9380        9913
Swap:           2147           3        2144
Total:         16662        4087        3194

               total        used        free      shared  buff/cache   available
Mem:           14514        4037        1097         179        9379        9959
Swap:           2147           3        2144
Total:         16662        4041        3241

               total        used        free      shared  buff/cache   available
Mem:           14514        4062        1072         179        9380        9935
Swap:           2147           3        2144
Total:         16662        4065        3216

               total        used        free      shared  buff/cache   available
Mem:           14514        4061        1072         179        9380        9935
Swap:           2147           3        2144
Total:         16662        4064        3216

               total        used        free      shared  buff/cache   available
Mem:           14514        4065        1065         181        9383        9929
Swap:           2147           3        2144
Total:         16662        4069        3209

               total        used        free      shared  buff/cache   available
Mem:           14514        4049        1083         180        9382        9946
Swap:           2147           3        2144
Total:         16662        4052        3227

               total        used        free      shared  buff/cache   available
Mem:           14514        4052        1081         178        9380        9945
Swap:           2147           3        2144
Total:         16662        4055        3226

               total        used        free      shared  buff/cache   available
Mem:           14514        4105        1027         178        9381        9892
Swap:           2147           3        2144
Total:         16662        4108        3171

               total        used        free      shared  buff/cache   available
Mem:           14514        4116        1016         178        9381        9881
Swap:           2147           3        2144
Total:         16662        4119        3160

               total        used        free      shared  buff/cache   available
Mem:           14514        4083        1049         178        9381        9914
Swap:           2147           3        2144
Total:         16662        4087        3193

               total        used        free      shared  buff/cache   available
Mem:           14514        4056        1077         178        9381        9941
Swap:           2147           3        2144
Total:         16662        4059        3221

               total        used        free      shared  buff/cache   available
Mem:           14514        4037        1096         178        9381        9960
Swap:           2147           3        2144
Total:         16662        4040        3240

               total        used        free      shared  buff/cache   available
Mem:           14514        4034        1099         178        9381        9963
Swap:           2147           3        2144
Total:         16662        4037        3243

               total        used        free      shared  buff/cache   available
Mem:           14514        3990        1142         178        9381       10006
Swap:           2147           3        2144
Total:         16662        3994        3286

               total        used        free      shared  buff/cache   available
Mem:           14514        4037        1095         178        9381        9960
Swap:           2147           3        2144
Total:         16662        4040        3239

               total        used        free      shared  buff/cache   available
Mem:           14514        4020        1112         178        9381        9977
Swap:           2147           3        2144
Total:         16662        4024        3256

               total        used        free      shared  buff/cache   available
Mem:           14514        4083        1046         181        9384        9911
Swap:           2147           3        2144
Total:         16662        4087        3190

               total        used        free      shared  buff/cache   available
Mem:           14514        4074        1037         181        9403        9920
Swap:           2147           3        2144
Total:         16662        4077        3181

               total        used        free      shared  buff/cache   available
Mem:           14514        4037        1094         179        9381        9959
Swap:           2147           3        2144
Total:         16662        4041        3238

               total        used        free      shared  buff/cache   available
Mem:           14514        4025        1110         176        9378        9975
Swap:           2147           3        2144
Total:         16662        4028        3254
