RESET
CPU yadrolab-wp11 1745510929 2025/04/24 19:08:49 2097552 100 24 14687078 20243651 1142855 4993819896 149971 0 15753 0 0 79953 100 0 0
SEP
CPU yadrolab-wp11 1745510930 2025/04/24 19:08:50 1 100 24 13 7 1 2377 0 0 0 0 0 77765 100 0 0
SEP
CPU yadrolab-wp11 1745510931 2025/04/24 19:08:51 1 100 24 14 5 1 2374 0 0 0 0 0 76901 100 0 0
SEP
CPU yadrolab-wp11 1745510932 2025/04/24 19:08:52 1 100 24 12 8 3 2374 0 0 0 0 0 74436 100 0 0
SEP
CPU yadrolab-wp11 1745510933 2025/04/24 19:08:53 1 100 24 13 7 1 2374 0 0 0 0 0 74052 100 0 0
SEP
CPU yadrolab-wp11 1745510934 2025/04/24 19:08:54 1 100 24 19 6 1 2371 0 0 0 0 0 75876 100 0 0
SEP
CPU yadrolab-wp11 1745510935 2025/04/24 19:08:55 1 100 24 15 8 2 2373 0 0 0 0 0 76679 100 0 0
SEP
CPU yadrolab-wp11 1745510936 2025/04/24 19:08:56 1 100 24 14 7 2 2374 0 0 0 0 0 76640 100 0 0
SEP
CPU yadrolab-wp11 1745510937 2025/04/24 19:08:57 1 100 24 12 8 1 2375 0 0 0 0 0 76595 100 0 0
SEP
CPU yadrolab-wp11 1745510938 2025/04/24 19:08:58 1 100 24 16 3 2 2376 0 0 0 0 0 76699 100 0 0
SEP
CPU yadrolab-wp11 1745510939 2025/04/24 19:08:59 1 100 24 13 9 1 2372 0 0 0 0 0 75685 100 0 0
SEP
CPU yadrolab-wp11 1745510940 2025/04/24 19:09:00 1 100 24 71 513 7 1796 3 0 1 0 0 77738 100 0 0
SEP
CPU yadrolab-wp11 1745510941 2025/04/24 19:09:01 1 100 24 98 357 11 1903 3 0 0 0 0 70427 100 0 0
SEP
CPU yadrolab-wp11 1745510942 2025/04/24 19:09:02 1 100 24 68 497 4 1805 2 0 0 0 0 77527 100 0 0
SEP
CPU yadrolab-wp11 1745510943 2025/04/24 19:09:03 1 100 24 68 513 4 1789 4 0 0 0 0 84062 100 0 0
SEP
CPU yadrolab-wp11 1745510944 2025/04/24 19:09:04 1 100 24 72 313 2 1969 5 0 0 0 0 73868 100 0 0
SEP
CPU yadrolab-wp11 1745510945 2025/04/24 19:09:05 1 100 24 67 509 3 1811 6 0 0 0 0 74207 100 0 0
SEP
CPU yadrolab-wp11 1745510946 2025/04/24 19:09:06 1 100 24 70 503 3 1797 2 0 0 0 0 77423 100 0 0
SEP
CPU yadrolab-wp11 1745510947 2025/04/24 19:09:07 1 100 24 97 391 9 1883 3 0 0 0 0 107868 100 0 0
SEP
CPU yadrolab-wp11 1745510948 2025/04/24 19:09:08 1 100 24 86 439 10 1826 2 0 0 0 0 77283 100 0 0
SEP
CPU yadrolab-wp11 1745510949 2025/04/24 19:09:09 1 100 24 71 509 5 1795 2 0 1 0 0 77092 100 0 0
SEP
CPU yadrolab-wp11 1745510950 2025/04/24 19:09:10 1 100 24 91 381 4 1881 3 0 0 0 0 107914 100 0 0
SEP
CPU yadrolab-wp11 1745510951 2025/04/24 19:09:11 1 100 24 123 540 4 1718 3 0 0 0 0 76610 100 0 0
SEP
CPU yadrolab-wp11 1745510952 2025/04/24 19:09:12 1 100 24 59 476 3 1838 2 0 0 0 0 77554 100 0 0
SEP
CPU yadrolab-wp11 1745510953 2025/04/24 19:09:13 1 100 24 76 426 6 1880 3 0 0 0 0 107811 100 0 0
SEP
CPU yadrolab-wp11 1745510954 2025/04/24 19:09:14 1 100 24 75 406 5 1886 4 0 0 0 0 83434 100 0 0
SEP
CPU yadrolab-wp11 1745510955 2025/04/24 19:09:15 1 100 24 57 500 2 1826 4 0 0 0 0 77627 100 0 0
SEP
CPU yadrolab-wp11 1745510956 2025/04/24 19:09:16 1 100 24 74 480 3 1814 11 0 0 0 0 82068 100 0 0
SEP
CPU yadrolab-wp11 1745510957 2025/04/24 19:09:17 1 100 24 68 335 4 1963 5 0 0 0 0 77454 100 0 0
SEP
CPU yadrolab-wp11 1745510958 2025/04/24 19:09:18 1 100 24 94 553 4 1724 5 0 1 0 0 85426 100 0 0
SEP
CPU yadrolab-wp11 1745510959 2025/04/24 19:09:19 1 100 24 65 500 4 1805 6 0 0 0 0 77490 100 0 0
SEP
CPU yadrolab-wp11 1745510960 2025/04/24 19:09:20 1 100 24 84 322 4 1940 19 0 0 0 0 58104 100 0 0
SEP
CPU yadrolab-wp11 1745510961 2025/04/24 19:09:21 1 100 24 107 570 4 1693 12 0 0 0 0 77280 100 0 0
SEP
CPU yadrolab-wp11 1745510962 2025/04/24 19:09:22 1 100 24 94 339 3 1930 16 0 0 0 0 52935 100 0 0
SEP
CPU yadrolab-wp11 1745510963 2025/04/24 19:09:23 1 100 24 103 551 4 1716 12 0 0 0 0 77072 100 0 0
SEP
CPU yadrolab-wp11 1745510964 2025/04/24 19:09:24 1 100 24 113 352 6 1902 9 0 0 0 0 71567 100 0 0
SEP
CPU yadrolab-wp11 1745510965 2025/04/24 19:09:25 1 100 24 74 534 4 1774 9 0 0 0 0 77195 100 0 0
SEP
CPU yadrolab-wp11 1745510966 2025/04/24 19:09:26 1 100 24 106 370 4 1891 15 0 0 0 0 76622 100 0 0
SEP
CPU yadrolab-wp11 1745510967 2025/04/24 19:09:27 1 100 24 61 491 2 1807 9 0 0 0 0 80435 100 0 0
SEP
CPU yadrolab-wp11 1745510968 2025/04/24 19:09:28 1 100 24 101 349 6 1893 9 0 1 0 0 75451 100 0 0
SEP
CPU yadrolab-wp11 1745510969 2025/04/24 19:09:29 1 100 24 46 477 16 1826 11 0 0 0 0 77586 100 0 0
SEP
CPU yadrolab-wp11 1745510970 2025/04/24 19:09:30 1 100 24 90 309 11 1957 20 0 0 0 0 76875 100 0 0
SEP
CPU yadrolab-wp11 1745510971 2025/04/24 19:09:31 1 100 24 84 518 5 1772 5 0 0 0 0 64943 100 0 0
SEP
CPU yadrolab-wp11 1745510972 2025/04/24 19:09:32 1 100 24 114 503 8 1743 10 0 1 0 0 107787 100 0 0
SEP
CPU yadrolab-wp11 1745510973 2025/04/24 19:09:33 1 100 24 69 349 85 1861 19 0 0 0 0 79133 100 0 0
SEP
CPU yadrolab-wp11 1745510974 2025/04/24 19:09:34 1 100 24 92 507 5 1785 4 0 0 0 0 74559 100 0 0
SEP
CPU yadrolab-wp11 1745510975 2025/04/24 19:09:35 1 100 24 105 371 9 1862 24 0 0 0 0 75714 100 0 0
SEP
CPU yadrolab-wp11 1745510976 2025/04/24 19:09:36 1 100 24 66 450 40 1804 21 0 0 0 0 78211 100 0 0
SEP
CPU yadrolab-wp11 1745510977 2025/04/24 19:09:37 1 100 24 75 288 11 1954 46 0 0 0 0 75967 100 0 0
SEP
CPU yadrolab-wp11 1745510978 2025/04/24 19:09:38 1 100 24 62 498 3 1817 8 0 0 0 0 77162 100 0 0
SEP
CPU yadrolab-wp11 1745510979 2025/04/24 19:09:39 1 100 24 97 357 5 1904 10 0 0 0 0 76511 100 0 0
SEP
CPU yadrolab-wp11 1745510980 2025/04/24 19:09:40 1 100 24 87 506 3 1793 3 0 0 0 0 76845 100 0 0
SEP
CPU yadrolab-wp11 1745510981 2025/04/24 19:09:41 1 100 24 109 391 6 1857 27 0 0 0 0 76590 100 0 0
SEP
CPU yadrolab-wp11 1745510982 2025/04/24 19:09:42 1 100 24 68 502 3 1795 10 0 0 0 0 75304 100 0 0
SEP
CPU yadrolab-wp11 1745510983 2025/04/24 19:09:43 1 100 24 108 356 4 1907 6 0 0 0 0 77480 100 0 0
SEP
CPU yadrolab-wp11 1745510984 2025/04/24 19:09:44 1 100 24 78 524 4 1783 13 0 0 0 0 78004 100 0 0
SEP
CPU yadrolab-wp11 1745510985 2025/04/24 19:09:45 1 100 24 121 391 7 1852 21 0 0 0 0 74664 100 0 0
SEP
CPU yadrolab-wp11 1745510986 2025/04/24 19:09:46 1 100 24 82 504 6 1780 2 0 1 0 0 69087 100 0 0
SEP
CPU yadrolab-wp11 1745510987 2025/04/24 19:09:47 1 100 24 66 305 3 1985 15 0 0 0 0 77210 100 0 0
SEP
CPU yadrolab-wp11 1745510988 2025/04/24 19:09:48 1 100 24 75 521 5 1763 11 0 0 0 0 76843 100 0 0
SEP
CPU yadrolab-wp11 1745510989 2025/04/24 19:09:49 1 100 24 104 504 3 1767 10 0 0 0 0 82170 100 0 0
SEP
CPU yadrolab-wp11 1745510990 2025/04/24 19:09:50 1 100 24 85 379 6 1919 10 0 0 0 0 76516 100 0 0
SEP
CPU yadrolab-wp11 1745510991 2025/04/24 19:09:51 1 100 24 65 508 2 1799 5 0 0 0 0 74767 100 0 0
SEP
CPU yadrolab-wp11 1745510992 2025/04/24 19:09:52 1 100 24 117 371 4 1887 14 0 0 0 0 73324 100 0 0
SEP
CPU yadrolab-wp11 1745510993 2025/04/24 19:09:53 1 100 24 89 517 4 1775 6 0 0 0 0 77398 100 0 0
SEP
CPU yadrolab-wp11 1745510994 2025/04/24 19:09:54 1 100 24 114 525 4 1722 11 0 0 0 0 82938 100 0 0
SEP
CPU yadrolab-wp11 1745510995 2025/04/24 19:09:55 1 100 24 94 358 1 1909 17 0 0 0 0 76367 100 0 0
SEP
CPU yadrolab-wp11 1745510996 2025/04/24 19:09:56 1 100 24 70 501 2 1800 6 0 0 0 0 77450 100 0 0
SEP
CPU yadrolab-wp11 1745510997 2025/04/24 19:09:57 1 100 24 106 346 6 1905 7 0 0 0 0 75920 100 0 0
SEP
CPU yadrolab-wp11 1745510998 2025/04/24 19:09:58 1 100 24 69 515 3 1779 3 0 1 0 0 74268 100 0 0
SEP
CPU yadrolab-wp11 1745510999 2025/04/24 19:09:59 1 100 24 73 505 11 1778 6 0 0 0 0 78068 100 0 0
SEP
CPU yadrolab-wp11 1745511000 2025/04/24 19:10:00 1 100 24 134 370 15 1867 9 0 0 0 0 75508 100 0 0
SEP
CPU yadrolab-wp11 1745511001 2025/04/24 19:10:01 1 100 24 80 500 4 1791 11 0 0 0 0 74410 100 0 0
SEP
CPU yadrolab-wp11 1745511002 2025/04/24 19:10:02 1 100 24 74 284 4 1992 24 0 0 0 0 77281 100 0 0
SEP
CPU yadrolab-wp11 1745511003 2025/04/24 19:10:03 1 100 24 12 7 4 2371 0 0 0 0 0 75225 100 0 0
SEP
CPU yadrolab-wp11 1745511004 2025/04/24 19:10:04 1 100 24 14 8 1 2373 0 0 0 0 0 75937 100 0 0
SEP
CPU yadrolab-wp11 1745511005 2025/04/24 19:10:05 1 100 24 15 5 1 2374 0 0 0 0 0 76461 100 0 0
SEP
CPU yadrolab-wp11 1745511006 2025/04/24 19:10:06 1 100 24 26 13 0 2351 0 0 0 0 0 76344 100 0 0
SEP
CPU yadrolab-wp11 1745511007 2025/04/24 19:10:07 1 100 24 13 5 4 2374 1 0 0 0 0 76557 100 0 0
SEP
CPU yadrolab-wp11 1745511008 2025/04/24 19:10:08 1 100 24 14 4 1 2376 0 0 0 0 0 76539 100 0 0
SEP
CPU yadrolab-wp11 1745511009 2025/04/24 19:10:09 1 100 24 14 4 2 2376 0 0 0 0 0 76674 100 0 0
SEP
CPU yadrolab-wp11 1745511010 2025/04/24 19:10:10 1 100 24 18 4 1 2373 0 0 0 0 0 76363 100 0 0
SEP
CPU yadrolab-wp11 1745511011 2025/04/24 19:10:11 1 100 24 12 5 0 2374 0 0 0 0 0 77109 100 0 0
SEP
