581 
586 
655 
585 
648 
588 
596 
574 
587 
555 
570 
577 
575 
622 
579 
577 
635 
596 
609 
608 
602 
572 
607 
653 
597 
604 
587 
566 
558 
540 
511 
585 
595 
675 
725 
681 
632 
659 
660 
650 
603 
642 
711 
688 
666 
664 
639 
661 
617 
671 
654 
596 
640 
652 
584 
599 
608 
627 
610 
820 
698 
647 
650 
632 
681 
609 
690 
650 
660 
649 
674 
691 
693 
658 
627 
635 
605 
677 
588 
655 
607 
607 
608 
642 
678 
613 
639 
668 
663 
681 
584 
621 
583 
581 
595 
586 
601 
644 
819 
688 
