              total        used        free      shared  buff/cache   available
Mem:          33447        3918        1266         160       28263       28872
Swap:          2147         438        1708
Total:        35595        4356        2974

              total        used        free      shared  buff/cache   available
Mem:          33447        3921        1262         160       28263       28869
Swap:          2147         438        1708
Total:        35595        4359        2971

              total        used        free      shared  buff/cache   available
Mem:          33447        3923        1260         160       28263       28866
Swap:          2147         438        1708
Total:        35595        4362        2969

              total        used        free      shared  buff/cache   available
Mem:          33447        3923        1260         160       28263       28866
Swap:          2147         438        1708
Total:        35595        4362        2969

              total        used        free      shared  buff/cache   available
Mem:          33447        3926        1257         160       28263       28863
Swap:          2147         438        1708
Total:        35595        4365        2966

              total        used        free      shared  buff/cache   available
Mem:          33447        3924        1259         160       28263       28865
Swap:          2147         438        1708
Total:        35595        4363        2968

              total        used        free      shared  buff/cache   available
Mem:          33447        3922        1261         160       28263       28867
Swap:          2147         438        1708
Total:        35595        4361        2970

              total        used        free      shared  buff/cache   available
Mem:          33447        3924        1259         160       28263       28866
Swap:          2147         438        1708
Total:        35595        4362        2968

              total        used        free      shared  buff/cache   available
Mem:          33447        3908        1275         160       28263       28881
Swap:          2147         438        1708
Total:        35595        4346        2984

              total        used        free      shared  buff/cache   available
Mem:          33447        3908        1275         160       28263       28882
Swap:          2147         438        1708
Total:        35595        4346        2984

              total        used        free      shared  buff/cache   available
Mem:          33447        3909        1274         160       28263       28880
Swap:          2147         438        1708
Total:        35595        4348        2982

              total        used        free      shared  buff/cache   available
Mem:          33447        4020        1157         163       28268       28765
Swap:          2147         438        1708
Total:        35595        4459        2866

              total        used        free      shared  buff/cache   available
Mem:          33447        4030        1148         163       28268       28756
Swap:          2147         438        1708
Total:        35595        4468        2857

              total        used        free      shared  buff/cache   available
Mem:          33447        4021        1155         163       28270       28765
Swap:          2147         438        1708
Total:        35595        4460        2864

              total        used        free      shared  buff/cache   available
Mem:          33447        4054        1124         163       28268       28732
Swap:          2147         438        1708
Total:        35595        4492        2833

              total        used        free      shared  buff/cache   available
Mem:          33447        4031        1149         160       28265       28758
Swap:          2147         438        1708
Total:        35595        4470        2858

              total        used        free      shared  buff/cache   available
Mem:          33447        4032        1148         160       28266       28757
Swap:          2147         438        1708
Total:        35595        4470        2857

              total        used        free      shared  buff/cache   available
Mem:          33447        4035        1144         160       28268       28754
Swap:          2147         438        1708
Total:        35595        4473        2852

              total        used        free      shared  buff/cache   available
Mem:          33447        4018        1162         160       28267       28771
Swap:          2147         438        1708
Total:        35595        4456        2870

              total        used        free      shared  buff/cache   available
Mem:          33447        4022        1156         160       28267       28766
Swap:          2147         438        1708
Total:        35595        4461        2865

              total        used        free      shared  buff/cache   available
Mem:          33447        4000        1177         160       28269       28789
Swap:          2147         438        1708
Total:        35595        4438        2886

              total        used        free      shared  buff/cache   available
Mem:          33447        4016        1162         160       28268       28772
Swap:          2147         438        1708
Total:        35595        4455        2871

              total        used        free      shared  buff/cache   available
Mem:          33447        4012        1165         160       28268       28777
Swap:          2147         438        1708
Total:        35595        4451        2874

              total        used        free      shared  buff/cache   available
Mem:          33447        4009        1167         160       28270       28780
Swap:          2147         438        1708
Total:        35595        4447        2876

              total        used        free      shared  buff/cache   available
Mem:          33447        3918        1261         158       28267       28873
Swap:          2147         438        1708
Total:        35595        4357        2970

              total        used        free      shared  buff/cache   available
Mem:          33447        3906        1276         155       28264       28889
Swap:          2147         438        1708
Total:        35595        4344        2985

              total        used        free      shared  buff/cache   available
Mem:          33447        3908        1272         155       28266       28887
Swap:          2147         438        1708
Total:        35595        4346        2981

              total        used        free      shared  buff/cache   available
Mem:          33447        3926        1255         155       28265       28869
Swap:          2147         438        1708
Total:        35595        4364        2964

              total        used        free      shared  buff/cache   available
Mem:          33447        3914        1267         155       28265       28881
Swap:          2147         438        1708
Total:        35595        4352        2976

              total        used        free      shared  buff/cache   available
Mem:          33447        3915        1266         155       28265       28880
Swap:          2147         438        1708
Total:        35595        4354        2975

              total        used        free      shared  buff/cache   available
Mem:          33447        3904        1275         155       28267       28891
Swap:          2147         438        1708
Total:        35595        4342        2984

              total        used        free      shared  buff/cache   available
Mem:          33447        3903        1278         155       28265       28892
Swap:          2147         438        1708
Total:        35595        4342        2987

              total        used        free      shared  buff/cache   available
Mem:          33447        3955        1225         155       28266       28839
Swap:          2147         438        1708
Total:        35595        4394        2934

              total        used        free      shared  buff/cache   available
Mem:          33447        3900        1280         155       28265       28894
Swap:          2147         438        1708
Total:        35595        4339        2989

              total        used        free      shared  buff/cache   available
Mem:          33447        3927        1251         155       28268       28867
Swap:          2147         438        1708
Total:        35595        4365        2960

              total        used        free      shared  buff/cache   available
Mem:          33447        3906        1274         155       28265       28888
Swap:          2147         438        1708
Total:        35595        4345        2983

              total        used        free      shared  buff/cache   available
Mem:          33447        3907        1271         155       28268       28887
Swap:          2147         438        1708
Total:        35595        4346        2980

              total        used        free      shared  buff/cache   available
Mem:          33447        3921        1258         155       28267       28873
Swap:          2147         438        1708
Total:        35595        4360        2967

              total        used        free      shared  buff/cache   available
Mem:          33447        3933        1245         155       28269       28861
Swap:          2147         438        1708
Total:        35595        4372        2953

              total        used        free      shared  buff/cache   available
Mem:          33447        3931        1248         155       28267       28864
Swap:          2147         438        1708
Total:        35595        4370        2957

              total        used        free      shared  buff/cache   available
Mem:          33447        3944        1230         157       28271       28848
Swap:          2147         438        1708
Total:        35595        4383        2939

              total        used        free      shared  buff/cache   available
Mem:          33447        3971        1203         160       28272       28818
Swap:          2147         438        1708
Total:        35595        4409        2912

              total        used        free      shared  buff/cache   available
Mem:          33447        3953        1215         164       28278       28832
Swap:          2147         438        1708
Total:        35595        4392        2924

              total        used        free      shared  buff/cache   available
Mem:          33447        3972        1195         166       28279       28811
Swap:          2147         438        1708
Total:        35595        4411        2904

              total        used        free      shared  buff/cache   available
Mem:          33447        4105        1063         164       28278       28680
Swap:          2147         438        1708
Total:        35595        4544        2772

              total        used        free      shared  buff/cache   available
Mem:          33447        4079        1091         160       28276       28709
Swap:          2147         438        1708
Total:        35595        4518        2800

              total        used        free      shared  buff/cache   available
Mem:          33447        4069        1103         160       28274       28720
Swap:          2147         438        1708
Total:        35595        4508        2812

              total        used        free      shared  buff/cache   available
Mem:          33447        4034        1137         160       28276       28755
Swap:          2147         438        1708
Total:        35595        4472        2846

              total        used        free      shared  buff/cache   available
Mem:          33447        4061        1110         160       28275       28727
Swap:          2147         438        1708
Total:        35595        4500        2819

              total        used        free      shared  buff/cache   available
Mem:          33447        4043        1127         160       28276       28746
Swap:          2147         438        1708
Total:        35595        4481        2836

              total        used        free      shared  buff/cache   available
Mem:          33447        4060        1111         160       28276       28729
Swap:          2147         438        1708
Total:        35595        4499        2819

              total        used        free      shared  buff/cache   available
Mem:          33447        4028        1141         160       28278       28761
Swap:          2147         438        1708
Total:        35595        4466        2850

              total        used        free      shared  buff/cache   available
Mem:          33447        4056        1113         160       28276       28732
Swap:          2147         438        1708
Total:        35595        4495        2822

              total        used        free      shared  buff/cache   available
Mem:          33447        4043        1125         160       28278       28746
Swap:          2147         438        1708
Total:        35595        4481        2834

              total        used        free      shared  buff/cache   available
Mem:          33447        4041        1129         160       28277       28748
Swap:          2147         438        1708
Total:        35595        4479        2838

              total        used        free      shared  buff/cache   available
Mem:          33447        4033        1134         160       28279       28755
Swap:          2147         438        1708
Total:        35595        4472        2843

              total        used        free      shared  buff/cache   available
Mem:          33447        4051        1117         160       28278       28737
Swap:          2147         438        1708
Total:        35595        4490        2826

              total        used        free      shared  buff/cache   available
Mem:          33447        4035        1132         160       28279       28754
Swap:          2147         438        1708
Total:        35595        4473        2841

              total        used        free      shared  buff/cache   available
Mem:          33447        4039        1128         160       28278       28749
Swap:          2147         438        1708
Total:        35595        4478        2837

              total        used        free      shared  buff/cache   available
Mem:          33447        4027        1139         161       28280       28761
Swap:          2147         438        1708
Total:        35595        4466        2848

              total        used        free      shared  buff/cache   available
Mem:          33447        4049        1118         161       28279       28740
Swap:          2147         438        1708
Total:        35595        4487        2827

              total        used        free      shared  buff/cache   available
Mem:          33447        4055        1112         161       28279       28733
Swap:          2147         438        1708
Total:        35595        4493        2821

              total        used        free      shared  buff/cache   available
Mem:          33447        4042        1122         161       28281       28746
Swap:          2147         438        1708
Total:        35595        4481        2831

              total        used        free      shared  buff/cache   available
Mem:          33447        4044        1122         161       28280       28745
Swap:          2147         438        1708
Total:        35595        4482        2831

              total        used        free      shared  buff/cache   available
Mem:          33447        4036        1128         161       28282       28752
Swap:          2147         438        1708
Total:        35595        4475        2837

              total        used        free      shared  buff/cache   available
Mem:          33447        4060        1105         161       28280       28728
Swap:          2147         438        1708
Total:        35595        4499        2814

              total        used        free      shared  buff/cache   available
Mem:          33447        4040        1125         161       28281       28748
Swap:          2147         438        1708
Total:        35595        4479        2834

              total        used        free      shared  buff/cache   available
Mem:          33447        4085        1080         161       28282       28704
Swap:          2147         438        1708
Total:        35595        4523        2789

              total        used        free      shared  buff/cache   available
Mem:          33447        4054        1111         161       28281       28735
Swap:          2147         438        1708
Total:        35595        4493        2820

              total        used        free      shared  buff/cache   available
Mem:          33447        4037        1125         161       28284       28751
Swap:          2147         438        1708
Total:        35595        4476        2834

              total        used        free      shared  buff/cache   available
Mem:          33447        4064        1100         161       28282       28724
Swap:          2147         438        1708
Total:        35595        4503        2809

              total        used        free      shared  buff/cache   available
Mem:          33447        4029        1132         164       28285       28756
Swap:          2147         438        1708
Total:        35595        4468        2841

              total        used        free      shared  buff/cache   available
Mem:          33447        4008        1151         164       28287       28778
Swap:          2147         438        1708
Total:        35595        4446        2860

              total        used        free      shared  buff/cache   available
Mem:          33447        4007        1152         164       28287       28778
Swap:          2147         438        1708
Total:        35595        4445        2861

              total        used        free      shared  buff/cache   available
Mem:          33447        4007        1153         164       28286       28778
Swap:          2147         438        1708
Total:        35595        4446        2862

              total        used        free      shared  buff/cache   available
Mem:          33447        4009        1154         161       28283       28780
Swap:          2147         438        1708
Total:        35595        4447        2863

              total        used        free      shared  buff/cache   available
Mem:          33447        4009        1154         161       28283       28780
Swap:          2147         438        1708
Total:        35595        4447        2863

              total        used        free      shared  buff/cache   available
Mem:          33447        3912        1250         161       28283       28876
Swap:          2147         438        1708
Total:        35595        4351        2959

              total        used        free      shared  buff/cache   available
Mem:          33447        3911        1252         161       28283       28878
Swap:          2147         438        1708
Total:        35595        4349        2961

              total        used        free      shared  buff/cache   available
Mem:          33447        3907        1255         161       28283       28881
Swap:          2147         438        1708
Total:        35595        4346        2964

              total        used        free      shared  buff/cache   available
Mem:          33447        3909        1254         161       28283       28879
Swap:          2147         438        1708
Total:        35595        4348        2963

              total        used        free      shared  buff/cache   available
Mem:          33447        3907        1256         161       28283       28881
Swap:          2147         438        1708
Total:        35595        4346        2965

              total        used        free      shared  buff/cache   available
Mem:          33447        3906        1257         161       28283       28883
Swap:          2147         438        1708
Total:        35595        4344        2966
