RESET
CPU laptop 1745518097 2025/04/24 21:08:17 639667 100 12 3601826 6587708 72002 155957494 276036 0 78822 0 0 47896 100 0 0
SEP
CPU laptop 1745518098 2025/04/24 21:08:18 1 100 12 77 32 0 1083 1 0 0 0 0 38982 100 0 0
SEP
CPU laptop 1745518099 2025/04/24 21:08:19 1 100 12 89 40 0 1060 1 0 0 0 0 31085 100 0 0
SEP
CPU laptop 1745518100 2025/04/24 21:08:20 1 100 12 74 19 0 1102 1 0 0 0 0 28194 100 0 0
SEP
CPU laptop 1745518101 2025/04/24 21:08:21 1 100 12 75 30 0 1082 1 0 0 0 0 29604 100 0 0
SEP
CPU laptop 1745518102 2025/04/24 21:08:22 1 100 12 82 35 0 1072 1 0 0 0 0 28980 100 0 0
SEP
CPU laptop 1745518103 2025/04/24 21:08:23 1 100 12 82 35 0 1071 0 0 1 0 0 26743 100 0 0
SEP
CPU laptop 1745518104 2025/04/24 21:08:24 1 100 12 74 25 0 1093 1 0 1 0 0 27445 100 0 0
SEP
CPU laptop 1745518105 2025/04/24 21:08:25 1 100 12 69 28 0 1094 1 0 0 0 0 27676 100 0 0
SEP
CPU laptop 1745518106 2025/04/24 21:08:26 1 100 12 71 18 0 1104 1 0 0 0 0 29091 100 0 0
SEP
CPU laptop 1745518107 2025/04/24 21:08:27 1 100 12 75 19 0 1095 1 0 0 0 0 30752 100 0 0
SEP
CPU laptop 1745518108 2025/04/24 21:08:28 1 100 12 176 181 1 790 27 0 1 0 0 43696 100 0 0
SEP
CPU laptop 1745518109 2025/04/24 21:08:29 1 100 12 151 182 1 826 18 0 1 0 0 43502 100 0 0
SEP
CPU laptop 1745518110 2025/04/24 21:08:30 1 100 12 172 293 1 684 21 0 1 0 0 34894 100 0 0
SEP
CPU laptop 1745518111 2025/04/24 21:08:31 1 100 12 163 197 1 796 25 0 1 0 0 42101 100 0 0
SEP
CPU laptop 1745518112 2025/04/24 21:08:32 1 100 12 156 270 1 725 21 0 1 0 0 46753 100 0 0
SEP
CPU laptop 1745518113 2025/04/24 21:08:33 1 100 12 250 308 1 597 19 0 0 0 0 47896 100 0 0
SEP
CPU laptop 1745518114 2025/04/24 21:08:34 1 100 12 225 262 1 663 25 0 1 0 0 31966 100 0 0
SEP
CPU laptop 1745518115 2025/04/24 21:08:35 1 100 12 161 226 1 763 21 0 1 0 0 34504 100 0 0
SEP
CPU laptop 1745518116 2025/04/24 21:08:36 1 100 12 136 268 1 754 16 0 2 0 0 47814 100 0 0
SEP
CPU laptop 1745518117 2025/04/24 21:08:37 1 100 12 138 250 0 765 19 0 1 0 0 33954 100 0 0
SEP
CPU laptop 1745518118 2025/04/24 21:08:38 1 100 12 152 242 1 754 24 0 1 0 0 47851 100 0 0
SEP
CPU laptop 1745518119 2025/04/24 21:08:39 1 100 12 134 182 1 832 21 0 0 0 0 39692 100 0 0
SEP
CPU laptop 1745518120 2025/04/24 21:08:40 1 100 12 124 254 1 783 16 0 1 0 0 34978 100 0 0
SEP
CPU laptop 1745518121 2025/04/24 21:08:41 1 100 12 132 177 2 837 27 0 2 0 0 36746 100 0 0
SEP
CPU laptop 1745518122 2025/04/24 21:08:42 1 100 12 145 198 1 809 22 0 0 0 0 44258 100 0 0
SEP
CPU laptop 1745518123 2025/04/24 21:08:43 1 100 12 128 263 1 767 17 0 1 0 0 29254 100 0 0
SEP
CPU laptop 1745518124 2025/04/24 21:08:44 1 100 12 153 189 1 807 29 0 1 0 0 43402 100 0 0
SEP
CPU laptop 1745518125 2025/04/24 21:08:45 1 100 12 144 185 1 820 21 0 1 0 0 33148 100 0 0
SEP
CPU laptop 1745518126 2025/04/24 21:08:46 1 100 12 136 263 0 760 18 0 1 0 0 30721 100 0 0
SEP
CPU laptop 1745518127 2025/04/24 21:08:47 1 100 12 142 204 2 799 28 0 1 0 0 38983 100 0 0
SEP
CPU laptop 1745518128 2025/04/24 21:08:48 1 100 12 148 174 1 831 23 0 1 0 0 30519 100 0 0
SEP
CPU laptop 1745518129 2025/04/24 21:08:49 1 100 12 137 205 0 816 17 0 1 0 0 47812 100 0 0
SEP
CPU laptop 1745518130 2025/04/24 21:08:50 1 100 12 142 209 1 798 23 0 1 0 0 35616 100 0 0
SEP
CPU laptop 1745518131 2025/04/24 21:08:51 1 100 12 148 193 2 803 25 0 0 0 0 36713 100 0 0
SEP
CPU laptop 1745518132 2025/04/24 21:08:52 1 100 12 198 352 0 602 23 0 1 0 0 47816 100 0 0
SEP
CPU laptop 1745518133 2025/04/24 21:08:53 1 100 12 156 240 1 746 22 0 1 0 0 47862 100 0 0
SEP
CPU laptop 1745518134 2025/04/24 21:08:54 1 100 12 164 288 2 692 26 0 2 0 0 36480 100 0 0
SEP
CPU laptop 1745518135 2025/04/24 21:08:55 1 100 12 150 220 0 756 50 0 1 0 0 36777 100 0 0
SEP
CPU laptop 1745518136 2025/04/24 21:08:56 1 100 12 156 196 1 795 24 0 0 0 0 41446 100 0 0
SEP
CPU laptop 1745518137 2025/04/24 21:08:57 1 100 12 150 273 1 733 17 0 2 0 0 47892 100 0 0
SEP
CPU laptop 1745518138 2025/04/24 21:08:58 1 100 12 150 214 1 796 22 0 1 0 0 43430 100 0 0
SEP
CPU laptop 1745518139 2025/04/24 21:08:59 1 100 12 151 183 1 818 25 0 2 0 0 40480 100 0 0
SEP
CPU laptop 1745518140 2025/04/24 21:09:00 1 100 12 138 256 1 769 17 0 1 0 0 36018 100 0 0
SEP
CPU laptop 1745518141 2025/04/24 21:09:01 1 100 12 154 194 2 800 29 0 1 0 0 41242 100 0 0
SEP
CPU laptop 1745518142 2025/04/24 21:09:02 1 100 12 135 172 1 846 21 0 1 0 0 31612 100 0 0
SEP
CPU laptop 1745518143 2025/04/24 21:09:03 1 100 12 137 262 1 764 17 0 1 0 0 40132 100 0 0
SEP
CPU laptop 1745518144 2025/04/24 21:09:04 1 100 12 133 165 0 848 29 0 2 0 0 33888 100 0 0
SEP
CPU laptop 1745518145 2025/04/24 21:09:05 1 100 12 143 182 2 825 27 0 1 0 0 34261 100 0 0
SEP
CPU laptop 1745518146 2025/04/24 21:09:06 1 100 12 140 249 1 773 17 0 1 0 0 47904 100 0 0
SEP
CPU laptop 1745518147 2025/04/24 21:09:07 1 100 12 142 184 1 829 24 0 2 0 0 36288 100 0 0
SEP
CPU laptop 1745518148 2025/04/24 21:09:08 1 100 12 150 183 1 819 24 0 1 0 0 32838 100 0 0
SEP
CPU laptop 1745518149 2025/04/24 21:09:09 1 100 12 136 260 1 767 17 0 1 0 0 36189 100 0 0
SEP
CPU laptop 1745518150 2025/04/24 21:09:10 1 100 12 141 195 2 817 26 0 2 0 0 43401 100 0 0
SEP
CPU laptop 1745518151 2025/04/24 21:09:11 1 100 12 149 190 1 817 22 0 1 0 0 43458 100 0 0
SEP
CPU laptop 1745518152 2025/04/24 21:09:12 1 100 12 145 268 0 744 19 0 1 0 0 39279 100 0 0
SEP
CPU laptop 1745518153 2025/04/24 21:09:13 1 100 12 147 180 2 818 25 0 1 0 0 43454 100 0 0
SEP
CPU laptop 1745518154 2025/04/24 21:09:14 1 100 12 146 189 0 815 22 0 1 0 0 36472 100 0 0
SEP
CPU laptop 1745518155 2025/04/24 21:09:15 1 100 12 138 257 1 772 17 0 2 0 0 37167 100 0 0
SEP
CPU laptop 1745518156 2025/04/24 21:09:16 1 100 12 130 225 1 799 22 0 2 0 0 32624 100 0 0
SEP
CPU laptop 1745518157 2025/04/24 21:09:17 1 100 12 145 177 1 827 27 0 1 0 0 45039 100 0 0
SEP
CPU laptop 1745518158 2025/04/24 21:09:18 1 100 12 136 226 1 797 18 0 2 0 0 47728 100 0 0
SEP
CPU laptop 1745518159 2025/04/24 21:09:19 1 100 12 141 238 1 774 20 0 1 0 0 34112 100 0 0
SEP
CPU laptop 1745518160 2025/04/24 21:09:20 1 100 12 152 182 1 818 25 0 1 0 0 39673 100 0 0
SEP
CPU laptop 1745518161 2025/04/24 21:09:21 1 100 12 140 217 1 803 17 0 1 0 0 47892 100 0 0
SEP
CPU laptop 1745518162 2025/04/24 21:09:22 1 100 12 137 238 2 778 25 0 1 0 0 31128 100 0 0
SEP
CPU laptop 1745518163 2025/04/24 21:09:23 1 100 12 151 182 1 820 27 0 1 0 0 35903 100 0 0
SEP
CPU laptop 1745518164 2025/04/24 21:09:24 1 100 12 133 220 1 806 19 0 1 0 0 34035 100 0 0
SEP
CPU laptop 1745518165 2025/04/24 21:09:25 1 100 12 135 252 2 768 20 0 1 0 0 36053 100 0 0
SEP
CPU laptop 1745518166 2025/04/24 21:09:26 1 100 12 144 183 1 822 28 0 1 0 0 45462 100 0 0
SEP
CPU laptop 1745518167 2025/04/24 21:09:27 1 100 12 145 205 1 814 20 0 1 0 0 47818 100 0 0
SEP
CPU laptop 1745518168 2025/04/24 21:09:28 1 100 12 140 277 1 738 21 0 1 0 0 35483 100 0 0
SEP
CPU laptop 1745518169 2025/04/24 21:09:29 1 100 12 148 180 1 820 29 0 1 0 0 39663 100 0 0
SEP
CPU laptop 1745518170 2025/04/24 21:09:30 1 100 12 136 164 0 858 17 0 2 0 0 29208 100 0 0
SEP
CPU laptop 1745518171 2025/04/24 21:09:31 1 100 12 137 260 1 760 21 0 2 0 0 38993 100 0 0
SEP
CPU laptop 1745518172 2025/04/24 21:09:32 1 100 12 148 181 2 821 28 0 0 0 0 44753 100 0 0
SEP
CPU laptop 1745518173 2025/04/24 21:09:33 1 100 12 141 222 1 797 17 0 1 0 0 28124 100 0 0
SEP
CPU laptop 1745518174 2025/04/24 21:09:34 1 100 12 134 246 1 775 21 0 1 0 0 38275 100 0 0
SEP
CPU laptop 1745518175 2025/04/24 21:09:35 1 100 12 148 181 1 821 27 0 1 0 0 35934 100 0 0
SEP
CPU laptop 1745518176 2025/04/24 21:09:36 1 100 12 137 235 0 794 18 0 1 0 0 47820 100 0 0
SEP
CPU laptop 1745518177 2025/04/24 21:09:37 1 100 12 143 186 2 826 22 0 2 0 0 33020 100 0 0
SEP
CPU laptop 1745518178 2025/04/24 21:09:38 1 100 12 150 182 1 813 26 0 0 0 0 34544 100 0 0
SEP
CPU laptop 1745518179 2025/04/24 21:09:39 1 100 12 146 254 1 762 19 0 1 0 0 35426 100 0 0
SEP
CPU laptop 1745518180 2025/04/24 21:09:40 1 100 12 141 214 1 794 26 0 2 0 0 27832 100 0 0
SEP
CPU laptop 1745518181 2025/04/24 21:09:41 1 100 12 149 185 1 822 21 0 2 0 0 32181 100 0 0
SEP
CPU laptop 1745518182 2025/04/24 21:09:42 1 100 12 152 212 0 797 19 0 1 0 0 47888 100 0 0
SEP
CPU laptop 1745518183 2025/04/24 21:09:43 1 100 12 134 271 1 746 23 0 1 0 0 32336 100 0 0
SEP
CPU laptop 1745518184 2025/04/24 21:09:44 1 100 12 65 15 0 1114 2 0 1 0 0 29795 100 0 0
SEP
CPU laptop 1745518185 2025/04/24 21:09:45 1 100 12 64 16 0 1115 0 0 0 0 0 25697 100 0 0
SEP
CPU laptop 1745518186 2025/04/24 21:09:46 1 100 12 61 13 0 1122 1 0 0 0 0 25649 100 0 0
SEP
CPU laptop 1745518187 2025/04/24 21:09:47 1 100 12 70 19 0 1107 1 0 0 0 0 25788 100 0 0
SEP
CPU laptop 1745518188 2025/04/24 21:09:48 1 100 12 58 13 0 1126 0 0 0 0 0 25965 100 0 0
SEP
CPU laptop 1745518189 2025/04/24 21:09:49 1 100 12 59 16 0 1118 4 0 0 0 0 26368 100 0 0
SEP
CPU laptop 1745518190 2025/04/24 21:09:50 1 100 12 58 15 0 1124 1 0 0 0 0 25915 100 0 0
SEP
CPU laptop 1745518191 2025/04/24 21:09:51 1 100 12 58 13 0 1127 0 0 0 0 0 27595 100 0 0
SEP
CPU laptop 1745518192 2025/04/24 21:09:52 1 100 12 58 13 0 1125 1 0 0 0 0 27574 100 0 0
SEP
