483 
523 
484 
553 
498 
490 
573 
535 
550 
496 
516 
555 
535 
515 
508 
507 
459 
509 
556 
521 
536 
554 
544 
496 
542 
581 
474 
515 
558 
530 
547 
574 
492 
605 
519 
502 
511 
510 
526 
565 
582 
544 
539 
541 
506 
483 
555 
555 
546 
485 
501 
466 
487 
527 
505 
500 
563 
557 
543 
574 
527 
501 
565 
551 
465 
541 
527 
493 
481 
552 
512 
527 
499 
506 
497 
465 
463 
514 
541 
501 
553 
538 
488 
522 
492 
534 
523 
492 
492 
526 
502 
588 
515 
500 
596 
510 
497 
509 
499 
504 
