              total        used        free      shared  buff/cache   available
Mem:          33447        3820         955         164       28671       28977
Swap:          2147         438        1708
Total:        35595        4259        2664

              total        used        free      shared  buff/cache   available
Mem:          33447        3826         949         164       28671       28972
Swap:          2147         438        1708
Total:        35595        4265        2658

              total        used        free      shared  buff/cache   available
Mem:          33447        3827         948         164       28671       28970
Swap:          2147         438        1708
Total:        35595        4266        2657

              total        used        free      shared  buff/cache   available
Mem:          33447        3828         947         164       28671       28969
Swap:          2147         438        1708
Total:        35595        4267        2656

              total        used        free      shared  buff/cache   available
Mem:          33447        3828         947         164       28671       28969
Swap:          2147         438        1708
Total:        35595        4267        2656

              total        used        free      shared  buff/cache   available
Mem:          33447        3828         947         164       28671       28969
Swap:          2147         438        1708
Total:        35595        4267        2656

              total        used        free      shared  buff/cache   available
Mem:          33447        3825         950         164       28671       28972
Swap:          2147         438        1708
Total:        35595        4264        2658

              total        used        free      shared  buff/cache   available
Mem:          33447        3825         950         164       28671       28972
Swap:          2147         438        1708
Total:        35595        4264        2658

              total        used        free      shared  buff/cache   available
Mem:          33447        3825         950         164       28671       28972
Swap:          2147         438        1708
Total:        35595        4264        2658

              total        used        free      shared  buff/cache   available
Mem:          33447        3827         948         164       28671       28970
Swap:          2147         438        1708
Total:        35595        4266        2656

              total        used        free      shared  buff/cache   available
Mem:          33447        3826         949         164       28671       28971
Swap:          2147         438        1708
Total:        35595        4265        2657

              total        used        free      shared  buff/cache   available
Mem:          33447        3932         842         165       28672       28865
Swap:          2147         438        1708
Total:        35595        4371        2551

              total        used        free      shared  buff/cache   available
Mem:          33447        3933         841         165       28672       28864
Swap:          2147         438        1708
Total:        35595        4372        2550

              total        used        free      shared  buff/cache   available
Mem:          33447        3934         840         165       28672       28863
Swap:          2147         438        1708
Total:        35595        4373        2549

              total        used        free      shared  buff/cache   available
Mem:          33447        3939         835         165       28672       28858
Swap:          2147         438        1708
Total:        35595        4378        2544

              total        used        free      shared  buff/cache   available
Mem:          33447        3951         823         165       28672       28846
Swap:          2147         438        1708
Total:        35595        4390        2532

              total        used        free      shared  buff/cache   available
Mem:          33447        3937         838         165       28672       28860
Swap:          2147         438        1708
Total:        35595        4376        2546

              total        used        free      shared  buff/cache   available
Mem:          33447        3941         833         165       28672       28856
Swap:          2147         438        1708
Total:        35595        4380        2542

              total        used        free      shared  buff/cache   available
Mem:          33447        3956         815         168       28675       28838
Swap:          2147         438        1708
Total:        35595        4395        2524

              total        used        free      shared  buff/cache   available
Mem:          33447        3938         832         168       28676       28856
Swap:          2147         438        1708
Total:        35595        4377        2541

              total        used        free      shared  buff/cache   available
Mem:          33447        3958         812         168       28676       28836
Swap:          2147         438        1708
Total:        35595        4397        2521

              total        used        free      shared  buff/cache   available
Mem:          33447        3956         814         168       28676       28838
Swap:          2147         438        1708
Total:        35595        4395        2522

              total        used        free      shared  buff/cache   available
Mem:          33447        3940         830         168       28677       28854
Swap:          2147         438        1708
Total:        35595        4379        2538

              total        used        free      shared  buff/cache   available
Mem:          33447        3933         838         165       28675       28864
Swap:          2147         438        1708
Total:        35595        4372        2547

              total        used        free      shared  buff/cache   available
Mem:          33447        3934         838         165       28675       28863
Swap:          2147         438        1708
Total:        35595        4372        2546

              total        used        free      shared  buff/cache   available
Mem:          33447        3953         818         165       28675       28844
Swap:          2147         438        1708
Total:        35595        4392        2526

              total        used        free      shared  buff/cache   available
Mem:          33447        3848         926         162       28672       28951
Swap:          2147         438        1708
Total:        35595        4287        2635

              total        used        free      shared  buff/cache   available
Mem:          33447        3845         933         159       28669       28958
Swap:          2147         438        1708
Total:        35595        4283        2641

              total        used        free      shared  buff/cache   available
Mem:          33447        3824         953         159       28669       28979
Swap:          2147         438        1708
Total:        35595        4262        2662

              total        used        free      shared  buff/cache   available
Mem:          33447        3824         952         159       28670       28979
Swap:          2147         438        1708
Total:        35595        4263        2661

              total        used        free      shared  buff/cache   available
Mem:          33447        3832         944         159       28670       28971
Swap:          2147         438        1708
Total:        35595        4271        2653

              total        used        free      shared  buff/cache   available
Mem:          33447        3822         954         159       28670       28981
Swap:          2147         438        1708
Total:        35595        4261        2663

              total        used        free      shared  buff/cache   available
Mem:          33447        3845         931         159       28670       28957
Swap:          2147         438        1708
Total:        35595        4284        2639

              total        used        free      shared  buff/cache   available
Mem:          33447        3830         946         159       28670       28973
Swap:          2147         438        1708
Total:        35595        4269        2655

              total        used        free      shared  buff/cache   available
Mem:          33447        3828         948         159       28670       28975
Swap:          2147         438        1708
Total:        35595        4267        2656

              total        used        free      shared  buff/cache   available
Mem:          33447        3848         927         159       28671       28954
Swap:          2147         438        1708
Total:        35595        4287        2635

              total        used        free      shared  buff/cache   available
Mem:          33447        3827         948         159       28671       28976
Swap:          2147         438        1708
Total:        35595        4266        2656

              total        used        free      shared  buff/cache   available
Mem:          33447        3829         946         159       28671       28974
Swap:          2147         438        1708
Total:        35595        4268        2655

              total        used        free      shared  buff/cache   available
Mem:          33447        3852         923         159       28672       28951
Swap:          2147         438        1708
Total:        35595        4290        2632

              total        used        free      shared  buff/cache   available
Mem:          33447        3841         933         159       28672       28961
Swap:          2147         438        1708
Total:        35595        4280        2641

              total        used        free      shared  buff/cache   available
Mem:          33447        3816         957         159       28673       28986
Swap:          2147         438        1708
Total:        35595        4255        2666

              total        used        free      shared  buff/cache   available
Mem:          33447        3828         945         159       28672       28974
Swap:          2147         438        1708
Total:        35595        4267        2654

              total        used        free      shared  buff/cache   available
Mem:          33447        3848         925         159       28673       28954
Swap:          2147         438        1708
Total:        35595        4287        2634

              total        used        free      shared  buff/cache   available
Mem:          33447        3833         940         159       28673       28969
Swap:          2147         438        1708
Total:        35595        4272        2649

              total        used        free      shared  buff/cache   available
Mem:          33447        3823         951         159       28673       28980
Swap:          2147         438        1708
Total:        35595        4261        2659

              total        used        free      shared  buff/cache   available
Mem:          33447        3839         933         159       28674       28963
Swap:          2147         438        1708
Total:        35595        4278        2642

              total        used        free      shared  buff/cache   available
Mem:          33447        3836         936         159       28674       28966
Swap:          2147         438        1708
Total:        35595        4275        2645

              total        used        free      shared  buff/cache   available
Mem:          33447        3847         925         159       28674       28955
Swap:          2147         438        1708
Total:        35595        4286        2634

              total        used        free      shared  buff/cache   available
Mem:          33447        3850         920         163       28676       28949
Swap:          2147         438        1708
Total:        35595        4289        2629

              total        used        free      shared  buff/cache   available
Mem:          33447        3856         913         163       28678       28943
Swap:          2147         438        1708
Total:        35595        4295        2621

              total        used        free      shared  buff/cache   available
Mem:          33447        3853         915         163       28678       28946
Swap:          2147         438        1708
Total:        35595        4292        2623

              total        used        free      shared  buff/cache   available
Mem:          33447        3850         918         163       28678       28949
Swap:          2147         438        1708
Total:        35595        4289        2627

              total        used        free      shared  buff/cache   available
Mem:          33447        3856         915         159       28675       28946
Swap:          2147         438        1708
Total:        35595        4295        2624

              total        used        free      shared  buff/cache   available
Mem:          33447        3826         944         159       28676       28976
Swap:          2147         438        1708
Total:        35595        4265        2653

              total        used        free      shared  buff/cache   available
Mem:          33447        3827         943         159       28676       28975
Swap:          2147         438        1708
Total:        35595        4266        2652

              total        used        free      shared  buff/cache   available
Mem:          33447        3835         935         159       28676       28967
Swap:          2147         438        1708
Total:        35595        4274        2644

              total        used        free      shared  buff/cache   available
Mem:          33447        3838         933         159       28675       28964
Swap:          2147         438        1708
Total:        35595        4277        2641

              total        used        free      shared  buff/cache   available
Mem:          33447        3846         925         159       28676       28956
Swap:          2147         438        1708
Total:        35595        4285        2633

              total        used        free      shared  buff/cache   available
Mem:          33447        3828         941         159       28677       28974
Swap:          2147         438        1708
Total:        35595        4267        2649

              total        used        free      shared  buff/cache   available
Mem:          33447        3853         916         159       28677       28950
Swap:          2147         438        1708
Total:        35595        4291        2625

              total        used        free      shared  buff/cache   available
Mem:          33447        3833         936         159       28677       28970
Swap:          2147         438        1708
Total:        35595        4272        2645

              total        used        free      shared  buff/cache   available
Mem:          33447        3831         938         159       28677       28971
Swap:          2147         438        1708
Total:        35595        4270        2646

              total        used        free      shared  buff/cache   available
Mem:          33447        3838         931         160       28677       28964
Swap:          2147         438        1708
Total:        35595        4277        2639

              total        used        free      shared  buff/cache   available
Mem:          33447        3825         944         159       28677       28977
Swap:          2147         438        1708
Total:        35595        4264        2652

              total        used        free      shared  buff/cache   available
Mem:          33447        3826         943         159       28677       28976
Swap:          2147         438        1708
Total:        35595        4265        2651

              total        used        free      shared  buff/cache   available
Mem:          33447        3827         942         159       28677       28975
Swap:          2147         438        1708
Total:        35595        4266        2650

              total        used        free      shared  buff/cache   available
Mem:          33447        3739        1030         160       28677       29064
Swap:          2147         438        1708
Total:        35595        4178        2739

              total        used        free      shared  buff/cache   available
Mem:          33447        3737        1032         160       28677       29065
Swap:          2147         438        1708
Total:        35595        4176        2740

              total        used        free      shared  buff/cache   available
Mem:          33447        3737        1032         160       28677       29065
Swap:          2147         438        1708
Total:        35595        4176        2741

              total        used        free      shared  buff/cache   available
Mem:          33447        3736        1033         160       28677       29066
Swap:          2147         438        1708
Total:        35595        4175        2741

              total        used        free      shared  buff/cache   available
Mem:          33447        3736        1033         160       28677       29067
Swap:          2147         438        1708
Total:        35595        4174        2742

              total        used        free      shared  buff/cache   available
Mem:          33447        3737        1032         160       28677       29066
Swap:          2147         438        1708
Total:        35595        4175        2741

              total        used        free      shared  buff/cache   available
Mem:          33447        3735        1033         160       28677       29067
Swap:          2147         438        1708
Total:        35595        4174        2742
