RESET
CPU laptop 1745510837 2025/04/24 19:07:17 632407 100 12 2742001 5539068 68481 149307141 211984 0 73477 0 0 27496 100 0 0
SEP
CPU laptop 1745510838 2025/04/24 19:07:18 1 100 12 85 61 0 1047 0 0 1 0 0 21737 100 0 0
SEP
CPU laptop 1745510839 2025/04/24 19:07:19 1 100 12 85 52 0 1052 1 0 1 0 0 19538 100 0 0
SEP
CPU laptop 1745510840 2025/04/24 19:07:20 1 100 12 74 36 0 1084 2 0 0 0 0 20824 100 0 0
SEP
CPU laptop 1745510841 2025/04/24 19:07:21 1 100 12 71 35 0 1092 0 0 0 0 0 21734 100 0 0
SEP
CPU laptop 1745510842 2025/04/24 19:07:22 1 100 12 70 34 0 1093 0 0 0 0 0 20786 100 0 0
SEP
CPU laptop 1745510843 2025/04/24 19:07:23 1 100 12 71 38 0 1089 1 0 0 0 0 23467 100 0 0
SEP
CPU laptop 1745510844 2025/04/24 19:07:24 1 100 12 69 35 0 1092 1 0 0 0 0 20311 100 0 0
SEP
CPU laptop 1745510845 2025/04/24 19:07:25 1 100 12 69 36 0 1091 1 0 0 0 0 18548 100 0 0
SEP
CPU laptop 1745510846 2025/04/24 19:07:26 1 100 12 69 37 0 1092 1 0 0 0 0 19709 100 0 0
SEP
CPU laptop 1745510847 2025/04/24 19:07:27 1 100 12 73 36 0 1089 1 0 0 0 0 21070 100 0 0
SEP
CPU laptop 1745510848 2025/04/24 19:07:28 1 100 12 167 242 1 750 19 0 1 0 0 22925 100 0 0
SEP
CPU laptop 1745510849 2025/04/24 19:07:29 1 100 12 153 242 1 764 20 0 2 0 0 20311 100 0 0
SEP
CPU laptop 1745510850 2025/04/24 19:07:30 1 100 12 188 247 2 727 16 0 1 0 0 47873 100 0 0
SEP
CPU laptop 1745510851 2025/04/24 19:07:31 1 100 12 150 212 1 795 21 0 2 0 0 41215 100 0 0
SEP
CPU laptop 1745510852 2025/04/24 19:07:32 1 100 12 148 230 1 783 18 0 2 0 0 28640 100 0 0
SEP
CPU laptop 1745510853 2025/04/24 19:07:33 1 100 12 146 251 0 771 16 0 0 0 0 45394 100 0 0
SEP
CPU laptop 1745510854 2025/04/24 19:07:34 1 100 12 145 346 1 674 17 0 1 0 0 31310 100 0 0
SEP
CPU laptop 1745510855 2025/04/24 19:07:35 1 100 12 146 236 1 779 19 0 1 0 0 24310 100 0 0
SEP
CPU laptop 1745510856 2025/04/24 19:07:36 1 100 12 156 236 1 769 21 0 1 0 0 26259 100 0 0
SEP
CPU laptop 1745510857 2025/04/24 19:07:37 1 100 12 149 239 1 773 21 0 1 0 0 31177 100 0 0
SEP
CPU laptop 1745510858 2025/04/24 19:07:38 1 100 12 160 233 1 765 21 0 1 0 0 26944 100 0 0
SEP
CPU laptop 1745510859 2025/04/24 19:07:39 1 100 12 147 215 1 802 21 0 0 0 0 27009 100 0 0
SEP
CPU laptop 1745510860 2025/04/24 19:07:40 1 100 12 152 223 1 788 19 0 1 0 0 37922 100 0 0
SEP
CPU laptop 1745510861 2025/04/24 19:07:41 1 100 12 147 237 1 775 19 0 3 0 0 33961 100 0 0
SEP
CPU laptop 1745510862 2025/04/24 19:07:42 1 100 12 150 238 1 775 18 0 0 0 0 31051 100 0 0
SEP
CPU laptop 1745510863 2025/04/24 19:07:43 1 100 12 143 320 1 701 18 0 1 0 0 47904 100 0 0
SEP
CPU laptop 1745510864 2025/04/24 19:07:44 1 100 12 148 273 0 746 15 0 2 0 0 36773 100 0 0
SEP
CPU laptop 1745510865 2025/04/24 19:07:45 1 100 12 152 237 1 763 23 0 2 0 0 30131 100 0 0
SEP
CPU laptop 1745510866 2025/04/24 19:07:46 1 100 12 161 239 2 760 23 0 0 0 0 34018 100 0 0
SEP
CPU laptop 1745510867 2025/04/24 19:07:47 1 100 12 145 215 0 795 20 0 1 0 0 40068 100 0 0
SEP
CPU laptop 1745510868 2025/04/24 19:07:48 1 100 12 146 243 2 773 17 0 2 0 0 27811 100 0 0
SEP
CPU laptop 1745510869 2025/04/24 19:07:49 1 100 12 144 232 1 786 19 0 3 0 0 26806 100 0 0
SEP
CPU laptop 1745510870 2025/04/24 19:07:50 1 100 12 157 275 0 737 17 0 1 0 0 47808 100 0 0
SEP
CPU laptop 1745510871 2025/04/24 19:07:51 1 100 12 143 295 1 730 16 0 1 0 0 47808 100 0 0
SEP
CPU laptop 1745510872 2025/04/24 19:07:52 1 100 12 146 274 1 745 16 0 1 0 0 47881 100 0 0
SEP
CPU laptop 1745510873 2025/04/24 19:07:53 1 100 12 151 231 1 780 17 0 1 0 0 20524 100 0 0
SEP
CPU laptop 1745510874 2025/04/24 19:07:54 1 100 12 163 241 2 754 24 0 2 0 0 26004 100 0 0
SEP
CPU laptop 1745510875 2025/04/24 19:07:55 1 100 12 164 226 1 770 24 0 0 0 0 38966 100 0 0
SEP
CPU laptop 1745510876 2025/04/24 19:07:56 1 100 12 152 215 1 792 20 0 1 0 0 32704 100 0 0
SEP
CPU laptop 1745510877 2025/04/24 19:07:57 1 100 12 152 238 1 770 19 0 1 0 0 34065 100 0 0
SEP
CPU laptop 1745510878 2025/04/24 19:07:58 1 100 12 152 228 1 782 18 0 2 0 0 25252 100 0 0
SEP
CPU laptop 1745510879 2025/04/24 19:07:59 1 100 12 148 228 1 786 18 0 1 0 0 30696 100 0 0
SEP
CPU laptop 1745510880 2025/04/24 19:08:00 1 100 12 155 360 0 655 16 0 2 0 0 43622 100 0 0
SEP
CPU laptop 1745510881 2025/04/24 19:08:01 1 100 12 155 236 1 773 19 0 1 0 0 19364 100 0 0
SEP
CPU laptop 1745510882 2025/04/24 19:08:02 1 100 12 150 247 1 760 21 0 1 0 0 23281 100 0 0
SEP
CPU laptop 1745510883 2025/04/24 19:08:03 1 100 12 160 236 1 764 23 0 1 0 0 27584 100 0 0
SEP
CPU laptop 1745510884 2025/04/24 19:08:04 1 100 12 162 226 2 772 19 0 1 0 0 37889 100 0 0
SEP
CPU laptop 1745510885 2025/04/24 19:08:05 1 100 12 152 237 0 774 17 0 1 0 0 30761 100 0 0
SEP
CPU laptop 1745510886 2025/04/24 19:08:06 1 100 12 147 228 1 788 16 0 1 0 0 26088 100 0 0
SEP
CPU laptop 1745510887 2025/04/24 19:08:07 1 100 12 149 361 1 655 17 0 0 0 0 47814 100 0 0
SEP
CPU laptop 1745510888 2025/04/24 19:08:08 1 100 12 149 255 0 762 16 0 1 0 0 47809 100 0 0
SEP
CPU laptop 1745510889 2025/04/24 19:08:09 1 100 12 151 229 1 777 20 0 1 0 0 23584 100 0 0
SEP
CPU laptop 1745510890 2025/04/24 19:08:10 1 100 12 149 247 1 762 21 0 1 0 0 25009 100 0 0
SEP
CPU laptop 1745510891 2025/04/24 19:08:11 1 100 12 164 233 1 764 21 0 1 0 0 27835 100 0 0
SEP
CPU laptop 1745510892 2025/04/24 19:08:12 1 100 12 160 221 1 782 20 0 1 0 0 27372 100 0 0
SEP
CPU laptop 1745510893 2025/04/24 19:08:13 1 100 12 158 238 0 764 18 0 2 0 0 28738 100 0 0
SEP
CPU laptop 1745510894 2025/04/24 19:08:14 1 100 12 149 230 1 784 17 0 1 0 0 22920 100 0 0
SEP
CPU laptop 1745510895 2025/04/24 19:08:15 1 100 12 153 359 1 657 16 0 2 0 0 45269 100 0 0
SEP
CPU laptop 1745510896 2025/04/24 19:08:16 1 100 12 146 233 1 783 17 0 1 0 0 23809 100 0 0
SEP
CPU laptop 1745510897 2025/04/24 19:08:17 1 100 12 155 238 1 761 23 0 0 0 0 26779 100 0 0
SEP
CPU laptop 1745510898 2025/04/24 19:08:18 1 100 12 162 220 1 776 21 0 2 0 0 28508 100 0 0
SEP
CPU laptop 1745510899 2025/04/24 19:08:19 1 100 12 153 226 1 780 18 0 1 0 0 32609 100 0 0
SEP
CPU laptop 1745510900 2025/04/24 19:08:20 1 100 12 155 262 1 747 17 0 1 0 0 22679 100 0 0
SEP
CPU laptop 1745510901 2025/04/24 19:08:21 1 100 12 151 282 0 732 16 0 1 0 0 47900 100 0 0
SEP
CPU laptop 1745510902 2025/04/24 19:08:22 1 100 12 146 309 1 716 15 0 1 0 0 33756 100 0 0
SEP
CPU laptop 1745510903 2025/04/24 19:08:23 1 100 12 145 235 0 780 19 0 2 0 0 26642 100 0 0
SEP
CPU laptop 1745510904 2025/04/24 19:08:24 1 100 12 154 242 1 761 22 0 1 0 0 20649 100 0 0
SEP
CPU laptop 1745510905 2025/04/24 19:08:25 1 100 12 148 237 0 773 23 0 1 0 0 27108 100 0 0
SEP
CPU laptop 1745510906 2025/04/24 19:08:26 1 100 12 159 214 1 789 18 0 1 0 0 38990 100 0 0
SEP
CPU laptop 1745510907 2025/04/24 19:08:27 1 100 12 150 226 1 786 19 0 1 0 0 47808 100 0 0
SEP
CPU laptop 1745510908 2025/04/24 19:08:28 1 100 12 147 227 1 783 22 0 1 0 0 44996 100 0 0
SEP
CPU laptop 1745510909 2025/04/24 19:08:29 1 100 12 154 237 1 770 17 0 1 0 0 34268 100 0 0
SEP
CPU laptop 1745510910 2025/04/24 19:08:30 1 100 12 146 229 0 787 19 0 1 0 0 24809 100 0 0
SEP
CPU laptop 1745510911 2025/04/24 19:08:31 1 100 12 148 305 1 713 18 0 0 0 0 47893 100 0 0
SEP
CPU laptop 1745510912 2025/04/24 19:08:32 1 100 12 147 296 0 723 16 0 1 0 0 33588 100 0 0
SEP
CPU laptop 1745510913 2025/04/24 19:08:33 1 100 12 150 231 1 781 20 0 1 0 0 20195 100 0 0
SEP
CPU laptop 1745510914 2025/04/24 19:08:34 1 100 12 147 240 1 768 23 0 2 0 0 19572 100 0 0
SEP
CPU laptop 1745510915 2025/04/24 19:08:35 1 100 12 154 232 1 774 23 0 1 0 0 19951 100 0 0
SEP
CPU laptop 1745510916 2025/04/24 19:08:36 1 100 12 158 230 1 774 20 0 1 0 0 24829 100 0 0
SEP
CPU laptop 1745510917 2025/04/24 19:08:37 1 100 12 153 236 1 770 22 0 1 0 0 32695 100 0 0
SEP
CPU laptop 1745510918 2025/04/24 19:08:38 1 100 12 152 239 1 771 17 0 1 0 0 24350 100 0 0
SEP
CPU laptop 1745510919 2025/04/24 19:08:39 1 100 12 148 234 0 781 18 0 1 0 0 23754 100 0 0
SEP
CPU laptop 1745510920 2025/04/24 19:08:40 1 100 12 151 350 1 661 17 0 1 0 0 47728 100 0 0
SEP
CPU laptop 1745510921 2025/04/24 19:08:41 1 100 12 150 242 1 771 19 0 1 0 0 22613 100 0 0
SEP
CPU laptop 1745510922 2025/04/24 19:08:42 1 100 12 157 247 1 749 24 0 1 0 0 24893 100 0 0
SEP
CPU laptop 1745510923 2025/04/24 19:08:43 1 100 12 155 227 2 781 21 0 1 0 0 26669 100 0 0
SEP
CPU laptop 1745510924 2025/04/24 19:08:44 1 100 12 165 237 1 758 22 0 1 0 0 38563 100 0 0
SEP
CPU laptop 1745510925 2025/04/24 19:08:45 1 100 12 153 233 1 773 19 0 1 0 0 43285 100 0 0
SEP
CPU laptop 1745510926 2025/04/24 19:08:46 1 100 12 150 239 1 775 16 0 1 0 0 26762 100 0 0
SEP
CPU laptop 1745510927 2025/04/24 19:08:47 1 100 12 152 237 1 775 18 0 1 0 0 41496 100 0 0
SEP
CPU laptop 1745510928 2025/04/24 19:08:48 1 100 12 144 312 0 712 17 0 1 0 0 47728 100 0 0
SEP
CPU laptop 1745510929 2025/04/24 19:08:49 1 100 12 150 269 1 747 16 0 1 0 0 43431 100 0 0
SEP
CPU laptop 1745510930 2025/04/24 19:08:50 1 100 12 166 257 1 736 22 0 1 0 0 19502 100 0 0
SEP
CPU laptop 1745510931 2025/04/24 19:08:51 1 100 12 159 234 0 768 21 0 0 0 0 23409 100 0 0
SEP
CPU laptop 1745510932 2025/04/24 19:08:52 1 100 12 148 216 2 791 21 0 2 0 0 23444 100 0 0
SEP
CPU laptop 1745510933 2025/04/24 19:08:53 1 100 12 148 230 1 787 20 0 2 0 0 34540 100 0 0
SEP
CPU laptop 1745510934 2025/04/24 19:08:54 1 100 12 156 229 1 771 21 0 1 0 0 30873 100 0 0
SEP
CPU laptop 1745510935 2025/04/24 19:08:55 1 100 12 152 241 1 771 17 0 1 0 0 25186 100 0 0
SEP
CPU laptop 1745510936 2025/04/24 19:08:56 1 100 12 149 233 1 778 18 0 1 0 0 23434 100 0 0
SEP
CPU laptop 1745510937 2025/04/24 19:08:57 1 100 12 106 193 0 886 8 0 1 0 0 19357 100 0 0
SEP
CPU laptop 1745510938 2025/04/24 19:08:58 1 100 12 74 33 0 1092 0 0 0 0 0 18803 100 0 0
SEP
CPU laptop 1745510939 2025/04/24 19:08:59 1 100 12 74 31 0 1092 1 0 0 0 0 18076 100 0 0
SEP
CPU laptop 1745510940 2025/04/24 19:09:00 1 100 12 74 29 0 1093 1 0 0 0 0 21990 100 0 0
SEP
CPU laptop 1745510941 2025/04/24 19:09:01 1 100 12 83 39 0 1074 0 0 0 0 0 18830 100 0 0
SEP
CPU laptop 1745510942 2025/04/24 19:09:02 1 100 12 71 37 0 1089 2 0 1 0 0 19431 100 0 0
SEP
CPU laptop 1745510943 2025/04/24 19:09:03 1 100 12 70 33 0 1094 1 0 0 0 0 18273 100 0 0
SEP
CPU laptop 1745510944 2025/04/24 19:09:04 1 100 12 76 33 0 1088 1 0 1 0 0 18910 100 0 0
SEP
CPU laptop 1745510945 2025/04/24 19:09:05 1 100 12 72 31 0 1094 1 0 0 0 0 19169 100 0 0
SEP
CPU laptop 1745510946 2025/04/24 19:09:06 1 100 12 74 32 0 1092 0 0 1 0 0 17093 100 0 0
SEP
