565 
612 
598 
584 
555 
605 
560 
567 
525 
589 
604 
545 
576 
594 
630 
567 
591 
610 
539 
531 
573 
557 
559 
552 
613 
606 
601 
549 
600 
601 
581 
571 
600 
593 
535 
556 
552 
550 
524 
553 
540 
552 
546 
562 
541 
558 
588 
632 
575 
578 
536 
570 
574 
567 
600 
556 
623 
577 
595 
592 
583 
560 
516 
564 
660 
586 
523 
634 
538 
609 
540 
533 
574 
540 
578 
582 
557 
613 
566 
621 
587 
602 
585 
565 
626 
596 
564 
555 
557 
539 
560 
603 
630 
577 
571 
619 
507 
540 
569 
611 
