              total        used        free      shared  buff/cache   available
Mem:          33447        3933        1204         168       28309       28849
Swap:          2147         438        1708
Total:        35595        4371        2913

              total        used        free      shared  buff/cache   available
Mem:          33447        3938        1199         168       28309       28844
Swap:          2147         438        1708
Total:        35595        4376        2908

              total        used        free      shared  buff/cache   available
Mem:          33447        3940        1197         168       28309       28841
Swap:          2147         438        1708
Total:        35595        4379        2906

              total        used        free      shared  buff/cache   available
Mem:          33447        3937        1200         168       28309       28845
Swap:          2147         438        1708
Total:        35595        4376        2909

              total        used        free      shared  buff/cache   available
Mem:          33447        3937        1200         168       28309       28845
Swap:          2147         438        1708
Total:        35595        4375        2909

              total        used        free      shared  buff/cache   available
Mem:          33447        3936        1200         168       28309       28845
Swap:          2147         438        1708
Total:        35595        4375        2909

              total        used        free      shared  buff/cache   available
Mem:          33447        3938        1199         168       28309       28843
Swap:          2147         438        1708
Total:        35595        4377        2907

              total        used        free      shared  buff/cache   available
Mem:          33447        3938        1199         168       28309       28843
Swap:          2147         438        1708
Total:        35595        4377        2908

              total        used        free      shared  buff/cache   available
Mem:          33447        3938        1199         168       28309       28843
Swap:          2147         438        1708
Total:        35595        4377        2908

              total        used        free      shared  buff/cache   available
Mem:          33447        3939        1198         168       28309       28843
Swap:          2147         438        1708
Total:        35595        4377        2907

              total        used        free      shared  buff/cache   available
Mem:          33447        3937        1200         168       28309       28844
Swap:          2147         438        1708
Total:        35595        4376        2908

              total        used        free      shared  buff/cache   available
Mem:          33447        4033        1102         168       28311       28749
Swap:          2147         438        1708
Total:        35595        4471        2811

              total        used        free      shared  buff/cache   available
Mem:          33447        4041        1095         168       28310       28741
Swap:          2147         438        1708
Total:        35595        4479        2804

              total        used        free      shared  buff/cache   available
Mem:          33447        4037        1099         168       28310       28745
Swap:          2147         438        1708
Total:        35595        4475        2808

              total        used        free      shared  buff/cache   available
Mem:          33447        4038        1096         168       28312       28743
Swap:          2147         438        1708
Total:        35595        4477        2805

              total        used        free      shared  buff/cache   available
Mem:          33447        4073        1061         168       28313       28709
Swap:          2147         438        1708
Total:        35595        4511        2770

              total        used        free      shared  buff/cache   available
Mem:          33447        4049        1082         171       28315       28729
Swap:          2147         438        1708
Total:        35595        4488        2791

              total        used        free      shared  buff/cache   available
Mem:          33447        4047        1083         171       28316       28732
Swap:          2147         438        1708
Total:        35595        4485        2792

              total        used        free      shared  buff/cache   available
Mem:          33447        4045        1084         171       28317       28733
Swap:          2147         438        1708
Total:        35595        4483        2793

              total        used        free      shared  buff/cache   available
Mem:          33447        4065        1064         171       28317       28713
Swap:          2147         438        1708
Total:        35595        4504        2773

              total        used        free      shared  buff/cache   available
Mem:          33447        4062        1070         168       28314       28720
Swap:          2147         438        1708
Total:        35595        4500        2779

              total        used        free      shared  buff/cache   available
Mem:          33447        4037        1094         168       28315       28744
Swap:          2147         438        1708
Total:        35595        4476        2803

              total        used        free      shared  buff/cache   available
Mem:          33447        4040        1091         168       28315       28741
Swap:          2147         438        1708
Total:        35595        4479        2800

              total        used        free      shared  buff/cache   available
Mem:          33447        4055        1076         168       28315       28726
Swap:          2147         438        1708
Total:        35595        4494        2784

              total        used        free      shared  buff/cache   available
Mem:          33447        4046        1086         168       28315       28736
Swap:          2147         438        1708
Total:        35595        4484        2795

              total        used        free      shared  buff/cache   available
Mem:          33447        4044        1086         168       28316       28738
Swap:          2147         438        1708
Total:        35595        4482        2795

              total        used        free      shared  buff/cache   available
Mem:          33447        4038        1091         168       28317       28743
Swap:          2147         438        1708
Total:        35595        4477        2800

              total        used        free      shared  buff/cache   available
Mem:          33447        4048        1083         168       28315       28733
Swap:          2147         438        1708
Total:        35595        4486        2792

              total        used        free      shared  buff/cache   available
Mem:          33447        4045        1085         168       28316       28737
Swap:          2147         438        1708
Total:        35595        4483        2794

              total        used        free      shared  buff/cache   available
Mem:          33447        4040        1089         168       28317       28741
Swap:          2147         438        1708
Total:        35595        4478        2798

              total        used        free      shared  buff/cache   available
Mem:          33447        4058        1072         168       28316       28724
Swap:          2147         438        1708
Total:        35595        4496        2781

              total        used        free      shared  buff/cache   available
Mem:          33447        4048        1081         168       28317       28734
Swap:          2147         438        1708
Total:        35595        4487        2790

              total        used        free      shared  buff/cache   available
Mem:          33447        4053        1076         168       28317       28728
Swap:          2147         438        1708
Total:        35595        4492        2785

              total        used        free      shared  buff/cache   available
Mem:          33447        4051        1076         168       28319       28730
Swap:          2147         438        1708
Total:        35595        4489        2785

              total        used        free      shared  buff/cache   available
Mem:          33447        4049        1078         168       28319       28732
Swap:          2147         438        1708
Total:        35595        4487        2787

              total        used        free      shared  buff/cache   available
Mem:          33447        4073        1053         168       28320       28708
Swap:          2147         438        1708
Total:        35595        4512        2761

              total        used        free      shared  buff/cache   available
Mem:          33447        4063        1065         168       28318       28718
Swap:          2147         438        1708
Total:        35595        4502        2774

              total        used        free      shared  buff/cache   available
Mem:          33447        4058        1069         168       28319       28723
Swap:          2147         438        1708
Total:        35595        4497        2778

              total        used        free      shared  buff/cache   available
Mem:          33447        4042        1083         168       28321       28739
Swap:          2147         438        1708
Total:        35595        4481        2792

              total        used        free      shared  buff/cache   available
Mem:          33447        4075        1051         168       28320       28706
Swap:          2147         438        1708
Total:        35595        4513        2760

              total        used        free      shared  buff/cache   available
Mem:          33447        4049        1076         168       28320       28732
Swap:          2147         438        1708
Total:        35595        4488        2785

              total        used        free      shared  buff/cache   available
Mem:          33447        4055        1071         168       28320       28727
Swap:          2147         438        1708
Total:        35595        4493        2780

              total        used        free      shared  buff/cache   available
Mem:          33447        4058        1065         168       28323       28723
Swap:          2147         438        1708
Total:        35595        4496        2774

              total        used        free      shared  buff/cache   available
Mem:          33447        4009        1116         168       28322       28773
Swap:          2147         438        1708
Total:        35595        4447        2825

              total        used        free      shared  buff/cache   available
Mem:          33447        4006        1122         165       28318       28778
Swap:          2147         438        1708
Total:        35595        4445        2831

              total        used        free      shared  buff/cache   available
Mem:          33447        3992        1131         168       28323       28789
Swap:          2147         438        1708
Total:        35595        4431        2839

              total        used        free      shared  buff/cache   available
Mem:          33447        3988        1130         173       28329       28788
Swap:          2147         438        1708
Total:        35595        4426        2839

              total        used        free      shared  buff/cache   available
Mem:          33447        4106        1015         171       28325       28671
Swap:          2147         438        1708
Total:        35595        4545        2723

              total        used        free      shared  buff/cache   available
Mem:          33447        4088        1035         169       28323       28693
Swap:          2147         438        1708
Total:        35595        4526        2744

              total        used        free      shared  buff/cache   available
Mem:          33447        4085        1036         169       28325       28696
Swap:          2147         438        1708
Total:        35595        4523        2745

              total        used        free      shared  buff/cache   available
Mem:          33447        4082        1044         166       28321       28702
Swap:          2147         438        1708
Total:        35595        4520        2753

              total        used        free      shared  buff/cache   available
Mem:          33447        4067        1059         166       28321       28717
Swap:          2147         438        1708
Total:        35595        4505        2767

              total        used        free      shared  buff/cache   available
Mem:          33447        4080        1046         166       28321       28704
Swap:          2147         438        1708
Total:        35595        4518        2755

              total        used        free      shared  buff/cache   available
Mem:          33447        4063        1061         166       28323       28721
Swap:          2147         438        1708
Total:        35595        4501        2769

              total        used        free      shared  buff/cache   available
Mem:          33447        4060        1063         166       28323       28724
Swap:          2147         438        1708
Total:        35595        4498        2772

              total        used        free      shared  buff/cache   available
Mem:          33447        4063        1061         166       28322       28721
Swap:          2147         438        1708
Total:        35595        4501        2770

              total        used        free      shared  buff/cache   available
Mem:          33447        4055        1069         166       28323       28729
Swap:          2147         438        1708
Total:        35595        4493        2778

              total        used        free      shared  buff/cache   available
Mem:          33447        4063        1058         166       28324       28720
Swap:          2147         438        1708
Total:        35595        4502        2767

              total        used        free      shared  buff/cache   available
Mem:          33447        4079        1044         166       28323       28704
Swap:          2147         438        1708
Total:        35595        4518        2753

              total        used        free      shared  buff/cache   available
Mem:          33447        4062        1062         165       28322       28723
Swap:          2147         438        1708
Total:        35595        4500        2771

              total        used        free      shared  buff/cache   available
Mem:          33447        4060        1062         165       28324       28725
Swap:          2147         438        1708
Total:        35595        4499        2771

              total        used        free      shared  buff/cache   available
Mem:          33447        4098        1024         165       28324       28687
Swap:          2147         438        1708
Total:        35595        4536        2733

              total        used        free      shared  buff/cache   available
Mem:          33447        4065        1057         165       28324       28720
Swap:          2147         438        1708
Total:        35595        4503        2766

              total        used        free      shared  buff/cache   available
Mem:          33447        4073        1049         165       28324       28712
Swap:          2147         438        1708
Total:        35595        4511        2758

              total        used        free      shared  buff/cache   available
Mem:          33447        4062        1058         165       28325       28722
Swap:          2147         438        1708
Total:        35595        4501        2767

              total        used        free      shared  buff/cache   available
Mem:          33447        4082        1040         165       28325       28703
Swap:          2147         438        1708
Total:        35595        4520        2749

              total        used        free      shared  buff/cache   available
Mem:          33447        4070        1051         165       28325       28714
Swap:          2147         438        1708
Total:        35595        4509        2760

              total        used        free      shared  buff/cache   available
Mem:          33447        4063        1057         165       28326       28721
Swap:          2147         438        1708
Total:        35595        4502        2766

              total        used        free      shared  buff/cache   available
Mem:          33447        4054        1067         165       28326       28731
Swap:          2147         438        1708
Total:        35595        4492        2776

              total        used        free      shared  buff/cache   available
Mem:          33447        4054        1066         165       28326       28730
Swap:          2147         438        1708
Total:        35595        4493        2775

              total        used        free      shared  buff/cache   available
Mem:          33447        4055        1065         165       28326       28729
Swap:          2147         438        1708
Total:        35595        4494        2774

              total        used        free      shared  buff/cache   available
Mem:          33447        4058        1063         165       28326       28727
Swap:          2147         438        1708
Total:        35595        4496        2772

              total        used        free      shared  buff/cache   available
Mem:          33447        3951        1169         165       28326       28834
Swap:          2147         438        1708
Total:        35595        4389        2878

              total        used        free      shared  buff/cache   available
Mem:          33447        3906        1221         159       28320       28885
Swap:          2147         438        1708
Total:        35595        4344        2929

              total        used        free      shared  buff/cache   available
Mem:          33447        3907        1219         159       28320       28883
Swap:          2147         438        1708
Total:        35595        4346        2928

              total        used        free      shared  buff/cache   available
Mem:          33447        3906        1220         159       28320       28884
Swap:          2147         438        1708
Total:        35595        4345        2929

              total        used        free      shared  buff/cache   available
Mem:          33447        3905        1219         162       28323       28883
Swap:          2147         438        1708
Total:        35595        4343        2928

              total        used        free      shared  buff/cache   available
Mem:          33447        3906        1217         162       28323       28881
Swap:          2147         438        1708
Total:        35595        4345        2926
