RESET
CPU laptop 1745510125 2025/04/24 18:55:25 631695 100 12 2643804 5405462 68009 148707034 201654 0 72790 0 0 43913 100 0 0
SEP
CPU laptop 1745510126 2025/04/24 18:55:26 1 100 12 87 57 0 1049 1 0 0 0 0 27830 100 0 0
SEP
CPU laptop 1745510127 2025/04/24 18:55:27 1 100 12 86 56 0 1046 0 0 1 0 0 21975 100 0 0
SEP
CPU laptop 1745510128 2025/04/24 18:55:28 1 100 12 74 32 0 1090 1 0 0 0 0 20340 100 0 0
SEP
CPU laptop 1745510129 2025/04/24 18:55:29 1 100 12 73 36 0 1086 3 0 0 0 0 21543 100 0 0
SEP
CPU laptop 1745510130 2025/04/24 18:55:30 1 100 12 75 32 0 1087 3 0 0 0 0 21864 100 0 0
SEP
CPU laptop 1745510131 2025/04/24 18:55:31 1 100 12 76 33 0 1089 0 0 0 0 0 22205 100 0 0
SEP
CPU laptop 1745510132 2025/04/24 18:55:32 1 100 12 73 33 0 1090 1 0 0 0 0 22679 100 0 0
SEP
CPU laptop 1745510133 2025/04/24 18:55:33 1 100 12 75 31 0 1092 1 0 0 0 0 21924 100 0 0
SEP
CPU laptop 1745510134 2025/04/24 18:55:34 1 100 12 74 34 0 1089 1 0 0 0 0 20811 100 0 0
SEP
CPU laptop 1745510135 2025/04/24 18:55:35 1 100 12 75 34 0 1088 1 0 0 0 0 21951 100 0 0
SEP
CPU laptop 1745510136 2025/04/24 18:55:36 1 100 12 182 195 1 775 25 0 2 0 0 35402 100 0 0
SEP
CPU laptop 1745510137 2025/04/24 18:55:37 1 100 12 156 200 1 800 17 0 1 0 0 26333 100 0 0
SEP
CPU laptop 1745510138 2025/04/24 18:55:38 1 100 12 164 288 1 700 19 0 1 0 0 27699 100 0 0
SEP
CPU laptop 1745510139 2025/04/24 18:55:39 1 100 12 167 193 1 789 28 0 2 0 0 35111 100 0 0
SEP
CPU laptop 1745510140 2025/04/24 18:55:40 1 100 12 143 191 1 820 19 0 1 0 0 25643 100 0 0
SEP
CPU laptop 1745510141 2025/04/24 18:55:41 1 100 12 158 270 0 731 20 0 1 0 0 27896 100 0 0
SEP
CPU laptop 1745510142 2025/04/24 18:55:42 1 100 12 162 193 2 792 27 0 1 0 0 34900 100 0 0
SEP
CPU laptop 1745510143 2025/04/24 18:55:43 1 100 12 150 239 1 773 19 0 2 0 0 25448 100 0 0
SEP
CPU laptop 1745510144 2025/04/24 18:55:44 1 100 12 152 272 1 730 23 0 1 0 0 22464 100 0 0
SEP
CPU laptop 1745510145 2025/04/24 18:55:45 1 100 12 162 222 1 770 28 0 1 0 0 30467 100 0 0
SEP
CPU laptop 1745510146 2025/04/24 18:55:46 1 100 12 147 240 1 774 18 0 0 0 0 47896 100 0 0
SEP
CPU laptop 1745510147 2025/04/24 18:55:47 1 100 12 162 211 1 786 21 0 1 0 0 38256 100 0 0
SEP
CPU laptop 1745510148 2025/04/24 18:55:48 1 100 12 160 197 1 792 27 0 2 0 0 23454 100 0 0
SEP
CPU laptop 1745510149 2025/04/24 18:55:49 1 100 12 158 297 1 712 14 0 1 0 0 39706 100 0 0
SEP
CPU laptop 1745510150 2025/04/24 18:55:50 1 100 12 152 185 1 816 25 0 1 0 0 29912 100 0 0
SEP
CPU laptop 1745510151 2025/04/24 18:55:51 1 100 12 162 196 1 794 24 0 1 0 0 30543 100 0 0
SEP
CPU laptop 1745510152 2025/04/24 18:55:52 1 100 12 146 279 1 740 17 0 1 0 0 26789 100 0 0
SEP
CPU laptop 1745510153 2025/04/24 18:55:53 1 100 12 168 195 2 786 29 0 4 0 0 26442 100 0 0
SEP
CPU laptop 1745510154 2025/04/24 18:55:54 1 100 12 148 188 1 823 20 0 1 0 0 23778 100 0 0
SEP
CPU laptop 1745510155 2025/04/24 18:55:55 1 100 12 158 267 1 734 21 0 1 0 0 24248 100 0 0
SEP
CPU laptop 1745510156 2025/04/24 18:55:56 1 100 12 168 198 2 785 28 0 0 0 0 33597 100 0 0
SEP
CPU laptop 1745510157 2025/04/24 18:55:57 1 100 12 146 215 0 799 18 0 1 0 0 47818 100 0 0
SEP
CPU laptop 1745510158 2025/04/24 18:55:58 1 100 12 162 245 2 753 23 0 1 0 0 28816 100 0 0
SEP
CPU laptop 1745510159 2025/04/24 18:55:59 1 100 12 162 236 1 753 27 0 0 0 0 24678 100 0 0
SEP
CPU laptop 1745510160 2025/04/24 18:56:00 1 100 12 153 186 1 821 19 0 1 0 0 22716 100 0 0
SEP
CPU laptop 1745510161 2025/04/24 18:56:01 1 100 12 156 265 0 736 18 0 2 0 0 30127 100 0 0
SEP
CPU laptop 1745510162 2025/04/24 18:56:02 1 100 12 161 210 2 778 28 0 1 0 0 27256 100 0 0
SEP
CPU laptop 1745510163 2025/04/24 18:56:03 1 100 12 150 182 1 827 18 0 1 0 0 26415 100 0 0
SEP
CPU laptop 1745510164 2025/04/24 18:56:04 1 100 12 154 280 1 727 19 0 1 0 0 27894 100 0 0
SEP
CPU laptop 1745510165 2025/04/24 18:56:05 1 100 12 175 220 2 751 31 0 2 0 0 29458 100 0 0
SEP
CPU laptop 1745510166 2025/04/24 18:56:06 1 100 12 154 195 1 810 19 0 0 0 0 23201 100 0 0
SEP
CPU laptop 1745510167 2025/04/24 18:56:07 1 100 12 147 266 1 745 21 0 1 0 0 27070 100 0 0
SEP
CPU laptop 1745510168 2025/04/24 18:56:08 1 100 12 161 189 1 801 25 0 1 0 0 32598 100 0 0
SEP
CPU laptop 1745510169 2025/04/24 18:56:09 1 100 12 149 244 1 771 18 0 1 0 0 25259 100 0 0
SEP
CPU laptop 1745510170 2025/04/24 18:56:10 1 100 12 152 266 1 742 21 0 1 0 0 27847 100 0 0
SEP
CPU laptop 1745510171 2025/04/24 18:56:11 1 100 12 175 188 1 786 27 0 1 0 0 38331 100 0 0
SEP
CPU laptop 1745510172 2025/04/24 18:56:12 1 100 12 151 234 1 782 18 0 2 0 0 47730 100 0 0
SEP
CPU laptop 1745510173 2025/04/24 18:56:13 1 100 12 167 264 1 729 22 0 1 0 0 30753 100 0 0
SEP
CPU laptop 1745510174 2025/04/24 18:56:14 1 100 12 164 191 1 794 26 0 1 0 0 47493 100 0 0
SEP
CPU laptop 1745510175 2025/04/24 18:56:15 1 100 12 150 280 1 735 16 0 1 0 0 47777 100 0 0
SEP
CPU laptop 1745510176 2025/04/24 18:56:16 1 100 12 165 175 1 811 27 0 0 0 0 33377 100 0 0
SEP
CPU laptop 1745510177 2025/04/24 18:56:17 1 100 12 161 192 1 799 25 0 2 0 0 25622 100 0 0
SEP
CPU laptop 1745510178 2025/04/24 18:56:18 1 100 12 161 257 1 744 18 0 1 0 0 47900 100 0 0
SEP
CPU laptop 1745510179 2025/04/24 18:56:19 1 100 12 161 197 2 801 21 0 1 0 0 31905 100 0 0
SEP
CPU laptop 1745510180 2025/04/24 18:56:20 1 100 12 157 189 1 805 25 0 1 0 0 37190 100 0 0
SEP
CPU laptop 1745510181 2025/04/24 18:56:21 1 100 12 146 242 1 769 19 0 2 0 0 47896 100 0 0
SEP
CPU laptop 1745510182 2025/04/24 18:56:22 1 100 12 157 203 1 791 24 0 1 0 0 26062 100 0 0
SEP
CPU laptop 1745510183 2025/04/24 18:56:23 1 100 12 161 185 2 802 23 0 3 0 0 23571 100 0 0
SEP
CPU laptop 1745510184 2025/04/24 18:56:24 1 100 12 145 277 1 740 18 0 1 0 0 47478 100 0 0
SEP
CPU laptop 1745510185 2025/04/24 18:56:25 1 100 12 173 230 1 754 24 0 1 0 0 20464 100 0 0
SEP
CPU laptop 1745510186 2025/04/24 18:56:26 1 100 12 164 192 1 798 25 0 0 0 0 30260 100 0 0
SEP
CPU laptop 1745510187 2025/04/24 18:56:27 1 100 12 155 187 1 817 20 0 1 0 0 23946 100 0 0
SEP
CPU laptop 1745510188 2025/04/24 18:56:28 1 100 12 156 262 1 740 21 0 2 0 0 23792 100 0 0
SEP
CPU laptop 1745510189 2025/04/24 18:56:29 1 100 12 165 203 1 787 25 0 1 0 0 43850 100 0 0
SEP
CPU laptop 1745510190 2025/04/24 18:56:30 1 100 12 152 242 1 768 18 0 0 0 0 42854 100 0 0
SEP
CPU laptop 1745510191 2025/04/24 18:56:31 1 100 12 154 270 2 734 22 0 1 0 0 23439 100 0 0
SEP
CPU laptop 1745510192 2025/04/24 18:56:32 1 100 12 167 191 0 793 27 0 1 0 0 30293 100 0 0
SEP
CPU laptop 1745510193 2025/04/24 18:56:33 1 100 12 157 197 1 811 18 0 0 0 0 26374 100 0 0
SEP
CPU laptop 1745510194 2025/04/24 18:56:34 1 100 12 152 257 1 746 19 0 2 0 0 23458 100 0 0
SEP
CPU laptop 1745510195 2025/04/24 18:56:35 1 100 12 171 211 1 774 27 0 1 0 0 30915 100 0 0
SEP
CPU laptop 1745510196 2025/04/24 18:56:36 1 100 12 155 190 2 805 26 0 1 0 0 24504 100 0 0
SEP
CPU laptop 1745510197 2025/04/24 18:56:37 1 100 12 146 267 0 750 17 0 1 0 0 23904 100 0 0
SEP
CPU laptop 1745510198 2025/04/24 18:56:38 1 100 12 165 211 2 771 29 0 0 0 0 34172 100 0 0
SEP
CPU laptop 1745510199 2025/04/24 18:56:39 1 100 12 150 190 1 821 17 0 1 0 0 24771 100 0 0
SEP
CPU laptop 1745510200 2025/04/24 18:56:40 1 100 12 149 295 1 713 20 0 0 0 0 24163 100 0 0
SEP
CPU laptop 1745510201 2025/04/24 18:56:41 1 100 12 160 186 1 802 29 0 1 0 0 42231 100 0 0
SEP
CPU laptop 1745510202 2025/04/24 18:56:42 1 100 12 149 221 1 790 18 0 2 0 0 47900 100 0 0
SEP
CPU laptop 1745510203 2025/04/24 18:56:43 1 100 12 154 280 0 724 20 0 0 0 0 26785 100 0 0
SEP
CPU laptop 1745510204 2025/04/24 18:56:44 1 100 12 166 195 2 787 29 0 1 0 0 33220 100 0 0
SEP
CPU laptop 1745510205 2025/04/24 18:56:45 1 100 12 143 241 1 777 20 0 1 0 0 47808 100 0 0
SEP
CPU laptop 1745510206 2025/04/24 18:56:46 1 100 12 150 273 1 733 19 0 2 0 0 23064 100 0 0
SEP
CPU laptop 1745510207 2025/04/24 18:56:47 1 100 12 160 193 1 795 30 0 1 0 0 33572 100 0 0
SEP
CPU laptop 1745510208 2025/04/24 18:56:48 1 100 12 151 189 0 820 18 0 2 0 0 25758 100 0 0
SEP
CPU laptop 1745510209 2025/04/24 18:56:49 1 100 12 169 282 1 704 20 0 1 0 0 26709 100 0 0
SEP
CPU laptop 1745510210 2025/04/24 18:56:50 1 100 12 135 174 1 856 17 0 2 0 0 24062 100 0 0
SEP
CPU laptop 1745510211 2025/04/24 18:56:51 1 100 12 74 35 0 1087 0 0 0 0 0 20991 100 0 0
SEP
CPU laptop 1745510212 2025/04/24 18:56:52 1 100 12 76 31 0 1090 1 0 0 0 0 23386 100 0 0
SEP
CPU laptop 1745510213 2025/04/24 18:56:53 1 100 12 83 36 0 1079 0 0 0 0 0 23305 100 0 0
SEP
CPU laptop 1745510214 2025/04/24 18:56:54 1 100 12 73 30 0 1093 1 0 0 0 0 24519 100 0 0
SEP
CPU laptop 1745510215 2025/04/24 18:56:55 1 100 12 73 30 0 1092 3 0 0 0 0 24184 100 0 0
SEP
CPU laptop 1745510216 2025/04/24 18:56:56 1 100 12 73 33 0 1091 1 0 0 0 0 20366 100 0 0
SEP
CPU laptop 1745510217 2025/04/24 18:56:57 1 100 12 74 30 0 1094 0 0 0 0 0 21318 100 0 0
SEP
CPU laptop 1745510218 2025/04/24 18:56:58 1 100 12 71 33 0 1093 1 0 0 0 0 20448 100 0 0
SEP
CPU laptop 1745510219 2025/04/24 18:56:59 1 100 12 72 33 0 1092 1 0 0 0 0 23152 100 0 0
SEP
