562 
545 
524 
515 
484 
497 
536 
519 
555 
529 
531 
483 
525 
546 
529 
467 
590 
578 
519 
496 
509 
515 
481 
526 
493 
538 
563 
475 
490 
538 
542 
577 
512 
516 
475 
474 
523 
520 
528 
494 
523 
476 
505 
502 
469 
517 
510 
560 
507 
517 
504 
535 
534 
547 
564 
493 
596 
712 
564 
451 
542 
584 
639 
552 
529 
555 
619 
523 
478 
474 
520 
530 
485 
545 
496 
562 
560 
569 
471 
518 
509 
556 
484 
527 
529 
513 
495 
539 
476 
559 
561 
601 
523 
508 
490 
518 
559 
531 
518 
540 
