               total        used        free      shared  buff/cache   available
Mem:           14514        4543         568         178        9403        9454
Swap:           2147           3        2144
Total:         16662        4546        2712

               total        used        free      shared  buff/cache   available
Mem:           14514        4541         569         178        9403        9456
Swap:           2147           3        2144
Total:         16662        4545        2713

               total        used        free      shared  buff/cache   available
Mem:           14514        4537         574         178        9403        9461
Swap:           2147           3        2144
Total:         16662        4540        2718

               total        used        free      shared  buff/cache   available
Mem:           14514        4528         585         175        9399        9472
Swap:           2147           3        2144
Total:         16662        4532        2729

               total        used        free      shared  buff/cache   available
Mem:           14514        4519         594         175        9399        9481
Swap:           2147           3        2144
Total:         16662        4523        2738

               total        used        free      shared  buff/cache   available
Mem:           14514        4512         602         175        9400        9489
Swap:           2147           3        2144
Total:         16662        4515        2746

               total        used        free      shared  buff/cache   available
Mem:           14514        4511         603         175        9400        9489
Swap:           2147           3        2144
Total:         16662        4514        2747

               total        used        free      shared  buff/cache   available
Mem:           14514        4510         604         175        9400        9490
Swap:           2147           3        2144
Total:         16662        4514        2748

               total        used        free      shared  buff/cache   available
Mem:           14514        4509         604         175        9400        9491
Swap:           2147           3        2144
Total:         16662        4513        2749

               total        used        free      shared  buff/cache   available
Mem:           14514        4495         619         175        9400        9506
Swap:           2147           3        2144
Total:         16662        4498        2763

               total        used        free      shared  buff/cache   available
Mem:           14514        4493         621         175        9400        9507
Swap:           2147           3        2144
Total:         16662        4496        2765

               total        used        free      shared  buff/cache   available
Mem:           14514        4553         558         178        9403        9445
Swap:           2147           3        2144
Total:         16662        4556        2702

               total        used        free      shared  buff/cache   available
Mem:           14514        4580         527         180        9406        9415
Swap:           2147           3        2144
Total:         16662        4584        2671

               total        used        free      shared  buff/cache   available
Mem:           14514        4620         487         180        9406        9375
Swap:           2147           3        2144
Total:         16662        4624        2631

               total        used        free      shared  buff/cache   available
Mem:           14514        4595         527         166        9392        9415
Swap:           2147           3        2144
Total:         16662        4598        2671

               total        used        free      shared  buff/cache   available
Mem:           14514        4600         521         166        9392        9410
Swap:           2147           3        2144
Total:         16662        4603        2665

               total        used        free      shared  buff/cache   available
Mem:           14514        4564         556         166        9393        9445
Swap:           2147           3        2144
Total:         16662        4568        2700

               total        used        free      shared  buff/cache   available
Mem:           14514        4577         544         166        9392        9432
Swap:           2147           3        2144
Total:         16662        4581        2688

               total        used        free      shared  buff/cache   available
Mem:           14514        4576         544         166        9393        9433
Swap:           2147           3        2144
Total:         16662        4580        2688

               total        used        free      shared  buff/cache   available
Mem:           14514        4543         578         166        9393        9467
Swap:           2147           3        2144
Total:         16662        4546        2722

               total        used        free      shared  buff/cache   available
Mem:           14514        4553         567         166        9393        9456
Swap:           2147           3        2144
Total:         16662        4556        2711

               total        used        free      shared  buff/cache   available
Mem:           14514        4573         546         166        9394        9436
Swap:           2147           3        2144
Total:         16662        4576        2690

               total        used        free      shared  buff/cache   available
Mem:           14514        4546         574         166        9393        9463
Swap:           2147           3        2144
Total:         16662        4549        2718

               total        used        free      shared  buff/cache   available
Mem:           14514        4541         578         166        9394        9468
Swap:           2147           3        2144
Total:         16662        4545        2722

               total        used        free      shared  buff/cache   available
Mem:           14514        4587         532         166        9394        9422
Swap:           2147           3        2144
Total:         16662        4590        2676

               total        used        free      shared  buff/cache   available
Mem:           14514        4591         528         166        9394        9418
Swap:           2147           3        2144
Total:         16662        4595        2672

               total        used        free      shared  buff/cache   available
Mem:           14514        4618         501         166        9394        9392
Swap:           2147           3        2144
Total:         16662        4621        2646

               total        used        free      shared  buff/cache   available
Mem:           14514        4646         472         166        9395        9363
Swap:           2147           3        2144
Total:         16662        4650        2616

               total        used        free      shared  buff/cache   available
Mem:           14514        4612         507         166        9394        9397
Swap:           2147           3        2144
Total:         16662        4616        2651

               total        used        free      shared  buff/cache   available
Mem:           14514        4619         498         166        9396        9390
Swap:           2147           3        2144
Total:         16662        4623        2643

               total        used        free      shared  buff/cache   available
Mem:           14514        4630         487         166        9396        9379
Swap:           2147           3        2144
Total:         16662        4634        2631

               total        used        free      shared  buff/cache   available
Mem:           14514        4640         478         166        9395        9369
Swap:           2147           3        2144
Total:         16662        4644        2622

               total        used        free      shared  buff/cache   available
Mem:           14514        4622         495         166        9396        9388
Swap:           2147           3        2144
Total:         16662        4625        2639

               total        used        free      shared  buff/cache   available
Mem:           14514        4603         514         166        9396        9406
Swap:           2147           3        2144
Total:         16662        4607        2658

               total        used        free      shared  buff/cache   available
Mem:           14514        4645         472         166        9396        9364
Swap:           2147           3        2144
Total:         16662        4648        2616

               total        used        free      shared  buff/cache   available
Mem:           14514        4617         499         166        9397        9392
Swap:           2147           3        2144
Total:         16662        4621        2643

               total        used        free      shared  buff/cache   available
Mem:           14514        4658         458         166        9397        9351
Swap:           2147           3        2144
Total:         16662        4661        2602

               total        used        free      shared  buff/cache   available
Mem:           14514        4618         499         166        9397        9391
Swap:           2147           3        2144
Total:         16662        4621        2643

               total        used        free      shared  buff/cache   available
Mem:           14514        4675         441         166        9397        9334
Swap:           2147           3        2144
Total:         16662        4678        2585

               total        used        free      shared  buff/cache   available
Mem:           14514        4676         439         166        9398        9333
Swap:           2147           3        2144
Total:         16662        4679        2583

               total        used        free      shared  buff/cache   available
Mem:           14514        4632         484         166        9397        9378
Swap:           2147           3        2144
Total:         16662        4635        2628

               total        used        free      shared  buff/cache   available
Mem:           14514        4648         464         169        9401        9358
Swap:           2147           3        2144
Total:         16662        4651        2608

               total        used        free      shared  buff/cache   available
Mem:           14514        4618         495         169        9401        9389
Swap:           2147           3        2144
Total:         16662        4621        2639

               total        used        free      shared  buff/cache   available
Mem:           14514        4638         474         169        9402        9368
Swap:           2147           3        2144
Total:         16662        4641        2618

               total        used        free      shared  buff/cache   available
Mem:           14514        4597         517         166        9399        9412
Swap:           2147           3        2144
Total:         16662        4600        2661

               total        used        free      shared  buff/cache   available
Mem:           14514        4572         542         166        9399        9437
Swap:           2147           3        2144
Total:         16662        4576        2686

               total        used        free      shared  buff/cache   available
Mem:           14514        4594         520         166        9399        9415
Swap:           2147           3        2144
Total:         16662        4597        2664

               total        used        free      shared  buff/cache   available
Mem:           14514        4605         508         166        9400        9404
Swap:           2147           3        2144
Total:         16662        4609        2652

               total        used        free      shared  buff/cache   available
Mem:           14514        4585         528         166        9399        9424
Swap:           2147           3        2144
Total:         16662        4589        2673

               total        used        free      shared  buff/cache   available
Mem:           14514        4606         507         166        9400        9403
Swap:           2147           3        2144
Total:         16662        4610        2651

               total        used        free      shared  buff/cache   available
Mem:           14514        4582         530         166        9401        9427
Swap:           2147           3        2144
Total:         16662        4585        2675

               total        used        free      shared  buff/cache   available
Mem:           14514        4557         556         166        9400        9452
Swap:           2147           3        2144
Total:         16662        4560        2700

               total        used        free      shared  buff/cache   available
Mem:           14514        4587         526         166        9400        9422
Swap:           2147           3        2144
Total:         16662        4591        2670

               total        used        free      shared  buff/cache   available
Mem:           14514        4609         502         166        9402        9400
Swap:           2147           3        2144
Total:         16662        4613        2646

               total        used        free      shared  buff/cache   available
Mem:           14514        4557         555         166        9401        9452
Swap:           2147           3        2144
Total:         16662        4560        2699

               total        used        free      shared  buff/cache   available
Mem:           14514        4577         535         166        9401        9432
Swap:           2147           3        2144
Total:         16662        4581        2679

               total        used        free      shared  buff/cache   available
Mem:           14514        4582         529         166        9402        9427
Swap:           2147           3        2144
Total:         16662        4585        2673

               total        used        free      shared  buff/cache   available
Mem:           14514        4547         565         166        9401        9462
Swap:           2147           3        2144
Total:         16662        4550        2709

               total        used        free      shared  buff/cache   available
Mem:           14514        4561         550         166        9402        9448
Swap:           2147           3        2144
Total:         16662        4565        2694

               total        used        free      shared  buff/cache   available
Mem:           14514        4541         569         166        9403        9468
Swap:           2147           3        2144
Total:         16662        4545        2713

               total        used        free      shared  buff/cache   available
Mem:           14514        4542         569         166        9402        9468
Swap:           2147           3        2144
Total:         16662        4545        2713

               total        used        free      shared  buff/cache   available
Mem:           14514        4559         552         166        9403        9450
Swap:           2147           3        2144
Total:         16662        4562        2696

               total        used        free      shared  buff/cache   available
Mem:           14514        4576         534         166        9404        9433
Swap:           2147           3        2144
Total:         16662        4579        2678

               total        used        free      shared  buff/cache   available
Mem:           14514        4545         565         166        9403        9464
Swap:           2147           3        2144
Total:         16662        4549        2709

               total        used        free      shared  buff/cache   available
Mem:           14514        4570         540         166        9403        9440
Swap:           2147           3        2144
Total:         16662        4573        2684

               total        used        free      shared  buff/cache   available
Mem:           14514        4554         555         166        9404        9455
Swap:           2147           3        2144
Total:         16662        4557        2699

               total        used        free      shared  buff/cache   available
Mem:           14514        4518         592         166        9404        9491
Swap:           2147           3        2144
Total:         16662        4521        2736

               total        used        free      shared  buff/cache   available
Mem:           14514        4534         575         166        9404        9475
Swap:           2147           3        2144
Total:         16662        4537        2719

               total        used        free      shared  buff/cache   available
Mem:           14514        4542         566         166        9405        9467
Swap:           2147           3        2144
Total:         16662        4545        2710

               total        used        free      shared  buff/cache   available
Mem:           14514        4526         582         166        9405        9483
Swap:           2147           3        2144
Total:         16662        4530        2726

               total        used        free      shared  buff/cache   available
Mem:           14514        4514         595         166        9405        9495
Swap:           2147           3        2144
Total:         16662        4517        2739

               total        used        free      shared  buff/cache   available
Mem:           14514        4533         572         169        9408        9473
Swap:           2147           3        2144
Total:         16662        4536        2716

               total        used        free      shared  buff/cache   available
Mem:           14514        4534         570         169        9409        9472
Swap:           2147           3        2144
Total:         16662        4538        2714

               total        used        free      shared  buff/cache   available
Mem:           14514        4538         567         169        9409        9468
Swap:           2147           3        2144
Total:         16662        4541        2711

               total        used        free      shared  buff/cache   available
Mem:           14514        4576         531         166        9406        9433
Swap:           2147           3        2144
Total:         16662        4579        2675

               total        used        free      shared  buff/cache   available
Mem:           14514        4559         548         166        9406        9450
Swap:           2147           3        2144
Total:         16662        4562        2692

               total        used        free      shared  buff/cache   available
Mem:           14514        4547         560         166        9406        9462
Swap:           2147           3        2144
Total:         16662        4550        2704

               total        used        free      shared  buff/cache   available
Mem:           14514        4570         535         166        9407        9439
Swap:           2147           3        2144
Total:         16662        4574        2679

               total        used        free      shared  buff/cache   available
Mem:           14514        4534         571         166        9408        9475
Swap:           2147           3        2144
Total:         16662        4538        2716

               total        used        free      shared  buff/cache   available
Mem:           14514        4546         560         166        9407        9463
Swap:           2147           3        2144
Total:         16662        4550        2704

               total        used        free      shared  buff/cache   available
Mem:           14514        4556         549         166        9408        9453
Swap:           2147           3        2144
Total:         16662        4559        2693

               total        used        free      shared  buff/cache   available
Mem:           14514        4534         572         166        9407        9475
Swap:           2147           3        2144
Total:         16662        4537        2716

               total        used        free      shared  buff/cache   available
Mem:           14514        4529         576         166        9408        9480
Swap:           2147           3        2144
Total:         16662        4533        2720

               total        used        free      shared  buff/cache   available
Mem:           14514        4542         563         166        9409        9467
Swap:           2147           3        2144
Total:         16662        4545        2707

               total        used        free      shared  buff/cache   available
Mem:           14514        4576         529         166        9408        9433
Swap:           2147           3        2144
Total:         16662        4580        2673

               total        used        free      shared  buff/cache   available
Mem:           14514        4581         524         166        9408        9428
Swap:           2147           3        2144
Total:         16662        4584        2668

               total        used        free      shared  buff/cache   available
Mem:           14514        4578         527         166        9408        9431
Swap:           2147           3        2144
Total:         16662        4582        2671

               total        used        free      shared  buff/cache   available
Mem:           14514        4576         529         166        9408        9433
Swap:           2147           3        2144
Total:         16662        4579        2673

               total        used        free      shared  buff/cache   available
Mem:           14514        4545         560         166        9408        9464
Swap:           2147           3        2144
Total:         16662        4549        2704

               total        used        free      shared  buff/cache   available
Mem:           14514        4540         566         166        9408        9469
Swap:           2147           3        2144
Total:         16662        4543        2710

               total        used        free      shared  buff/cache   available
Mem:           14514        4532         573         166        9408        9477
Swap:           2147           3        2144
Total:         16662        4535        2717

               total        used        free      shared  buff/cache   available
Mem:           14514        4528         577         166        9408        9481
Swap:           2147           3        2144
Total:         16662        4531        2721

               total        used        free      shared  buff/cache   available
Mem:           14514        4524         581         166        9408        9485
Swap:           2147           3        2144
Total:         16662        4527        2725

               total        used        free      shared  buff/cache   available
Mem:           14514        4520         585         166        9408        9489
Swap:           2147           3        2144
Total:         16662        4524        2729

               total        used        free      shared  buff/cache   available
Mem:           14514        4514         591         166        9408        9495
Swap:           2147           3        2144
Total:         16662        4517        2735
