RESET
CPU yadrolab-wp11 1745514304 2025/04/24 20:05:04 2100927 100 24 14846500 20927571 1158026 5001019109 156002 0 15873 0 0 78509 100 0 0
SEP
CPU yadrolab-wp11 1745514305 2025/04/24 20:05:05 1 100 24 15 5 1 2377 0 0 0 0 0 76582 100 0 0
SEP
CPU yadrolab-wp11 1745514306 2025/04/24 20:05:06 1 100 24 15 6 1 2370 0 0 0 0 0 74497 100 0 0
SEP
CPU yadrolab-wp11 1745514307 2025/04/24 20:05:07 1 100 24 12 6 1 2377 0 0 0 0 0 74597 100 0 0
SEP
CPU yadrolab-wp11 1745514308 2025/04/24 20:05:08 1 100 24 13 6 11 2368 1 0 0 0 0 76953 100 0 0
SEP
CPU yadrolab-wp11 1745514309 2025/04/24 20:05:09 1 100 24 12 8 1 2377 0 0 0 0 0 74656 100 0 0
SEP
CPU yadrolab-wp11 1745514310 2025/04/24 20:05:10 1 100 24 13 7 2 2373 0 0 0 0 0 74560 100 0 0
SEP
CPU yadrolab-wp11 1745514311 2025/04/24 20:05:11 1 100 24 16 5 1 2375 0 0 0 0 0 74400 100 0 0
SEP
CPU yadrolab-wp11 1745514312 2025/04/24 20:05:12 1 100 24 12 7 2 2377 0 0 0 0 0 76648 100 0 0
SEP
CPU yadrolab-wp11 1745514313 2025/04/24 20:05:13 1 100 24 13 9 0 2373 0 0 0 0 0 76340 100 0 0
SEP
CPU yadrolab-wp11 1745514314 2025/04/24 20:05:14 1 100 24 16 6 3 2375 0 0 0 0 0 70039 100 0 0
SEP
CPU yadrolab-wp11 1745514315 2025/04/24 20:05:15 1 100 24 103 312 4 1985 2 0 0 0 0 75521 100 0 0
SEP
CPU yadrolab-wp11 1745514316 2025/04/24 20:05:16 1 100 24 57 496 3 1841 2 0 0 0 0 79672 100 0 0
SEP
CPU yadrolab-wp11 1745514317 2025/04/24 20:05:17 1 100 24 55 299 3 2030 2 0 0 0 0 78293 100 0 0
SEP
CPU yadrolab-wp11 1745514318 2025/04/24 20:05:18 1 100 24 90 336 3 1967 4 0 0 0 0 69802 100 0 0
SEP
CPU yadrolab-wp11 1745514319 2025/04/24 20:05:19 1 100 24 58 486 6 1831 1 0 0 0 0 78880 100 0 0
SEP
CPU yadrolab-wp11 1745514320 2025/04/24 20:05:20 1 100 24 68 309 5 1995 2 0 0 0 0 79871 100 0 0
SEP
CPU yadrolab-wp11 1745514321 2025/04/24 20:05:21 1 100 24 91 336 3 1975 3 0 1 0 0 76509 100 0 0
SEP
CPU yadrolab-wp11 1745514322 2025/04/24 20:05:22 1 100 24 51 324 4 2005 4 0 0 0 0 107816 100 0 0
SEP
CPU yadrolab-wp11 1745514323 2025/04/24 20:05:23 1 100 24 62 481 2 1830 3 0 0 0 0 79350 100 0 0
SEP
CPU yadrolab-wp11 1745514324 2025/04/24 20:05:24 1 100 24 58 307 2 2024 1 0 0 0 0 78721 100 0 0
SEP
CPU yadrolab-wp11 1745514325 2025/04/24 20:05:25 1 100 24 80 333 2 1960 3 0 0 0 0 78500 100 0 0
SEP
CPU yadrolab-wp11 1745514326 2025/04/24 20:05:26 1 100 24 80 498 3 1789 2 0 0 0 0 79410 100 0 0
SEP
CPU yadrolab-wp11 1745514327 2025/04/24 20:05:27 1 100 24 58 305 4 2020 1 0 0 0 0 80258 100 0 0
SEP
CPU yadrolab-wp11 1745514328 2025/04/24 20:05:28 1 100 24 62 312 2 2014 3 0 0 0 0 65281 100 0 0
SEP
CPU yadrolab-wp11 1745514329 2025/04/24 20:05:29 1 100 24 112 356 5 1908 3 0 0 0 0 75312 100 0 0
SEP
CPU yadrolab-wp11 1745514330 2025/04/24 20:05:30 1 100 24 65 486 2 1837 1 0 0 0 0 79532 100 0 0
SEP
CPU yadrolab-wp11 1745514331 2025/04/24 20:05:31 1 100 24 72 312 6 2001 2 0 0 0 0 77291 100 0 0
SEP
CPU yadrolab-wp11 1745514332 2025/04/24 20:05:32 1 100 24 110 354 3 1908 4 0 0 0 0 75797 100 0 0
SEP
CPU yadrolab-wp11 1745514333 2025/04/24 20:05:33 1 100 24 52 490 2 1832 1 0 0 0 0 80525 100 0 0
SEP
CPU yadrolab-wp11 1745514334 2025/04/24 20:05:34 1 100 24 63 296 1 2024 3 0 0 0 0 78750 100 0 0
SEP
CPU yadrolab-wp11 1745514335 2025/04/24 20:05:35 1 100 24 74 319 2 1977 2 0 0 0 0 63301 100 0 0
SEP
CPU yadrolab-wp11 1745514336 2025/04/24 20:05:36 1 100 24 68 507 4 1810 3 0 0 0 0 95821 100 0 0
SEP
CPU yadrolab-wp11 1745514337 2025/04/24 20:05:37 1 100 24 42 309 1 2025 2 0 0 0 0 80340 100 0 0
SEP
CPU yadrolab-wp11 1745514338 2025/04/24 20:05:38 1 100 24 69 327 3 1978 5 0 0 0 0 77034 100 0 0
SEP
CPU yadrolab-wp11 1745514339 2025/04/24 20:05:39 1 100 24 77 325 4 1968 3 0 0 0 0 75558 100 0 0
SEP
CPU yadrolab-wp11 1745514340 2025/04/24 20:05:40 1 100 24 43 498 4 1831 1 0 0 0 0 81305 100 0 0
SEP
CPU yadrolab-wp11 1745514341 2025/04/24 20:05:41 1 100 24 65 295 4 2019 2 0 0 0 0 78742 100 0 0
SEP
CPU yadrolab-wp11 1745514342 2025/04/24 20:05:42 1 100 24 54 313 2 2015 3 0 0 0 0 83491 100 0 0
SEP
CPU yadrolab-wp11 1745514343 2025/04/24 20:05:43 1 100 24 62 439 2 1901 5 0 0 0 0 107906 100 0 0
SEP
CPU yadrolab-wp11 1745514344 2025/04/24 20:05:44 1 100 24 54 365 3 1951 1 0 0 0 0 79258 100 0 0
SEP
CPU yadrolab-wp11 1745514345 2025/04/24 20:05:45 1 100 24 67 307 3 1997 2 0 0 0 0 75834 100 0 0
SEP
CPU yadrolab-wp11 1745514346 2025/04/24 20:05:46 1 100 24 72 336 4 1979 3 0 0 0 0 76356 100 0 0
SEP
CPU yadrolab-wp11 1745514347 2025/04/24 20:05:47 1 100 24 54 488 2 1847 2 0 0 0 0 78480 100 0 0
SEP
CPU yadrolab-wp11 1745514348 2025/04/24 20:05:48 1 100 24 54 290 2 2037 2 0 0 0 0 72020 100 0 0
SEP
CPU yadrolab-wp11 1745514349 2025/04/24 20:05:49 1 100 24 80 314 2 1970 3 0 0 0 0 75546 100 0 0
SEP
CPU yadrolab-wp11 1745514350 2025/04/24 20:05:50 1 100 24 55 491 2 1816 1 0 0 0 0 80494 100 0 0
SEP
CPU yadrolab-wp11 1745514351 2025/04/24 20:05:51 1 100 24 56 309 2 2008 2 0 0 0 0 82265 100 0 0
SEP
CPU yadrolab-wp11 1745514352 2025/04/24 20:05:52 1 100 24 83 319 3 1971 9 0 0 0 0 76361 100 0 0
SEP
CPU yadrolab-wp11 1745514353 2025/04/24 20:05:53 1 100 24 112 350 3 1880 12 0 0 0 0 73563 100 0 0
SEP
CPU yadrolab-wp11 1745514354 2025/04/24 20:05:54 1 100 24 79 296 6 1984 16 0 0 0 0 73764 100 0 0
SEP
CPU yadrolab-wp11 1745514355 2025/04/24 20:05:55 1 100 24 63 511 4 1793 8 0 0 0 0 78737 100 0 0
SEP
CPU yadrolab-wp11 1745514356 2025/04/24 20:05:56 1 100 24 66 321 4 1991 8 0 0 0 0 79298 100 0 0
SEP
CPU yadrolab-wp11 1745514357 2025/04/24 20:05:57 1 100 24 82 312 2 1984 12 0 0 0 0 77012 100 0 0
SEP
CPU yadrolab-wp11 1745514358 2025/04/24 20:05:58 1 100 24 66 331 3 1980 6 0 0 0 0 72027 100 0 0
SEP
CPU yadrolab-wp11 1745514359 2025/04/24 20:05:59 1 100 24 99 328 3 1923 11 0 0 0 0 80030 100 0 0
SEP
CPU yadrolab-wp11 1745514360 2025/04/24 20:06:00 1 100 24 93 519 5 1774 7 0 0 0 0 78623 100 0 0
SEP
CPU yadrolab-wp11 1745514361 2025/04/24 20:06:01 1 100 24 67 294 4 2003 15 0 0 0 0 77601 100 0 0
SEP
CPU yadrolab-wp11 1745514362 2025/04/24 20:06:02 1 100 24 78 328 2 1971 8 0 0 0 0 80326 100 0 0
SEP
CPU yadrolab-wp11 1745514363 2025/04/24 20:06:03 1 100 24 66 323 2 1993 10 0 0 0 0 78637 100 0 0
SEP
CPU yadrolab-wp11 1745514364 2025/04/24 20:06:04 1 100 24 80 307 6 1992 13 0 0 0 0 75486 100 0 0
SEP
CPU yadrolab-wp11 1745514365 2025/04/24 20:06:05 1 100 24 90 324 3 1955 9 0 0 0 0 73934 100 0 0
SEP
CPU yadrolab-wp11 1745514366 2025/04/24 20:06:06 1 100 24 54 493 3 1828 1 0 0 0 0 79299 100 0 0
SEP
CPU yadrolab-wp11 1745514367 2025/04/24 20:06:07 1 100 24 56 292 2 2038 3 0 0 0 0 80396 100 0 0
SEP
CPU yadrolab-wp11 1745514368 2025/04/24 20:06:08 1 100 24 84 314 3 1992 3 0 0 0 0 66288 100 0 0
SEP
CPU yadrolab-wp11 1745514369 2025/04/24 20:06:09 1 100 24 67 316 2 1986 2 0 0 0 0 77899 100 0 0
SEP
CPU yadrolab-wp11 1745514370 2025/04/24 20:06:10 1 100 24 44 494 2 1841 2 0 0 0 0 78678 100 0 0
SEP
CPU yadrolab-wp11 1745514371 2025/04/24 20:06:11 1 100 24 64 298 2 2018 1 0 0 0 0 74844 100 0 0
SEP
CPU yadrolab-wp11 1745514372 2025/04/24 20:06:12 1 100 24 85 324 4 1972 4 0 0 0 0 76960 100 0 0
SEP
CPU yadrolab-wp11 1745514373 2025/04/24 20:06:13 1 100 24 57 507 3 1817 1 0 0 0 0 78552 100 0 0
SEP
CPU yadrolab-wp11 1745514374 2025/04/24 20:06:14 1 100 24 56 295 3 2031 2 0 0 0 0 80475 100 0 0
SEP
CPU yadrolab-wp11 1745514375 2025/04/24 20:06:15 1 100 24 63 306 2 2019 2 0 0 0 0 77090 100 0 0
SEP
CPU yadrolab-wp11 1745514376 2025/04/24 20:06:16 1 100 24 102 337 3 1943 4 0 0 0 0 73253 100 0 0
SEP
CPU yadrolab-wp11 1745514377 2025/04/24 20:06:17 1 100 24 55 504 3 1831 1 0 0 0 0 78834 100 0 0
SEP
CPU yadrolab-wp11 1745514378 2025/04/24 20:06:18 1 100 24 66 293 3 2025 2 0 0 0 0 78667 100 0 0
SEP
CPU yadrolab-wp11 1745514379 2025/04/24 20:06:19 1 100 24 76 318 2 1974 3 0 0 0 0 75616 100 0 0
SEP
CPU yadrolab-wp11 1745514380 2025/04/24 20:06:20 1 100 24 63 425 3 1897 2 0 0 0 0 105694 100 0 0
SEP
CPU yadrolab-wp11 1745514381 2025/04/24 20:06:21 1 100 24 61 392 1 1930 5 0 0 0 0 78422 100 0 0
SEP
CPU yadrolab-wp11 1745514382 2025/04/24 20:06:22 1 100 24 77 314 3 1983 12 0 0 0 0 78216 100 0 0
SEP
CPU yadrolab-wp11 1745514383 2025/04/24 20:06:23 1 100 24 67 314 1 1998 8 0 0 0 0 70253 100 0 0
SEP
CPU yadrolab-wp11 1745514384 2025/04/24 20:06:24 1 100 24 61 292 3 2018 4 0 1 0 0 93968 100 0 0
SEP
CPU yadrolab-wp11 1745514385 2025/04/24 20:06:25 1 100 24 53 489 2 1843 2 0 0 0 0 79129 100 0 0
SEP
CPU yadrolab-wp11 1745514386 2025/04/24 20:06:26 1 100 24 83 327 2 1969 2 0 0 0 0 78568 100 0 0
SEP
CPU yadrolab-wp11 1745514387 2025/04/24 20:06:27 1 100 24 77 331 4 1951 3 0 0 0 0 58443 100 0 0
SEP
CPU yadrolab-wp11 1745514388 2025/04/24 20:06:28 1 100 24 87 370 3 1935 2 0 0 0 0 107098 100 0 0
SEP
CPU yadrolab-wp11 1745514389 2025/04/24 20:06:29 1 100 24 55 453 4 1852 1 0 0 0 0 78733 100 0 0
SEP
CPU yadrolab-wp11 1745514390 2025/04/24 20:06:30 1 100 24 61 297 3 2029 2 0 1 0 0 78582 100 0 0
SEP
CPU yadrolab-wp11 1745514391 2025/04/24 20:06:31 1 100 24 84 302 8 1966 2 0 0 0 0 72622 100 0 0
SEP
CPU yadrolab-wp11 1745514392 2025/04/24 20:06:32 1 100 24 73 358 15 1932 3 0 0 0 0 102920 100 0 0
SEP
CPU yadrolab-wp11 1745514393 2025/04/24 20:06:33 1 100 24 55 461 1 1864 1 0 0 0 0 79354 100 0 0
SEP
CPU yadrolab-wp11 1745514394 2025/04/24 20:06:34 1 100 24 38 39 4 2311 1 0 0 0 0 76091 100 0 0
SEP
CPU yadrolab-wp11 1745514395 2025/04/24 20:06:35 1 100 24 13 8 2 2373 0 0 0 0 0 76555 100 0 0
SEP
CPU yadrolab-wp11 1745514396 2025/04/24 20:06:36 1 100 24 23 3 56 2313 0 0 0 0 0 80533 100 0 0
SEP
CPU yadrolab-wp11 1745514397 2025/04/24 20:06:37 1 100 24 28 19 36 2311 0 0 0 0 0 78193 100 0 0
SEP
CPU yadrolab-wp11 1745514398 2025/04/24 20:06:38 1 100 24 18 6 6 2367 0 0 0 0 0 76981 100 0 0
SEP
CPU yadrolab-wp11 1745514399 2025/04/24 20:06:39 1 100 24 31 5 40 2320 0 0 0 0 0 78657 100 0 0
SEP
CPU yadrolab-wp11 1745514400 2025/04/24 20:06:40 1 100 24 15 6 2 2376 0 0 0 0 0 77254 100 0 0
SEP
CPU yadrolab-wp11 1745514401 2025/04/24 20:06:41 1 100 24 15 6 2 2374 0 0 0 0 0 77052 100 0 0
SEP
CPU yadrolab-wp11 1745514402 2025/04/24 20:06:42 1 100 24 14 6 2 2374 0 0 0 0 0 76885 100 0 0
SEP
CPU yadrolab-wp11 1745514403 2025/04/24 20:06:43 1 100 24 13 8 2 2373 0 0 0 0 0 76153 100 0 0
SEP
