777 
783 
723 
748 
762 
768 
795 
761 
801 
812 
777 
819 
773 
807 
706 
794 
758 
767 
796 
814 
713 
779 
792 
784 
742 
776 
803 
736 
745 
755 
850 
815 
745 
832 
796 
733 
725 
788 
732 
788 
769 
768 
756 
747 
771 
797 
766 
804 
807 
831 
932 
843 
852 
835 
868 
822 
769 
815 
909 
949 
847 
882 
845 
853 
766 
796 
788 
743 
808 
776 
736 
764 
793 
790 
827 
773 
784 
763 
794 
786 
751 
815 
748 
806 
849 
805 
877 
764 
766 
746 
811 
822 
783 
797 
790 
819 
844 
786 
770 
823 
