              total        used        free      shared  buff/cache   available
Mem:          33447        3849         943         162       28653       28937
Swap:          2147         438        1708
Total:        35595        4288        2652

              total        used        free      shared  buff/cache   available
Mem:          33447        3852         940         162       28653       28934
Swap:          2147         438        1708
Total:        35595        4291        2649

              total        used        free      shared  buff/cache   available
Mem:          33447        3855         938         162       28653       28932
Swap:          2147         438        1708
Total:        35595        4293        2647

              total        used        free      shared  buff/cache   available
Mem:          33447        3856         937         162       28653       28931
Swap:          2147         438        1708
Total:        35595        4294        2646

              total        used        free      shared  buff/cache   available
Mem:          33447        3832         961         162       28653       28955
Swap:          2147         438        1708
Total:        35595        4270        2670

              total        used        free      shared  buff/cache   available
Mem:          33447        3832         961         162       28653       28955
Swap:          2147         438        1708
Total:        35595        4270        2670

              total        used        free      shared  buff/cache   available
Mem:          33447        3834         959         162       28653       28953
Swap:          2147         438        1708
Total:        35595        4272        2668

              total        used        free      shared  buff/cache   available
Mem:          33447        3833         959         162       28653       28954
Swap:          2147         438        1708
Total:        35595        4272        2668

              total        used        free      shared  buff/cache   available
Mem:          33447        3835         958         162       28653       28952
Swap:          2147         438        1708
Total:        35595        4273        2667

              total        used        free      shared  buff/cache   available
Mem:          33447        3835         958         162       28653       28952
Swap:          2147         438        1708
Total:        35595        4273        2667

              total        used        free      shared  buff/cache   available
Mem:          33447        3832         960         162       28653       28954
Swap:          2147         438        1708
Total:        35595        4271        2669

              total        used        free      shared  buff/cache   available
Mem:          33447        3957         836         162       28654       28830
Swap:          2147         438        1708
Total:        35595        4395        2545

              total        used        free      shared  buff/cache   available
Mem:          33447        3965         826         162       28655       28822
Swap:          2147         438        1708
Total:        35595        4404        2535

              total        used        free      shared  buff/cache   available
Mem:          33447        3948         841         162       28657       28839
Swap:          2147         438        1708
Total:        35595        4386        2550

              total        used        free      shared  buff/cache   available
Mem:          33447        3948         843         162       28655       28839
Swap:          2147         438        1708
Total:        35595        4387        2552

              total        used        free      shared  buff/cache   available
Mem:          33447        4006         787         160       28653       28783
Swap:          2147         438        1708
Total:        35595        4444        2496

              total        used        free      shared  buff/cache   available
Mem:          33447        3938         850         162       28658       28848
Swap:          2147         438        1708
Total:        35595        4377        2559

              total        used        free      shared  buff/cache   available
Mem:          33447        3944         847         162       28655       28843
Swap:          2147         438        1708
Total:        35595        4382        2556

              total        used        free      shared  buff/cache   available
Mem:          33447        3960         831         162       28655       28826
Swap:          2147         438        1708
Total:        35595        4399        2540

              total        used        free      shared  buff/cache   available
Mem:          33447        4009         782         162       28656       28778
Swap:          2147         438        1708
Total:        35595        4448        2491

              total        used        free      shared  buff/cache   available
Mem:          33447        3953         835         162       28658       28833
Swap:          2147         438        1708
Total:        35595        4392        2544

              total        used        free      shared  buff/cache   available
Mem:          33447        3977         814         162       28656       28810
Swap:          2147         438        1708
Total:        35595        4415        2523

              total        used        free      shared  buff/cache   available
Mem:          33447        3995         794         162       28657       28791
Swap:          2147         438        1708
Total:        35595        4434        2503

              total        used        free      shared  buff/cache   available
Mem:          33447        3985         802         162       28659       28801
Swap:          2147         438        1708
Total:        35595        4424        2511

              total        used        free      shared  buff/cache   available
Mem:          33447        3956         834         162       28657       28831
Swap:          2147         438        1708
Total:        35595        4394        2543

              total        used        free      shared  buff/cache   available
Mem:          33447        3956         833         162       28657       28831
Swap:          2147         438        1708
Total:        35595        4395        2542

              total        used        free      shared  buff/cache   available
Mem:          33447        3982         806         163       28657       28804
Swap:          2147         438        1708
Total:        35595        4421        2515

              total        used        free      shared  buff/cache   available
Mem:          33447        3957         826         166       28663       28826
Swap:          2147         438        1708
Total:        35595        4396        2535

              total        used        free      shared  buff/cache   available
Mem:          33447        3974         812         166       28660       28810
Swap:          2147         438        1708
Total:        35595        4412        2521

              total        used        free      shared  buff/cache   available
Mem:          33447        4004         781         166       28661       28779
Swap:          2147         438        1708
Total:        35595        4443        2490

              total        used        free      shared  buff/cache   available
Mem:          33447        3949         833         166       28663       28834
Swap:          2147         438        1708
Total:        35595        4388        2542

              total        used        free      shared  buff/cache   available
Mem:          33447        3946         842         163       28658       28841
Swap:          2147         438        1708
Total:        35595        4384        2551

              total        used        free      shared  buff/cache   available
Mem:          33447        3976         812         163       28658       28811
Swap:          2147         438        1708
Total:        35595        4414        2521

              total        used        free      shared  buff/cache   available
Mem:          33447        3983         802         163       28661       28803
Swap:          2147         438        1708
Total:        35595        4422        2511

              total        used        free      shared  buff/cache   available
Mem:          33447        3954         831         163       28662       28833
Swap:          2147         438        1708
Total:        35595        4392        2540

              total        used        free      shared  buff/cache   available
Mem:          33447        3972         815         163       28659       28815
Swap:          2147         438        1708
Total:        35595        4410        2524

              total        used        free      shared  buff/cache   available
Mem:          33447        3985         802         163       28659       28801
Swap:          2147         438        1708
Total:        35595        4424        2511

              total        used        free      shared  buff/cache   available
Mem:          33447        4024         762         163       28660       28762
Swap:          2147         438        1708
Total:        35595        4463        2471

              total        used        free      shared  buff/cache   available
Mem:          33447        3950         836         163       28659       28836
Swap:          2147         438        1708
Total:        35595        4389        2545

              total        used        free      shared  buff/cache   available
Mem:          33447        3970         817         163       28659       28817
Swap:          2147         438        1708
Total:        35595        4408        2526

              total        used        free      shared  buff/cache   available
Mem:          33447        4029         757         163       28660       28757
Swap:          2147         438        1708
Total:        35595        4468        2465

              total        used        free      shared  buff/cache   available
Mem:          33447        3956         827         163       28663       28830
Swap:          2147         438        1708
Total:        35595        4395        2536

              total        used        free      shared  buff/cache   available
Mem:          33447        3958         828         163       28660       28829
Swap:          2147         438        1708
Total:        35595        4396        2537

              total        used        free      shared  buff/cache   available
Mem:          33447        3988         798         163       28660       28799
Swap:          2147         438        1708
Total:        35595        4426        2507

              total        used        free      shared  buff/cache   available
Mem:          33447        3955         828         163       28663       28832
Swap:          2147         438        1708
Total:        35595        4393        2537

              total        used        free      shared  buff/cache   available
Mem:          33447        3976         809         163       28661       28810
Swap:          2147         438        1708
Total:        35595        4415        2518

              total        used        free      shared  buff/cache   available
Mem:          33447        3905         885         157       28656       28887
Swap:          2147         438        1708
Total:        35595        4343        2594

              total        used        free      shared  buff/cache   available
Mem:          33447        3848         940         157       28658       28944
Swap:          2147         438        1708
Total:        35595        4286        2649

              total        used        free      shared  buff/cache   available
Mem:          33447        3853         935         157       28658       28938
Swap:          2147         438        1708
Total:        35595        4292        2643

              total        used        free      shared  buff/cache   available
Mem:          33447        3852         938         157       28656       28940
Swap:          2147         438        1708
Total:        35595        4291        2647

              total        used        free      shared  buff/cache   available
Mem:          33447        3861         930         157       28655       28931
Swap:          2147         438        1708
Total:        35595        4299        2639

              total        used        free      shared  buff/cache   available
Mem:          33447        3895         894         157       28656       28897
Swap:          2147         438        1708
Total:        35595        4334        2603

              total        used        free      shared  buff/cache   available
Mem:          33447        3908         881         157       28657       28884
Swap:          2147         438        1708
Total:        35595        4347        2590

              total        used        free      shared  buff/cache   available
Mem:          33447        3858         929         157       28659       28933
Swap:          2147         438        1708
Total:        35595        4297        2638

              total        used        free      shared  buff/cache   available
Mem:          33447        3852         937         157       28657       28941
Swap:          2147         438        1708
Total:        35595        4290        2646

              total        used        free      shared  buff/cache   available
Mem:          33447        3862         927         157       28657       28930
Swap:          2147         438        1708
Total:        35595        4301        2636

              total        used        free      shared  buff/cache   available
Mem:          33447        3885         900         160       28661       28904
Swap:          2147         438        1708
Total:        35595        4324        2609

              total        used        free      shared  buff/cache   available
Mem:          33447        3899         886         160       28661       28889
Swap:          2147         438        1708
Total:        35595        4338        2595

              total        used        free      shared  buff/cache   available
Mem:          33447        3917         867         160       28661       28871
Swap:          2147         438        1708
Total:        35595        4356        2576

              total        used        free      shared  buff/cache   available
Mem:          33447        3845         937         160       28664       28943
Swap:          2147         438        1708
Total:        35595        4284        2646

              total        used        free      shared  buff/cache   available
Mem:          33447        3852         934         157       28660       28940
Swap:          2147         438        1708
Total:        35595        4290        2643

              total        used        free      shared  buff/cache   available
Mem:          33447        3867         921         157       28658       28925
Swap:          2147         438        1708
Total:        35595        4305        2630

              total        used        free      shared  buff/cache   available
Mem:          33447        3889         898         157       28659       28902
Swap:          2147         438        1708
Total:        35595        4328        2607

              total        used        free      shared  buff/cache   available
Mem:          33447        3877         908         157       28662       28915
Swap:          2147         438        1708
Total:        35595        4315        2617

              total        used        free      shared  buff/cache   available
Mem:          33447        3845         941         157       28660       28947
Swap:          2147         438        1708
Total:        35595        4283        2650

              total        used        free      shared  buff/cache   available
Mem:          33447        3846         940         157       28660       28946
Swap:          2147         438        1708
Total:        35595        4285        2649

              total        used        free      shared  buff/cache   available
Mem:          33447        3907         879         157       28661       28885
Swap:          2147         438        1708
Total:        35595        4345        2587

              total        used        free      shared  buff/cache   available
Mem:          33447        3851         932         157       28663       28941
Swap:          2147         438        1708
Total:        35595        4290        2641

              total        used        free      shared  buff/cache   available
Mem:          33447        3876         910         157       28661       28916
Swap:          2147         438        1708
Total:        35595        4314        2618

              total        used        free      shared  buff/cache   available
Mem:          33447        3884         901         157       28661       28908
Swap:          2147         438        1708
Total:        35595        4322        2610

              total        used        free      shared  buff/cache   available
Mem:          33447        3930         854         157       28661       28861
Swap:          2147         438        1708
Total:        35595        4369        2563

              total        used        free      shared  buff/cache   available
Mem:          33447        3851         931         157       28664       28941
Swap:          2147         438        1708
Total:        35595        4290        2640

              total        used        free      shared  buff/cache   available
Mem:          33447        3858         926         157       28661       28933
Swap:          2147         438        1708
Total:        35595        4297        2635

              total        used        free      shared  buff/cache   available
Mem:          33447        3908         876         157       28662       28884
Swap:          2147         438        1708
Total:        35595        4347        2585

              total        used        free      shared  buff/cache   available
Mem:          33447        3843         939         157       28665       28949
Swap:          2147         438        1708
Total:        35595        4281        2648

              total        used        free      shared  buff/cache   available
Mem:          33447        3870         914         157       28662       28922
Swap:          2147         438        1708
Total:        35595        4309        2623

              total        used        free      shared  buff/cache   available
Mem:          33447        3871         912         157       28662       28920
Swap:          2147         438        1708
Total:        35595        4310        2621

              total        used        free      shared  buff/cache   available
Mem:          33447        3906         877         157       28663       28886
Swap:          2147         438        1708
Total:        35595        4345        2586

              total        used        free      shared  buff/cache   available
Mem:          33447        3859         921         157       28666       28932
Swap:          2147         438        1708
Total:        35595        4298        2630

              total        used        free      shared  buff/cache   available
Mem:          33447        3854         925         157       28666       28937
Swap:          2147         438        1708
Total:        35595        4293        2634

              total        used        free      shared  buff/cache   available
Mem:          33447        3856         927         158       28663       28936
Swap:          2147         438        1708
Total:        35595        4294        2636

              total        used        free      shared  buff/cache   available
Mem:          33447        3881         901         158       28664       28911
Swap:          2147         438        1708
Total:        35595        4320        2610

              total        used        free      shared  buff/cache   available
Mem:          33447        3850         929         158       28667       28941
Swap:          2147         438        1708
Total:        35595        4289        2638

              total        used        free      shared  buff/cache   available
Mem:          33447        3848         934         158       28664       28944
Swap:          2147         438        1708
Total:        35595        4287        2643

              total        used        free      shared  buff/cache   available
Mem:          33447        3861         921         158       28664       28931
Swap:          2147         438        1708
Total:        35595        4300        2630

              total        used        free      shared  buff/cache   available
Mem:          33447        3886         896         158       28665       28906
Swap:          2147         438        1708
Total:        35595        4325        2604

              total        used        free      shared  buff/cache   available
Mem:          33447        3848         931         158       28667       28943
Swap:          2147         438        1708
Total:        35595        4287        2640

              total        used        free      shared  buff/cache   available
Mem:          33447        3843         936         161       28667       28946
Swap:          2147         438        1708
Total:        35595        4281        2645

              total        used        free      shared  buff/cache   available
Mem:          33447        3906         871         163       28669       28880
Swap:          2147         438        1708
Total:        35595        4345        2580

              total        used        free      shared  buff/cache   available
Mem:          33447        3953         823         163       28671       28833
Swap:          2147         438        1708
Total:        35595        4391        2532

              total        used        free      shared  buff/cache   available
Mem:          33447        3879         898         163       28669       28907
Swap:          2147         438        1708
Total:        35595        4317        2607

              total        used        free      shared  buff/cache   available
Mem:          33447        3876         898         165       28671       28908
Swap:          2147         438        1708
Total:        35595        4315        2607

              total        used        free      shared  buff/cache   available
Mem:          33447        3981         796         163       28669       28805
Swap:          2147         438        1708
Total:        35595        4419        2505

              total        used        free      shared  buff/cache   available
Mem:          33447        3909         867         163       28669       28877
Swap:          2147         438        1708
Total:        35595        4348        2576

              total        used        free      shared  buff/cache   available
Mem:          33447        3906         870         163       28669       28880
Swap:          2147         438        1708
Total:        35595        4345        2579

              total        used        free      shared  buff/cache   available
Mem:          33447        3862         914         163       28670       28924
Swap:          2147         438        1708
Total:        35595        4301        2623

              total        used        free      shared  buff/cache   available
Mem:          33447        3866         911         163       28669       28920
Swap:          2147         438        1708
Total:        35595        4304        2620

              total        used        free      shared  buff/cache   available
Mem:          33447        3868         909         163       28669       28918
Swap:          2147         438        1708
Total:        35595        4307        2617

              total        used        free      shared  buff/cache   available
Mem:          33447        3865         911         163       28669       28920
Swap:          2147         438        1708
Total:        35595        4304        2620

              total        used        free      shared  buff/cache   available
Mem:          33447        3866         910         163       28669       28920
Swap:          2147         438        1708
Total:        35595        4305        2619
