RESET
CPU yadrolab-wp11 1745515864 2025/04/24 20:31:04 2102487 100 24 14914819 21279007 1163942 5004319727 158704 0 15936 0 0 79096 100 0 0
SEP
CPU yadrolab-wp11 1745515865 2025/04/24 20:31:05 1 100 24 18 7 1 2374 0 0 0 0 0 77796 100 0 0
SEP
CPU yadrolab-wp11 1745515866 2025/04/24 20:31:06 1 100 24 14 8 1 2372 0 0 0 0 0 74694 100 0 0
SEP
CPU yadrolab-wp11 1745515867 2025/04/24 20:31:07 1 100 24 13 8 3 2373 0 0 0 0 0 76808 100 0 0
SEP
CPU yadrolab-wp11 1745515868 2025/04/24 20:31:08 1 100 24 15 4 0 2375 0 0 0 0 0 74400 100 0 0
SEP
CPU yadrolab-wp11 1745515869 2025/04/24 20:31:09 1 100 24 12 10 1 2371 0 0 0 0 0 73872 100 0 0
SEP
CPU yadrolab-wp11 1745515870 2025/04/24 20:31:10 1 100 24 13 7 2 2373 0 0 0 0 0 75608 100 0 0
SEP
CPU yadrolab-wp11 1745515871 2025/04/24 20:31:11 1 100 24 12 9 2 2374 0 0 0 0 0 76018 100 0 0
SEP
CPU yadrolab-wp11 1745515872 2025/04/24 20:31:12 1 100 24 13 5 0 2376 0 0 0 0 0 75500 100 0 0
SEP
CPU yadrolab-wp11 1745515873 2025/04/24 20:31:13 1 100 24 13 7 2 2375 0 0 0 0 0 75463 100 0 0
SEP
CPU yadrolab-wp11 1745515874 2025/04/24 20:31:14 1 100 24 12 7 0 2377 0 0 0 0 0 73776 100 0 0
SEP
CPU yadrolab-wp11 1745515875 2025/04/24 20:31:15 1 100 24 45 297 5 2056 1 0 0 0 0 79456 100 0 0
SEP
CPU yadrolab-wp11 1745515876 2025/04/24 20:31:16 1 100 24 49 310 3 2012 1 0 0 0 0 81625 100 0 0
SEP
CPU yadrolab-wp11 1745515877 2025/04/24 20:31:17 1 100 24 60 225 3 2103 2 0 0 0 0 107927 100 0 0
SEP
CPU yadrolab-wp11 1745515878 2025/04/24 20:31:18 1 100 24 21 199 1 2177 0 0 0 0 0 78640 100 0 0
SEP
CPU yadrolab-wp11 1745515879 2025/04/24 20:31:19 1 100 24 66 307 4 2021 2 0 0 0 0 78624 100 0 0
SEP
CPU yadrolab-wp11 1745515880 2025/04/24 20:31:20 1 100 24 58 315 4 2007 1 0 0 0 0 80794 100 0 0
SEP
CPU yadrolab-wp11 1745515881 2025/04/24 20:31:21 1 100 24 26 96 1 2273 1 0 0 0 0 76322 100 0 0
SEP
CPU yadrolab-wp11 1745515882 2025/04/24 20:31:22 1 100 24 58 302 0 2043 1 0 0 0 0 79066 100 0 0
SEP
CPU yadrolab-wp11 1745515883 2025/04/24 20:31:23 1 100 24 61 323 3 1993 1 0 0 0 0 80572 100 0 0
SEP
CPU yadrolab-wp11 1745515884 2025/04/24 20:31:24 1 100 24 59 130 2 2194 2 0 0 0 0 107849 100 0 0
SEP
CPU yadrolab-wp11 1745515885 2025/04/24 20:31:25 1 100 24 24 261 2 2114 0 0 0 0 0 78462 100 0 0
SEP
CPU yadrolab-wp11 1745515886 2025/04/24 20:31:26 1 100 24 52 306 2 2024 2 0 0 0 0 78030 100 0 0
SEP
CPU yadrolab-wp11 1745515887 2025/04/24 20:31:27 1 100 24 62 314 2 2002 3 0 0 0 0 78481 100 0 0
SEP
CPU yadrolab-wp11 1745515888 2025/04/24 20:31:28 1 100 24 29 83 2 2267 6 0 0 0 0 74603 100 0 0
SEP
CPU yadrolab-wp11 1745515889 2025/04/24 20:31:29 1 100 24 38 294 1 2056 3 0 0 0 0 79048 100 0 0
SEP
CPU yadrolab-wp11 1745515890 2025/04/24 20:31:30 1 100 24 51 312 5 2008 2 0 0 0 0 78982 100 0 0
SEP
CPU yadrolab-wp11 1745515891 2025/04/24 20:31:31 1 100 24 61 139 3 2192 2 0 0 0 0 74400 100 0 0
SEP
CPU yadrolab-wp11 1745515892 2025/04/24 20:31:32 1 100 24 27 272 1 2090 0 0 0 0 0 79443 100 0 0
SEP
CPU yadrolab-wp11 1745515893 2025/04/24 20:31:33 1 100 24 65 306 1 2007 1 0 0 0 0 78749 100 0 0
SEP
CPU yadrolab-wp11 1745515894 2025/04/24 20:31:34 1 100 24 45 293 2 2044 2 0 0 0 0 78136 100 0 0
SEP
CPU yadrolab-wp11 1745515895 2025/04/24 20:31:35 1 100 24 26 84 1 2287 0 0 0 0 0 77447 100 0 0
SEP
CPU yadrolab-wp11 1745515896 2025/04/24 20:31:36 1 100 24 42 284 2 2049 2 0 0 0 0 78630 100 0 0
SEP
CPU yadrolab-wp11 1745515897 2025/04/24 20:31:37 1 100 24 75 324 22 1962 1 0 0 0 0 80025 100 0 0
SEP
CPU yadrolab-wp11 1745515898 2025/04/24 20:31:38 1 100 24 56 154 2 2179 2 0 0 0 0 75859 100 0 0
SEP
CPU yadrolab-wp11 1745515899 2025/04/24 20:31:39 1 100 24 24 277 0 2094 0 0 0 0 0 78561 100 0 0
SEP
CPU yadrolab-wp11 1745515900 2025/04/24 20:31:40 1 100 24 46 292 2 2030 5 0 0 0 0 80717 100 0 0
SEP
CPU yadrolab-wp11 1745515901 2025/04/24 20:31:41 1 100 24 41 274 75 2002 2 0 0 0 0 81787 100 0 0
SEP
CPU yadrolab-wp11 1745515902 2025/04/24 20:31:42 1 100 24 48 118 9 2205 1 0 0 0 0 74373 100 0 0
SEP
CPU yadrolab-wp11 1745515903 2025/04/24 20:31:43 1 100 24 32 284 7 2070 1 0 0 0 0 79234 100 0 0
SEP
CPU yadrolab-wp11 1745515904 2025/04/24 20:31:44 1 100 24 62 284 46 1977 1 0 0 0 0 79783 100 0 0
SEP
CPU yadrolab-wp11 1745515905 2025/04/24 20:31:45 1 100 24 42 271 1 2068 4 0 0 0 0 80232 100 0 0
SEP
CPU yadrolab-wp11 1745515906 2025/04/24 20:31:46 1 100 24 20 125 0 2251 0 0 0 0 0 78353 100 0 0
SEP
CPU yadrolab-wp11 1745515907 2025/04/24 20:31:47 1 100 24 73 332 5 1985 2 0 0 0 0 79254 100 0 0
SEP
CPU yadrolab-wp11 1745515908 2025/04/24 20:31:48 1 100 24 47 299 3 2022 1 0 0 0 0 80394 100 0 0
SEP
CPU yadrolab-wp11 1745515909 2025/04/24 20:31:49 1 100 24 69 129 2 2205 2 0 0 0 0 75061 100 0 0
SEP
CPU yadrolab-wp11 1745515910 2025/04/24 20:31:50 1 100 24 28 270 0 2095 0 0 0 0 0 75699 100 0 0
SEP
CPU yadrolab-wp11 1745515911 2025/04/24 20:31:51 1 100 24 54 309 2 2013 3 0 0 0 0 80634 100 0 0
SEP
CPU yadrolab-wp11 1745515912 2025/04/24 20:31:52 1 100 24 48 311 2 2025 1 0 0 0 0 78742 100 0 0
SEP
CPU yadrolab-wp11 1745515913 2025/04/24 20:31:53 1 100 24 26 88 0 2280 1 0 0 0 0 75639 100 0 0
SEP
CPU yadrolab-wp11 1745515914 2025/04/24 20:31:54 1 100 24 33 305 1 2052 1 0 0 0 0 79640 100 0 0
SEP
CPU yadrolab-wp11 1745515915 2025/04/24 20:31:55 1 100 24 62 331 1 2003 1 0 0 0 0 80644 100 0 0
SEP
CPU yadrolab-wp11 1745515916 2025/04/24 20:31:56 1 100 24 49 145 2 2185 2 0 0 0 0 107844 100 0 0
SEP
CPU yadrolab-wp11 1745515917 2025/04/24 20:31:57 1 100 24 24 236 0 2134 0 0 0 0 0 78657 100 0 0
SEP
CPU yadrolab-wp11 1745515918 2025/04/24 20:31:58 1 100 24 44 304 2 2029 2 0 0 0 0 79436 100 0 0
SEP
CPU yadrolab-wp11 1745515919 2025/04/24 20:31:59 1 100 24 49 301 2 2039 1 0 1 0 0 80519 100 0 0
SEP
CPU yadrolab-wp11 1745515920 2025/04/24 20:32:00 1 100 24 57 116 10 2197 2 0 0 0 0 75551 100 0 0
SEP
CPU yadrolab-wp11 1745515921 2025/04/24 20:32:01 1 100 24 25 289 2 2085 0 0 0 0 0 77361 100 0 0
SEP
CPU yadrolab-wp11 1745515922 2025/04/24 20:32:02 1 100 24 69 315 19 1989 2 0 0 0 0 78503 100 0 0
SEP
CPU yadrolab-wp11 1745515923 2025/04/24 20:32:03 1 100 24 41 302 2 2025 1 0 0 0 0 79475 100 0 0
SEP
CPU yadrolab-wp11 1745515924 2025/04/24 20:32:04 1 100 24 45 111 2 2231 2 0 0 0 0 76630 100 0 0
SEP
CPU yadrolab-wp11 1745515925 2025/04/24 20:32:05 1 100 24 31 289 3 2072 0 0 0 0 0 78626 100 0 0
SEP
CPU yadrolab-wp11 1745515926 2025/04/24 20:32:06 1 100 24 53 310 2 2030 2 0 0 0 0 80429 100 0 0
SEP
CPU yadrolab-wp11 1745515927 2025/04/24 20:32:07 1 100 24 64 122 8 2191 1 0 0 0 0 77855 100 0 0
SEP
CPU yadrolab-wp11 1745515928 2025/04/24 20:32:08 1 100 24 22 280 6 2090 0 0 0 0 0 79684 100 0 0
SEP
CPU yadrolab-wp11 1745515929 2025/04/24 20:32:09 1 100 24 59 314 2 2009 2 0 0 0 0 78076 100 0 0
SEP
CPU yadrolab-wp11 1745515930 2025/04/24 20:32:10 1 100 24 47 308 3 2045 2 0 0 0 0 79472 100 0 0
SEP
CPU yadrolab-wp11 1745515931 2025/04/24 20:32:11 1 100 24 26 99 1 2269 0 0 0 0 0 76300 100 0 0
SEP
CPU yadrolab-wp11 1745515932 2025/04/24 20:32:12 1 100 24 46 314 4 2021 1 0 0 0 0 77619 100 0 0
SEP
CPU yadrolab-wp11 1745515933 2025/04/24 20:32:13 1 100 24 58 295 1 2039 2 0 0 0 0 80195 100 0 0
SEP
CPU yadrolab-wp11 1745515934 2025/04/24 20:32:14 1 100 24 57 112 1 2220 2 0 0 0 0 76728 100 0 0
SEP
CPU yadrolab-wp11 1745515935 2025/04/24 20:32:15 1 100 24 25 282 1 2089 0 0 0 0 0 74836 100 0 0
SEP
CPU yadrolab-wp11 1745515936 2025/04/24 20:32:16 1 100 24 67 322 3 1997 2 0 0 0 0 79288 100 0 0
SEP
CPU yadrolab-wp11 1745515937 2025/04/24 20:32:17 1 100 24 63 323 2 1986 2 0 0 0 0 77932 100 0 0
SEP
CPU yadrolab-wp11 1745515938 2025/04/24 20:32:18 1 100 24 23 94 2 2277 0 0 0 0 0 75774 100 0 0
SEP
CPU yadrolab-wp11 1745515939 2025/04/24 20:32:19 1 100 24 42 306 0 2050 2 0 0 0 0 80066 100 0 0
SEP
CPU yadrolab-wp11 1745515940 2025/04/24 20:32:20 1 100 24 67 313 2 2010 1 0 0 0 0 82250 100 0 0
SEP
CPU yadrolab-wp11 1745515941 2025/04/24 20:32:21 1 100 24 47 108 3 2223 2 0 0 0 0 76826 100 0 0
SEP
CPU yadrolab-wp11 1745515942 2025/04/24 20:32:22 1 100 24 25 279 1 2092 0 0 0 0 0 78313 100 0 0
SEP
CPU yadrolab-wp11 1745515943 2025/04/24 20:32:23 1 100 24 48 297 1 2045 1 0 0 0 0 79554 100 0 0
SEP
CPU yadrolab-wp11 1745515944 2025/04/24 20:32:24 1 100 24 58 320 3 2002 2 0 0 0 0 79067 100 0 0
SEP
CPU yadrolab-wp11 1745515945 2025/04/24 20:32:25 1 100 24 32 100 0 2260 1 0 0 0 0 72229 100 0 0
SEP
CPU yadrolab-wp11 1745515946 2025/04/24 20:32:26 1 100 24 44 308 1 2038 1 0 0 0 0 80175 100 0 0
SEP
CPU yadrolab-wp11 1745515947 2025/04/24 20:32:27 1 100 24 56 302 2 2019 1 0 0 0 0 76495 100 0 0
SEP
CPU yadrolab-wp11 1745515948 2025/04/24 20:32:28 1 100 24 47 305 1 2042 2 0 0 0 0 78142 100 0 0
SEP
CPU yadrolab-wp11 1745515949 2025/04/24 20:32:29 1 100 24 19 87 1 2287 0 0 0 0 0 64243 100 0 0
SEP
CPU yadrolab-wp11 1745515950 2025/04/24 20:32:30 1 100 24 48 315 3 2027 2 0 0 0 0 79068 100 0 0
SEP
CPU yadrolab-wp11 1745515951 2025/04/24 20:32:31 1 100 24 54 297 4 2026 1 0 0 0 0 79956 100 0 0
SEP
CPU yadrolab-wp11 1745515952 2025/04/24 20:32:32 1 100 24 69 123 10 2185 4 0 0 0 0 73746 100 0 0
SEP
CPU yadrolab-wp11 1745515953 2025/04/24 20:32:33 1 100 24 24 281 2 2091 0 0 0 0 0 74400 100 0 0
SEP
CPU yadrolab-wp11 1745515954 2025/04/24 20:32:34 1 100 24 59 287 1 2037 2 0 0 0 0 78506 100 0 0
SEP
CPU yadrolab-wp11 1745515955 2025/04/24 20:32:35 1 100 24 70 326 4 1986 2 0 0 0 0 79100 100 0 0
SEP
CPU yadrolab-wp11 1745515956 2025/04/24 20:32:36 1 100 24 26 92 2 2278 0 0 0 0 0 77568 100 0 0
SEP
CPU yadrolab-wp11 1745515957 2025/04/24 20:32:37 1 100 24 40 306 1 2047 1 0 0 0 0 79628 100 0 0
SEP
CPU yadrolab-wp11 1745515958 2025/04/24 20:32:38 1 100 24 62 305 2 2010 2 0 0 0 0 82007 100 0 0
SEP
CPU yadrolab-wp11 1745515959 2025/04/24 20:32:39 1 100 24 44 118 3 2233 2 0 0 0 0 77190 100 0 0
SEP
CPU yadrolab-wp11 1745515960 2025/04/24 20:32:40 1 100 24 28 286 1 2085 0 0 0 0 0 77220 100 0 0
SEP
CPU yadrolab-wp11 1745515961 2025/04/24 20:32:41 1 100 24 74 324 5 1987 2 0 0 0 0 78713 100 0 0
SEP
CPU yadrolab-wp11 1745515962 2025/04/24 20:32:42 1 100 24 60 337 3 1993 2 0 0 0 0 78355 100 0 0
SEP
CPU yadrolab-wp11 1745515963 2025/04/24 20:32:43 1 100 24 33 99 1 2259 0 0 0 0 0 78517 100 0 0
SEP
CPU yadrolab-wp11 1745515964 2025/04/24 20:32:44 1 100 24 57 297 1 2044 1 0 0 0 0 81260 100 0 0
SEP
CPU yadrolab-wp11 1745515965 2025/04/24 20:32:45 1 100 24 44 298 1 2042 2 0 0 0 0 80482 100 0 0
SEP
CPU yadrolab-wp11 1745515966 2025/04/24 20:32:46 1 100 24 41 293 1 2052 2 0 0 0 0 79997 100 0 0
SEP
CPU yadrolab-wp11 1745515967 2025/04/24 20:32:47 1 100 24 21 84 1 2286 0 0 0 0 0 78067 100 0 0
SEP
CPU yadrolab-wp11 1745515968 2025/04/24 20:32:48 1 100 24 50 304 0 2042 2 0 0 0 0 81377 100 0 0
SEP
CPU yadrolab-wp11 1745515969 2025/04/24 20:32:49 1 100 24 56 316 3 2018 1 0 0 0 0 81242 100 0 0
SEP
CPU yadrolab-wp11 1745515970 2025/04/24 20:32:50 1 100 24 58 128 2 2194 2 0 0 0 0 69599 100 0 0
SEP
CPU yadrolab-wp11 1745515971 2025/04/24 20:32:51 1 100 24 26 289 0 2081 0 0 0 0 0 80682 100 0 0
SEP
CPU yadrolab-wp11 1745515972 2025/04/24 20:32:52 1 100 24 54 303 2 2022 1 0 0 0 0 79028 100 0 0
SEP
CPU yadrolab-wp11 1745515973 2025/04/24 20:32:53 1 100 24 72 307 2 2006 2 0 0 0 0 79803 100 0 0
SEP
CPU yadrolab-wp11 1745515974 2025/04/24 20:32:54 1 100 24 48 124 1 2217 1 0 0 0 0 77970 100 0 0
SEP
CPU yadrolab-wp11 1745515975 2025/04/24 20:32:55 1 100 24 27 275 1 2089 1 0 0 0 0 78114 100 0 0
SEP
CPU yadrolab-wp11 1745515976 2025/04/24 20:32:56 1 100 24 68 320 2 1986 1 0 0 0 0 81196 100 0 0
SEP
CPU yadrolab-wp11 1745515977 2025/04/24 20:32:57 1 100 24 51 238 10 2078 2 0 0 0 0 107848 100 0 0
SEP
CPU yadrolab-wp11 1745515978 2025/04/24 20:32:58 1 100 24 29 168 1 2205 0 0 0 0 0 80489 100 0 0
SEP
CPU yadrolab-wp11 1745515979 2025/04/24 20:32:59 1 100 24 71 321 4 1990 2 0 0 0 0 78941 100 0 0
SEP
CPU yadrolab-wp11 1745515980 2025/04/24 20:33:00 1 100 24 62 303 4 2019 2 0 0 0 0 80045 100 0 0
SEP
CPU yadrolab-wp11 1745515981 2025/04/24 20:33:01 1 100 24 58 125 5 2192 1 0 0 0 0 75826 100 0 0
SEP
CPU yadrolab-wp11 1745515982 2025/04/24 20:33:02 1 100 24 26 281 1 2088 0 0 0 0 0 74556 100 0 0
SEP
CPU yadrolab-wp11 1745515983 2025/04/24 20:33:03 1 100 24 71 312 4 1992 2 0 0 0 0 79954 100 0 0
SEP
CPU yadrolab-wp11 1745515984 2025/04/24 20:33:04 1 100 24 45 299 4 2030 2 0 0 0 0 80542 100 0 0
SEP
CPU yadrolab-wp11 1745515985 2025/04/24 20:33:05 1 100 24 48 122 2 2223 2 0 0 0 0 76317 100 0 0
SEP
CPU yadrolab-wp11 1745515986 2025/04/24 20:33:06 1 100 24 29 279 1 2081 0 0 0 0 0 78880 100 0 0
SEP
CPU yadrolab-wp11 1745515987 2025/04/24 20:33:07 1 100 24 47 303 4 2024 3 0 0 0 0 81630 100 0 0
SEP
CPU yadrolab-wp11 1745515988 2025/04/24 20:33:08 1 100 24 62 115 2 2190 15 0 0 0 0 75065 100 0 0
SEP
CPU yadrolab-wp11 1745515989 2025/04/24 20:33:09 1 100 24 21 281 1 2092 1 0 0 0 0 78310 100 0 0
SEP
CPU yadrolab-wp11 1745515990 2025/04/24 20:33:10 1 100 24 79 329 2 1969 9 0 0 0 0 78477 100 0 0
SEP
CPU yadrolab-wp11 1745515991 2025/04/24 20:33:11 1 100 24 70 328 4 2006 5 0 0 0 0 80062 100 0 0
SEP
CPU yadrolab-wp11 1745515992 2025/04/24 20:33:12 1 100 24 24 94 1 2272 0 0 0 0 0 82914 100 0 0
SEP
CPU yadrolab-wp11 1745515993 2025/04/24 20:33:13 1 100 24 60 334 4 1973 9 0 0 0 0 79106 100 0 0
SEP
CPU yadrolab-wp11 1745515994 2025/04/24 20:33:14 1 100 24 68 322 5 1988 7 0 1 0 0 78936 100 0 0
SEP
CPU yadrolab-wp11 1745515995 2025/04/24 20:33:15 1 100 24 22 94 1 2280 0 0 0 0 0 73186 100 0 0
SEP
CPU yadrolab-wp11 1745515996 2025/04/24 20:33:16 1 100 24 54 307 2 2021 6 0 0 0 0 78708 100 0 0
SEP
CPU yadrolab-wp11 1745515997 2025/04/24 20:33:17 1 100 24 53 289 2 2038 8 0 0 0 0 79266 100 0 0
SEP
CPU yadrolab-wp11 1745515998 2025/04/24 20:33:18 1 100 24 30 93 1 2261 5 0 0 0 0 63961 100 0 0
SEP
CPU yadrolab-wp11 1745515999 2025/04/24 20:33:19 1 100 24 65 304 3 2030 2 0 0 0 0 79556 100 0 0
SEP
CPU yadrolab-wp11 1745516000 2025/04/24 20:33:20 1 100 24 62 334 4 1985 7 0 0 0 0 80058 100 0 0
SEP
CPU yadrolab-wp11 1745516001 2025/04/24 20:33:21 1 100 24 49 125 2 2207 2 0 0 0 0 74355 100 0 0
SEP
CPU yadrolab-wp11 1745516002 2025/04/24 20:33:22 1 100 24 21 284 1 2089 0 0 0 0 0 74538 100 0 0
SEP
CPU yadrolab-wp11 1745516003 2025/04/24 20:33:23 1 100 24 60 304 2 2012 2 0 0 0 0 79437 100 0 0
SEP
CPU yadrolab-wp11 1745516004 2025/04/24 20:33:24 1 100 24 54 331 5 2008 1 0 0 0 0 79022 100 0 0
SEP
CPU yadrolab-wp11 1745516005 2025/04/24 20:33:25 1 100 24 34 89 2 2267 1 0 0 0 0 73221 100 0 0
SEP
CPU yadrolab-wp11 1745516006 2025/04/24 20:33:26 1 100 24 39 300 0 2046 1 0 0 0 0 78676 100 0 0
SEP
CPU yadrolab-wp11 1745516007 2025/04/24 20:33:27 1 100 24 80 317 4 1984 2 0 0 0 0 80232 100 0 0
SEP
CPU yadrolab-wp11 1745516008 2025/04/24 20:33:28 1 100 24 46 229 3 2109 1 0 0 0 0 107843 100 0 0
SEP
CPU yadrolab-wp11 1745516009 2025/04/24 20:33:29 1 100 24 27 155 0 2208 0 0 0 0 0 77877 100 0 0
SEP
CPU yadrolab-wp11 1745516010 2025/04/24 20:33:30 1 100 24 57 314 3 2016 3 0 0 0 0 78753 100 0 0
SEP
CPU yadrolab-wp11 1745516011 2025/04/24 20:33:31 1 100 24 61 324 3 2002 2 0 0 0 0 78538 100 0 0
SEP
CPU yadrolab-wp11 1745516012 2025/04/24 20:33:32 1 100 24 46 126 1 2230 1 0 0 0 0 75952 100 0 0
SEP
CPU yadrolab-wp11 1745516013 2025/04/24 20:33:33 1 100 24 23 279 0 2088 0 0 0 0 0 77164 100 0 0
SEP
CPU yadrolab-wp11 1745516014 2025/04/24 20:33:34 1 100 24 31 46 4 2307 1 0 0 0 0 76642 100 0 0
SEP
CPU yadrolab-wp11 1745516015 2025/04/24 20:33:35 1 100 24 12 7 0 2376 0 0 0 0 0 77486 100 0 0
SEP
CPU yadrolab-wp11 1745516016 2025/04/24 20:33:36 1 100 24 13 8 0 2375 0 0 0 0 0 77346 100 0 0
SEP
CPU yadrolab-wp11 1745516017 2025/04/24 20:33:37 1 100 24 24 11 16 2341 0 0 0 0 0 78535 100 0 0
SEP
CPU yadrolab-wp11 1745516018 2025/04/24 20:33:38 1 100 24 14 4 2 2375 0 0 0 0 0 76671 100 0 0
SEP
CPU yadrolab-wp11 1745516019 2025/04/24 20:33:39 1 100 24 16 6 2 2374 0 0 0 0 0 75961 100 0 0
SEP
CPU yadrolab-wp11 1745516020 2025/04/24 20:33:40 1 100 24 16 6 2 2374 0 0 0 0 0 75837 100 0 0
SEP
CPU yadrolab-wp11 1745516021 2025/04/24 20:33:41 1 100 24 26 3 96 2283 0 0 0 0 0 78595 100 0 0
SEP
CPU yadrolab-wp11 1745516022 2025/04/24 20:33:42 1 100 24 13 5 2 2374 0 0 0 0 0 76840 100 0 0
SEP
CPU yadrolab-wp11 1745516023 2025/04/24 20:33:43 1 100 24 14 7 4 2371 0 0 0 0 0 77465 100 0 0
SEP
