1337 
1377 
1449 
1386 
1462 
1332 
1343 
1448 
1377 
1462 
1425 
1423 
1385 
1403 
1439 
1407 
1390 
1457 
1274 
1339 
1403 
1341 
1395 
1378 
1416 
1410 
1371 
1350 
1327 
1375 
1401 
1274 
1435 
1376 
1368 
1381 
1437 
1389 
1463 
1416 
1336 
1399 
1375 
1407 
1428 
1425 
1395 
1324 
1412 
1337 
1476 
1297 
1394 
1362 
1349 
1377 
1392 
1422 
1440 
1396 
1449 
1334 
1365 
1414 
1356 
1370 
1316 
1340 
1395 
1460 
1362 
1339 
1388 
1369 
1375 
1373 
1381 
1396 
1344 
1388 
1356 
1447 
1424 
1478 
1465 
1443 
1478 
1395 
1498 
1381 
1431 
1425 
1430 
1403 
1361 
1350 
1372 
1407 
1391 
1449 
