               total        used        free      shared  buff/cache   available
Mem:           14514        4183         685         154        9644        9837
Swap:           2147           3        2144
Total:         16662        4187        2829

               total        used        free      shared  buff/cache   available
Mem:           14514        4178         691         154        9644        9843
Swap:           2147           3        2144
Total:         16662        4181        2835

               total        used        free      shared  buff/cache   available
Mem:           14514        4178         693         152        9642        9845
Swap:           2147           3        2144
Total:         16662        4182        2837

               total        used        free      shared  buff/cache   available
Mem:           14514        4176         699         149        9639        9851
Swap:           2147           3        2144
Total:         16662        4179        2843

               total        used        free      shared  buff/cache   available
Mem:           14514        4165         709         149        9639        9861
Swap:           2147           3        2144
Total:         16662        4169        2853

               total        used        free      shared  buff/cache   available
Mem:           14514        4165         709         149        9639        9861
Swap:           2147           3        2144
Total:         16662        4168        2853

               total        used        free      shared  buff/cache   available
Mem:           14514        4162         712         149        9639        9864
Swap:           2147           3        2144
Total:         16662        4165        2856

               total        used        free      shared  buff/cache   available
Mem:           14514        4162         712         149        9639        9864
Swap:           2147           3        2144
Total:         16662        4165        2856

               total        used        free      shared  buff/cache   available
Mem:           14514        4162         712         149        9639        9864
Swap:           2147           3        2144
Total:         16662        4165        2856

               total        used        free      shared  buff/cache   available
Mem:           14514        4162         712         149        9639        9864
Swap:           2147           3        2144
Total:         16662        4165        2856

               total        used        free      shared  buff/cache   available
Mem:           14514        4161         713         149        9639        9865
Swap:           2147           3        2144
Total:         16662        4165        2857

               total        used        free      shared  buff/cache   available
Mem:           14514        4307         566         149        9641        9719
Swap:           2147           3        2144
Total:         16662        4310        2710

               total        used        free      shared  buff/cache   available
Mem:           14514        4295         576         149        9643        9732
Swap:           2147           3        2144
Total:         16662        4298        2720

               total        used        free      shared  buff/cache   available
Mem:           14514        4357         513         151        9643        9667
Swap:           2147           3        2144
Total:         16662        4360        2657

               total        used        free      shared  buff/cache   available
Mem:           14514        4394         474         151        9645        9630
Swap:           2147           3        2144
Total:         16662        4397        2618

               total        used        free      shared  buff/cache   available
Mem:           14514        4355         518         149        9640        9671
Swap:           2147           3        2144
Total:         16662        4359        2662

               total        used        free      shared  buff/cache   available
Mem:           14514        4409         461         149        9643        9618
Swap:           2147           3        2144
Total:         16662        4412        2605

               total        used        free      shared  buff/cache   available
Mem:           14514        4330         543         149        9640        9696
Swap:           2147           3        2144
Total:         16662        4333        2688

               total        used        free      shared  buff/cache   available
Mem:           14514        4377         492         149        9643        9649
Swap:           2147           3        2144
Total:         16662        4381        2636

               total        used        free      shared  buff/cache   available
Mem:           14514        4372         498         149        9643        9654
Swap:           2147           3        2144
Total:         16662        4375        2642

               total        used        free      shared  buff/cache   available
Mem:           14514        4399         473         149        9641        9627
Swap:           2147           3        2144
Total:         16662        4402        2617

               total        used        free      shared  buff/cache   available
Mem:           14514        4392         478         149        9644        9635
Swap:           2147           3        2144
Total:         16662        4395        2622

               total        used        free      shared  buff/cache   available
Mem:           14514        4380         492         149        9641        9646
Swap:           2147           3        2144
Total:         16662        4383        2636

               total        used        free      shared  buff/cache   available
Mem:           14514        4435         435         149        9644        9591
Swap:           2147           3        2144
Total:         16662        4438        2579

               total        used        free      shared  buff/cache   available
Mem:           14514        4365         508         149        9640        9661
Swap:           2147           3        2144
Total:         16662        4368        2652

               total        used        free      shared  buff/cache   available
Mem:           14514        4428         442         149        9644        9598
Swap:           2147           3        2144
Total:         16662        4431        2586

               total        used        free      shared  buff/cache   available
Mem:           14514        4371         499         149        9644        9656
Swap:           2147           3        2144
Total:         16662        4374        2643

               total        used        free      shared  buff/cache   available
Mem:           14514        4413         459         149        9641        9613
Swap:           2147           3        2144
Total:         16662        4417        2603

               total        used        free      shared  buff/cache   available
Mem:           14514        4403         467         149        9644        9623
Swap:           2147           3        2144
Total:         16662        4406        2611

               total        used        free      shared  buff/cache   available
Mem:           14514        4373         499         149        9641        9653
Swap:           2147           3        2144
Total:         16662        4376        2643

               total        used        free      shared  buff/cache   available
Mem:           14514        4417         450         152        9647        9606
Swap:           2147           3        2144
Total:         16662        4420        2594

               total        used        free      shared  buff/cache   available
Mem:           14514        4364         506         152        9644        9659
Swap:           2147           3        2144
Total:         16662        4367        2650

               total        used        free      shared  buff/cache   available
Mem:           14514        4417         449         152        9647        9606
Swap:           2147           3        2144
Total:         16662        4420        2593

               total        used        free      shared  buff/cache   available
Mem:           14514        4359         510         149        9644        9667
Swap:           2147           3        2144
Total:         16662        4363        2654

               total        used        free      shared  buff/cache   available
Mem:           14514        4396         475         149        9642        9630
Swap:           2147           3        2144
Total:         16662        4400        2619

               total        used        free      shared  buff/cache   available
Mem:           14514        4412         456         149        9644        9614
Swap:           2147           3        2144
Total:         16662        4416        2601

               total        used        free      shared  buff/cache   available
Mem:           14514        4378         493         149        9642        9648
Swap:           2147           3        2144
Total:         16662        4382        2637

               total        used        free      shared  buff/cache   available
Mem:           14514        4391         478         149        9644        9635
Swap:           2147           3        2144
Total:         16662        4394        2622

               total        used        free      shared  buff/cache   available
Mem:           14514        4343         529         149        9641        9683
Swap:           2147           3        2144
Total:         16662        4346        2673

               total        used        free      shared  buff/cache   available
Mem:           14514        4381         488         149        9645        9645
Swap:           2147           3        2144
Total:         16662        4384        2632

               total        used        free      shared  buff/cache   available
Mem:           14514        4337         531         149        9645        9689
Swap:           2147           3        2144
Total:         16662        4341        2676

               total        used        free      shared  buff/cache   available
Mem:           14514        4376         495         149        9642        9650
Swap:           2147           3        2144
Total:         16662        4379        2639

               total        used        free      shared  buff/cache   available
Mem:           14514        4376         492         149        9645        9650
Swap:           2147           3        2144
Total:         16662        4380        2636

               total        used        free      shared  buff/cache   available
Mem:           14514        4340         531         149        9642        9686
Swap:           2147           3        2144
Total:         16662        4344        2675

               total        used        free      shared  buff/cache   available
Mem:           14514        4344         525         149        9645        9682
Swap:           2147           3        2144
Total:         16662        4347        2669

               total        used        free      shared  buff/cache   available
Mem:           14514        4281         591         149        9641        9745
Swap:           2147           3        2144
Total:         16662        4285        2735

               total        used        free      shared  buff/cache   available
Mem:           14514        4326         543         149        9645        9700
Swap:           2147           3        2144
Total:         16662        4329        2687

               total        used        free      shared  buff/cache   available
Mem:           14514        4292         577         149        9645        9734
Swap:           2147           3        2144
Total:         16662        4295        2721

               total        used        free      shared  buff/cache   available
Mem:           14514        4355         515         149        9643        9671
Swap:           2147           3        2144
Total:         16662        4359        2659

               total        used        free      shared  buff/cache   available
Mem:           14514        4355         513         149        9645        9671
Swap:           2147           3        2144
Total:         16662        4359        2657

               total        used        free      shared  buff/cache   available
Mem:           14514        4338         533         149        9643        9688
Swap:           2147           3        2144
Total:         16662        4341        2677

               total        used        free      shared  buff/cache   available
Mem:           14514        4370         498         149        9645        9656
Swap:           2147           3        2144
Total:         16662        4374        2642

               total        used        free      shared  buff/cache   available
Mem:           14514        4338         533         149        9642        9688
Swap:           2147           3        2144
Total:         16662        4342        2677

               total        used        free      shared  buff/cache   available
Mem:           14514        4390         478         149        9645        9636
Swap:           2147           3        2144
Total:         16662        4393        2622

               total        used        free      shared  buff/cache   available
Mem:           14514        4325         544         149        9644        9701
Swap:           2147           3        2144
Total:         16662        4328        2688

               total        used        free      shared  buff/cache   available
Mem:           14514        4407         463         149        9643        9618
Swap:           2147           3        2144
Total:         16662        4411        2607

               total        used        free      shared  buff/cache   available
Mem:           14514        4378         490         149        9645        9648
Swap:           2147           3        2144
Total:         16662        4381        2634

               total        used        free      shared  buff/cache   available
Mem:           14514        4371         499         149        9643        9655
Swap:           2147           3        2144
Total:         16662        4374        2643

               total        used        free      shared  buff/cache   available
Mem:           14514        4382         485         149        9646        9644
Swap:           2147           3        2144
Total:         16662        4386        2629

               total        used        free      shared  buff/cache   available
Mem:           14514        4343         528         149        9642        9683
Swap:           2147           3        2144
Total:         16662        4347        2672

               total        used        free      shared  buff/cache   available
Mem:           14514        4374         490         153        9649        9648
Swap:           2147           3        2144
Total:         16662        4378        2634

               total        used        free      shared  buff/cache   available
Mem:           14514        4349         515         152        9649        9674
Swap:           2147           3        2144
Total:         16662        4352        2659

               total        used        free      shared  buff/cache   available
Mem:           14514        4428         439         153        9647        9595
Swap:           2147           3        2144
Total:         16662        4431        2583

               total        used        free      shared  buff/cache   available
Mem:           14514        4401         467         149        9646        9625
Swap:           2147           3        2144
Total:         16662        4404        2611

               total        used        free      shared  buff/cache   available
Mem:           14514        4394         476         149        9644        9632
Swap:           2147           3        2144
Total:         16662        4397        2620

               total        used        free      shared  buff/cache   available
Mem:           14514        4391         476         149        9646        9635
Swap:           2147           3        2144
Total:         16662        4395        2620

               total        used        free      shared  buff/cache   available
Mem:           14514        4356         514         149        9643        9670
Swap:           2147           3        2144
Total:         16662        4359        2658

               total        used        free      shared  buff/cache   available
Mem:           14514        4358         509         149        9646        9668
Swap:           2147           3        2144
Total:         16662        4361        2653

               total        used        free      shared  buff/cache   available
Mem:           14514        4349         518         149        9646        9677
Swap:           2147           3        2144
Total:         16662        4353        2662

               total        used        free      shared  buff/cache   available
Mem:           14514        4368         501         149        9644        9658
Swap:           2147           3        2144
Total:         16662        4372        2645

               total        used        free      shared  buff/cache   available
Mem:           14514        4352         515         149        9646        9674
Swap:           2147           3        2144
Total:         16662        4355        2659

               total        used        free      shared  buff/cache   available
Mem:           14514        4331         538         149        9644        9695
Swap:           2147           3        2144
Total:         16662        4335        2682

               total        used        free      shared  buff/cache   available
Mem:           14514        4383         483         149        9647        9643
Swap:           2147           3        2144
Total:         16662        4387        2627

               total        used        free      shared  buff/cache   available
Mem:           14514        4340         531         149        9643        9686
Swap:           2147           3        2144
Total:         16662        4343        2675

               total        used        free      shared  buff/cache   available
Mem:           14514        4417         450         149        9647        9609
Swap:           2147           3        2144
Total:         16662        4420        2594

               total        used        free      shared  buff/cache   available
Mem:           14514        4338         528         149        9647        9688
Swap:           2147           3        2144
Total:         16662        4342        2672

               total        used        free      shared  buff/cache   available
Mem:           14514        4404         465         149        9644        9622
Swap:           2147           3        2144
Total:         16662        4407        2609

               total        used        free      shared  buff/cache   available
Mem:           14514        4375         491         149        9647        9651
Swap:           2147           3        2144
Total:         16662        4379        2635

               total        used        free      shared  buff/cache   available
Mem:           14514        4357         512         149        9644        9669
Swap:           2147           3        2144
Total:         16662        4360        2657

               total        used        free      shared  buff/cache   available
Mem:           14514        4377         489         149        9647        9649
Swap:           2147           3        2144
Total:         16662        4380        2633

               total        used        free      shared  buff/cache   available
Mem:           14514        4322         548         149        9643        9704
Swap:           2147           3        2144
Total:         16662        4325        2692

               total        used        free      shared  buff/cache   available
Mem:           14514        4365         501         149        9647        9661
Swap:           2147           3        2144
Total:         16662        4369        2645

               total        used        free      shared  buff/cache   available
Mem:           14514        4341         525         149        9647        9685
Swap:           2147           3        2144
Total:         16662        4345        2669

               total        used        free      shared  buff/cache   available
Mem:           14514        4406         463         149        9645        9620
Swap:           2147           3        2144
Total:         16662        4409        2607

               total        used        free      shared  buff/cache   available
Mem:           14514        4381         485         149        9647        9645
Swap:           2147           3        2144
Total:         16662        4384        2629

               total        used        free      shared  buff/cache   available
Mem:           14514        4383         486         149        9645        9643
Swap:           2147           3        2144
Total:         16662        4386        2630

               total        used        free      shared  buff/cache   available
Mem:           14514        4416         450         149        9647        9610
Swap:           2147           3        2144
Total:         16662        4419        2594

               total        used        free      shared  buff/cache   available
Mem:           14514        4399         470         149        9644        9627
Swap:           2147           3        2144
Total:         16662        4402        2615

               total        used        free      shared  buff/cache   available
Mem:           14514        4427         439         150        9648        9599
Swap:           2147           3        2144
Total:         16662        4430        2583

               total        used        free      shared  buff/cache   available
Mem:           14514        4374         495         149        9644        9652
Swap:           2147           3        2144
Total:         16662        4377        2640

               total        used        free      shared  buff/cache   available
Mem:           14514        4464         401         153        9648        9559
Swap:           2147           3        2144
Total:         16662        4467        2545

               total        used        free      shared  buff/cache   available
Mem:           14514        4408         454         153        9651        9614
Swap:           2147           3        2144
Total:         16662        4412        2598

               total        used        free      shared  buff/cache   available
Mem:           14514        4412         453         153        9648        9611
Swap:           2147           3        2144
Total:         16662        4415        2597

               total        used        free      shared  buff/cache   available
Mem:           14514        4395         470         150        9648        9631
Swap:           2147           3        2144
Total:         16662        4399        2614

               total        used        free      shared  buff/cache   available
Mem:           14514        4369         499         149        9644        9656
Swap:           2147           3        2144
Total:         16662        4373        2643

               total        used        free      shared  buff/cache   available
Mem:           14514        4431         434         150        9648        9595
Swap:           2147           3        2144
Total:         16662        4434        2578

               total        used        free      shared  buff/cache   available
Mem:           14514        4377         488         149        9648        9649
Swap:           2147           3        2144
Total:         16662        4380        2633

               total        used        free      shared  buff/cache   available
Mem:           14514        4412         456         150        9646        9614
Swap:           2147           3        2144
Total:         16662        4415        2600

               total        used        free      shared  buff/cache   available
Mem:           14514        4402         463         150        9648        9624
Swap:           2147           3        2144
Total:         16662        4405        2608

               total        used        free      shared  buff/cache   available
Mem:           14514        4381         486         150        9646        9645
Swap:           2147           3        2144
Total:         16662        4385        2630

               total        used        free      shared  buff/cache   available
Mem:           14514        4403         462         150        9648        9623
Swap:           2147           3        2144
Total:         16662        4406        2606

               total        used        free      shared  buff/cache   available
Mem:           14514        4381         488         150        9645        9645
Swap:           2147           3        2144
Total:         16662        4384        2632

               total        used        free      shared  buff/cache   available
Mem:           14514        4373         492         150        9648        9653
Swap:           2147           3        2144
Total:         16662        4376        2636

               total        used        free      shared  buff/cache   available
Mem:           14514        4332         533         149        9648        9694
Swap:           2147           3        2144
Total:         16662        4336        2677

               total        used        free      shared  buff/cache   available
Mem:           14514        4350         518         150        9646        9676
Swap:           2147           3        2144
Total:         16662        4353        2662

               total        used        free      shared  buff/cache   available
Mem:           14514        4333         532         150        9648        9693
Swap:           2147           3        2144
Total:         16662        4336        2676

               total        used        free      shared  buff/cache   available
Mem:           14514        4326         541         150        9646        9700
Swap:           2147           3        2144
Total:         16662        4329        2685

               total        used        free      shared  buff/cache   available
Mem:           14514        4340         524         150        9649        9685
Swap:           2147           3        2144
Total:         16662        4344        2668

               total        used        free      shared  buff/cache   available
Mem:           14514        4312         556         150        9645        9713
Swap:           2147           3        2144
Total:         16662        4316        2700

               total        used        free      shared  buff/cache   available
Mem:           14514        4344         521         150        9649        9682
Swap:           2147           3        2144
Total:         16662        4347        2665

               total        used        free      shared  buff/cache   available
Mem:           14514        4312         552         150        9649        9714
Swap:           2147           3        2144
Total:         16662        4316        2696

               total        used        free      shared  buff/cache   available
Mem:           14514        4356         511         150        9646        9670
Swap:           2147           3        2144
Total:         16662        4360        2655

               total        used        free      shared  buff/cache   available
Mem:           14514        4341         523         150        9649        9684
Swap:           2147           3        2144
Total:         16662        4345        2667

               total        used        free      shared  buff/cache   available
Mem:           14514        4351         516         150        9646        9675
Swap:           2147           3        2144
Total:         16662        4354        2660

               total        used        free      shared  buff/cache   available
Mem:           14514        4375         489         150        9649        9650
Swap:           2147           3        2144
Total:         16662        4379        2633

               total        used        free      shared  buff/cache   available
Mem:           14514        4342         526         150        9646        9684
Swap:           2147           3        2144
Total:         16662        4345        2670

               total        used        free      shared  buff/cache   available
Mem:           14514        4388         476         150        9649        9637
Swap:           2147           3        2144
Total:         16662        4392        2620

               total        used        free      shared  buff/cache   available
Mem:           14514        4362         503         149        9648        9665
Swap:           2147           3        2144
Total:         16662        4366        2647

               total        used        free      shared  buff/cache   available
Mem:           14514        4403         464         149        9646        9623
Swap:           2147           3        2144
Total:         16662        4407        2608

               total        used        free      shared  buff/cache   available
Mem:           14514        4375         490         149        9648        9652
Swap:           2147           3        2144
Total:         16662        4379        2634

               total        used        free      shared  buff/cache   available
Mem:           14514        4348         514         154        9651        9673
Swap:           2147           3        2144
Total:         16662        4351        2659

               total        used        free      shared  buff/cache   available
Mem:           14514        4362         497         154        9654        9659
Swap:           2147           3        2144
Total:         16662        4365        2641

               total        used        free      shared  buff/cache   available
Mem:           14514        4375         481         161        9657        9640
Swap:           2147           3        2144
Total:         16662        4379        2625

               total        used        free      shared  buff/cache   available
Mem:           14514        4419         437         157        9657        9599
Swap:           2147           3        2144
Total:         16662        4422        2581

               total        used        free      shared  buff/cache   available
Mem:           14514        4374         482         157        9657        9644
Swap:           2147           3        2144
Total:         16662        4378        2626

               total        used        free      shared  buff/cache   available
Mem:           14514        4427         431         157        9655        9591
Swap:           2147           3        2144
Total:         16662        4430        2576

               total        used        free      shared  buff/cache   available
Mem:           14514        4420         436         157        9658        9598
Swap:           2147           3        2144
Total:         16662        4423        2580

               total        used        free      shared  buff/cache   available
Mem:           14514        4375         483         157        9655        9643
Swap:           2147           3        2144
Total:         16662        4378        2628

               total        used        free      shared  buff/cache   available
Mem:           14514        4367         488         157        9658        9651
Swap:           2147           3        2144
Total:         16662        4371        2632

               total        used        free      shared  buff/cache   available
Mem:           14514        4339         520         157        9654        9679
Swap:           2147           3        2144
Total:         16662        4343        2664

               total        used        free      shared  buff/cache   available
Mem:           14514        4395         461         157        9658        9623
Swap:           2147           3        2144
Total:         16662        4398        2605

               total        used        free      shared  buff/cache   available
Mem:           14514        4375         481         157        9658        9643
Swap:           2147           3        2144
Total:         16662        4378        2625

               total        used        free      shared  buff/cache   available
Mem:           14514        4447         411         157        9655        9571
Swap:           2147           3        2144
Total:         16662        4450        2555

               total        used        free      shared  buff/cache   available
Mem:           14514        4461         394         157        9658        9557
Swap:           2147           3        2144
Total:         16662        4464        2538

               total        used        free      shared  buff/cache   available
Mem:           14514        4438         420         157        9655        9580
Swap:           2147           3        2144
Total:         16662        4441        2564

               total        used        free      shared  buff/cache   available
Mem:           14514        4457         398         157        9658        9561
Swap:           2147           3        2144
Total:         16662        4461        2542

               total        used        free      shared  buff/cache   available
Mem:           14514        4401         458         157        9655        9617
Swap:           2147           3        2144
Total:         16662        4404        2602

               total        used        free      shared  buff/cache   available
Mem:           14514        4477         380         157        9656        9541
Swap:           2147           3        2144
Total:         16662        4481        2524

               total        used        free      shared  buff/cache   available
Mem:           14514        4481         373         157        9659        9537
Swap:           2147           3        2144
Total:         16662        4485        2517

               total        used        free      shared  buff/cache   available
Mem:           14514        4468         389         157        9656        9550
Swap:           2147           3        2144
Total:         16662        4472        2533

               total        used        free      shared  buff/cache   available
Mem:           14514        4488         366         157        9659        9530
Swap:           2147           3        2144
Total:         16662        4492        2510

               total        used        free      shared  buff/cache   available
Mem:           14514        4454         404         157        9655        9564
Swap:           2147           3        2144
Total:         16662        4457        2548

               total        used        free      shared  buff/cache   available
Mem:           14514        4496         359         157        9659        9522
Swap:           2147           3        2144
Total:         16662        4499        2503

               total        used        free      shared  buff/cache   available
Mem:           14514        4450         406         157        9658        9568
Swap:           2147           3        2144
Total:         16662        4453        2550

               total        used        free      shared  buff/cache   available
Mem:           14514        4522         335         158        9656        9496
Swap:           2147           3        2144
Total:         16662        4526        2479

               total        used        free      shared  buff/cache   available
Mem:           14514        4479         376         158        9659        9539
Swap:           2147           3        2144
Total:         16662        4482        2520

               total        used        free      shared  buff/cache   available
Mem:           14514        4457         400         158        9656        9561
Swap:           2147           3        2144
Total:         16662        4460        2544

               total        used        free      shared  buff/cache   available
Mem:           14514        4495         359         158        9659        9523
Swap:           2147           3        2144
Total:         16662        4499        2503

               total        used        free      shared  buff/cache   available
Mem:           14514        4444         414         157        9655        9574
Swap:           2147           3        2144
Total:         16662        4447        2558

               total        used        free      shared  buff/cache   available
Mem:           14514        4450         404         158        9659        9568
Swap:           2147           3        2144
Total:         16662        4453        2549

               total        used        free      shared  buff/cache   available
Mem:           14514        4405         446         161        9662        9610
Swap:           2147           3        2144
Total:         16662        4409        2590

               total        used        free      shared  buff/cache   available
Mem:           14514        4474         379         161        9660        9541
Swap:           2147           3        2144
Total:         16662        4477        2523

               total        used        free      shared  buff/cache   available
Mem:           14514        4442         409         161        9662        9573
Swap:           2147           3        2144
Total:         16662        4445        2553

               total        used        free      shared  buff/cache   available
Mem:           14514        4454         402         158        9657        9564
Swap:           2147           3        2144
Total:         16662        4458        2546

               total        used        free      shared  buff/cache   available
Mem:           14514        4444         410         158        9659        9574
Swap:           2147           3        2144
Total:         16662        4447        2554

               total        used        free      shared  buff/cache   available
Mem:           14514        4394         463         158        9656        9624
Swap:           2147           3        2144
Total:         16662        4397        2607

               total        used        free      shared  buff/cache   available
Mem:           14514        4455         399         158        9660        9563
Swap:           2147           3        2144
Total:         16662        4458        2543

               total        used        free      shared  buff/cache   available
Mem:           14514        4420         437         157        9656        9597
Swap:           2147           3        2144
Total:         16662        4424        2581

               total        used        free      shared  buff/cache   available
Mem:           14514        4466         390         158        9657        9551
Swap:           2147           3        2144
Total:         16662        4470        2534

               total        used        free      shared  buff/cache   available
Mem:           14514        4433         421         158        9660        9585
Swap:           2147           3        2144
Total:         16662        4436        2565

               total        used        free      shared  buff/cache   available
Mem:           14514        4429         426         158        9658        9589
Swap:           2147           3        2144
Total:         16662        4432        2571

               total        used        free      shared  buff/cache   available
Mem:           14514        4429         424         158        9660        9588
Swap:           2147           3        2144
Total:         16662        4433        2568

               total        used        free      shared  buff/cache   available
Mem:           14514        4412         444         158        9657        9605
Swap:           2147           3        2144
Total:         16662        4416        2588

               total        used        free      shared  buff/cache   available
Mem:           14514        4436         417         158        9660        9582
Swap:           2147           3        2144
Total:         16662        4439        2561

               total        used        free      shared  buff/cache   available
Mem:           14514        4360         497         158        9657        9658
Swap:           2147           3        2144
Total:         16662        4363        2641

               total        used        free      shared  buff/cache   available
Mem:           14514        4418         437         158        9658        9600
Swap:           2147           3        2144
Total:         16662        4421        2581

               total        used        free      shared  buff/cache   available
Mem:           14514        4416         436         158        9660        9601
Swap:           2147           3        2144
Total:         16662        4420        2580

               total        used        free      shared  buff/cache   available
Mem:           14514        4378         477         158        9658        9640
Swap:           2147           3        2144
Total:         16662        4381        2621

               total        used        free      shared  buff/cache   available
Mem:           14514        4415         438         158        9661        9603
Swap:           2147           3        2144
Total:         16662        4418        2582

               total        used        free      shared  buff/cache   available
Mem:           14514        4362         493         158        9657        9655
Swap:           2147           3        2144
Total:         16662        4366        2637

               total        used        free      shared  buff/cache   available
Mem:           14514        4404         449         158        9661        9614
Swap:           2147           3        2144
Total:         16662        4407        2593

               total        used        free      shared  buff/cache   available
Mem:           14514        4366         486         158        9661        9652
Swap:           2147           3        2144
Total:         16662        4369        2630

               total        used        free      shared  buff/cache   available
Mem:           14514        4442         413         158        9658        9576
Swap:           2147           3        2144
Total:         16662        4445        2557

               total        used        free      shared  buff/cache   available
Mem:           14514        4390         463         158        9661        9628
Swap:           2147           3        2144
Total:         16662        4393        2607

               total        used        free      shared  buff/cache   available
Mem:           14514        4399         456         158        9659        9619
Swap:           2147           3        2144
Total:         16662        4402        2600

               total        used        free      shared  buff/cache   available
Mem:           14514        4403         450         158        9661        9615
Swap:           2147           3        2144
Total:         16662        4406        2594

               total        used        free      shared  buff/cache   available
Mem:           14514        4367         489         158        9658        9651
Swap:           2147           3        2144
Total:         16662        4371        2633

               total        used        free      shared  buff/cache   available
Mem:           14514        4413         439         158        9661        9604
Swap:           2147           3        2144
Total:         16662        4417        2583

               total        used        free      shared  buff/cache   available
Mem:           14514        4378         477         158        9658        9639
Swap:           2147           3        2144
Total:         16662        4382        2621

               total        used        free      shared  buff/cache   available
Mem:           14514        4455         398         158        9659        9562
Swap:           2147           3        2144
Total:         16662        4459        2542

               total        used        free      shared  buff/cache   available
Mem:           14514        4408         442         161        9664        9607
Swap:           2147           3        2144
Total:         16662        4411        2586

               total        used        free      shared  buff/cache   available
Mem:           14514        4441         410         161        9662        9573
Swap:           2147           3        2144
Total:         16662        4445        2554

               total        used        free      shared  buff/cache   available
Mem:           14514        4422         429         158        9662        9595
Swap:           2147           3        2144
Total:         16662        4425        2574

               total        used        free      shared  buff/cache   available
Mem:           14514        4362         501         149        9650        9665
Swap:           2147           3        2144
Total:         16662        4365        2645

               total        used        free      shared  buff/cache   available
Mem:           14514        4357         503         149        9653        9670
Swap:           2147           3        2144
Total:         16662        4360        2647

               total        used        free      shared  buff/cache   available
Mem:           14514        4342         522         149        9650        9685
Swap:           2147           3        2144
Total:         16662        4345        2666

               total        used        free      shared  buff/cache   available
Mem:           14514        4398         462         149        9653        9629
Swap:           2147           3        2144
Total:         16662        4401        2606

               total        used        free      shared  buff/cache   available
Mem:           14514        4364         500         149        9650        9663
Swap:           2147           3        2144
Total:         16662        4367        2644

               total        used        free      shared  buff/cache   available
Mem:           14514        4487         243         149        9783        9540
Swap:           2147           3        2144
Total:         16662        4490        2387

               total        used        free      shared  buff/cache   available
Mem:           14514        4494         233         149        9786        9533
Swap:           2147           3        2144
Total:         16662        4497        2377

               total        used        free      shared  buff/cache   available
Mem:           14514        4461         267         149        9785        9565
Swap:           2147           3        2144
Total:         16662        4465        2411

               total        used        free      shared  buff/cache   available
Mem:           14514        4468         256         149        9789        9558
Swap:           2147           3        2144
Total:         16662        4472        2400

               total        used        free      shared  buff/cache   available
Mem:           14514        4456         271         151        9786        9569
Swap:           2147           3        2144
Total:         16662        4459        2415

               total        used        free      shared  buff/cache   available
Mem:           14514        4653         178         151        9682        9372
Swap:           2147           3        2144
Total:         16662        4656        2322

               total        used        free      shared  buff/cache   available
Mem:           14514        4611         191         151        9710        9413
Swap:           2147           3        2144
Total:         16662        4615        2335

               total        used        free      shared  buff/cache   available
Mem:           14514        4615         323         151        9575        9410
Swap:           2147           3        2144
Total:         16662        4618        2467

               total        used        free      shared  buff/cache   available
Mem:           14514        4666         269         151        9578        9358
Swap:           2147           3        2144
Total:         16662        4670        2413

               total        used        free      shared  buff/cache   available
Mem:           14514        4613         326         151        9574        9412
Swap:           2147           3        2144
Total:         16662        4616        2470

               total        used        free      shared  buff/cache   available
Mem:           14514        4500         565         151        9449        9525
Swap:           2147           3        2144
Total:         16662        4503        2709

               total        used        free      shared  buff/cache   available
Mem:           14514        4435         630         151        9449        9590
Swap:           2147           3        2144
Total:         16662        4438        2774

               total        used        free      shared  buff/cache   available
Mem:           14514        4462         605         151        9446        9563
Swap:           2147           3        2144
Total:         16662        4466        2750

               total        used        free      shared  buff/cache   available
Mem:           14514        4502         563         151        9448        9523
Swap:           2147           3        2144
Total:         16662        4505        2707

               total        used        free      shared  buff/cache   available
Mem:           14514        4394         674         151        9446        9631
Swap:           2147           3        2144
Total:         16662        4397        2818

               total        used        free      shared  buff/cache   available
Mem:           14514        4434         631         151        9448        9591
Swap:           2147           3        2144
Total:         16662        4437        2775

               total        used        free      shared  buff/cache   available
Mem:           14514        4387         682         151        9445        9638
Swap:           2147           3        2144
Total:         16662        4390        2826

               total        used        free      shared  buff/cache   available
Mem:           14514        4415         650         151        9449        9610
Swap:           2147           3        2144
Total:         16662        4418        2794

               total        used        free      shared  buff/cache   available
Mem:           14514        4353         711         151        9449        9671
Swap:           2147           3        2144
Total:         16662        4357        2855

               total        used        free      shared  buff/cache   available
Mem:           14514        4421         645         151        9446        9603
Swap:           2147           3        2144
Total:         16662        4425        2789

               total        used        free      shared  buff/cache   available
Mem:           14514        4428         636         151        9449        9597
Swap:           2147           3        2144
Total:         16662        4431        2781

               total        used        free      shared  buff/cache   available
Mem:           14514        4377         690         151        9446        9648
Swap:           2147           3        2144
Total:         16662        4380        2834

               total        used        free      shared  buff/cache   available
Mem:           14514        4454         606         154        9452        9567
Swap:           2147           3        2144
Total:         16662        4458        2750

               total        used        free      shared  buff/cache   available
Mem:           14514        4392         672         154        9449        9629
Swap:           2147           3        2144
Total:         16662        4395        2816

               total        used        free      shared  buff/cache   available
Mem:           14514        4430         632         154        9452        9592
Swap:           2147           3        2144
Total:         16662        4433        2776

               total        used        free      shared  buff/cache   available
Mem:           14514        4402         661         151        9449        9622
Swap:           2147           3        2144
Total:         16662        4406        2805

               total        used        free      shared  buff/cache   available
Mem:           14514        4493         444         151        9576        9532
Swap:           2147           3        2144
Total:         16662        4496        2588

               total        used        free      shared  buff/cache   available
Mem:           14514        4375         689         151        9450        9650
Swap:           2147           3        2144
Total:         16662        4378        2833

               total        used        free      shared  buff/cache   available
Mem:           14514        4343         724         151        9446        9681
Swap:           2147           3        2144
Total:         16662        4347        2868

               total        used        free      shared  buff/cache   available
Mem:           14514        4461         603         151        9450        9564
Swap:           2147           3        2144
Total:         16662        4464        2747

               total        used        free      shared  buff/cache   available
Mem:           14514        4391         676         151        9446        9634
Swap:           2147           3        2144
Total:         16662        4394        2820

               total        used        free      shared  buff/cache   available
Mem:           14514        4507         559         151        9447        9518
Swap:           2147           3        2144
Total:         16662        4510        2703

               total        used        free      shared  buff/cache   available
Mem:           14514        4450         613         151        9450        9574
Swap:           2147           3        2144
Total:         16662        4454        2758

               total        used        free      shared  buff/cache   available
Mem:           14514        4356         710         151        9446        9668
Swap:           2147           3        2144
Total:         16662        4360        2855

               total        used        free      shared  buff/cache   available
Mem:           14514        4414         649         151        9450        9610
Swap:           2147           3        2144
Total:         16662        4418        2793

               total        used        free      shared  buff/cache   available
Mem:           14514        4341         726         151        9446        9683
Swap:           2147           3        2144
Total:         16662        4345        2870

               total        used        free      shared  buff/cache   available
Mem:           14514        4430         635         151        9447        9594
Swap:           2147           3        2144
Total:         16662        4434        2779

               total        used        free      shared  buff/cache   available
Mem:           14514        4346         718         151        9450        9679
Swap:           2147           3        2144
Total:         16662        4349        2862

               total        used        free      shared  buff/cache   available
Mem:           14514        4379         687         151        9447        9645
Swap:           2147           3        2144
Total:         16662        4383        2831

               total        used        free      shared  buff/cache   available
Mem:           14514        4395         668         151        9450        9629
Swap:           2147           3        2144
Total:         16662        4398        2812

               total        used        free      shared  buff/cache   available
Mem:           14514        4348         718         151        9447        9676
Swap:           2147           3        2144
Total:         16662        4352        2862

               total        used        free      shared  buff/cache   available
Mem:           14514        4377         686         151        9450        9647
Swap:           2147           3        2144
Total:         16662        4381        2830

               total        used        free      shared  buff/cache   available
Mem:           14514        4312         755         151        9447        9713
Swap:           2147           3        2144
Total:         16662        4315        2899

               total        used        free      shared  buff/cache   available
Mem:           14514        4382         681         151        9450        9642
Swap:           2147           3        2144
Total:         16662        4386        2825

               total        used        free      shared  buff/cache   available
Mem:           14514        4353         710         151        9450        9671
Swap:           2147           3        2144
Total:         16662        4356        2854

               total        used        free      shared  buff/cache   available
Mem:           14514        4402         663         151        9448        9623
Swap:           2147           3        2144
Total:         16662        4405        2807

               total        used        free      shared  buff/cache   available
Mem:           14514        4399         664         151        9450        9626
Swap:           2147           3        2144
Total:         16662        4402        2808

               total        used        free      shared  buff/cache   available
Mem:           14514        4333         733         151        9448        9692
Swap:           2147           3        2144
Total:         16662        4336        2877

               total        used        free      shared  buff/cache   available
Mem:           14514        4389         674         151        9451        9636
Swap:           2147           3        2144
Total:         16662        4392        2818

               total        used        free      shared  buff/cache   available
Mem:           14514        4353         713         151        9447        9672
Swap:           2147           3        2144
Total:         16662        4356        2857

               total        used        free      shared  buff/cache   available
Mem:           14514        4426         636         151        9451        9598
Swap:           2147           3        2144
Total:         16662        4430        2780

               total        used        free      shared  buff/cache   available
Mem:           14514        4378         685         151        9451        9647
Swap:           2147           3        2144
Total:         16662        4381        2829

               total        used        free      shared  buff/cache   available
Mem:           14514        4376         685         154        9452        9645
Swap:           2147           3        2144
Total:         16662        4380        2829

               total        used        free      shared  buff/cache   available
Mem:           14514        4355         704         154        9454        9666
Swap:           2147           3        2144
Total:         16662        4358        2848

               total        used        free      shared  buff/cache   available
Mem:           14514        4340         721         154        9452        9681
Swap:           2147           3        2144
Total:         16662        4344        2865

               total        used        free      shared  buff/cache   available
Mem:           14514        4349         713         151        9451        9676
Swap:           2147           3        2144
Total:         16662        4352        2857

               total        used        free      shared  buff/cache   available
Mem:           14514        4241         824         151        9448        9783
Swap:           2147           3        2144
Total:         16662        4245        2968

               total        used        free      shared  buff/cache   available
Mem:           14514        4233         833         151        9448        9792
Swap:           2147           3        2144
Total:         16662        4236        2977

               total        used        free      shared  buff/cache   available
Mem:           14514        4228         838         151        9448        9797
Swap:           2147           3        2144
Total:         16662        4231        2982

               total        used        free      shared  buff/cache   available
Mem:           14514        4220         846         151        9448        9805
Swap:           2147           3        2144
Total:         16662        4223        2990

               total        used        free      shared  buff/cache   available
Mem:           14514        4174         891         151        9448        9850
Swap:           2147           3        2144
Total:         16662        4178        3035

               total        used        free      shared  buff/cache   available
Mem:           14514        4164         902         151        9448        9861
Swap:           2147           3        2144
Total:         16662        4167        3046

               total        used        free      shared  buff/cache   available
Mem:           14514        4161         904         151        9448        9863
Swap:           2147           3        2144
Total:         16662        4165        3048

               total        used        free      shared  buff/cache   available
Mem:           14514        4159         906         151        9448        9865
Swap:           2147           3        2144
Total:         16662        4163        3050

               total        used        free      shared  buff/cache   available
Mem:           14514        4157         908         151        9448        9867
Swap:           2147           3        2144
Total:         16662        4161        3052

               total        used        free      shared  buff/cache   available
Mem:           14514        4192         874         151        9448        9833
Swap:           2147           3        2144
Total:         16662        4195        3018
