RESET
CPU laptop 1745517201 2025/04/24 20:53:21 638771 100 12 3485915 6449187 70675 155160879 265233 0 77994 0 0 34475 100 0 0
SEP
CPU laptop 1745517202 2025/04/24 20:53:22 1 100 12 76 39 0 1076 1 0 0 0 0 24006 100 0 0
SEP
CPU laptop 1745517203 2025/04/24 20:53:23 1 100 12 85 35 0 1067 1 0 0 0 0 21293 100 0 0
SEP
CPU laptop 1745517204 2025/04/24 20:53:24 1 100 12 70 17 0 1110 0 0 0 0 0 20813 100 0 0
SEP
CPU laptop 1745517205 2025/04/24 20:53:25 1 100 12 70 16 0 1111 1 0 1 0 0 22458 100 0 0
SEP
CPU laptop 1745517206 2025/04/24 20:53:26 1 100 12 69 15 0 1112 2 0 0 0 0 20998 100 0 0
SEP
CPU laptop 1745517207 2025/04/24 20:53:27 1 100 12 72 14 0 1110 1 0 0 0 0 21851 100 0 0
SEP
CPU laptop 1745517208 2025/04/24 20:53:28 1 100 12 69 18 0 1111 1 0 0 0 0 21343 100 0 0
SEP
CPU laptop 1745517209 2025/04/24 20:53:29 1 100 12 69 15 0 1113 0 0 0 0 0 19389 100 0 0
SEP
CPU laptop 1745517210 2025/04/24 20:53:30 1 100 12 69 16 0 1112 1 0 0 0 0 22875 100 0 0
SEP
CPU laptop 1745517211 2025/04/24 20:53:31 1 100 12 70 17 0 1110 2 0 0 0 0 20678 100 0 0
SEP
CPU laptop 1745517212 2025/04/24 20:53:32 1 100 12 143 233 1 802 9 0 0 0 0 24948 100 0 0
SEP
CPU laptop 1745517213 2025/04/24 20:53:33 1 100 12 110 85 0 998 1 0 1 0 0 23850 100 0 0
SEP
CPU laptop 1745517214 2025/04/24 20:53:34 1 100 12 137 246 0 777 17 0 1 0 0 44611 100 0 0
SEP
CPU laptop 1745517215 2025/04/24 20:53:35 1 100 12 125 102 0 958 1 0 1 0 0 21636 100 0 0
SEP
CPU laptop 1745517216 2025/04/24 20:53:36 1 100 12 129 100 1 941 15 0 1 0 0 24033 100 0 0
SEP
CPU laptop 1745517217 2025/04/24 20:53:37 1 100 12 117 211 0 857 5 0 0 0 0 26051 100 0 0
SEP
CPU laptop 1745517218 2025/04/24 20:53:38 1 100 12 104 91 0 996 0 0 1 0 0 23995 100 0 0
SEP
CPU laptop 1745517219 2025/04/24 20:53:39 1 100 12 152 224 1 787 20 0 1 0 0 28769 100 0 0
SEP
CPU laptop 1745517220 2025/04/24 20:53:40 1 100 12 114 84 0 996 0 0 0 0 0 26381 100 0 0
SEP
CPU laptop 1745517221 2025/04/24 20:53:41 1 100 12 138 99 1 918 20 0 2 0 0 24458 100 0 0
SEP
CPU laptop 1745517222 2025/04/24 20:53:42 1 100 12 107 216 0 873 0 0 0 0 0 27096 100 0 0
SEP
CPU laptop 1745517223 2025/04/24 20:53:43 1 100 12 112 89 0 976 8 0 1 0 0 25125 100 0 0
SEP
CPU laptop 1745517224 2025/04/24 20:53:44 1 100 12 133 231 0 815 10 0 1 0 0 23730 100 0 0
SEP
CPU laptop 1745517225 2025/04/24 20:53:45 1 100 12 102 92 0 997 0 0 1 0 0 25724 100 0 0
SEP
CPU laptop 1745517226 2025/04/24 20:53:46 1 100 12 145 226 1 797 17 0 1 0 0 28122 100 0 0
SEP
CPU laptop 1745517227 2025/04/24 20:53:47 1 100 12 108 86 0 999 0 0 0 0 0 21744 100 0 0
SEP
CPU laptop 1745517228 2025/04/24 20:53:48 1 100 12 137 102 1 925 16 0 2 0 0 40943 100 0 0
SEP
CPU laptop 1745517229 2025/04/24 20:53:49 1 100 12 114 223 0 856 2 0 0 0 0 31286 100 0 0
SEP
CPU laptop 1745517230 2025/04/24 20:53:50 1 100 12 125 113 0 946 4 0 1 0 0 23437 100 0 0
SEP
CPU laptop 1745517231 2025/04/24 20:53:51 1 100 12 136 231 1 809 13 0 0 0 0 28376 100 0 0
SEP
CPU laptop 1745517232 2025/04/24 20:53:52 1 100 12 112 99 0 981 1 0 1 0 0 21215 100 0 0
SEP
CPU laptop 1745517233 2025/04/24 20:53:53 1 100 12 142 229 1 790 18 0 1 0 0 28554 100 0 0
SEP
CPU laptop 1745517234 2025/04/24 20:53:54 1 100 12 110 87 0 996 1 0 1 0 0 26053 100 0 0
SEP
CPU laptop 1745517235 2025/04/24 20:53:55 1 100 12 137 101 1 920 20 0 0 0 0 31170 100 0 0
SEP
CPU laptop 1745517236 2025/04/24 20:53:56 1 100 12 113 217 0 864 0 0 0 0 0 24344 100 0 0
SEP
CPU laptop 1745517237 2025/04/24 20:53:57 1 100 12 120 134 0 922 10 0 2 0 0 29942 100 0 0
SEP
CPU laptop 1745517238 2025/04/24 20:53:58 1 100 12 130 234 0 820 6 0 1 0 0 23432 100 0 0
SEP
CPU laptop 1745517239 2025/04/24 20:53:59 1 100 12 103 90 0 999 0 0 0 0 0 23052 100 0 0
SEP
CPU laptop 1745517240 2025/04/24 20:54:00 1 100 12 141 225 1 798 18 0 1 0 0 27956 100 0 0
SEP
CPU laptop 1745517241 2025/04/24 20:54:01 1 100 12 105 89 0 999 1 0 2 0 0 26003 100 0 0
SEP
CPU laptop 1745517242 2025/04/24 20:54:02 1 100 12 144 97 1 922 17 0 1 0 0 34246 100 0 0
SEP
CPU laptop 1745517243 2025/04/24 20:54:03 1 100 12 112 225 0 856 1 0 0 0 0 24473 100 0 0
SEP
CPU laptop 1745517244 2025/04/24 20:54:04 1 100 12 120 89 0 971 8 0 2 0 0 23123 100 0 0
SEP
CPU laptop 1745517245 2025/04/24 20:54:05 1 100 12 131 235 1 815 9 0 2 0 0 25617 100 0 0
SEP
CPU laptop 1745517246 2025/04/24 20:54:06 1 100 12 105 91 0 998 0 0 0 0 0 23423 100 0 0
SEP
CPU laptop 1745517247 2025/04/24 20:54:07 1 100 12 151 236 1 775 21 0 1 0 0 25345 100 0 0
SEP
CPU laptop 1745517248 2025/04/24 20:54:08 1 100 12 107 89 0 995 0 0 2 0 0 27080 100 0 0
SEP
CPU laptop 1745517249 2025/04/24 20:54:09 1 100 12 141 101 1 917 19 0 0 0 0 25338 100 0 0
SEP
CPU laptop 1745517250 2025/04/24 20:54:10 1 100 12 111 191 0 894 1 0 0 0 0 22069 100 0 0
SEP
CPU laptop 1745517251 2025/04/24 20:54:11 1 100 12 129 93 0 954 12 0 2 0 0 27878 100 0 0
SEP
CPU laptop 1745517252 2025/04/24 20:54:12 1 100 12 129 230 1 823 8 0 0 0 0 23172 100 0 0
SEP
CPU laptop 1745517253 2025/04/24 20:54:13 1 100 12 102 91 0 999 1 0 1 0 0 26822 100 0 0
SEP
CPU laptop 1745517254 2025/04/24 20:54:14 1 100 12 144 226 0 796 17 0 2 0 0 27020 100 0 0
SEP
CPU laptop 1745517255 2025/04/24 20:54:15 1 100 12 109 90 0 996 1 0 1 0 0 23789 100 0 0
SEP
CPU laptop 1745517256 2025/04/24 20:54:16 1 100 12 140 99 1 922 17 0 1 0 0 42163 100 0 0
SEP
CPU laptop 1745517257 2025/04/24 20:54:17 1 100 12 111 224 0 859 1 0 2 0 0 24181 100 0 0
SEP
CPU laptop 1745517258 2025/04/24 20:54:18 1 100 12 111 91 0 980 5 0 1 0 0 23454 100 0 0
SEP
CPU laptop 1745517259 2025/04/24 20:54:19 1 100 12 135 231 1 806 13 0 2 0 0 27755 100 0 0
SEP
CPU laptop 1745517260 2025/04/24 20:54:20 1 100 12 108 90 0 995 1 0 0 0 0 21955 100 0 0
SEP
CPU laptop 1745517261 2025/04/24 20:54:21 1 100 12 142 224 1 802 18 0 1 0 0 31469 100 0 0
SEP
CPU laptop 1745517262 2025/04/24 20:54:22 1 100 12 106 87 0 997 0 0 0 0 0 24324 100 0 0
SEP
CPU laptop 1745517263 2025/04/24 20:54:23 1 100 12 136 107 0 924 17 0 1 0 0 23684 100 0 0
SEP
CPU laptop 1745517264 2025/04/24 20:54:24 1 100 12 116 223 0 853 2 0 0 0 0 22344 100 0 0
SEP
CPU laptop 1745517265 2025/04/24 20:54:25 1 100 12 119 98 1 965 8 0 1 0 0 33781 100 0 0
SEP
CPU laptop 1745517266 2025/04/24 20:54:26 1 100 12 137 231 0 812 11 0 0 0 0 24100 100 0 0
SEP
CPU laptop 1745517267 2025/04/24 20:54:27 1 100 12 101 95 0 997 1 0 0 0 0 23276 100 0 0
SEP
CPU laptop 1745517268 2025/04/24 20:54:28 1 100 12 140 226 1 796 18 0 4 0 0 32472 100 0 0
SEP
CPU laptop 1745517269 2025/04/24 20:54:29 1 100 12 111 90 0 992 1 0 0 0 0 23469 100 0 0
SEP
CPU laptop 1745517270 2025/04/24 20:54:30 1 100 12 146 102 1 919 18 0 1 0 0 30585 100 0 0
SEP
CPU laptop 1745517271 2025/04/24 20:54:31 1 100 12 108 223 0 866 0 0 0 0 0 25957 100 0 0
SEP
CPU laptop 1745517272 2025/04/24 20:54:32 1 100 12 124 95 1 949 14 0 1 0 0 34508 100 0 0
SEP
CPU laptop 1745517273 2025/04/24 20:54:33 1 100 12 124 215 0 845 6 0 1 0 0 23757 100 0 0
SEP
CPU laptop 1745517274 2025/04/24 20:54:34 1 100 12 99 97 0 994 1 0 2 0 0 44860 100 0 0
SEP
CPU laptop 1745517275 2025/04/24 20:54:35 1 100 12 140 231 1 792 18 0 0 0 0 26647 100 0 0
SEP
CPU laptop 1745517276 2025/04/24 20:54:36 1 100 12 110 86 0 997 1 0 3 0 0 26098 100 0 0
SEP
CPU laptop 1745517277 2025/04/24 20:54:37 1 100 12 183 153 0 828 17 0 1 0 0 47816 100 0 0
SEP
CPU laptop 1745517278 2025/04/24 20:54:38 1 100 12 108 162 0 924 0 0 4 0 0 28317 100 0 0
SEP
CPU laptop 1745517279 2025/04/24 20:54:39 1 100 12 147 118 1 903 15 0 1 0 0 35486 100 0 0
SEP
CPU laptop 1745517280 2025/04/24 20:54:40 1 100 12 119 202 0 865 5 0 0 0 0 23418 100 0 0
SEP
CPU laptop 1745517281 2025/04/24 20:54:41 1 100 12 104 91 0 997 0 0 3 0 0 21163 100 0 0
SEP
CPU laptop 1745517282 2025/04/24 20:54:42 1 100 12 142 230 1 794 19 0 2 0 0 23719 100 0 0
SEP
CPU laptop 1745517283 2025/04/24 20:54:43 1 100 12 116 86 0 991 0 0 1 0 0 26892 100 0 0
SEP
CPU laptop 1745517284 2025/04/24 20:54:44 1 100 12 145 104 1 915 18 0 0 0 0 24942 100 0 0
SEP
CPU laptop 1745517285 2025/04/24 20:54:45 1 100 12 112 190 0 893 0 0 0 0 0 21142 100 0 0
SEP
CPU laptop 1745517286 2025/04/24 20:54:46 1 100 12 121 96 0 959 12 0 2 0 0 23595 100 0 0
SEP
CPU laptop 1745517287 2025/04/24 20:54:47 1 100 12 139 228 0 814 7 0 1 0 0 23727 100 0 0
SEP
CPU laptop 1745517288 2025/04/24 20:54:48 1 100 12 103 90 0 998 1 0 2 0 0 22298 100 0 0
SEP
CPU laptop 1745517289 2025/04/24 20:54:49 1 100 12 143 227 1 796 17 0 1 0 0 27257 100 0 0
SEP
CPU laptop 1745517290 2025/04/24 20:54:50 1 100 12 122 106 0 962 1 0 0 0 0 21870 100 0 0
SEP
CPU laptop 1745517291 2025/04/24 20:54:51 1 100 12 143 106 1 916 17 0 2 0 0 28173 100 0 0
SEP
CPU laptop 1745517292 2025/04/24 20:54:52 1 100 12 116 222 0 857 0 0 2 0 0 21054 100 0 0
SEP
CPU laptop 1745517293 2025/04/24 20:54:53 1 100 12 104 95 0 984 4 0 0 0 0 26772 100 0 0
SEP
CPU laptop 1745517294 2025/04/24 20:54:54 1 100 12 135 227 0 808 17 0 1 0 0 26682 100 0 0
SEP
CPU laptop 1745517295 2025/04/24 20:54:55 1 100 12 109 90 0 994 1 0 1 0 0 23393 100 0 0
SEP
CPU laptop 1745517296 2025/04/24 20:54:56 1 100 12 146 227 1 791 17 0 1 0 0 29987 100 0 0
SEP
CPU laptop 1745517297 2025/04/24 20:54:57 1 100 12 107 88 0 1000 1 0 1 0 0 25325 100 0 0
SEP
CPU laptop 1745517298 2025/04/24 20:54:58 1 100 12 139 104 1 924 17 0 0 0 0 34455 100 0 0
SEP
CPU laptop 1745517299 2025/04/24 20:54:59 1 100 12 118 209 0 863 3 0 1 0 0 29693 100 0 0
SEP
CPU laptop 1745517300 2025/04/24 20:55:00 1 100 12 104 98 0 988 1 0 0 0 0 25665 100 0 0
SEP
CPU laptop 1745517301 2025/04/24 20:55:01 1 100 12 131 237 1 800 17 0 1 0 0 26605 100 0 0
SEP
CPU laptop 1745517302 2025/04/24 20:55:02 1 100 12 116 87 0 989 2 0 1 0 0 26140 100 0 0
SEP
CPU laptop 1745517303 2025/04/24 20:55:03 1 100 12 140 95 0 918 22 0 1 0 0 23103 100 0 0
SEP
CPU laptop 1745517304 2025/04/24 20:55:04 1 100 12 110 188 0 897 0 0 1 0 0 26004 100 0 0
SEP
CPU laptop 1745517305 2025/04/24 20:55:05 1 100 12 125 101 1 948 13 0 2 0 0 45574 100 0 0
SEP
CPU laptop 1745517306 2025/04/24 20:55:06 1 100 12 126 212 0 852 5 0 2 0 0 20680 100 0 0
SEP
CPU laptop 1745517307 2025/04/24 20:55:07 1 100 12 110 98 0 983 1 0 3 0 0 43423 100 0 0
SEP
CPU laptop 1745517308 2025/04/24 20:55:08 1 100 12 138 227 1 799 19 0 1 0 0 25592 100 0 0
SEP
CPU laptop 1745517309 2025/04/24 20:55:09 1 100 12 113 91 0 988 1 0 1 0 0 26353 100 0 0
SEP
CPU laptop 1745517310 2025/04/24 20:55:10 1 100 12 143 105 0 915 18 0 2 0 0 26299 100 0 0
SEP
CPU laptop 1745517311 2025/04/24 20:55:11 1 100 12 114 192 0 889 0 0 0 0 0 24829 100 0 0
SEP
CPU laptop 1745517312 2025/04/24 20:55:12 1 100 12 115 91 1 972 9 0 1 0 0 23313 100 0 0
SEP
CPU laptop 1745517313 2025/04/24 20:55:13 1 100 12 137 231 0 812 11 0 0 0 0 22324 100 0 0
SEP
CPU laptop 1745517314 2025/04/24 20:55:14 1 100 12 106 124 0 961 0 0 0 0 0 29258 100 0 0
SEP
CPU laptop 1745517315 2025/04/24 20:55:15 1 100 12 142 232 1 791 17 0 1 0 0 31738 100 0 0
SEP
CPU laptop 1745517316 2025/04/24 20:55:16 1 100 12 106 93 0 994 2 0 0 0 0 23020 100 0 0
SEP
CPU laptop 1745517317 2025/04/24 20:55:17 1 100 12 148 100 0 914 19 0 2 0 0 25641 100 0 0
SEP
CPU laptop 1745517318 2025/04/24 20:55:18 1 100 12 113 194 0 889 0 0 0 0 0 24892 100 0 0
SEP
CPU laptop 1745517319 2025/04/24 20:55:19 1 100 12 130 100 1 943 14 0 0 0 0 43378 100 0 0
SEP
CPU laptop 1745517320 2025/04/24 20:55:20 1 100 12 130 209 0 844 6 0 1 0 0 23246 100 0 0
SEP
CPU laptop 1745517321 2025/04/24 20:55:21 1 100 12 100 95 0 995 0 0 0 0 0 46670 100 0 0
SEP
CPU laptop 1745517322 2025/04/24 20:55:22 1 100 12 135 227 1 803 18 0 2 0 0 24444 100 0 0
SEP
CPU laptop 1745517323 2025/04/24 20:55:23 1 100 12 108 86 0 1000 1 0 1 0 0 24709 100 0 0
SEP
CPU laptop 1745517324 2025/04/24 20:55:24 1 100 12 156 187 1 817 18 0 1 0 0 36779 100 0 0
SEP
CPU laptop 1745517325 2025/04/24 20:55:25 1 100 12 150 302 0 741 1 0 0 0 0 24008 100 0 0
SEP
CPU laptop 1745517326 2025/04/24 20:55:26 1 100 12 116 96 0 967 6 0 1 0 0 21167 100 0 0
SEP
CPU laptop 1745517327 2025/04/24 20:55:27 1 100 12 134 233 1 806 11 0 0 0 0 26437 100 0 0
SEP
CPU laptop 1745517328 2025/04/24 20:55:28 1 100 12 108 88 0 996 1 0 0 0 0 26502 100 0 0
SEP
CPU laptop 1745517329 2025/04/24 20:55:29 1 100 12 153 234 0 778 19 0 1 0 0 25458 100 0 0
SEP
CPU laptop 1745517330 2025/04/24 20:55:30 1 100 12 108 88 0 996 1 0 3 0 0 24602 100 0 0
SEP
CPU laptop 1745517331 2025/04/24 20:55:31 1 100 12 145 98 1 919 17 0 2 0 0 25259 100 0 0
SEP
CPU laptop 1745517332 2025/04/24 20:55:32 1 100 12 114 186 0 895 0 0 0 0 0 24492 100 0 0
SEP
CPU laptop 1745517333 2025/04/24 20:55:33 1 100 12 131 107 2 934 15 0 1 0 0 29828 100 0 0
SEP
CPU laptop 1745517334 2025/04/24 20:55:34 1 100 12 117 203 0 866 5 0 1 0 0 24568 100 0 0
SEP
CPU laptop 1745517335 2025/04/24 20:55:35 1 100 12 104 91 0 997 1 0 0 0 0 34558 100 0 0
SEP
CPU laptop 1745517336 2025/04/24 20:55:36 1 100 12 143 232 1 789 18 0 0 0 0 21971 100 0 0
SEP
CPU laptop 1745517337 2025/04/24 20:55:37 1 100 12 113 89 0 989 1 0 2 0 0 23010 100 0 0
SEP
CPU laptop 1745517338 2025/04/24 20:55:38 1 100 12 150 97 0 910 19 0 2 0 0 28853 100 0 0
SEP
CPU laptop 1745517339 2025/04/24 20:55:39 1 100 12 115 213 0 866 0 0 2 0 0 25240 100 0 0
SEP
CPU laptop 1745517340 2025/04/24 20:55:40 1 100 12 124 97 2 951 13 0 1 0 0 32848 100 0 0
SEP
CPU laptop 1745517341 2025/04/24 20:55:41 1 100 12 126 224 0 833 7 0 0 0 0 23555 100 0 0
SEP
CPU laptop 1745517342 2025/04/24 20:55:42 1 100 12 102 95 0 995 0 0 2 0 0 29988 100 0 0
SEP
CPU laptop 1745517343 2025/04/24 20:55:43 1 100 12 143 233 1 790 17 0 1 0 0 29187 100 0 0
SEP
CPU laptop 1745517344 2025/04/24 20:55:44 1 100 12 106 88 0 999 1 0 1 0 0 30115 100 0 0
SEP
CPU laptop 1745517345 2025/04/24 20:55:45 1 100 12 143 96 0 926 15 0 1 0 0 30073 100 0 0
SEP
CPU laptop 1745517346 2025/04/24 20:55:46 1 100 12 109 225 0 858 2 0 0 0 0 20313 100 0 0
SEP
CPU laptop 1745517347 2025/04/24 20:55:47 1 100 12 110 97 1 973 8 0 2 0 0 23084 100 0 0
SEP
CPU laptop 1745517348 2025/04/24 20:55:48 1 100 12 135 232 0 809 13 0 1 0 0 22642 100 0 0
SEP
CPU laptop 1745517349 2025/04/24 20:55:49 1 100 12 103 89 0 1001 1 0 0 0 0 26091 100 0 0
SEP
CPU laptop 1745517350 2025/04/24 20:55:50 1 100 12 168 262 1 733 17 0 0 0 0 30534 100 0 0
SEP
CPU laptop 1745517351 2025/04/24 20:55:51 1 100 12 107 89 0 998 1 0 0 0 0 24761 100 0 0
SEP
CPU laptop 1745517352 2025/04/24 20:55:52 1 100 12 141 101 1 919 19 0 2 0 0 35646 100 0 0
SEP
CPU laptop 1745517353 2025/04/24 20:55:53 1 100 12 106 227 0 860 1 0 0 0 0 33277 100 0 0
SEP
CPU laptop 1745517354 2025/04/24 20:55:54 1 100 12 126 95 0 953 11 0 1 0 0 23432 100 0 0
SEP
CPU laptop 1745517355 2025/04/24 20:55:55 1 100 12 146 234 0 804 7 0 1 0 0 23429 100 0 0
SEP
CPU laptop 1745517356 2025/04/24 20:55:56 1 100 12 105 92 0 996 0 0 0 0 0 24384 100 0 0
SEP
CPU laptop 1745517357 2025/04/24 20:55:57 1 100 12 138 225 1 802 18 0 1 0 0 24859 100 0 0
SEP
CPU laptop 1745517358 2025/04/24 20:55:58 1 100 12 106 94 0 993 1 0 0 0 0 23406 100 0 0
SEP
CPU laptop 1745517359 2025/04/24 20:55:59 1 100 12 142 105 1 917 18 0 1 0 0 27882 100 0 0
SEP
CPU laptop 1745517360 2025/04/24 20:56:00 1 100 12 108 226 0 858 2 0 1 0 0 26083 100 0 0
SEP
CPU laptop 1745517361 2025/04/24 20:56:01 1 100 12 109 96 0 981 3 0 0 0 0 23431 100 0 0
SEP
CPU laptop 1745517362 2025/04/24 20:56:02 1 100 12 133 231 1 806 16 0 1 0 0 23236 100 0 0
SEP
CPU laptop 1745517363 2025/04/24 20:56:03 1 100 12 109 88 0 995 1 0 0 0 0 29386 100 0 0
SEP
CPU laptop 1745517364 2025/04/24 20:56:04 1 100 12 143 215 1 805 17 0 2 0 0 47892 100 0 0
SEP
CPU laptop 1745517365 2025/04/24 20:56:05 1 100 12 106 102 0 984 2 0 1 0 0 24818 100 0 0
SEP
CPU laptop 1745517366 2025/04/24 20:56:06 1 100 12 137 103 1 925 16 0 1 0 0 37421 100 0 0
SEP
CPU laptop 1745517367 2025/04/24 20:56:07 1 100 12 115 225 0 851 2 0 1 0 0 19781 100 0 0
SEP
CPU laptop 1745517368 2025/04/24 20:56:08 1 100 12 103 92 0 995 1 0 2 0 0 27148 100 0 0
SEP
CPU laptop 1745517369 2025/04/24 20:56:09 1 100 12 138 226 1 795 28 0 0 0 0 28109 100 0 0
SEP
CPU laptop 1745517370 2025/04/24 20:56:10 1 100 12 110 87 0 997 0 0 1 0 0 22870 100 0 0
SEP
CPU laptop 1745517371 2025/04/24 20:56:11 1 100 12 143 101 1 918 18 0 1 0 0 29118 100 0 0
SEP
CPU laptop 1745517372 2025/04/24 20:56:12 1 100 12 108 192 0 895 1 0 1 0 0 26740 100 0 0
SEP
CPU laptop 1745517373 2025/04/24 20:56:13 1 100 12 121 95 1 955 13 0 1 0 0 30947 100 0 0
SEP
CPU laptop 1745517374 2025/04/24 20:56:14 1 100 12 124 215 0 845 5 0 1 0 0 25277 100 0 0
SEP
CPU laptop 1745517375 2025/04/24 20:56:15 1 100 12 107 91 0 994 1 0 3 0 0 23803 100 0 0
SEP
CPU laptop 1745517376 2025/04/24 20:56:16 1 100 12 142 231 1 789 17 0 0 0 0 25792 100 0 0
SEP
CPU laptop 1745517377 2025/04/24 20:56:17 1 100 12 109 87 0 997 0 0 2 0 0 23734 100 0 0
SEP
CPU laptop 1745517378 2025/04/24 20:56:18 1 100 12 142 102 0 912 19 0 1 0 0 29273 100 0 0
SEP
CPU laptop 1745517379 2025/04/24 20:56:19 1 100 12 111 220 0 863 1 0 3 0 0 26032 100 0 0
SEP
CPU laptop 1745517380 2025/04/24 20:56:20 1 100 12 121 98 1 955 12 0 1 0 0 23818 100 0 0
SEP
CPU laptop 1745517381 2025/04/24 20:56:21 1 100 12 129 227 0 826 7 0 0 0 0 25268 100 0 0
SEP
CPU laptop 1745517382 2025/04/24 20:56:22 1 100 12 104 91 0 996 0 0 2 0 0 26163 100 0 0
SEP
CPU laptop 1745517383 2025/04/24 20:56:23 1 100 12 146 231 1 787 18 0 1 0 0 44449 100 0 0
SEP
CPU laptop 1745517384 2025/04/24 20:56:24 1 100 12 107 89 0 997 1 0 1 0 0 20115 100 0 0
SEP
CPU laptop 1745517385 2025/04/24 20:56:25 1 100 12 137 101 1 930 16 0 0 0 0 34289 100 0 0
SEP
CPU laptop 1745517386 2025/04/24 20:56:26 1 100 12 113 221 0 859 3 0 1 0 0 26931 100 0 0
SEP
CPU laptop 1745517387 2025/04/24 20:56:27 1 100 12 106 88 0 993 2 0 3 0 0 29399 100 0 0
SEP
CPU laptop 1745517388 2025/04/24 20:56:28 1 100 12 136 231 1 801 16 0 0 0 0 26365 100 0 0
SEP
CPU laptop 1745517389 2025/04/24 20:56:29 1 100 12 110 85 0 999 1 0 3 0 0 26493 100 0 0
SEP
CPU laptop 1745517390 2025/04/24 20:56:30 1 100 12 141 116 1 904 17 0 2 0 0 47816 100 0 0
SEP
CPU laptop 1745517391 2025/04/24 20:56:31 1 100 12 112 196 0 886 1 0 2 0 0 19930 100 0 0
SEP
CPU laptop 1745517392 2025/04/24 20:56:32 1 100 12 120 95 0 959 13 0 1 0 0 27526 100 0 0
SEP
CPU laptop 1745517393 2025/04/24 20:56:33 1 100 12 126 222 1 836 5 0 2 0 0 25594 100 0 0
SEP
CPU laptop 1745517394 2025/04/24 20:56:34 1 100 12 100 93 0 996 2 0 0 0 0 19746 100 0 0
SEP
CPU laptop 1745517395 2025/04/24 20:56:35 1 100 12 138 227 1 797 20 0 1 0 0 24963 100 0 0
SEP
CPU laptop 1745517396 2025/04/24 20:56:36 1 100 12 105 88 0 998 0 0 2 0 0 22707 100 0 0
SEP
CPU laptop 1745517397 2025/04/24 20:56:37 1 100 12 143 98 1 913 23 0 2 0 0 22975 100 0 0
SEP
CPU laptop 1745517398 2025/04/24 20:56:38 1 100 12 110 190 0 896 0 0 1 0 0 23683 100 0 0
SEP
CPU laptop 1745517399 2025/04/24 20:56:39 1 100 12 116 95 0 962 13 0 2 0 0 23440 100 0 0
SEP
CPU laptop 1745517400 2025/04/24 20:56:40 1 100 12 128 230 1 826 5 0 0 0 0 23042 100 0 0
SEP
CPU laptop 1745517401 2025/04/24 20:56:41 1 100 12 101 89 0 999 0 0 0 0 0 19748 100 0 0
SEP
CPU laptop 1745517402 2025/04/24 20:56:42 1 100 12 143 233 0 793 17 0 1 0 0 25318 100 0 0
SEP
CPU laptop 1745517403 2025/04/24 20:56:43 1 100 12 107 90 0 995 1 0 1 0 0 26362 100 0 0
SEP
CPU laptop 1745517404 2025/04/24 20:56:44 1 100 12 138 100 1 927 18 0 2 0 0 23081 100 0 0
SEP
CPU laptop 1745517405 2025/04/24 20:56:45 1 100 12 112 186 0 896 0 0 1 0 0 21775 100 0 0
SEP
CPU laptop 1745517406 2025/04/24 20:56:46 1 100 12 117 93 0 969 8 0 1 0 0 25409 100 0 0
SEP
CPU laptop 1745517407 2025/04/24 20:56:47 1 100 12 135 231 1 816 9 0 1 0 0 27864 100 0 0
SEP
CPU laptop 1745517408 2025/04/24 20:56:48 1 100 12 105 91 0 997 1 0 0 0 0 24672 100 0 0
SEP
CPU laptop 1745517409 2025/04/24 20:56:49 1 100 12 141 228 1 793 17 0 1 0 0 28981 100 0 0
SEP
CPU laptop 1745517410 2025/04/24 20:56:50 1 100 12 122 106 0 966 0 0 0 0 0 27856 100 0 0
SEP
CPU laptop 1745517411 2025/04/24 20:56:51 1 100 12 143 101 1 916 17 0 2 0 0 34480 100 0 0
SEP
CPU laptop 1745517412 2025/04/24 20:56:52 1 100 12 111 225 0 859 2 0 2 0 0 25565 100 0 0
SEP
CPU laptop 1745517413 2025/04/24 20:56:53 1 100 12 113 92 0 974 7 0 5 0 0 36658 100 0 0
SEP
CPU laptop 1745517414 2025/04/24 20:56:54 1 100 12 134 235 0 812 9 0 0 0 0 23697 100 0 0
SEP
CPU laptop 1745517415 2025/04/24 20:56:55 1 100 12 108 89 0 994 1 0 1 0 0 21969 100 0 0
SEP
CPU laptop 1745517416 2025/04/24 20:56:56 1 100 12 139 231 1 796 18 0 1 0 0 30211 100 0 0
SEP
CPU laptop 1745517417 2025/04/24 20:56:57 1 100 12 106 88 0 998 1 0 0 0 0 26005 100 0 0
SEP
CPU laptop 1745517418 2025/04/24 20:56:58 1 100 12 143 102 1 921 16 0 1 0 0 25678 100 0 0
SEP
CPU laptop 1745517419 2025/04/24 20:56:59 1 100 12 110 203 0 883 1 0 0 0 0 28659 100 0 0
SEP
CPU laptop 1745517420 2025/04/24 20:57:00 1 100 12 132 107 1 930 13 0 1 0 0 23453 100 0 0
SEP
CPU laptop 1745517421 2025/04/24 20:57:01 1 100 12 123 201 0 865 5 0 1 0 0 27507 100 0 0
SEP
CPU laptop 1745517422 2025/04/24 20:57:02 1 100 12 105 92 0 992 1 0 0 0 0 44186 100 0 0
SEP
CPU laptop 1745517423 2025/04/24 20:57:03 1 100 12 135 226 1 805 19 0 1 0 0 23755 100 0 0
SEP
CPU laptop 1745517424 2025/04/24 20:57:04 1 100 12 105 88 0 999 0 0 0 0 0 24175 100 0 0
SEP
CPU laptop 1745517425 2025/04/24 20:57:05 1 100 12 148 175 1 840 18 0 2 0 0 47816 100 0 0
SEP
CPU laptop 1745517426 2025/04/24 20:57:06 1 100 12 109 136 0 950 1 0 0 0 0 22455 100 0 0
SEP
CPU laptop 1745517427 2025/04/24 20:57:07 1 100 12 123 96 0 952 12 0 0 0 0 22950 100 0 0
SEP
CPU laptop 1745517428 2025/04/24 20:57:08 1 100 12 133 224 0 827 8 0 0 0 0 23259 100 0 0
SEP
CPU laptop 1745517429 2025/04/24 20:57:09 1 100 12 105 90 0 996 1 0 1 0 0 25308 100 0 0
SEP
CPU laptop 1745517430 2025/04/24 20:57:10 1 100 12 136 231 2 792 18 0 2 0 0 26394 100 0 0
SEP
CPU laptop 1745517431 2025/04/24 20:57:11 1 100 12 107 89 0 998 0 0 2 0 0 22351 100 0 0
SEP
CPU laptop 1745517432 2025/04/24 20:57:12 1 100 12 138 98 0 931 17 0 3 0 0 45265 100 0 0
SEP
CPU laptop 1745517433 2025/04/24 20:57:13 1 100 12 113 218 0 862 1 0 0 0 0 23458 100 0 0
SEP
CPU laptop 1745517434 2025/04/24 20:57:14 1 100 12 111 94 1 975 8 0 3 0 0 27839 100 0 0
SEP
CPU laptop 1745517435 2025/04/24 20:57:15 1 100 12 130 237 0 812 9 0 0 0 0 23416 100 0 0
SEP
CPU laptop 1745517436 2025/04/24 20:57:16 1 100 12 103 93 0 996 1 0 2 0 0 27885 100 0 0
SEP
CPU laptop 1745517437 2025/04/24 20:57:17 1 100 12 143 231 1 794 17 0 1 0 0 26906 100 0 0
SEP
CPU laptop 1745517438 2025/04/24 20:57:18 1 100 12 105 92 0 996 1 0 2 0 0 24539 100 0 0
SEP
CPU laptop 1745517439 2025/04/24 20:57:19 1 100 12 145 98 1 921 17 0 0 0 0 23046 100 0 0
SEP
CPU laptop 1745517440 2025/04/24 20:57:20 1 100 12 108 203 0 883 1 0 1 0 0 23105 100 0 0
SEP
CPU laptop 1745517441 2025/04/24 20:57:21 1 100 12 123 99 0 949 13 0 1 0 0 30138 100 0 0
SEP
CPU laptop 1745517442 2025/04/24 20:57:22 1 100 12 126 219 0 842 5 0 1 0 0 23416 100 0 0
SEP
CPU laptop 1745517443 2025/04/24 20:57:23 1 100 12 102 91 0 994 2 0 0 0 0 23195 100 0 0
SEP
CPU laptop 1745517444 2025/04/24 20:57:24 1 100 12 136 232 1 801 16 0 1 0 0 26918 100 0 0
SEP
CPU laptop 1745517445 2025/04/24 20:57:25 1 100 12 111 86 0 996 1 0 1 0 0 23791 100 0 0
SEP
CPU laptop 1745517446 2025/04/24 20:57:26 1 100 12 95 49 1 1036 8 0 1 0 0 19753 100 0 0
SEP
CPU laptop 1745517447 2025/04/24 20:57:27 1 100 12 71 20 0 1105 1 0 0 0 0 20075 100 0 0
SEP
CPU laptop 1745517448 2025/04/24 20:57:28 1 100 12 72 15 0 1110 1 0 0 0 0 20084 100 0 0
SEP
CPU laptop 1745517449 2025/04/24 20:57:29 1 100 12 72 16 0 1109 1 0 0 0 0 20083 100 0 0
SEP
CPU laptop 1745517450 2025/04/24 20:57:30 1 100 12 82 18 0 1096 0 0 0 0 0 20083 100 0 0
SEP
CPU laptop 1745517451 2025/04/24 20:57:31 1 100 12 72 15 0 1110 3 0 0 0 0 20079 100 0 0
SEP
CPU laptop 1745517452 2025/04/24 20:57:32 1 100 12 71 13 0 1112 0 0 0 0 0 19942 100 0 0
SEP
CPU laptop 1745517453 2025/04/24 20:57:33 1 100 12 67 18 0 1113 1 0 1 0 0 19385 100 0 0
SEP
CPU laptop 1745517454 2025/04/24 20:57:34 1 100 12 67 18 0 1112 1 0 0 0 0 20071 100 0 0
SEP
CPU laptop 1745517455 2025/04/24 20:57:35 1 100 12 69 16 0 1113 0 0 0 0 0 20085 100 0 0
SEP
