1333 
1481 
1366 
1312 
1344 
1303 
1391 
1354 
1387 
1393 
1335 
1393 
1338 
1392 
1380 
1326 
1307 
1332 
1389 
1356 
1407 
1379 
1373 
1374 
1391 
1450 
1410 
1397 
1399 
1419 
1358 
1390 
1359 
1359 
1391 
1378 
1283 
1331 
1336 
1378 
1378 
1390 
1424 
1367 
1461 
1345 
1423 
1348 
1359 
1388 
1448 
1337 
1469 
1320 
1356 
1288 
1275 
1415 
1350 
1363 
1458 
1406 
1452 
1431 
1399 
1491 
1370 
1452 
1369 
1416 
1371 
1445 
1452 
1391 
1509 
1415 
1448 
1416 
1396 
1342 
1427 
1536 
1497 
1354 
1383 
1296 
1388 
1361 
1341 
1366 
1372 
1373 
1411 
1355 
1356 
1402 
1376 
1423 
1337 
1444 
