              total        used        free      shared  buff/cache   available
Mem:          33447        3905         955         169       28586       28888
Swap:          2147         438        1708
Total:        35595        4344        2663

              total        used        free      shared  buff/cache   available
Mem:          33447        3913         946         169       28586       28879
Swap:          2147         438        1708
Total:        35595        4352        2655

              total        used        free      shared  buff/cache   available
Mem:          33447        3915         945         169       28586       28878
Swap:          2147         438        1708
Total:        35595        4354        2653

              total        used        free      shared  buff/cache   available
Mem:          33447        3869         997         163       28580       28930
Swap:          2147         438        1708
Total:        35595        4308        2705

              total        used        free      shared  buff/cache   available
Mem:          33447        3871         995         163       28580       28928
Swap:          2147         438        1708
Total:        35595        4309        2704

              total        used        free      shared  buff/cache   available
Mem:          33447        3869         997         163       28581       28930
Swap:          2147         438        1708
Total:        35595        4308        2705

              total        used        free      shared  buff/cache   available
Mem:          33447        3865         998         166       28584       28931
Swap:          2147         438        1708
Total:        35595        4304        2706

              total        used        free      shared  buff/cache   available
Mem:          33447        3866         996         166       28584       28929
Swap:          2147         438        1708
Total:        35595        4305        2705

              total        used        free      shared  buff/cache   available
Mem:          33447        3867         996         166       28584       28929
Swap:          2147         438        1708
Total:        35595        4306        2704

              total        used        free      shared  buff/cache   available
Mem:          33447        3867         999         163       28581       28932
Swap:          2147         438        1708
Total:        35595        4306        2707

              total        used        free      shared  buff/cache   available
Mem:          33447        3866        1000         163       28581       28933
Swap:          2147         438        1708
Total:        35595        4305        2708

              total        used        free      shared  buff/cache   available
Mem:          33447        4000         862         163       28584       28799
Swap:          2147         438        1708
Total:        35595        4439        2571

              total        used        free      shared  buff/cache   available
Mem:          33447        4019         843         163       28584       28779
Swap:          2147         438        1708
Total:        35595        4458        2551

              total        used        free      shared  buff/cache   available
Mem:          33447        4001         863         163       28581       28797
Swap:          2147         438        1708
Total:        35595        4440        2572

              total        used        free      shared  buff/cache   available
Mem:          33447        4028         834         163       28585       28771
Swap:          2147         438        1708
Total:        35595        4466        2542

              total        used        free      shared  buff/cache   available
Mem:          33447        4030         831         163       28585       28768
Swap:          2147         438        1708
Total:        35595        4469        2540

              total        used        free      shared  buff/cache   available
Mem:          33447        4059         805         163       28582       28739
Swap:          2147         438        1708
Total:        35595        4498        2514

              total        used        free      shared  buff/cache   available
Mem:          33447        4019         845         163       28581       28779
Swap:          2147         438        1708
Total:        35595        4458        2554

              total        used        free      shared  buff/cache   available
Mem:          33447        4001         860         163       28585       28797
Swap:          2147         438        1708
Total:        35595        4440        2569

              total        used        free      shared  buff/cache   available
Mem:          33447        4029         833         163       28585       28770
Swap:          2147         438        1708
Total:        35595        4468        2541

              total        used        free      shared  buff/cache   available
Mem:          33447        4062         801         163       28582       28736
Swap:          2147         438        1708
Total:        35595        4501        2510

              total        used        free      shared  buff/cache   available
Mem:          33447        4015         849         163       28582       28784
Swap:          2147         438        1708
Total:        35595        4454        2558

              total        used        free      shared  buff/cache   available
Mem:          33447        4028         833         163       28585       28771
Swap:          2147         438        1708
Total:        35595        4467        2542

              total        used        free      shared  buff/cache   available
Mem:          33447        4024         837         163       28585       28774
Swap:          2147         438        1708
Total:        35595        4463        2546

              total        used        free      shared  buff/cache   available
Mem:          33447        4035         829         163       28582       28764
Swap:          2147         438        1708
Total:        35595        4474        2538

              total        used        free      shared  buff/cache   available
Mem:          33447        4005         856         163       28585       28793
Swap:          2147         438        1708
Total:        35595        4444        2564

              total        used        free      shared  buff/cache   available
Mem:          33447        4031         830         163       28585       28767
Swap:          2147         438        1708
Total:        35595        4470        2538

              total        used        free      shared  buff/cache   available
Mem:          33447        4025         836         163       28585       28773
Swap:          2147         438        1708
Total:        35595        4463        2545

              total        used        free      shared  buff/cache   available
Mem:          33447        4010         854         163       28582       28789
Swap:          2147         438        1708
Total:        35595        4449        2563

              total        used        free      shared  buff/cache   available
Mem:          33447        3999         861         163       28586       28800
Swap:          2147         438        1708
Total:        35595        4438        2570

              total        used        free      shared  buff/cache   available
Mem:          33447        4027         832         163       28586       28771
Swap:          2147         438        1708
Total:        35595        4466        2541

              total        used        free      shared  buff/cache   available
Mem:          33447        4055         807         163       28584       28743
Swap:          2147         438        1708
Total:        35595        4494        2515

              total        used        free      shared  buff/cache   available
Mem:          33447        4003         859         163       28584       28795
Swap:          2147         438        1708
Total:        35595        4442        2568

              total        used        free      shared  buff/cache   available
Mem:          33447        3990         870         163       28586       28808
Swap:          2147         438        1708
Total:        35595        4429        2578

              total        used        free      shared  buff/cache   available
Mem:          33447        4015         844         163       28587       28783
Swap:          2147         438        1708
Total:        35595        4454        2553

              total        used        free      shared  buff/cache   available
Mem:          33447        4035         824         167       28587       28761
Swap:          2147         438        1708
Total:        35595        4473        2533

              total        used        free      shared  buff/cache   available
Mem:          33447        4007         851         167       28587       28788
Swap:          2147         438        1708
Total:        35595        4446        2560

              total        used        free      shared  buff/cache   available
Mem:          33447        4025         831         167       28590       28770
Swap:          2147         438        1708
Total:        35595        4464        2539

              total        used        free      shared  buff/cache   available
Mem:          33447        4025         831         167       28591       28770
Swap:          2147         438        1708
Total:        35595        4463        2539

              total        used        free      shared  buff/cache   available
Mem:          33447        4023         838         164       28584       28775
Swap:          2147         438        1708
Total:        35595        4462        2547

              total        used        free      shared  buff/cache   available
Mem:          33447        3992         867         164       28587       28806
Swap:          2147         438        1708
Total:        35595        4431        2575

              total        used        free      shared  buff/cache   available
Mem:          33447        4028         831         164       28587       28770
Swap:          2147         438        1708
Total:        35595        4467        2539

              total        used        free      shared  buff/cache   available
Mem:          33447        4009         849         164       28588       28789
Swap:          2147         438        1708
Total:        35595        4448        2558

              total        used        free      shared  buff/cache   available
Mem:          33447        3892         975         158       28579       28912
Swap:          2147         438        1708
Total:        35595        4331        2684

              total        used        free      shared  buff/cache   available
Mem:          33447        3890         973         158       28583       28914
Swap:          2147         438        1708
Total:        35595        4329        2682

              total        used        free      shared  buff/cache   available
Mem:          33447        3917         946         158       28583       28886
Swap:          2147         438        1708
Total:        35595        4356        2655

              total        used        free      shared  buff/cache   available
Mem:          33447        3934         932         158       28581       28870
Swap:          2147         438        1708
Total:        35595        4372        2641

              total        used        free      shared  buff/cache   available
Mem:          33447        3883         980         158       28583       28921
Swap:          2147         438        1708
Total:        35595        4322        2688

              total        used        free      shared  buff/cache   available
Mem:          33447        3921         942         158       28583       28883
Swap:          2147         438        1708
Total:        35595        4359        2651

              total        used        free      shared  buff/cache   available
Mem:          33447        3914         949         158       28583       28889
Swap:          2147         438        1708
Total:        35595        4353        2658

              total        used        free      shared  buff/cache   available
Mem:          33447        3907         959         158       28580       28896
Swap:          2147         438        1708
Total:        35595        4346        2668

              total        used        free      shared  buff/cache   available
Mem:          33447        3920         943         158       28583       28884
Swap:          2147         438        1708
Total:        35595        4359        2652

              total        used        free      shared  buff/cache   available
Mem:          33447        3920         944         158       28583       28884
Swap:          2147         438        1708
Total:        35595        4358        2652

              total        used        free      shared  buff/cache   available
Mem:          33447        3923         943         158       28580       28881
Swap:          2147         438        1708
Total:        35595        4362        2652

              total        used        free      shared  buff/cache   available
Mem:          33447        3875         990         158       28581       28929
Swap:          2147         438        1708
Total:        35595        4314        2699

              total        used        free      shared  buff/cache   available
Mem:          33447        3916         947         158       28583       28887
Swap:          2147         438        1708
Total:        35595        4355        2655

              total        used        free      shared  buff/cache   available
Mem:          33447        3921         942         158       28583       28883
Swap:          2147         438        1708
Total:        35595        4360        2651

              total        used        free      shared  buff/cache   available
Mem:          33447        3901         965         158       28580       28903
Swap:          2147         438        1708
Total:        35595        4340        2674

              total        used        free      shared  buff/cache   available
Mem:          33447        3882         981         158       28583       28921
Swap:          2147         438        1708
Total:        35595        4321        2689

              total        used        free      shared  buff/cache   available
Mem:          33447        3900         963         158       28583       28904
Swap:          2147         438        1708
Total:        35595        4339        2672

              total        used        free      shared  buff/cache   available
Mem:          33447        3953         911         158       28582       28851
Swap:          2147         438        1708
Total:        35595        4392        2620

              total        used        free      shared  buff/cache   available
Mem:          33447        3884         982         158       28580       28919
Swap:          2147         438        1708
Total:        35595        4323        2691

              total        used        free      shared  buff/cache   available
Mem:          33447        3884         978         158       28583       28919
Swap:          2147         438        1708
Total:        35595        4323        2687

              total        used        free      shared  buff/cache   available
Mem:          33447        3915         947         158       28584       28888
Swap:          2147         438        1708
Total:        35595        4354        2655

              total        used        free      shared  buff/cache   available
Mem:          33447        3914         948         158       28583       28889
Swap:          2147         438        1708
Total:        35595        4353        2657

              total        used        free      shared  buff/cache   available
Mem:          33447        3911         954         158       28580       28892
Swap:          2147         438        1708
Total:        35595        4350        2663

              total        used        free      shared  buff/cache   available
Mem:          33447        3885         974         161       28587       28915
Swap:          2147         438        1708
Total:        35595        4324        2683

              total        used        free      shared  buff/cache   available
Mem:          33447        3913         946         161       28587       28888
Swap:          2147         438        1708
Total:        35595        4351        2655

              total        used        free      shared  buff/cache   available
Mem:          33447        3930         931         161       28585       28870
Swap:          2147         438        1708
Total:        35595        4369        2640

              total        used        free      shared  buff/cache   available
Mem:          33447        3879         983         158       28584       28925
Swap:          2147         438        1708
Total:        35595        4318        2692

              total        used        free      shared  buff/cache   available
Mem:          33447        3916         945         158       28584       28887
Swap:          2147         438        1708
Total:        35595        4355        2654

              total        used        free      shared  buff/cache   available
Mem:          33447        3910         952         158       28585       28894
Swap:          2147         438        1708
Total:        35595        4348        2661

              total        used        free      shared  buff/cache   available
Mem:          33447        3926         936         161       28584       28876
Swap:          2147         438        1708
Total:        35595        4364        2645

              total        used        free      shared  buff/cache   available
Mem:          33447        3920         940         161       28587       28881
Swap:          2147         438        1708
Total:        35595        4359        2648

              total        used        free      shared  buff/cache   available
Mem:          33447        3951         906         164       28590       28847
Swap:          2147         438        1708
Total:        35595        4389        2614

              total        used        free      shared  buff/cache   available
Mem:          33447        3967         891         164       28587       28830
Swap:          2147         438        1708
Total:        35595        4406        2600

              total        used        free      shared  buff/cache   available
Mem:          33447        4015         844         164       28587       28782
Swap:          2147         438        1708
Total:        35595        4454        2552

              total        used        free      shared  buff/cache   available
Mem:          33447        4071         785         164       28591       28727
Swap:          2147         438        1708
Total:        35595        4510        2493

              total        used        free      shared  buff/cache   available
Mem:          33447        4072         784         164       28591       28726
Swap:          2147         438        1708
Total:        35595        4511        2492

              total        used        free      shared  buff/cache   available
Mem:          33447        4037         821         164       28588       28761
Swap:          2147         438        1708
Total:        35595        4476        2530

              total        used        free      shared  buff/cache   available
Mem:          33447        4013         842         164       28591       28785
Swap:          2147         438        1708
Total:        35595        4451        2551

              total        used        free      shared  buff/cache   available
Mem:          33447        4043         812         164       28591       28755
Swap:          2147         438        1708
Total:        35595        4482        2520

              total        used        free      shared  buff/cache   available
Mem:          33447        4027         830         164       28589       28771
Swap:          2147         438        1708
Total:        35595        4466        2539

              total        used        free      shared  buff/cache   available
Mem:          33447        4003         854         164       28589       28795
Swap:          2147         438        1708
Total:        35595        4442        2563

              total        used        free      shared  buff/cache   available
Mem:          33447        4038         817         164       28591       28760
Swap:          2147         438        1708
Total:        35595        4477        2526

              total        used        free      shared  buff/cache   available
Mem:          33447        4031         824         164       28591       28766
Swap:          2147         438        1708
Total:        35595        4470        2533

              total        used        free      shared  buff/cache   available
Mem:          33447        4055         803         164       28589       28743
Swap:          2147         438        1708
Total:        35595        4494        2511

              total        used        free      shared  buff/cache   available
Mem:          33447        4034         823         164       28589       28764
Swap:          2147         438        1708
Total:        35595        4473        2532

              total        used        free      shared  buff/cache   available
Mem:          33447        4050         804         164       28592       28747
Swap:          2147         438        1708
Total:        35595        4489        2513

              total        used        free      shared  buff/cache   available
Mem:          33447        4038         817         164       28592       28760
Swap:          2147         438        1708
Total:        35595        4476        2526

              total        used        free      shared  buff/cache   available
Mem:          33447        4052         805         164       28589       28746
Swap:          2147         438        1708
Total:        35595        4490        2514

              total        used        free      shared  buff/cache   available
Mem:          33447        4005         851         164       28589       28792
Swap:          2147         438        1708
Total:        35595        4444        2560

              total        used        free      shared  buff/cache   available
Mem:          33447        4032         822         164       28592       28766
Swap:          2147         438        1708
Total:        35595        4470        2531

              total        used        free      shared  buff/cache   available
Mem:          33447        4037         817         164       28592       28760
Swap:          2147         438        1708
Total:        35595        4476        2525

              total        used        free      shared  buff/cache   available
Mem:          33447        4015         843         164       28589       28783
Swap:          2147         438        1708
Total:        35595        4454        2551

              total        used        free      shared  buff/cache   available
Mem:          33447        4008         842         167       28595       28786
Swap:          2147         438        1708
Total:        35595        4447        2551

              total        used        free      shared  buff/cache   available
Mem:          33447        4041         810         167       28595       28753
Swap:          2147         438        1708
Total:        35595        4479        2519

              total        used        free      shared  buff/cache   available
Mem:          33447        4034         819         167       28593       28760
Swap:          2147         438        1708
Total:        35595        4473        2527

              total        used        free      shared  buff/cache   available
Mem:          33447        3959         890         167       28597       28835
Swap:          2147         438        1708
Total:        35595        4398        2599

              total        used        free      shared  buff/cache   available
Mem:          33447        3992         861         164       28594       28806
Swap:          2147         438        1708
Total:        35595        4431        2569

              total        used        free      shared  buff/cache   available
Mem:          33447        3983         871         164       28591       28814
Swap:          2147         438        1708
Total:        35595        4422        2580

              total        used        free      shared  buff/cache   available
Mem:          33447        3963         892         164       28591       28835
Swap:          2147         438        1708
Total:        35595        4401        2601

              total        used        free      shared  buff/cache   available
Mem:          33447        3999         853         164       28594       28799
Swap:          2147         438        1708
Total:        35595        4437        2562

              total        used        free      shared  buff/cache   available
Mem:          33447        3969         883         164       28594       28828
Swap:          2147         438        1708
Total:        35595        4408        2592

              total        used        free      shared  buff/cache   available
Mem:          33447        3945         910         164       28591       28852
Swap:          2147         438        1708
Total:        35595        4384        2618

              total        used        free      shared  buff/cache   available
Mem:          33447        3935         917         164       28594       28862
Swap:          2147         438        1708
Total:        35595        4374        2625

              total        used        free      shared  buff/cache   available
Mem:          33447        3969         883         164       28595       28829
Swap:          2147         438        1708
Total:        35595        4408        2591

              total        used        free      shared  buff/cache   available
Mem:          33447        4008         846         164       28592       28790
Swap:          2147         438        1708
Total:        35595        4446        2555

              total        used        free      shared  buff/cache   available
Mem:          33447        3938         916         164       28592       28859
Swap:          2147         438        1708
Total:        35595        4377        2625

              total        used        free      shared  buff/cache   available
Mem:          33447        3960         891         164       28595       28837
Swap:          2147         438        1708
Total:        35595        4399        2599

              total        used        free      shared  buff/cache   available
Mem:          33447        4011         842         164       28594       28787
Swap:          2147         438        1708
Total:        35595        4450        2550

              total        used        free      shared  buff/cache   available
Mem:          33447        3955         898         164       28592       28842
Swap:          2147         438        1708
Total:        35595        4394        2607

              total        used        free      shared  buff/cache   available
Mem:          33447        3961         889         164       28595       28836
Swap:          2147         438        1708
Total:        35595        4400        2598

              total        used        free      shared  buff/cache   available
Mem:          33447        3964         886         164       28596       28833
Swap:          2147         438        1708
Total:        35595        4403        2595

              total        used        free      shared  buff/cache   available
Mem:          33447        3945         908         164       28593       28852
Swap:          2147         438        1708
Total:        35595        4384        2616

              total        used        free      shared  buff/cache   available
Mem:          33447        3929         921         164       28597       28868
Swap:          2147         438        1708
Total:        35595        4368        2629

              total        used        free      shared  buff/cache   available
Mem:          33447        3956         893         164       28597       28841
Swap:          2147         438        1708
Total:        35595        4395        2602

              total        used        free      shared  buff/cache   available
Mem:          33447        3958         894         165       28594       28839
Swap:          2147         438        1708
Total:        35595        4397        2602

              total        used        free      shared  buff/cache   available
Mem:          33447        3926         923         164       28597       28871
Swap:          2147         438        1708
Total:        35595        4365        2632

              total        used        free      shared  buff/cache   available
Mem:          33447        3964         885         165       28597       28833
Swap:          2147         438        1708
Total:        35595        4403        2593

              total        used        free      shared  buff/cache   available
Mem:          33447        3955         895         165       28597       28842
Swap:          2147         438        1708
Total:        35595        4394        2603

              total        used        free      shared  buff/cache   available
Mem:          33447        3935         917         165       28594       28862
Swap:          2147         438        1708
Total:        35595        4374        2626

              total        used        free      shared  buff/cache   available
Mem:          33447        3928         921         165       28597       28869
Swap:          2147         438        1708
Total:        35595        4367        2629

              total        used        free      shared  buff/cache   available
Mem:          33447        3954         894         165       28598       28843
Swap:          2147         438        1708
Total:        35595        4393        2603

              total        used        free      shared  buff/cache   available
Mem:          33447        3944         907         165       28594       28853
Swap:          2147         438        1708
Total:        35595        4383        2616

              total        used        free      shared  buff/cache   available
Mem:          33447        3959         890         165       28598       28838
Swap:          2147         438        1708
Total:        35595        4398        2598

              total        used        free      shared  buff/cache   available
Mem:          33447        3966         879         168       28601       28828
Swap:          2147         438        1708
Total:        35595        4405        2588

              total        used        free      shared  buff/cache   available
Mem:          33447        3984         863         168       28599       28810
Swap:          2147         438        1708
Total:        35595        4423        2572

              total        used        free      shared  buff/cache   available
Mem:          33447        3927         921         168       28599       28867
Swap:          2147         438        1708
Total:        35595        4366        2629

              total        used        free      shared  buff/cache   available
Mem:          33447        3961         887         165       28598       28836
Swap:          2147         438        1708
Total:        35595        4400        2596

              total        used        free      shared  buff/cache   available
Mem:          33447        3962         886         165       28598       28836
Swap:          2147         438        1708
Total:        35595        4400        2595

              total        used        free      shared  buff/cache   available
Mem:          33447        3964         886         165       28596       28833
Swap:          2147         438        1708
Total:        35595        4403        2595

              total        used        free      shared  buff/cache   available
Mem:          33447        3935         913         165       28598       28862
Swap:          2147         438        1708
Total:        35595        4374        2622

              total        used        free      shared  buff/cache   available
Mem:          33447        3969         879         165       28598       28828
Swap:          2147         438        1708
Total:        35595        4408        2587

              total        used        free      shared  buff/cache   available
Mem:          33447        3960         888         165       28598       28837
Swap:          2147         438        1708
Total:        35595        4399        2597

              total        used        free      shared  buff/cache   available
Mem:          33447        3940         912         165       28595       28857
Swap:          2147         438        1708
Total:        35595        4378        2620

              total        used        free      shared  buff/cache   available
Mem:          33447        3928         920         165       28598       28869
Swap:          2147         438        1708
Total:        35595        4367        2629

              total        used        free      shared  buff/cache   available
Mem:          33447        3969         879         165       28598       28828
Swap:          2147         438        1708
Total:        35595        4407        2588

              total        used        free      shared  buff/cache   available
Mem:          33447        3956         892         165       28598       28841
Swap:          2147         438        1708
Total:        35595        4395        2601

              total        used        free      shared  buff/cache   available
Mem:          33447        3952         900         165       28595       28845
Swap:          2147         438        1708
Total:        35595        4391        2608

              total        used        free      shared  buff/cache   available
Mem:          33447        3969         879         165       28598       28828
Swap:          2147         438        1708
Total:        35595        4408        2587

              total        used        free      shared  buff/cache   available
Mem:          33447        3962         888         163       28596       28837
Swap:          2147         438        1708
Total:        35595        4400        2597

              total        used        free      shared  buff/cache   available
Mem:          33447        3993         859         162       28594       28806
Swap:          2147         438        1708
Total:        35595        4432        2568

              total        used        free      shared  buff/cache   available
Mem:          33447        3923         929         162       28594       28876
Swap:          2147         438        1708
Total:        35595        4362        2637

              total        used        free      shared  buff/cache   available
Mem:          33447        3961         889         162       28596       28839
Swap:          2147         438        1708
Total:        35595        4399        2598

              total        used        free      shared  buff/cache   available
Mem:          33447        3960         890         162       28596       28839
Swap:          2147         438        1708
Total:        35595        4399        2598

              total        used        free      shared  buff/cache   available
Mem:          33447        3939         914         162       28593       28861
Swap:          2147         438        1708
Total:        35595        4378        2623

              total        used        free      shared  buff/cache   available
Mem:          33447        3942         907         162       28597       28857
Swap:          2147         438        1708
Total:        35595        4381        2615

              total        used        free      shared  buff/cache   available
Mem:          33447        3976         874         162       28597       28824
Swap:          2147         438        1708
Total:        35595        4414        2582

              total        used        free      shared  buff/cache   available
Mem:          33447        3928         925         162       28593       28871
Swap:          2147         438        1708
Total:        35595        4367        2633

              total        used        free      shared  buff/cache   available
Mem:          33447        3930         923         162       28593       28870
Swap:          2147         438        1708
Total:        35595        4368        2632

              total        used        free      shared  buff/cache   available
Mem:          33447        3930         922         162       28593       28869
Swap:          2147         438        1708
Total:        35595        4369        2631

              total        used        free      shared  buff/cache   available
Mem:          33447        3834        1019         162       28593       28965
Swap:          2147         438        1708
Total:        35595        4273        2727

              total        used        free      shared  buff/cache   available
Mem:          33447        3833        1020         162       28593       28966
Swap:          2147         438        1708
Total:        35595        4272        2728

              total        used        free      shared  buff/cache   available
Mem:          33447        3831        1021         162       28593       28968
Swap:          2147         438        1708
Total:        35595        4270        2730

              total        used        free      shared  buff/cache   available
Mem:          33447        3831        1021         162       28593       28968
Swap:          2147         438        1708
Total:        35595        4270        2730

              total        used        free      shared  buff/cache   available
Mem:          33447        3827        1023         165       28597       28970
Swap:          2147         438        1708
Total:        35595        4266        2731

              total        used        free      shared  buff/cache   available
Mem:          33447        3828        1021         166       28597       28968
Swap:          2147         438        1708
Total:        35595        4267        2730

              total        used        free      shared  buff/cache   available
Mem:          33447        3828        1022         164       28596       28969
Swap:          2147         438        1708
Total:        35595        4267        2731
