RESET
CPU laptop 1745515881 2025/04/24 20:31:21 637451 100 12 3342100 6254850 70277 153936707 255444 0 77283 0 0 29704 100 0 0
SEP
CPU laptop 1745515882 2025/04/24 20:31:22 1 100 12 76 31 0 1087 0 0 0 0 0 24161 100 0 0
SEP
CPU laptop 1745515883 2025/04/24 20:31:23 1 100 12 83 35 0 1072 1 0 0 0 0 22674 100 0 0
SEP
CPU laptop 1745515884 2025/04/24 20:31:24 1 100 12 73 16 0 1109 1 0 0 0 0 23097 100 0 0
SEP
CPU laptop 1745515885 2025/04/24 20:31:25 1 100 12 72 17 0 1108 2 0 0 0 0 25767 100 0 0
SEP
CPU laptop 1745515886 2025/04/24 20:31:26 1 100 12 69 17 0 1113 0 0 0 0 0 23564 100 0 0
SEP
CPU laptop 1745515887 2025/04/24 20:31:27 1 100 12 71 14 0 1111 1 0 0 0 0 21261 100 0 0
SEP
CPU laptop 1745515888 2025/04/24 20:31:28 1 100 12 68 19 0 1111 1 0 0 0 0 24028 100 0 0
SEP
CPU laptop 1745515889 2025/04/24 20:31:29 1 100 12 70 15 0 1113 0 0 0 0 0 22509 100 0 0
SEP
CPU laptop 1745515890 2025/04/24 20:31:30 1 100 12 70 17 0 1109 2 0 0 0 0 19189 100 0 0
SEP
CPU laptop 1745515891 2025/04/24 20:31:31 1 100 12 70 19 0 1108 1 0 0 0 0 19485 100 0 0
SEP
CPU laptop 1745515892 2025/04/24 20:31:32 1 100 12 139 226 0 810 11 0 0 0 0 25975 100 0 0
SEP
CPU laptop 1745515893 2025/04/24 20:31:33 1 100 12 85 109 0 1002 1 0 0 0 0 26989 100 0 0
SEP
CPU laptop 1745515894 2025/04/24 20:31:34 1 100 12 76 116 0 1007 1 0 0 0 0 23782 100 0 0
SEP
CPU laptop 1745515895 2025/04/24 20:31:35 1 100 12 74 117 0 1007 0 0 0 0 0 25804 100 0 0
SEP
CPU laptop 1745515896 2025/04/24 20:31:36 1 100 12 77 122 0 997 1 0 0 0 0 26696 100 0 0
SEP
CPU laptop 1745515897 2025/04/24 20:31:37 1 100 12 72 122 0 996 7 0 0 0 0 31775 100 0 0
SEP
CPU laptop 1745515898 2025/04/24 20:31:38 1 100 12 148 216 1 804 16 0 2 0 0 47810 100 0 0
SEP
CPU laptop 1745515899 2025/04/24 20:31:39 1 100 12 111 129 0 947 0 0 1 0 0 32126 100 0 0
SEP
CPU laptop 1745515900 2025/04/24 20:31:40 1 100 12 73 117 0 1008 1 0 0 0 0 25664 100 0 0
SEP
CPU laptop 1745515901 2025/04/24 20:31:41 1 100 12 71 119 0 1006 1 0 0 0 0 24685 100 0 0
SEP
CPU laptop 1745515902 2025/04/24 20:31:42 1 100 12 80 120 0 997 1 0 0 0 0 26282 100 0 0
SEP
CPU laptop 1745515903 2025/04/24 20:31:43 1 100 12 71 116 0 1010 1 0 0 0 0 24557 100 0 0
SEP
CPU laptop 1745515904 2025/04/24 20:31:44 1 100 12 107 114 1 956 14 0 1 0 0 47834 100 0 0
SEP
CPU laptop 1745515905 2025/04/24 20:31:45 1 100 12 120 217 0 850 4 0 1 0 0 23822 100 0 0
SEP
CPU laptop 1745515906 2025/04/24 20:31:46 1 100 12 74 116 0 1006 1 0 0 0 0 26280 100 0 0
SEP
CPU laptop 1745515907 2025/04/24 20:31:47 1 100 12 74 116 0 1007 0 0 0 0 0 24228 100 0 0
SEP
CPU laptop 1745515908 2025/04/24 20:31:48 1 100 12 73 117 0 1007 1 0 0 0 0 25588 100 0 0
SEP
CPU laptop 1745515909 2025/04/24 20:31:49 1 100 12 87 145 0 964 1 0 0 0 0 27672 100 0 0
SEP
CPU laptop 1745515910 2025/04/24 20:31:50 1 100 12 71 117 0 1006 3 0 0 0 0 25571 100 0 0
SEP
CPU laptop 1745515911 2025/04/24 20:31:51 1 100 12 152 236 1 777 16 0 2 0 0 31622 100 0 0
SEP
CPU laptop 1745515912 2025/04/24 20:31:52 1 100 12 91 101 0 1005 0 0 0 0 0 25767 100 0 0
SEP
CPU laptop 1745515913 2025/04/24 20:31:53 1 100 12 73 119 0 1005 1 0 0 0 0 25764 100 0 0
SEP
CPU laptop 1745515914 2025/04/24 20:31:54 1 100 12 74 119 0 1001 2 0 0 0 0 25481 100 0 0
SEP
CPU laptop 1745515915 2025/04/24 20:31:55 1 100 12 78 120 0 1000 0 0 0 0 0 27033 100 0 0
SEP
CPU laptop 1745515916 2025/04/24 20:31:56 1 100 12 72 114 0 1010 1 0 0 0 0 26345 100 0 0
SEP
CPU laptop 1745515917 2025/04/24 20:31:57 1 100 12 130 110 1 929 17 0 0 0 0 24088 100 0 0
SEP
CPU laptop 1745515918 2025/04/24 20:31:58 1 100 12 101 232 0 863 1 0 1 0 0 26862 100 0 0
SEP
CPU laptop 1745515919 2025/04/24 20:31:59 1 100 12 75 116 0 1006 1 0 0 0 0 27192 100 0 0
SEP
CPU laptop 1745515920 2025/04/24 20:32:00 1 100 12 74 116 0 1007 0 0 0 0 0 23854 100 0 0
SEP
CPU laptop 1745515921 2025/04/24 20:32:01 1 100 12 77 120 0 999 1 0 0 0 0 27161 100 0 0
SEP
CPU laptop 1745515922 2025/04/24 20:32:02 1 100 12 74 115 0 1008 3 0 0 0 0 29891 100 0 0
SEP
CPU laptop 1745515923 2025/04/24 20:32:03 1 100 12 87 110 0 991 5 0 1 0 0 23733 100 0 0
SEP
CPU laptop 1745515924 2025/04/24 20:32:04 1 100 12 134 223 1 814 15 0 1 0 0 25047 100 0 0
SEP
CPU laptop 1745515925 2025/04/24 20:32:05 1 100 12 87 106 0 1003 1 0 0 0 0 31580 100 0 0
SEP
CPU laptop 1745515926 2025/04/24 20:32:06 1 100 12 72 118 0 1006 0 0 0 0 0 29951 100 0 0
SEP
CPU laptop 1745515927 2025/04/24 20:32:07 1 100 12 74 124 0 999 0 0 0 0 0 28321 100 0 0
SEP
CPU laptop 1745515928 2025/04/24 20:32:08 1 100 12 77 122 0 998 1 0 0 0 0 26356 100 0 0
SEP
CPU laptop 1745515929 2025/04/24 20:32:09 1 100 12 70 118 0 1009 1 0 0 0 0 27432 100 0 0
SEP
CPU laptop 1745515930 2025/04/24 20:32:10 1 100 12 137 161 1 868 16 0 1 0 0 47896 100 0 0
SEP
CPU laptop 1745515931 2025/04/24 20:32:11 1 100 12 96 168 0 932 0 0 1 0 0 23339 100 0 0
SEP
CPU laptop 1745515932 2025/04/24 20:32:12 1 100 12 75 116 0 1006 1 0 0 0 0 24586 100 0 0
SEP
CPU laptop 1745515933 2025/04/24 20:32:13 1 100 12 71 118 0 1009 1 0 0 0 0 27493 100 0 0
SEP
CPU laptop 1745515934 2025/04/24 20:32:14 1 100 12 77 118 0 1001 1 0 0 0 0 26991 100 0 0
SEP
CPU laptop 1745515935 2025/04/24 20:32:15 1 100 12 70 116 0 1010 1 0 0 0 0 26183 100 0 0
SEP
CPU laptop 1745515936 2025/04/24 20:32:16 1 100 12 128 116 0 932 14 0 1 0 0 34661 100 0 0
SEP
CPU laptop 1745515937 2025/04/24 20:32:17 1 100 12 117 214 0 859 3 0 0 0 0 21972 100 0 0
SEP
CPU laptop 1745515938 2025/04/24 20:32:18 1 100 12 71 118 0 1007 0 0 1 0 0 28495 100 0 0
SEP
CPU laptop 1745515939 2025/04/24 20:32:19 1 100 12 76 119 0 1001 3 0 1 0 0 28207 100 0 0
SEP
CPU laptop 1745515940 2025/04/24 20:32:20 1 100 12 75 121 0 1002 0 0 0 0 0 25244 100 0 0
SEP
CPU laptop 1745515941 2025/04/24 20:32:21 1 100 12 78 118 0 1001 1 0 0 0 0 27103 100 0 0
SEP
CPU laptop 1745515942 2025/04/24 20:32:22 1 100 12 71 115 0 1005 5 0 0 0 0 28804 100 0 0
SEP
CPU laptop 1745515943 2025/04/24 20:32:23 1 100 12 149 216 1 804 15 0 1 0 0 25632 100 0 0
SEP
CPU laptop 1745515944 2025/04/24 20:32:24 1 100 12 95 97 0 1004 1 0 0 0 0 25355 100 0 0
SEP
CPU laptop 1745515945 2025/04/24 20:32:25 1 100 12 73 117 0 1007 0 0 0 0 0 25651 100 0 0
SEP
CPU laptop 1745515946 2025/04/24 20:32:26 1 100 12 73 116 0 1009 1 0 0 0 0 25934 100 0 0
SEP
CPU laptop 1745515947 2025/04/24 20:32:27 1 100 12 80 120 0 996 1 0 0 0 0 26516 100 0 0
SEP
CPU laptop 1745515948 2025/04/24 20:32:28 1 100 12 69 117 0 1010 2 0 0 0 0 26001 100 0 0
SEP
CPU laptop 1745515949 2025/04/24 20:32:29 1 100 12 156 107 1 907 15 0 1 0 0 27195 100 0 0
SEP
CPU laptop 1745515950 2025/04/24 20:32:30 1 100 12 100 231 0 866 1 0 0 0 0 25230 100 0 0
SEP
CPU laptop 1745515951 2025/04/24 20:32:31 1 100 12 75 116 0 1005 0 0 0 0 0 28701 100 0 0
SEP
CPU laptop 1745515952 2025/04/24 20:32:32 1 100 12 76 154 0 967 1 0 0 0 0 25261 100 0 0
SEP
CPU laptop 1745515953 2025/04/24 20:32:33 1 100 12 81 121 0 993 1 0 1 0 0 29917 100 0 0
SEP
CPU laptop 1745515954 2025/04/24 20:32:34 1 100 12 69 119 0 1008 2 0 0 0 0 27867 100 0 0
SEP
CPU laptop 1745515955 2025/04/24 20:32:35 1 100 12 99 108 1 976 8 0 0 0 0 40026 100 0 0
SEP
CPU laptop 1745515956 2025/04/24 20:32:36 1 100 12 134 232 0 814 8 0 1 0 0 24374 100 0 0
SEP
CPU laptop 1745515957 2025/04/24 20:32:37 1 100 12 86 112 0 998 0 0 0 0 0 29103 100 0 0
SEP
CPU laptop 1745515958 2025/04/24 20:32:38 1 100 12 71 118 0 1007 1 0 0 0 0 27233 100 0 0
SEP
CPU laptop 1745515959 2025/04/24 20:32:39 1 100 12 73 116 0 1009 1 0 0 0 0 24391 100 0 0
SEP
CPU laptop 1745515960 2025/04/24 20:32:40 1 100 12 79 121 0 998 1 0 1 0 0 24154 100 0 0
SEP
CPU laptop 1745515961 2025/04/24 20:32:41 1 100 12 69 117 0 1009 2 0 0 0 0 30167 100 0 0
SEP
CPU laptop 1745515962 2025/04/24 20:32:42 1 100 12 144 193 1 825 16 0 1 0 0 47900 100 0 0
SEP
CPU laptop 1745515963 2025/04/24 20:32:43 1 100 12 99 125 0 971 1 0 0 0 0 27490 100 0 0
SEP
CPU laptop 1745515964 2025/04/24 20:32:44 1 100 12 74 117 0 1007 1 0 0 0 0 28098 100 0 0
SEP
CPU laptop 1745515965 2025/04/24 20:32:45 1 100 12 72 121 0 1004 0 0 0 0 0 28377 100 0 0
SEP
CPU laptop 1745515966 2025/04/24 20:32:46 1 100 12 78 123 0 995 2 0 1 0 0 28730 100 0 0
SEP
CPU laptop 1745515967 2025/04/24 20:32:47 1 100 12 70 117 0 1010 1 0 0 0 0 28897 100 0 0
SEP
CPU laptop 1745515968 2025/04/24 20:32:48 1 100 12 124 115 1 935 14 0 0 0 0 33196 100 0 0
SEP
CPU laptop 1745515969 2025/04/24 20:32:49 1 100 12 128 235 0 820 5 0 1 0 0 25661 100 0 0
SEP
CPU laptop 1745515970 2025/04/24 20:32:50 1 100 12 75 118 0 1004 1 0 0 0 0 28125 100 0 0
SEP
CPU laptop 1745515971 2025/04/24 20:32:51 1 100 12 75 117 0 1006 0 0 0 0 0 28113 100 0 0
SEP
CPU laptop 1745515972 2025/04/24 20:32:52 1 100 12 74 117 0 1005 1 0 1 0 0 28534 100 0 0
SEP
CPU laptop 1745515973 2025/04/24 20:32:53 1 100 12 78 119 0 1001 1 0 0 0 0 25592 100 0 0
SEP
CPU laptop 1745515974 2025/04/24 20:32:54 1 100 12 70 117 0 1008 3 0 0 0 0 17883 100 0 0
SEP
CPU laptop 1745515975 2025/04/24 20:32:55 1 100 12 154 219 1 794 14 0 0 0 0 29644 100 0 0
SEP
CPU laptop 1745515976 2025/04/24 20:32:56 1 100 12 97 100 0 1000 1 0 0 0 0 27562 100 0 0
SEP
CPU laptop 1745515977 2025/04/24 20:32:57 1 100 12 72 120 0 1004 0 0 0 0 0 27005 100 0 0
SEP
CPU laptop 1745515978 2025/04/24 20:32:58 1 100 12 76 116 0 1005 1 0 1 0 0 23610 100 0 0
SEP
CPU laptop 1745515979 2025/04/24 20:32:59 1 100 12 78 121 0 998 1 0 0 0 0 23819 100 0 0
SEP
CPU laptop 1745515980 2025/04/24 20:33:00 1 100 12 71 115 0 1010 2 0 0 0 0 25265 100 0 0
SEP
CPU laptop 1745515981 2025/04/24 20:33:01 1 100 12 140 105 0 926 14 0 1 0 0 25771 100 0 0
SEP
CPU laptop 1745515982 2025/04/24 20:33:02 1 100 12 100 231 0 864 1 0 0 0 0 26361 100 0 0
SEP
CPU laptop 1745515983 2025/04/24 20:33:03 1 100 12 74 119 0 1005 0 0 0 0 0 24713 100 0 0
SEP
CPU laptop 1745515984 2025/04/24 20:33:04 1 100 12 72 119 0 1006 1 0 0 0 0 27194 100 0 0
SEP
CPU laptop 1745515985 2025/04/24 20:33:05 1 100 12 81 119 0 998 1 0 1 0 0 30676 100 0 0
SEP
CPU laptop 1745515986 2025/04/24 20:33:06 1 100 12 70 116 0 1007 4 0 0 0 0 26674 100 0 0
SEP
CPU laptop 1745515987 2025/04/24 20:33:07 1 100 12 97 116 1 963 12 0 0 0 0 24201 100 0 0
SEP
CPU laptop 1745515988 2025/04/24 20:33:08 1 100 12 137 222 0 823 8 0 0 0 0 29263 100 0 0
SEP
CPU laptop 1745515989 2025/04/24 20:33:09 1 100 12 79 117 0 998 1 0 0 0 0 25863 100 0 0
SEP
CPU laptop 1745515990 2025/04/24 20:33:10 1 100 12 74 121 0 1001 0 0 0 0 0 24939 100 0 0
SEP
CPU laptop 1745515991 2025/04/24 20:33:11 1 100 12 73 118 0 1007 1 0 0 0 0 26975 100 0 0
SEP
CPU laptop 1745515992 2025/04/24 20:33:12 1 100 12 75 121 0 1000 1 0 0 0 0 25977 100 0 0
SEP
CPU laptop 1745515993 2025/04/24 20:33:13 1 100 12 71 116 0 1010 2 0 0 0 0 28534 100 0 0
SEP
CPU laptop 1745515994 2025/04/24 20:33:14 1 100 12 149 235 1 785 16 0 1 0 0 30877 100 0 0
SEP
CPU laptop 1745515995 2025/04/24 20:33:15 1 100 12 94 101 0 1001 1 0 0 0 0 26466 100 0 0
SEP
CPU laptop 1745515996 2025/04/24 20:33:16 1 100 12 76 119 0 999 3 0 0 0 0 29859 100 0 0
SEP
CPU laptop 1745515997 2025/04/24 20:33:17 1 100 12 74 117 0 1007 1 0 0 0 0 25976 100 0 0
SEP
CPU laptop 1745515998 2025/04/24 20:33:18 1 100 12 80 121 0 997 0 0 1 0 0 26373 100 0 0
SEP
CPU laptop 1745515999 2025/04/24 20:33:19 1 100 12 75 118 0 1000 4 0 0 0 0 25319 100 0 0
SEP
CPU laptop 1745516000 2025/04/24 20:33:20 1 100 12 130 110 1 932 15 0 1 0 0 43386 100 0 0
SEP
CPU laptop 1745516001 2025/04/24 20:33:21 1 100 12 112 220 0 861 2 0 0 0 0 28754 100 0 0
SEP
CPU laptop 1745516002 2025/04/24 20:33:22 1 100 12 76 120 0 1001 0 0 0 0 0 26330 100 0 0
SEP
CPU laptop 1745516003 2025/04/24 20:33:23 1 100 12 73 116 0 1007 1 0 0 0 0 25750 100 0 0
SEP
CPU laptop 1745516004 2025/04/24 20:33:24 1 100 12 78 123 0 996 1 0 0 0 0 28891 100 0 0
SEP
CPU laptop 1745516005 2025/04/24 20:33:25 1 100 12 70 116 0 1011 1 0 0 0 0 33053 100 0 0
SEP
CPU laptop 1745516006 2025/04/24 20:33:26 1 100 12 78 107 0 1006 3 0 1 0 0 19118 100 0 0
SEP
CPU laptop 1745516007 2025/04/24 20:33:27 1 100 12 146 222 0 802 15 0 1 0 0 23653 100 0 0
SEP
CPU laptop 1745516008 2025/04/24 20:33:28 1 100 12 86 106 0 1005 0 0 0 0 0 25513 100 0 0
SEP
CPU laptop 1745516009 2025/04/24 20:33:29 1 100 12 75 115 0 1005 1 0 1 0 0 33360 100 0 0
SEP
CPU laptop 1745516010 2025/04/24 20:33:30 1 100 12 72 117 0 1009 1 0 0 0 0 25619 100 0 0
SEP
CPU laptop 1745516011 2025/04/24 20:33:31 1 100 12 76 121 0 999 0 0 0 0 0 25816 100 0 0
SEP
CPU laptop 1745516012 2025/04/24 20:33:32 1 100 12 71 115 0 1010 2 0 0 0 0 28277 100 0 0
SEP
CPU laptop 1745516013 2025/04/24 20:33:33 1 100 12 145 164 1 858 15 0 1 0 0 47814 100 0 0
SEP
CPU laptop 1745516014 2025/04/24 20:33:34 1 100 12 94 153 0 950 0 0 0 0 0 27852 100 0 0
SEP
CPU laptop 1745516015 2025/04/24 20:33:35 1 100 12 73 117 0 1007 1 0 0 0 0 25636 100 0 0
SEP
CPU laptop 1745516016 2025/04/24 20:33:36 1 100 12 72 124 0 1000 1 0 0 0 0 25247 100 0 0
SEP
CPU laptop 1745516017 2025/04/24 20:33:37 1 100 12 80 125 0 992 1 0 0 0 0 29409 100 0 0
SEP
CPU laptop 1745516018 2025/04/24 20:33:38 1 100 12 72 114 0 1010 1 0 0 0 0 23762 100 0 0
SEP
CPU laptop 1745516019 2025/04/24 20:33:39 1 100 12 120 118 1 935 13 0 0 0 0 32664 100 0 0
SEP
CPU laptop 1745516020 2025/04/24 20:33:40 1 100 12 116 212 0 859 3 0 1 0 0 23278 100 0 0
SEP
CPU laptop 1745516021 2025/04/24 20:33:41 1 100 12 73 119 0 1004 1 0 0 0 0 26982 100 0 0
SEP
CPU laptop 1745516022 2025/04/24 20:33:42 1 100 12 76 114 0 1009 1 0 0 0 0 29791 100 0 0
SEP
CPU laptop 1745516023 2025/04/24 20:33:43 1 100 12 72 116 0 1008 0 0 0 0 0 26496 100 0 0
SEP
CPU laptop 1745516024 2025/04/24 20:33:44 1 100 12 80 119 0 1001 1 0 0 0 0 27341 100 0 0
SEP
CPU laptop 1745516025 2025/04/24 20:33:45 1 100 12 70 116 0 1009 2 0 0 0 0 26762 100 0 0
SEP
CPU laptop 1745516026 2025/04/24 20:33:46 1 100 12 151 236 1 782 17 0 1 0 0 27974 100 0 0
SEP
CPU laptop 1745516027 2025/04/24 20:33:47 1 100 12 91 103 0 1003 0 0 0 0 0 24887 100 0 0
SEP
CPU laptop 1745516028 2025/04/24 20:33:48 1 100 12 75 117 0 1005 0 0 0 0 0 27875 100 0 0
SEP
CPU laptop 1745516029 2025/04/24 20:33:49 1 100 12 87 138 0 969 1 0 0 0 0 27106 100 0 0
SEP
CPU laptop 1745516030 2025/04/24 20:33:50 1 100 12 80 120 0 997 1 0 1 0 0 26016 100 0 0
SEP
CPU laptop 1745516031 2025/04/24 20:33:51 1 100 12 69 118 0 1010 1 0 0 0 0 31800 100 0 0
SEP
CPU laptop 1745516032 2025/04/24 20:33:52 1 100 12 140 141 1 889 15 0 0 0 0 25931 100 0 0
SEP
CPU laptop 1745516033 2025/04/24 20:33:53 1 100 12 103 230 0 863 0 0 1 0 0 29348 100 0 0
SEP
CPU laptop 1745516034 2025/04/24 20:33:54 1 100 12 71 118 0 1007 1 0 0 0 0 27534 100 0 0
SEP
CPU laptop 1745516035 2025/04/24 20:33:55 1 100 12 76 125 0 996 1 0 0 0 0 27634 100 0 0
SEP
CPU laptop 1745516036 2025/04/24 20:33:56 1 100 12 81 117 0 999 1 0 0 0 0 26674 100 0 0
SEP
CPU laptop 1745516037 2025/04/24 20:33:57 1 100 12 71 117 0 1009 1 0 0 0 0 28532 100 0 0
SEP
CPU laptop 1745516038 2025/04/24 20:33:58 1 100 12 89 109 0 984 9 0 1 0 0 21609 100 0 0
SEP
CPU laptop 1745516039 2025/04/24 20:33:59 1 100 12 142 226 1 811 9 0 1 0 0 25741 100 0 0
SEP
CPU laptop 1745516040 2025/04/24 20:34:00 1 100 12 78 114 0 1003 0 0 0 0 0 25546 100 0 0
SEP
CPU laptop 1745516041 2025/04/24 20:34:01 1 100 12 73 123 0 1001 1 0 0 0 0 32163 100 0 0
SEP
CPU laptop 1745516042 2025/04/24 20:34:02 1 100 12 75 120 0 1000 1 0 0 0 0 32431 100 0 0
SEP
CPU laptop 1745516043 2025/04/24 20:34:03 1 100 12 79 118 0 1000 1 0 1 0 0 30837 100 0 0
SEP
CPU laptop 1745516044 2025/04/24 20:34:04 1 100 12 72 115 0 1004 6 0 0 0 0 29087 100 0 0
SEP
CPU laptop 1745516045 2025/04/24 20:34:05 1 100 12 149 233 1 789 16 0 1 0 0 31317 100 0 0
SEP
CPU laptop 1745516046 2025/04/24 20:34:06 1 100 12 95 98 0 1002 0 0 0 0 0 28386 100 0 0
SEP
CPU laptop 1745516047 2025/04/24 20:34:07 1 100 12 78 122 0 993 4 0 0 0 0 25569 100 0 0
SEP
CPU laptop 1745516048 2025/04/24 20:34:08 1 100 12 72 117 0 1008 1 0 0 0 0 29576 100 0 0
SEP
CPU laptop 1745516049 2025/04/24 20:34:09 1 100 12 76 122 0 998 1 0 1 0 0 25946 100 0 0
SEP
CPU laptop 1745516050 2025/04/24 20:34:10 1 100 12 72 115 0 1010 0 0 0 0 0 22339 100 0 0
SEP
CPU laptop 1745516051 2025/04/24 20:34:11 1 100 12 130 109 0 932 15 0 1 0 0 29329 100 0 0
SEP
CPU laptop 1745516052 2025/04/24 20:34:12 1 100 12 105 227 0 862 1 0 0 0 0 25913 100 0 0
SEP
CPU laptop 1745516053 2025/04/24 20:34:13 1 100 12 73 117 0 1006 1 0 1 0 0 27837 100 0 0
SEP
CPU laptop 1745516054 2025/04/24 20:34:14 1 100 12 72 117 0 1008 1 0 0 0 0 25246 100 0 0
SEP
CPU laptop 1745516055 2025/04/24 20:34:15 1 100 12 78 120 0 998 1 0 0 0 0 26304 100 0 0
SEP
CPU laptop 1745516056 2025/04/24 20:34:16 1 100 12 69 116 0 1013 0 0 0 0 0 26129 100 0 0
SEP
CPU laptop 1745516057 2025/04/24 20:34:17 1 100 12 82 116 1 989 7 0 0 0 0 30336 100 0 0
SEP
CPU laptop 1745516058 2025/04/24 20:34:18 1 100 12 143 226 0 807 11 0 1 0 0 31497 100 0 0
SEP
CPU laptop 1745516059 2025/04/24 20:34:19 1 100 12 88 111 0 998 1 0 0 0 0 28976 100 0 0
SEP
CPU laptop 1745516060 2025/04/24 20:34:20 1 100 12 77 113 0 1007 1 0 0 0 0 28294 100 0 0
SEP
CPU laptop 1745516061 2025/04/24 20:34:21 1 100 12 72 117 0 1006 1 0 0 0 0 32297 100 0 0
SEP
CPU laptop 1745516062 2025/04/24 20:34:22 1 100 12 78 119 0 1001 0 0 1 0 0 26736 100 0 0
SEP
CPU laptop 1745516063 2025/04/24 20:34:23 1 100 12 75 115 0 1005 2 0 0 0 0 27650 100 0 0
SEP
CPU laptop 1745516064 2025/04/24 20:34:24 1 100 12 137 209 1 821 17 0 0 0 0 47818 100 0 0
SEP
CPU laptop 1745516065 2025/04/24 20:34:25 1 100 12 99 109 0 989 1 0 1 0 0 28240 100 0 0
SEP
CPU laptop 1745516066 2025/04/24 20:34:26 1 100 12 74 115 0 1008 1 0 0 0 0 23805 100 0 0
SEP
CPU laptop 1745516067 2025/04/24 20:34:27 1 100 12 73 117 0 1006 0 0 0 0 0 25670 100 0 0
SEP
CPU laptop 1745516068 2025/04/24 20:34:28 1 100 12 79 119 0 1000 1 0 0 0 0 25224 100 0 0
SEP
CPU laptop 1745516069 2025/04/24 20:34:29 1 100 12 71 114 0 1010 2 0 0 0 0 23358 100 0 0
SEP
CPU laptop 1745516070 2025/04/24 20:34:30 1 100 12 121 119 1 940 12 0 1 0 0 45235 100 0 0
SEP
CPU laptop 1745516071 2025/04/24 20:34:31 1 100 12 115 214 0 860 4 0 1 0 0 20128 100 0 0
SEP
CPU laptop 1745516072 2025/04/24 20:34:32 1 100 12 74 118 0 1004 1 0 0 0 0 23892 100 0 0
SEP
CPU laptop 1745516073 2025/04/24 20:34:33 1 100 12 70 118 0 1008 0 0 0 0 0 26571 100 0 0
SEP
CPU laptop 1745516074 2025/04/24 20:34:34 1 100 12 72 118 0 1007 1 0 1 0 0 24187 100 0 0
SEP
CPU laptop 1745516075 2025/04/24 20:34:35 1 100 12 77 120 0 1000 1 0 0 0 0 24546 100 0 0
SEP
CPU laptop 1745516076 2025/04/24 20:34:36 1 100 12 73 114 0 1008 2 0 1 0 0 29309 100 0 0
SEP
CPU laptop 1745516077 2025/04/24 20:34:37 1 100 12 200 259 1 708 15 0 1 0 0 26305 100 0 0
SEP
CPU laptop 1745516078 2025/04/24 20:34:38 1 100 12 91 104 0 1001 1 0 0 0 0 31945 100 0 0
SEP
CPU laptop 1745516079 2025/04/24 20:34:39 1 100 12 100 154 0 940 0 0 1 0 0 25601 100 0 0
SEP
CPU laptop 1745516080 2025/04/24 20:34:40 1 100 12 75 117 0 1006 1 0 0 0 0 31399 100 0 0
SEP
CPU laptop 1745516081 2025/04/24 20:34:41 1 100 12 76 122 0 999 1 0 0 0 0 26339 100 0 0
SEP
CPU laptop 1745516082 2025/04/24 20:34:42 1 100 12 71 117 0 1007 1 0 1 0 0 26868 100 0 0
SEP
CPU laptop 1745516083 2025/04/24 20:34:43 1 100 12 134 113 0 920 16 0 1 0 0 25177 100 0 0
SEP
CPU laptop 1745516084 2025/04/24 20:34:44 1 100 12 102 232 0 863 0 0 1 0 0 26712 100 0 0
SEP
CPU laptop 1745516085 2025/04/24 20:34:45 1 100 12 76 123 0 997 1 0 0 0 0 25653 100 0 0
SEP
CPU laptop 1745516086 2025/04/24 20:34:46 1 100 12 74 118 0 1006 2 0 1 0 0 23609 100 0 0
SEP
CPU laptop 1745516087 2025/04/24 20:34:47 1 100 12 84 150 0 961 1 0 0 0 0 27094 100 0 0
SEP
CPU laptop 1745516088 2025/04/24 20:34:48 1 100 12 70 118 0 1011 0 0 0 0 0 24233 100 0 0
SEP
CPU laptop 1745516089 2025/04/24 20:34:49 1 100 12 99 123 0 956 14 0 1 0 0 21165 100 0 0
SEP
CPU laptop 1745516090 2025/04/24 20:34:50 1 100 12 146 223 1 807 12 0 0 0 0 23726 100 0 0
SEP
CPU laptop 1745516091 2025/04/24 20:34:51 1 100 12 86 110 0 1002 0 0 1 0 0 25249 100 0 0
SEP
CPU laptop 1745516092 2025/04/24 20:34:52 1 100 12 73 117 0 1006 1 0 1 0 0 27167 100 0 0
SEP
CPU laptop 1745516093 2025/04/24 20:34:53 1 100 12 75 115 0 1007 1 0 0 0 0 25114 100 0 0
SEP
CPU laptop 1745516094 2025/04/24 20:34:54 1 100 12 80 120 0 997 0 0 0 0 0 23873 100 0 0
SEP
CPU laptop 1745516095 2025/04/24 20:34:55 1 100 12 75 114 0 1007 2 0 0 0 0 24542 100 0 0
SEP
CPU laptop 1745516096 2025/04/24 20:34:56 1 100 12 137 221 1 815 17 0 1 0 0 47818 100 0 0
SEP
CPU laptop 1745516097 2025/04/24 20:34:57 1 100 12 102 110 0 984 1 0 1 0 0 25392 100 0 0
SEP
CPU laptop 1745516098 2025/04/24 20:34:58 1 100 12 76 116 0 1005 1 0 0 0 0 25116 100 0 0
SEP
CPU laptop 1745516099 2025/04/24 20:34:59 1 100 12 72 120 0 1005 0 0 0 0 0 23422 100 0 0
SEP
CPU laptop 1745516100 2025/04/24 20:35:00 1 100 12 77 122 0 997 1 0 0 0 0 25455 100 0 0
SEP
CPU laptop 1745516101 2025/04/24 20:35:01 1 100 12 72 115 0 1009 3 0 0 0 0 24186 100 0 0
SEP
CPU laptop 1745516102 2025/04/24 20:35:02 1 100 12 125 115 0 934 13 0 1 0 0 38958 100 0 0
SEP
CPU laptop 1745516103 2025/04/24 20:35:03 1 100 12 108 223 0 858 3 0 2 0 0 22720 100 0 0
SEP
CPU laptop 1745516104 2025/04/24 20:35:04 1 100 12 72 119 0 1005 0 0 0 0 0 22716 100 0 0
SEP
CPU laptop 1745516105 2025/04/24 20:35:05 1 100 12 74 119 0 1005 1 0 1 0 0 28796 100 0 0
SEP
CPU laptop 1745516106 2025/04/24 20:35:06 1 100 12 72 119 0 1006 1 0 1 0 0 28848 100 0 0
SEP
CPU laptop 1745516107 2025/04/24 20:35:07 1 100 12 81 127 0 984 3 0 0 0 0 25302 100 0 0
SEP
CPU laptop 1745516108 2025/04/24 20:35:08 1 100 12 78 113 0 999 5 0 0 0 0 27012 100 0 0
SEP
CPU laptop 1745516109 2025/04/24 20:35:09 1 100 12 151 214 1 799 17 0 1 0 0 25481 100 0 0
SEP
CPU laptop 1745516110 2025/04/24 20:35:10 1 100 12 97 104 0 994 1 0 0 0 0 27770 100 0 0
SEP
CPU laptop 1745516111 2025/04/24 20:35:11 1 100 12 73 117 0 1007 0 0 1 0 0 28271 100 0 0
SEP
CPU laptop 1745516112 2025/04/24 20:35:12 1 100 12 75 117 0 1006 1 0 0 0 0 25411 100 0 0
SEP
CPU laptop 1745516113 2025/04/24 20:35:13 1 100 12 77 120 0 1000 1 0 0 0 0 27819 100 0 0
SEP
CPU laptop 1745516114 2025/04/24 20:35:14 1 100 12 73 116 0 1006 2 0 0 0 0 27452 100 0 0
SEP
CPU laptop 1745516115 2025/04/24 20:35:15 1 100 12 141 116 1 914 14 0 1 0 0 21968 100 0 0
SEP
CPU laptop 1745516116 2025/04/24 20:35:16 1 100 12 107 228 0 862 0 0 0 0 0 25428 100 0 0
SEP
CPU laptop 1745516117 2025/04/24 20:35:17 1 100 12 74 119 0 1005 0 0 1 0 0 26204 100 0 0
SEP
CPU laptop 1745516118 2025/04/24 20:35:18 1 100 12 75 115 0 1006 1 0 0 0 0 25798 100 0 0
SEP
CPU laptop 1745516119 2025/04/24 20:35:19 1 100 12 82 123 0 990 1 0 0 0 0 28464 100 0 0
SEP
CPU laptop 1745516120 2025/04/24 20:35:20 1 100 12 74 114 0 1008 2 0 1 0 0 26065 100 0 0
SEP
CPU laptop 1745516121 2025/04/24 20:35:21 1 100 12 90 109 1 983 7 0 0 0 0 22120 100 0 0
SEP
CPU laptop 1745516122 2025/04/24 20:35:22 1 100 12 141 230 0 810 8 0 0 0 0 26209 100 0 0
SEP
CPU laptop 1745516123 2025/04/24 20:35:23 1 100 12 83 110 0 1003 1 0 1 0 0 25366 100 0 0
SEP
CPU laptop 1745516124 2025/04/24 20:35:24 1 100 12 74 117 0 1006 0 0 0 0 0 25014 100 0 0
SEP
CPU laptop 1745516125 2025/04/24 20:35:25 1 100 12 76 119 0 1002 1 0 1 0 0 25275 100 0 0
SEP
CPU laptop 1745516126 2025/04/24 20:35:26 1 100 12 79 120 0 999 1 0 0 0 0 29108 100 0 0
SEP
CPU laptop 1745516127 2025/04/24 20:35:27 1 100 12 73 117 0 1008 1 0 0 0 0 27564 100 0 0
SEP
CPU laptop 1745516128 2025/04/24 20:35:28 1 100 12 144 223 1 796 16 0 1 0 0 32440 100 0 0
SEP
CPU laptop 1745516129 2025/04/24 20:35:29 1 100 12 98 97 0 1000 1 0 0 0 0 24893 100 0 0
SEP
CPU laptop 1745516130 2025/04/24 20:35:30 1 100 12 74 118 0 1004 1 0 0 0 0 25221 100 0 0
SEP
CPU laptop 1745516131 2025/04/24 20:35:31 1 100 12 75 115 0 1007 0 0 0 0 0 28246 100 0 0
SEP
CPU laptop 1745516132 2025/04/24 20:35:32 1 100 12 80 119 0 998 1 0 0 0 0 25947 100 0 0
SEP
CPU laptop 1745516133 2025/04/24 20:35:33 1 100 12 71 116 0 1009 2 0 1 0 0 27067 100 0 0
SEP
CPU laptop 1745516134 2025/04/24 20:35:34 1 100 12 127 112 0 936 13 0 0 0 0 29824 100 0 0
SEP
CPU laptop 1745516135 2025/04/24 20:35:35 1 100 12 111 221 0 857 3 0 1 0 0 24905 100 0 0
SEP
CPU laptop 1745516136 2025/04/24 20:35:36 1 100 12 75 117 0 1006 1 0 0 0 0 22813 100 0 0
SEP
CPU laptop 1745516137 2025/04/24 20:35:37 1 100 12 76 121 0 1000 1 0 0 0 0 23142 100 0 0
SEP
CPU laptop 1745516138 2025/04/24 20:35:38 1 100 12 75 121 0 1001 0 0 0 0 0 25242 100 0 0
SEP
CPU laptop 1745516139 2025/04/24 20:35:39 1 100 12 83 120 0 992 1 0 0 0 0 24907 100 0 0
SEP
CPU laptop 1745516140 2025/04/24 20:35:40 1 100 12 71 115 0 1006 5 0 0 0 0 25575 100 0 0
SEP
CPU laptop 1745516141 2025/04/24 20:35:41 1 100 12 144 232 1 787 15 0 1 0 0 23363 100 0 0
SEP
CPU laptop 1745516142 2025/04/24 20:35:42 1 100 12 92 102 0 1003 1 0 0 0 0 26349 100 0 0
SEP
CPU laptop 1745516143 2025/04/24 20:35:43 1 100 12 74 115 0 1007 1 0 0 0 0 28581 100 0 0
SEP
CPU laptop 1745516144 2025/04/24 20:35:44 1 100 12 75 115 0 1007 1 0 0 0 0 26908 100 0 0
SEP
CPU laptop 1745516145 2025/04/24 20:35:45 1 100 12 79 119 0 1000 0 0 0 0 0 25540 100 0 0
SEP
CPU laptop 1745516146 2025/04/24 20:35:46 1 100 12 70 116 0 1008 4 0 0 0 0 25868 100 0 0
SEP
CPU laptop 1745516147 2025/04/24 20:35:47 1 100 12 143 108 1 918 15 0 1 0 0 28537 100 0 0
SEP
CPU laptop 1745516148 2025/04/24 20:35:48 1 100 12 102 227 0 867 0 0 1 0 0 23364 100 0 0
SEP
CPU laptop 1745516149 2025/04/24 20:35:49 1 100 12 92 144 0 959 0 0 0 0 0 28545 100 0 0
SEP
CPU laptop 1745516150 2025/04/24 20:35:50 1 100 12 76 122 0 1000 1 0 0 0 0 27569 100 0 0
SEP
CPU laptop 1745516151 2025/04/24 20:35:51 1 100 12 77 122 0 998 1 0 0 0 0 27818 100 0 0
SEP
CPU laptop 1745516152 2025/04/24 20:35:52 1 100 12 74 114 0 1005 4 0 0 0 0 26227 100 0 0
SEP
CPU laptop 1745516153 2025/04/24 20:35:53 1 100 12 96 110 1 970 11 0 1 0 0 25666 100 0 0
SEP
CPU laptop 1745516154 2025/04/24 20:35:54 1 100 12 141 220 0 825 6 0 0 0 0 25832 100 0 0
SEP
CPU laptop 1745516155 2025/04/24 20:35:55 1 100 12 78 113 0 1005 1 0 0 0 0 24928 100 0 0
SEP
CPU laptop 1745516156 2025/04/24 20:35:56 1 100 12 74 116 0 1006 2 0 0 0 0 24534 100 0 0
SEP
CPU laptop 1745516157 2025/04/24 20:35:57 1 100 12 73 118 0 1006 1 0 0 0 0 28653 100 0 0
SEP
CPU laptop 1745516158 2025/04/24 20:35:58 1 100 12 81 118 0 999 1 0 1 0 0 23541 100 0 0
SEP
CPU laptop 1745516159 2025/04/24 20:35:59 1 100 12 72 116 0 1007 2 0 0 0 0 27351 100 0 0
SEP
CPU laptop 1745516160 2025/04/24 20:36:00 1 100 12 147 237 1 781 16 0 1 0 0 31327 100 0 0
SEP
CPU laptop 1745516161 2025/04/24 20:36:01 1 100 12 93 100 0 1002 1 0 0 0 0 25246 100 0 0
SEP
CPU laptop 1745516162 2025/04/24 20:36:02 1 100 12 76 116 0 1005 0 0 0 0 0 23391 100 0 0
SEP
CPU laptop 1745516163 2025/04/24 20:36:03 1 100 12 74 119 0 1004 1 0 0 0 0 25973 100 0 0
SEP
CPU laptop 1745516164 2025/04/24 20:36:04 1 100 12 83 127 0 983 2 0 0 0 0 28597 100 0 0
SEP
CPU laptop 1745516165 2025/04/24 20:36:05 1 100 12 73 117 0 1008 1 0 0 0 0 28638 100 0 0
SEP
CPU laptop 1745516166 2025/04/24 20:36:06 1 100 12 131 117 1 923 15 0 1 0 0 28214 100 0 0
SEP
CPU laptop 1745516167 2025/04/24 20:36:07 1 100 12 109 231 0 853 1 0 0 0 0 25812 100 0 0
SEP
CPU laptop 1745516168 2025/04/24 20:36:08 1 100 12 74 118 0 1005 1 0 0 0 0 29940 100 0 0
SEP
CPU laptop 1745516169 2025/04/24 20:36:09 1 100 12 75 120 0 1000 2 0 0 0 0 25757 100 0 0
SEP
CPU laptop 1745516170 2025/04/24 20:36:10 1 100 12 76 121 0 1000 0 0 0 0 0 21733 100 0 0
SEP
CPU laptop 1745516171 2025/04/24 20:36:11 1 100 12 68 118 0 1011 1 0 0 0 0 25555 100 0 0
SEP
CPU laptop 1745516172 2025/04/24 20:36:12 1 100 12 82 110 0 997 5 0 1 0 0 18177 100 0 0
SEP
CPU laptop 1745516173 2025/04/24 20:36:13 1 100 12 141 219 1 812 15 0 2 0 0 24706 100 0 0
SEP
CPU laptop 1745516174 2025/04/24 20:36:14 1 100 12 85 109 0 1002 1 0 0 0 0 25947 100 0 0
SEP
CPU laptop 1745516175 2025/04/24 20:36:15 1 100 12 75 119 0 1003 0 0 0 0 0 27374 100 0 0
SEP
CPU laptop 1745516176 2025/04/24 20:36:16 1 100 12 74 116 0 1007 1 0 0 0 0 22731 100 0 0
SEP
CPU laptop 1745516177 2025/04/24 20:36:17 1 100 12 79 118 0 1000 1 0 0 0 0 23999 100 0 0
SEP
CPU laptop 1745516178 2025/04/24 20:36:18 1 100 12 76 114 0 1008 1 0 0 0 0 23726 100 0 0
SEP
CPU laptop 1745516179 2025/04/24 20:36:19 1 100 12 148 148 1 867 18 0 1 0 0 47814 100 0 0
SEP
CPU laptop 1745516180 2025/04/24 20:36:20 1 100 12 98 179 0 920 0 0 1 0 0 26659 100 0 0
SEP
CPU laptop 1745516181 2025/04/24 20:36:21 1 100 12 75 117 0 1005 1 0 0 0 0 26355 100 0 0
SEP
CPU laptop 1745516182 2025/04/24 20:36:22 1 100 12 75 116 0 1006 0 0 0 0 0 25307 100 0 0
SEP
CPU laptop 1745516183 2025/04/24 20:36:23 1 100 12 78 120 0 999 1 0 0 0 0 27844 100 0 0
SEP
CPU laptop 1745516184 2025/04/24 20:36:24 1 100 12 74 115 0 1007 2 0 0 0 0 25474 100 0 0
SEP
CPU laptop 1745516185 2025/04/24 20:36:25 1 100 12 103 110 1 964 12 0 0 0 0 34549 100 0 0
SEP
CPU laptop 1745516186 2025/04/24 20:36:26 1 100 12 133 220 0 833 5 0 1 0 0 26240 100 0 0
SEP
CPU laptop 1745516187 2025/04/24 20:36:27 1 100 12 78 115 0 1003 1 0 1 0 0 26184 100 0 0
SEP
CPU laptop 1745516188 2025/04/24 20:36:28 1 100 12 71 119 0 1008 0 0 0 0 0 25399 100 0 0
SEP
CPU laptop 1745516189 2025/04/24 20:36:29 1 100 12 74 117 0 1007 1 0 0 0 0 25369 100 0 0
SEP
CPU laptop 1745516190 2025/04/24 20:36:30 1 100 12 78 119 0 1000 1 0 0 0 0 25464 100 0 0
SEP
CPU laptop 1745516191 2025/04/24 20:36:31 1 100 12 74 116 0 1006 1 0 0 0 0 26556 100 0 0
SEP
CPU laptop 1745516192 2025/04/24 20:36:32 1 100 12 147 236 0 783 16 0 1 0 0 28227 100 0 0
SEP
CPU laptop 1745516193 2025/04/24 20:36:33 1 100 12 92 102 0 1001 0 0 0 0 0 24558 100 0 0
SEP
CPU laptop 1745516194 2025/04/24 20:36:34 1 100 12 73 116 0 1008 1 0 0 0 0 26304 100 0 0
SEP
CPU laptop 1745516195 2025/04/24 20:36:35 1 100 12 74 116 0 1007 1 0 0 0 0 25375 100 0 0
SEP
CPU laptop 1745516196 2025/04/24 20:36:36 1 100 12 81 117 0 999 1 0 0 0 0 24620 100 0 0
SEP
CPU laptop 1745516197 2025/04/24 20:36:37 1 100 12 77 119 0 998 3 0 1 0 0 28714 100 0 0
SEP
CPU laptop 1745516198 2025/04/24 20:36:38 1 100 12 132 113 1 927 15 0 1 0 0 26049 100 0 0
SEP
CPU laptop 1745516199 2025/04/24 20:36:39 1 100 12 103 230 0 863 1 0 0 0 0 25512 100 0 0
SEP
CPU laptop 1745516200 2025/04/24 20:36:40 1 100 12 80 144 0 975 0 0 0 0 0 25371 100 0 0
SEP
CPU laptop 1745516201 2025/04/24 20:36:41 1 100 12 72 117 0 1008 1 0 0 0 0 25517 100 0 0
SEP
CPU laptop 1745516202 2025/04/24 20:36:42 1 100 12 78 121 0 998 1 0 0 0 0 27994 100 0 0
SEP
CPU laptop 1745516203 2025/04/24 20:36:43 1 100 12 68 118 0 1012 1 0 0 0 0 26649 100 0 0
SEP
CPU laptop 1745516204 2025/04/24 20:36:44 1 100 12 90 114 0 976 11 0 0 0 0 25640 100 0 0
SEP
CPU laptop 1745516205 2025/04/24 20:36:45 1 100 12 141 224 1 815 9 0 1 0 0 28246 100 0 0
SEP
CPU laptop 1745516206 2025/04/24 20:36:46 1 100 12 81 111 0 1001 4 0 0 0 0 26005 100 0 0
SEP
CPU laptop 1745516207 2025/04/24 20:36:47 1 100 12 73 119 0 1005 0 0 0 0 0 25030 100 0 0
SEP
CPU laptop 1745516208 2025/04/24 20:36:48 1 100 12 73 118 0 1006 1 0 0 0 0 25719 100 0 0
SEP
CPU laptop 1745516209 2025/04/24 20:36:49 1 100 12 91 139 0 963 2 0 1 0 0 25348 100 0 0
SEP
CPU laptop 1745516210 2025/04/24 20:36:50 1 100 12 76 113 0 1009 1 0 0 0 0 26244 100 0 0
SEP
CPU laptop 1745516211 2025/04/24 20:36:51 1 100 12 145 218 0 805 15 0 0 0 0 46904 100 0 0
SEP
CPU laptop 1745516212 2025/04/24 20:36:52 1 100 12 91 99 0 1006 1 0 0 0 0 26849 100 0 0
SEP
CPU laptop 1745516213 2025/04/24 20:36:53 1 100 12 74 116 0 1006 0 0 0 0 0 27835 100 0 0
SEP
CPU laptop 1745516214 2025/04/24 20:36:54 1 100 12 75 119 0 1003 1 0 0 0 0 26276 100 0 0
SEP
CPU laptop 1745516215 2025/04/24 20:36:55 1 100 12 80 119 0 999 1 0 0 0 0 24892 100 0 0
SEP
CPU laptop 1745516216 2025/04/24 20:36:56 1 100 12 70 118 0 1005 5 0 0 0 0 25691 100 0 0
SEP
CPU laptop 1745516217 2025/04/24 20:36:57 1 100 12 128 111 1 931 15 0 1 0 0 35048 100 0 0
SEP
CPU laptop 1745516218 2025/04/24 20:36:58 1 100 12 111 218 0 863 2 0 1 0 0 23509 100 0 0
SEP
CPU laptop 1745516219 2025/04/24 20:36:59 1 100 12 76 118 0 1003 1 0 0 0 0 23459 100 0 0
SEP
CPU laptop 1745516220 2025/04/24 20:37:00 1 100 12 73 117 0 1007 0 0 0 0 0 25363 100 0 0
SEP
CPU laptop 1745516221 2025/04/24 20:37:01 1 100 12 72 118 0 1008 1 0 0 0 0 24527 100 0 0
SEP
CPU laptop 1745516222 2025/04/24 20:37:02 1 100 12 79 122 0 997 1 0 0 0 0 25226 100 0 0
SEP
CPU laptop 1745516223 2025/04/24 20:37:03 1 100 12 75 113 0 1005 3 0 1 0 0 21727 100 0 0
SEP
CPU laptop 1745516224 2025/04/24 20:37:04 1 100 12 143 211 1 813 15 0 0 0 0 25546 100 0 0
SEP
CPU laptop 1745516225 2025/04/24 20:37:05 1 100 12 92 102 0 1003 1 0 0 0 0 25280 100 0 0
SEP
CPU laptop 1745516226 2025/04/24 20:37:06 1 100 12 74 119 0 1003 0 0 0 0 0 25280 100 0 0
SEP
CPU laptop 1745516227 2025/04/24 20:37:07 1 100 12 77 123 0 996 1 0 1 0 0 25353 100 0 0
SEP
CPU laptop 1745516228 2025/04/24 20:37:08 1 100 12 79 119 0 999 1 0 0 0 0 25756 100 0 0
SEP
CPU laptop 1745516229 2025/04/24 20:37:09 1 100 12 74 115 0 1008 1 0 0 0 0 25481 100 0 0
SEP
CPU laptop 1745516230 2025/04/24 20:37:10 1 100 12 142 108 1 918 15 0 1 0 0 26388 100 0 0
SEP
CPU laptop 1745516231 2025/04/24 20:37:11 1 100 12 101 228 0 868 0 0 0 0 0 26780 100 0 0
SEP
CPU laptop 1745516232 2025/04/24 20:37:12 1 100 12 75 116 0 1006 1 0 0 0 0 26432 100 0 0
SEP
CPU laptop 1745516233 2025/04/24 20:37:13 1 100 12 75 116 0 1008 0 0 0 0 0 26137 100 0 0
SEP
CPU laptop 1745516234 2025/04/24 20:37:14 1 100 12 77 121 0 997 1 0 1 0 0 25633 100 0 0
SEP
CPU laptop 1745516235 2025/04/24 20:37:15 1 100 12 74 113 0 1009 2 0 0 0 0 24607 100 0 0
SEP
CPU laptop 1745516236 2025/04/24 20:37:16 1 100 12 98 107 0 975 11 0 0 0 0 29531 100 0 0
SEP
CPU laptop 1745516237 2025/04/24 20:37:17 1 100 12 133 224 0 824 8 0 1 0 0 24379 100 0 0
SEP
CPU laptop 1745516238 2025/04/24 20:37:18 1 100 12 77 115 0 1006 1 0 0 0 0 27511 100 0 0
SEP
CPU laptop 1745516239 2025/04/24 20:37:19 1 100 12 74 121 0 999 2 0 1 0 0 27178 100 0 0
SEP
CPU laptop 1745516240 2025/04/24 20:37:20 1 100 12 75 119 0 1003 1 0 0 0 0 25597 100 0 0
SEP
CPU laptop 1745516241 2025/04/24 20:37:21 1 100 12 79 118 0 1000 1 0 0 0 0 25370 100 0 0
SEP
CPU laptop 1745516242 2025/04/24 20:37:22 1 100 12 73 115 0 1006 4 0 0 0 0 25356 100 0 0
SEP
CPU laptop 1745516243 2025/04/24 20:37:23 1 100 12 145 239 1 782 17 0 1 0 0 30294 100 0 0
SEP
CPU laptop 1745516244 2025/04/24 20:37:24 1 100 12 87 105 0 1004 1 0 1 0 0 25312 100 0 0
SEP
CPU laptop 1745516245 2025/04/24 20:37:25 1 100 12 74 118 0 1005 1 0 1 0 0 30018 100 0 0
SEP
CPU laptop 1745516246 2025/04/24 20:37:26 1 100 12 74 116 0 1008 0 0 0 0 0 27891 100 0 0
SEP
CPU laptop 1745516247 2025/04/24 20:37:27 1 100 12 79 124 0 994 1 0 1 0 0 25312 100 0 0
SEP
CPU laptop 1745516248 2025/04/24 20:37:28 1 100 12 71 117 0 1007 3 0 0 0 0 24909 100 0 0
SEP
CPU laptop 1745516249 2025/04/24 20:37:29 1 100 12 131 110 1 926 15 0 1 0 0 31482 100 0 0
SEP
CPU laptop 1745516250 2025/04/24 20:37:30 1 100 12 101 233 0 862 0 0 1 0 0 29006 100 0 0
SEP
CPU laptop 1745516251 2025/04/24 20:37:31 1 100 12 73 117 0 1007 1 0 1 0 0 27892 100 0 0
SEP
CPU laptop 1745516252 2025/04/24 20:37:32 1 100 12 73 117 0 1008 1 0 0 0 0 26694 100 0 0
SEP
CPU laptop 1745516253 2025/04/24 20:37:33 1 100 12 78 121 0 997 1 0 0 0 0 25657 100 0 0
SEP
CPU laptop 1745516254 2025/04/24 20:37:34 1 100 12 70 117 0 1011 0 0 1 0 0 25428 100 0 0
SEP
CPU laptop 1745516255 2025/04/24 20:37:35 1 100 12 90 116 0 979 8 0 0 0 0 33931 100 0 0
SEP
CPU laptop 1745516256 2025/04/24 20:37:36 1 100 12 142 223 1 811 11 0 1 0 0 33011 100 0 0
SEP
CPU laptop 1745516257 2025/04/24 20:37:37 1 100 12 87 111 0 994 3 0 0 0 0 26038 100 0 0
SEP
CPU laptop 1745516258 2025/04/24 20:37:38 1 100 12 74 117 0 1006 0 0 0 0 0 25726 100 0 0
SEP
CPU laptop 1745516259 2025/04/24 20:37:39 1 100 12 75 115 0 1007 1 0 0 0 0 28557 100 0 0
SEP
CPU laptop 1745516260 2025/04/24 20:37:40 1 100 12 79 119 0 999 1 0 0 0 0 25966 100 0 0
SEP
CPU laptop 1745516261 2025/04/24 20:37:41 1 100 12 74 114 0 1006 3 0 0 0 0 28028 100 0 0
SEP
CPU laptop 1745516262 2025/04/24 20:37:42 1 100 12 140 227 0 801 15 0 2 0 0 33548 100 0 0
SEP
CPU laptop 1745516263 2025/04/24 20:37:43 1 100 12 92 100 0 1004 0 0 0 0 0 26626 100 0 0
SEP
CPU laptop 1745516264 2025/04/24 20:37:44 1 100 12 76 116 0 1005 1 0 0 0 0 24804 100 0 0
SEP
CPU laptop 1745516265 2025/04/24 20:37:45 1 100 12 76 115 0 1006 1 0 0 0 0 27009 100 0 0
SEP
CPU laptop 1745516266 2025/04/24 20:37:46 1 100 12 79 121 0 997 1 0 0 0 0 25869 100 0 0
SEP
CPU laptop 1745516267 2025/04/24 20:37:47 1 100 12 72 115 0 1009 3 0 0 0 0 27911 100 0 0
SEP
CPU laptop 1745516268 2025/04/24 20:37:48 1 100 12 124 114 1 934 14 0 0 0 0 31525 100 0 0
SEP
CPU laptop 1745516269 2025/04/24 20:37:49 1 100 12 123 240 0 825 4 0 0 0 0 26354 100 0 0
SEP
CPU laptop 1745516270 2025/04/24 20:37:50 1 100 12 74 119 0 1002 1 0 0 0 0 29145 100 0 0
SEP
CPU laptop 1745516271 2025/04/24 20:37:51 1 100 12 74 115 0 1009 1 0 0 0 0 31086 100 0 0
SEP
CPU laptop 1745516272 2025/04/24 20:37:52 1 100 12 71 119 0 1007 1 0 0 0 0 27651 100 0 0
SEP
CPU laptop 1745516273 2025/04/24 20:37:53 1 100 12 79 119 0 1000 0 0 0 0 0 26536 100 0 0
SEP
CPU laptop 1745516274 2025/04/24 20:37:54 1 100 12 74 113 0 999 10 0 0 0 0 44475 100 0 0
SEP
CPU laptop 1745516275 2025/04/24 20:37:55 1 100 12 149 221 1 796 16 0 1 0 0 30683 100 0 0
SEP
CPU laptop 1745516276 2025/04/24 20:37:56 1 100 12 92 102 0 1000 0 0 1 0 0 27532 100 0 0
SEP
CPU laptop 1745516277 2025/04/24 20:37:57 1 100 12 74 116 0 1009 1 0 0 0 0 27953 100 0 0
SEP
CPU laptop 1745516278 2025/04/24 20:37:58 1 100 12 73 120 0 1004 1 0 0 0 0 25394 100 0 0
SEP
CPU laptop 1745516279 2025/04/24 20:37:59 1 100 12 77 119 0 1000 0 0 0 0 0 25859 100 0 0
SEP
CPU laptop 1745516280 2025/04/24 20:38:00 1 100 12 69 118 0 1008 3 0 0 0 0 26335 100 0 0
SEP
CPU laptop 1745516281 2025/04/24 20:38:01 1 100 12 136 108 0 921 16 0 1 0 0 26305 100 0 0
SEP
CPU laptop 1745516282 2025/04/24 20:38:02 1 100 12 103 229 0 865 0 0 0 0 0 27363 100 0 0
SEP
CPU laptop 1745516283 2025/04/24 20:38:03 1 100 12 73 118 0 1006 0 0 0 0 0 28461 100 0 0
SEP
CPU laptop 1745516284 2025/04/24 20:38:04 1 100 12 75 117 0 1004 2 0 1 0 0 26175 100 0 0
SEP
CPU laptop 1745516285 2025/04/24 20:38:05 1 100 12 80 119 0 998 1 0 0 0 0 28296 100 0 0
SEP
CPU laptop 1745516286 2025/04/24 20:38:06 1 100 12 73 115 0 1003 5 0 0 0 0 25696 100 0 0
SEP
CPU laptop 1745516287 2025/04/24 20:38:07 1 100 12 102 114 0 962 12 0 0 0 0 30028 100 0 0
SEP
CPU laptop 1745516288 2025/04/24 20:38:08 1 100 12 137 227 1 821 5 0 1 0 0 26289 100 0 0
SEP
CPU laptop 1745516289 2025/04/24 20:38:09 1 100 12 79 117 0 1000 1 0 0 0 0 26079 100 0 0
SEP
CPU laptop 1745516290 2025/04/24 20:38:10 1 100 12 81 120 0 996 1 0 0 0 0 25912 100 0 0
SEP
CPU laptop 1745516291 2025/04/24 20:38:11 1 100 12 73 116 0 1006 0 0 0 0 0 25270 100 0 0
SEP
CPU laptop 1745516292 2025/04/24 20:38:12 1 100 12 79 120 0 999 1 0 0 0 0 25962 100 0 0
SEP
CPU laptop 1745516293 2025/04/24 20:38:13 1 100 12 72 116 0 1007 4 0 0 0 0 26277 100 0 0
SEP
CPU laptop 1745516294 2025/04/24 20:38:14 1 100 12 149 243 0 774 15 0 2 0 0 29074 100 0 0
SEP
CPU laptop 1745516295 2025/04/24 20:38:15 1 100 12 94 104 0 999 0 0 0 0 0 29847 100 0 0
SEP
CPU laptop 1745516296 2025/04/24 20:38:16 1 100 12 73 119 0 1003 2 0 1 0 0 25500 100 0 0
SEP
CPU laptop 1745516297 2025/04/24 20:38:17 1 100 12 74 117 0 1007 1 0 0 0 0 25526 100 0 0
SEP
CPU laptop 1745516298 2025/04/24 20:38:18 1 100 12 76 120 0 1001 0 0 1 0 0 26218 100 0 0
SEP
CPU laptop 1745516299 2025/04/24 20:38:19 1 100 12 77 117 0 1002 1 0 0 0 0 25912 100 0 0
SEP
CPU laptop 1745516300 2025/04/24 20:38:20 1 100 12 130 107 1 928 17 0 0 0 0 26390 100 0 0
SEP
CPU laptop 1745516301 2025/04/24 20:38:21 1 100 12 101 234 0 861 0 0 0 0 0 31070 100 0 0
SEP
CPU laptop 1745516302 2025/04/24 20:38:22 1 100 12 72 117 0 1007 1 0 0 0 0 26451 100 0 0
SEP
CPU laptop 1745516303 2025/04/24 20:38:23 1 100 12 74 118 0 1007 1 0 1 0 0 26736 100 0 0
SEP
CPU laptop 1745516304 2025/04/24 20:38:24 1 100 12 77 120 0 998 1 0 0 0 0 25262 100 0 0
SEP
CPU laptop 1745516305 2025/04/24 20:38:25 1 100 12 70 119 0 1006 3 0 0 0 0 26376 100 0 0
SEP
CPU laptop 1745516306 2025/04/24 20:38:26 1 100 12 92 107 0 985 8 0 0 0 0 28260 100 0 0
SEP
CPU laptop 1745516307 2025/04/24 20:38:27 1 100 12 134 228 1 817 9 0 1 0 0 28825 100 0 0
SEP
CPU laptop 1745516308 2025/04/24 20:38:28 1 100 12 78 116 0 1003 0 0 0 0 0 27238 100 0 0
SEP
CPU laptop 1745516309 2025/04/24 20:38:29 1 100 12 72 118 0 1007 1 0 1 0 0 29757 100 0 0
SEP
CPU laptop 1745516310 2025/04/24 20:38:30 1 100 12 71 118 0 1008 1 0 0 0 0 25453 100 0 0
SEP
CPU laptop 1745516311 2025/04/24 20:38:31 1 100 12 77 120 0 999 1 0 0 0 0 27703 100 0 0
SEP
CPU laptop 1745516312 2025/04/24 20:38:32 1 100 12 71 118 0 1010 1 0 0 0 0 26877 100 0 0
SEP
CPU laptop 1745516313 2025/04/24 20:38:33 1 100 12 148 242 1 781 14 0 2 0 0 29226 100 0 0
SEP
CPU laptop 1745516314 2025/04/24 20:38:34 1 100 12 95 102 0 999 0 0 0 0 0 26947 100 0 0
SEP
CPU laptop 1745516315 2025/04/24 20:38:35 1 100 12 74 117 0 1006 1 0 0 0 0 31102 100 0 0
SEP
CPU laptop 1745516316 2025/04/24 20:38:36 1 100 12 74 123 0 1000 1 0 0 0 0 28155 100 0 0
SEP
CPU laptop 1745516317 2025/04/24 20:38:37 1 100 12 83 123 0 988 3 0 0 0 0 28746 100 0 0
SEP
CPU laptop 1745516318 2025/04/24 20:38:38 1 100 12 70 117 0 1010 2 0 0 0 0 25546 100 0 0
SEP
CPU laptop 1745516319 2025/04/24 20:38:39 1 100 12 129 116 0 921 16 0 1 0 0 25906 100 0 0
SEP
CPU laptop 1745516320 2025/04/24 20:38:40 1 100 12 106 229 0 861 1 0 0 0 0 26340 100 0 0
SEP
CPU laptop 1745516321 2025/04/24 20:38:41 1 100 12 75 114 0 1007 0 0 0 0 0 25503 100 0 0
SEP
CPU laptop 1745516322 2025/04/24 20:38:42 1 100 12 74 117 0 1008 1 0 0 0 0 24898 100 0 0
SEP
CPU laptop 1745516323 2025/04/24 20:38:43 1 100 12 77 120 0 999 1 0 0 0 0 26915 100 0 0
SEP
CPU laptop 1745516324 2025/04/24 20:38:44 1 100 12 70 116 0 1010 1 0 0 0 0 22973 100 0 0
SEP
CPU laptop 1745516325 2025/04/24 20:38:45 1 100 12 94 113 1 972 11 0 1 0 0 39565 100 0 0
SEP
CPU laptop 1745516326 2025/04/24 20:38:46 1 100 12 134 227 0 820 8 0 0 0 0 25124 100 0 0
SEP
CPU laptop 1745516327 2025/04/24 20:38:47 1 100 12 80 115 0 1004 1 0 0 0 0 26214 100 0 0
SEP
CPU laptop 1745516328 2025/04/24 20:38:48 1 100 12 71 120 0 1007 0 0 0 0 0 25501 100 0 0
SEP
CPU laptop 1745516329 2025/04/24 20:38:49 1 100 12 87 139 0 969 1 0 0 0 0 25158 100 0 0
SEP
CPU laptop 1745516330 2025/04/24 20:38:50 1 100 12 79 121 0 996 1 0 0 0 0 26917 100 0 0
SEP
CPU laptop 1745516331 2025/04/24 20:38:51 1 100 12 72 116 0 1010 1 0 0 0 0 23069 100 0 0
SEP
CPU laptop 1745516332 2025/04/24 20:38:52 1 100 12 150 240 1 779 16 0 2 0 0 28453 100 0 0
SEP
CPU laptop 1745516333 2025/04/24 20:38:53 1 100 12 94 100 0 1003 0 0 1 0 0 30101 100 0 0
SEP
CPU laptop 1745516334 2025/04/24 20:38:54 1 100 12 70 120 0 1007 1 0 1 0 0 26204 100 0 0
SEP
CPU laptop 1745516335 2025/04/24 20:38:55 1 100 12 79 151 0 969 0 0 0 0 0 28645 100 0 0
SEP
CPU laptop 1745516336 2025/04/24 20:38:56 1 100 12 78 122 0 996 1 0 0 0 0 28945 100 0 0
SEP
CPU laptop 1745516337 2025/04/24 20:38:57 1 100 12 73 114 0 1007 4 0 0 0 0 24529 100 0 0
SEP
CPU laptop 1745516338 2025/04/24 20:38:58 1 100 12 129 115 1 927 16 0 1 0 0 46028 100 0 0
SEP
CPU laptop 1745516339 2025/04/24 20:38:59 1 100 12 107 223 0 864 1 0 1 0 0 24330 100 0 0
SEP
CPU laptop 1745516340 2025/04/24 20:39:00 1 100 12 74 118 0 1005 1 0 1 0 0 26785 100 0 0
SEP
CPU laptop 1745516341 2025/04/24 20:39:01 1 100 12 74 115 0 1007 0 0 0 0 0 28602 100 0 0
SEP
CPU laptop 1745516342 2025/04/24 20:39:02 1 100 12 77 123 0 997 1 0 0 0 0 30133 100 0 0
SEP
CPU laptop 1745516343 2025/04/24 20:39:03 1 100 12 71 114 0 1011 1 0 0 0 0 25247 100 0 0
SEP
CPU laptop 1745516344 2025/04/24 20:39:04 1 100 12 80 111 0 1003 4 0 0 0 0 28894 100 0 0
SEP
CPU laptop 1745516345 2025/04/24 20:39:05 1 100 12 143 216 0 809 14 0 2 0 0 26446 100 0 0
SEP
CPU laptop 1745516346 2025/04/24 20:39:06 1 100 12 93 101 0 1000 0 0 0 0 0 25627 100 0 0
SEP
CPU laptop 1745516347 2025/04/24 20:39:07 1 100 12 78 121 0 995 5 0 1 0 0 28091 100 0 0
SEP
CPU laptop 1745516348 2025/04/24 20:39:08 1 100 12 73 120 0 1005 0 0 0 0 0 26003 100 0 0
SEP
CPU laptop 1745516349 2025/04/24 20:39:09 1 100 12 78 120 0 999 1 0 0 0 0 28468 100 0 0
SEP
CPU laptop 1745516350 2025/04/24 20:39:10 1 100 12 73 114 0 1007 3 0 0 0 0 25793 100 0 0
SEP
CPU laptop 1745516351 2025/04/24 20:39:11 1 100 12 134 108 1 924 14 0 1 0 0 27516 100 0 0
SEP
CPU laptop 1745516352 2025/04/24 20:39:12 1 100 12 100 230 0 867 1 0 0 0 0 27525 100 0 0
SEP
CPU laptop 1745516353 2025/04/24 20:39:13 1 100 12 74 116 0 1005 1 0 0 0 0 32109 100 0 0
SEP
CPU laptop 1745516354 2025/04/24 20:39:14 1 100 12 72 118 0 1007 0 0 0 0 0 25245 100 0 0
SEP
CPU laptop 1745516355 2025/04/24 20:39:15 1 100 12 77 121 0 999 1 0 1 0 0 28227 100 0 0
SEP
CPU laptop 1745516356 2025/04/24 20:39:16 1 100 12 71 116 0 1009 2 0 0 0 0 25247 100 0 0
SEP
CPU laptop 1745516357 2025/04/24 20:39:17 1 100 12 95 105 0 981 10 0 0 0 0 31831 100 0 0
SEP
CPU laptop 1745516358 2025/04/24 20:39:18 1 100 12 142 226 0 813 8 0 1 0 0 28256 100 0 0
SEP
CPU laptop 1745516359 2025/04/24 20:39:19 1 100 12 84 113 0 999 1 0 1 0 0 25246 100 0 0
SEP
CPU laptop 1745516360 2025/04/24 20:39:20 1 100 12 74 117 0 1006 0 0 0 0 0 26974 100 0 0
SEP
CPU laptop 1745516361 2025/04/24 20:39:21 1 100 12 80 141 0 973 2 0 0 0 0 31800 100 0 0
SEP
CPU laptop 1745516362 2025/04/24 20:39:22 1 100 12 95 209 0 891 1 0 0 0 0 28384 100 0 0
SEP
CPU laptop 1745516363 2025/04/24 20:39:23 1 100 12 102 171 0 920 1 0 0 0 0 25860 100 0 0
SEP
CPU laptop 1745516364 2025/04/24 20:39:24 1 100 12 149 239 1 780 16 0 2 0 0 28137 100 0 0
SEP
CPU laptop 1745516365 2025/04/24 20:39:25 1 100 12 97 96 0 1004 0 0 0 0 0 30416 100 0 0
SEP
CPU laptop 1745516366 2025/04/24 20:39:26 1 100 12 73 119 0 1004 1 0 0 0 0 26409 100 0 0
SEP
CPU laptop 1745516367 2025/04/24 20:39:27 1 100 12 74 117 0 1007 1 0 1 0 0 24950 100 0 0
SEP
CPU laptop 1745516368 2025/04/24 20:39:28 1 100 12 79 120 0 998 1 0 0 0 0 30264 100 0 0
SEP
CPU laptop 1745516369 2025/04/24 20:39:29 1 100 12 73 116 0 1006 3 0 0 0 0 24621 100 0 0
SEP
CPU laptop 1745516370 2025/04/24 20:39:30 1 100 12 130 109 0 929 16 0 1 0 0 33039 100 0 0
SEP
CPU laptop 1745516371 2025/04/24 20:39:31 1 100 12 107 225 0 861 2 0 1 0 0 30443 100 0 0
SEP
CPU laptop 1745516372 2025/04/24 20:39:32 1 100 12 75 120 0 1001 1 0 0 0 0 24847 100 0 0
SEP
CPU laptop 1745516373 2025/04/24 20:39:33 1 100 12 74 116 0 1008 1 0 0 0 0 27494 100 0 0
SEP
CPU laptop 1745516374 2025/04/24 20:39:34 1 100 12 75 123 0 998 0 0 0 0 0 24243 100 0 0
SEP
CPU laptop 1745516375 2025/04/24 20:39:35 1 100 12 70 119 0 1010 1 0 1 0 0 26294 100 0 0
SEP
CPU laptop 1745516376 2025/04/24 20:39:36 1 100 12 80 110 0 996 8 0 0 0 0 22401 100 0 0
SEP
CPU laptop 1745516377 2025/04/24 20:39:37 1 100 12 148 241 1 784 12 0 0 0 0 29968 100 0 0
SEP
CPU laptop 1745516378 2025/04/24 20:39:38 1 100 12 85 110 0 1000 1 0 1 0 0 31429 100 0 0
SEP
CPU laptop 1745516379 2025/04/24 20:39:39 1 100 12 89 134 0 972 0 0 0 0 0 29284 100 0 0
SEP
CPU laptop 1745516380 2025/04/24 20:39:40 1 100 12 76 118 0 1005 1 0 0 0 0 27081 100 0 0
SEP
CPU laptop 1745516381 2025/04/24 20:39:41 1 100 12 81 119 0 996 1 0 0 0 0 26102 100 0 0
SEP
CPU laptop 1745516382 2025/04/24 20:39:42 1 100 12 71 119 0 1007 1 0 0 0 0 27286 100 0 0
SEP
CPU laptop 1745516383 2025/04/24 20:39:43 1 100 12 137 192 1 839 16 0 1 0 0 47896 100 0 0
SEP
CPU laptop 1745516384 2025/04/24 20:39:44 1 100 12 99 132 0 963 0 0 0 0 0 25649 100 0 0
SEP
CPU laptop 1745516385 2025/04/24 20:39:45 1 100 12 73 119 0 1006 1 0 0 0 0 24561 100 0 0
SEP
CPU laptop 1745516386 2025/04/24 20:39:46 1 100 12 78 115 0 1004 1 0 0 0 0 25248 100 0 0
SEP
CPU laptop 1745516387 2025/04/24 20:39:47 1 100 12 78 121 0 996 1 0 0 0 0 24699 100 0 0
SEP
CPU laptop 1745516388 2025/04/24 20:39:48 1 100 12 74 115 0 1010 1 0 0 0 0 23340 100 0 0
SEP
CPU laptop 1745516389 2025/04/24 20:39:49 1 100 12 137 145 0 895 13 0 1 0 0 34586 100 0 0
SEP
CPU laptop 1745516390 2025/04/24 20:39:50 1 100 12 117 212 0 858 4 0 0 0 0 25824 100 0 0
SEP
CPU laptop 1745516391 2025/04/24 20:39:51 1 100 12 77 118 0 1002 1 0 1 0 0 25587 100 0 0
SEP
CPU laptop 1745516392 2025/04/24 20:39:52 1 100 12 78 115 0 1003 1 0 0 0 0 31551 100 0 0
SEP
CPU laptop 1745516393 2025/04/24 20:39:53 1 100 12 74 119 0 1004 0 0 1 0 0 26286 100 0 0
SEP
CPU laptop 1745516394 2025/04/24 20:39:54 1 100 12 81 125 0 991 1 0 0 0 0 25996 100 0 0
SEP
CPU laptop 1745516395 2025/04/24 20:39:55 1 100 12 72 116 0 1008 3 0 0 0 0 25942 100 0 0
SEP
CPU laptop 1745516396 2025/04/24 20:39:56 1 100 12 144 237 1 786 16 0 1 0 0 25933 100 0 0
SEP
CPU laptop 1745516397 2025/04/24 20:39:57 1 100 12 95 101 0 1000 1 0 0 0 0 24950 100 0 0
SEP
CPU laptop 1745516398 2025/04/24 20:39:58 1 100 12 75 118 0 1004 1 0 1 0 0 29629 100 0 0
SEP
CPU laptop 1745516399 2025/04/24 20:39:59 1 100 12 75 120 0 1003 0 0 0 0 0 34878 100 0 0
SEP
CPU laptop 1745516400 2025/04/24 20:40:00 1 100 12 79 120 0 997 1 0 1 0 0 26707 100 0 0
SEP
CPU laptop 1745516401 2025/04/24 20:40:01 1 100 12 72 116 0 1008 2 0 0 0 0 26584 100 0 0
SEP
CPU laptop 1745516402 2025/04/24 20:40:02 1 100 12 136 108 1 925 17 0 1 0 0 30488 100 0 0
SEP
CPU laptop 1745516403 2025/04/24 20:40:03 1 100 12 105 229 0 862 0 0 1 0 0 25324 100 0 0
SEP
CPU laptop 1745516404 2025/04/24 20:40:04 1 100 12 74 118 0 1005 1 0 0 0 0 25288 100 0 0
SEP
CPU laptop 1745516405 2025/04/24 20:40:05 1 100 12 77 115 0 1005 1 0 0 0 0 29774 100 0 0
SEP
CPU laptop 1745516406 2025/04/24 20:40:06 1 100 12 83 120 0 993 1 0 0 0 0 25951 100 0 0
SEP
CPU laptop 1745516407 2025/04/24 20:40:07 1 100 12 76 123 0 996 2 0 0 0 0 27968 100 0 0
SEP
CPU laptop 1745516408 2025/04/24 20:40:08 1 100 12 96 109 0 979 7 0 0 0 0 32763 100 0 0
SEP
CPU laptop 1745516409 2025/04/24 20:40:09 1 100 12 142 224 0 814 10 0 1 0 0 27539 100 0 0
SEP
CPU laptop 1745516410 2025/04/24 20:40:10 1 100 12 85 111 0 998 1 0 0 0 0 25321 100 0 0
SEP
CPU laptop 1745516411 2025/04/24 20:40:11 1 100 12 72 120 0 1002 3 0 0 0 0 29138 100 0 0
SEP
CPU laptop 1745516412 2025/04/24 20:40:12 1 100 12 78 117 0 1005 1 0 0 0 0 45206 100 0 0
SEP
CPU laptop 1745516413 2025/04/24 20:40:13 1 100 12 79 121 0 999 1 0 1 0 0 28684 100 0 0
SEP
CPU laptop 1745516414 2025/04/24 20:40:14 1 100 12 73 116 0 1008 0 0 0 0 0 29819 100 0 0
SEP
CPU laptop 1745516415 2025/04/24 20:40:15 1 100 12 147 220 1 798 16 0 1 0 0 44675 100 0 0
SEP
CPU laptop 1745516416 2025/04/24 20:40:16 1 100 12 97 101 0 998 0 0 0 0 0 33847 100 0 0
SEP
CPU laptop 1745516417 2025/04/24 20:40:17 1 100 12 77 116 0 1004 0 0 0 0 0 27702 100 0 0
SEP
CPU laptop 1745516418 2025/04/24 20:40:18 1 100 12 80 118 0 1001 0 0 0 0 0 43393 100 0 0
SEP
CPU laptop 1745516419 2025/04/24 20:40:19 1 100 12 81 120 0 992 3 0 0 0 0 27773 100 0 0
SEP
CPU laptop 1745516420 2025/04/24 20:40:20 1 100 12 70 118 0 1008 1 0 0 0 0 27049 100 0 0
SEP
CPU laptop 1745516421 2025/04/24 20:40:21 1 100 12 128 115 1 927 15 0 1 0 0 38632 100 0 0
SEP
CPU laptop 1745516422 2025/04/24 20:40:22 1 100 12 118 224 0 847 2 0 0 0 0 31854 100 0 0
SEP
CPU laptop 1745516423 2025/04/24 20:40:23 1 100 12 78 117 0 1001 1 0 0 0 0 26334 100 0 0
SEP
CPU laptop 1745516424 2025/04/24 20:40:24 1 100 12 75 117 0 1004 1 0 0 0 0 32296 100 0 0
SEP
CPU laptop 1745516425 2025/04/24 20:40:25 1 100 12 81 119 0 997 0 0 1 0 0 47812 100 0 0
SEP
CPU laptop 1745516426 2025/04/24 20:40:26 1 100 12 83 145 0 968 1 0 0 0 0 26048 100 0 0
SEP
CPU laptop 1745516427 2025/04/24 20:40:27 1 100 12 74 116 0 1007 1 0 0 0 0 43743 100 0 0
SEP
CPU laptop 1745516428 2025/04/24 20:40:28 1 100 12 149 225 1 792 16 0 1 0 0 30307 100 0 0
SEP
CPU laptop 1745516429 2025/04/24 20:40:29 1 100 12 96 101 0 998 1 0 0 0 0 26943 100 0 0
SEP
CPU laptop 1745516430 2025/04/24 20:40:30 1 100 12 72 118 0 1008 0 0 0 0 0 30950 100 0 0
SEP
CPU laptop 1745516431 2025/04/24 20:40:31 1 100 12 79 119 0 1000 1 0 0 0 0 47892 100 0 0
SEP
CPU laptop 1745516432 2025/04/24 20:40:32 1 100 12 79 117 0 1002 1 0 0 0 0 27101 100 0 0
SEP
CPU laptop 1745516433 2025/04/24 20:40:33 1 100 12 73 114 0 1008 2 0 0 0 0 25274 100 0 0
SEP
CPU laptop 1745516434 2025/04/24 20:40:34 1 100 12 144 109 0 915 16 0 1 0 0 26236 100 0 0
SEP
CPU laptop 1745516435 2025/04/24 20:40:35 1 100 12 100 237 0 857 0 0 0 0 0 25636 100 0 0
SEP
CPU laptop 1745516436 2025/04/24 20:40:36 1 100 12 75 117 0 1005 1 0 0 0 0 26004 100 0 0
SEP
CPU laptop 1745516437 2025/04/24 20:40:37 1 100 12 81 124 0 994 1 0 0 0 0 47811 100 0 0
SEP
CPU laptop 1745516438 2025/04/24 20:40:38 1 100 12 77 119 0 999 1 0 0 0 0 32280 100 0 0
SEP
CPU laptop 1745516439 2025/04/24 20:40:39 1 100 12 79 116 0 1002 1 0 1 0 0 32348 100 0 0
SEP
CPU laptop 1745516440 2025/04/24 20:40:40 1 100 12 84 110 0 989 7 0 1 0 0 30129 100 0 0
SEP
CPU laptop 1745516441 2025/04/24 20:40:41 1 100 12 145 224 1 809 9 0 1 0 0 26767 100 0 0
SEP
CPU laptop 1745516442 2025/04/24 20:40:42 1 100 12 80 112 0 1004 0 0 0 0 0 29227 100 0 0
SEP
CPU laptop 1745516443 2025/04/24 20:40:43 1 100 12 72 118 0 1009 1 0 1 0 0 25992 100 0 0
SEP
CPU laptop 1745516444 2025/04/24 20:40:44 1 100 12 78 120 0 999 1 0 0 0 0 47813 100 0 0
SEP
CPU laptop 1745516445 2025/04/24 20:40:45 1 100 12 71 118 0 1008 1 0 0 0 0 26661 100 0 0
SEP
CPU laptop 1745516446 2025/04/24 20:40:46 1 100 12 74 116 0 1008 0 0 0 0 0 27382 100 0 0
SEP
CPU laptop 1745516447 2025/04/24 20:40:47 1 100 12 141 193 0 831 18 0 1 0 0 47892 100 0 0
SEP
CPU laptop 1745516448 2025/04/24 20:40:48 1 100 12 104 117 0 975 0 0 1 0 0 25544 100 0 0
SEP
CPU laptop 1745516449 2025/04/24 20:40:49 1 100 12 93 151 0 948 2 0 0 0 0 34037 100 0 0
SEP
CPU laptop 1745516450 2025/04/24 20:40:50 1 100 12 80 124 0 994 1 0 0 0 0 43454 100 0 0
SEP
CPU laptop 1745516451 2025/04/24 20:40:51 1 100 12 74 118 0 1004 1 0 1 0 0 25574 100 0 0
SEP
CPU laptop 1745516452 2025/04/24 20:40:52 1 100 12 69 118 0 1008 3 0 0 0 0 25601 100 0 0
SEP
CPU laptop 1745516453 2025/04/24 20:40:53 1 100 12 122 114 1 937 13 0 0 0 0 30098 100 0 0
SEP
CPU laptop 1745516454 2025/04/24 20:40:54 1 100 12 122 215 0 854 3 0 0 0 0 33756 100 0 0
SEP
CPU laptop 1745516455 2025/04/24 20:40:55 1 100 12 74 118 0 1005 1 0 1 0 0 29050 100 0 0
SEP
CPU laptop 1745516456 2025/04/24 20:40:56 1 100 12 73 117 0 1006 2 0 0 0 0 26337 100 0 0
SEP
CPU laptop 1745516457 2025/04/24 20:40:57 1 100 12 81 119 0 997 1 0 0 0 0 38900 100 0 0
SEP
CPU laptop 1745516458 2025/04/24 20:40:58 1 100 12 75 117 0 1004 2 0 0 0 0 25648 100 0 0
SEP
CPU laptop 1745516459 2025/04/24 20:40:59 1 100 12 74 114 0 1009 0 0 0 0 0 27938 100 0 0
SEP
CPU laptop 1745516460 2025/04/24 20:41:00 1 100 12 147 235 1 788 15 0 0 0 0 28244 100 0 0
SEP
CPU laptop 1745516461 2025/04/24 20:41:01 1 100 12 91 102 0 1004 1 0 0 0 0 31202 100 0 0
SEP
CPU laptop 1745516462 2025/04/24 20:41:02 1 100 12 72 118 0 1006 1 0 1 0 0 28541 100 0 0
SEP
CPU laptop 1745516463 2025/04/24 20:41:03 1 100 12 78 121 0 997 1 0 0 0 0 43398 100 0 0
SEP
CPU laptop 1745516464 2025/04/24 20:41:04 1 100 12 79 123 0 993 1 0 0 0 0 25936 100 0 0
SEP
CPU laptop 1745516465 2025/04/24 20:41:05 1 100 12 72 115 0 1007 4 0 0 0 0 26295 100 0 0
SEP
CPU laptop 1745516466 2025/04/24 20:41:06 1 100 12 140 112 1 910 16 0 0 0 0 26007 100 0 0
SEP
CPU laptop 1745516467 2025/04/24 20:41:07 1 100 12 104 234 0 858 1 0 1 0 0 28202 100 0 0
SEP
CPU laptop 1745516468 2025/04/24 20:41:08 1 100 12 76 116 0 1005 1 0 0 0 0 26620 100 0 0
SEP
CPU laptop 1745516469 2025/04/24 20:41:09 1 100 12 78 121 0 998 1 0 0 0 0 47723 100 0 0
SEP
CPU laptop 1745516470 2025/04/24 20:41:10 1 100 12 73 117 0 1007 0 0 0 0 0 29416 100 0 0
SEP
CPU laptop 1745516471 2025/04/24 20:41:11 1 100 12 70 118 0 1008 2 0 0 0 0 25799 100 0 0
SEP
CPU laptop 1745516472 2025/04/24 20:41:12 1 100 12 95 113 1 975 9 0 1 0 0 43608 100 0 0
SEP
CPU laptop 1745516473 2025/04/24 20:41:13 1 100 12 134 225 0 820 9 0 1 0 0 28556 100 0 0
SEP
CPU laptop 1745516474 2025/04/24 20:41:14 1 100 12 80 112 0 1005 1 0 0 0 0 24935 100 0 0
SEP
CPU laptop 1745516475 2025/04/24 20:41:15 1 100 12 73 117 0 1008 1 0 0 0 0 28587 100 0 0
SEP
CPU laptop 1745516476 2025/04/24 20:41:16 1 100 12 81 120 0 997 1 0 0 0 0 43382 100 0 0
SEP
CPU laptop 1745516477 2025/04/24 20:41:17 1 100 12 72 117 0 1009 0 0 0 0 0 26705 100 0 0
SEP
CPU laptop 1745516478 2025/04/24 20:41:18 1 100 12 73 114 0 1009 2 0 0 0 0 27465 100 0 0
SEP
CPU laptop 1745516479 2025/04/24 20:41:19 1 100 12 147 238 1 782 15 0 1 0 0 30004 100 0 0
SEP
CPU laptop 1745516480 2025/04/24 20:41:20 1 100 12 95 99 0 1002 1 0 0 0 0 27865 100 0 0
SEP
CPU laptop 1745516481 2025/04/24 20:41:21 1 100 12 73 118 0 1006 1 0 0 0 0 34052 100 0 0
SEP
CPU laptop 1745516482 2025/04/24 20:41:22 1 100 12 80 120 0 996 0 0 0 0 0 47896 100 0 0
SEP
CPU laptop 1745516483 2025/04/24 20:41:23 1 100 12 75 114 0 1008 1 0 1 0 0 28674 100 0 0
SEP
CPU laptop 1745516484 2025/04/24 20:41:24 1 100 12 70 117 0 1010 1 0 0 0 0 25247 100 0 0
SEP
CPU laptop 1745516485 2025/04/24 20:41:25 1 100 12 128 112 0 927 16 0 0 0 0 37012 100 0 0
SEP
CPU laptop 1745516486 2025/04/24 20:41:26 1 100 12 105 228 0 861 0 0 0 0 0 28658 100 0 0
SEP
CPU laptop 1745516487 2025/04/24 20:41:27 1 100 12 76 117 0 1006 1 0 0 0 0 25822 100 0 0
SEP
CPU laptop 1745516488 2025/04/24 20:41:28 1 100 12 79 119 0 998 1 0 0 0 0 47893 100 0 0
SEP
CPU laptop 1745516489 2025/04/24 20:41:29 1 100 12 72 118 0 1006 2 0 0 0 0 27384 100 0 0
SEP
CPU laptop 1745516490 2025/04/24 20:41:30 1 100 12 71 118 0 1009 1 0 0 0 0 24906 100 0 0
SEP
CPU laptop 1745516491 2025/04/24 20:41:31 1 100 12 88 110 1 991 5 0 1 0 0 30157 100 0 0
SEP
CPU laptop 1745516492 2025/04/24 20:41:32 1 100 12 144 221 0 810 13 0 1 0 0 29030 100 0 0
SEP
CPU laptop 1745516493 2025/04/24 20:41:33 1 100 12 84 108 0 1005 1 0 0 0 0 28238 100 0 0
SEP
CPU laptop 1745516494 2025/04/24 20:41:34 1 100 12 73 119 0 1006 1 0 0 0 0 25700 100 0 0
SEP
CPU laptop 1745516495 2025/04/24 20:41:35 1 100 12 80 120 0 997 0 0 0 0 0 47819 100 0 0
SEP
CPU laptop 1745516496 2025/04/24 20:41:36 1 100 12 71 117 0 1010 1 0 1 0 0 28866 100 0 0
SEP
CPU laptop 1745516497 2025/04/24 20:41:37 1 100 12 74 122 0 1000 3 0 0 0 0 27354 100 0 0
SEP
CPU laptop 1745516498 2025/04/24 20:41:38 1 100 12 149 180 1 837 15 0 0 0 0 47816 100 0 0
SEP
CPU laptop 1745516499 2025/04/24 20:41:39 1 100 12 94 139 0 965 0 0 0 0 0 25946 100 0 0
SEP
CPU laptop 1745516500 2025/04/24 20:41:40 1 100 12 72 118 0 1006 1 0 0 0 0 25477 100 0 0
SEP
CPU laptop 1745516501 2025/04/24 20:41:41 1 100 12 81 120 0 997 0 0 1 0 0 43458 100 0 0
SEP
CPU laptop 1745516502 2025/04/24 20:41:42 1 100 12 72 115 0 1008 1 0 0 0 0 26009 100 0 0
SEP
CPU laptop 1745516503 2025/04/24 20:41:43 1 100 12 76 114 0 1007 3 0 0 0 0 25921 100 0 0
SEP
CPU laptop 1745516504 2025/04/24 20:41:44 1 100 12 123 119 1 932 13 0 1 0 0 35975 100 0 0
SEP
CPU laptop 1745516505 2025/04/24 20:41:45 1 100 12 115 216 0 857 4 0 0 0 0 30612 100 0 0
SEP
CPU laptop 1745516506 2025/04/24 20:41:46 1 100 12 76 119 0 1003 0 0 1 0 0 27506 100 0 0
SEP
CPU laptop 1745516507 2025/04/24 20:41:47 1 100 12 71 117 0 1009 1 0 0 0 0 27173 100 0 0
SEP
CPU laptop 1745516508 2025/04/24 20:41:48 1 100 12 82 149 0 967 1 0 0 0 0 43370 100 0 0
SEP
CPU laptop 1745516509 2025/04/24 20:41:49 1 100 12 83 137 0 975 0 0 0 0 0 27348 100 0 0
SEP
CPU laptop 1745516510 2025/04/24 20:41:50 1 100 12 72 116 0 1008 2 0 0 0 0 25244 100 0 0
SEP
CPU laptop 1745516511 2025/04/24 20:41:51 1 100 12 147 231 1 785 18 0 1 0 0 25976 100 0 0
SEP
CPU laptop 1745516512 2025/04/24 20:41:52 1 100 12 94 102 0 1000 0 0 1 0 0 25976 100 0 0
SEP
CPU laptop 1745516513 2025/04/24 20:41:53 1 100 12 71 120 0 1006 1 0 0 0 0 26350 100 0 0
SEP
CPU laptop 1745516514 2025/04/24 20:41:54 1 100 12 79 122 0 996 1 0 0 0 0 47903 100 0 0
SEP
CPU laptop 1745516515 2025/04/24 20:41:55 1 100 12 74 116 0 1006 1 0 0 0 0 25576 100 0 0
SEP
CPU laptop 1745516516 2025/04/24 20:41:56 1 100 12 71 117 0 1008 2 0 0 0 0 25793 100 0 0
SEP
CPU laptop 1745516517 2025/04/24 20:41:57 1 100 12 137 110 0 918 16 0 1 0 0 28537 100 0 0
SEP
CPU laptop 1745516518 2025/04/24 20:41:58 1 100 12 101 233 0 863 0 0 0 0 0 26321 100 0 0
SEP
CPU laptop 1745516519 2025/04/24 20:41:59 1 100 12 72 118 0 1006 1 0 0 0 0 26009 100 0 0
SEP
CPU laptop 1745516520 2025/04/24 20:42:00 1 100 12 80 119 0 997 1 0 0 0 0 47890 100 0 0
SEP
CPU laptop 1745516521 2025/04/24 20:42:01 1 100 12 72 118 0 1008 0 0 0 0 0 25834 100 0 0
SEP
CPU laptop 1745516522 2025/04/24 20:42:02 1 100 12 73 114 0 1006 5 0 0 0 0 26435 100 0 0
SEP
CPU laptop 1745516523 2025/04/24 20:42:03 1 100 12 93 111 1 978 8 0 1 0 0 44791 100 0 0
SEP
CPU laptop 1745516524 2025/04/24 20:42:04 1 100 12 135 224 0 823 8 0 0 0 0 25635 100 0 0
SEP
CPU laptop 1745516525 2025/04/24 20:42:05 1 100 12 78 114 0 1005 0 0 1 0 0 27410 100 0 0
SEP
CPU laptop 1745516526 2025/04/24 20:42:06 1 100 12 74 119 0 1004 1 0 1 0 0 26069 100 0 0
SEP
CPU laptop 1745516527 2025/04/24 20:42:07 1 100 12 84 127 0 984 2 0 0 0 0 43460 100 0 0
SEP
CPU laptop 1745516528 2025/04/24 20:42:08 1 100 12 74 116 0 1008 1 0 0 0 0 26335 100 0 0
SEP
CPU laptop 1745516529 2025/04/24 20:42:09 1 100 12 72 116 0 1008 1 0 0 0 0 28938 100 0 0
SEP
CPU laptop 1745516530 2025/04/24 20:42:10 1 100 12 90 46 0 1051 6 0 1 0 0 23417 100 0 0
SEP
CPU laptop 1745516531 2025/04/24 20:42:11 1 100 12 72 17 0 1107 0 0 0 0 0 24226 100 0 0
SEP
CPU laptop 1745516532 2025/04/24 20:42:12 1 100 12 70 17 0 1110 1 0 0 0 0 23203 100 0 0
SEP
CPU laptop 1745516533 2025/04/24 20:42:13 1 100 12 71 16 0 1110 1 0 0 0 0 24487 100 0 0
SEP
CPU laptop 1745516534 2025/04/24 20:42:14 1 100 12 71 16 0 1110 0 0 0 0 0 22584 100 0 0
SEP
CPU laptop 1745516535 2025/04/24 20:42:15 1 100 12 71 16 0 1109 3 0 0 0 0 25321 100 0 0
SEP
CPU laptop 1745516536 2025/04/24 20:42:16 1 100 12 73 16 0 1107 0 0 1 0 0 22358 100 0 0
SEP
CPU laptop 1745516537 2025/04/24 20:42:17 1 100 12 71 17 0 1111 1 0 0 0 0 27074 100 0 0
SEP
CPU laptop 1745516538 2025/04/24 20:42:18 1 100 12 70 17 0 1111 1 0 0 0 0 23718 100 0 0
SEP
CPU laptop 1745516539 2025/04/24 20:42:19 1 100 12 75 15 0 1105 1 0 0 0 0 23056 100 0 0
SEP
