6404 
6465 
6401 
6385 
6372 
6407 
6379 
6351 
6389 
6369 
6477 
6390 
6372 
6354 
6379 
6413 
6363 
6367 
6387 
6355 
6383 
6413 
6334 
6353 
6372 
6334 
6378 
6447 
6347 
6405 
6420 
6385 
6348 
6377 
6433 
6371 
6434 
6422 
6375 
6391 
6322 
6375 
6399 
6388 
6370 
6431 
6422 
6349 
6344 
6388 
6362 
6371 
6425 
6350 
6386 
6348 
6374 
6352 
6387 
6393 
6367 
6373 
6371 
6366 
6306 
6303 
6336 
6342 
6357 
6407 
6410 
6425 
6398 
6369 
6360 
6360 
6391 
6410 
6389 
6348 
6361 
6452 
6361 
6401 
6430 
6389 
6435 
6410 
6375 
6360 
6362 
6361 
6357 
6372 
6402 
6397 
6371 
6375 
6348 
6331 
