RESET
CPU yadrolab-wp11 1745513465 2025/04/24 19:51:05 2100088 100 24 14811944 20787859 1154698 4999191849 154954 0 15844 0 0 78495 100 0 0
SEP
CPU yadrolab-wp11 1745513466 2025/04/24 19:51:06 1 100 24 12 9 2 2373 0 0 0 0 0 76130 100 0 0
SEP
CPU yadrolab-wp11 1745513467 2025/04/24 19:51:07 1 100 24 10 12 3 2373 0 0 0 0 0 75390 100 0 0
SEP
CPU yadrolab-wp11 1745513468 2025/04/24 19:51:08 1 100 24 17 4 1 2373 0 0 0 0 0 74400 100 0 0
SEP
CPU yadrolab-wp11 1745513469 2025/04/24 19:51:09 1 100 24 13 8 2 2373 0 0 0 0 0 73732 100 0 0
SEP
CPU yadrolab-wp11 1745513470 2025/04/24 19:51:10 1 100 24 12 10 1 2370 0 0 0 0 0 75695 100 0 0
SEP
CPU yadrolab-wp11 1745513471 2025/04/24 19:51:11 1 100 24 11 7 2 2375 0 0 0 0 0 76243 100 0 0
SEP
CPU yadrolab-wp11 1745513472 2025/04/24 19:51:12 1 100 24 15 6 3 2373 0 0 0 0 0 77522 100 0 0
SEP
CPU yadrolab-wp11 1745513473 2025/04/24 19:51:13 1 100 24 15 7 1 2372 0 0 0 0 0 76096 100 0 0
SEP
CPU yadrolab-wp11 1745513474 2025/04/24 19:51:14 1 100 24 14 6 2 2376 0 0 0 0 0 77290 100 0 0
SEP
CPU yadrolab-wp11 1745513475 2025/04/24 19:51:15 1 100 24 13 7 0 2373 0 0 0 0 0 72012 100 0 0
SEP
CPU yadrolab-wp11 1745513476 2025/04/24 19:51:16 1 100 24 37 274 1 2075 1 0 0 0 0 76992 100 0 0
SEP
CPU yadrolab-wp11 1745513477 2025/04/24 19:51:17 1 100 24 18 48 1 2326 0 0 0 0 0 75277 100 0 0
SEP
CPU yadrolab-wp11 1745513478 2025/04/24 19:51:18 1 100 24 20 45 0 2327 0 0 0 0 0 73713 100 0 0
SEP
CPU yadrolab-wp11 1745513479 2025/04/24 19:51:19 1 100 24 25 58 2 2302 0 0 0 0 0 75754 100 0 0
SEP
CPU yadrolab-wp11 1745513480 2025/04/24 19:51:20 1 100 24 22 52 2 2325 0 0 0 0 0 76793 100 0 0
SEP
CPU yadrolab-wp11 1745513481 2025/04/24 19:51:21 1 100 24 50 298 1 2030 2 0 0 0 0 78349 100 0 0
SEP
CPU yadrolab-wp11 1745513482 2025/04/24 19:51:22 1 100 24 17 51 0 2323 0 0 0 0 0 78351 100 0 0
SEP
CPU yadrolab-wp11 1745513483 2025/04/24 19:51:23 1 100 24 21 47 2 2326 0 0 0 0 0 77610 100 0 0
SEP
CPU yadrolab-wp11 1745513484 2025/04/24 19:51:24 1 100 24 22 52 1 2317 0 0 0 0 0 78572 100 0 0
SEP
CPU yadrolab-wp11 1745513485 2025/04/24 19:51:25 1 100 24 15 56 0 2329 0 0 0 0 0 76368 100 0 0
SEP
CPU yadrolab-wp11 1745513486 2025/04/24 19:51:26 1 100 24 70 295 3 2018 2 0 0 0 0 80448 100 0 0
SEP
CPU yadrolab-wp11 1745513487 2025/04/24 19:51:27 1 100 24 23 50 0 2322 0 0 0 0 0 77955 100 0 0
SEP
CPU yadrolab-wp11 1745513488 2025/04/24 19:51:28 1 100 24 17 49 0 2330 0 0 0 0 0 76918 100 0 0
SEP
CPU yadrolab-wp11 1745513489 2025/04/24 19:51:29 1 100 24 30 56 1 2302 0 0 0 0 0 77926 100 0 0
SEP
CPU yadrolab-wp11 1745513490 2025/04/24 19:51:30 1 100 24 19 44 3 2328 0 0 0 0 0 76435 100 0 0
SEP
CPU yadrolab-wp11 1745513491 2025/04/24 19:51:31 1 100 24 58 305 10 2020 1 0 0 0 0 79324 100 0 0
SEP
CPU yadrolab-wp11 1745513492 2025/04/24 19:51:32 1 100 24 21 57 1 2317 0 0 0 0 0 75870 100 0 0
SEP
CPU yadrolab-wp11 1745513493 2025/04/24 19:51:33 1 100 24 21 54 1 2319 0 0 0 0 0 73185 100 0 0
SEP
CPU yadrolab-wp11 1745513494 2025/04/24 19:51:34 1 100 24 25 60 1 2302 0 0 0 0 0 76506 100 0 0
SEP
CPU yadrolab-wp11 1745513495 2025/04/24 19:51:35 1 100 24 19 47 2 2328 0 0 0 0 0 76303 100 0 0
SEP
CPU yadrolab-wp11 1745513496 2025/04/24 19:51:36 1 100 24 43 171 2 2157 4 0 0 0 0 107907 100 0 0
SEP
CPU yadrolab-wp11 1745513497 2025/04/24 19:51:37 1 100 24 27 160 7 2203 0 0 0 0 0 79842 100 0 0
SEP
CPU yadrolab-wp11 1745513498 2025/04/24 19:51:38 1 100 24 21 45 6 2322 0 0 0 0 0 74614 100 0 0
SEP
CPU yadrolab-wp11 1745513499 2025/04/24 19:51:39 1 100 24 33 56 0 2303 0 0 0 0 0 75412 100 0 0
SEP
CPU yadrolab-wp11 1745513500 2025/04/24 19:51:40 1 100 24 17 44 4 2328 0 0 0 0 0 76530 100 0 0
SEP
CPU yadrolab-wp11 1745513501 2025/04/24 19:51:41 1 100 24 35 60 42 2253 2 0 0 0 0 83548 100 0 0
SEP
CPU yadrolab-wp11 1745513502 2025/04/24 19:51:42 1 100 24 30 254 56 2058 0 0 0 0 0 78265 100 0 0
SEP
CPU yadrolab-wp11 1745513503 2025/04/24 19:51:43 1 100 24 17 47 4 2324 0 0 0 0 0 74885 100 0 0
SEP
CPU yadrolab-wp11 1745513504 2025/04/24 19:51:44 1 100 24 25 50 30 2289 0 0 0 0 0 78247 100 0 0
SEP
CPU yadrolab-wp11 1745513505 2025/04/24 19:51:45 1 100 24 37 54 16 2286 0 0 0 0 0 75474 100 0 0
SEP
CPU yadrolab-wp11 1745513506 2025/04/24 19:51:46 1 100 24 54 102 4 2236 1 0 0 0 0 75976 100 0 0
SEP
CPU yadrolab-wp11 1745513507 2025/04/24 19:51:47 1 100 24 29 259 1 2110 0 0 0 0 0 73129 100 0 0
SEP
CPU yadrolab-wp11 1745513508 2025/04/24 19:51:48 1 100 24 16 51 4 2325 0 0 0 0 0 74653 100 0 0
SEP
CPU yadrolab-wp11 1745513509 2025/04/24 19:51:49 1 100 24 21 49 1 2322 0 0 0 0 0 77762 100 0 0
SEP
CPU yadrolab-wp11 1745513510 2025/04/24 19:51:50 1 100 24 25 50 0 2308 0 0 0 0 0 76599 100 0 0
SEP
CPU yadrolab-wp11 1745513511 2025/04/24 19:51:51 1 100 24 16 47 1 2326 0 0 0 0 0 75565 100 0 0
SEP
CPU yadrolab-wp11 1745513512 2025/04/24 19:51:52 1 100 24 59 311 4 2002 2 0 0 0 0 76811 100 0 0
SEP
CPU yadrolab-wp11 1745513513 2025/04/24 19:51:53 1 100 24 19 51 0 2326 0 0 0 0 0 74349 100 0 0
SEP
CPU yadrolab-wp11 1745513514 2025/04/24 19:51:54 1 100 24 18 47 2 2328 0 0 0 0 0 75666 100 0 0
SEP
CPU yadrolab-wp11 1745513515 2025/04/24 19:51:55 1 100 24 26 58 1 2305 0 0 0 0 0 75588 100 0 0
SEP
CPU yadrolab-wp11 1745513516 2025/04/24 19:51:56 1 100 24 16 50 0 2330 0 0 0 0 0 75592 100 0 0
SEP
CPU yadrolab-wp11 1745513517 2025/04/24 19:51:57 1 100 24 62 303 3 2026 2 0 0 0 0 80418 100 0 0
SEP
CPU yadrolab-wp11 1745513518 2025/04/24 19:51:58 1 100 24 22 50 1 2323 0 0 0 0 0 71582 100 0 0
SEP
CPU yadrolab-wp11 1745513519 2025/04/24 19:51:59 1 100 24 18 47 2 2325 0 0 0 0 0 76148 100 0 0
SEP
CPU yadrolab-wp11 1745513520 2025/04/24 19:52:00 1 100 24 26 55 8 2303 0 0 0 0 0 76474 100 0 0
SEP
CPU yadrolab-wp11 1745513521 2025/04/24 19:52:01 1 100 24 22 53 8 2315 0 0 0 0 0 75953 100 0 0
SEP
CPU yadrolab-wp11 1745513522 2025/04/24 19:52:02 1 100 24 44 174 5 2161 2 0 0 0 0 107739 100 0 0
SEP
CPU yadrolab-wp11 1745513523 2025/04/24 19:52:03 1 100 24 23 161 21 2194 0 0 0 0 0 75806 100 0 0
SEP
CPU yadrolab-wp11 1745513524 2025/04/24 19:52:04 1 100 24 23 52 5 2318 0 0 0 0 0 72795 100 0 0
SEP
CPU yadrolab-wp11 1745513525 2025/04/24 19:52:05 1 100 24 27 59 0 2304 0 0 0 0 0 72232 100 0 0
SEP
CPU yadrolab-wp11 1745513526 2025/04/24 19:52:06 1 100 24 20 49 5 2323 0 0 0 0 0 75336 100 0 0
SEP
CPU yadrolab-wp11 1745513527 2025/04/24 19:52:07 1 100 24 29 58 2 2309 0 0 0 0 0 63334 100 0 0
SEP
CPU yadrolab-wp11 1745513528 2025/04/24 19:52:08 1 100 24 44 278 12 2064 2 0 0 0 0 77674 100 0 0
SEP
CPU yadrolab-wp11 1745513529 2025/04/24 19:52:09 1 100 24 20 46 2 2324 0 0 0 0 0 77769 100 0 0
SEP
CPU yadrolab-wp11 1745513530 2025/04/24 19:52:10 1 100 24 19 50 4 2322 0 0 0 0 0 77019 100 0 0
SEP
CPU yadrolab-wp11 1745513531 2025/04/24 19:52:11 1 100 24 24 66 1 2301 0 0 0 0 0 75699 100 0 0
SEP
CPU yadrolab-wp11 1745513532 2025/04/24 19:52:12 1 100 24 15 48 1 2327 0 0 0 0 0 76195 100 0 0
SEP
CPU yadrolab-wp11 1745513533 2025/04/24 19:52:13 1 100 24 62 299 5 2010 2 0 0 0 0 80270 100 0 0
SEP
CPU yadrolab-wp11 1745513534 2025/04/24 19:52:14 1 100 24 18 49 1 2326 0 0 0 0 0 76045 100 0 0
SEP
CPU yadrolab-wp11 1745513535 2025/04/24 19:52:15 1 100 24 18 47 1 2327 0 0 0 0 0 72310 100 0 0
SEP
CPU yadrolab-wp11 1745513536 2025/04/24 19:52:16 1 100 24 30 57 1 2302 0 0 0 0 0 74820 100 0 0
SEP
CPU yadrolab-wp11 1745513537 2025/04/24 19:52:17 1 100 24 16 54 1 2323 0 0 0 0 0 74914 100 0 0
SEP
CPU yadrolab-wp11 1745513538 2025/04/24 19:52:18 1 100 24 66 302 3 2010 3 0 0 0 0 78693 100 0 0
SEP
CPU yadrolab-wp11 1745513539 2025/04/24 19:52:19 1 100 24 23 63 0 2308 0 0 0 0 0 75905 100 0 0
SEP
CPU yadrolab-wp11 1745513540 2025/04/24 19:52:20 1 100 24 16 43 2 2332 0 0 0 0 0 72787 100 0 0
SEP
CPU yadrolab-wp11 1745513541 2025/04/24 19:52:21 1 100 24 26 53 0 2311 0 0 0 0 0 77052 100 0 0
SEP
CPU yadrolab-wp11 1745513542 2025/04/24 19:52:22 1 100 24 20 44 2 2330 0 0 0 0 0 73617 100 0 0
SEP
CPU yadrolab-wp11 1745513543 2025/04/24 19:52:23 1 100 24 59 289 2 2042 2 0 0 0 0 80672 100 0 0
SEP
CPU yadrolab-wp11 1745513544 2025/04/24 19:52:24 1 100 24 20 58 2 2316 0 0 0 0 0 76964 100 0 0
SEP
CPU yadrolab-wp11 1745513545 2025/04/24 19:52:25 1 100 24 20 49 1 2329 0 0 0 0 0 76306 100 0 0
SEP
CPU yadrolab-wp11 1745513546 2025/04/24 19:52:26 1 100 24 28 60 1 2299 0 0 0 0 0 76236 100 0 0
SEP
CPU yadrolab-wp11 1745513547 2025/04/24 19:52:27 1 100 24 17 44 0 2329 0 0 0 0 0 74658 100 0 0
SEP
CPU yadrolab-wp11 1745513548 2025/04/24 19:52:28 1 100 24 69 100 1 2213 2 0 0 0 0 74338 100 0 0
SEP
CPU yadrolab-wp11 1745513549 2025/04/24 19:52:29 1 100 24 28 251 1 2113 0 0 0 0 0 75541 100 0 0
SEP
CPU yadrolab-wp11 1745513550 2025/04/24 19:52:30 1 100 24 19 50 2 2328 0 0 0 0 0 75722 100 0 0
SEP
CPU yadrolab-wp11 1745513551 2025/04/24 19:52:31 1 100 24 27 47 11 2311 0 0 0 0 0 76078 100 0 0
SEP
CPU yadrolab-wp11 1745513552 2025/04/24 19:52:32 1 100 24 20 55 2 2311 0 0 0 0 0 77158 100 0 0
SEP
CPU yadrolab-wp11 1745513553 2025/04/24 19:52:33 1 100 24 28 51 5 2307 0 0 0 0 0 75826 100 0 0
SEP
CPU yadrolab-wp11 1745513554 2025/04/24 19:52:34 1 100 24 60 281 2 2053 2 0 0 0 0 76595 100 0 0
SEP
CPU yadrolab-wp11 1745513555 2025/04/24 19:52:35 1 100 24 20 51 2 2320 0 0 0 0 0 75297 100 0 0
SEP
CPU yadrolab-wp11 1745513556 2025/04/24 19:52:36 1 100 24 16 52 1 2325 0 0 0 0 0 74978 100 0 0
SEP
CPU yadrolab-wp11 1745513557 2025/04/24 19:52:37 1 100 24 30 51 2 2305 0 0 0 0 0 76087 100 0 0
SEP
CPU yadrolab-wp11 1745513558 2025/04/24 19:52:38 1 100 24 18 50 1 2329 0 0 0 0 0 75903 100 0 0
SEP
CPU yadrolab-wp11 1745513559 2025/04/24 19:52:39 1 100 24 73 306 1 2001 2 0 0 0 0 78708 100 0 0
SEP
CPU yadrolab-wp11 1745513560 2025/04/24 19:52:40 1 100 24 16 50 1 2326 0 0 0 0 0 75172 100 0 0
SEP
CPU yadrolab-wp11 1745513561 2025/04/24 19:52:41 1 100 24 19 48 0 2329 0 0 0 0 0 75350 100 0 0
SEP
CPU yadrolab-wp11 1745513562 2025/04/24 19:52:42 1 100 24 29 56 0 2303 0 0 0 0 0 75897 100 0 0
SEP
CPU yadrolab-wp11 1745513563 2025/04/24 19:52:43 1 100 24 21 47 1 2325 0 0 0 0 0 76269 100 0 0
SEP
CPU yadrolab-wp11 1745513564 2025/04/24 19:52:44 1 100 24 46 290 3 2047 2 0 0 0 0 80464 100 0 0
SEP
CPU yadrolab-wp11 1745513565 2025/04/24 19:52:45 1 100 24 21 51 2 2323 0 0 0 0 0 74998 100 0 0
SEP
CPU yadrolab-wp11 1745513566 2025/04/24 19:52:46 1 100 24 21 48 2 2324 0 0 0 0 0 76617 100 0 0
SEP
CPU yadrolab-wp11 1745513567 2025/04/24 19:52:47 1 100 24 23 50 2 2308 0 0 0 0 0 71904 100 0 0
SEP
CPU yadrolab-wp11 1745513568 2025/04/24 19:52:48 1 100 24 19 49 1 2326 0 0 0 0 0 75986 100 0 0
SEP
CPU yadrolab-wp11 1745513569 2025/04/24 19:52:49 1 100 24 48 280 3 2042 1 0 0 0 0 80538 100 0 0
SEP
CPU yadrolab-wp11 1745513570 2025/04/24 19:52:50 1 100 24 21 57 1 2317 0 0 0 0 0 76012 100 0 0
SEP
CPU yadrolab-wp11 1745513571 2025/04/24 19:52:51 1 100 24 20 51 1 2323 0 0 0 0 0 75968 100 0 0
SEP
CPU yadrolab-wp11 1745513572 2025/04/24 19:52:52 1 100 24 31 59 2 2301 0 0 1 0 0 76200 100 0 0
SEP
CPU yadrolab-wp11 1745513573 2025/04/24 19:52:53 1 100 24 19 48 1 2327 0 0 0 0 0 74400 100 0 0
SEP
CPU yadrolab-wp11 1745513574 2025/04/24 19:52:54 1 100 24 49 101 0 2248 2 0 0 0 0 75093 100 0 0
SEP
CPU yadrolab-wp11 1745513575 2025/04/24 19:52:55 1 100 24 26 259 1 2109 0 0 0 0 0 76686 100 0 0
SEP
CPU yadrolab-wp11 1745513576 2025/04/24 19:52:56 1 100 24 18 50 1 2327 0 0 0 0 0 75820 100 0 0
SEP
CPU yadrolab-wp11 1745513577 2025/04/24 19:52:57 1 100 24 18 48 1 2327 0 0 0 0 0 76164 100 0 0
SEP
CPU yadrolab-wp11 1745513578 2025/04/24 19:52:58 1 100 24 31 54 6 2299 0 0 0 0 0 73882 100 0 0
SEP
CPU yadrolab-wp11 1745513579 2025/04/24 19:52:59 1 100 24 27 51 1 2309 1 0 0 0 0 70653 100 0 0
SEP
CPU yadrolab-wp11 1745513580 2025/04/24 19:53:00 1 100 24 47 278 4 2060 2 0 0 0 0 77499 100 0 0
SEP
CPU yadrolab-wp11 1745513581 2025/04/24 19:53:01 1 100 24 20 50 4 2321 0 0 0 0 0 74523 100 0 0
SEP
CPU yadrolab-wp11 1745513582 2025/04/24 19:53:02 1 100 24 18 48 2 2325 0 0 1 0 0 76041 100 0 0
SEP
CPU yadrolab-wp11 1745513583 2025/04/24 19:53:03 1 100 24 37 53 3 2295 0 0 0 0 0 75020 100 0 0
SEP
CPU yadrolab-wp11 1745513584 2025/04/24 19:53:04 1 100 24 22 46 2 2326 0 0 0 0 0 75298 100 0 0
SEP
CPU yadrolab-wp11 1745513585 2025/04/24 19:53:05 1 100 24 95 320 2 1994 2 0 0 0 0 76132 100 0 0
SEP
CPU yadrolab-wp11 1745513586 2025/04/24 19:53:06 1 100 24 17 44 2 2332 0 0 0 0 0 74600 100 0 0
SEP
CPU yadrolab-wp11 1745513587 2025/04/24 19:53:07 1 100 24 19 52 2 2325 0 0 0 0 0 75135 100 0 0
SEP
CPU yadrolab-wp11 1745513588 2025/04/24 19:53:08 1 100 24 19 50 3 2316 0 0 0 0 0 76660 100 0 0
SEP
CPU yadrolab-wp11 1745513589 2025/04/24 19:53:09 1 100 24 19 46 1 2329 0 0 0 0 0 76636 100 0 0
SEP
CPU yadrolab-wp11 1745513590 2025/04/24 19:53:10 1 100 24 65 301 1 2007 1 0 0 0 0 78385 100 0 0
SEP
CPU yadrolab-wp11 1745513591 2025/04/24 19:53:11 1 100 24 23 42 1 2327 0 0 0 0 0 76923 100 0 0
SEP
CPU yadrolab-wp11 1745513592 2025/04/24 19:53:12 1 100 24 19 48 0 2327 0 0 0 0 0 76391 100 0 0
SEP
CPU yadrolab-wp11 1745513593 2025/04/24 19:53:13 1 100 24 33 54 0 2299 0 0 0 0 0 74586 100 0 0
SEP
CPU yadrolab-wp11 1745513594 2025/04/24 19:53:14 1 100 24 18 49 1 2329 0 0 0 0 0 73274 100 0 0
SEP
CPU yadrolab-wp11 1745513595 2025/04/24 19:53:15 1 100 24 68 329 3 1989 2 0 0 0 0 77996 100 0 0
SEP
CPU yadrolab-wp11 1745513596 2025/04/24 19:53:16 1 100 24 26 55 0 2315 0 0 0 0 0 76386 100 0 0
SEP
CPU yadrolab-wp11 1745513597 2025/04/24 19:53:17 1 100 24 21 51 1 2322 0 0 0 0 0 76501 100 0 0
SEP
CPU yadrolab-wp11 1745513598 2025/04/24 19:53:18 1 100 24 24 50 0 2311 0 0 0 0 0 74472 100 0 0
SEP
CPU yadrolab-wp11 1745513599 2025/04/24 19:53:19 1 100 24 22 50 1 2322 0 0 0 0 0 77420 100 0 0
SEP
CPU yadrolab-wp11 1745513600 2025/04/24 19:53:20 1 100 24 45 73 0 2257 2 0 0 0 0 76324 100 0 0
SEP
CPU yadrolab-wp11 1745513601 2025/04/24 19:53:21 1 100 24 25 270 2 2104 0 0 0 0 0 77600 100 0 0
SEP
CPU yadrolab-wp11 1745513602 2025/04/24 19:53:22 1 100 24 16 47 1 2326 0 0 0 0 0 76736 100 0 0
SEP
CPU yadrolab-wp11 1745513603 2025/04/24 19:53:23 1 100 24 20 48 0 2330 0 0 0 0 0 75947 100 0 0
SEP
CPU yadrolab-wp11 1745513604 2025/04/24 19:53:24 1 100 24 32 59 1 2300 0 0 0 0 0 78107 100 0 0
SEP
CPU yadrolab-wp11 1745513605 2025/04/24 19:53:25 1 100 24 26 56 1 2322 0 0 0 0 0 76037 100 0 0
SEP
CPU yadrolab-wp11 1745513606 2025/04/24 19:53:26 1 100 24 72 324 5 1994 2 0 0 0 0 75451 100 0 0
SEP
CPU yadrolab-wp11 1745513607 2025/04/24 19:53:27 1 100 24 14 53 0 2332 0 0 0 0 0 75738 100 0 0
SEP
CPU yadrolab-wp11 1745513608 2025/04/24 19:53:28 1 100 24 20 44 3 2325 0 0 0 0 0 74445 100 0 0
SEP
CPU yadrolab-wp11 1745513609 2025/04/24 19:53:29 1 100 24 29 60 2 2302 0 0 0 0 0 75715 100 0 0
SEP
CPU yadrolab-wp11 1745513610 2025/04/24 19:53:30 1 100 24 19 50 2 2328 0 0 0 0 0 74758 100 0 0
SEP
CPU yadrolab-wp11 1745513611 2025/04/24 19:53:31 1 100 24 66 313 7 2000 2 0 0 0 0 80708 100 0 0
SEP
CPU yadrolab-wp11 1745513612 2025/04/24 19:53:32 1 100 24 18 52 1 2322 0 0 0 0 0 79574 100 0 0
SEP
CPU yadrolab-wp11 1745513613 2025/04/24 19:53:33 1 100 24 26 48 2 2323 0 0 0 0 0 73857 100 0 0
SEP
CPU yadrolab-wp11 1745513614 2025/04/24 19:53:34 1 100 24 27 61 2 2299 0 0 0 0 0 75561 100 0 0
SEP
CPU yadrolab-wp11 1745513615 2025/04/24 19:53:35 1 100 24 18 48 2 2327 0 0 1 0 0 77559 100 0 0
SEP
CPU yadrolab-wp11 1745513616 2025/04/24 19:53:36 1 100 24 53 300 4 2022 2 0 0 0 0 81662 100 0 0
SEP
CPU yadrolab-wp11 1745513617 2025/04/24 19:53:37 1 100 24 23 53 9 2309 0 0 0 0 0 75865 100 0 0
SEP
CPU yadrolab-wp11 1745513618 2025/04/24 19:53:38 1 100 24 26 46 6 2316 0 0 0 0 0 78337 100 0 0
SEP
CPU yadrolab-wp11 1745513619 2025/04/24 19:53:39 1 100 24 29 53 1 2303 0 0 0 0 0 76124 100 0 0
SEP
CPU yadrolab-wp11 1745513620 2025/04/24 19:53:40 1 100 24 20 48 2 2327 0 0 0 0 0 74886 100 0 0
SEP
CPU yadrolab-wp11 1745513621 2025/04/24 19:53:41 1 100 24 49 226 43 2087 1 0 0 0 0 83555 100 0 0
SEP
CPU yadrolab-wp11 1745513622 2025/04/24 19:53:42 1 100 24 32 99 56 2202 0 0 0 0 0 76568 100 0 0
SEP
CPU yadrolab-wp11 1745513623 2025/04/24 19:53:43 1 100 24 18 43 1 2327 0 0 0 0 0 75796 100 0 0
SEP
CPU yadrolab-wp11 1745513624 2025/04/24 19:53:44 1 100 24 28 51 30 2280 0 0 0 0 0 79157 100 0 0
SEP
CPU yadrolab-wp11 1745513625 2025/04/24 19:53:45 1 100 24 21 49 12 2308 1 0 0 0 0 77133 100 0 0
SEP
CPU yadrolab-wp11 1745513626 2025/04/24 19:53:46 1 100 24 55 86 3 2231 3 0 0 0 0 75280 100 0 0
SEP
CPU yadrolab-wp11 1745513627 2025/04/24 19:53:47 1 100 24 31 266 2 2104 0 0 0 0 0 76174 100 0 0
SEP
CPU yadrolab-wp11 1745513628 2025/04/24 19:53:48 1 100 24 25 42 2 2327 0 0 0 0 0 77368 100 0 0
SEP
CPU yadrolab-wp11 1745513629 2025/04/24 19:53:49 1 100 24 27 61 1 2302 0 0 0 0 0 75308 100 0 0
SEP
CPU yadrolab-wp11 1745513630 2025/04/24 19:53:50 1 100 24 17 46 1 2328 0 0 0 0 0 76247 100 0 0
SEP
CPU yadrolab-wp11 1745513631 2025/04/24 19:53:51 1 100 24 29 60 1 2299 1 0 0 0 0 75995 100 0 0
SEP
CPU yadrolab-wp11 1745513632 2025/04/24 19:53:52 1 100 24 66 303 3 2017 1 0 0 0 0 76188 100 0 0
SEP
CPU yadrolab-wp11 1745513633 2025/04/24 19:53:53 1 100 24 23 49 2 2323 0 0 0 0 0 74808 100 0 0
SEP
CPU yadrolab-wp11 1745513634 2025/04/24 19:53:54 1 100 24 16 48 0 2332 0 0 0 0 0 74833 100 0 0
SEP
CPU yadrolab-wp11 1745513635 2025/04/24 19:53:55 1 100 24 24 63 2 2303 0 0 0 0 0 74647 100 0 0
SEP
CPU yadrolab-wp11 1745513636 2025/04/24 19:53:56 1 100 24 22 48 0 2325 0 0 0 0 0 74380 100 0 0
SEP
CPU yadrolab-wp11 1745513637 2025/04/24 19:53:57 1 100 24 67 301 2 2009 2 0 0 0 0 77130 100 0 0
SEP
CPU yadrolab-wp11 1745513638 2025/04/24 19:53:58 1 100 24 21 45 1 2327 0 0 0 0 0 76911 100 0 0
SEP
CPU yadrolab-wp11 1745513639 2025/04/24 19:53:59 1 100 24 19 47 0 2331 0 0 0 0 0 76386 100 0 0
SEP
CPU yadrolab-wp11 1745513640 2025/04/24 19:54:00 1 100 24 28 64 3 2298 0 0 0 0 0 75501 100 0 0
SEP
CPU yadrolab-wp11 1745513641 2025/04/24 19:54:01 1 100 24 24 48 10 2313 0 0 0 0 0 74077 100 0 0
SEP
CPU yadrolab-wp11 1745513642 2025/04/24 19:54:02 1 100 24 58 292 2 2018 2 0 1 0 0 80704 100 0 0
SEP
CPU yadrolab-wp11 1745513643 2025/04/24 19:54:03 1 100 24 20 47 2 2326 0 0 0 0 0 76363 100 0 0
SEP
CPU yadrolab-wp11 1745513644 2025/04/24 19:54:04 1 100 24 17 48 1 2327 0 0 0 0 0 76517 100 0 0
SEP
CPU yadrolab-wp11 1745513645 2025/04/24 19:54:05 1 100 24 27 61 0 2303 0 0 0 0 0 75708 100 0 0
SEP
CPU yadrolab-wp11 1745513646 2025/04/24 19:54:06 1 100 24 20 50 2 2324 0 0 0 0 0 76596 100 0 0
SEP
CPU yadrolab-wp11 1745513647 2025/04/24 19:54:07 1 100 24 67 316 3 1996 2 0 0 0 0 78140 100 0 0
SEP
CPU yadrolab-wp11 1745513648 2025/04/24 19:54:08 1 100 24 21 58 10 2310 0 0 0 0 0 73728 100 0 0
SEP
CPU yadrolab-wp11 1745513649 2025/04/24 19:54:09 1 100 24 19 49 1 2328 0 0 0 0 0 75968 100 0 0
SEP
CPU yadrolab-wp11 1745513650 2025/04/24 19:54:10 1 100 24 31 58 1 2299 0 0 0 0 0 76354 100 0 0
SEP
CPU yadrolab-wp11 1745513651 2025/04/24 19:54:11 1 100 24 16 47 1 2329 0 0 0 0 0 74352 100 0 0
SEP
CPU yadrolab-wp11 1745513652 2025/04/24 19:54:12 1 100 24 46 251 1 2090 2 0 0 0 0 80187 100 0 0
SEP
CPU yadrolab-wp11 1745513653 2025/04/24 19:54:13 1 100 24 20 99 2 2268 0 0 0 0 0 76141 100 0 0
SEP
CPU yadrolab-wp11 1745513654 2025/04/24 19:54:14 1 100 24 18 44 1 2331 0 0 0 0 0 76590 100 0 0
SEP
CPU yadrolab-wp11 1745513655 2025/04/24 19:54:15 1 100 24 28 60 1 2302 0 0 0 0 0 74629 100 0 0
SEP
CPU yadrolab-wp11 1745513656 2025/04/24 19:54:16 1 100 24 20 48 1 2326 0 0 0 0 0 76567 100 0 0
SEP
CPU yadrolab-wp11 1745513657 2025/04/24 19:54:17 1 100 24 59 100 3 2232 1 0 0 0 0 74817 100 0 0
SEP
CPU yadrolab-wp11 1745513658 2025/04/24 19:54:18 1 100 24 25 259 0 2100 1 0 0 0 0 76197 100 0 0
SEP
CPU yadrolab-wp11 1745513659 2025/04/24 19:54:19 1 100 24 16 51 2 2327 0 0 0 0 0 71929 100 0 0
SEP
CPU yadrolab-wp11 1745513660 2025/04/24 19:54:20 1 100 24 20 49 1 2328 0 0 0 0 0 74020 100 0 0
SEP
CPU yadrolab-wp11 1745513661 2025/04/24 19:54:21 1 100 24 25 60 3 2301 0 0 0 0 0 76117 100 0 0
SEP
CPU yadrolab-wp11 1745513662 2025/04/24 19:54:22 1 100 24 19 49 0 2328 0 0 0 0 0 74804 100 0 0
SEP
CPU yadrolab-wp11 1745513663 2025/04/24 19:54:23 1 100 24 69 306 3 2017 2 0 0 0 0 78774 100 0 0
SEP
CPU yadrolab-wp11 1745513664 2025/04/24 19:54:24 1 100 24 19 51 9 2314 0 0 0 0 0 80256 100 0 0
SEP
CPU yadrolab-wp11 1745513665 2025/04/24 19:54:25 1 100 24 23 50 8 2313 0 0 0 0 0 76447 100 0 0
SEP
CPU yadrolab-wp11 1745513666 2025/04/24 19:54:26 1 100 24 30 56 0 2304 0 0 0 0 0 76170 100 0 0
SEP
CPU yadrolab-wp11 1745513667 2025/04/24 19:54:27 1 100 24 17 48 4 2329 0 0 0 0 0 76339 100 0 0
SEP
CPU yadrolab-wp11 1745513668 2025/04/24 19:54:28 1 100 24 76 306 36 1974 2 0 0 0 0 82218 100 0 0
SEP
CPU yadrolab-wp11 1745513669 2025/04/24 19:54:29 1 100 24 25 49 49 2270 0 0 0 0 0 79583 100 0 0
SEP
CPU yadrolab-wp11 1745513670 2025/04/24 19:54:30 1 100 24 18 50 7 2316 0 0 1 0 0 75535 100 0 0
SEP
CPU yadrolab-wp11 1745513671 2025/04/24 19:54:31 1 100 24 35 45 24 2279 0 0 0 0 0 80101 100 0 0
SEP
CPU yadrolab-wp11 1745513672 2025/04/24 19:54:32 1 100 24 24 48 18 2309 0 0 0 0 0 74970 100 0 0
SEP
CPU yadrolab-wp11 1745513673 2025/04/24 19:54:33 1 100 24 63 254 2 2074 2 0 0 0 0 80251 100 0 0
SEP
CPU yadrolab-wp11 1745513674 2025/04/24 19:54:34 1 100 24 21 93 2 2280 0 0 0 0 0 76755 100 0 0
SEP
CPU yadrolab-wp11 1745513675 2025/04/24 19:54:35 1 100 24 23 44 1 2326 0 0 0 0 0 76086 100 0 0
SEP
CPU yadrolab-wp11 1745513676 2025/04/24 19:54:36 1 100 24 25 59 1 2306 0 0 0 0 0 72837 100 0 0
SEP
CPU yadrolab-wp11 1745513677 2025/04/24 19:54:37 1 100 24 20 51 5 2322 0 0 0 0 0 74079 100 0 0
SEP
CPU yadrolab-wp11 1745513678 2025/04/24 19:54:38 1 100 24 34 77 2 2274 2 0 0 0 0 75504 100 0 0
SEP
CPU yadrolab-wp11 1745513679 2025/04/24 19:54:39 1 100 24 41 279 2 2070 0 0 0 0 0 77505 100 0 0
SEP
CPU yadrolab-wp11 1745513680 2025/04/24 19:54:40 1 100 24 19 48 2 2331 0 0 0 0 0 75736 100 0 0
SEP
CPU yadrolab-wp11 1745513681 2025/04/24 19:54:41 1 100 24 21 56 1 2319 0 0 0 0 0 77809 100 0 0
SEP
CPU yadrolab-wp11 1745513682 2025/04/24 19:54:42 1 100 24 29 60 0 2301 0 0 0 0 0 73916 100 0 0
SEP
CPU yadrolab-wp11 1745513683 2025/04/24 19:54:43 1 100 24 16 52 1 2326 0 0 0 0 0 75065 100 0 0
SEP
CPU yadrolab-wp11 1745513684 2025/04/24 19:54:44 1 100 24 56 290 1 2009 4 0 0 0 0 80654 100 0 0
SEP
CPU yadrolab-wp11 1745513685 2025/04/24 19:54:45 1 100 24 19 51 1 2327 0 0 0 0 0 75950 100 0 0
SEP
CPU yadrolab-wp11 1745513686 2025/04/24 19:54:46 1 100 24 20 47 1 2327 0 0 0 0 0 74633 100 0 0
SEP
CPU yadrolab-wp11 1745513687 2025/04/24 19:54:47 1 100 24 25 63 2 2302 0 0 0 0 0 75895 100 0 0
SEP
CPU yadrolab-wp11 1745513688 2025/04/24 19:54:48 1 100 24 22 53 2 2321 0 0 0 0 0 76013 100 0 0
SEP
CPU yadrolab-wp11 1745513689 2025/04/24 19:54:49 1 100 24 56 247 4 2073 2 0 0 0 0 107897 100 0 0
SEP
CPU yadrolab-wp11 1745513690 2025/04/24 19:54:50 1 100 24 22 108 1 2264 0 0 0 0 0 76731 100 0 0
SEP
CPU yadrolab-wp11 1745513691 2025/04/24 19:54:51 1 100 24 19 51 1 2326 0 0 0 0 0 77546 100 0 0
SEP
CPU yadrolab-wp11 1745513692 2025/04/24 19:54:52 1 100 24 25 61 0 2302 0 0 0 0 0 76161 100 0 0
SEP
CPU yadrolab-wp11 1745513693 2025/04/24 19:54:53 1 100 24 17 47 1 2330 0 0 0 0 0 76054 100 0 0
SEP
CPU yadrolab-wp11 1745513694 2025/04/24 19:54:54 1 100 24 61 99 3 2222 1 0 0 0 0 75338 100 0 0
SEP
CPU yadrolab-wp11 1745513695 2025/04/24 19:54:55 1 100 24 24 252 11 2110 1 0 0 0 0 74474 100 0 0
SEP
CPU yadrolab-wp11 1745513696 2025/04/24 19:54:56 1 100 24 14 51 1 2330 0 0 0 0 0 75960 100 0 0
SEP
CPU yadrolab-wp11 1745513697 2025/04/24 19:54:57 1 100 24 20 46 1 2324 0 0 0 0 0 74016 100 0 0
SEP
CPU yadrolab-wp11 1745513698 2025/04/24 19:54:58 1 100 24 23 54 1 2310 0 0 0 0 0 70757 100 0 0
SEP
CPU yadrolab-wp11 1745513699 2025/04/24 19:54:59 1 100 24 26 50 1 2321 0 0 1 0 0 76319 100 0 0
SEP
CPU yadrolab-wp11 1745513700 2025/04/24 19:55:00 1 100 24 58 310 6 2006 1 0 0 0 0 74484 100 0 0
SEP
CPU yadrolab-wp11 1745513701 2025/04/24 19:55:01 1 100 24 16 44 2 2327 0 0 0 0 0 76316 100 0 0
SEP
CPU yadrolab-wp11 1745513702 2025/04/24 19:55:02 1 100 24 22 48 3 2325 0 0 0 0 0 74476 100 0 0
SEP
CPU yadrolab-wp11 1745513703 2025/04/24 19:55:03 1 100 24 24 62 1 2303 0 0 0 0 0 75771 100 0 0
SEP
CPU yadrolab-wp11 1745513704 2025/04/24 19:55:04 1 100 24 18 47 1 2326 0 0 0 0 0 75870 100 0 0
SEP
CPU yadrolab-wp11 1745513705 2025/04/24 19:55:05 1 100 24 73 313 5 1971 2 0 0 0 0 78452 100 0 0
SEP
CPU yadrolab-wp11 1745513706 2025/04/24 19:55:06 1 100 24 19 50 1 2327 0 0 0 0 0 75972 100 0 0
SEP
CPU yadrolab-wp11 1745513707 2025/04/24 19:55:07 1 100 24 20 46 2 2327 0 0 0 0 0 74407 100 0 0
SEP
CPU yadrolab-wp11 1745513708 2025/04/24 19:55:08 1 100 24 26 65 1 2300 0 0 0 0 0 75580 100 0 0
SEP
CPU yadrolab-wp11 1745513709 2025/04/24 19:55:09 1 100 24 18 48 3 2325 0 0 0 0 0 75217 100 0 0
SEP
CPU yadrolab-wp11 1745513710 2025/04/24 19:55:10 1 100 24 58 287 6 2034 2 0 0 0 0 80685 100 0 0
SEP
CPU yadrolab-wp11 1745513711 2025/04/24 19:55:11 1 100 24 16 60 1 2319 0 0 0 0 0 77496 100 0 0
SEP
CPU yadrolab-wp11 1745513712 2025/04/24 19:55:12 1 100 24 18 52 1 2327 0 0 0 0 0 73865 100 0 0
SEP
CPU yadrolab-wp11 1745513713 2025/04/24 19:55:13 1 100 24 30 58 1 2302 0 0 0 0 0 76016 100 0 0
SEP
CPU yadrolab-wp11 1745513714 2025/04/24 19:55:14 1 100 24 15 51 1 2327 0 0 0 0 0 76065 100 0 0
SEP
CPU yadrolab-wp11 1745513715 2025/04/24 19:55:15 1 100 24 69 111 3 2193 2 0 0 0 0 77370 100 0 0
SEP
CPU yadrolab-wp11 1745513716 2025/04/24 19:55:16 1 100 24 21 260 1 2112 0 0 0 0 0 76865 100 0 0
SEP
CPU yadrolab-wp11 1745513717 2025/04/24 19:55:17 1 100 24 21 44 1 2326 0 0 0 0 0 73399 100 0 0
SEP
CPU yadrolab-wp11 1745513718 2025/04/24 19:55:18 1 100 24 33 56 2 2303 0 0 0 0 0 75808 100 0 0
SEP
CPU yadrolab-wp11 1745513719 2025/04/24 19:55:19 1 100 24 21 49 2 2325 0 0 0 0 0 75637 100 0 0
SEP
CPU yadrolab-wp11 1745513720 2025/04/24 19:55:20 1 100 24 31 67 1 2283 1 0 0 0 0 62364 100 0 0
SEP
CPU yadrolab-wp11 1745513721 2025/04/24 19:55:21 1 100 24 42 275 2 2071 1 0 0 0 0 79596 100 0 0
SEP
CPU yadrolab-wp11 1745513722 2025/04/24 19:55:22 1 100 24 15 51 0 2329 0 0 0 0 0 76874 100 0 0
SEP
CPU yadrolab-wp11 1745513723 2025/04/24 19:55:23 1 100 24 19 45 0 2329 0 0 0 0 0 72122 100 0 0
SEP
CPU yadrolab-wp11 1745513724 2025/04/24 19:55:24 1 100 24 32 52 2 2306 0 0 0 0 0 72082 100 0 0
SEP
CPU yadrolab-wp11 1745513725 2025/04/24 19:55:25 1 100 24 18 51 1 2326 0 0 0 0 0 76499 100 0 0
SEP
CPU yadrolab-wp11 1745513726 2025/04/24 19:55:26 1 100 24 64 293 2 2029 1 0 0 0 0 77747 100 0 0
SEP
CPU yadrolab-wp11 1745513727 2025/04/24 19:55:27 1 100 24 19 52 2 2323 0 0 0 0 0 75967 100 0 0
SEP
CPU yadrolab-wp11 1745513728 2025/04/24 19:55:28 1 100 24 18 48 0 2329 0 0 0 0 0 75838 100 0 0
SEP
CPU yadrolab-wp11 1745513729 2025/04/24 19:55:29 1 100 24 30 54 1 2308 0 0 0 0 0 76421 100 0 0
SEP
CPU yadrolab-wp11 1745513730 2025/04/24 19:55:30 1 100 24 19 51 0 2329 0 0 0 0 0 77016 100 0 0
SEP
CPU yadrolab-wp11 1745513731 2025/04/24 19:55:31 1 100 24 60 298 7 2010 2 0 0 0 0 78616 100 0 0
SEP
CPU yadrolab-wp11 1745513732 2025/04/24 19:55:32 1 100 24 18 46 1 2328 0 0 0 0 0 76545 100 0 0
SEP
CPU yadrolab-wp11 1745513733 2025/04/24 19:55:33 1 100 24 19 46 0 2328 0 0 0 0 0 73732 100 0 0
SEP
CPU yadrolab-wp11 1745513734 2025/04/24 19:55:34 1 100 24 26 63 1 2300 0 0 0 0 0 75635 100 0 0
SEP
CPU yadrolab-wp11 1745513735 2025/04/24 19:55:35 1 100 24 14 47 1 2331 0 0 0 0 0 77450 100 0 0
SEP
CPU yadrolab-wp11 1745513736 2025/04/24 19:55:36 1 100 24 47 283 2 2045 2 0 0 0 0 80455 100 0 0
SEP
CPU yadrolab-wp11 1745513737 2025/04/24 19:55:37 1 100 24 32 44 10 2310 0 0 0 0 0 77390 100 0 0
SEP
CPU yadrolab-wp11 1745513738 2025/04/24 19:55:38 1 100 24 19 48 4 2324 0 0 0 0 0 74610 100 0 0
SEP
CPU yadrolab-wp11 1745513739 2025/04/24 19:55:39 1 100 24 28 55 1 2304 0 0 0 0 0 73714 100 0 0
SEP
CPU yadrolab-wp11 1745513740 2025/04/24 19:55:40 1 100 24 19 47 3 2326 0 0 0 0 0 75910 100 0 0
SEP
CPU yadrolab-wp11 1745513741 2025/04/24 19:55:41 1 100 24 50 274 7 2044 2 0 0 0 0 80589 100 0 0
SEP
CPU yadrolab-wp11 1745513742 2025/04/24 19:55:42 1 100 24 20 53 50 2282 0 0 0 0 0 82095 100 0 0
SEP
CPU yadrolab-wp11 1745513743 2025/04/24 19:55:43 1 100 24 17 43 48 2280 0 0 0 0 0 76513 100 0 0
SEP
CPU yadrolab-wp11 1745513744 2025/04/24 19:55:44 1 100 24 29 48 27 2284 1 0 0 0 0 81786 100 0 0
SEP
CPU yadrolab-wp11 1745513745 2025/04/24 19:55:45 1 100 24 21 41 16 2311 0 0 0 0 0 78017 100 0 0
SEP
CPU yadrolab-wp11 1745513746 2025/04/24 19:55:46 1 100 24 60 283 2 2041 1 0 0 0 0 80485 100 0 0
SEP
CPU yadrolab-wp11 1745513747 2025/04/24 19:55:47 1 100 24 18 50 1 2323 0 0 0 0 0 76810 100 0 0
SEP
CPU yadrolab-wp11 1745513748 2025/04/24 19:55:48 1 100 24 20 48 1 2327 0 0 0 0 0 76326 100 0 0
SEP
CPU yadrolab-wp11 1745513749 2025/04/24 19:55:49 1 100 24 21 59 1 2307 0 0 0 0 0 76434 100 0 0
SEP
CPU yadrolab-wp11 1745513750 2025/04/24 19:55:50 1 100 24 20 47 1 2325 0 0 0 0 0 77958 100 0 0
SEP
CPU yadrolab-wp11 1745513751 2025/04/24 19:55:51 1 100 24 80 320 2 1988 2 0 0 0 0 78753 100 0 0
SEP
CPU yadrolab-wp11 1745513752 2025/04/24 19:55:52 1 100 24 20 57 1 2316 0 0 0 0 0 75464 100 0 0
SEP
CPU yadrolab-wp11 1745513753 2025/04/24 19:55:53 1 100 24 18 51 1 2330 0 0 0 0 0 76190 100 0 0
SEP
CPU yadrolab-wp11 1745513754 2025/04/24 19:55:54 1 100 24 29 56 0 2303 0 0 0 0 0 76234 100 0 0
SEP
CPU yadrolab-wp11 1745513755 2025/04/24 19:55:55 1 100 24 20 43 1 2330 0 0 0 0 0 76979 100 0 0
SEP
CPU yadrolab-wp11 1745513756 2025/04/24 19:55:56 1 100 24 59 94 3 2219 2 0 0 0 0 73618 100 0 0
SEP
CPU yadrolab-wp11 1745513757 2025/04/24 19:55:57 1 100 24 25 258 0 2110 0 0 0 0 0 77444 100 0 0
SEP
CPU yadrolab-wp11 1745513758 2025/04/24 19:55:58 1 100 24 20 48 0 2325 0 0 0 0 0 76203 100 0 0
SEP
CPU yadrolab-wp11 1745513759 2025/04/24 19:55:59 1 100 24 24 52 2 2314 0 0 0 0 0 76944 100 0 0
SEP
CPU yadrolab-wp11 1745513760 2025/04/24 19:56:00 1 100 24 17 53 4 2323 0 0 0 0 0 75260 100 0 0
SEP
CPU yadrolab-wp11 1745513761 2025/04/24 19:56:01 1 100 24 32 67 5 2284 2 0 1 0 0 56603 100 0 0
SEP
CPU yadrolab-wp11 1745513762 2025/04/24 19:56:02 1 100 24 66 292 4 2022 0 0 0 0 0 77138 100 0 0
SEP
CPU yadrolab-wp11 1745513763 2025/04/24 19:56:03 1 100 24 17 50 1 2331 0 0 0 0 0 75027 100 0 0
SEP
CPU yadrolab-wp11 1745513764 2025/04/24 19:56:04 1 100 24 21 43 0 2332 0 0 0 0 0 76586 100 0 0
SEP
CPU yadrolab-wp11 1745513765 2025/04/24 19:56:05 1 100 24 27 59 1 2300 0 0 0 0 0 75631 100 0 0
SEP
CPU yadrolab-wp11 1745513766 2025/04/24 19:56:06 1 100 24 22 42 1 2328 0 0 0 0 0 76578 100 0 0
SEP
CPU yadrolab-wp11 1745513767 2025/04/24 19:56:07 1 100 24 66 307 6 2018 2 0 0 0 0 79190 100 0 0
SEP
CPU yadrolab-wp11 1745513768 2025/04/24 19:56:08 1 100 24 19 45 10 2317 0 0 0 0 0 77641 100 0 0
SEP
CPU yadrolab-wp11 1745513769 2025/04/24 19:56:09 1 100 24 14 49 1 2332 0 0 0 0 0 75102 100 0 0
SEP
CPU yadrolab-wp11 1745513770 2025/04/24 19:56:10 1 100 24 26 57 1 2305 0 0 0 0 0 75854 100 0 0
SEP
CPU yadrolab-wp11 1745513771 2025/04/24 19:56:11 1 100 24 17 47 1 2327 0 0 0 0 0 75375 100 0 0
SEP
CPU yadrolab-wp11 1745513772 2025/04/24 19:56:12 1 100 24 59 296 3 2022 2 0 0 0 0 74008 100 0 0
SEP
CPU yadrolab-wp11 1745513773 2025/04/24 19:56:13 1 100 24 14 52 2 2325 0 0 0 0 0 76065 100 0 0
SEP
CPU yadrolab-wp11 1745513774 2025/04/24 19:56:14 1 100 24 15 47 1 2330 0 0 0 0 0 77124 100 0 0
SEP
CPU yadrolab-wp11 1745513775 2025/04/24 19:56:15 1 100 24 32 55 1 2303 0 0 0 0 0 76739 100 0 0
SEP
CPU yadrolab-wp11 1745513776 2025/04/24 19:56:16 1 100 24 19 48 0 2330 0 0 0 0 0 76526 100 0 0
SEP
CPU yadrolab-wp11 1745513777 2025/04/24 19:56:17 1 100 24 68 307 5 2007 2 0 0 0 0 80766 100 0 0
SEP
CPU yadrolab-wp11 1745513778 2025/04/24 19:56:18 1 100 24 17 50 1 2326 0 0 0 0 0 77338 100 0 0
SEP
CPU yadrolab-wp11 1745513779 2025/04/24 19:56:19 1 100 24 21 46 0 2329 0 0 0 0 0 76626 100 0 0
SEP
CPU yadrolab-wp11 1745513780 2025/04/24 19:56:20 1 100 24 28 61 2 2301 0 0 0 0 0 77156 100 0 0
SEP
CPU yadrolab-wp11 1745513781 2025/04/24 19:56:21 1 100 24 24 42 1 2327 0 0 0 0 0 75020 100 0 0
SEP
CPU yadrolab-wp11 1745513782 2025/04/24 19:56:22 1 100 24 59 297 2 2025 1 0 0 0 0 80112 100 0 0
SEP
CPU yadrolab-wp11 1745513783 2025/04/24 19:56:23 1 100 24 13 56 1 2321 0 0 0 0 0 74630 100 0 0
SEP
CPU yadrolab-wp11 1745513784 2025/04/24 19:56:24 1 100 24 17 50 1 2326 0 0 0 0 0 76731 100 0 0
SEP
CPU yadrolab-wp11 1745513785 2025/04/24 19:56:25 1 100 24 26 53 9 2302 0 0 0 0 0 78260 100 0 0
SEP
CPU yadrolab-wp11 1745513786 2025/04/24 19:56:26 1 100 24 18 47 3 2325 0 0 0 0 0 77189 100 0 0
SEP
CPU yadrolab-wp11 1745513787 2025/04/24 19:56:27 1 100 24 49 130 3 2210 2 0 0 0 0 107906 100 0 0
SEP
CPU yadrolab-wp11 1745513788 2025/04/24 19:56:28 1 100 24 24 207 3 2157 0 0 0 0 0 78775 100 0 0
SEP
CPU yadrolab-wp11 1745513789 2025/04/24 19:56:29 1 100 24 22 49 30 2290 0 0 0 0 0 81208 100 0 0
SEP
CPU yadrolab-wp11 1745513790 2025/04/24 19:56:30 1 100 24 32 52 52 2262 0 0 0 0 0 77695 100 0 0
SEP
CPU yadrolab-wp11 1745513791 2025/04/24 19:56:31 1 100 24 20 47 11 2318 0 0 0 0 0 74525 100 0 0
SEP
CPU yadrolab-wp11 1745513792 2025/04/24 19:56:32 1 100 24 39 58 28 2261 2 0 0 0 0 81868 100 0 0
SEP
CPU yadrolab-wp11 1745513793 2025/04/24 19:56:33 1 100 24 24 259 13 2101 0 0 0 0 0 78174 100 0 0
SEP
CPU yadrolab-wp11 1745513794 2025/04/24 19:56:34 1 100 24 18 43 1 2328 0 0 0 0 0 75790 100 0 0
SEP
CPU yadrolab-wp11 1745513795 2025/04/24 19:56:35 1 100 24 25 59 0 2306 0 0 0 0 0 77090 100 0 0
SEP
CPU yadrolab-wp11 1745513796 2025/04/24 19:56:36 1 100 24 21 45 2 2326 0 0 0 0 0 77066 100 0 0
SEP
CPU yadrolab-wp11 1745513797 2025/04/24 19:56:37 1 100 24 37 70 6 2274 2 0 0 0 0 51130 100 0 0
SEP
CPU yadrolab-wp11 1745513798 2025/04/24 19:56:38 1 100 24 60 303 4 2012 1 0 0 0 0 78451 100 0 0
SEP
CPU yadrolab-wp11 1745513799 2025/04/24 19:56:39 1 100 24 16 52 1 2326 0 0 0 0 0 76575 100 0 0
SEP
CPU yadrolab-wp11 1745513800 2025/04/24 19:56:40 1 100 24 18 50 1 2329 0 0 0 0 0 70661 100 0 0
SEP
CPU yadrolab-wp11 1745513801 2025/04/24 19:56:41 1 100 24 34 53 0 2303 0 0 0 0 0 76401 100 0 0
SEP
CPU yadrolab-wp11 1745513802 2025/04/24 19:56:42 1 100 24 13 51 0 2328 0 0 0 0 0 75011 100 0 0
SEP
CPU yadrolab-wp11 1745513803 2025/04/24 19:56:43 1 100 24 74 315 3 2000 2 0 0 0 0 80240 100 0 0
SEP
CPU yadrolab-wp11 1745513804 2025/04/24 19:56:44 1 100 24 22 47 1 2324 0 0 0 0 0 75587 100 0 0
SEP
CPU yadrolab-wp11 1745513805 2025/04/24 19:56:45 1 100 24 17 52 3 2326 0 0 0 0 0 76896 100 0 0
SEP
CPU yadrolab-wp11 1745513806 2025/04/24 19:56:46 1 100 24 26 50 1 2311 0 0 0 0 0 77195 100 0 0
SEP
CPU yadrolab-wp11 1745513807 2025/04/24 19:56:47 1 100 24 20 52 1 2326 0 0 0 0 0 74776 100 0 0
SEP
CPU yadrolab-wp11 1745513808 2025/04/24 19:56:48 1 100 24 57 303 4 2013 1 0 0 0 0 80710 100 0 0
SEP
CPU yadrolab-wp11 1745513809 2025/04/24 19:56:49 1 100 24 15 53 2 2327 0 0 0 0 0 75802 100 0 0
SEP
CPU yadrolab-wp11 1745513810 2025/04/24 19:56:50 1 100 24 18 49 1 2324 0 0 0 0 0 75826 100 0 0
SEP
CPU yadrolab-wp11 1745513811 2025/04/24 19:56:51 1 100 24 22 53 1 2317 0 0 0 0 0 74883 100 0 0
SEP
CPU yadrolab-wp11 1745513812 2025/04/24 19:56:52 1 100 24 24 47 2 2324 0 0 0 0 0 75241 100 0 0
SEP
CPU yadrolab-wp11 1745513813 2025/04/24 19:56:53 1 100 24 76 333 5 1984 2 0 1 0 0 77849 100 0 0
SEP
CPU yadrolab-wp11 1745513814 2025/04/24 19:56:54 1 100 24 18 58 0 2316 0 0 0 0 0 77307 100 0 0
SEP
CPU yadrolab-wp11 1745513815 2025/04/24 19:56:55 1 100 24 25 57 0 2321 0 0 0 0 0 74646 100 0 0
SEP
CPU yadrolab-wp11 1745513816 2025/04/24 19:56:56 1 100 24 23 63 10 2297 0 0 0 0 0 73424 100 0 0
SEP
CPU yadrolab-wp11 1745513817 2025/04/24 19:56:57 1 100 24 20 48 1 2323 0 0 0 0 0 73444 100 0 0
SEP
CPU yadrolab-wp11 1745513818 2025/04/24 19:56:58 1 100 24 68 96 10 2210 3 0 0 0 0 74400 100 0 0
SEP
CPU yadrolab-wp11 1745513819 2025/04/24 19:56:59 1 100 24 26 263 5 2099 0 0 0 0 0 74566 100 0 0
SEP
CPU yadrolab-wp11 1745513820 2025/04/24 19:57:00 1 100 24 23 49 7 2311 0 0 0 0 0 74556 100 0 0
SEP
CPU yadrolab-wp11 1745513821 2025/04/24 19:57:01 1 100 24 17 50 5 2320 0 0 0 0 0 75398 100 0 0
SEP
CPU yadrolab-wp11 1745513822 2025/04/24 19:57:02 1 100 24 26 66 6 2299 0 0 0 0 0 74739 100 0 0
SEP
CPU yadrolab-wp11 1745513823 2025/04/24 19:57:03 1 100 24 28 53 10 2292 2 0 0 0 0 67576 100 0 0
SEP
CPU yadrolab-wp11 1745513824 2025/04/24 19:57:04 1 100 24 86 316 2 1971 7 0 0 0 0 76855 100 0 0
SEP
CPU yadrolab-wp11 1745513825 2025/04/24 19:57:05 1 100 24 17 46 1 2326 0 0 0 0 0 72326 100 0 0
SEP
CPU yadrolab-wp11 1745513826 2025/04/24 19:57:06 1 100 24 18 49 2 2328 0 0 0 0 0 76835 100 0 0
SEP
CPU yadrolab-wp11 1745513827 2025/04/24 19:57:07 1 100 24 24 60 2 2301 0 0 0 0 0 74825 100 0 0
SEP
CPU yadrolab-wp11 1745513828 2025/04/24 19:57:08 1 100 24 20 46 1 2328 0 0 0 0 0 73881 100 0 0
SEP
CPU yadrolab-wp11 1745513829 2025/04/24 19:57:09 1 100 24 67 313 4 1991 17 0 0 0 0 78784 100 0 0
SEP
CPU yadrolab-wp11 1745513830 2025/04/24 19:57:10 1 100 24 16 49 1 2327 0 0 0 0 0 77008 100 0 0
SEP
CPU yadrolab-wp11 1745513831 2025/04/24 19:57:11 1 100 24 22 44 1 2330 0 0 0 0 0 78434 100 0 0
SEP
CPU yadrolab-wp11 1745513832 2025/04/24 19:57:12 1 100 24 32 63 2 2299 0 0 0 0 0 74545 100 0 0
SEP
CPU yadrolab-wp11 1745513833 2025/04/24 19:57:13 1 100 24 19 49 1 2325 0 0 0 0 0 74222 100 0 0
SEP
CPU yadrolab-wp11 1745513834 2025/04/24 19:57:14 1 100 24 67 294 1 2018 2 0 0 0 0 77261 100 0 0
SEP
CPU yadrolab-wp11 1745513835 2025/04/24 19:57:15 1 100 24 20 53 1 2320 0 0 0 0 0 76850 100 0 0
SEP
CPU yadrolab-wp11 1745513836 2025/04/24 19:57:16 1 100 24 20 48 0 2328 0 0 0 0 0 74703 100 0 0
SEP
CPU yadrolab-wp11 1745513837 2025/04/24 19:57:17 1 100 24 32 54 1 2302 0 0 0 0 0 76119 100 0 0
SEP
CPU yadrolab-wp11 1745513838 2025/04/24 19:57:18 1 100 24 20 51 0 2325 0 0 0 0 0 73392 100 0 0
SEP
CPU yadrolab-wp11 1745513839 2025/04/24 19:57:19 1 100 24 58 95 2 2234 2 0 0 0 0 76006 100 0 0
SEP
CPU yadrolab-wp11 1745513840 2025/04/24 19:57:20 1 100 24 29 264 1 2103 0 0 0 0 0 76002 100 0 0
SEP
CPU yadrolab-wp11 1745513841 2025/04/24 19:57:21 1 100 24 15 48 1 2328 0 0 0 0 0 75183 100 0 0
SEP
CPU yadrolab-wp11 1745513842 2025/04/24 19:57:22 1 100 24 15 49 1 2328 0 0 0 0 0 76546 100 0 0
SEP
CPU yadrolab-wp11 1745513843 2025/04/24 19:57:23 1 100 24 25 61 2 2302 0 0 0 0 0 74158 100 0 0
SEP
CPU yadrolab-wp11 1745513844 2025/04/24 19:57:24 1 100 24 22 47 1 2330 0 0 0 0 0 76740 100 0 0
SEP
CPU yadrolab-wp11 1745513845 2025/04/24 19:57:25 1 100 24 73 319 3 2001 1 0 0 0 0 77433 100 0 0
SEP
CPU yadrolab-wp11 1745513846 2025/04/24 19:57:26 1 100 24 17 45 0 2330 0 0 0 0 0 74220 100 0 0
SEP
CPU yadrolab-wp11 1745513847 2025/04/24 19:57:27 1 100 24 23 45 1 2324 0 0 0 0 0 78330 100 0 0
SEP
CPU yadrolab-wp11 1745513848 2025/04/24 19:57:28 1 100 24 23 61 2 2304 0 0 0 0 0 74876 100 0 0
SEP
CPU yadrolab-wp11 1745513849 2025/04/24 19:57:29 1 100 24 20 48 1 2326 0 0 0 0 0 75740 100 0 0
SEP
CPU yadrolab-wp11 1745513850 2025/04/24 19:57:30 1 100 24 58 304 4 2025 2 0 0 0 0 78779 100 0 0
SEP
CPU yadrolab-wp11 1745513851 2025/04/24 19:57:31 1 100 24 22 45 4 2317 0 0 0 0 0 75033 100 0 0
SEP
CPU yadrolab-wp11 1745513852 2025/04/24 19:57:32 1 100 24 19 48 1 2329 0 0 0 0 0 76636 100 0 0
SEP
CPU yadrolab-wp11 1745513853 2025/04/24 19:57:33 1 100 24 28 52 5 2303 0 0 0 0 0 76321 100 0 0
SEP
CPU yadrolab-wp11 1745513854 2025/04/24 19:57:34 1 100 24 21 51 0 2327 0 0 0 0 0 76128 100 0 0
SEP
CPU yadrolab-wp11 1745513855 2025/04/24 19:57:35 1 100 24 60 310 1 2024 2 0 0 0 0 80409 100 0 0
SEP
CPU yadrolab-wp11 1745513856 2025/04/24 19:57:36 1 100 24 26 50 1 2321 0 0 0 0 0 75733 100 0 0
SEP
CPU yadrolab-wp11 1745513857 2025/04/24 19:57:37 1 100 24 21 48 5 2321 0 0 0 0 0 75524 100 0 0
SEP
CPU yadrolab-wp11 1745513858 2025/04/24 19:57:38 1 100 24 31 49 1 2310 0 0 0 0 0 75353 100 0 0
SEP
CPU yadrolab-wp11 1745513859 2025/04/24 19:57:39 1 100 24 18 51 1 2323 0 0 0 0 0 77036 100 0 0
SEP
CPU yadrolab-wp11 1745513860 2025/04/24 19:57:40 1 100 24 48 262 3 2059 2 0 0 0 0 78601 100 0 0
SEP
CPU yadrolab-wp11 1745513861 2025/04/24 19:57:41 1 100 24 18 94 1 2284 0 0 0 0 0 77908 100 0 0
SEP
CPU yadrolab-wp11 1745513862 2025/04/24 19:57:42 1 100 24 19 44 1 2327 0 0 0 0 0 75263 100 0 0
SEP
CPU yadrolab-wp11 1745513863 2025/04/24 19:57:43 1 100 24 28 56 0 2304 0 0 1 0 0 75789 100 0 0
SEP
CPU yadrolab-wp11 1745513864 2025/04/24 19:57:44 1 100 24 21 47 2 2327 0 0 0 0 0 75064 100 0 0
SEP
CPU yadrolab-wp11 1745513865 2025/04/24 19:57:45 1 100 24 61 98 4 2231 2 0 0 0 0 75752 100 0 0
SEP
CPU yadrolab-wp11 1745513866 2025/04/24 19:57:46 1 100 24 24 258 1 2110 0 0 0 0 0 74989 100 0 0
SEP
CPU yadrolab-wp11 1745513867 2025/04/24 19:57:47 1 100 24 14 51 3 2327 0 0 0 0 0 71840 100 0 0
SEP
CPU yadrolab-wp11 1745513868 2025/04/24 19:57:48 1 100 24 22 48 0 2324 0 0 0 0 0 75939 100 0 0
SEP
CPU yadrolab-wp11 1745513869 2025/04/24 19:57:49 1 100 24 27 58 0 2308 0 0 0 0 0 73577 100 0 0
SEP
CPU yadrolab-wp11 1745513870 2025/04/24 19:57:50 1 100 24 13 57 3 2324 0 0 0 0 0 77509 100 0 0
SEP
CPU yadrolab-wp11 1745513871 2025/04/24 19:57:51 1 100 24 67 298 2 2010 2 0 0 0 0 76352 100 0 0
SEP
CPU yadrolab-wp11 1745513872 2025/04/24 19:57:52 1 100 24 23 50 0 2326 0 0 0 0 0 76361 100 0 0
SEP
CPU yadrolab-wp11 1745513873 2025/04/24 19:57:53 1 100 24 17 47 1 2328 0 0 0 0 0 76284 100 0 0
SEP
CPU yadrolab-wp11 1745513874 2025/04/24 19:57:54 1 100 24 29 61 1 2299 0 0 0 0 0 73615 100 0 0
SEP
CPU yadrolab-wp11 1745513875 2025/04/24 19:57:55 1 100 24 16 47 0 2333 0 0 0 0 0 76108 100 0 0
SEP
CPU yadrolab-wp11 1745513876 2025/04/24 19:57:56 1 100 24 61 299 4 2026 1 0 0 0 0 80440 100 0 0
SEP
CPU yadrolab-wp11 1745513877 2025/04/24 19:57:57 1 100 24 21 51 1 2320 0 0 0 0 0 76292 100 0 0
SEP
CPU yadrolab-wp11 1745513878 2025/04/24 19:57:58 1 100 24 15 45 3 2329 0 0 0 0 0 75638 100 0 0
SEP
CPU yadrolab-wp11 1745513879 2025/04/24 19:57:59 1 100 24 27 61 0 2302 0 0 0 0 0 73531 100 0 0
SEP
CPU yadrolab-wp11 1745513880 2025/04/24 19:58:00 1 100 24 21 50 4 2321 0 0 0 0 0 73728 100 0 0
SEP
CPU yadrolab-wp11 1745513881 2025/04/24 19:58:01 1 100 24 60 284 6 2025 2 0 0 0 0 80631 100 0 0
SEP
CPU yadrolab-wp11 1745513882 2025/04/24 19:58:02 1 100 24 21 51 2 2320 0 0 0 0 0 76761 100 0 0
SEP
CPU yadrolab-wp11 1745513883 2025/04/24 19:58:03 1 100 24 20 49 2 2323 0 0 0 0 0 76764 100 0 0
SEP
CPU yadrolab-wp11 1745513884 2025/04/24 19:58:04 1 100 24 30 53 1 2305 0 0 0 0 0 76456 100 0 0
SEP
CPU yadrolab-wp11 1745513885 2025/04/24 19:58:05 1 100 24 20 47 1 2324 0 0 0 0 0 75349 100 0 0
SEP
CPU yadrolab-wp11 1745513886 2025/04/24 19:58:06 1 100 24 70 264 3 2054 2 0 0 0 0 78479 100 0 0
SEP
CPU yadrolab-wp11 1745513887 2025/04/24 19:58:07 1 100 24 19 91 1 2283 0 0 0 0 0 77894 100 0 0
SEP
CPU yadrolab-wp11 1745513888 2025/04/24 19:58:08 1 100 24 19 47 0 2325 0 0 0 0 0 78484 100 0 0
SEP
CPU yadrolab-wp11 1745513889 2025/04/24 19:58:09 1 100 24 29 55 0 2304 0 0 0 0 0 78446 100 0 0
SEP
CPU yadrolab-wp11 1745513890 2025/04/24 19:58:10 1 100 24 16 46 0 2330 0 0 0 0 0 76574 100 0 0
SEP
CPU yadrolab-wp11 1745513891 2025/04/24 19:58:11 1 100 24 68 100 2 2215 2 0 0 0 0 77725 100 0 0
SEP
CPU yadrolab-wp11 1745513892 2025/04/24 19:58:12 1 100 24 20 259 3 2111 0 0 0 0 0 73299 100 0 0
SEP
CPU yadrolab-wp11 1745513893 2025/04/24 19:58:13 1 100 24 16 50 1 2323 0 0 0 0 0 76766 100 0 0
SEP
CPU yadrolab-wp11 1745513894 2025/04/24 19:58:14 1 100 24 17 44 0 2333 0 0 0 0 0 73393 100 0 0
SEP
CPU yadrolab-wp11 1745513895 2025/04/24 19:58:15 1 100 24 32 56 6 2297 0 0 0 0 0 73848 100 0 0
SEP
CPU yadrolab-wp11 1745513896 2025/04/24 19:58:16 1 100 24 20 50 0 2326 0 0 0 0 0 76811 100 0 0
SEP
CPU yadrolab-wp11 1745513897 2025/04/24 19:58:17 1 100 24 64 305 3 2022 1 0 0 0 0 77521 100 0 0
SEP
CPU yadrolab-wp11 1745513898 2025/04/24 19:58:18 1 100 24 20 51 1 2324 0 0 0 0 0 76090 100 0 0
SEP
CPU yadrolab-wp11 1745513899 2025/04/24 19:58:19 1 100 24 17 46 1 2330 0 0 0 0 0 74022 100 0 0
SEP
CPU yadrolab-wp11 1745513900 2025/04/24 19:58:20 1 100 24 23 60 2 2303 0 0 0 0 0 73218 100 0 0
SEP
CPU yadrolab-wp11 1745513901 2025/04/24 19:58:21 1 100 24 16 52 0 2325 0 0 0 0 0 76635 100 0 0
SEP
CPU yadrolab-wp11 1745513902 2025/04/24 19:58:22 1 100 24 52 292 2 2038 3 0 0 0 0 78786 100 0 0
SEP
CPU yadrolab-wp11 1745513903 2025/04/24 19:58:23 1 100 24 23 45 1 2326 0 0 0 0 0 76633 100 0 0
SEP
CPU yadrolab-wp11 1745513904 2025/04/24 19:58:24 1 100 24 19 54 2 2321 0 0 0 0 0 74572 100 0 0
SEP
CPU yadrolab-wp11 1745513905 2025/04/24 19:58:25 1 100 24 27 60 2 2305 0 0 0 0 0 74536 100 0 0
SEP
CPU yadrolab-wp11 1745513906 2025/04/24 19:58:26 1 100 24 18 52 4 2319 0 0 0 0 0 75771 100 0 0
SEP
CPU yadrolab-wp11 1745513907 2025/04/24 19:58:27 1 100 24 66 301 3 2018 2 0 0 0 0 79568 100 0 0
SEP
CPU yadrolab-wp11 1745513908 2025/04/24 19:58:28 1 100 24 21 64 0 2312 1 0 0 0 0 77438 100 0 0
SEP
CPU yadrolab-wp11 1745513909 2025/04/24 19:58:29 1 100 24 17 48 1 2328 0 0 1 0 0 72000 100 0 0
SEP
CPU yadrolab-wp11 1745513910 2025/04/24 19:58:30 1 100 24 22 56 3 2309 0 0 0 0 0 74702 100 0 0
SEP
CPU yadrolab-wp11 1745513911 2025/04/24 19:58:31 1 100 24 19 51 7 2314 0 0 0 0 0 76845 100 0 0
SEP
CPU yadrolab-wp11 1745513912 2025/04/24 19:58:32 1 100 24 71 99 4 2217 1 0 0 0 0 75748 100 0 0
SEP
CPU yadrolab-wp11 1745513913 2025/04/24 19:58:33 1 100 24 26 262 1 2100 1 0 0 0 0 77913 100 0 0
SEP
CPU yadrolab-wp11 1745513914 2025/04/24 19:58:34 1 100 24 18 48 1 2327 0 0 0 0 0 76194 100 0 0
SEP
CPU yadrolab-wp11 1745513915 2025/04/24 19:58:35 1 100 24 21 47 1 2326 0 0 0 0 0 78376 100 0 0
SEP
CPU yadrolab-wp11 1745513916 2025/04/24 19:58:36 1 100 24 29 53 1 2304 0 0 0 0 0 74420 100 0 0
SEP
CPU yadrolab-wp11 1745513917 2025/04/24 19:58:37 1 100 24 24 49 0 2321 0 0 0 0 0 75434 100 0 0
SEP
CPU yadrolab-wp11 1745513918 2025/04/24 19:58:38 1 100 24 54 295 2 2029 1 0 0 0 0 78617 100 0 0
SEP
CPU yadrolab-wp11 1745513919 2025/04/24 19:58:39 1 100 24 22 48 0 2330 0 0 0 0 0 76807 100 0 0
SEP
CPU yadrolab-wp11 1745513920 2025/04/24 19:58:40 1 100 24 19 46 0 2328 0 0 0 0 0 77754 100 0 0
SEP
CPU yadrolab-wp11 1745513921 2025/04/24 19:58:41 1 100 24 31 58 2 2300 0 0 0 0 0 76359 100 0 0
SEP
CPU yadrolab-wp11 1745513922 2025/04/24 19:58:42 1 100 24 19 48 0 2330 0 0 0 0 0 76466 100 0 0
SEP
CPU yadrolab-wp11 1745513923 2025/04/24 19:58:43 1 100 24 61 304 2 2014 2 0 0 0 0 80629 100 0 0
SEP
CPU yadrolab-wp11 1745513924 2025/04/24 19:58:44 1 100 24 18 48 1 2328 0 0 0 0 0 76801 100 0 0
SEP
CPU yadrolab-wp11 1745513925 2025/04/24 19:58:45 1 100 24 19 47 1 2329 0 0 0 0 0 74825 100 0 0
SEP
CPU yadrolab-wp11 1745513926 2025/04/24 19:58:46 1 100 24 25 54 1 2313 0 0 0 0 0 75782 100 0 0
SEP
CPU yadrolab-wp11 1745513927 2025/04/24 19:58:47 1 100 24 16 47 1 2328 0 0 0 0 0 76022 100 0 0
SEP
CPU yadrolab-wp11 1745513928 2025/04/24 19:58:48 1 100 24 64 302 2 2018 2 0 0 0 0 78822 100 0 0
SEP
CPU yadrolab-wp11 1745513929 2025/04/24 19:58:49 1 100 24 21 58 1 2317 0 0 0 0 0 75994 100 0 0
SEP
CPU yadrolab-wp11 1745513930 2025/04/24 19:58:50 1 100 24 19 50 3 2325 0 0 0 0 0 75641 100 0 0
SEP
CPU yadrolab-wp11 1745513931 2025/04/24 19:58:51 1 100 24 26 65 0 2305 0 0 0 0 0 75801 100 0 0
SEP
CPU yadrolab-wp11 1745513932 2025/04/24 19:58:52 1 100 24 20 48 2 2325 0 0 0 0 0 76282 100 0 0
SEP
CPU yadrolab-wp11 1745513933 2025/04/24 19:58:53 1 100 24 47 189 4 2160 2 0 0 0 0 107873 100 0 0
SEP
CPU yadrolab-wp11 1745513934 2025/04/24 19:58:54 1 100 24 19 146 1 2224 0 0 0 0 0 76278 100 0 0
SEP
CPU yadrolab-wp11 1745513935 2025/04/24 19:58:55 1 100 24 19 50 1 2324 0 0 0 0 0 76049 100 0 0
SEP
CPU yadrolab-wp11 1745513936 2025/04/24 19:58:56 1 100 24 38 44 0 2310 0 0 0 0 0 76030 100 0 0
SEP
CPU yadrolab-wp11 1745513937 2025/04/24 19:58:57 1 100 24 16 45 1 2326 0 0 0 0 0 76268 100 0 0
SEP
CPU yadrolab-wp11 1745513938 2025/04/24 19:58:58 1 100 24 56 83 1 2233 1 0 0 0 0 75704 100 0 0
SEP
CPU yadrolab-wp11 1745513939 2025/04/24 19:58:59 1 100 24 23 252 2 2114 0 0 0 0 0 74777 100 0 0
SEP
CPU yadrolab-wp11 1745513940 2025/04/24 19:59:00 1 100 24 24 51 4 2318 0 0 0 0 0 77345 100 0 0
SEP
CPU yadrolab-wp11 1745513941 2025/04/24 19:59:01 1 100 24 23 49 7 2318 0 0 0 0 0 74541 100 0 0
SEP
CPU yadrolab-wp11 1745513942 2025/04/24 19:59:02 1 100 24 33 56 2 2295 0 0 0 0 0 74495 100 0 0
SEP
CPU yadrolab-wp11 1745513943 2025/04/24 19:59:03 1 100 24 24 56 1 2311 1 0 0 0 0 64219 100 0 0
SEP
CPU yadrolab-wp11 1745513944 2025/04/24 19:59:04 1 100 24 46 286 4 2054 1 0 0 0 0 77602 100 0 0
SEP
CPU yadrolab-wp11 1745513945 2025/04/24 19:59:05 1 100 24 14 51 0 2326 0 0 0 0 0 77856 100 0 0
SEP
CPU yadrolab-wp11 1745513946 2025/04/24 19:59:06 1 100 24 19 47 60 2272 0 0 0 0 0 76439 100 0 0
SEP
CPU yadrolab-wp11 1745513947 2025/04/24 19:59:07 1 100 24 27 57 3 2300 0 0 0 0 0 75699 100 0 0
SEP
CPU yadrolab-wp11 1745513948 2025/04/24 19:59:08 1 100 24 22 46 1 2325 1 0 0 0 0 76240 100 0 0
SEP
CPU yadrolab-wp11 1745513949 2025/04/24 19:59:09 1 100 24 62 297 1 2015 1 0 0 0 0 78030 100 0 0
SEP
CPU yadrolab-wp11 1745513950 2025/04/24 19:59:10 1 100 24 16 47 1 2327 0 0 0 0 0 77283 100 0 0
SEP
CPU yadrolab-wp11 1745513951 2025/04/24 19:59:11 1 100 24 18 45 1 2326 0 0 0 0 0 77923 100 0 0
SEP
CPU yadrolab-wp11 1745513952 2025/04/24 19:59:12 1 100 24 28 56 0 2302 0 0 0 0 0 75201 100 0 0
SEP
CPU yadrolab-wp11 1745513953 2025/04/24 19:59:13 1 100 24 16 45 1 2330 0 0 0 0 0 77350 100 0 0
SEP
CPU yadrolab-wp11 1745513954 2025/04/24 19:59:14 1 100 24 70 314 4 1990 2 0 0 0 0 78277 100 0 0
SEP
CPU yadrolab-wp11 1745513955 2025/04/24 19:59:15 1 100 24 14 47 1 2331 0 0 0 0 0 74350 100 0 0
SEP
CPU yadrolab-wp11 1745513956 2025/04/24 19:59:16 1 100 24 16 51 0 2327 0 0 0 0 0 76174 100 0 0
SEP
CPU yadrolab-wp11 1745513957 2025/04/24 19:59:17 1 100 24 30 57 0 2303 0 0 0 0 0 73779 100 0 0
SEP
CPU yadrolab-wp11 1745513958 2025/04/24 19:59:18 1 100 24 20 48 1 2329 0 0 0 0 0 74876 100 0 0
SEP
CPU yadrolab-wp11 1745513959 2025/04/24 19:59:19 1 100 24 46 288 1 2044 2 0 0 0 0 81986 100 0 0
SEP
CPU yadrolab-wp11 1745513960 2025/04/24 19:59:20 1 100 24 24 54 1 2317 0 0 0 0 0 76516 100 0 0
SEP
CPU yadrolab-wp11 1745513961 2025/04/24 19:59:21 1 100 24 18 47 2 2330 0 0 0 0 0 73637 100 0 0
SEP
CPU yadrolab-wp11 1745513962 2025/04/24 19:59:22 1 100 24 30 51 2 2306 0 0 1 0 0 76717 100 0 0
SEP
CPU yadrolab-wp11 1745513963 2025/04/24 19:59:23 1 100 24 20 49 0 2326 0 0 0 0 0 76660 100 0 0
SEP
CPU yadrolab-wp11 1745513964 2025/04/24 19:59:24 1 100 24 49 196 4 2144 2 0 0 0 0 107866 100 0 0
SEP
CPU yadrolab-wp11 1745513965 2025/04/24 19:59:25 1 100 24 26 162 0 2209 0 0 0 0 0 76473 100 0 0
SEP
CPU yadrolab-wp11 1745513966 2025/04/24 19:59:26 1 100 24 21 51 2 2322 0 0 0 0 0 75786 100 0 0
SEP
CPU yadrolab-wp11 1745513967 2025/04/24 19:59:27 1 100 24 25 52 1 2303 0 0 0 0 0 74832 100 0 0
SEP
CPU yadrolab-wp11 1745513968 2025/04/24 19:59:28 1 100 24 22 49 2 2327 0 0 0 0 0 71255 100 0 0
SEP
CPU yadrolab-wp11 1745513969 2025/04/24 19:59:29 1 100 24 58 107 4 2231 1 0 0 0 0 75735 100 0 0
SEP
CPU yadrolab-wp11 1745513970 2025/04/24 19:59:30 1 100 24 20 259 1 2110 0 0 0 0 0 78030 100 0 0
SEP
CPU yadrolab-wp11 1745513971 2025/04/24 19:59:31 1 100 24 25 41 5 2322 0 0 0 0 0 75019 100 0 0
SEP
CPU yadrolab-wp11 1745513972 2025/04/24 19:59:32 1 100 24 20 47 1 2329 0 0 0 0 0 76151 100 0 0
SEP
CPU yadrolab-wp11 1745513973 2025/04/24 19:59:33 1 100 24 26 57 1 2308 0 0 0 0 0 76078 100 0 0
SEP
CPU yadrolab-wp11 1745513974 2025/04/24 19:59:34 1 100 24 26 43 11 2305 0 0 0 0 0 76517 100 0 0
SEP
CPU yadrolab-wp11 1745513975 2025/04/24 19:59:35 1 100 24 46 277 9 2057 2 0 0 0 0 75640 100 0 0
SEP
CPU yadrolab-wp11 1745513976 2025/04/24 19:59:36 1 100 24 18 51 1 2326 0 0 0 0 0 77473 100 0 0
SEP
CPU yadrolab-wp11 1745513977 2025/04/24 19:59:37 1 100 24 24 44 2 2329 0 0 0 0 0 77065 100 0 0
SEP
CPU yadrolab-wp11 1745513978 2025/04/24 19:59:38 1 100 24 30 47 42 2272 0 0 0 0 0 79974 100 0 0
SEP
CPU yadrolab-wp11 1745513979 2025/04/24 19:59:39 1 100 24 25 48 50 2265 0 0 0 0 0 73324 100 0 0
SEP
CPU yadrolab-wp11 1745513980 2025/04/24 19:59:40 1 100 24 43 289 2 2043 2 0 0 0 0 77159 100 0 0
SEP
CPU yadrolab-wp11 1745513981 2025/04/24 19:59:41 1 100 24 28 44 29 2284 10 0 0 0 0 80285 100 0 0
SEP
CPU yadrolab-wp11 1745513982 2025/04/24 19:59:42 1 100 24 20 49 6 2312 4 0 0 0 0 77324 100 0 0
SEP
CPU yadrolab-wp11 1745513983 2025/04/24 19:59:43 1 100 24 38 46 2 2304 0 0 0 0 0 75776 100 0 0
SEP
CPU yadrolab-wp11 1745513984 2025/04/24 19:59:44 1 100 24 26 51 1 2323 0 0 0 0 0 74836 100 0 0
SEP
CPU yadrolab-wp11 1745513985 2025/04/24 19:59:45 1 100 24 64 302 7 2013 4 0 0 0 0 79766 100 0 0
SEP
CPU yadrolab-wp11 1745513986 2025/04/24 19:59:46 1 100 24 21 46 2 2326 0 0 0 0 0 76291 100 0 0
SEP
CPU yadrolab-wp11 1745513987 2025/04/24 19:59:47 1 100 24 21 51 1 2323 0 0 0 0 0 75702 100 0 0
SEP
CPU yadrolab-wp11 1745513988 2025/04/24 19:59:48 1 100 24 35 44 1 2310 0 0 0 0 0 76861 100 0 0
SEP
CPU yadrolab-wp11 1745513989 2025/04/24 19:59:49 1 100 24 17 50 1 2324 0 0 0 0 0 76134 100 0 0
SEP
CPU yadrolab-wp11 1745513990 2025/04/24 19:59:50 1 100 24 63 312 2 2006 2 0 0 0 0 78747 100 0 0
SEP
CPU yadrolab-wp11 1745513991 2025/04/24 19:59:51 1 100 24 15 46 1 2330 0 0 1 0 0 77517 100 0 0
SEP
CPU yadrolab-wp11 1745513992 2025/04/24 19:59:52 1 100 24 19 48 2 2324 0 0 0 0 0 76023 100 0 0
SEP
CPU yadrolab-wp11 1745513993 2025/04/24 19:59:53 1 100 24 25 45 1 2319 0 0 0 0 0 77341 100 0 0
SEP
CPU yadrolab-wp11 1745513994 2025/04/24 19:59:54 1 100 24 20 46 1 2327 0 0 0 0 0 74384 100 0 0
SEP
CPU yadrolab-wp11 1745513995 2025/04/24 19:59:55 1 100 24 30 48 3 2311 1 0 0 0 0 75959 100 0 0
SEP
CPU yadrolab-wp11 1745513996 2025/04/24 19:59:56 1 100 24 14 7 1 2375 0 0 0 0 0 76201 100 0 0
SEP
CPU yadrolab-wp11 1745513997 2025/04/24 19:59:57 1 100 24 14 6 3 2374 0 0 0 0 0 76218 100 0 0
SEP
CPU yadrolab-wp11 1745513998 2025/04/24 19:59:58 1 100 24 14 7 1 2371 0 0 0 0 0 76169 100 0 0
SEP
CPU yadrolab-wp11 1745513999 2025/04/24 19:59:59 1 100 24 12 9 0 2374 0 0 0 0 0 75671 100 0 0
SEP
CPU yadrolab-wp11 1745514000 2025/04/24 20:00:00 1 100 24 14 7 6 2368 0 0 0 0 0 75546 100 0 0
SEP
CPU yadrolab-wp11 1745514001 2025/04/24 20:00:01 1 100 24 14 7 9 2366 0 0 0 0 0 73729 100 0 0
SEP
CPU yadrolab-wp11 1745514002 2025/04/24 20:00:02 1 100 24 31 14 2 2351 0 0 0 0 0 80401 100 0 0
SEP
CPU yadrolab-wp11 1745514003 2025/04/24 20:00:03 1 100 24 13 13 2 2368 0 0 0 0 0 77478 100 0 0
SEP
CPU yadrolab-wp11 1745514004 2025/04/24 20:00:04 1 100 24 12 7 2 2376 0 0 0 0 0 77372 100 0 0
SEP
