5268 
5152 
5132 
5182 
5116 
5036 
5298 
5252 
5309 
5264 
5171 
5301 
5132 
5229 
5151 
5245 
5213 
5160 
5236 
5158 
5087 
5179 
5285 
5264 
5291 
5190 
5200 
5214 
5092 
5151 
5178 
5233 
5174 
5157 
5209 
5290 
5221 
5226 
5297 
5372 
5339 
5193 
5274 
5212 
5183 
5234 
5190 
5166 
5132 
5218 
5118 
4839 
5195 
5166 
5164 
5178 
5132 
5072 
5148 
5239 
5106 
5110 
5261 
5163 
5207 
5236 
5199 
5208 
5320 
5257 
5290 
5188 
5192 
5186 
5206 
5336 
5170 
5151 
5167 
5198 
5237 
5205 
5247 
5304 
5237 
5200 
5205 
5208 
5108 
5197 
5052 
5237 
5212 
5175 
5189 
5124 
4983 
5078 
5183 
5154 
