RESET
CPU laptop 1745509199 2025/04/24 18:39:59 630769 100 12 2536245 5245131 67689 147880770 194363 0 72213 0 0 26472 100 0 0
SEP
CPU laptop 1745509200 2025/04/24 18:40:00 1 100 12 125 67 0 1002 0 0 0 0 0 19779 100 0 0
SEP
CPU laptop 1745509201 2025/04/24 18:40:01 1 100 12 135 51 0 1010 1 0 0 0 0 19389 100 0 0
SEP
CPU laptop 1745509202 2025/04/24 18:40:02 1 100 12 126 50 0 1020 0 0 0 0 0 18793 100 0 0
SEP
CPU laptop 1745509203 2025/04/24 18:40:03 1 100 12 128 47 0 1019 3 0 1 0 0 20524 100 0 0
SEP
CPU laptop 1745509204 2025/04/24 18:40:04 1 100 12 130 63 0 1002 0 0 0 0 0 19770 100 0 0
SEP
CPU laptop 1745509205 2025/04/24 18:40:05 1 100 12 126 52 0 1017 0 0 0 0 0 19764 100 0 0
SEP
CPU laptop 1745509206 2025/04/24 18:40:06 1 100 12 126 51 0 1018 0 0 0 0 0 19799 100 0 0
SEP
CPU laptop 1745509207 2025/04/24 18:40:07 1 100 12 127 56 0 1013 0 0 1 0 0 18807 100 0 0
SEP
CPU laptop 1745509208 2025/04/24 18:40:08 1 100 12 122 52 0 1019 2 0 0 0 0 18822 100 0 0
SEP
CPU laptop 1745509209 2025/04/24 18:40:09 1 100 12 125 49 0 1022 0 0 1 0 0 19220 100 0 0
SEP
CPU laptop 1745509210 2025/04/24 18:40:10 1 100 12 221 250 0 697 13 0 0 0 0 20736 100 0 0
SEP
CPU laptop 1745509211 2025/04/24 18:40:11 1 100 12 218 264 1 674 21 0 2 0 0 20790 100 0 0
SEP
CPU laptop 1745509212 2025/04/24 18:40:12 1 100 12 208 266 1 692 15 0 1 0 0 24676 100 0 0
SEP
CPU laptop 1745509213 2025/04/24 18:40:13 1 100 12 219 272 1 673 14 0 1 0 0 22810 100 0 0
SEP
CPU laptop 1745509214 2025/04/24 18:40:14 1 100 12 209 261 2 701 15 0 1 0 0 30857 100 0 0
SEP
CPU laptop 1745509215 2025/04/24 18:40:15 1 100 12 175 247 0 736 20 0 3 0 0 30138 100 0 0
SEP
CPU laptop 1745509216 2025/04/24 18:40:16 1 100 12 159 239 2 755 27 0 1 0 0 43453 100 0 0
SEP
CPU laptop 1745509217 2025/04/24 18:40:17 1 100 12 163 230 1 761 21 0 0 0 0 34578 100 0 0
SEP
CPU laptop 1745509218 2025/04/24 18:40:18 1 100 12 151 290 1 724 17 0 1 0 0 47726 100 0 0
SEP
CPU laptop 1745509219 2025/04/24 18:40:19 1 100 12 155 308 0 698 19 0 2 0 0 30154 100 0 0
SEP
CPU laptop 1745509220 2025/04/24 18:40:20 1 100 12 162 253 2 740 26 0 1 0 0 47808 100 0 0
SEP
CPU laptop 1745509221 2025/04/24 18:40:21 1 100 12 159 236 1 761 20 0 2 0 0 35885 100 0 0
SEP
CPU laptop 1745509222 2025/04/24 18:40:22 1 100 12 153 296 0 716 16 0 1 0 0 47853 100 0 0
SEP
CPU laptop 1745509223 2025/04/24 18:40:23 1 100 12 159 305 1 696 18 0 1 0 0 30151 100 0 0
SEP
CPU laptop 1745509224 2025/04/24 18:40:24 1 100 12 149 237 1 764 25 0 2 0 0 31825 100 0 0
SEP
CPU laptop 1745509225 2025/04/24 18:40:25 1 100 12 164 245 1 746 20 0 1 0 0 38408 100 0 0
SEP
CPU laptop 1745509226 2025/04/24 18:40:26 1 100 12 153 247 1 763 17 0 1 0 0 27533 100 0 0
SEP
CPU laptop 1745509227 2025/04/24 18:40:27 1 100 12 150 380 1 630 19 0 1 0 0 29783 100 0 0
SEP
CPU laptop 1745509228 2025/04/24 18:40:28 1 100 12 163 215 1 778 21 0 1 0 0 31355 100 0 0
SEP
CPU laptop 1745509229 2025/04/24 18:40:29 1 100 12 163 240 1 750 25 0 2 0 0 32104 100 0 0
SEP
CPU laptop 1745509230 2025/04/24 18:40:30 1 100 12 153 234 1 776 16 0 0 0 0 37204 100 0 0
SEP
CPU laptop 1745509231 2025/04/24 18:40:31 1 100 12 146 335 1 690 16 0 1 0 0 47728 100 0 0
SEP
CPU laptop 1745509232 2025/04/24 18:40:32 1 100 12 153 279 0 724 18 0 2 0 0 30123 100 0 0
SEP
CPU laptop 1745509233 2025/04/24 18:40:33 1 100 12 174 248 2 732 24 0 1 0 0 47806 100 0 0
SEP
CPU laptop 1745509234 2025/04/24 18:40:34 1 100 12 196 314 0 644 21 0 2 0 0 40522 100 0 0
SEP
CPU laptop 1745509235 2025/04/24 18:40:35 1 100 12 184 342 1 634 16 0 0 0 0 32635 100 0 0
SEP
CPU laptop 1745509236 2025/04/24 18:40:36 1 100 12 155 367 1 648 16 0 1 0 0 45231 100 0 0
SEP
CPU laptop 1745509237 2025/04/24 18:40:37 1 100 12 206 305 1 622 38 0 1 0 0 27954 100 0 0
SEP
CPU laptop 1745509238 2025/04/24 18:40:38 1 100 12 151 236 1 755 34 0 1 0 0 27152 100 0 0
SEP
CPU laptop 1745509239 2025/04/24 18:40:39 1 100 12 163 243 1 745 25 0 2 0 0 44186 100 0 0
SEP
CPU laptop 1745509240 2025/04/24 18:40:40 1 100 12 155 233 1 773 19 0 2 0 0 33812 100 0 0
SEP
CPU laptop 1745509241 2025/04/24 18:40:41 1 100 12 150 243 1 767 18 0 2 0 0 27529 100 0 0
SEP
CPU laptop 1745509242 2025/04/24 18:40:42 1 100 12 157 367 1 643 17 0 0 0 0 28315 100 0 0
SEP
CPU laptop 1745509243 2025/04/24 18:40:43 1 100 12 156 226 1 771 21 0 2 0 0 36691 100 0 0
SEP
CPU laptop 1745509244 2025/04/24 18:40:44 1 100 12 161 249 1 747 22 0 1 0 0 34930 100 0 0
SEP
CPU laptop 1745509245 2025/04/24 18:40:45 1 100 12 154 241 1 770 16 0 2 0 0 28117 100 0 0
SEP
CPU laptop 1745509246 2025/04/24 18:40:46 1 100 12 149 398 0 624 14 0 3 0 0 43391 100 0 0
SEP
CPU laptop 1745509247 2025/04/24 18:40:47 1 100 12 158 224 1 770 22 0 2 0 0 36768 100 0 0
SEP
CPU laptop 1745509248 2025/04/24 18:40:48 1 100 12 161 248 1 745 26 0 3 0 0 39506 100 0 0
SEP
CPU laptop 1745509249 2025/04/24 18:40:49 1 100 12 156 242 0 763 22 0 1 0 0 33912 100 0 0
SEP
CPU laptop 1745509250 2025/04/24 18:40:50 1 100 12 156 231 1 767 25 0 2 0 0 28696 100 0 0
SEP
CPU laptop 1745509251 2025/04/24 18:40:51 1 100 12 153 333 1 681 14 0 2 0 0 46958 100 0 0
SEP
CPU laptop 1745509252 2025/04/24 18:40:52 1 100 12 166 262 1 732 19 0 1 0 0 29591 100 0 0
SEP
CPU laptop 1745509253 2025/04/24 18:40:53 1 100 12 153 224 1 777 24 0 2 0 0 35624 100 0 0
SEP
CPU laptop 1745509254 2025/04/24 18:40:54 1 100 12 170 279 1 711 19 0 2 0 0 44090 100 0 0
SEP
CPU laptop 1745509255 2025/04/24 18:40:55 1 100 12 149 241 1 773 16 0 1 0 0 35374 100 0 0
SEP
CPU laptop 1745509256 2025/04/24 18:40:56 1 100 12 146 331 1 690 16 0 1 0 0 47892 100 0 0
SEP
CPU laptop 1745509257 2025/04/24 18:40:57 1 100 12 160 274 1 724 19 0 1 0 0 28105 100 0 0
SEP
CPU laptop 1745509258 2025/04/24 18:40:58 1 100 12 169 249 1 738 25 0 1 0 0 35640 100 0 0
SEP
CPU laptop 1745509259 2025/04/24 18:40:59 1 100 12 150 236 1 771 18 0 1 0 0 27892 100 0 0
SEP
CPU laptop 1745509260 2025/04/24 18:41:00 1 100 12 148 296 1 721 16 0 1 0 0 47818 100 0 0
SEP
CPU laptop 1745509261 2025/04/24 18:41:01 1 100 12 156 300 1 705 18 0 1 0 0 34574 100 0 0
SEP
CPU laptop 1745509262 2025/04/24 18:41:02 1 100 12 163 246 1 744 25 0 2 0 0 47808 100 0 0
SEP
CPU laptop 1745509263 2025/04/24 18:41:03 1 100 12 157 236 1 767 19 0 1 0 0 38934 100 0 0
SEP
CPU laptop 1745509264 2025/04/24 18:41:04 1 100 12 154 307 1 705 16 0 1 0 0 47892 100 0 0
SEP
CPU laptop 1745509265 2025/04/24 18:41:05 1 100 12 160 316 2 686 18 0 1 0 0 27819 100 0 0
SEP
CPU laptop 1745509266 2025/04/24 18:41:06 1 100 12 168 234 1 748 26 0 2 0 0 32077 100 0 0
SEP
CPU laptop 1745509267 2025/04/24 18:41:07 1 100 12 170 247 1 740 21 0 1 0 0 37295 100 0 0
SEP
CPU laptop 1745509268 2025/04/24 18:41:08 1 100 12 148 239 1 772 18 0 2 0 0 26005 100 0 0
SEP
CPU laptop 1745509269 2025/04/24 18:41:09 1 100 12 152 365 0 647 17 0 1 0 0 26405 100 0 0
SEP
CPU laptop 1745509270 2025/04/24 18:41:10 1 100 12 158 220 2 775 23 0 2 0 0 33196 100 0 0
SEP
CPU laptop 1745509271 2025/04/24 18:41:11 1 100 12 158 244 1 754 22 0 1 0 0 44523 100 0 0
SEP
CPU laptop 1745509272 2025/04/24 18:41:12 1 100 12 159 238 1 767 17 0 1 0 0 28598 100 0 0
SEP
CPU laptop 1745509273 2025/04/24 18:41:13 1 100 12 144 367 1 653 18 0 0 0 0 35342 100 0 0
SEP
CPU laptop 1745509274 2025/04/24 18:41:14 1 100 12 160 215 1 778 23 0 1 0 0 32686 100 0 0
SEP
CPU laptop 1745509275 2025/04/24 18:41:15 1 100 12 162 240 1 754 23 0 2 0 0 46946 100 0 0
SEP
CPU laptop 1745509276 2025/04/24 18:41:16 1 100 12 151 240 0 774 16 0 2 0 0 32319 100 0 0
SEP
CPU laptop 1745509277 2025/04/24 18:41:17 1 100 12 152 351 1 665 16 0 1 0 0 47818 100 0 0
SEP
CPU laptop 1745509278 2025/04/24 18:41:18 1 100 12 156 260 1 740 21 0 1 0 0 29764 100 0 0
SEP
CPU laptop 1745509279 2025/04/24 18:41:19 1 100 12 157 247 1 750 26 0 0 0 0 30781 100 0 0
SEP
CPU laptop 1745509280 2025/04/24 18:41:20 1 100 12 148 239 1 772 16 0 1 0 0 34152 100 0 0
SEP
CPU laptop 1745509281 2025/04/24 18:41:21 1 100 12 140 257 1 763 18 0 2 0 0 47816 100 0 0
SEP
CPU laptop 1745509282 2025/04/24 18:41:22 1 100 12 149 347 1 665 18 0 1 0 0 27524 100 0 0
SEP
CPU laptop 1745509283 2025/04/24 18:41:23 1 100 12 170 252 1 733 23 0 1 0 0 31284 100 0 0
SEP
CPU laptop 1745509284 2025/04/24 18:41:24 1 100 12 171 241 1 743 23 0 1 0 0 39075 100 0 0
SEP
CPU laptop 1745509285 2025/04/24 18:41:25 1 100 12 149 238 1 773 18 0 2 0 0 27049 100 0 0
SEP
CPU laptop 1745509286 2025/04/24 18:41:26 1 100 12 162 452 0 554 15 0 1 0 0 41162 100 0 0
SEP
CPU laptop 1745509287 2025/04/24 18:41:27 1 100 12 150 255 1 743 31 0 1 0 0 37318 100 0 0
SEP
CPU laptop 1745509288 2025/04/24 18:41:28 1 100 12 154 222 1 776 21 0 1 0 0 38827 100 0 0
SEP
CPU laptop 1745509289 2025/04/24 18:41:29 1 100 12 161 245 1 745 27 0 2 0 0 25518 100 0 0
SEP
CPU laptop 1745509290 2025/04/24 18:41:30 1 100 12 148 234 0 784 14 0 1 0 0 31138 100 0 0
SEP
CPU laptop 1745509291 2025/04/24 18:41:31 1 100 12 162 367 2 639 16 0 1 0 0 47726 100 0 0
SEP
CPU laptop 1745509292 2025/04/24 18:41:32 1 100 12 162 301 1 695 20 0 1 0 0 27185 100 0 0
SEP
CPU laptop 1745509293 2025/04/24 18:41:33 1 100 12 82 41 0 1070 1 0 1 0 0 22354 100 0 0
SEP
CPU laptop 1745509294 2025/04/24 18:41:34 1 100 12 114 47 0 1036 0 0 0 0 0 20186 100 0 0
SEP
CPU laptop 1745509295 2025/04/24 18:41:35 1 100 12 127 51 0 1019 0 0 0 0 0 18822 100 0 0
SEP
CPU laptop 1745509296 2025/04/24 18:41:36 1 100 12 135 52 0 1007 0 0 0 0 0 19540 100 0 0
SEP
CPU laptop 1745509297 2025/04/24 18:41:37 1 100 12 121 52 0 1017 5 0 0 0 0 18779 100 0 0
SEP
CPU laptop 1745509298 2025/04/24 18:41:38 1 100 12 120 46 0 1030 2 0 0 0 0 20157 100 0 0
SEP
CPU laptop 1745509299 2025/04/24 18:41:39 1 100 12 135 52 0 1010 0 0 0 0 0 19527 100 0 0
SEP
CPU laptop 1745509300 2025/04/24 18:41:40 1 100 12 116 45 0 1037 0 0 0 0 0 19502 100 0 0
SEP
CPU laptop 1745509301 2025/04/24 18:41:41 1 100 12 117 46 0 1034 0 0 0 0 0 19540 100 0 0
SEP
