1082 
1031 
1001 
1051 
1008 
855 
819 
794 
813 
774 
783 
813 
782 
790 
808 
797 
822 
815 
811 
803 
799 
841 
828 
854 
810 
803 
799 
790 
847 
854 
801 
820 
986 
825 
837 
873 
798 
826 
760 
813 
803 
805 
840 
794 
798 
820 
806 
916 
876 
836 
794 
861 
823 
859 
819 
800 
782 
812 
829 
813 
808 
782 
798 
818 
757 
833 
799 
801 
874 
820 
764 
766 
804 
851 
793 
769 
784 
796 
849 
830 
806 
785 
809 
778 
841 
839 
813 
803 
812 
810 
825 
787 
967 
833 
810 
800 
840 
839 
807 
762 
