              total        used        free      shared  buff/cache   available
Mem:          33447        3913        1445         158       28088       28878
Swap:          2147         438        1708
Total:        35595        4352        3154

              total        used        free      shared  buff/cache   available
Mem:          33447        3921        1437         158       28088       28870
Swap:          2147         438        1708
Total:        35595        4360        3146

              total        used        free      shared  buff/cache   available
Mem:          33447        3922        1437         158       28088       28870
Swap:          2147         438        1708
Total:        35595        4360        3145

              total        used        free      shared  buff/cache   available
Mem:          33447        3922        1436         158       28088       28869
Swap:          2147         438        1708
Total:        35595        4361        3145

              total        used        free      shared  buff/cache   available
Mem:          33447        3922        1436         158       28088       28869
Swap:          2147         438        1708
Total:        35595        4360        3145

              total        used        free      shared  buff/cache   available
Mem:          33447        3922        1437         158       28088       28870
Swap:          2147         438        1708
Total:        35595        4360        3145

              total        used        free      shared  buff/cache   available
Mem:          33447        3922        1436         158       28088       28869
Swap:          2147         438        1708
Total:        35595        4361        3145

              total        used        free      shared  buff/cache   available
Mem:          33447        3924        1434         158       28088       28867
Swap:          2147         438        1708
Total:        35595        4362        3143

              total        used        free      shared  buff/cache   available
Mem:          33447        3825        1539         152       28082       28972
Swap:          2147         438        1708
Total:        35595        4264        3248

              total        used        free      shared  buff/cache   available
Mem:          33447        3825        1539         152       28082       28972
Swap:          2147         438        1708
Total:        35595        4264        3248

              total        used        free      shared  buff/cache   available
Mem:          33447        3823        1541         152       28082       28974
Swap:          2147         438        1708
Total:        35595        4262        3250

              total        used        free      shared  buff/cache   available
Mem:          33447        3934        1428         152       28083       28862
Swap:          2147         438        1708
Total:        35595        4373        3137

              total        used        free      shared  buff/cache   available
Mem:          33447        3919        1444         152       28083       28878
Swap:          2147         438        1708
Total:        35595        4357        3153

              total        used        free      shared  buff/cache   available
Mem:          33447        3936        1426         152       28084       28861
Swap:          2147         438        1708
Total:        35595        4375        3135

              total        used        free      shared  buff/cache   available
Mem:          33447        3934        1428         152       28084       28863
Swap:          2147         438        1708
Total:        35595        4373        3137

              total        used        free      shared  buff/cache   available
Mem:          33447        3960        1399         155       28087       28835
Swap:          2147         438        1708
Total:        35595        4399        3108

              total        used        free      shared  buff/cache   available
Mem:          33447        3953        1398         161       28095       28835
Swap:          2147         438        1708
Total:        35595        4392        3107

              total        used        free      shared  buff/cache   available
Mem:          33447        3956        1394         163       28097       28830
Swap:          2147         438        1708
Total:        35595        4394        3103

              total        used        free      shared  buff/cache   available
Mem:          33447        4012        1340         161       28095       28776
Swap:          2147         438        1708
Total:        35595        4450        3049

              total        used        free      shared  buff/cache   available
Mem:          33447        4098        1257         157       28091       28694
Swap:          2147         438        1708
Total:        35595        4537        2966

              total        used        free      shared  buff/cache   available
Mem:          33447        4096        1258         157       28091       28696
Swap:          2147         438        1708
Total:        35595        4535        2967

              total        used        free      shared  buff/cache   available
Mem:          33447        4082        1272         157       28092       28710
Swap:          2147         438        1708
Total:        35595        4521        2981

              total        used        free      shared  buff/cache   available
Mem:          33447        4051        1302         157       28093       28741
Swap:          2147         438        1708
Total:        35595        4490        3011

              total        used        free      shared  buff/cache   available
Mem:          33447        4052        1301         157       28093       28740
Swap:          2147         438        1708
Total:        35595        4490        3010

              total        used        free      shared  buff/cache   available
Mem:          33447        4069        1284         157       28094       28723
Swap:          2147         438        1708
Total:        35595        4507        2993

              total        used        free      shared  buff/cache   available
Mem:          33447        4067        1285         157       28094       28725
Swap:          2147         438        1708
Total:        35595        4506        2994

              total        used        free      shared  buff/cache   available
Mem:          33447        4054        1298         157       28093       28738
Swap:          2147         438        1708
Total:        35595        4493        3007

              total        used        free      shared  buff/cache   available
Mem:          33447        4068        1284         157       28094       28724
Swap:          2147         438        1708
Total:        35595        4507        2993

              total        used        free      shared  buff/cache   available
Mem:          33447        4045        1307         157       28094       28747
Swap:          2147         438        1708
Total:        35595        4484        3016

              total        used        free      shared  buff/cache   available
Mem:          33447        4050        1300         157       28095       28742
Swap:          2147         438        1708
Total:        35595        4489        3009

              total        used        free      shared  buff/cache   available
Mem:          33447        4047        1303         157       28096       28745
Swap:          2147         438        1708
Total:        35595        4485        3012

              total        used        free      shared  buff/cache   available
Mem:          33447        4072        1278         157       28096       28720
Swap:          2147         438        1708
Total:        35595        4510        2987

              total        used        free      shared  buff/cache   available
Mem:          33447        4062        1288         157       28096       28730
Swap:          2147         438        1708
Total:        35595        4501        2997

              total        used        free      shared  buff/cache   available
Mem:          33447        4073        1276         157       28097       28719
Swap:          2147         438        1708
Total:        35595        4511        2985

              total        used        free      shared  buff/cache   available
Mem:          33447        4049        1299         157       28098       28743
Swap:          2147         438        1708
Total:        35595        4488        3008

              total        used        free      shared  buff/cache   available
Mem:          33447        4056        1292         157       28098       28736
Swap:          2147         438        1708
Total:        35595        4495        3001

              total        used        free      shared  buff/cache   available
Mem:          33447        4043        1304         157       28098       28748
Swap:          2147         438        1708
Total:        35595        4482        3013

              total        used        free      shared  buff/cache   available
Mem:          33447        4070        1277         157       28099       28721
Swap:          2147         438        1708
Total:        35595        4509        2986

              total        used        free      shared  buff/cache   available
Mem:          33447        4053        1295         157       28098       28739
Swap:          2147         438        1708
Total:        35595        4492        3004

              total        used        free      shared  buff/cache   available
Mem:          33447        4061        1287         157       28099       28731
Swap:          2147         438        1708
Total:        35595        4499        2996

              total        used        free      shared  buff/cache   available
Mem:          33447        4060        1286         157       28099       28731
Swap:          2147         438        1708
Total:        35595        4499        2995

              total        used        free      shared  buff/cache   available
Mem:          33447        4086        1260         157       28100       28706
Swap:          2147         438        1708
Total:        35595        4525        2969

              total        used        free      shared  buff/cache   available
Mem:          33447        4077        1269         157       28099       28714
Swap:          2147         438        1708
Total:        35595        4516        2978

              total        used        free      shared  buff/cache   available
Mem:          33447        4081        1265         157       28100       28711
Swap:          2147         438        1708
Total:        35595        4519        2974

              total        used        free      shared  buff/cache   available
Mem:          33447        4053        1292         157       28101       28739
Swap:          2147         438        1708
Total:        35595        4491        3001

              total        used        free      shared  buff/cache   available
Mem:          33447        4035        1309         157       28101       28756
Swap:          2147         438        1708
Total:        35595        4474        3018

              total        used        free      shared  buff/cache   available
Mem:          33447        4025        1316         160       28105       28764
Swap:          2147         438        1708
Total:        35595        4463        3025

              total        used        free      shared  buff/cache   available
Mem:          33447        4050        1291         161       28105       28738
Swap:          2147         438        1708
Total:        35595        4489        3000

              total        used        free      shared  buff/cache   available
Mem:          33447        4033        1309         161       28105       28756
Swap:          2147         438        1708
Total:        35595        4471        3018

              total        used        free      shared  buff/cache   available
Mem:          33447        4052        1292         157       28102       28740
Swap:          2147         438        1708
Total:        35595        4490        3001

              total        used        free      shared  buff/cache   available
Mem:          33447        4026        1316         158       28103       28765
Swap:          2147         438        1708
Total:        35595        4465        3025

              total        used        free      shared  buff/cache   available
Mem:          33447        4023        1319         157       28104       28768
Swap:          2147         438        1708
Total:        35595        4462        3028

              total        used        free      shared  buff/cache   available
Mem:          33447        4036        1305         157       28105       28755
Swap:          2147         438        1708
Total:        35595        4475        3014

              total        used        free      shared  buff/cache   available
Mem:          33447        3931        1416         152       28099       28867
Swap:          2147         438        1708
Total:        35595        4369        3125

              total        used        free      shared  buff/cache   available
Mem:          33447        3949        1397         152       28100       28848
Swap:          2147         438        1708
Total:        35595        4388        3106

              total        used        free      shared  buff/cache   available
Mem:          33447        3930        1416         152       28100       28867
Swap:          2147         438        1708
Total:        35595        4369        3125

              total        used        free      shared  buff/cache   available
Mem:          33447        3946        1400         152       28100       28851
Swap:          2147         438        1708
Total:        35595        4385        3109

              total        used        free      shared  buff/cache   available
Mem:          33447        3921        1425         152       28100       28876
Swap:          2147         438        1708
Total:        35595        4360        3134

              total        used        free      shared  buff/cache   available
Mem:          33447        3915        1430         152       28101       28882
Swap:          2147         438        1708
Total:        35595        4353        3139

              total        used        free      shared  buff/cache   available
Mem:          33447        3921        1424         152       28101       28876
Swap:          2147         438        1708
Total:        35595        4359        3133

              total        used        free      shared  buff/cache   available
Mem:          33447        3918        1427         152       28102       28880
Swap:          2147         438        1708
Total:        35595        4356        3135

              total        used        free      shared  buff/cache   available
Mem:          33447        3923        1420         152       28103       28874
Swap:          2147         438        1708
Total:        35595        4362        3129

              total        used        free      shared  buff/cache   available
Mem:          33447        3940        1403         152       28102       28857
Swap:          2147         438        1708
Total:        35595        4379        3112

              total        used        free      shared  buff/cache   available
Mem:          33447        3946        1397         152       28102       28851
Swap:          2147         438        1708
Total:        35595        4385        3106

              total        used        free      shared  buff/cache   available
Mem:          33447        3924        1419         152       28103       28873
Swap:          2147         438        1708
Total:        35595        4363        3128

              total        used        free      shared  buff/cache   available
Mem:          33447        3915        1429         152       28103       28882
Swap:          2147         438        1708
Total:        35595        4353        3138

              total        used        free      shared  buff/cache   available
Mem:          33447        3917        1426         152       28103       28880
Swap:          2147         438        1708
Total:        35595        4356        3135

              total        used        free      shared  buff/cache   available
Mem:          33447        3918        1426         152       28103       28879
Swap:          2147         438        1708
Total:        35595        4356        3135

              total        used        free      shared  buff/cache   available
Mem:          33447        3918        1426         152       28103       28879
Swap:          2147         438        1708
Total:        35595        4356        3135

              total        used        free      shared  buff/cache   available
Mem:          33447        3828        1516         152       28103       28970
Swap:          2147         438        1708
Total:        35595        4266        3225

              total        used        free      shared  buff/cache   available
Mem:          33447        3826        1517         152       28103       28971
Swap:          2147         438        1708
Total:        35595        4265        3226

              total        used        free      shared  buff/cache   available
Mem:          33447        3825        1518         152       28102       28972
Swap:          2147         438        1708
Total:        35595        4264        3227

              total        used        free      shared  buff/cache   available
Mem:          33447        3824        1520         152       28103       28974
Swap:          2147         438        1708
Total:        35595        4262        3229

              total        used        free      shared  buff/cache   available
Mem:          33447        3824        1519         152       28103       28973
Swap:          2147         438        1708
Total:        35595        4263        3228

              total        used        free      shared  buff/cache   available
Mem:          33447        3824        1519         152       28103       28973
Swap:          2147         438        1708
Total:        35595        4263        3228
