RESET
CPU laptop 1745588997 2025/04/25 16:49:57 24228 100 12 240939 613943 1640 19102034 18477 0 4682 0 0 16459 100 0 0
SEP
CPU laptop 1745588998 2025/04/25 16:49:58 1 100 12 22 25 0 1144 2 0 1 0 0 18039 100 0 0
SEP
CPU laptop 1745588999 2025/04/25 16:49:59 1 100 12 32 37 0 1119 1 0 0 0 0 16761 100 0 0
SEP
CPU laptop 1745589000 2025/04/25 16:50:00 1 100 12 22 20 0 1140 9 0 0 0 0 16776 100 0 0
SEP
CPU laptop 1745589001 2025/04/25 16:50:01 1 100 12 16 15 0 1161 1 0 0 0 0 16781 100 0 0
SEP
CPU laptop 1745589002 2025/04/25 16:50:02 1 100 12 26 33 0 1135 2 0 0 0 0 16790 100 0 0
SEP
CPU laptop 1745589003 2025/04/25 16:50:03 1 100 12 18 20 0 1160 0 0 0 0 0 16777 100 0 0
SEP
CPU laptop 1745589004 2025/04/25 16:50:04 1 100 12 12 5 0 1183 0 0 0 0 0 16794 100 0 0
SEP
CPU laptop 1745589005 2025/04/25 16:50:05 1 100 12 15 48 0 1132 2 0 0 0 0 16794 100 0 0
SEP
CPU laptop 1745589006 2025/04/25 16:50:06 1 100 12 12 5 0 1183 0 0 0 0 0 16778 100 0 0
SEP
CPU laptop 1745589007 2025/04/25 16:50:07 1 100 12 11 5 0 1180 1 0 0 0 0 16782 100 0 0
SEP
CPU laptop 1745589008 2025/04/25 16:50:08 1 100 12 97 145 1 911 28 0 1 0 0 29040 100 0 0
SEP
CPU laptop 1745589009 2025/04/25 16:50:09 1 100 12 99 165 1 887 24 0 2 0 0 19522 100 0 0
SEP
CPU laptop 1745589010 2025/04/25 16:50:10 1 100 12 107 243 1 808 16 0 1 0 0 17763 100 0 0
SEP
CPU laptop 1745589011 2025/04/25 16:50:11 1 100 12 103 240 1 815 17 0 2 0 0 23792 100 0 0
SEP
CPU laptop 1745589012 2025/04/25 16:50:12 1 100 12 100 226 1 835 17 0 0 0 0 21825 100 0 0
SEP
CPU laptop 1745589013 2025/04/25 16:50:13 1 100 12 93 227 1 839 18 0 1 0 0 22162 100 0 0
SEP
CPU laptop 1745589014 2025/04/25 16:50:14 1 100 12 91 234 1 832 17 0 1 0 0 23461 100 0 0
SEP
CPU laptop 1745589015 2025/04/25 16:50:15 1 100 12 88 231 1 840 18 0 1 0 0 18764 100 0 0
SEP
CPU laptop 1745589016 2025/04/25 16:50:16 1 100 12 95 231 1 835 17 0 1 0 0 21026 100 0 0
SEP
CPU laptop 1745589017 2025/04/25 16:50:17 1 100 12 93 224 0 839 19 0 1 0 0 23796 100 0 0
SEP
CPU laptop 1745589018 2025/04/25 16:50:18 1 100 12 95 228 1 836 17 0 3 0 0 17796 100 0 0
SEP
CPU laptop 1745589019 2025/04/25 16:50:19 1 100 12 96 233 1 836 18 0 1 0 0 19028 100 0 0
SEP
CPU laptop 1745589020 2025/04/25 16:50:20 1 100 12 98 232 1 828 17 0 0 0 0 22871 100 0 0
SEP
CPU laptop 1745589021 2025/04/25 16:50:21 1 100 12 97 230 2 836 17 0 2 0 0 21172 100 0 0
SEP
CPU laptop 1745589022 2025/04/25 16:50:22 1 100 12 101 253 1 804 16 0 0 0 0 23095 100 0 0
SEP
CPU laptop 1745589023 2025/04/25 16:50:23 1 100 12 104 261 0 788 16 0 2 0 0 21071 100 0 0
SEP
CPU laptop 1745589024 2025/04/25 16:50:24 1 100 12 105 241 1 811 16 0 1 0 0 21242 100 0 0
SEP
CPU laptop 1745589025 2025/04/25 16:50:25 1 100 12 124 287 1 742 18 0 2 0 0 21724 100 0 0
SEP
CPU laptop 1745589026 2025/04/25 16:50:26 1 100 12 116 277 1 759 16 0 1 0 0 29040 100 0 0
SEP
CPU laptop 1745589027 2025/04/25 16:50:27 1 100 12 110 360 1 691 13 0 1 0 0 21227 100 0 0
SEP
CPU laptop 1745589028 2025/04/25 16:50:28 1 100 12 122 350 1 688 14 0 1 0 0 29039 100 0 0
SEP
CPU laptop 1745589029 2025/04/25 16:50:29 1 100 12 106 287 0 754 15 0 1 0 0 18228 100 0 0
SEP
CPU laptop 1745589030 2025/04/25 16:50:30 1 100 12 103 243 1 798 20 0 1 0 0 18896 100 0 0
SEP
CPU laptop 1745589031 2025/04/25 16:50:31 1 100 12 95 226 1 823 20 0 1 0 0 20808 100 0 0
SEP
CPU laptop 1745589032 2025/04/25 16:50:32 1 100 12 97 233 1 819 20 0 1 0 0 18814 100 0 0
SEP
CPU laptop 1745589033 2025/04/25 16:50:33 1 100 12 95 227 1 829 17 0 2 0 0 21057 100 0 0
SEP
CPU laptop 1745589034 2025/04/25 16:50:34 1 100 12 92 225 1 831 18 0 1 0 0 19798 100 0 0
SEP
CPU laptop 1745589035 2025/04/25 16:50:35 1 100 12 87 220 1 842 24 0 1 0 0 17770 100 0 0
SEP
CPU laptop 1745589036 2025/04/25 16:50:36 1 100 12 102 296 1 753 20 0 1 0 0 20819 100 0 0
SEP
CPU laptop 1745589037 2025/04/25 16:50:37 1 100 12 97 228 2 823 18 0 1 0 0 17783 100 0 0
SEP
CPU laptop 1745589038 2025/04/25 16:50:38 1 100 12 99 236 0 823 17 0 2 0 0 20751 100 0 0
SEP
CPU laptop 1745589039 2025/04/25 16:50:39 1 100 12 95 224 1 831 19 0 2 0 0 18748 100 0 0
SEP
CPU laptop 1745589040 2025/04/25 16:50:40 1 100 12 91 230 1 835 16 0 1 0 0 19494 100 0 0
SEP
CPU laptop 1745589041 2025/04/25 16:50:41 1 100 12 93 229 2 836 19 0 0 0 0 23101 100 0 0
SEP
CPU laptop 1745589042 2025/04/25 16:50:42 1 100 12 95 229 1 835 17 0 3 0 0 17523 100 0 0
SEP
CPU laptop 1745589043 2025/04/25 16:50:43 1 100 12 90 230 1 838 18 0 1 0 0 20475 100 0 0
SEP
CPU laptop 1745589044 2025/04/25 16:50:44 1 100 12 101 223 1 841 17 0 1 0 0 25366 100 0 0
SEP
CPU laptop 1745589045 2025/04/25 16:50:45 1 100 12 94 281 1 787 16 0 1 0 0 23432 100 0 0
SEP
CPU laptop 1745589046 2025/04/25 16:50:46 1 100 12 91 230 1 841 17 0 1 0 0 23122 100 0 0
SEP
CPU laptop 1745589047 2025/04/25 16:50:47 1 100 12 97 235 1 831 17 0 2 0 0 24096 100 0 0
SEP
CPU laptop 1745589048 2025/04/25 16:50:48 1 100 12 96 212 1 852 17 0 1 0 0 29040 100 0 0
SEP
CPU laptop 1745589049 2025/04/25 16:50:49 1 100 12 94 246 1 824 15 0 0 0 0 25752 100 0 0
SEP
CPU laptop 1745589050 2025/04/25 16:50:50 1 100 12 99 214 1 847 19 0 2 0 0 29040 100 0 0
SEP
CPU laptop 1745589051 2025/04/25 16:50:51 1 100 12 96 241 1 820 18 0 2 0 0 29040 100 0 0
SEP
CPU laptop 1745589052 2025/04/25 16:50:52 1 100 12 92 198 1 868 17 0 2 0 0 29040 100 0 0
SEP
CPU laptop 1745589053 2025/04/25 16:50:53 1 100 12 96 222 1 846 16 0 1 0 0 29040 100 0 0
SEP
CPU laptop 1745589054 2025/04/25 16:50:54 1 100 12 94 174 2 890 18 0 1 0 0 29040 100 0 0
SEP
CPU laptop 1745589055 2025/04/25 16:50:55 1 100 12 101 201 1 858 19 0 1 0 0 18606 100 0 0
SEP
CPU laptop 1745589056 2025/04/25 16:50:56 1 100 12 97 209 1 850 18 0 2 0 0 17795 100 0 0
SEP
CPU laptop 1745589057 2025/04/25 16:50:57 1 100 12 97 220 1 842 19 0 1 0 0 17795 100 0 0
SEP
CPU laptop 1745589058 2025/04/25 16:50:58 1 100 12 98 248 1 812 18 0 1 0 0 17768 100 0 0
SEP
CPU laptop 1745589059 2025/04/25 16:50:59 1 100 12 106 223 1 829 16 0 2 0 0 18760 100 0 0
SEP
CPU laptop 1745589060 2025/04/25 16:51:00 1 100 12 97 237 2 822 20 0 1 0 0 18489 100 0 0
SEP
CPU laptop 1745589061 2025/04/25 16:51:01 1 100 12 94 224 1 842 18 0 1 0 0 19903 100 0 0
SEP
CPU laptop 1745589062 2025/04/25 16:51:02 1 100 12 89 231 1 834 19 0 1 0 0 17813 100 0 0
SEP
CPU laptop 1745589063 2025/04/25 16:51:03 1 100 12 96 230 1 832 19 0 1 0 0 19510 100 0 0
SEP
CPU laptop 1745589064 2025/04/25 16:51:04 1 100 12 94 226 1 835 18 0 1 0 0 19465 100 0 0
SEP
CPU laptop 1745589065 2025/04/25 16:51:05 1 100 12 102 236 1 823 16 0 1 0 0 18235 100 0 0
SEP
CPU laptop 1745589066 2025/04/25 16:51:06 1 100 12 91 227 1 841 17 0 1 0 0 17925 100 0 0
SEP
CPU laptop 1745589067 2025/04/25 16:51:07 1 100 12 110 232 1 815 17 0 1 0 0 18350 100 0 0
SEP
CPU laptop 1745589068 2025/04/25 16:51:08 1 100 12 100 224 1 834 17 0 1 0 0 18153 100 0 0
SEP
CPU laptop 1745589069 2025/04/25 16:51:09 1 100 12 96 228 2 835 17 0 1 0 0 18754 100 0 0
SEP
CPU laptop 1745589070 2025/04/25 16:51:10 1 100 12 95 229 1 834 19 0 1 0 0 17779 100 0 0
SEP
CPU laptop 1745589071 2025/04/25 16:51:11 1 100 12 91 231 0 837 17 0 2 0 0 18412 100 0 0
SEP
CPU laptop 1745589072 2025/04/25 16:51:12 1 100 12 85 231 2 842 17 0 1 0 0 17777 100 0 0
SEP
CPU laptop 1745589073 2025/04/25 16:51:13 1 100 12 97 226 1 837 16 0 0 0 0 19190 100 0 0
SEP
CPU laptop 1745589074 2025/04/25 16:51:14 1 100 12 95 236 1 830 16 0 1 0 0 17772 100 0 0
SEP
CPU laptop 1745589075 2025/04/25 16:51:15 1 100 12 91 235 1 835 19 0 1 0 0 18187 100 0 0
SEP
CPU laptop 1745589076 2025/04/25 16:51:16 1 100 12 90 228 1 842 17 0 0 0 0 18439 100 0 0
SEP
CPU laptop 1745589077 2025/04/25 16:51:17 1 100 12 98 226 1 838 17 0 2 0 0 20211 100 0 0
SEP
CPU laptop 1745589078 2025/04/25 16:51:18 1 100 12 92 233 0 835 17 0 1 0 0 18314 100 0 0
SEP
CPU laptop 1745589079 2025/04/25 16:51:19 1 100 12 93 233 1 836 17 0 1 0 0 29032 100 0 0
SEP
CPU laptop 1745589080 2025/04/25 16:51:20 1 100 12 127 257 1 778 16 0 0 0 0 16755 100 0 0
SEP
CPU laptop 1745589081 2025/04/25 16:51:21 1 100 12 92 236 1 833 17 0 1 0 0 29040 100 0 0
SEP
CPU laptop 1745589082 2025/04/25 16:51:22 1 100 12 78 215 1 865 18 0 1 0 0 17777 100 0 0
SEP
CPU laptop 1745589083 2025/04/25 16:51:23 1 100 12 93 233 1 833 16 0 1 0 0 16877 100 0 0
SEP
CPU laptop 1745589084 2025/04/25 16:51:24 1 100 12 91 232 1 835 17 0 1 0 0 18449 100 0 0
SEP
CPU laptop 1745589085 2025/04/25 16:51:25 1 100 12 103 236 1 816 15 0 1 0 0 23703 100 0 0
SEP
CPU laptop 1745589086 2025/04/25 16:51:26 1 100 12 109 312 0 739 11 0 0 0 0 18759 100 0 0
SEP
CPU laptop 1745589087 2025/04/25 16:51:27 1 100 12 96 248 1 817 16 0 1 0 0 16693 100 0 0
SEP
CPU laptop 1745589088 2025/04/25 16:51:28 1 100 12 108 243 1 808 17 0 2 0 0 29039 100 0 0
SEP
CPU laptop 1745589089 2025/04/25 16:51:29 1 100 12 134 325 1 694 17 0 0 0 0 29034 100 0 0
SEP
CPU laptop 1745589090 2025/04/25 16:51:30 1 100 12 142 376 0 637 15 0 1 0 0 21472 100 0 0
SEP
CPU laptop 1745589091 2025/04/25 16:51:31 1 100 12 136 301 1 724 16 0 2 0 0 36579 100 0 0
SEP
CPU laptop 1745589092 2025/04/25 16:51:32 1 100 12 116 269 2 774 17 0 0 0 0 28006 100 0 0
SEP
CPU laptop 1745589093 2025/04/25 16:51:33 1 100 12 124 279 1 737 34 0 3 0 0 26814 100 0 0
SEP
CPU laptop 1745589094 2025/04/25 16:51:34 1 100 12 95 280 2 769 26 0 2 0 0 22273 100 0 0
SEP
CPU laptop 1745589095 2025/04/25 16:51:35 1 100 12 116 260 0 769 24 0 1 0 0 27802 100 0 0
SEP
CPU laptop 1745589096 2025/04/25 16:51:36 1 100 12 95 245 2 806 18 0 1 0 0 21205 100 0 0
SEP
CPU laptop 1745589097 2025/04/25 16:51:37 1 100 12 102 274 1 773 17 0 3 0 0 20126 100 0 0
SEP
CPU laptop 1745589098 2025/04/25 16:51:38 1 100 12 106 253 1 795 15 0 1 0 0 18738 100 0 0
SEP
CPU laptop 1745589099 2025/04/25 16:51:39 1 100 12 101 245 1 813 15 0 1 0 0 18876 100 0 0
SEP
CPU laptop 1745589100 2025/04/25 16:51:40 1 100 12 118 309 1 728 17 0 1 0 0 24886 100 0 0
SEP
CPU laptop 1745589101 2025/04/25 16:51:41 1 100 12 101 237 1 815 17 0 1 0 0 23585 100 0 0
SEP
CPU laptop 1745589102 2025/04/25 16:51:42 1 100 12 119 298 1 739 17 0 1 0 0 24478 100 0 0
SEP
CPU laptop 1745589103 2025/04/25 16:51:43 1 100 12 122 286 1 742 15 0 1 0 0 25127 100 0 0
SEP
CPU laptop 1745589104 2025/04/25 16:51:44 1 100 12 110 261 2 780 15 0 1 0 0 21250 100 0 0
SEP
CPU laptop 1745589105 2025/04/25 16:51:45 1 100 12 92 251 1 809 16 0 2 0 0 25352 100 0 0
SEP
CPU laptop 1745589106 2025/04/25 16:51:46 1 100 12 92 237 1 828 15 0 0 0 0 18744 100 0 0
SEP
CPU laptop 1745589107 2025/04/25 16:51:47 1 100 12 112 264 1 779 13 0 1 0 0 25790 100 0 0
SEP
CPU laptop 1745589108 2025/04/25 16:51:48 1 100 12 100 234 1 826 18 0 1 0 0 16753 100 0 0
SEP
CPU laptop 1745589109 2025/04/25 16:51:49 1 100 12 106 246 1 800 18 0 1 0 0 18741 100 0 0
SEP
CPU laptop 1745589110 2025/04/25 16:51:50 1 100 12 22 18 0 1149 2 0 0 0 0 17768 100 0 0
SEP
CPU laptop 1745589111 2025/04/25 16:51:51 1 100 12 23 42 0 1127 0 0 0 0 0 16771 100 0 0
SEP
CPU laptop 1745589112 2025/04/25 16:51:52 1 100 12 16 13 0 1166 2 0 0 0 0 16793 100 0 0
SEP
CPU laptop 1745589113 2025/04/25 16:51:53 1 100 12 33 70 0 1093 0 0 0 0 0 17494 100 0 0
SEP
CPU laptop 1745589114 2025/04/25 16:51:54 1 100 12 11 6 0 1180 0 0 0 0 0 16778 100 0 0
SEP
CPU laptop 1745589115 2025/04/25 16:51:55 1 100 12 15 6 0 1176 0 0 1 0 0 17497 100 0 0
SEP
CPU laptop 1745589116 2025/04/25 16:51:56 1 100 12 14 6 0 1176 0 0 0 0 0 16788 100 0 0
SEP
CPU laptop 1745589117 2025/04/25 16:51:57 1 100 12 12 6 0 1178 2 0 0 0 0 16786 100 0 0
SEP
CPU laptop 1745589118 2025/04/25 16:51:58 1 100 12 12 5 0 1178 2 0 0 0 0 16794 100 0 0
SEP
