1474 
1105 
1045 
1033 
980 
1010 
988 
1026 
1024 
998 
969 
985 
963 
1006 
1049 
989 
1064 
1038 
1084 
1017 
1037 
987 
955 
997 
1008 
1028 
1118 
1030 
982 
991 
1009 
1036 
989 
1008 
1017 
991 
1034 
1025 
1006 
1029 
994 
1011 
1011 
1031 
1010 
1024 
1025 
1022 
1016 
1033 
1030 
986 
1017 
1024 
1016 
1009 
1018 
1006 
1023 
996 
993 
1019 
994 
1018 
999 
999 
1038 
998 
1025 
1021 
1072 
1011 
1022 
1041 
1005 
1037 
1093 
1018 
1008 
1081 
1072 
986 
959 
855 
848 
822 
841 
951 
1014 
1016 
1064 
1020 
1081 
1019 
1053 
1037 
1043 
1063 
1015 
1028 
