              total        used        free      shared  buff/cache   available
Mem:          33447        3971        1691         158       27785       28821
Swap:          2147         438        1708
Total:        35595        4409        3400

              total        used        free      shared  buff/cache   available
Mem:          33447        3965        1696         158       27785       28827
Swap:          2147         438        1708
Total:        35595        4403        3405

              total        used        free      shared  buff/cache   available
Mem:          33447        3967        1694         157       27785       28825
Swap:          2147         438        1708
Total:        35595        4406        3403

              total        used        free      shared  buff/cache   available
Mem:          33447        3969        1692         158       27785       28823
Swap:          2147         438        1708
Total:        35595        4407        3401

              total        used        free      shared  buff/cache   available
Mem:          33447        3873        1787         158       27785       28918
Swap:          2147         438        1708
Total:        35595        4312        3496

              total        used        free      shared  buff/cache   available
Mem:          33447        3873        1788         158       27785       28919
Swap:          2147         438        1708
Total:        35595        4311        3497

              total        used        free      shared  buff/cache   available
Mem:          33447        3873        1788         158       27785       28919
Swap:          2147         438        1708
Total:        35595        4311        3497

              total        used        free      shared  buff/cache   available
Mem:          33447        3873        1788         158       27785       28919
Swap:          2147         438        1708
Total:        35595        4311        3497

              total        used        free      shared  buff/cache   available
Mem:          33447        3873        1788         158       27785       28919
Swap:          2147         438        1708
Total:        35595        4312        3497

              total        used        free      shared  buff/cache   available
Mem:          33447        3871        1790         158       27785       28921
Swap:          2147         438        1708
Total:        35595        4309        3499

              total        used        free      shared  buff/cache   available
Mem:          33447        3872        1789         158       27785       28919
Swap:          2147         438        1708
Total:        35595        4311        3497

              total        used        free      shared  buff/cache   available
Mem:          33447        3986        1669         158       27791       28806
Swap:          2147         438        1708
Total:        35595        4424        3378

              total        used        free      shared  buff/cache   available
Mem:          33447        3999        1655         158       27792       28792
Swap:          2147         438        1708
Total:        35595        4438        3364

              total        used        free      shared  buff/cache   available
Mem:          33447        3985        1669         158       27792       28806
Swap:          2147         438        1708
Total:        35595        4423        3378

              total        used        free      shared  buff/cache   available
Mem:          33447        3994        1659         158       27793       28797
Swap:          2147         438        1708
Total:        35595        4433        3367

              total        used        free      shared  buff/cache   available
Mem:          33447        3981        1671         158       27794       28810
Swap:          2147         438        1708
Total:        35595        4420        3380

              total        used        free      shared  buff/cache   available
Mem:          33447        3978        1669         161       27799       28810
Swap:          2147         438        1708
Total:        35595        4417        3378

              total        used        free      shared  buff/cache   available
Mem:          33447        3973        1675         161       27799       28815
Swap:          2147         438        1708
Total:        35595        4411        3384

              total        used        free      shared  buff/cache   available
Mem:          33447        4003        1644         161       27799       28785
Swap:          2147         438        1708
Total:        35595        4442        3353

              total        used        free      shared  buff/cache   available
Mem:          33447        3980        1670         158       27796       28811
Swap:          2147         438        1708
Total:        35595        4419        3379

              total        used        free      shared  buff/cache   available
Mem:          33447        3996        1653         158       27796       28795
Swap:          2147         438        1708
Total:        35595        4435        3362

              total        used        free      shared  buff/cache   available
Mem:          33447        3998        1651         158       27798       28793
Swap:          2147         438        1708
Total:        35595        4436        3360

              total        used        free      shared  buff/cache   available
Mem:          33447        3974        1673         158       27799       28818
Swap:          2147         438        1708
Total:        35595        4412        3382

              total        used        free      shared  buff/cache   available
Mem:          33447        3955        1691         158       27800       28836
Swap:          2147         438        1708
Total:        35595        4394        3400

              total        used        free      shared  buff/cache   available
Mem:          33447        3977        1669         158       27800       28814
Swap:          2147         438        1708
Total:        35595        4416        3378

              total        used        free      shared  buff/cache   available
Mem:          33447        3968        1678         158       27800       28823
Swap:          2147         438        1708
Total:        35595        4407        3387

              total        used        free      shared  buff/cache   available
Mem:          33447        3982        1663         158       27801       28809
Swap:          2147         438        1708
Total:        35595        4421        3372

              total        used        free      shared  buff/cache   available
Mem:          33447        3958        1686         158       27801       28833
Swap:          2147         438        1708
Total:        35595        4397        3395

              total        used        free      shared  buff/cache   available
Mem:          33447        3970        1675         158       27802       28822
Swap:          2147         438        1708
Total:        35595        4408        3384

              total        used        free      shared  buff/cache   available
Mem:          33447        3966        1678         158       27802       28825
Swap:          2147         438        1708
Total:        35595        4405        3387

              total        used        free      shared  buff/cache   available
Mem:          33447        3966        1677         158       27803       28825
Swap:          2147         438        1708
Total:        35595        4405        3386

              total        used        free      shared  buff/cache   available
Mem:          33447        3983        1660         158       27803       28808
Swap:          2147         438        1708
Total:        35595        4421        3369

              total        used        free      shared  buff/cache   available
Mem:          33447        3962        1681         158       27803       28829
Swap:          2147         438        1708
Total:        35595        4401        3390

              total        used        free      shared  buff/cache   available
Mem:          33447        3967        1676         158       27803       28824
Swap:          2147         438        1708
Total:        35595        4406        3385

              total        used        free      shared  buff/cache   available
Mem:          33447        3895        1750         155       27801       28899
Swap:          2147         438        1708
Total:        35595        4334        3459

              total        used        free      shared  buff/cache   available
Mem:          33447        3917        1725         158       27804       28875
Swap:          2147         438        1708
Total:        35595        4355        3434

              total        used        free      shared  buff/cache   available
Mem:          33447        3926        1716         158       27805       28865
Swap:          2147         438        1708
Total:        35595        4364        3425

              total        used        free      shared  buff/cache   available
Mem:          33447        3894        1744         160       27808       28895
Swap:          2147         438        1708
Total:        35595        4332        3453

              total        used        free      shared  buff/cache   available
Mem:          33447        3933        1706         158       27807       28858
Swap:          2147         438        1708
Total:        35595        4371        3415

              total        used        free      shared  buff/cache   available
Mem:          33447        4020        1619         158       27807       28771
Swap:          2147         438        1708
Total:        35595        4458        3328

              total        used        free      shared  buff/cache   available
Mem:          33447        4033        1606         158       27807       28758
Swap:          2147         438        1708
Total:        35595        4472        3315

              total        used        free      shared  buff/cache   available
Mem:          33447        3984        1655         158       27807       28807
Swap:          2147         438        1708
Total:        35595        4422        3364

              total        used        free      shared  buff/cache   available
Mem:          33447        3986        1652         158       27808       28805
Swap:          2147         438        1708
Total:        35595        4424        3361

              total        used        free      shared  buff/cache   available
Mem:          33447        3989        1649         158       27808       28802
Swap:          2147         438        1708
Total:        35595        4428        3357

              total        used        free      shared  buff/cache   available
Mem:          33447        3991        1647         158       27809       28800
Swap:          2147         438        1708
Total:        35595        4429        3356

              total        used        free      shared  buff/cache   available
Mem:          33447        4002        1635         158       27809       28789
Swap:          2147         438        1708
Total:        35595        4441        3344

              total        used        free      shared  buff/cache   available
Mem:          33447        3989        1643         161       27814       28799
Swap:          2147         438        1708
Total:        35595        4428        3352

              total        used        free      shared  buff/cache   available
Mem:          33447        3995        1637         161       27814       28793
Swap:          2147         438        1708
Total:        35595        4433        3346

              total        used        free      shared  buff/cache   available
Mem:          33447        4011        1620         161       27815       28777
Swap:          2147         438        1708
Total:        35595        4449        3329

              total        used        free      shared  buff/cache   available
Mem:          33447        4014        1621         158       27811       28777
Swap:          2147         438        1708
Total:        35595        4452        3330

              total        used        free      shared  buff/cache   available
Mem:          33447        3997        1637         158       27812       28794
Swap:          2147         438        1708
Total:        35595        4435        3346

              total        used        free      shared  buff/cache   available
Mem:          33447        3991        1642         158       27813       28800
Swap:          2147         438        1708
Total:        35595        4429        3351

              total        used        free      shared  buff/cache   available
Mem:          33447        3996        1637         158       27813       28795
Swap:          2147         438        1708
Total:        35595        4434        3346

              total        used        free      shared  buff/cache   available
Mem:          33447        4018        1614         158       27813       28772
Swap:          2147         438        1708
Total:        35595        4457        3323

              total        used        free      shared  buff/cache   available
Mem:          33447        3994        1639         158       27813       28797
Swap:          2147         438        1708
Total:        35595        4432        3348

              total        used        free      shared  buff/cache   available
Mem:          33447        3988        1644         158       27814       28802
Swap:          2147         438        1708
Total:        35595        4427        3353

              total        used        free      shared  buff/cache   available
Mem:          33447        3993        1637         158       27815       28798
Swap:          2147         438        1708
Total:        35595        4432        3346

              total        used        free      shared  buff/cache   available
Mem:          33447        3989        1641         158       27815       28802
Swap:          2147         438        1708
Total:        35595        4428        3350

              total        used        free      shared  buff/cache   available
Mem:          33447        3991        1639         158       27817       28800
Swap:          2147         438        1708
Total:        35595        4429        3348

              total        used        free      shared  buff/cache   available
Mem:          33447        4009        1621         158       27816       28782
Swap:          2147         438        1708
Total:        35595        4448        3330

              total        used        free      shared  buff/cache   available
Mem:          33447        4007        1623         158       27816       28784
Swap:          2147         438        1708
Total:        35595        4445        3332

              total        used        free      shared  buff/cache   available
Mem:          33447        3989        1640         158       27817       28801
Swap:          2147         438        1708
Total:        35595        4428        3349

              total        used        free      shared  buff/cache   available
Mem:          33447        3994        1635         158       27817       28797
Swap:          2147         438        1708
Total:        35595        4432        3344

              total        used        free      shared  buff/cache   available
Mem:          33447        4005        1624         158       27818       28786
Swap:          2147         438        1708
Total:        35595        4443        3333

              total        used        free      shared  buff/cache   available
Mem:          33447        3990        1638         158       27818       28801
Swap:          2147         438        1708
Total:        35595        4428        3347

              total        used        free      shared  buff/cache   available
Mem:          33447        3961        1667         158       27818       28830
Swap:          2147         438        1708
Total:        35595        4400        3375

              total        used        free      shared  buff/cache   available
Mem:          33447        3963        1665         158       27818       28828
Swap:          2147         438        1708
Total:        35595        4402        3374

              total        used        free      shared  buff/cache   available
Mem:          33447        3956        1672         158       27818       28834
Swap:          2147         438        1708
Total:        35595        4395        3380

              total        used        free      shared  buff/cache   available
Mem:          33447        3958        1670         158       27818       28833
Swap:          2147         438        1708
Total:        35595        4396        3379

              total        used        free      shared  buff/cache   available
Mem:          33447        3854        1774         158       27818       28937
Swap:          2147         438        1708
Total:        35595        4292        3483

              total        used        free      shared  buff/cache   available
Mem:          33447        3852        1775         158       27818       28938
Swap:          2147         438        1708
Total:        35595        4291        3484

              total        used        free      shared  buff/cache   available
Mem:          33447        3852        1776         158       27818       28939
Swap:          2147         438        1708
Total:        35595        4290        3485

              total        used        free      shared  buff/cache   available
Mem:          33447        3851        1777         158       27818       28940
Swap:          2147         438        1708
Total:        35595        4289        3486

              total        used        free      shared  buff/cache   available
Mem:          33447        3838        1789         158       27818       28952
Swap:          2147         438        1708
Total:        35595        4277        3498

              total        used        free      shared  buff/cache   available
Mem:          33447        3839        1789         158       27818       28952
Swap:          2147         438        1708
Total:        35595        4278        3498
