RESET
CPU laptop 1745516868 2025/04/24 20:47:48 638438 100 12 3443172 6394973 70511 154866751 261473 0 77736 0 0 30386 100 0 0
SEP
CPU laptop 1745516869 2025/04/24 20:47:49 1 100 12 92 55 0 1043 0 0 1 0 0 19262 100 0 0
SEP
CPU laptop 1745516870 2025/04/24 20:47:50 1 100 12 84 36 0 1069 1 0 1 0 0 17123 100 0 0
SEP
CPU laptop 1745516871 2025/04/24 20:47:51 1 100 12 73 13 0 1111 1 0 0 0 0 17664 100 0 0
SEP
CPU laptop 1745516872 2025/04/24 20:47:52 1 100 12 68 17 0 1110 3 0 0 0 0 19356 100 0 0
SEP
CPU laptop 1745516873 2025/04/24 20:47:53 1 100 12 67 18 0 1114 1 0 0 0 0 18320 100 0 0
SEP
CPU laptop 1745516874 2025/04/24 20:47:54 1 100 12 68 16 0 1112 0 0 0 0 0 18643 100 0 0
SEP
CPU laptop 1745516875 2025/04/24 20:47:55 1 100 12 72 14 0 1112 1 0 0 0 0 16967 100 0 0
SEP
CPU laptop 1745516876 2025/04/24 20:47:56 1 100 12 70 15 0 1113 1 0 0 0 0 19609 100 0 0
SEP
CPU laptop 1745516877 2025/04/24 20:47:57 1 100 12 70 16 0 1108 3 0 0 0 0 19922 100 0 0
SEP
CPU laptop 1745516878 2025/04/24 20:47:58 1 100 12 72 14 0 1112 0 0 0 0 0 17836 100 0 0
SEP
CPU laptop 1745516879 2025/04/24 20:47:59 1 100 12 144 210 0 825 11 0 1 0 0 21150 100 0 0
SEP
CPU laptop 1745516880 2025/04/24 20:48:00 1 100 12 140 176 1 850 16 0 0 0 0 47730 100 0 0
SEP
CPU laptop 1745516881 2025/04/24 20:48:01 1 100 12 132 162 1 877 12 0 1 0 0 19449 100 0 0
SEP
CPU laptop 1745516882 2025/04/24 20:48:02 1 100 12 137 237 0 806 6 0 0 0 0 20088 100 0 0
SEP
CPU laptop 1745516883 2025/04/24 20:48:03 1 100 12 145 218 1 799 20 0 1 0 0 47815 100 0 0
SEP
CPU laptop 1745516884 2025/04/24 20:48:04 1 100 12 137 100 1 934 14 0 1 0 0 22493 100 0 0
SEP
CPU laptop 1745516885 2025/04/24 20:48:05 1 100 12 119 210 0 860 3 0 1 0 0 21421 100 0 0
SEP
CPU laptop 1745516886 2025/04/24 20:48:06 1 100 12 149 217 1 798 17 0 1 0 0 31498 100 0 0
SEP
CPU laptop 1745516887 2025/04/24 20:48:07 1 100 12 141 101 1 924 19 0 0 0 0 29567 100 0 0
SEP
CPU laptop 1745516888 2025/04/24 20:48:08 1 100 12 113 213 0 861 3 0 1 0 0 23251 100 0 0
SEP
CPU laptop 1745516889 2025/04/24 20:48:09 1 100 12 143 218 1 797 17 0 0 0 0 25407 100 0 0
SEP
CPU laptop 1745516890 2025/04/24 20:48:10 1 100 12 141 94 1 937 15 0 1 0 0 31729 100 0 0
SEP
CPU laptop 1745516891 2025/04/24 20:48:11 1 100 12 112 215 0 862 2 0 0 0 0 19366 100 0 0
SEP
CPU laptop 1745516892 2025/04/24 20:48:12 1 100 12 140 234 1 788 17 0 1 0 0 22440 100 0 0
SEP
CPU laptop 1745516893 2025/04/24 20:48:13 1 100 12 146 83 1 929 27 0 1 0 0 26471 100 0 0
SEP
CPU laptop 1745516894 2025/04/24 20:48:14 1 100 12 110 217 0 865 2 0 0 0 0 17530 100 0 0
SEP
CPU laptop 1745516895 2025/04/24 20:48:15 1 100 12 142 232 0 791 16 0 0 0 0 20783 100 0 0
SEP
CPU laptop 1745516896 2025/04/24 20:48:16 1 100 12 146 90 1 929 18 0 1 0 0 19681 100 0 0
SEP
CPU laptop 1745516897 2025/04/24 20:48:17 1 100 12 112 214 0 863 3 0 1 0 0 18119 100 0 0
SEP
CPU laptop 1745516898 2025/04/24 20:48:18 1 100 12 134 240 0 791 18 0 2 0 0 23369 100 0 0
SEP
CPU laptop 1745516899 2025/04/24 20:48:19 1 100 12 148 94 1 920 16 0 1 0 0 20073 100 0 0
SEP
CPU laptop 1745516900 2025/04/24 20:48:20 1 100 12 121 223 0 844 6 0 0 0 0 26450 100 0 0
SEP
CPU laptop 1745516901 2025/04/24 20:48:21 1 100 12 133 203 1 840 12 0 1 0 0 20088 100 0 0
SEP
CPU laptop 1745516902 2025/04/24 20:48:22 1 100 12 144 104 1 917 18 0 1 0 0 34527 100 0 0
SEP
CPU laptop 1745516903 2025/04/24 20:48:23 1 100 12 111 212 0 862 8 0 1 0 0 17845 100 0 0
SEP
CPU laptop 1745516904 2025/04/24 20:48:24 1 100 12 138 203 1 832 9 0 1 0 0 24443 100 0 0
SEP
CPU laptop 1745516905 2025/04/24 20:48:25 1 100 12 146 143 1 877 16 0 0 0 0 47829 100 0 0
SEP
CPU laptop 1745516906 2025/04/24 20:48:26 1 100 12 118 171 0 895 10 0 1 0 0 29204 100 0 0
SEP
CPU laptop 1745516907 2025/04/24 20:48:27 1 100 12 132 211 1 834 10 0 1 0 0 20180 100 0 0
SEP
CPU laptop 1745516908 2025/04/24 20:48:28 1 100 12 143 108 0 916 17 0 1 0 0 38942 100 0 0
SEP
CPU laptop 1745516909 2025/04/24 20:48:29 1 100 12 117 209 1 855 10 0 2 0 0 31413 100 0 0
SEP
CPU laptop 1745516910 2025/04/24 20:48:30 1 100 12 128 222 0 830 8 0 0 0 0 24365 100 0 0
SEP
CPU laptop 1745516911 2025/04/24 20:48:31 1 100 12 148 223 1 793 19 0 1 0 0 47818 100 0 0
SEP
CPU laptop 1745516912 2025/04/24 20:48:32 1 100 12 133 104 1 933 14 0 1 0 0 29955 100 0 0
SEP
CPU laptop 1745516913 2025/04/24 20:48:33 1 100 12 113 219 0 858 3 0 1 0 0 25630 100 0 0
SEP
CPU laptop 1745516914 2025/04/24 20:48:34 1 100 12 140 216 1 805 18 0 0 0 0 27255 100 0 0
SEP
CPU laptop 1745516915 2025/04/24 20:48:35 1 100 12 138 94 0 936 17 0 2 0 0 30414 100 0 0
SEP
CPU laptop 1745516916 2025/04/24 20:48:36 1 100 12 119 255 0 815 2 0 1 0 0 24472 100 0 0
SEP
CPU laptop 1745516917 2025/04/24 20:48:37 1 100 12 143 241 1 777 20 0 1 0 0 19766 100 0 0
SEP
CPU laptop 1745516918 2025/04/24 20:48:38 1 100 12 142 90 1 935 18 0 2 0 0 21323 100 0 0
SEP
CPU laptop 1745516919 2025/04/24 20:48:39 1 100 12 109 220 0 860 2 0 0 0 0 23445 100 0 0
SEP
CPU laptop 1745516920 2025/04/24 20:48:40 1 100 12 137 240 2 790 16 0 1 0 0 21912 100 0 0
SEP
CPU laptop 1745516921 2025/04/24 20:48:41 1 100 12 143 92 0 927 18 0 2 0 0 25622 100 0 0
SEP
CPU laptop 1745516922 2025/04/24 20:48:42 1 100 12 111 216 0 867 2 0 1 0 0 24269 100 0 0
SEP
CPU laptop 1745516923 2025/04/24 20:48:43 1 100 12 135 234 1 796 16 0 2 0 0 23696 100 0 0
SEP
CPU laptop 1745516924 2025/04/24 20:48:44 1 100 12 142 91 1 926 19 0 1 0 0 27645 100 0 0
SEP
CPU laptop 1745516925 2025/04/24 20:48:45 1 100 12 116 215 0 861 3 0 1 0 0 16760 100 0 0
SEP
CPU laptop 1745516926 2025/04/24 20:48:46 1 100 12 138 231 1 800 17 0 1 0 0 21445 100 0 0
SEP
CPU laptop 1745516927 2025/04/24 20:48:47 1 100 12 145 94 1 925 17 0 1 0 0 19689 100 0 0
SEP
CPU laptop 1745516928 2025/04/24 20:48:48 1 100 12 114 223 0 845 9 0 1 0 0 16757 100 0 0
SEP
CPU laptop 1745516929 2025/04/24 20:48:49 1 100 12 138 224 1 813 10 0 1 0 0 21971 100 0 0
SEP
CPU laptop 1745516930 2025/04/24 20:48:50 1 100 12 146 133 0 883 17 0 1 0 0 47888 100 0 0
SEP
CPU laptop 1745516931 2025/04/24 20:48:51 1 100 12 113 182 1 887 8 0 0 0 0 17778 100 0 0
SEP
CPU laptop 1745516932 2025/04/24 20:48:52 1 100 12 132 216 0 830 10 0 1 0 0 22029 100 0 0
SEP
CPU laptop 1745516933 2025/04/24 20:48:53 1 100 12 149 158 1 856 17 0 1 0 0 47816 100 0 0
SEP
CPU laptop 1745516934 2025/04/24 20:48:54 1 100 12 132 165 1 880 13 0 0 0 0 41556 100 0 0
SEP
CPU laptop 1745516935 2025/04/24 20:48:55 1 100 12 122 215 0 847 7 0 1 0 0 26647 100 0 0
SEP
CPU laptop 1745516936 2025/04/24 20:48:56 1 100 12 145 218 1 796 17 0 2 0 0 31847 100 0 0
SEP
CPU laptop 1745516937 2025/04/24 20:48:57 1 100 12 139 96 1 938 16 0 0 0 0 24154 100 0 0
SEP
CPU laptop 1745516938 2025/04/24 20:48:58 1 100 12 111 219 0 860 2 0 0 0 0 21996 100 0 0
SEP
CPU laptop 1745516939 2025/04/24 20:48:59 1 100 12 140 232 0 790 20 0 1 0 0 22192 100 0 0
SEP
CPU laptop 1745516940 2025/04/24 20:49:00 1 100 12 145 100 1 923 17 0 0 0 0 18253 100 0 0
SEP
CPU laptop 1745516941 2025/04/24 20:49:01 1 100 12 115 210 0 866 2 0 0 0 0 17692 100 0 0
SEP
CPU laptop 1745516942 2025/04/24 20:49:02 1 100 12 135 241 1 793 17 0 1 0 0 19683 100 0 0
SEP
CPU laptop 1745516943 2025/04/24 20:49:03 1 100 12 150 86 0 928 19 0 1 0 0 23081 100 0 0
SEP
CPU laptop 1745516944 2025/04/24 20:49:04 1 100 12 116 218 0 854 3 0 0 0 0 16817 100 0 0
SEP
CPU laptop 1745516945 2025/04/24 20:49:05 1 100 12 138 217 1 815 17 0 1 0 0 26067 100 0 0
SEP
CPU laptop 1745516946 2025/04/24 20:49:06 1 100 12 143 89 1 933 18 0 1 0 0 19675 100 0 0
SEP
CPU laptop 1745516947 2025/04/24 20:49:07 1 100 12 126 218 0 839 8 0 1 0 0 17001 100 0 0
SEP
CPU laptop 1745516948 2025/04/24 20:49:08 1 100 12 129 215 1 834 11 0 1 0 0 23870 100 0 0
SEP
CPU laptop 1745516949 2025/04/24 20:49:09 1 100 12 146 102 0 917 17 0 1 0 0 37414 100 0 0
SEP
CPU laptop 1745516950 2025/04/24 20:49:10 1 100 12 117 207 0 857 9 0 0 0 0 20491 100 0 0
SEP
CPU laptop 1745516951 2025/04/24 20:49:11 1 100 12 135 208 1 833 10 0 1 0 0 20888 100 0 0
SEP
CPU laptop 1745516952 2025/04/24 20:49:12 1 100 12 146 179 1 834 19 0 1 0 0 47834 100 0 0
SEP
CPU laptop 1745516953 2025/04/24 20:49:13 1 100 12 121 138 0 922 9 0 1 0 0 24903 100 0 0
SEP
CPU laptop 1745516954 2025/04/24 20:49:14 1 100 12 131 222 0 830 8 0 1 0 0 20088 100 0 0
SEP
CPU laptop 1745516955 2025/04/24 20:49:15 1 100 12 148 225 1 792 17 0 1 0 0 47740 100 0 0
SEP
CPU laptop 1745516956 2025/04/24 20:49:16 1 100 12 138 100 1 933 15 0 2 0 0 30853 100 0 0
SEP
CPU laptop 1745516957 2025/04/24 20:49:17 1 100 12 119 210 0 862 1 0 0 0 0 20362 100 0 0
SEP
CPU laptop 1745516958 2025/04/24 20:49:18 1 100 12 144 233 1 789 18 0 1 0 0 24949 100 0 0
SEP
CPU laptop 1745516959 2025/04/24 20:49:19 1 100 12 149 90 0 927 17 0 2 0 0 32294 100 0 0
SEP
CPU laptop 1745516960 2025/04/24 20:49:20 1 100 12 111 217 0 864 2 0 0 0 0 46086 100 0 0
SEP
CPU laptop 1745516961 2025/04/24 20:49:21 1 100 12 137 234 1 790 18 0 1 0 0 26986 100 0 0
SEP
CPU laptop 1745516962 2025/04/24 20:49:22 1 100 12 148 91 1 924 18 0 1 0 0 21608 100 0 0
SEP
CPU laptop 1745516963 2025/04/24 20:49:23 1 100 12 107 220 0 864 3 0 1 0 0 16696 100 0 0
SEP
CPU laptop 1745516964 2025/04/24 20:49:24 1 100 12 135 230 1 804 15 0 1 0 0 24018 100 0 0
SEP
CPU laptop 1745516965 2025/04/24 20:49:25 1 100 12 145 92 1 930 17 0 2 0 0 24338 100 0 0
SEP
CPU laptop 1745516966 2025/04/24 20:49:26 1 100 12 117 218 0 847 8 0 0 0 0 19857 100 0 0
SEP
CPU laptop 1745516967 2025/04/24 20:49:27 1 100 12 136 203 1 839 11 0 1 0 0 23963 100 0 0
SEP
CPU laptop 1745516968 2025/04/24 20:49:28 1 100 12 141 124 1 898 17 0 1 0 0 47892 100 0 0
SEP
CPU laptop 1745516969 2025/04/24 20:49:29 1 100 12 122 215 0 847 9 0 0 0 0 16759 100 0 0
SEP
CPU laptop 1745516970 2025/04/24 20:49:30 1 100 12 131 208 0 834 11 0 1 0 0 22552 100 0 0
SEP
CPU laptop 1745516971 2025/04/24 20:49:31 1 100 12 142 90 1 925 23 0 1 0 0 20748 100 0 0
SEP
CPU laptop 1745516972 2025/04/24 20:49:32 1 100 12 118 228 0 840 7 0 1 0 0 30754 100 0 0
SEP
CPU laptop 1745516973 2025/04/24 20:49:33 1 100 12 135 201 1 838 13 0 0 0 0 21479 100 0 0
SEP
CPU laptop 1745516974 2025/04/24 20:49:34 1 100 12 144 90 1 929 18 0 0 0 0 20940 100 0 0
SEP
CPU laptop 1745516975 2025/04/24 20:49:35 1 100 12 118 219 0 846 7 0 1 0 0 21015 100 0 0
SEP
CPU laptop 1745516976 2025/04/24 20:49:36 1 100 12 132 202 1 842 11 0 1 0 0 20459 100 0 0
SEP
CPU laptop 1745516977 2025/04/24 20:49:37 1 100 12 163 209 0 792 17 0 1 0 0 47831 100 0 0
SEP
CPU laptop 1745516978 2025/04/24 20:49:38 1 100 12 129 131 1 914 12 0 1 0 0 27728 100 0 0
SEP
CPU laptop 1745516979 2025/04/24 20:49:39 1 100 12 148 248 0 786 5 0 0 0 0 23261 100 0 0
SEP
CPU laptop 1745516980 2025/04/24 20:49:40 1 100 12 147 222 1 796 18 0 1 0 0 45140 100 0 0
SEP
CPU laptop 1745516981 2025/04/24 20:49:41 1 100 12 136 97 1 940 15 0 0 0 0 24475 100 0 0
SEP
CPU laptop 1745516982 2025/04/24 20:49:42 1 100 12 116 214 0 857 3 0 2 0 0 20923 100 0 0
SEP
CPU laptop 1745516983 2025/04/24 20:49:43 1 100 12 151 223 0 792 16 0 1 0 0 27108 100 0 0
SEP
CPU laptop 1745516984 2025/04/24 20:49:44 1 100 12 153 92 1 925 16 0 0 0 0 27706 100 0 0
SEP
CPU laptop 1745516985 2025/04/24 20:49:45 1 100 12 115 214 0 861 2 0 0 0 0 26720 100 0 0
SEP
CPU laptop 1745516986 2025/04/24 20:49:46 1 100 12 130 237 1 799 16 0 3 0 0 21188 100 0 0
SEP
CPU laptop 1745516987 2025/04/24 20:49:47 1 100 12 143 95 0 926 19 0 1 0 0 21166 100 0 0
SEP
CPU laptop 1745516988 2025/04/24 20:49:48 1 100 12 121 217 0 846 7 0 2 0 0 16757 100 0 0
SEP
CPU laptop 1745516989 2025/04/24 20:49:49 1 100 12 147 216 1 807 15 0 1 0 0 20502 100 0 0
SEP
CPU laptop 1745516990 2025/04/24 20:49:50 1 100 12 147 118 1 897 18 0 1 0 0 47810 100 0 0
SEP
CPU laptop 1745516991 2025/04/24 20:49:51 1 100 12 119 189 0 872 10 0 1 0 0 20275 100 0 0
SEP
CPU laptop 1745516992 2025/04/24 20:49:52 1 100 12 135 202 1 839 10 0 0 0 0 22331 100 0 0
SEP
CPU laptop 1745516993 2025/04/24 20:49:53 1 100 12 147 93 0 925 18 0 1 0 0 20178 100 0 0
SEP
CPU laptop 1745516994 2025/04/24 20:49:54 1 100 12 117 221 1 844 8 0 2 0 0 16775 100 0 0
SEP
CPU laptop 1745516995 2025/04/24 20:49:55 1 100 12 138 208 0 831 11 0 0 0 0 21265 100 0 0
SEP
CPU laptop 1745516996 2025/04/24 20:49:56 1 100 12 151 160 1 840 29 0 1 0 0 47730 100 0 0
SEP
CPU laptop 1745516997 2025/04/24 20:49:57 1 100 12 138 161 1 875 12 0 1 0 0 47811 100 0 0
SEP
CPU laptop 1745516998 2025/04/24 20:49:58 1 100 12 117 213 0 855 5 0 1 0 0 22884 100 0 0
SEP
CPU laptop 1745516999 2025/04/24 20:49:59 1 100 12 148 230 1 790 15 0 1 0 0 27253 100 0 0
SEP
CPU laptop 1745517000 2025/04/24 20:50:00 1 100 12 141 90 1 938 17 0 1 0 0 31284 100 0 0
SEP
CPU laptop 1745517001 2025/04/24 20:50:01 1 100 12 117 221 0 855 2 0 0 0 0 19598 100 0 0
SEP
CPU laptop 1745517002 2025/04/24 20:50:02 1 100 12 151 264 1 748 18 0 1 0 0 30119 100 0 0
SEP
CPU laptop 1745517003 2025/04/24 20:50:03 1 100 12 154 161 0 846 26 0 0 0 0 21262 100 0 0
SEP
CPU laptop 1745517004 2025/04/24 20:50:04 1 100 12 151 253 0 761 24 0 0 0 0 20117 100 0 0
SEP
CPU laptop 1745517005 2025/04/24 20:50:05 1 100 12 148 117 1 899 18 0 2 0 0 47896 100 0 0
SEP
CPU laptop 1745517006 2025/04/24 20:50:06 1 100 12 116 196 1 868 10 0 1 0 0 16755 100 0 0
SEP
CPU laptop 1745517007 2025/04/24 20:50:07 1 100 12 147 205 0 822 14 0 0 0 0 22199 100 0 0
SEP
CPU laptop 1745517008 2025/04/24 20:50:08 1 100 12 147 121 1 899 16 0 1 0 0 47814 100 0 0
SEP
CPU laptop 1745517009 2025/04/24 20:50:09 1 100 12 122 196 0 865 8 0 0 0 0 25733 100 0 0
SEP
CPU laptop 1745517010 2025/04/24 20:50:10 1 100 12 136 224 0 822 9 0 1 0 0 20555 100 0 0
SEP
CPU laptop 1745517011 2025/04/24 20:50:11 1 100 12 146 213 1 808 17 0 0 0 0 47881 100 0 0
SEP
CPU laptop 1745517012 2025/04/24 20:50:12 1 100 12 138 122 1 911 16 0 1 0 0 29049 100 0 0
SEP
CPU laptop 1745517013 2025/04/24 20:50:13 1 100 12 113 218 0 857 4 0 1 0 0 21341 100 0 0
SEP
CPU laptop 1745517014 2025/04/24 20:50:14 1 100 12 145 232 1 789 16 0 1 0 0 25129 100 0 0
SEP
CPU laptop 1745517015 2025/04/24 20:50:15 1 100 12 147 95 1 918 22 0 0 0 0 34595 100 0 0
SEP
CPU laptop 1745517016 2025/04/24 20:50:16 1 100 12 118 210 0 863 3 0 0 0 0 24281 100 0 0
SEP
CPU laptop 1745517017 2025/04/24 20:50:17 1 100 12 145 228 1 795 16 0 1 0 0 21564 100 0 0
SEP
CPU laptop 1745517018 2025/04/24 20:50:18 1 100 12 141 93 1 927 18 0 1 0 0 21850 100 0 0
SEP
CPU laptop 1745517019 2025/04/24 20:50:19 1 100 12 122 225 0 833 9 0 2 0 0 19525 100 0 0
SEP
CPU laptop 1745517020 2025/04/24 20:50:20 1 100 12 135 203 0 836 12 0 0 0 0 22557 100 0 0
SEP
CPU laptop 1745517021 2025/04/24 20:50:21 1 100 12 146 89 2 929 19 0 1 0 0 20762 100 0 0
SEP
CPU laptop 1745517022 2025/04/24 20:50:22 1 100 12 119 220 0 846 6 0 1 0 0 20900 100 0 0
SEP
CPU laptop 1745517023 2025/04/24 20:50:23 1 100 12 133 209 1 833 11 0 1 0 0 23908 100 0 0
SEP
CPU laptop 1745517024 2025/04/24 20:50:24 1 100 12 147 89 0 921 24 0 0 0 0 23277 100 0 0
SEP
CPU laptop 1745517025 2025/04/24 20:50:25 1 100 12 127 212 1 845 9 0 1 0 0 17716 100 0 0
SEP
CPU laptop 1745517026 2025/04/24 20:50:26 1 100 12 73 17 0 1107 0 0 0 0 0 17483 100 0 0
SEP
CPU laptop 1745517027 2025/04/24 20:50:27 1 100 12 73 16 0 1108 0 0 0 0 0 18468 100 0 0
SEP
CPU laptop 1745517028 2025/04/24 20:50:28 1 100 12 71 17 0 1109 1 0 0 0 0 19182 100 0 0
SEP
CPU laptop 1745517029 2025/04/24 20:50:29 1 100 12 84 19 0 1094 1 0 0 0 0 21074 100 0 0
SEP
CPU laptop 1745517030 2025/04/24 20:50:30 1 100 12 71 15 0 1111 1 0 0 0 0 19798 100 0 0
SEP
CPU laptop 1745517031 2025/04/24 20:50:31 1 100 12 71 16 0 1110 1 0 0 0 0 17096 100 0 0
SEP
CPU laptop 1745517032 2025/04/24 20:50:32 1 100 12 72 17 0 1109 0 0 0 0 0 16786 100 0 0
SEP
CPU laptop 1745517033 2025/04/24 20:50:33 1 100 12 70 17 0 1110 1 0 0 0 0 17469 100 0 0
SEP
CPU laptop 1745517034 2025/04/24 20:50:34 1 100 12 70 19 0 1109 1 0 0 0 0 17800 100 0 0
SEP
