752 
830 
844 
830 
790 
828 
867 
857 
933 
870 
932 
836 
904 
865 
775 
847 
882 
858 
787 
815 
794 
821 
846 
743 
791 
829 
785 
850 
735 
799 
788 
854 
833 
815 
807 
814 
836 
795 
813 
788 
831 
871 
939 
884 
761 
776 
805 
815 
764 
830 
819 
845 
791 
800 
766 
797 
812 
762 
824 
833 
856 
776 
815 
789 
794 
828 
814 
751 
819 
811 
839 
800 
794 
838 
772 
801 
821 
774 
794 
817 
792 
830 
834 
800 
781 
809 
797 
810 
767 
852 
803 
837 
842 
802 
771 
810 
892 
857 
759 
799 
