               total        used        free      shared  buff/cache   available
Mem:           14514        4175         738         152        9600        9849
Swap:           2147           3        2144
Total:         16662        4178        2882

               total        used        free      shared  buff/cache   available
Mem:           14514        4193         720         152        9600        9831
Swap:           2147           3        2144
Total:         16662        4196        2864

               total        used        free      shared  buff/cache   available
Mem:           14514        4193         722         149        9598        9833
Swap:           2147           3        2144
Total:         16662        4197        2866

               total        used        free      shared  buff/cache   available
Mem:           14514        4192         723         149        9598        9834
Swap:           2147           3        2144
Total:         16662        4195        2868

               total        used        free      shared  buff/cache   available
Mem:           14514        4191         723         149        9598        9834
Swap:           2147           3        2144
Total:         16662        4195        2868

               total        used        free      shared  buff/cache   available
Mem:           14514        4191         724         149        9598        9835
Swap:           2147           3        2144
Total:         16662        4195        2868

               total        used        free      shared  buff/cache   available
Mem:           14514        4191         724         149        9598        9835
Swap:           2147           3        2144
Total:         16662        4195        2868

               total        used        free      shared  buff/cache   available
Mem:           14514        4189         726         149        9598        9837
Swap:           2147           3        2144
Total:         16662        4192        2870

               total        used        free      shared  buff/cache   available
Mem:           14514        4189         726         149        9598        9837
Swap:           2147           3        2144
Total:         16662        4192        2870

               total        used        free      shared  buff/cache   available
Mem:           14514        4189         726         149        9598        9837
Swap:           2147           3        2144
Total:         16662        4192        2870

               total        used        free      shared  buff/cache   available
Mem:           14514        4188         727         149        9598        9838
Swap:           2147           3        2144
Total:         16662        4192        2871

               total        used        free      shared  buff/cache   available
Mem:           14514        4381         532         149        9600        9644
Swap:           2147           3        2144
Total:         16662        4385        2676

               total        used        free      shared  buff/cache   available
Mem:           14514        4337         577         149        9599        9689
Swap:           2147           3        2144
Total:         16662        4340        2721

               total        used        free      shared  buff/cache   available
Mem:           14514        4333         580         152        9601        9691
Swap:           2147           3        2144
Total:         16662        4336        2724

               total        used        free      shared  buff/cache   available
Mem:           14514        4404         507         152        9602        9620
Swap:           2147           3        2144
Total:         16662        4407        2651

               total        used        free      shared  buff/cache   available
Mem:           14514        4343         570         149        9600        9683
Swap:           2147           3        2144
Total:         16662        4346        2714

               total        used        free      shared  buff/cache   available
Mem:           14514        4364         550         149        9599        9661
Swap:           2147           3        2144
Total:         16662        4368        2694

               total        used        free      shared  buff/cache   available
Mem:           14514        4472         441         149        9601        9554
Swap:           2147           3        2144
Total:         16662        4475        2585

               total        used        free      shared  buff/cache   available
Mem:           14514        4395         519         149        9600        9631
Swap:           2147           3        2144
Total:         16662        4398        2663

               total        used        free      shared  buff/cache   available
Mem:           14514        4383         528         153        9602        9640
Swap:           2147           3        2144
Total:         16662        4386        2672

               total        used        free      shared  buff/cache   available
Mem:           14514        4390         517         153        9606        9633
Swap:           2147           3        2144
Total:         16662        4394        2661

               total        used        free      shared  buff/cache   available
Mem:           14514        4377         533         153        9604        9646
Swap:           2147           3        2144
Total:         16662        4380        2677

               total        used        free      shared  buff/cache   available
Mem:           14514        4355         559         149        9599        9671
Swap:           2147           3        2144
Total:         16662        4358        2703

               total        used        free      shared  buff/cache   available
Mem:           14514        4411         499         149        9603        9615
Swap:           2147           3        2144
Total:         16662        4414        2643

               total        used        free      shared  buff/cache   available
Mem:           14514        4403         510         149        9601        9623
Swap:           2147           3        2144
Total:         16662        4406        2654

               total        used        free      shared  buff/cache   available
Mem:           14514        4393         521         149        9600        9633
Swap:           2147           3        2144
Total:         16662        4396        2665

               total        used        free      shared  buff/cache   available
Mem:           14514        4424         486         149        9603        9601
Swap:           2147           3        2144
Total:         16662        4428        2630

               total        used        free      shared  buff/cache   available
Mem:           14514        4451         461         149        9601        9574
Swap:           2147           3        2144
Total:         16662        4455        2605

               total        used        free      shared  buff/cache   available
Mem:           14514        4316         598         149        9600        9710
Swap:           2147           3        2144
Total:         16662        4319        2742

               total        used        free      shared  buff/cache   available
Mem:           14514        4362         548         149        9603        9664
Swap:           2147           3        2144
Total:         16662        4365        2692

               total        used        free      shared  buff/cache   available
Mem:           14514        4417         495         149        9601        9609
Swap:           2147           3        2144
Total:         16662        4421        2639

               total        used        free      shared  buff/cache   available
Mem:           14514        4383         529         149        9600        9642
Swap:           2147           3        2144
Total:         16662        4387        2673

               total        used        free      shared  buff/cache   available
Mem:           14514        4326         584         149        9603        9700
Swap:           2147           3        2144
Total:         16662        4330        2728

               total        used        free      shared  buff/cache   available
Mem:           14514        4379         533         149        9601        9647
Swap:           2147           3        2144
Total:         16662        4383        2677

               total        used        free      shared  buff/cache   available
Mem:           14514        4331         581         149        9601        9694
Swap:           2147           3        2144
Total:         16662        4335        2725

               total        used        free      shared  buff/cache   available
Mem:           14514        4330         583         149        9600        9696
Swap:           2147           3        2144
Total:         16662        4333        2727

               total        used        free      shared  buff/cache   available
Mem:           14514        4400         512         149        9602        9626
Swap:           2147           3        2144
Total:         16662        4403        2656

               total        used        free      shared  buff/cache   available
Mem:           14514        4369         543         149        9602        9657
Swap:           2147           3        2144
Total:         16662        4372        2687

               total        used        free      shared  buff/cache   available
Mem:           14514        4379         533         149        9601        9647
Swap:           2147           3        2144
Total:         16662        4383        2677

               total        used        free      shared  buff/cache   available
Mem:           14514        4397         514         149        9602        9629
Swap:           2147           3        2144
Total:         16662        4401        2658

               total        used        free      shared  buff/cache   available
Mem:           14514        4346         566         150        9602        9680
Swap:           2147           3        2144
Total:         16662        4349        2710

               total        used        free      shared  buff/cache   available
Mem:           14514        4317         595         149        9601        9709
Swap:           2147           3        2144
Total:         16662        4320        2739

               total        used        free      shared  buff/cache   available
Mem:           14514        4390         521         150        9602        9636
Swap:           2147           3        2144
Total:         16662        4394        2665

               total        used        free      shared  buff/cache   available
Mem:           14514        4336         576         149        9602        9690
Swap:           2147           3        2144
Total:         16662        4339        2720

               total        used        free      shared  buff/cache   available
Mem:           14514        4330         582         149        9601        9696
Swap:           2147           3        2144
Total:         16662        4333        2727

               total        used        free      shared  buff/cache   available
Mem:           14514        4401         508         150        9605        9625
Swap:           2147           3        2144
Total:         16662        4404        2652

               total        used        free      shared  buff/cache   available
Mem:           14514        4379         532         150        9602        9647
Swap:           2147           3        2144
Total:         16662        4382        2676

               total        used        free      shared  buff/cache   available
Mem:           14514        4370         541         149        9601        9655
Swap:           2147           3        2144
Total:         16662        4374        2685

               total        used        free      shared  buff/cache   available
Mem:           14514        4392         516         150        9605        9633
Swap:           2147           3        2144
Total:         16662        4396        2660

               total        used        free      shared  buff/cache   available
Mem:           14514        4408         500         153        9606        9615
Swap:           2147           3        2144
Total:         16662        4411        2644

               total        used        free      shared  buff/cache   available
Mem:           14514        4365         543         153        9605        9657
Swap:           2147           3        2144
Total:         16662        4369        2687

               total        used        free      shared  buff/cache   available
Mem:           14514        4378         527         153        9608        9645
Swap:           2147           3        2144
Total:         16662        4381        2671

               total        used        free      shared  buff/cache   available
Mem:           14514        4422         488         150        9603        9604
Swap:           2147           3        2144
Total:         16662        4425        2632

               total        used        free      shared  buff/cache   available
Mem:           14514        4334         578         150        9602        9692
Swap:           2147           3        2144
Total:         16662        4337        2722

               total        used        free      shared  buff/cache   available
Mem:           14514        4343         565         149        9605        9683
Swap:           2147           3        2144
Total:         16662        4346        2709

               total        used        free      shared  buff/cache   available
Mem:           14514        4376         534         150        9603        9650
Swap:           2147           3        2144
Total:         16662        4379        2678

               total        used        free      shared  buff/cache   available
Mem:           14514        4331         580         150        9602        9694
Swap:           2147           3        2144
Total:         16662        4335        2724

               total        used        free      shared  buff/cache   available
Mem:           14514        4326         581         149        9606        9700
Swap:           2147           3        2144
Total:         16662        4330        2725

               total        used        free      shared  buff/cache   available
Mem:           14514        4380         530         150        9603        9646
Swap:           2147           3        2144
Total:         16662        4384        2674

               total        used        free      shared  buff/cache   available
Mem:           14514        4351         559         150        9603        9675
Swap:           2147           3        2144
Total:         16662        4354        2704

               total        used        free      shared  buff/cache   available
Mem:           14514        4348         563         149        9602        9678
Swap:           2147           3        2144
Total:         16662        4351        2707

               total        used        free      shared  buff/cache   available
Mem:           14514        4438         472         150        9604        9588
Swap:           2147           3        2144
Total:         16662        4441        2616

               total        used        free      shared  buff/cache   available
Mem:           14514        4424         486         150        9603        9602
Swap:           2147           3        2144
Total:         16662        4427        2630

               total        used        free      shared  buff/cache   available
Mem:           14514        4393         518         149        9603        9633
Swap:           2147           3        2144
Total:         16662        4396        2662

               total        used        free      shared  buff/cache   available
Mem:           14514        4452         457         150        9604        9573
Swap:           2147           3        2144
Total:         16662        4456        2601

               total        used        free      shared  buff/cache   available
Mem:           14514        4424         485         150        9604        9602
Swap:           2147           3        2144
Total:         16662        4427        2629

               total        used        free      shared  buff/cache   available
Mem:           14514        4385         525         150        9603        9640
Swap:           2147           3        2144
Total:         16662        4389        2669

               total        used        free      shared  buff/cache   available
Mem:           14514        4475         434         150        9604        9551
Swap:           2147           3        2144
Total:         16662        4479        2578

               total        used        free      shared  buff/cache   available
Mem:           14514        4444         466         150        9604        9582
Swap:           2147           3        2144
Total:         16662        4447        2610

               total        used        free      shared  buff/cache   available
Mem:           14514        4415         495         150        9603        9610
Swap:           2147           3        2144
Total:         16662        4419        2639

               total        used        free      shared  buff/cache   available
Mem:           14514        4437         469         150        9607        9588
Swap:           2147           3        2144
Total:         16662        4441        2613

               total        used        free      shared  buff/cache   available
Mem:           14514        4463         446         150        9604        9563
Swap:           2147           3        2144
Total:         16662        4466        2590

               total        used        free      shared  buff/cache   available
Mem:           14514        4409         501         150        9603        9617
Swap:           2147           3        2144
Total:         16662        4412        2645

               total        used        free      shared  buff/cache   available
Mem:           14514        4392         514         150        9607        9633
Swap:           2147           3        2144
Total:         16662        4396        2658

               total        used        free      shared  buff/cache   available
Mem:           14514        4408         501         150        9605        9618
Swap:           2147           3        2144
Total:         16662        4411        2645

               total        used        free      shared  buff/cache   available
Mem:           14514        4403         506         150        9604        9622
Swap:           2147           3        2144
Total:         16662        4407        2650

               total        used        free      shared  buff/cache   available
Mem:           14514        4387         519         150        9607        9639
Swap:           2147           3        2144
Total:         16662        4390        2663

               total        used        free      shared  buff/cache   available
Mem:           14514        4418         490         150        9605        9608
Swap:           2147           3        2144
Total:         16662        4421        2635

               total        used        free      shared  buff/cache   available
Mem:           14514        4360         549         150        9605        9666
Swap:           2147           3        2144
Total:         16662        4363        2693

               total        used        free      shared  buff/cache   available
Mem:           14514        4374         531         153        9607        9648
Swap:           2147           3        2144
Total:         16662        4378        2676

               total        used        free      shared  buff/cache   available
Mem:           14514        4467         438         153        9609        9556
Swap:           2147           3        2144
Total:         16662        4470        2582

               total        used        free      shared  buff/cache   available
Mem:           14514        4374         531         153        9608        9649
Swap:           2147           3        2144
Total:         16662        4377        2675

               total        used        free      shared  buff/cache   available
Mem:           14514        4355         554         150        9604        9671
Swap:           2147           3        2144
Total:         16662        4358        2698

               total        used        free      shared  buff/cache   available
Mem:           14514        4419         488         150        9606        9606
Swap:           2147           3        2144
Total:         16662        4423        2632

               total        used        free      shared  buff/cache   available
Mem:           14514        4392         516         150        9606        9634
Swap:           2147           3        2144
Total:         16662        4395        2660

               total        used        free      shared  buff/cache   available
Mem:           14514        4337         571         150        9605        9689
Swap:           2147           3        2144
Total:         16662        4341        2715

               total        used        free      shared  buff/cache   available
Mem:           14514        4438         468         150        9607        9587
Swap:           2147           3        2144
Total:         16662        4442        2613

               total        used        free      shared  buff/cache   available
Mem:           14514        4389         519         150        9606        9637
Swap:           2147           3        2144
Total:         16662        4392        2663

               total        used        free      shared  buff/cache   available
Mem:           14514        4382         526         150        9605        9644
Swap:           2147           3        2144
Total:         16662        4385        2670

               total        used        free      shared  buff/cache   available
Mem:           14514        4434         471         150        9609        9592
Swap:           2147           3        2144
Total:         16662        4437        2615

               total        used        free      shared  buff/cache   available
Mem:           14514        4430         477         150        9606        9596
Swap:           2147           3        2144
Total:         16662        4433        2622

               total        used        free      shared  buff/cache   available
Mem:           14514        4371         537         150        9605        9654
Swap:           2147           3        2144
Total:         16662        4375        2681

               total        used        free      shared  buff/cache   available
Mem:           14514        4356         548         150        9609        9669
Swap:           2147           3        2144
Total:         16662        4360        2692

               total        used        free      shared  buff/cache   available
Mem:           14514        4402         505         150        9606        9624
Swap:           2147           3        2144
Total:         16662        4406        2649

               total        used        free      shared  buff/cache   available
Mem:           14514        4343         565         150        9605        9683
Swap:           2147           3        2144
Total:         16662        4346        2709

               total        used        free      shared  buff/cache   available
Mem:           14514        4370         535         150        9609        9656
Swap:           2147           3        2144
Total:         16662        4373        2679

               total        used        free      shared  buff/cache   available
Mem:           14514        4386         521         150        9607        9640
Swap:           2147           3        2144
Total:         16662        4389        2665

               total        used        free      shared  buff/cache   available
Mem:           14514        4361         546         150        9606        9665
Swap:           2147           3        2144
Total:         16662        4364        2690

               total        used        free      shared  buff/cache   available
Mem:           14514        4342         565         150        9606        9683
Swap:           2147           3        2144
Total:         16662        4346        2709

               total        used        free      shared  buff/cache   available
Mem:           14514        4427         479         150        9607        9598
Swap:           2147           3        2144
Total:         16662        4431        2623

               total        used        free      shared  buff/cache   available
Mem:           14514        4379         527         150        9607        9646
Swap:           2147           3        2144
Total:         16662        4383        2671

               total        used        free      shared  buff/cache   available
Mem:           14514        4318         589         150        9606        9708
Swap:           2147           3        2144
Total:         16662        4321        2733

               total        used        free      shared  buff/cache   available
Mem:           14514        4402         504         150        9607        9624
Swap:           2147           3        2144
Total:         16662        4405        2648

               total        used        free      shared  buff/cache   available
Mem:           14514        4364         543         150        9606        9662
Swap:           2147           3        2144
Total:         16662        4367        2687

               total        used        free      shared  buff/cache   available
Mem:           14514        4324         580         150        9609        9701
Swap:           2147           3        2144
Total:         16662        4328        2724

               total        used        free      shared  buff/cache   available
Mem:           14514        4412         493         150        9607        9613
Swap:           2147           3        2144
Total:         16662        4416        2637

               total        used        free      shared  buff/cache   available
Mem:           14514        4374         532         150        9607        9652
Swap:           2147           3        2144
Total:         16662        4377        2676

               total        used        free      shared  buff/cache   available
Mem:           14514        4343         564         150        9607        9683
Swap:           2147           3        2144
Total:         16662        4346        2708

               total        used        free      shared  buff/cache   available
Mem:           14514        4420         485         150        9608        9605
Swap:           2147           3        2144
Total:         16662        4424        2629

               total        used        free      shared  buff/cache   available
Mem:           14514        4390         509         155        9614        9629
Swap:           2147           3        2144
Total:         16662        4394        2653

               total        used        free      shared  buff/cache   available
Mem:           14514        4361         539         155        9612        9659
Swap:           2147           3        2144
Total:         16662        4365        2683

               total        used        free      shared  buff/cache   available
Mem:           14514        4482         408         164        9623        9529
Swap:           2147           3        2144
Total:         16662        4486        2552

               total        used        free      shared  buff/cache   available
Mem:           14514        4428         466         161        9619        9587
Swap:           2147           3        2144
Total:         16662        4431        2611

               total        used        free      shared  buff/cache   available
Mem:           14514        4409         487         160        9618        9606
Swap:           2147           3        2144
Total:         16662        4412        2631

               total        used        free      shared  buff/cache   available
Mem:           14514        4427         464         161        9622        9587
Swap:           2147           3        2144
Total:         16662        4431        2608

               total        used        free      shared  buff/cache   available
Mem:           14514        4432         462         161        9619        9583
Swap:           2147           3        2144
Total:         16662        4435        2606

               total        used        free      shared  buff/cache   available
Mem:           14514        4391         504         161        9618        9625
Swap:           2147           3        2144
Total:         16662        4394        2648

               total        used        free      shared  buff/cache   available
Mem:           14514        4378         513         161        9622        9637
Swap:           2147           3        2144
Total:         16662        4381        2657

               total        used        free      shared  buff/cache   available
Mem:           14514        4419         474         161        9620        9595
Swap:           2147           3        2144
Total:         16662        4423        2618

               total        used        free      shared  buff/cache   available
Mem:           14514        4401         493         161        9619        9614
Swap:           2147           3        2144
Total:         16662        4404        2637

               total        used        free      shared  buff/cache   available
Mem:           14514        4392         500         160        9621        9622
Swap:           2147           3        2144
Total:         16662        4396        2644

               total        used        free      shared  buff/cache   available
Mem:           14514        4493         400         161        9620        9521
Swap:           2147           3        2144
Total:         16662        4497        2544

               total        used        free      shared  buff/cache   available
Mem:           14514        4426         467         161        9620        9588
Swap:           2147           3        2144
Total:         16662        4430        2611

               total        used        free      shared  buff/cache   available
Mem:           14514        4425         470         161        9619        9590
Swap:           2147           3        2144
Total:         16662        4428        2614

               total        used        free      shared  buff/cache   available
Mem:           14514        4498         396         161        9620        9517
Swap:           2147           3        2144
Total:         16662        4501        2540

               total        used        free      shared  buff/cache   available
Mem:           14514        4410         483         161        9620        9604
Swap:           2147           3        2144
Total:         16662        4414        2627

               total        used        free      shared  buff/cache   available
Mem:           14514        4375         519         161        9619        9640
Swap:           2147           3        2144
Total:         16662        4378        2663

               total        used        free      shared  buff/cache   available
Mem:           14514        4496         397         161        9620        9519
Swap:           2147           3        2144
Total:         16662        4499        2541

               total        used        free      shared  buff/cache   available
Mem:           14514        4441         444         161        9628        9573
Swap:           2147           3        2144
Total:         16662        4445        2588

               total        used        free      shared  buff/cache   available
Mem:           14514        4425         461         161        9627        9590
Swap:           2147           3        2144
Total:         16662        4428        2605

               total        used        free      shared  buff/cache   available
Mem:           14514        4464         419         161        9631        9551
Swap:           2147           3        2144
Total:         16662        4467        2563

               total        used        free      shared  buff/cache   available
Mem:           14514        4453         431         161        9629        9561
Swap:           2147           3        2144
Total:         16662        4457        2575

               total        used        free      shared  buff/cache   available
Mem:           14514        4419         467         161        9628        9596
Swap:           2147           3        2144
Total:         16662        4422        2611

               total        used        free      shared  buff/cache   available
Mem:           14514        4436         446         161        9631        9579
Swap:           2147           3        2144
Total:         16662        4439        2590

               total        used        free      shared  buff/cache   available
Mem:           14514        4494         390         161        9629        9520
Swap:           2147           3        2144
Total:         16662        4498        2534

               total        used        free      shared  buff/cache   available
Mem:           14514        4495         258         161        9760        9519
Swap:           2147           3        2144
Total:         16662        4499        2402

               total        used        free      shared  buff/cache   available
Mem:           14514        4527         357         161        9629        9487
Swap:           2147           3        2144
Total:         16662        4531        2501

               total        used        free      shared  buff/cache   available
Mem:           14514        4490         395         161        9629        9525
Swap:           2147           3        2144
Total:         16662        4493        2539

               total        used        free      shared  buff/cache   available
Mem:           14514        4437         448         161        9628        9577
Swap:           2147           3        2144
Total:         16662        4441        2592

               total        used        free      shared  buff/cache   available
Mem:           14514        4515         365         164        9633        9496
Swap:           2147           3        2144
Total:         16662        4519        2509

               total        used        free      shared  buff/cache   available
Mem:           14514        4474         407         164        9633        9538
Swap:           2147           3        2144
Total:         16662        4477        2551

               total        used        free      shared  buff/cache   available
Mem:           14514        4435         447         164        9632        9577
Swap:           2147           3        2144
Total:         16662        4438        2591

               total        used        free      shared  buff/cache   available
Mem:           14514        4528         356         161        9630        9487
Swap:           2147           3        2144
Total:         16662        4531        2500

               total        used        free      shared  buff/cache   available
Mem:           14514        4452         431         161        9630        9562
Swap:           2147           3        2144
Total:         16662        4456        2575

               total        used        free      shared  buff/cache   available
Mem:           14514        4417         467         161        9629        9598
Swap:           2147           3        2144
Total:         16662        4420        2612

               total        used        free      shared  buff/cache   available
Mem:           14514        4456         424         161        9633        9558
Swap:           2147           3        2144
Total:         16662        4460        2569

               total        used        free      shared  buff/cache   available
Mem:           14514        4458         425         161        9630        9557
Swap:           2147           3        2144
Total:         16662        4461        2569

               total        used        free      shared  buff/cache   available
Mem:           14514        4432         452         161        9629        9583
Swap:           2147           3        2144
Total:         16662        4435        2596

               total        used        free      shared  buff/cache   available
Mem:           14514        4462         419         161        9633        9553
Swap:           2147           3        2144
Total:         16662        4465        2563

               total        used        free      shared  buff/cache   available
Mem:           14514        4481         402         161        9631        9534
Swap:           2147           3        2144
Total:         16662        4484        2546

               total        used        free      shared  buff/cache   available
Mem:           14514        4418         465         161        9630        9597
Swap:           2147           3        2144
Total:         16662        4421        2610

               total        used        free      shared  buff/cache   available
Mem:           14514        4390         494         161        9630        9625
Swap:           2147           3        2144
Total:         16662        4393        2638

               total        used        free      shared  buff/cache   available
Mem:           14514        4456         427         160        9630        9559
Swap:           2147           3        2144
Total:         16662        4460        2571

               total        used        free      shared  buff/cache   available
Mem:           14514        4389         496         160        9629        9627
Swap:           2147           3        2144
Total:         16662        4392        2640

               total        used        free      shared  buff/cache   available
Mem:           14514        4381         504         160        9629        9635
Swap:           2147           3        2144
Total:         16662        4384        2648

               total        used        free      shared  buff/cache   available
Mem:           14514        4457         426         160        9630        9559
Swap:           2147           3        2144
Total:         16662        4460        2570

               total        used        free      shared  buff/cache   available
Mem:           14514        4399         485         160        9630        9617
Swap:           2147           3        2144
Total:         16662        4402        2629

               total        used        free      shared  buff/cache   available
Mem:           14514        4419         465         160        9629        9597
Swap:           2147           3        2144
Total:         16662        4422        2609

               total        used        free      shared  buff/cache   available
Mem:           14514        4403         481         160        9629        9612
Swap:           2147           3        2144
Total:         16662        4407        2625

               total        used        free      shared  buff/cache   available
Mem:           14514        4392         492         160        9629        9623
Swap:           2147           3        2144
Total:         16662        4396        2636

               total        used        free      shared  buff/cache   available
Mem:           14514        4378         506         160        9629        9637
Swap:           2147           3        2144
Total:         16662        4382        2650

               total        used        free      shared  buff/cache   available
Mem:           14514        4315         569         160        9629        9700
Swap:           2147           3        2144
Total:         16662        4319        2713

               total        used        free      shared  buff/cache   available
Mem:           14514        4289         595         160        9629        9727
Swap:           2147           3        2144
Total:         16662        4292        2740

               total        used        free      shared  buff/cache   available
Mem:           14514        4278         607         160        9629        9738
Swap:           2147           3        2144
Total:         16662        4281        2751

               total        used        free      shared  buff/cache   available
Mem:           14514        4263         621         160        9629        9753
Swap:           2147           3        2144
Total:         16662        4267        2765

               total        used        free      shared  buff/cache   available
Mem:           14514        4256         628         160        9629        9759
Swap:           2147           3        2144
Total:         16662        4260        2772

               total        used        free      shared  buff/cache   available
Mem:           14514        4249         636         160        9629        9767
Swap:           2147           3        2144
Total:         16662        4252        2780
