RESET
CPU yadrolab-wp11 1745511365 2025/04/24 19:16:05 2097988 100 24 14717568 20386304 1145492 4994681589 152086 0 15772 0 0 78481 100 0 0
SEP
CPU yadrolab-wp11 1745511366 2025/04/24 19:16:06 1 100 24 16 7 1 2376 0 0 0 0 0 76985 100 0 0
SEP
CPU yadrolab-wp11 1745511367 2025/04/24 19:16:07 1 100 24 17 4 7 2369 0 0 0 0 0 74576 100 0 0
SEP
CPU yadrolab-wp11 1745511368 2025/04/24 19:16:08 1 100 24 13 7 4 2371 0 0 0 0 0 75285 100 0 0
SEP
CPU yadrolab-wp11 1745511369 2025/04/24 19:16:09 1 100 24 14 8 1 2372 0 0 0 0 0 74400 100 0 0
SEP
CPU yadrolab-wp11 1745511370 2025/04/24 19:16:10 1 100 24 14 7 2 2374 1 0 0 0 0 74328 100 0 0
SEP
CPU yadrolab-wp11 1745511371 2025/04/24 19:16:11 1 100 24 15 6 3 2373 0 0 0 0 0 75828 100 0 0
SEP
CPU yadrolab-wp11 1745511372 2025/04/24 19:16:12 1 100 24 12 6 2 2376 0 0 0 0 0 76896 100 0 0
SEP
CPU yadrolab-wp11 1745511373 2025/04/24 19:16:13 1 100 24 13 6 2 2377 0 0 0 0 0 76319 100 0 0
SEP
CPU yadrolab-wp11 1745511374 2025/04/24 19:16:14 1 100 24 16 5 1 2373 0 0 0 0 0 74428 100 0 0
SEP
CPU yadrolab-wp11 1745511375 2025/04/24 19:16:15 1 100 24 16 4 1 2374 0 0 0 0 0 74784 100 0 0
SEP
CPU yadrolab-wp11 1745511376 2025/04/24 19:16:16 1 100 24 74 498 2 1786 2 0 0 0 0 77561 100 0 0
SEP
CPU yadrolab-wp11 1745511377 2025/04/24 19:16:17 1 100 24 102 562 4 1733 3 0 0 0 0 77060 100 0 0
SEP
CPU yadrolab-wp11 1745511378 2025/04/24 19:16:18 1 100 24 73 421 4 1886 3 0 0 0 0 107905 100 0 0
SEP
CPU yadrolab-wp11 1745511379 2025/04/24 19:16:19 1 100 24 94 447 2 1850 5 0 0 0 0 77129 100 0 0
SEP
CPU yadrolab-wp11 1745511380 2025/04/24 19:16:20 1 100 24 100 541 4 1734 4 0 0 0 0 79654 100 0 0
SEP
CPU yadrolab-wp11 1745511381 2025/04/24 19:16:21 1 100 24 63 493 4 1820 3 0 0 0 0 79800 100 0 0
SEP
CPU yadrolab-wp11 1745511382 2025/04/24 19:16:22 1 100 24 81 538 3 1749 2 0 0 0 0 77227 100 0 0
SEP
CPU yadrolab-wp11 1745511383 2025/04/24 19:16:23 1 100 24 77 444 3 1841 3 0 0 0 0 107807 100 0 0
SEP
CPU yadrolab-wp11 1745511384 2025/04/24 19:16:24 1 100 24 73 402 2 1880 3 0 0 0 0 77267 100 0 0
SEP
CPU yadrolab-wp11 1745511385 2025/04/24 19:16:25 1 100 24 84 524 5 1762 2 0 0 0 0 76955 100 0 0
SEP
CPU yadrolab-wp11 1745511386 2025/04/24 19:16:26 1 100 24 91 573 5 1708 3 0 0 0 0 76740 100 0 0
SEP
CPU yadrolab-wp11 1745511387 2025/04/24 19:16:27 1 100 24 100 547 5 1725 3 0 0 0 0 77884 100 0 0
SEP
CPU yadrolab-wp11 1745511388 2025/04/24 19:16:28 1 100 24 78 335 3 1949 3 0 0 0 0 76353 100 0 0
SEP
CPU yadrolab-wp11 1745511389 2025/04/24 19:16:29 1 100 24 105 566 4 1700 6 0 0 0 0 74547 100 0 0
SEP
CPU yadrolab-wp11 1745511390 2025/04/24 19:16:30 1 100 24 72 489 8 1810 3 0 0 0 0 77109 100 0 0
SEP
CPU yadrolab-wp11 1745511391 2025/04/24 19:16:31 1 100 24 99 470 4 1817 3 0 0 0 0 99650 100 0 0
SEP
CPU yadrolab-wp11 1745511392 2025/04/24 19:16:32 1 100 24 101 417 2 1869 3 0 0 0 0 76389 100 0 0
SEP
CPU yadrolab-wp11 1745511393 2025/04/24 19:16:33 1 100 24 53 467 1 1831 2 0 0 0 0 77185 100 0 0
SEP
CPU yadrolab-wp11 1745511394 2025/04/24 19:16:34 1 100 24 88 516 3 1777 3 0 0 0 0 77041 100 0 0
SEP
CPU yadrolab-wp11 1745511395 2025/04/24 19:16:35 1 100 24 119 371 4 1883 3 0 0 0 0 76183 100 0 0
SEP
CPU yadrolab-wp11 1745511396 2025/04/24 19:16:36 1 100 24 95 545 4 1738 3 0 0 0 0 79952 100 0 0
SEP
CPU yadrolab-wp11 1745511397 2025/04/24 19:16:37 1 100 24 67 496 3 1826 2 0 0 0 0 77454 100 0 0
SEP
CPU yadrolab-wp11 1745511398 2025/04/24 19:16:38 1 100 24 95 411 5 1849 3 0 1 0 0 107847 100 0 0
SEP
CPU yadrolab-wp11 1745511399 2025/04/24 19:16:39 1 100 24 75 456 4 1842 3 0 0 0 0 76938 100 0 0
SEP
CPU yadrolab-wp11 1745511400 2025/04/24 19:16:40 1 100 24 68 489 2 1814 3 0 0 0 0 74744 100 0 0
SEP
CPU yadrolab-wp11 1745511401 2025/04/24 19:16:41 1 100 24 77 514 3 1795 4 0 0 0 0 78382 100 0 0
SEP
CPU yadrolab-wp11 1745511402 2025/04/24 19:16:42 1 100 24 113 359 3 1916 2 0 0 0 0 76538 100 0 0
SEP
CPU yadrolab-wp11 1745511403 2025/04/24 19:16:43 1 100 24 67 522 5 1779 2 0 1 0 0 75298 100 0 0
SEP
CPU yadrolab-wp11 1745511404 2025/04/24 19:16:44 1 100 24 74 521 3 1789 3 0 0 0 0 72386 100 0 0
SEP
CPU yadrolab-wp11 1745511405 2025/04/24 19:16:45 1 100 24 82 551 4 1743 4 0 0 0 0 78075 100 0 0
SEP
CPU yadrolab-wp11 1745511406 2025/04/24 19:16:46 1 100 24 101 342 7 1934 4 0 0 0 0 83012 100 0 0
SEP
CPU yadrolab-wp11 1745511407 2025/04/24 19:16:47 1 100 24 86 534 3 1750 3 0 0 0 0 75230 100 0 0
SEP
CPU yadrolab-wp11 1745511408 2025/04/24 19:16:48 1 100 24 87 538 3 1749 2 0 0 0 0 77057 100 0 0
SEP
CPU yadrolab-wp11 1745511409 2025/04/24 19:16:49 1 100 24 104 503 5 1775 3 0 0 0 0 102012 100 0 0
SEP
CPU yadrolab-wp11 1745511410 2025/04/24 19:16:50 1 100 24 93 403 3 1879 3 0 0 0 0 76480 100 0 0
SEP
CPU yadrolab-wp11 1745511411 2025/04/24 19:16:51 1 100 24 67 519 5 1790 3 0 0 0 0 75113 100 0 0
SEP
CPU yadrolab-wp11 1745511412 2025/04/24 19:16:52 1 100 24 73 508 1 1790 4 0 0 0 0 74471 100 0 0
SEP
CPU yadrolab-wp11 1745511413 2025/04/24 19:16:53 1 100 24 95 334 3 1950 3 0 0 0 0 76339 100 0 0
SEP
CPU yadrolab-wp11 1745511414 2025/04/24 19:16:54 1 100 24 82 538 4 1756 3 0 0 0 0 74138 100 0 0
SEP
CPU yadrolab-wp11 1745511415 2025/04/24 19:16:55 1 100 24 86 509 4 1767 2 0 0 0 0 77711 100 0 0
SEP
CPU yadrolab-wp11 1745511416 2025/04/24 19:16:56 1 100 24 72 357 6 1932 3 0 0 0 0 107749 100 0 0
SEP
CPU yadrolab-wp11 1745511417 2025/04/24 19:16:57 1 100 24 93 494 4 1796 2 0 0 0 0 75458 100 0 0
SEP
CPU yadrolab-wp11 1745511418 2025/04/24 19:16:58 1 100 24 91 536 5 1749 3 0 0 0 0 74412 100 0 0
SEP
CPU yadrolab-wp11 1745511419 2025/04/24 19:16:59 1 100 24 71 383 5 1909 3 0 0 0 0 107829 100 0 0
SEP
CPU yadrolab-wp11 1745511420 2025/04/24 19:17:00 1 100 24 88 438 12 1840 3 0 1 0 0 77181 100 0 0
SEP
CPU yadrolab-wp11 1745511421 2025/04/24 19:17:01 1 100 24 77 511 4 1776 4 0 0 0 0 75728 100 0 0
SEP
CPU yadrolab-wp11 1745511422 2025/04/24 19:17:02 1 100 24 82 501 50 1736 5 0 0 0 0 77523 100 0 0
SEP
CPU yadrolab-wp11 1745511423 2025/04/24 19:17:03 1 100 24 132 385 5 1857 7 0 0 0 0 75671 100 0 0
SEP
CPU yadrolab-wp11 1745511424 2025/04/24 19:17:04 1 100 24 75 499 3 1812 9 0 0 0 0 77450 100 0 0
SEP
CPU yadrolab-wp11 1745511425 2025/04/24 19:17:05 1 100 24 100 347 8 1916 6 0 0 0 0 79441 100 0 0
SEP
CPU yadrolab-wp11 1745511426 2025/04/24 19:17:06 1 100 24 92 502 7 1760 17 0 0 0 0 77305 100 0 0
SEP
CPU yadrolab-wp11 1745511427 2025/04/24 19:17:07 1 100 24 87 510 102 1689 17 0 0 0 0 79793 100 0 0
SEP
CPU yadrolab-wp11 1745511428 2025/04/24 19:17:08 1 100 24 125 355 15 1894 13 0 0 0 0 74673 100 0 0
SEP
CPU yadrolab-wp11 1745511429 2025/04/24 19:17:09 1 100 24 58 448 44 1831 8 0 0 0 0 78202 100 0 0
SEP
CPU yadrolab-wp11 1745511430 2025/04/24 19:17:10 1 100 24 108 334 6 1874 53 0 0 0 0 76218 100 0 0
SEP
CPU yadrolab-wp11 1745511431 2025/04/24 19:17:11 1 100 24 59 491 3 1822 5 0 0 0 0 74409 100 0 0
SEP
CPU yadrolab-wp11 1745511432 2025/04/24 19:17:12 1 100 24 95 455 4 1824 18 0 0 0 0 107878 100 0 0
SEP
CPU yadrolab-wp11 1745511433 2025/04/24 19:17:13 1 100 24 85 417 3 1839 16 0 0 0 0 76712 100 0 0
SEP
CPU yadrolab-wp11 1745511434 2025/04/24 19:17:14 1 100 24 32 240 1 2114 4 0 0 0 0 76899 100 0 0
SEP
CPU yadrolab-wp11 1745511435 2025/04/24 19:17:15 1 100 24 14 5 1 2374 0 0 0 0 0 71999 100 0 0
SEP
CPU yadrolab-wp11 1745511436 2025/04/24 19:17:16 1 100 24 12 8 2 2376 0 0 0 0 0 76696 100 0 0
SEP
CPU yadrolab-wp11 1745511437 2025/04/24 19:17:17 1 100 24 23 17 2 2348 0 0 0 0 0 76664 100 0 0
SEP
CPU yadrolab-wp11 1745511438 2025/04/24 19:17:18 1 100 24 21 20 1 2356 0 0 0 0 0 74420 100 0 0
SEP
CPU yadrolab-wp11 1745511439 2025/04/24 19:17:19 1 100 24 15 6 1 2375 0 0 0 0 0 77012 100 0 0
SEP
CPU yadrolab-wp11 1745511440 2025/04/24 19:17:20 1 100 24 12 10 1 2374 0 0 0 0 0 77021 100 0 0
SEP
CPU yadrolab-wp11 1745511441 2025/04/24 19:17:21 1 100 24 17 5 1 2371 0 0 0 0 0 76403 100 0 0
SEP
CPU yadrolab-wp11 1745511442 2025/04/24 19:17:22 1 100 24 15 8 1 2374 0 0 0 0 0 76710 100 0 0
SEP
CPU yadrolab-wp11 1745511443 2025/04/24 19:17:23 1 100 24 17 5 1 2374 0 0 0 0 0 76601 100 0 0
SEP
