914 
944 
933 
876 
898 
953 
886 
953 
918 
886 
822 
888 
890 
860 
929 
887 
940 
870 
907 
930 
824 
869 
885 
863 
916 
896 
906 
845 
850 
868 
893 
873 
924 
910 
908 
878 
895 
851 
869 
909 
859 
921 
939 
896 
900 
906 
895 
857 
885 
960 
893 
924 
867 
992 
905 
914 
972 
876 
916 
891 
876 
906 
873 
868 
925 
899 
908 
896 
905 
855 
856 
891 
919 
910 
923 
894 
906 
930 
843 
836 
897 
904 
920 
951 
852 
922 
953 
886 
921 
834 
893 
884 
858 
958 
923 
893 
874 
932 
906 
855 
