              total        used        free      shared  buff/cache   available
Mem:          33447        3916        1171         160       28359       28873
Swap:          2147         438        1708
Total:        35595        4355        2880

              total        used        free      shared  buff/cache   available
Mem:          33447        3921        1166         160       28359       28868
Swap:          2147         438        1708
Total:        35595        4360        2875

              total        used        free      shared  buff/cache   available
Mem:          33447        3901        1186         160       28359       28888
Swap:          2147         438        1708
Total:        35595        4340        2895

              total        used        free      shared  buff/cache   available
Mem:          33447        3902        1185         160       28359       28887
Swap:          2147         438        1708
Total:        35595        4340        2894

              total        used        free      shared  buff/cache   available
Mem:          33447        3901        1186         160       28359       28888
Swap:          2147         438        1708
Total:        35595        4340        2895

              total        used        free      shared  buff/cache   available
Mem:          33447        3900        1187         160       28359       28889
Swap:          2147         438        1708
Total:        35595        4339        2896

              total        used        free      shared  buff/cache   available
Mem:          33447        3903        1184         160       28359       28886
Swap:          2147         438        1708
Total:        35595        4341        2893

              total        used        free      shared  buff/cache   available
Mem:          33447        3904        1183         160       28359       28885
Swap:          2147         438        1708
Total:        35595        4343        2892

              total        used        free      shared  buff/cache   available
Mem:          33447        3904        1183         160       28359       28885
Swap:          2147         438        1708
Total:        35595        4342        2892

              total        used        free      shared  buff/cache   available
Mem:          33447        3904        1183         160       28359       28885
Swap:          2147         438        1708
Total:        35595        4342        2892

              total        used        free      shared  buff/cache   available
Mem:          33447        3903        1184         160       28359       28886
Swap:          2147         438        1708
Total:        35595        4342        2893

              total        used        free      shared  buff/cache   available
Mem:          33447        3993        1092         160       28361       28795
Swap:          2147         438        1708
Total:        35595        4432        2801

              total        used        free      shared  buff/cache   available
Mem:          33447        4001        1084         160       28360       28788
Swap:          2147         438        1708
Total:        35595        4440        2793

              total        used        free      shared  buff/cache   available
Mem:          33447        4019        1067         160       28360       28770
Swap:          2147         438        1708
Total:        35595        4458        2776

              total        used        free      shared  buff/cache   available
Mem:          33447        4033        1053         160       28360       28756
Swap:          2147         438        1708
Total:        35595        4472        2762

              total        used        free      shared  buff/cache   available
Mem:          33447        4031        1055         160       28360       28759
Swap:          2147         438        1708
Total:        35595        4469        2764

              total        used        free      shared  buff/cache   available
Mem:          33447        4006        1079         160       28361       28783
Swap:          2147         438        1708
Total:        35595        4445        2788

              total        used        free      shared  buff/cache   available
Mem:          33447        4009        1075         160       28363       28780
Swap:          2147         438        1708
Total:        35595        4447        2784

              total        used        free      shared  buff/cache   available
Mem:          33447        4029        1055         160       28362       28760
Swap:          2147         438        1708
Total:        35595        4468        2764

              total        used        free      shared  buff/cache   available
Mem:          33447        4038        1047         160       28362       28751
Swap:          2147         438        1708
Total:        35595        4476        2756

              total        used        free      shared  buff/cache   available
Mem:          33447        4014        1070         160       28362       28775
Swap:          2147         438        1708
Total:        35595        4453        2779

              total        used        free      shared  buff/cache   available
Mem:          33447        4014        1069         160       28363       28775
Swap:          2147         438        1708
Total:        35595        4453        2778

              total        used        free      shared  buff/cache   available
Mem:          33447        4038        1044         160       28364       28750
Swap:          2147         438        1708
Total:        35595        4477        2753

              total        used        free      shared  buff/cache   available
Mem:          33447        4019        1064         160       28363       28770
Swap:          2147         438        1708
Total:        35595        4457        2773

              total        used        free      shared  buff/cache   available
Mem:          33447        4026        1056         160       28364       28763
Swap:          2147         438        1708
Total:        35595        4464        2765

              total        used        free      shared  buff/cache   available
Mem:          33447        4005        1072         163       28369       28780
Swap:          2147         438        1708
Total:        35595        4444        2780

              total        used        free      shared  buff/cache   available
Mem:          33447        4027        1052         163       28368       28759
Swap:          2147         438        1708
Total:        35595        4465        2761

              total        used        free      shared  buff/cache   available
Mem:          33447        4034        1045         163       28367       28752
Swap:          2147         438        1708
Total:        35595        4473        2754

              total        used        free      shared  buff/cache   available
Mem:          33447        4019        1058         163       28369       28767
Swap:          2147         438        1708
Total:        35595        4458        2767

              total        used        free      shared  buff/cache   available
Mem:          33447        4020        1060         160       28366       28769
Swap:          2147         438        1708
Total:        35595        4459        2769

              total        used        free      shared  buff/cache   available
Mem:          33447        3912        1171         158       28362       28878
Swap:          2147         438        1708
Total:        35595        4351        2880

              total        used        free      shared  buff/cache   available
Mem:          33447        3910        1178         155       28359       28885
Swap:          2147         438        1708
Total:        35595        4348        2887

              total        used        free      shared  buff/cache   available
Mem:          33447        3911        1173         155       28362       28883
Swap:          2147         438        1708
Total:        35595        4350        2882

              total        used        free      shared  buff/cache   available
Mem:          33447        3916        1170         155       28360       28878
Swap:          2147         438        1708
Total:        35595        4355        2879

              total        used        free      shared  buff/cache   available
Mem:          33447        3917        1169         155       28360       28877
Swap:          2147         438        1708
Total:        35595        4356        2877

              total        used        free      shared  buff/cache   available
Mem:          33447        3913        1171         155       28362       28881
Swap:          2147         438        1708
Total:        35595        4351        2880

              total        used        free      shared  buff/cache   available
Mem:          33447        3960        1124         155       28362       28834
Swap:          2147         438        1708
Total:        35595        4399        2833

              total        used        free      shared  buff/cache   available
Mem:          33447        3930        1154         155       28362       28865
Swap:          2147         438        1708
Total:        35595        4368        2863

              total        used        free      shared  buff/cache   available
Mem:          33447        3911        1171         155       28364       28883
Swap:          2147         438        1708
Total:        35595        4350        2880

              total        used        free      shared  buff/cache   available
Mem:          33447        3916        1167         155       28364       28879
Swap:          2147         438        1708
Total:        35595        4354        2875

              total        used        free      shared  buff/cache   available
Mem:          33447        3960        1122         155       28364       28834
Swap:          2147         438        1708
Total:        35595        4398        2831

              total        used        free      shared  buff/cache   available
Mem:          33447        3916        1167         155       28364       28878
Swap:          2147         438        1708
Total:        35595        4354        2875

              total        used        free      shared  buff/cache   available
Mem:          33447        3916        1165         155       28364       28878
Swap:          2147         438        1708
Total:        35595        4355        2874

              total        used        free      shared  buff/cache   available
Mem:          33447        3921        1159         155       28366       28873
Swap:          2147         438        1708
Total:        35595        4360        2868

              total        used        free      shared  buff/cache   available
Mem:          33447        3932        1149         155       28365       28863
Swap:          2147         438        1708
Total:        35595        4370        2858

              total        used        free      shared  buff/cache   available
Mem:          33447        3933        1148         155       28365       28861
Swap:          2147         438        1708
Total:        35595        4372        2857

              total        used        free      shared  buff/cache   available
Mem:          33447        3912        1167         155       28367       28881
Swap:          2147         438        1708
Total:        35595        4351        2876

              total        used        free      shared  buff/cache   available
Mem:          33447        3914        1166         154       28366       28881
Swap:          2147         438        1708
Total:        35595        4353        2875

              total        used        free      shared  buff/cache   available
Mem:          33447        3923        1159         154       28364       28872
Swap:          2147         438        1708
Total:        35595        4361        2868

              total        used        free      shared  buff/cache   available
Mem:          33447        3911        1170         154       28365       28884
Swap:          2147         438        1708
Total:        35595        4350        2879

              total        used        free      shared  buff/cache   available
Mem:          33447        3914        1165         154       28367       28881
Swap:          2147         438        1708
Total:        35595        4353        2874

              total        used        free      shared  buff/cache   available
Mem:          33447        3918        1163         154       28365       28877
Swap:          2147         438        1708
Total:        35595        4357        2872

              total        used        free      shared  buff/cache   available
Mem:          33447        3915        1165         154       28367       28881
Swap:          2147         438        1708
Total:        35595        4353        2874

              total        used        free      shared  buff/cache   available
Mem:          33447        3918        1161         154       28367       28878
Swap:          2147         438        1708
Total:        35595        4356        2870

              total        used        free      shared  buff/cache   available
Mem:          33447        3926        1154         154       28366       28869
Swap:          2147         438        1708
Total:        35595        4364        2863

              total        used        free      shared  buff/cache   available
Mem:          33447        3954        1120         159       28372       28836
Swap:          2147         438        1708
Total:        35595        4393        2829

              total        used        free      shared  buff/cache   available
Mem:          33447        3936        1137         160       28374       28854
Swap:          2147         438        1708
Total:        35595        4375        2845

              total        used        free      shared  buff/cache   available
Mem:          33447        4013        1048         170       28385       28766
Swap:          2147         438        1708
Total:        35595        4452        2757

              total        used        free      shared  buff/cache   available
Mem:          33447        4032        1030         170       28384       28747
Swap:          2147         438        1708
Total:        35595        4470        2739

              total        used        free      shared  buff/cache   available
Mem:          33447        4005        1055         170       28386       28773
Swap:          2147         438        1708
Total:        35595        4444        2764

              total        used        free      shared  buff/cache   available
Mem:          33447        4015        1046         170       28385       28764
Swap:          2147         438        1708
Total:        35595        4454        2755

              total        used        free      shared  buff/cache   available
Mem:          33447        4023        1034         172       28389       28754
Swap:          2147         438        1708
Total:        35595        4462        2743

              total        used        free      shared  buff/cache   available
Mem:          33447        4187         872         170       28387       28592
Swap:          2147         438        1708
Total:        35595        4626        2581

              total        used        free      shared  buff/cache   available
Mem:          33447        4146         913         170       28386       28632
Swap:          2147         438        1708
Total:        35595        4585        2622

              total        used        free      shared  buff/cache   available
Mem:          33447        4099         959         170       28388       28680
Swap:          2147         438        1708
Total:        35595        4538        2668

              total        used        free      shared  buff/cache   available
Mem:          33447        4123         936         170       28387       28657
Swap:          2147         438        1708
Total:        35595        4561        2645

              total        used        free      shared  buff/cache   available
Mem:          33447        4095         962         170       28389       28684
Swap:          2147         438        1708
Total:        35595        4533        2671

              total        used        free      shared  buff/cache   available
Mem:          33447        4114         944         170       28388       28665
Swap:          2147         438        1708
Total:        35595        4552        2653

              total        used        free      shared  buff/cache   available
Mem:          33447        4117         941         170       28388       28662
Swap:          2147         438        1708
Total:        35595        4555        2650

              total        used        free      shared  buff/cache   available
Mem:          33447        4087         971         170       28388       28692
Swap:          2147         438        1708
Total:        35595        4526        2679

              total        used        free      shared  buff/cache   available
Mem:          33447        4082         976         170       28388       28697
Swap:          2147         438        1708
Total:        35595        4520        2685

              total        used        free      shared  buff/cache   available
Mem:          33447        4085         972         170       28388       28693
Swap:          2147         438        1708
Total:        35595        4524        2681

              total        used        free      shared  buff/cache   available
Mem:          33447        3986        1072         170       28388       28793
Swap:          2147         438        1708
Total:        35595        4424        2781

              total        used        free      shared  buff/cache   available
Mem:          33447        3987        1070         170       28388       28791
Swap:          2147         438        1708
Total:        35595        4426        2779

              total        used        free      shared  buff/cache   available
Mem:          33447        3983        1075         170       28388       28796
Swap:          2147         438        1708
Total:        35595        4421        2784

              total        used        free      shared  buff/cache   available
Mem:          33447        3984        1073         170       28388       28794
Swap:          2147         438        1708
Total:        35595        4423        2782

              total        used        free      shared  buff/cache   available
Mem:          33447        3984        1074         170       28388       28795
Swap:          2147         438        1708
Total:        35595        4422        2783

              total        used        free      shared  buff/cache   available
Mem:          33447        3983        1074         170       28388       28795
Swap:          2147         438        1708
Total:        35595        4422        2783

              total        used        free      shared  buff/cache   available
Mem:          33447        3984        1074         170       28388       28795
Swap:          2147         438        1708
Total:        35595        4423        2782
