RESET
CPU laptop 1745511903 2025/04/24 19:25:03 633473 100 12 2886259 5737721 69101 150214299 226185 0 74397 0 0 44307 100 0 0
SEP
CPU laptop 1745511904 2025/04/24 19:25:04 1 100 12 85 63 0 1046 0 0 1 0 0 27151 100 0 0
SEP
CPU laptop 1745511905 2025/04/24 19:25:05 1 100 12 89 56 0 1044 1 0 1 0 0 25270 100 0 0
SEP
CPU laptop 1745511906 2025/04/24 19:25:06 1 100 12 79 41 0 1074 3 0 1 0 0 26376 100 0 0
SEP
CPU laptop 1745511907 2025/04/24 19:25:07 1 100 12 74 42 0 1082 1 0 0 0 0 24873 100 0 0
SEP
CPU laptop 1745511908 2025/04/24 19:25:08 1 100 12 72 34 0 1089 1 0 0 0 0 23828 100 0 0
SEP
CPU laptop 1745511909 2025/04/24 19:25:09 1 100 12 81 43 0 1074 0 0 1 0 0 24276 100 0 0
SEP
CPU laptop 1745511910 2025/04/24 19:25:10 1 100 12 74 33 0 1090 1 0 0 0 0 28127 100 0 0
SEP
CPU laptop 1745511911 2025/04/24 19:25:11 1 100 12 74 33 0 1090 1 0 0 0 0 26418 100 0 0
SEP
CPU laptop 1745511912 2025/04/24 19:25:12 1 100 12 74 34 0 1088 3 0 0 0 0 23285 100 0 0
SEP
CPU laptop 1745511913 2025/04/24 19:25:13 1 100 12 77 78 0 1043 0 0 0 0 0 24816 100 0 0
SEP
CPU laptop 1745511914 2025/04/24 19:25:14 1 100 12 137 244 0 795 10 0 0 0 0 27709 100 0 0
SEP
CPU laptop 1745511915 2025/04/24 19:25:15 1 100 12 142 103 1 921 18 0 0 0 0 43688 100 0 0
SEP
CPU laptop 1745511916 2025/04/24 19:25:16 1 100 12 123 243 0 823 2 0 2 0 0 33313 100 0 0
SEP
CPU laptop 1745511917 2025/04/24 19:25:17 1 100 12 158 223 0 778 17 0 0 0 0 47816 100 0 0
SEP
CPU laptop 1745511918 2025/04/24 19:25:18 1 100 12 112 116 0 964 2 0 0 0 0 24500 100 0 0
SEP
CPU laptop 1745511919 2025/04/24 19:25:19 1 100 12 142 248 1 775 18 0 1 0 0 28911 100 0 0
SEP
CPU laptop 1745511920 2025/04/24 19:25:20 1 100 12 140 116 1 913 16 0 1 0 0 40004 100 0 0
SEP
CPU laptop 1745511921 2025/04/24 19:25:21 1 100 12 113 243 0 835 2 0 0 0 0 26072 100 0 0
SEP
CPU laptop 1745511922 2025/04/24 19:25:22 1 100 12 152 179 1 835 17 0 0 0 0 47754 100 0 0
SEP
CPU laptop 1745511923 2025/04/24 19:25:23 1 100 12 112 149 0 931 2 0 0 0 0 38962 100 0 0
SEP
CPU laptop 1745511924 2025/04/24 19:25:24 1 100 12 140 241 1 787 17 0 1 0 0 30493 100 0 0
SEP
CPU laptop 1745511925 2025/04/24 19:25:25 1 100 12 145 116 0 909 16 0 0 0 0 44575 100 0 0
SEP
CPU laptop 1745511926 2025/04/24 19:25:26 1 100 12 110 244 0 837 2 0 1 0 0 33393 100 0 0
SEP
CPU laptop 1745511927 2025/04/24 19:25:27 1 100 12 153 159 1 850 23 0 1 0 0 47818 100 0 0
SEP
CPU laptop 1745511928 2025/04/24 19:25:28 1 100 12 111 164 0 916 2 0 1 0 0 25716 100 0 0
SEP
CPU laptop 1745511929 2025/04/24 19:25:29 1 100 12 144 240 1 781 18 0 1 0 0 28325 100 0 0
SEP
CPU laptop 1745511930 2025/04/24 19:25:30 1 100 12 146 109 1 914 18 0 1 0 0 45576 100 0 0
SEP
CPU laptop 1745511931 2025/04/24 19:25:31 1 100 12 115 246 0 829 1 0 1 0 0 27032 100 0 0
SEP
CPU laptop 1745511932 2025/04/24 19:25:32 1 100 12 146 199 1 822 17 0 2 0 0 47900 100 0 0
SEP
CPU laptop 1745511933 2025/04/24 19:25:33 1 100 12 117 126 0 948 3 0 0 0 0 32590 100 0 0
SEP
CPU laptop 1745511934 2025/04/24 19:25:34 1 100 12 136 241 0 795 16 0 1 0 0 30049 100 0 0
SEP
CPU laptop 1745511935 2025/04/24 19:25:35 1 100 12 145 117 1 907 15 0 2 0 0 37741 100 0 0
SEP
CPU laptop 1745511936 2025/04/24 19:25:36 1 100 12 117 242 0 833 3 0 0 0 0 30499 100 0 0
SEP
CPU laptop 1745511937 2025/04/24 19:25:37 1 100 12 148 226 1 791 18 0 1 0 0 36166 100 0 0
SEP
CPU laptop 1745511938 2025/04/24 19:25:38 1 100 12 116 105 0 966 4 0 0 0 0 32030 100 0 0
SEP
CPU laptop 1745511939 2025/04/24 19:25:39 1 100 12 135 244 0 794 15 0 1 0 0 33503 100 0 0
SEP
CPU laptop 1745511940 2025/04/24 19:25:40 1 100 12 146 106 1 913 19 0 2 0 0 33674 100 0 0
SEP
CPU laptop 1745511941 2025/04/24 19:25:41 1 100 12 110 224 0 860 1 0 0 0 0 28884 100 0 0
SEP
CPU laptop 1745511942 2025/04/24 19:25:42 1 100 12 152 220 0 791 18 0 2 0 0 47838 100 0 0
SEP
CPU laptop 1745511943 2025/04/24 19:25:43 1 100 12 112 105 0 974 2 0 0 0 0 43463 100 0 0
SEP
CPU laptop 1745511944 2025/04/24 19:25:44 1 100 12 138 237 1 794 16 0 1 0 0 26292 100 0 0
SEP
CPU laptop 1745511945 2025/04/24 19:25:45 1 100 12 147 110 1 912 15 0 1 0 0 28535 100 0 0
SEP
CPU laptop 1745511946 2025/04/24 19:25:46 1 100 12 112 238 0 840 2 0 1 0 0 33969 100 0 0
SEP
CPU laptop 1745511947 2025/04/24 19:25:47 1 100 12 146 188 1 828 19 0 1 0 0 47816 100 0 0
SEP
CPU laptop 1745511948 2025/04/24 19:25:48 1 100 12 116 131 0 941 3 0 1 0 0 38966 100 0 0
SEP
CPU laptop 1745511949 2025/04/24 19:25:49 1 100 12 169 271 2 729 16 0 2 0 0 29433 100 0 0
SEP
CPU laptop 1745511950 2025/04/24 19:25:50 1 100 12 142 112 0 914 17 0 1 0 0 47547 100 0 0
SEP
CPU laptop 1745511951 2025/04/24 19:25:51 1 100 12 111 239 1 841 2 0 0 0 0 34284 100 0 0
SEP
CPU laptop 1745511952 2025/04/24 19:25:52 1 100 12 162 114 1 866 33 0 2 0 0 29944 100 0 0
SEP
CPU laptop 1745511953 2025/04/24 19:25:53 1 100 12 106 231 0 858 0 0 0 0 0 23970 100 0 0
SEP
CPU laptop 1745511954 2025/04/24 19:25:54 1 100 12 147 238 0 776 21 0 1 0 0 29986 100 0 0
SEP
CPU laptop 1745511955 2025/04/24 19:25:55 1 100 12 133 116 1 925 13 0 1 0 0 39017 100 0 0
SEP
CPU laptop 1745511956 2025/04/24 19:25:56 1 100 12 117 249 0 817 7 0 0 0 0 25448 100 0 0
SEP
CPU laptop 1745511957 2025/04/24 19:25:57 1 100 12 148 156 0 862 17 0 1 0 0 47816 100 0 0
SEP
CPU laptop 1745511958 2025/04/24 19:25:58 1 100 12 113 179 0 898 3 0 1 0 0 24889 100 0 0
SEP
CPU laptop 1745511959 2025/04/24 19:25:59 1 100 12 136 246 1 787 16 0 0 0 0 29618 100 0 0
SEP
CPU laptop 1745511960 2025/04/24 19:26:00 1 100 12 141 114 1 918 17 0 1 0 0 44291 100 0 0
SEP
CPU laptop 1745511961 2025/04/24 19:26:01 1 100 12 112 242 0 836 1 0 0 0 0 26082 100 0 0
SEP
CPU laptop 1745511962 2025/04/24 19:26:02 1 100 12 145 176 0 840 19 0 1 0 0 47820 100 0 0
SEP
CPU laptop 1745511963 2025/04/24 19:26:03 1 100 12 112 151 0 931 2 0 1 0 0 25389 100 0 0
SEP
CPU laptop 1745511964 2025/04/24 19:26:04 1 100 12 135 250 1 782 16 0 1 0 0 30731 100 0 0
SEP
CPU laptop 1745511965 2025/04/24 19:26:05 1 100 12 161 158 0 838 19 0 0 0 0 40042 100 0 0
SEP
CPU laptop 1745511966 2025/04/24 19:26:06 1 100 12 147 244 0 797 2 0 2 0 0 36626 100 0 0
SEP
CPU laptop 1745511967 2025/04/24 19:26:07 1 100 12 155 224 1 787 18 0 1 0 0 36745 100 0 0
SEP
CPU laptop 1745511968 2025/04/24 19:26:08 1 100 12 119 107 0 961 5 0 1 0 0 36946 100 0 0
SEP
CPU laptop 1745511969 2025/04/24 19:26:09 1 100 12 129 247 0 797 14 0 1 0 0 30475 100 0 0
SEP
CPU laptop 1745511970 2025/04/24 19:26:10 1 100 12 149 110 1 907 16 0 1 0 0 43454 100 0 0
SEP
CPU laptop 1745511971 2025/04/24 19:26:11 1 100 12 105 234 0 854 2 0 1 0 0 30371 100 0 0
SEP
CPU laptop 1745511972 2025/04/24 19:26:12 1 100 12 149 232 1 781 18 0 0 0 0 32801 100 0 0
SEP
CPU laptop 1745511973 2025/04/24 19:26:13 1 100 12 119 104 0 957 8 0 1 0 0 35180 100 0 0
SEP
CPU laptop 1745511974 2025/04/24 19:26:14 1 100 12 126 241 0 812 11 0 2 0 0 30170 100 0 0
SEP
CPU laptop 1745511975 2025/04/24 19:26:15 1 100 12 162 125 1 875 18 0 2 0 0 47862 100 0 0
SEP
CPU laptop 1745511976 2025/04/24 19:26:16 1 100 12 105 231 0 856 2 0 0 0 0 32325 100 0 0
SEP
CPU laptop 1745511977 2025/04/24 19:26:17 1 100 12 141 226 1 793 19 0 0 0 0 43340 100 0 0
SEP
CPU laptop 1745511978 2025/04/24 19:26:18 1 100 12 117 113 0 953 9 0 1 0 0 31518 100 0 0
SEP
CPU laptop 1745511979 2025/04/24 19:26:19 1 100 12 129 239 1 807 11 0 2 0 0 28837 100 0 0
SEP
CPU laptop 1745511980 2025/04/24 19:26:20 1 100 12 146 117 0 902 18 0 1 0 0 30979 100 0 0
SEP
CPU laptop 1745511981 2025/04/24 19:26:21 1 100 12 106 235 0 855 0 0 0 0 0 29295 100 0 0
SEP
CPU laptop 1745511982 2025/04/24 19:26:22 1 100 12 148 243 1 774 18 0 2 0 0 32065 100 0 0
SEP
CPU laptop 1745511983 2025/04/24 19:26:23 1 100 12 123 111 1 947 10 0 0 0 0 35386 100 0 0
SEP
CPU laptop 1745511984 2025/04/24 19:26:24 1 100 12 120 254 0 808 7 0 1 0 0 32547 100 0 0
SEP
CPU laptop 1745511985 2025/04/24 19:26:25 1 100 12 152 118 1 901 16 0 3 0 0 30343 100 0 0
SEP
CPU laptop 1745511986 2025/04/24 19:26:26 1 100 12 111 236 0 848 1 0 1 0 0 28712 100 0 0
SEP
CPU laptop 1745511987 2025/04/24 19:26:27 1 100 12 145 247 1 774 16 0 1 0 0 32352 100 0 0
SEP
CPU laptop 1745511988 2025/04/24 19:26:28 1 100 12 126 110 1 940 13 0 1 0 0 34567 100 0 0
SEP
CPU laptop 1745511989 2025/04/24 19:26:29 1 100 12 119 254 0 814 5 0 1 0 0 25361 100 0 0
SEP
CPU laptop 1745511990 2025/04/24 19:26:30 1 100 12 171 173 1 822 17 0 0 0 0 47812 100 0 0
SEP
CPU laptop 1745511991 2025/04/24 19:26:31 1 100 12 112 191 0 886 2 0 0 0 0 31293 100 0 0
SEP
CPU laptop 1745511992 2025/04/24 19:26:32 1 100 12 138 241 1 790 17 0 2 0 0 30680 100 0 0
SEP
CPU laptop 1745511993 2025/04/24 19:26:33 1 100 12 142 116 1 915 17 0 1 0 0 41992 100 0 0
SEP
CPU laptop 1745511994 2025/04/24 19:26:34 1 100 12 110 246 0 834 1 0 0 0 0 27095 100 0 0
SEP
CPU laptop 1745511995 2025/04/24 19:26:35 1 100 12 147 126 1 890 18 0 1 0 0 47816 100 0 0
SEP
CPU laptop 1745511996 2025/04/24 19:26:36 1 100 12 112 217 0 861 2 0 1 0 0 27048 100 0 0
SEP
CPU laptop 1745511997 2025/04/24 19:26:37 1 100 12 140 243 1 783 18 0 1 0 0 30818 100 0 0
SEP
CPU laptop 1745511998 2025/04/24 19:26:38 1 100 12 148 110 1 914 16 0 1 0 0 33703 100 0 0
SEP
CPU laptop 1745511999 2025/04/24 19:26:39 1 100 12 123 273 0 793 2 0 0 0 0 27115 100 0 0
SEP
CPU laptop 1745512000 2025/04/24 19:26:40 1 100 12 165 132 1 863 18 0 2 0 0 30735 100 0 0
SEP
CPU laptop 1745512001 2025/04/24 19:26:41 1 100 12 105 237 0 853 0 0 2 0 0 29956 100 0 0
SEP
CPU laptop 1745512002 2025/04/24 19:26:42 1 100 12 149 236 0 778 18 0 1 0 0 29263 100 0 0
SEP
CPU laptop 1745512003 2025/04/24 19:26:43 1 100 12 128 109 1 941 12 0 1 0 0 33312 100 0 0
SEP
CPU laptop 1745512004 2025/04/24 19:26:44 1 100 12 125 252 0 808 6 0 0 0 0 26582 100 0 0
SEP
CPU laptop 1745512005 2025/04/24 19:26:45 1 100 12 152 107 1 901 19 0 2 0 0 28453 100 0 0
SEP
CPU laptop 1745512006 2025/04/24 19:26:46 1 100 12 108 225 0 863 1 0 0 0 0 35711 100 0 0
SEP
CPU laptop 1745512007 2025/04/24 19:26:47 1 100 12 139 242 0 786 18 0 1 0 0 31407 100 0 0
SEP
CPU laptop 1745512008 2025/04/24 19:26:48 1 100 12 125 116 1 932 13 0 0 0 0 40464 100 0 0
SEP
CPU laptop 1745512009 2025/04/24 19:26:49 1 100 12 128 267 0 783 7 0 1 0 0 31846 100 0 0
SEP
CPU laptop 1745512010 2025/04/24 19:26:50 1 100 12 152 105 1 904 17 0 1 0 0 29623 100 0 0
SEP
CPU laptop 1745512011 2025/04/24 19:26:51 1 100 12 111 237 0 846 1 0 0 0 0 31190 100 0 0
SEP
CPU laptop 1745512012 2025/04/24 19:26:52 1 100 12 145 249 1 771 17 0 1 0 0 30311 100 0 0
SEP
CPU laptop 1745512013 2025/04/24 19:26:53 1 100 12 135 115 0 923 14 0 1 0 0 43402 100 0 0
SEP
CPU laptop 1745512014 2025/04/24 19:26:54 1 100 12 116 243 0 826 4 0 1 0 0 29228 100 0 0
SEP
CPU laptop 1745512015 2025/04/24 19:26:55 1 100 12 149 115 1 897 18 0 2 0 0 31189 100 0 0
SEP
CPU laptop 1745512016 2025/04/24 19:26:56 1 100 12 102 237 0 857 1 0 0 0 0 47897 100 0 0
SEP
CPU laptop 1745512017 2025/04/24 19:26:57 1 100 12 138 238 1 788 19 0 2 0 0 32375 100 0 0
SEP
CPU laptop 1745512018 2025/04/24 19:26:58 1 100 12 139 120 1 911 16 0 0 0 0 39565 100 0 0
SEP
CPU laptop 1745512019 2025/04/24 19:26:59 1 100 12 115 243 0 832 1 0 2 0 0 29998 100 0 0
SEP
CPU laptop 1745512020 2025/04/24 19:27:00 1 100 12 153 146 0 865 17 0 1 0 0 47818 100 0 0
SEP
CPU laptop 1745512021 2025/04/24 19:27:01 1 100 12 112 180 0 899 2 0 0 0 0 28535 100 0 0
SEP
CPU laptop 1745512022 2025/04/24 19:27:02 1 100 12 141 243 1 785 16 0 1 0 0 32536 100 0 0
SEP
CPU laptop 1745512023 2025/04/24 19:27:03 1 100 12 135 117 1 918 15 0 1 0 0 35196 100 0 0
SEP
CPU laptop 1745512024 2025/04/24 19:27:04 1 100 12 113 240 0 835 4 0 0 0 0 26396 100 0 0
SEP
CPU laptop 1745512025 2025/04/24 19:27:05 1 100 12 153 122 0 890 19 0 2 0 0 43400 100 0 0
SEP
CPU laptop 1745512026 2025/04/24 19:27:06 1 100 12 116 220 0 854 3 0 0 0 0 36496 100 0 0
SEP
CPU laptop 1745512027 2025/04/24 19:27:07 1 100 12 140 240 1 786 18 0 1 0 0 29213 100 0 0
SEP
CPU laptop 1745512028 2025/04/24 19:27:08 1 100 12 148 122 1 900 17 0 1 0 0 36799 100 0 0
SEP
CPU laptop 1745512029 2025/04/24 19:27:09 1 100 12 113 244 0 832 1 0 1 0 0 31748 100 0 0
SEP
CPU laptop 1745512030 2025/04/24 19:27:10 1 100 12 151 115 1 895 19 0 1 0 0 33910 100 0 0
SEP
CPU laptop 1745512031 2025/04/24 19:27:11 1 100 12 111 232 0 852 0 0 0 0 0 30108 100 0 0
SEP
CPU laptop 1745512032 2025/04/24 19:27:12 1 100 12 137 242 0 781 18 0 1 0 0 30618 100 0 0
SEP
CPU laptop 1745512033 2025/04/24 19:27:13 1 100 12 136 117 1 920 13 0 1 0 0 30713 100 0 0
SEP
CPU laptop 1745512034 2025/04/24 19:27:14 1 100 12 112 243 0 833 4 0 0 0 0 30114 100 0 0
SEP
CPU laptop 1745512035 2025/04/24 19:27:15 1 100 12 156 140 1 871 17 0 2 0 0 47888 100 0 0
SEP
CPU laptop 1745512036 2025/04/24 19:27:16 1 100 12 104 206 0 883 1 0 0 0 0 39900 100 0 0
SEP
CPU laptop 1745512037 2025/04/24 19:27:17 1 100 12 136 244 1 784 17 0 0 0 0 26201 100 0 0
SEP
CPU laptop 1745512038 2025/04/24 19:27:18 1 100 12 156 119 1 890 19 0 1 0 0 39814 100 0 0
SEP
CPU laptop 1745512039 2025/04/24 19:27:19 1 100 12 115 251 0 821 2 0 1 0 0 33909 100 0 0
SEP
CPU laptop 1745512040 2025/04/24 19:27:20 1 100 12 149 115 1 899 21 0 2 0 0 24594 100 0 0
SEP
CPU laptop 1745512041 2025/04/24 19:27:21 1 100 12 111 235 0 851 0 0 0 0 0 31893 100 0 0
SEP
CPU laptop 1745512042 2025/04/24 19:27:22 1 100 12 147 242 0 773 18 0 1 0 0 26763 100 0 0
SEP
CPU laptop 1745512043 2025/04/24 19:27:23 1 100 12 137 116 0 917 16 0 1 0 0 34680 100 0 0
SEP
CPU laptop 1745512044 2025/04/24 19:27:24 1 100 12 110 245 1 831 3 0 2 0 0 31520 100 0 0
SEP
CPU laptop 1745512045 2025/04/24 19:27:25 1 100 12 149 166 1 846 17 0 1 0 0 47896 100 0 0
SEP
CPU laptop 1745512046 2025/04/24 19:27:26 1 100 12 109 163 0 921 2 0 0 0 0 23899 100 0 0
SEP
CPU laptop 1745512047 2025/04/24 19:27:27 1 100 12 141 242 0 788 16 0 1 0 0 31232 100 0 0
SEP
CPU laptop 1745512048 2025/04/24 19:27:28 1 100 12 144 115 1 911 16 0 1 0 0 30466 100 0 0
SEP
CPU laptop 1745512049 2025/04/24 19:27:29 1 100 12 111 242 0 838 2 0 1 0 0 26601 100 0 0
SEP
CPU laptop 1745512050 2025/04/24 19:27:30 1 100 12 143 228 0 791 18 0 3 0 0 47842 100 0 0
SEP
CPU laptop 1745512051 2025/04/24 19:27:31 1 100 12 119 111 0 959 4 0 0 0 0 39740 100 0 0
SEP
CPU laptop 1745512052 2025/04/24 19:27:32 1 100 12 130 246 1 791 16 0 2 0 0 30095 100 0 0
SEP
CPU laptop 1745512053 2025/04/24 19:27:33 1 100 12 146 113 1 906 18 0 0 0 0 39397 100 0 0
SEP
CPU laptop 1745512054 2025/04/24 19:27:34 1 100 12 109 238 0 845 2 0 1 0 0 24253 100 0 0
SEP
CPU laptop 1745512055 2025/04/24 19:27:35 1 100 12 148 224 1 791 19 0 2 0 0 44651 100 0 0
SEP
CPU laptop 1745512056 2025/04/24 19:27:36 1 100 12 120 112 0 948 8 0 1 0 0 40194 100 0 0
SEP
CPU laptop 1745512057 2025/04/24 19:27:37 1 100 12 127 244 0 800 15 0 0 0 0 32755 100 0 0
SEP
CPU laptop 1745512058 2025/04/24 19:27:38 1 100 12 139 110 0 920 18 0 2 0 0 37407 100 0 0
SEP
CPU laptop 1745512059 2025/04/24 19:27:39 1 100 12 110 245 0 834 2 0 1 0 0 32244 100 0 0
SEP
CPU laptop 1745512060 2025/04/24 19:27:40 1 100 12 152 115 1 894 17 0 1 0 0 36278 100 0 0
SEP
CPU laptop 1745512061 2025/04/24 19:27:41 1 100 12 107 232 0 855 1 0 0 0 0 39030 100 0 0
SEP
CPU laptop 1745512062 2025/04/24 19:27:42 1 100 12 142 269 1 753 18 0 1 0 0 29312 100 0 0
SEP
CPU laptop 1745512063 2025/04/24 19:27:43 1 100 12 129 114 1 928 17 0 1 0 0 34481 100 0 0
SEP
CPU laptop 1745512064 2025/04/24 19:27:44 1 100 12 117 248 0 820 5 0 1 0 0 29983 100 0 0
SEP
CPU laptop 1745512065 2025/04/24 19:27:45 1 100 12 149 109 2 905 18 0 0 0 0 28077 100 0 0
SEP
CPU laptop 1745512066 2025/04/24 19:27:46 1 100 12 107 237 0 852 0 0 0 0 0 26428 100 0 0
SEP
CPU laptop 1745512067 2025/04/24 19:27:47 1 100 12 140 242 1 781 17 0 1 0 0 28498 100 0 0
SEP
CPU laptop 1745512068 2025/04/24 19:27:48 1 100 12 140 118 0 918 14 0 1 0 0 23437 100 0 0
SEP
CPU laptop 1745512069 2025/04/24 19:27:49 1 100 12 135 287 0 750 7 0 2 0 0 36144 100 0 0
SEP
CPU laptop 1745512070 2025/04/24 19:27:50 1 100 12 160 135 1 860 23 0 1 0 0 36266 100 0 0
SEP
CPU laptop 1745512071 2025/04/24 19:27:51 1 100 12 112 233 0 845 2 0 1 0 0 32736 100 0 0
SEP
CPU laptop 1745512072 2025/04/24 19:27:52 1 100 12 148 230 1 780 18 0 2 0 0 45650 100 0 0
SEP
CPU laptop 1745512073 2025/04/24 19:27:53 1 100 12 115 109 0 966 2 0 1 0 0 43444 100 0 0
SEP
CPU laptop 1745512074 2025/04/24 19:27:54 1 100 12 142 240 1 789 15 0 2 0 0 31313 100 0 0
SEP
CPU laptop 1745512075 2025/04/24 19:27:55 1 100 12 140 117 1 911 16 0 1 0 0 45632 100 0 0
SEP
CPU laptop 1745512076 2025/04/24 19:27:56 1 100 12 112 238 0 840 2 0 1 0 0 35004 100 0 0
SEP
CPU laptop 1745512077 2025/04/24 19:27:57 1 100 12 138 225 1 804 18 0 1 0 0 47732 100 0 0
SEP
CPU laptop 1745512078 2025/04/24 19:27:58 1 100 12 114 115 0 959 2 0 0 0 0 29213 100 0 0
SEP
CPU laptop 1745512079 2025/04/24 19:27:59 1 100 12 142 243 1 777 21 0 1 0 0 29801 100 0 0
SEP
CPU laptop 1745512080 2025/04/24 19:28:00 1 100 12 118 103 0 951 13 0 1 0 0 21696 100 0 0
SEP
CPU laptop 1745512081 2025/04/24 19:28:01 1 100 12 73 34 0 1090 0 0 0 0 0 21219 100 0 0
SEP
CPU laptop 1745512082 2025/04/24 19:28:02 1 100 12 75 40 0 1081 1 0 0 0 0 23204 100 0 0
SEP
CPU laptop 1745512083 2025/04/24 19:28:03 1 100 12 74 38 0 1086 0 0 0 0 0 23330 100 0 0
SEP
CPU laptop 1745512084 2025/04/24 19:28:04 1 100 12 84 43 0 1069 1 0 0 0 0 24013 100 0 0
SEP
CPU laptop 1745512085 2025/04/24 19:28:05 1 100 12 76 41 0 1079 1 0 0 0 0 20770 100 0 0
SEP
CPU laptop 1745512086 2025/04/24 19:28:06 1 100 12 77 43 0 1073 2 0 0 0 0 23688 100 0 0
SEP
CPU laptop 1745512087 2025/04/24 19:28:07 1 100 12 72 41 0 1085 1 0 0 0 0 26816 100 0 0
SEP
CPU laptop 1745512088 2025/04/24 19:28:08 1 100 12 72 40 0 1085 0 0 0 0 0 25564 100 0 0
SEP
CPU laptop 1745512089 2025/04/24 19:28:09 1 100 12 73 40 0 1083 1 0 0 0 0 23167 100 0 0
SEP
