860 
842 
888 
947 
894 
933 
874 
899 
898 
918 
898 
916 
858 
874 
887 
909 
887 
902 
850 
894 
955 
871 
899 
918 
889 
913 
915 
923 
913 
929 
841 
880 
885 
907 
953 
929 
889 
862 
891 
922 
928 
886 
884 
865 
942 
925 
930 
888 
909 
928 
894 
909 
892 
864 
924 
939 
893 
925 
855 
889 
921 
931 
899 
905 
932 
897 
956 
1017 
1030 
1028 
1035 
1018 
977 
1057 
981 
1017 
937 
943 
976 
991 
1005 
858 
954 
978 
947 
895 
917 
935 
897 
877 
861 
845 
877 
912 
918 
889 
917 
853 
855 
988 
