              total        used        free      shared  buff/cache   available
Mem:          33447        3836        1157         159       28452       28953
Swap:          2147         438        1708
Total:        35595        4275        2866

              total        used        free      shared  buff/cache   available
Mem:          33447        3841        1152         159       28453       28948
Swap:          2147         438        1708
Total:        35595        4280        2861

              total        used        free      shared  buff/cache   available
Mem:          33447        3844        1150         159       28453       28946
Swap:          2147         438        1708
Total:        35595        4282        2859

              total        used        free      shared  buff/cache   available
Mem:          33447        3844        1150         159       28453       28946
Swap:          2147         438        1708
Total:        35595        4282        2859

              total        used        free      shared  buff/cache   available
Mem:          33447        3844        1149         159       28453       28945
Swap:          2147         438        1708
Total:        35595        4283        2858

              total        used        free      shared  buff/cache   available
Mem:          33447        3845        1149         159       28453       28945
Swap:          2147         438        1708
Total:        35595        4283        2858

              total        used        free      shared  buff/cache   available
Mem:          33447        3843        1151         159       28453       28947
Swap:          2147         438        1708
Total:        35595        4281        2859

              total        used        free      shared  buff/cache   available
Mem:          33447        3842        1151         159       28453       28948
Swap:          2147         438        1708
Total:        35595        4281        2860

              total        used        free      shared  buff/cache   available
Mem:          33447        3844        1150         159       28453       28946
Swap:          2147         438        1708
Total:        35595        4282        2859

              total        used        free      shared  buff/cache   available
Mem:          33447        3843        1150         159       28453       28947
Swap:          2147         438        1708
Total:        35595        4282        2859

              total        used        free      shared  buff/cache   available
Mem:          33447        3843        1151         159       28453       28947
Swap:          2147         438        1708
Total:        35595        4281        2860

              total        used        free      shared  buff/cache   available
Mem:          33447        3960        1033         160       28453       28830
Swap:          2147         438        1708
Total:        35595        4399        2742

              total        used        free      shared  buff/cache   available
Mem:          33447        3953        1039         160       28454       28836
Swap:          2147         438        1708
Total:        35595        4392        2748

              total        used        free      shared  buff/cache   available
Mem:          33447        3974        1018         160       28454       28816
Swap:          2147         438        1708
Total:        35595        4413        2727

              total        used        free      shared  buff/cache   available
Mem:          33447        4004         984         163       28457       28782
Swap:          2147         438        1708
Total:        35595        4443        2693

              total        used        free      shared  buff/cache   available
Mem:          33447        4030         959         163       28457       28757
Swap:          2147         438        1708
Total:        35595        4468        2668

              total        used        free      shared  buff/cache   available
Mem:          33447        4032         956         163       28458       28755
Swap:          2147         438        1708
Total:        35595        4470        2665

              total        used        free      shared  buff/cache   available
Mem:          33447        3955        1030         163       28461       28831
Swap:          2147         438        1708
Total:        35595        4394        2739

              total        used        free      shared  buff/cache   available
Mem:          33447        3958        1031         160       28457       28832
Swap:          2147         438        1708
Total:        35595        4396        2740

              total        used        free      shared  buff/cache   available
Mem:          33447        3952        1040         160       28454       28838
Swap:          2147         438        1708
Total:        35595        4390        2749

              total        used        free      shared  buff/cache   available
Mem:          33447        3976        1016         160       28454       28814
Swap:          2147         438        1708
Total:        35595        4414        2725

              total        used        free      shared  buff/cache   available
Mem:          33447        3959        1032         160       28454       28830
Swap:          2147         438        1708
Total:        35595        4398        2741

              total        used        free      shared  buff/cache   available
Mem:          33447        3991        1000         160       28455       28798
Swap:          2147         438        1708
Total:        35595        4430        2709

              total        used        free      shared  buff/cache   available
Mem:          33447        4034         957         160       28455       28756
Swap:          2147         438        1708
Total:        35595        4472        2666

              total        used        free      shared  buff/cache   available
Mem:          33447        3998         992         160       28455       28791
Swap:          2147         438        1708
Total:        35595        4437        2701

              total        used        free      shared  buff/cache   available
Mem:          33447        3964        1024         160       28459       28826
Swap:          2147         438        1708
Total:        35595        4402        2732

              total        used        free      shared  buff/cache   available
Mem:          33447        3960        1027         160       28459       28829
Swap:          2147         438        1708
Total:        35595        4399        2736

              total        used        free      shared  buff/cache   available
Mem:          33447        3952        1039         160       28456       28838
Swap:          2147         438        1708
Total:        35595        4390        2748

              total        used        free      shared  buff/cache   available
Mem:          33447        3979        1011         160       28456       28811
Swap:          2147         438        1708
Total:        35595        4417        2720

              total        used        free      shared  buff/cache   available
Mem:          33447        3977        1012         160       28457       28813
Swap:          2147         438        1708
Total:        35595        4415        2721

              total        used        free      shared  buff/cache   available
Mem:          33447        3969        1021         160       28457       28821
Swap:          2147         438        1708
Total:        35595        4407        2730

              total        used        free      shared  buff/cache   available
Mem:          33447        4002         987         160       28457       28787
Swap:          2147         438        1708
Total:        35595        4441        2696

              total        used        free      shared  buff/cache   available
Mem:          33447        4036         953         160       28458       28754
Swap:          2147         438        1708
Total:        35595        4474        2662

              total        used        free      shared  buff/cache   available
Mem:          33447        4022         966         160       28458       28767
Swap:          2147         438        1708
Total:        35595        4461        2675

              total        used        free      shared  buff/cache   available
Mem:          33447        3991         994         160       28461       28798
Swap:          2147         438        1708
Total:        35595        4429        2703

              total        used        free      shared  buff/cache   available
Mem:          33447        3964        1021         160       28462       28825
Swap:          2147         438        1708
Total:        35595        4402        2730

              total        used        free      shared  buff/cache   available
Mem:          33447        3962        1022         160       28462       28827
Swap:          2147         438        1708
Total:        35595        4401        2731

              total        used        free      shared  buff/cache   available
Mem:          33447        3957        1030         160       28459       28832
Swap:          2147         438        1708
Total:        35595        4396        2739

              total        used        free      shared  buff/cache   available
Mem:          33447        3981        1007         160       28458       28808
Swap:          2147         438        1708
Total:        35595        4420        2716

              total        used        free      shared  buff/cache   available
Mem:          33447        3979        1009         160       28459       28811
Swap:          2147         438        1708
Total:        35595        4417        2718

              total        used        free      shared  buff/cache   available
Mem:          33447        3995         992         160       28459       28794
Swap:          2147         438        1708
Total:        35595        4434        2701

              total        used        free      shared  buff/cache   available
Mem:          33447        4018         969         160       28460       28772
Swap:          2147         438        1708
Total:        35595        4456        2678

              total        used        free      shared  buff/cache   available
Mem:          33447        4042         945         160       28460       28748
Swap:          2147         438        1708
Total:        35595        4480        2654

              total        used        free      shared  buff/cache   available
Mem:          33447        3993         990         163       28463       28793
Swap:          2147         438        1708
Total:        35595        4431        2699

              total        used        free      shared  buff/cache   available
Mem:          33447        3959        1021         163       28466       28827
Swap:          2147         438        1708
Total:        35595        4398        2730

              total        used        free      shared  buff/cache   available
Mem:          33447        3956        1024         163       28466       28830
Swap:          2147         438        1708
Total:        35595        4395        2733

              total        used        free      shared  buff/cache   available
Mem:          33447        3948        1035         163       28463       28838
Swap:          2147         438        1708
Total:        35595        4386        2744

              total        used        free      shared  buff/cache   available
Mem:          33447        3978        1008         160       28460       28810
Swap:          2147         438        1708
Total:        35595        4417        2717

              total        used        free      shared  buff/cache   available
Mem:          33447        3961        1025         160       28460       28828
Swap:          2147         438        1708
Total:        35595        4400        2734

              total        used        free      shared  buff/cache   available
Mem:          33447        3986        1000         160       28461       28803
Swap:          2147         438        1708
Total:        35595        4424        2709

              total        used        free      shared  buff/cache   available
Mem:          33447        3917        1071         158       28459       28875
Swap:          2147         438        1708
Total:        35595        4355        2780

              total        used        free      shared  buff/cache   available
Mem:          33447        3927        1063         154       28455       28867
Swap:          2147         438        1708
Total:        35595        4366        2772

              total        used        free      shared  buff/cache   available
Mem:          33447        3920        1070         154       28456       28874
Swap:          2147         438        1708
Total:        35595        4359        2779

              total        used        free      shared  buff/cache   available
Mem:          33447        3939        1050         154       28457       28856
Swap:          2147         438        1708
Total:        35595        4377        2759

              total        used        free      shared  buff/cache   available
Mem:          33447        3859        1128         154       28459       28936
Swap:          2147         438        1708
Total:        35595        4298        2837

              total        used        free      shared  buff/cache   available
Mem:          33447        3857        1130         154       28459       28938
Swap:          2147         438        1708
Total:        35595        4296        2839

              total        used        free      shared  buff/cache   available
Mem:          33447        3857        1133         154       28456       28937
Swap:          2147         438        1708
Total:        35595        4296        2842

              total        used        free      shared  buff/cache   available
Mem:          33447        3871        1119         154       28456       28923
Swap:          2147         438        1708
Total:        35595        4310        2828

              total        used        free      shared  buff/cache   available
Mem:          33447        3860        1130         154       28456       28935
Swap:          2147         438        1708
Total:        35595        4299        2839

              total        used        free      shared  buff/cache   available
Mem:          33447        3891        1098         154       28457       28903
Swap:          2147         438        1708
Total:        35595        4330        2807

              total        used        free      shared  buff/cache   available
Mem:          33447        3912        1077         154       28457       28883
Swap:          2147         438        1708
Total:        35595        4351        2786

              total        used        free      shared  buff/cache   available
Mem:          33447        3941        1047         154       28457       28853
Swap:          2147         438        1708
Total:        35595        4380        2756

              total        used        free      shared  buff/cache   available
Mem:          33447        3943        1045         155       28458       28851
Swap:          2147         438        1708
Total:        35595        4382        2754

              total        used        free      shared  buff/cache   available
Mem:          33447        3853        1133         155       28460       28942
Swap:          2147         438        1708
Total:        35595        4291        2842

              total        used        free      shared  buff/cache   available
Mem:          33447        3858        1128         155       28461       28937
Swap:          2147         438        1708
Total:        35595        4296        2837

              total        used        free      shared  buff/cache   available
Mem:          33447        3851        1137         155       28457       28943
Swap:          2147         438        1708
Total:        35595        4290        2846

              total        used        free      shared  buff/cache   available
Mem:          33447        3873        1116         154       28457       28922
Swap:          2147         438        1708
Total:        35595        4311        2825

              total        used        free      shared  buff/cache   available
Mem:          33447        3867        1122         155       28458       28928
Swap:          2147         438        1708
Total:        35595        4305        2831

              total        used        free      shared  buff/cache   available
Mem:          33447        3868        1120         155       28458       28927
Swap:          2147         438        1708
Total:        35595        4307        2828

              total        used        free      shared  buff/cache   available
Mem:          33447        3887        1100         155       28458       28907
Swap:          2147         438        1708
Total:        35595        4326        2809

              total        used        free      shared  buff/cache   available
Mem:          33447        3927        1060         155       28459       28868
Swap:          2147         438        1708
Total:        35595        4365        2769

              total        used        free      shared  buff/cache   available
Mem:          33447        3908        1079         155       28459       28887
Swap:          2147         438        1708
Total:        35595        4347        2788

              total        used        free      shared  buff/cache   available
Mem:          33447        3903        1084         155       28459       28892
Swap:          2147         438        1708
Total:        35595        4342        2793

              total        used        free      shared  buff/cache   available
Mem:          33447        3883        1101         158       28463       28908
Swap:          2147         438        1708
Total:        35595        4321        2809

              total        used        free      shared  buff/cache   available
Mem:          33447        3881        1103         158       28462       28910
Swap:          2147         438        1708
Total:        35595        4320        2811

              total        used        free      shared  buff/cache   available
Mem:          33447        3872        1111         158       28463       28919
Swap:          2147         438        1708
Total:        35595        4311        2820

              total        used        free      shared  buff/cache   available
Mem:          33447        3876        1106         158       28463       28915
Swap:          2147         438        1708
Total:        35595        4315        2815

              total        used        free      shared  buff/cache   available
Mem:          33447        3881        1105         155       28460       28914
Swap:          2147         438        1708
Total:        35595        4319        2814

              total        used        free      shared  buff/cache   available
Mem:          33447        3869        1117         155       28460       28926
Swap:          2147         438        1708
Total:        35595        4308        2826

              total        used        free      shared  buff/cache   available
Mem:          33447        3875        1111         155       28460       28920
Swap:          2147         438        1708
Total:        35595        4313        2820

              total        used        free      shared  buff/cache   available
Mem:          33447        3935        1047         157       28464       28857
Swap:          2147         438        1708
Total:        35595        4374        2756

              total        used        free      shared  buff/cache   available
Mem:          33447        3955        1027         157       28464       28837
Swap:          2147         438        1708
Total:        35595        4393        2736

              total        used        free      shared  buff/cache   available
Mem:          33447        3962        1017         160       28467       28827
Swap:          2147         438        1708
Total:        35595        4400        2726

              total        used        free      shared  buff/cache   available
Mem:          33447        3968        1011         160       28467       28821
Swap:          2147         438        1708
Total:        35595        4406        2720

              total        used        free      shared  buff/cache   available
Mem:          33447        4062         917         160       28467       28727
Swap:          2147         438        1708
Total:        35595        4500        2626

              total        used        free      shared  buff/cache   available
Mem:          33447        4125         854         160       28468       28664
Swap:          2147         438        1708
Total:        35595        4563        2563

              total        used        free      shared  buff/cache   available
Mem:          33447        4100         877         160       28468       28688
Swap:          2147         438        1708
Total:        35595        4539        2586

              total        used        free      shared  buff/cache   available
Mem:          33447        4073         905         160       28468       28716
Swap:          2147         438        1708
Total:        35595        4512        2614

              total        used        free      shared  buff/cache   available
Mem:          33447        4013         962         160       28471       28775
Swap:          2147         438        1708
Total:        35595        4452        2671

              total        used        free      shared  buff/cache   available
Mem:          33447        3985         990         160       28471       28804
Swap:          2147         438        1708
Total:        35595        4424        2699

              total        used        free      shared  buff/cache   available
Mem:          33447        3990         985         160       28472       28799
Swap:          2147         438        1708
Total:        35595        4428        2694

              total        used        free      shared  buff/cache   available
Mem:          33447        3981         996         160       28469       28808
Swap:          2147         438        1708
Total:        35595        4420        2705

              total        used        free      shared  buff/cache   available
Mem:          33447        4010         968         160       28468       28778
Swap:          2147         438        1708
Total:        35595        4449        2677

              total        used        free      shared  buff/cache   available
Mem:          33447        3997         981         160       28468       28792
Swap:          2147         438        1708
Total:        35595        4436        2690

              total        used        free      shared  buff/cache   available
Mem:          33447        4038         940         160       28469       28751
Swap:          2147         438        1708
Total:        35595        4476        2648

              total        used        free      shared  buff/cache   available
Mem:          33447        4069         908         160       28469       28720
Swap:          2147         438        1708
Total:        35595        4507        2617

              total        used        free      shared  buff/cache   available
Mem:          33447        4077         900         160       28469       28711
Swap:          2147         438        1708
Total:        35595        4516        2609

              total        used        free      shared  buff/cache   available
Mem:          33447        3990         984         160       28472       28798
Swap:          2147         438        1708
Total:        35595        4429        2693

              total        used        free      shared  buff/cache   available
Mem:          33447        3987         986         160       28473       28801
Swap:          2147         438        1708
Total:        35595        4426        2695

              total        used        free      shared  buff/cache   available
Mem:          33447        3978         998         160       28469       28811
Swap:          2147         438        1708
Total:        35595        4417        2707

              total        used        free      shared  buff/cache   available
Mem:          33447        3979         997         160       28470       28810
Swap:          2147         438        1708
Total:        35595        4417        2706

              total        used        free      shared  buff/cache   available
Mem:          33447        3990         985         160       28471       28799
Swap:          2147         438        1708
Total:        35595        4429        2694

              total        used        free      shared  buff/cache   available
Mem:          33447        3973        1003         160       28470       28816
Swap:          2147         438        1708
Total:        35595        4412        2712

              total        used        free      shared  buff/cache   available
Mem:          33447        3975         997         163       28473       28810
Swap:          2147         438        1708
Total:        35595        4414        2706

              total        used        free      shared  buff/cache   available
Mem:          33447        3976         997         164       28473       28810
Swap:          2147         438        1708
Total:        35595        4414        2706

              total        used        free      shared  buff/cache   available
Mem:          33447        3870        1103         164       28473       28916
Swap:          2147         438        1708
Total:        35595        4308        2812

              total        used        free      shared  buff/cache   available
Mem:          33447        3870        1103         164       28473       28916
Swap:          2147         438        1708
Total:        35595        4308        2812

              total        used        free      shared  buff/cache   available
Mem:          33447        3870        1106         160       28470       28919
Swap:          2147         438        1708
Total:        35595        4308        2815

              total        used        free      shared  buff/cache   available
Mem:          33447        3870        1106         160       28470       28919
Swap:          2147         438        1708
Total:        35595        4308        2815

              total        used        free      shared  buff/cache   available
Mem:          33447        3869        1107         160       28470       28920
Swap:          2147         438        1708
Total:        35595        4308        2816

              total        used        free      shared  buff/cache   available
Mem:          33447        3845        1131         160       28470       28944
Swap:          2147         438        1708
Total:        35595        4283        2840

              total        used        free      shared  buff/cache   available
Mem:          33447        3846        1130         160       28470       28943
Swap:          2147         438        1708
Total:        35595        4284        2839
