RESET
CPU yadrolab-wp11 1745511522 2025/04/24 19:18:42 2098145 100 24 14728904 20441521 1146392 4994988620 152591 0 15778 0 0 80289 100 0 0
SEP
CPU yadrolab-wp11 1745511523 2025/04/24 19:18:43 1 100 24 16 5 2 2376 0 0 0 0 0 77291 100 0 0
SEP
CPU yadrolab-wp11 1745511524 2025/04/24 19:18:44 1 100 24 12 7 4 2372 0 0 0 0 0 76530 100 0 0
SEP
CPU yadrolab-wp11 1745511525 2025/04/24 19:18:45 1 100 24 14 7 1 2373 0 0 0 0 0 77739 100 0 0
SEP
CPU yadrolab-wp11 1745511526 2025/04/24 19:18:46 1 100 24 14 4 2 2378 0 0 0 0 0 75540 100 0 0
SEP
CPU yadrolab-wp11 1745511527 2025/04/24 19:18:47 1 100 24 15 4 3 2374 0 0 0 0 0 74744 100 0 0
SEP
CPU yadrolab-wp11 1745511528 2025/04/24 19:18:48 1 100 24 13 6 1 2377 0 0 0 0 0 76119 100 0 0
SEP
CPU yadrolab-wp11 1745511529 2025/04/24 19:18:49 1 100 24 14 5 2 2373 0 0 0 0 0 77325 100 0 0
SEP
CPU yadrolab-wp11 1745511530 2025/04/24 19:18:50 1 100 24 14 7 3 2374 0 0 0 0 0 77413 100 0 0
SEP
CPU yadrolab-wp11 1745511531 2025/04/24 19:18:51 1 100 24 13 6 2 2375 0 0 0 0 0 77604 100 0 0
SEP
CPU yadrolab-wp11 1745511532 2025/04/24 19:18:52 1 100 24 14 6 1 2377 0 0 0 0 0 71883 100 0 0
SEP
CPU yadrolab-wp11 1745511533 2025/04/24 19:18:53 1 100 24 70 318 5 2000 3 0 0 0 0 76132 100 0 0
SEP
CPU yadrolab-wp11 1745511534 2025/04/24 19:18:54 1 100 24 52 306 2 2020 2 0 0 0 0 76227 100 0 0
SEP
CPU yadrolab-wp11 1745511535 2025/04/24 19:18:55 1 100 24 58 455 2 1872 1 0 0 0 0 80192 100 0 0
SEP
CPU yadrolab-wp11 1745511536 2025/04/24 19:18:56 1 100 24 67 333 2 1976 2 0 0 0 0 80287 100 0 0
SEP
CPU yadrolab-wp11 1745511537 2025/04/24 19:18:57 1 100 24 75 301 2 2008 1 0 0 0 0 80193 100 0 0
SEP
CPU yadrolab-wp11 1745511538 2025/04/24 19:18:58 1 100 24 73 292 2 2013 2 0 0 0 0 80288 100 0 0
SEP
CPU yadrolab-wp11 1745511539 2025/04/24 19:18:59 1 100 24 65 300 4 2003 2 0 0 0 0 79574 100 0 0
SEP
CPU yadrolab-wp11 1745511540 2025/04/24 19:19:00 1 100 24 71 334 8 1989 2 0 0 0 0 76692 100 0 0
SEP
CPU yadrolab-wp11 1745511541 2025/04/24 19:19:01 1 100 24 66 294 3 2023 6 0 0 0 0 78266 100 0 0
SEP
CPU yadrolab-wp11 1745511542 2025/04/24 19:19:02 1 100 24 73 315 1 2009 6 0 0 0 0 78469 100 0 0
SEP
CPU yadrolab-wp11 1745511543 2025/04/24 19:19:03 1 100 24 53 286 4 2038 6 0 0 0 0 76077 100 0 0
SEP
CPU yadrolab-wp11 1745511544 2025/04/24 19:19:04 1 100 24 76 323 3 1978 5 0 0 0 0 74007 100 0 0
SEP
CPU yadrolab-wp11 1745511545 2025/04/24 19:19:05 1 100 24 51 295 1 2027 6 0 0 0 0 77470 100 0 0
SEP
CPU yadrolab-wp11 1745511546 2025/04/24 19:19:06 1 100 24 83 314 2 1981 6 0 0 0 0 76272 100 0 0
SEP
CPU yadrolab-wp11 1745511547 2025/04/24 19:19:07 1 100 24 52 288 2 2038 5 0 0 0 0 75602 100 0 0
SEP
CPU yadrolab-wp11 1745511548 2025/04/24 19:19:08 1 100 24 62 306 3 2009 4 0 0 0 0 72923 100 0 0
SEP
CPU yadrolab-wp11 1745511549 2025/04/24 19:19:09 1 100 24 62 309 3 2006 1 0 0 0 0 68909 100 0 0
SEP
CPU yadrolab-wp11 1745511550 2025/04/24 19:19:10 1 100 24 71 308 4 2007 2 0 0 0 0 77315 100 0 0
SEP
CPU yadrolab-wp11 1745511551 2025/04/24 19:19:11 1 100 24 41 270 1 2073 1 0 0 0 0 62451 100 0 0
SEP
CPU yadrolab-wp11 1745511552 2025/04/24 19:19:12 1 100 24 72 319 3 1995 2 0 0 0 0 77345 100 0 0
SEP
CPU yadrolab-wp11 1745511553 2025/04/24 19:19:13 1 100 24 87 322 2 1984 2 0 0 0 0 75080 100 0 0
SEP
CPU yadrolab-wp11 1745511554 2025/04/24 19:19:14 1 100 24 55 310 3 2008 1 0 0 0 0 74635 100 0 0
SEP
CPU yadrolab-wp11 1745511555 2025/04/24 19:19:15 1 100 24 55 384 4 1957 2 0 0 0 0 107818 100 0 0
SEP
CPU yadrolab-wp11 1745511556 2025/04/24 19:19:16 1 100 24 65 426 2 1887 2 0 0 0 0 80233 100 0 0
SEP
CPU yadrolab-wp11 1745511557 2025/04/24 19:19:17 1 100 24 64 307 2 2003 2 0 1 0 0 80280 100 0 0
SEP
CPU yadrolab-wp11 1745511558 2025/04/24 19:19:18 1 100 24 64 295 2 2018 1 0 0 0 0 80280 100 0 0
SEP
CPU yadrolab-wp11 1745511559 2025/04/24 19:19:19 1 100 24 62 304 1 2005 2 0 0 0 0 77858 100 0 0
SEP
CPU yadrolab-wp11 1745511560 2025/04/24 19:19:20 1 100 24 47 294 2 2046 1 0 0 0 0 74808 100 0 0
SEP
CPU yadrolab-wp11 1745511561 2025/04/24 19:19:21 1 100 24 57 294 2 2030 2 0 0 0 0 76560 100 0 0
SEP
CPU yadrolab-wp11 1745511562 2025/04/24 19:19:22 1 100 24 65 300 1 2021 2 0 0 0 0 75571 100 0 0
SEP
CPU yadrolab-wp11 1745511563 2025/04/24 19:19:23 1 100 24 49 297 1 2030 1 0 0 0 0 76728 100 0 0
SEP
CPU yadrolab-wp11 1745511564 2025/04/24 19:19:24 1 100 24 88 341 2 1950 3 0 0 0 0 75055 100 0 0
SEP
CPU yadrolab-wp11 1745511565 2025/04/24 19:19:25 1 100 24 79 388 4 1911 2 0 0 0 0 107889 100 0 0
SEP
CPU yadrolab-wp11 1745511566 2025/04/24 19:19:26 1 100 24 80 425 3 1877 1 0 0 0 0 80254 100 0 0
SEP
CPU yadrolab-wp11 1745511567 2025/04/24 19:19:27 1 100 24 74 315 2 2000 2 0 0 0 0 77153 100 0 0
SEP
CPU yadrolab-wp11 1745511568 2025/04/24 19:19:28 1 100 24 65 307 1 2009 2 0 0 0 0 77026 100 0 0
SEP
CPU yadrolab-wp11 1745511569 2025/04/24 19:19:29 1 100 24 83 323 4 1947 2 0 0 0 0 77842 100 0 0
SEP
CPU yadrolab-wp11 1745511570 2025/04/24 19:19:30 1 100 24 68 296 17 1999 2 0 0 0 0 76930 100 0 0
SEP
CPU yadrolab-wp11 1745511571 2025/04/24 19:19:31 1 100 24 55 470 4 1858 2 0 0 0 0 80201 100 0 0
SEP
CPU yadrolab-wp11 1745511572 2025/04/24 19:19:32 1 100 24 48 304 85 1952 1 0 0 0 0 80403 100 0 0
SEP
CPU yadrolab-wp11 1745511573 2025/04/24 19:19:33 1 100 24 66 325 2 1991 3 0 0 0 0 76762 100 0 0
SEP
CPU yadrolab-wp11 1745511574 2025/04/24 19:19:34 1 100 24 66 314 6 2018 2 0 0 0 0 78865 100 0 0
SEP
CPU yadrolab-wp11 1745511575 2025/04/24 19:19:35 1 100 24 78 298 51 1936 3 0 0 0 0 74476 100 0 0
SEP
CPU yadrolab-wp11 1745511576 2025/04/24 19:19:36 1 100 24 63 378 3 1952 2 0 0 0 0 107233 100 0 0
SEP
CPU yadrolab-wp11 1745511577 2025/04/24 19:19:37 1 100 24 58 419 10 1900 1 0 0 0 0 78604 100 0 0
SEP
CPU yadrolab-wp11 1745511578 2025/04/24 19:19:38 1 100 24 55 310 3 2016 2 0 0 0 0 75934 100 0 0
SEP
CPU yadrolab-wp11 1745511579 2025/04/24 19:19:39 1 100 24 60 308 1 2008 2 0 0 0 0 77152 100 0 0
SEP
CPU yadrolab-wp11 1745511580 2025/04/24 19:19:40 1 100 24 61 282 2 2032 1 0 0 0 0 78099 100 0 0
SEP
CPU yadrolab-wp11 1745511581 2025/04/24 19:19:41 1 100 24 53 305 3 2021 7 0 0 0 0 75577 100 0 0
SEP
CPU yadrolab-wp11 1745511582 2025/04/24 19:19:42 1 100 24 68 313 1 1998 3 0 0 0 0 75649 100 0 0
SEP
CPU yadrolab-wp11 1745511583 2025/04/24 19:19:43 1 100 24 60 310 3 2017 2 0 0 0 0 77897 100 0 0
SEP
CPU yadrolab-wp11 1745511584 2025/04/24 19:19:44 1 100 24 62 462 2 1885 2 0 0 0 0 107921 100 0 0
SEP
CPU yadrolab-wp11 1745511585 2025/04/24 19:19:45 1 100 24 72 288 3 2032 1 0 0 0 0 73104 100 0 0
SEP
CPU yadrolab-wp11 1745511586 2025/04/24 19:19:46 1 100 24 63 380 3 1945 2 0 0 0 0 80263 100 0 0
SEP
CPU yadrolab-wp11 1745511587 2025/04/24 19:19:47 1 100 24 56 315 3 2010 2 0 0 0 0 79175 100 0 0
SEP
CPU yadrolab-wp11 1745511588 2025/04/24 19:19:48 1 100 24 61 308 4 2005 1 0 0 0 0 78687 100 0 0
SEP
CPU yadrolab-wp11 1745511589 2025/04/24 19:19:49 1 100 24 72 311 3 2002 2 0 0 0 0 77790 100 0 0
SEP
CPU yadrolab-wp11 1745511590 2025/04/24 19:19:50 1 100 24 60 303 3 1999 3 0 0 0 0 75951 100 0 0
SEP
CPU yadrolab-wp11 1745511591 2025/04/24 19:19:51 1 100 24 82 322 2 1977 3 0 1 0 0 75824 100 0 0
SEP
CPU yadrolab-wp11 1745511592 2025/04/24 19:19:52 1 100 24 53 410 3 1916 1 0 0 0 0 107890 100 0 0
SEP
CPU yadrolab-wp11 1745511593 2025/04/24 19:19:53 1 100 24 50 401 2 1936 2 0 0 0 0 80081 100 0 0
SEP
CPU yadrolab-wp11 1745511594 2025/04/24 19:19:54 1 100 24 61 279 1 2034 1 0 0 0 0 77420 100 0 0
SEP
CPU yadrolab-wp11 1745511595 2025/04/24 19:19:55 1 100 24 58 297 3 2030 2 0 0 0 0 77399 100 0 0
SEP
CPU yadrolab-wp11 1745511596 2025/04/24 19:19:56 1 100 24 49 299 2 2033 2 0 0 0 0 77189 100 0 0
SEP
CPU yadrolab-wp11 1745511597 2025/04/24 19:19:57 1 100 24 63 302 3 2006 1 0 0 0 0 74813 100 0 0
SEP
CPU yadrolab-wp11 1745511598 2025/04/24 19:19:58 1 100 24 68 291 1 2000 2 0 0 0 0 74834 100 0 0
SEP
CPU yadrolab-wp11 1745511599 2025/04/24 19:19:59 1 100 24 57 296 1 2047 1 0 0 0 0 74400 100 0 0
SEP
CPU yadrolab-wp11 1745511600 2025/04/24 19:20:00 1 100 24 60 280 8 2037 2 0 0 0 0 75953 100 0 0
SEP
CPU yadrolab-wp11 1745511601 2025/04/24 19:20:01 1 100 24 69 314 8 1999 2 0 0 0 0 76591 100 0 0
SEP
CPU yadrolab-wp11 1745511602 2025/04/24 19:20:02 1 100 24 70 318 3 1985 3 0 0 0 0 74847 100 0 0
SEP
CPU yadrolab-wp11 1745511603 2025/04/24 19:20:03 1 100 24 59 302 1 2027 1 0 0 0 0 74673 100 0 0
SEP
CPU yadrolab-wp11 1745511604 2025/04/24 19:20:04 1 100 24 72 320 2 1997 3 0 0 0 0 72427 100 0 0
SEP
CPU yadrolab-wp11 1745511605 2025/04/24 19:20:05 1 100 24 58 308 3 2017 2 0 0 0 0 75379 100 0 0
SEP
CPU yadrolab-wp11 1745511606 2025/04/24 19:20:06 1 100 24 70 299 2 2019 2 0 0 0 0 77674 100 0 0
SEP
CPU yadrolab-wp11 1745511607 2025/04/24 19:20:07 1 100 24 57 341 6 1991 2 0 0 0 0 107797 100 0 0
SEP
CPU yadrolab-wp11 1745511608 2025/04/24 19:20:08 1 100 24 66 400 4 1926 2 0 0 0 0 85384 100 0 0
SEP
CPU yadrolab-wp11 1745511609 2025/04/24 19:20:09 1 100 24 54 378 1 1950 1 0 0 0 0 79339 100 0 0
SEP
CPU yadrolab-wp11 1745511610 2025/04/24 19:20:10 1 100 24 56 295 3 2035 2 0 0 0 0 79992 100 0 0
SEP
CPU yadrolab-wp11 1745511611 2025/04/24 19:20:11 1 100 24 52 302 1 2033 1 0 0 0 0 81899 100 0 0
SEP
CPU yadrolab-wp11 1745511612 2025/04/24 19:20:12 1 100 24 65 293 4 2027 2 0 0 0 0 80228 100 0 0
SEP
CPU yadrolab-wp11 1745511613 2025/04/24 19:20:13 1 100 24 54 340 2 1998 2 0 0 0 0 80160 100 0 0
SEP
CPU yadrolab-wp11 1745511614 2025/04/24 19:20:14 1 100 24 62 304 2 2018 1 0 0 0 0 75449 100 0 0
SEP
CPU yadrolab-wp11 1745511615 2025/04/24 19:20:15 1 100 24 60 310 3 2017 2 0 0 0 0 74919 100 0 0
SEP
CPU yadrolab-wp11 1745511616 2025/04/24 19:20:16 1 100 24 47 296 2 2030 2 0 0 0 0 74448 100 0 0
SEP
CPU yadrolab-wp11 1745511617 2025/04/24 19:20:17 1 100 24 57 288 3 2046 1 0 0 0 0 75950 100 0 0
SEP
CPU yadrolab-wp11 1745511618 2025/04/24 19:20:18 1 100 24 83 311 2 1983 3 0 0 0 0 76295 100 0 0
SEP
CPU yadrolab-wp11 1745511619 2025/04/24 19:20:19 1 100 24 74 301 1 2006 2 0 0 0 0 72809 100 0 0
SEP
CPU yadrolab-wp11 1745511620 2025/04/24 19:20:20 1 100 24 65 400 3 1932 1 0 0 0 0 107967 100 0 0
SEP
CPU yadrolab-wp11 1745511621 2025/04/24 19:20:21 1 100 24 66 427 2 1885 2 0 1 0 0 80141 100 0 0
SEP
CPU yadrolab-wp11 1745511622 2025/04/24 19:20:22 1 100 24 65 309 1 2015 3 0 0 0 0 76046 100 0 0
SEP
CPU yadrolab-wp11 1745511623 2025/04/24 19:20:23 1 100 24 54 294 3 2037 1 0 0 0 0 74535 100 0 0
SEP
CPU yadrolab-wp11 1745511624 2025/04/24 19:20:24 1 100 24 39 48 1 2310 1 0 0 0 0 76227 100 0 0
SEP
CPU yadrolab-wp11 1745511625 2025/04/24 19:20:25 1 100 24 13 10 1 2372 0 0 0 0 0 74862 100 0 0
SEP
CPU yadrolab-wp11 1745511626 2025/04/24 19:20:26 1 100 24 15 7 2 2372 0 0 0 0 0 77750 100 0 0
SEP
CPU yadrolab-wp11 1745511627 2025/04/24 19:20:27 1 100 24 21 18 2 2349 0 0 0 0 0 77677 100 0 0
SEP
CPU yadrolab-wp11 1745511628 2025/04/24 19:20:28 1 100 24 11 9 2 2375 0 0 0 0 0 76254 100 0 0
SEP
CPU yadrolab-wp11 1745511629 2025/04/24 19:20:29 1 100 24 16 4 4 2374 0 0 0 0 0 77698 100 0 0
SEP
CPU yadrolab-wp11 1745511630 2025/04/24 19:20:30 1 100 24 10 9 6 2368 0 0 0 0 0 77574 100 0 0
SEP
CPU yadrolab-wp11 1745511631 2025/04/24 19:20:31 1 100 24 14 6 2 2375 0 0 0 0 0 74530 100 0 0
SEP
CPU yadrolab-wp11 1745511632 2025/04/24 19:20:32 1 100 24 13 7 2 2375 0 0 0 0 0 75867 100 0 0
SEP
CPU yadrolab-wp11 1745511633 2025/04/24 19:20:33 1 100 24 13 6 2 2374 0 0 0 0 0 75985 100 0 0
SEP
