1589 
1461 
1437 
1466 
1510 
1388 
1408 
1539 
1442 
1461 
1367 
1463 
1432 
1457 
1608 
1580 
1362 
1520 
1355 
1423 
1460 
1487 
1394 
1460 
1487 
1428 
1458 
1406 
1490 
1511 
1425 
1511 
1450 
1453 
1414 
1496 
1341 
1356 
1352 
1471 
1433 
1396 
1473 
1412 
1356 
1445 
1395 
1487 
1371 
1455 
1504 
1292 
1454 
1425 
1527 
1354 
1433 
1443 
1329 
1418 
1318 
1496 
1423 
1399 
1431 
1351 
1369 
1437 
1455 
1441 
1441 
1595 
1520 
1451 
1400 
1438 
1321 
1391 
1417 
1419 
1465 
1342 
1501 
1381 
1375 
1429 
1309 
1460 
1338 
1473 
1485 
1462 
1409 
1390 
1492 
1510 
1432 
1387 
1514 
1464 
