               total        used        free      shared  buff/cache   available
Mem:           14514        4545         471         174        9497        9456
Swap:           2147           3        2144
Total:         16662        4549        2615

               total        used        free      shared  buff/cache   available
Mem:           14514        4548         468         174        9497        9453
Swap:           2147           3        2144
Total:         16662        4552        2612

               total        used        free      shared  buff/cache   available
Mem:           14514        4541         476         174        9497        9460
Swap:           2147           3        2144
Total:         16662        4544        2620

               total        used        free      shared  buff/cache   available
Mem:           14514        4542         474         174        9497        9459
Swap:           2147           3        2144
Total:         16662        4546        2618

               total        used        free      shared  buff/cache   available
Mem:           14514        4540         477         174        9497        9461
Swap:           2147           3        2144
Total:         16662        4543        2621

               total        used        free      shared  buff/cache   available
Mem:           14514        4516         507         168        9491        9492
Swap:           2147           3        2144
Total:         16662        4519        2651

               total        used        free      shared  buff/cache   available
Mem:           14514        4501         525         165        9487        9510
Swap:           2147           3        2144
Total:         16662        4504        2669

               total        used        free      shared  buff/cache   available
Mem:           14514        4497         528         165        9487        9513
Swap:           2147           3        2144
Total:         16662        4501        2672

               total        used        free      shared  buff/cache   available
Mem:           14514        4497         529         165        9487        9513
Swap:           2147           3        2144
Total:         16662        4500        2673

               total        used        free      shared  buff/cache   available
Mem:           14514        4493         532         165        9487        9517
Swap:           2147           3        2144
Total:         16662        4497        2676

               total        used        free      shared  buff/cache   available
Mem:           14514        4493         533         165        9487        9518
Swap:           2147           3        2144
Total:         16662        4496        2677

               total        used        free      shared  buff/cache   available
Mem:           14514        4638         386         165        9490        9372
Swap:           2147           3        2144
Total:         16662        4641        2530

               total        used        free      shared  buff/cache   available
Mem:           14514        4638         387         165        9488        9372
Swap:           2147           3        2144
Total:         16662        4642        2531

               total        used        free      shared  buff/cache   available
Mem:           14514        4646         375         167        9492        9362
Swap:           2147           3        2144
Total:         16662        4649        2519

               total        used        free      shared  buff/cache   available
Mem:           14514        4693         328         167        9492        9315
Swap:           2147           3        2144
Total:         16662        4696        2472

               total        used        free      shared  buff/cache   available
Mem:           14514        4670         354         165        9489        9340
Swap:           2147           3        2144
Total:         16662        4673        2498

               total        used        free      shared  buff/cache   available
Mem:           14514        4618         407         165        9488        9393
Swap:           2147           3        2144
Total:         16662        4621        2551

               total        used        free      shared  buff/cache   available
Mem:           14514        4684         338         165        9491        9326
Swap:           2147           3        2144
Total:         16662        4688        2482

               total        used        free      shared  buff/cache   available
Mem:           14514        4660         364         165        9490        9350
Swap:           2147           3        2144
Total:         16662        4663        2508

               total        used        free      shared  buff/cache   available
Mem:           14514        4644         381         165        9489        9366
Swap:           2147           3        2144
Total:         16662        4647        2525

               total        used        free      shared  buff/cache   available
Mem:           14514        4713         309         165        9491        9297
Swap:           2147           3        2144
Total:         16662        4717        2453

               total        used        free      shared  buff/cache   available
Mem:           14514        4717         306         165        9490        9293
Swap:           2147           3        2144
Total:         16662        4721        2450

               total        used        free      shared  buff/cache   available
Mem:           14514        4638         387         164        9488        9373
Swap:           2147           3        2144
Total:         16662        4642        2531

               total        used        free      shared  buff/cache   available
Mem:           14514        4671         352         164        9490        9340
Swap:           2147           3        2144
Total:         16662        4674        2496

               total        used        free      shared  buff/cache   available
Mem:           14514        4659         363         164        9490        9352
Swap:           2147           3        2144
Total:         16662        4663        2507

               total        used        free      shared  buff/cache   available
Mem:           14514        4663         362         164        9488        9348
Swap:           2147           3        2144
Total:         16662        4667        2506

               total        used        free      shared  buff/cache   available
Mem:           14514        4641         382         164        9490        9371
Swap:           2147           3        2144
Total:         16662        4644        2526

               total        used        free      shared  buff/cache   available
Mem:           14514        4655         367         164        9491        9356
Swap:           2147           3        2144
Total:         16662        4659        2511

               total        used        free      shared  buff/cache   available
Mem:           14514        4618         406         164        9489        9393
Swap:           2147           3        2144
Total:         16662        4622        2550

               total        used        free      shared  buff/cache   available
Mem:           14514        4635         389         164        9489        9376
Swap:           2147           3        2144
Total:         16662        4639        2533

               total        used        free      shared  buff/cache   available
Mem:           14514        4680         342         164        9491        9331
Swap:           2147           3        2144
Total:         16662        4684        2486

               total        used        free      shared  buff/cache   available
Mem:           14514        4607         416         164        9490        9404
Swap:           2147           3        2144
Total:         16662        4611        2560

               total        used        free      shared  buff/cache   available
Mem:           14514        4589         434         164        9491        9423
Swap:           2147           3        2144
Total:         16662        4592        2578

               total        used        free      shared  buff/cache   available
Mem:           14514        4631         388         167        9494        9377
Swap:           2147           3        2144
Total:         16662        4635        2532

               total        used        free      shared  buff/cache   available
Mem:           14514        4592         428         167        9493        9416
Swap:           2147           3        2144
Total:         16662        4596        2573

               total        used        free      shared  buff/cache   available
Mem:           14514        4618         401         167        9494        9390
Swap:           2147           3        2144
Total:         16662        4622        2545

               total        used        free      shared  buff/cache   available
Mem:           14514        4668         353         164        9492        9343
Swap:           2147           3        2144
Total:         16662        4672        2497

               total        used        free      shared  buff/cache   available
Mem:           14514        4643         380         164        9490        9368
Swap:           2147           3        2144
Total:         16662        4647        2524

               total        used        free      shared  buff/cache   available
Mem:           14514        4615         409         164        9490        9396
Swap:           2147           3        2144
Total:         16662        4618        2553

               total        used        free      shared  buff/cache   available
Mem:           14514        4651         371         164        9492        9361
Swap:           2147           3        2144
Total:         16662        4654        2515

               total        used        free      shared  buff/cache   available
Mem:           14514        4666         355         164        9492        9345
Swap:           2147           3        2144
Total:         16662        4670        2499

               total        used        free      shared  buff/cache   available
Mem:           14514        4634         389         164        9490        9377
Swap:           2147           3        2144
Total:         16662        4637        2533

               total        used        free      shared  buff/cache   available
Mem:           14514        4642         378         164        9492        9369
Swap:           2147           3        2144
Total:         16662        4646        2523

               total        used        free      shared  buff/cache   available
Mem:           14514        4656         365         164        9493        9356
Swap:           2147           3        2144
Total:         16662        4659        2509

               total        used        free      shared  buff/cache   available
Mem:           14514        4608         414         164        9491        9403
Swap:           2147           3        2144
Total:         16662        4612        2558

               total        used        free      shared  buff/cache   available
Mem:           14514        4638         383         164        9493        9373
Swap:           2147           3        2144
Total:         16662        4641        2527

               total        used        free      shared  buff/cache   available
Mem:           14514        4714         307         164        9493        9298
Swap:           2147           3        2144
Total:         16662        4717        2451

               total        used        free      shared  buff/cache   available
Mem:           14514        4693         329         164        9491        9318
Swap:           2147           3        2144
Total:         16662        4697        2473

               total        used        free      shared  buff/cache   available
Mem:           14514        4716         304         164        9493        9295
Swap:           2147           3        2144
Total:         16662        4719        2448

               total        used        free      shared  buff/cache   available
Mem:           14514        4722         298         164        9493        9289
Swap:           2147           3        2144
Total:         16662        4725        2442

               total        used        free      shared  buff/cache   available
Mem:           14514        4710         312         164        9492        9302
Swap:           2147           3        2144
Total:         16662        4713        2456

               total        used        free      shared  buff/cache   available
Mem:           14514        4692         330         164        9491        9319
Swap:           2147           3        2144
Total:         16662        4695        2474

               total        used        free      shared  buff/cache   available
Mem:           14514        4739         280         164        9494        9272
Swap:           2147           3        2144
Total:         16662        4743        2424

               total        used        free      shared  buff/cache   available
Mem:           14514        4723         298         164        9492        9289
Swap:           2147           3        2144
Total:         16662        4726        2442

               total        used        free      shared  buff/cache   available
Mem:           14514        4676         346         164        9492        9335
Swap:           2147           3        2144
Total:         16662        4679        2490

               total        used        free      shared  buff/cache   available
Mem:           14514        4718         302         164        9494        9293
Swap:           2147           3        2144
Total:         16662        4721        2446

               total        used        free      shared  buff/cache   available
Mem:           14514        4735         285         164        9494        9277
Swap:           2147           3        2144
Total:         16662        4738        2429

               total        used        free      shared  buff/cache   available
Mem:           14514        4667         354         164        9492        9344
Swap:           2147           3        2144
Total:         16662        4670        2498

               total        used        free      shared  buff/cache   available
Mem:           14514        4698         321         164        9494        9313
Swap:           2147           3        2144
Total:         16662        4701        2465

               total        used        free      shared  buff/cache   available
Mem:           14514        4728         292         164        9494        9283
Swap:           2147           3        2144
Total:         16662        4731        2436

               total        used        free      shared  buff/cache   available
Mem:           14514        4677         344         164        9492        9334
Swap:           2147           3        2144
Total:         16662        4680        2488

               total        used        free      shared  buff/cache   available
Mem:           14514        4686         332         164        9494        9325
Swap:           2147           3        2144
Total:         16662        4690        2476

               total        used        free      shared  buff/cache   available
Mem:           14514        4710         308         164        9495        9301
Swap:           2147           3        2144
Total:         16662        4714        2452

               total        used        free      shared  buff/cache   available
Mem:           14514        4697         320         167        9496        9311
Swap:           2147           3        2144
Total:         16662        4701        2464

               total        used        free      shared  buff/cache   available
Mem:           14514        4705         311         167        9497        9303
Swap:           2147           3        2144
Total:         16662        4708        2455

               total        used        free      shared  buff/cache   available
Mem:           14514        4747         268         167        9498        9261
Swap:           2147           3        2144
Total:         16662        4751        2412

               total        used        free      shared  buff/cache   available
Mem:           14514        4709         309         164        9495        9302
Swap:           2147           3        2144
Total:         16662        4712        2453

               total        used        free      shared  buff/cache   available
Mem:           14514        4698         321         164        9494        9313
Swap:           2147           3        2144
Total:         16662        4702        2465

               total        used        free      shared  buff/cache   available
Mem:           14514        4686         331         164        9496        9325
Swap:           2147           3        2144
Total:         16662        4690        2475

               total        used        free      shared  buff/cache   available
Mem:           14514        4706         312         164        9496        9305
Swap:           2147           3        2144
Total:         16662        4709        2456

               total        used        free      shared  buff/cache   available
Mem:           14514        4665         355         164        9494        9346
Swap:           2147           3        2144
Total:         16662        4668        2499

               total        used        free      shared  buff/cache   available
Mem:           14514        4693         324         164        9496        9318
Swap:           2147           3        2144
Total:         16662        4697        2468

               total        used        free      shared  buff/cache   available
Mem:           14514        4718         299         164        9496        9293
Swap:           2147           3        2144
Total:         16662        4722        2443

               total        used        free      shared  buff/cache   available
Mem:           14514        4709         310         164        9495        9302
Swap:           2147           3        2144
Total:         16662        4712        2454

               total        used        free      shared  buff/cache   available
Mem:           14514        4692         327         164        9494        9319
Swap:           2147           3        2144
Total:         16662        4696        2471

               total        used        free      shared  buff/cache   available
Mem:           14514        4721         295         164        9497        9290
Swap:           2147           3        2144
Total:         16662        4725        2439

               total        used        free      shared  buff/cache   available
Mem:           14514        4660         356         164        9497        9351
Swap:           2147           3        2144
Total:         16662        4664        2500

               total        used        free      shared  buff/cache   available
Mem:           14514        4650         368         164        9495        9361
Swap:           2147           3        2144
Total:         16662        4654        2512

               total        used        free      shared  buff/cache   available
Mem:           14514        4635         381         164        9497        9375
Swap:           2147           3        2144
Total:         16662        4639        2525

               total        used        free      shared  buff/cache   available
Mem:           14514        4660         356         164        9497        9351
Swap:           2147           3        2144
Total:         16662        4664        2500

               total        used        free      shared  buff/cache   available
Mem:           14514        4615         403         164        9495        9396
Swap:           2147           3        2144
Total:         16662        4619        2547

               total        used        free      shared  buff/cache   available
Mem:           14514        4620         398         164        9495        9391
Swap:           2147           3        2144
Total:         16662        4623        2542

               total        used        free      shared  buff/cache   available
Mem:           14514        4658         358         164        9497        9353
Swap:           2147           3        2144
Total:         16662        4662        2502

               total        used        free      shared  buff/cache   available
Mem:           14514        4649         368         164        9496        9362
Swap:           2147           3        2144
Total:         16662        4652        2512

               total        used        free      shared  buff/cache   available
Mem:           14514        4652         366         164        9495        9359
Swap:           2147           3        2144
Total:         16662        4655        2510

               total        used        free      shared  buff/cache   available
Mem:           14514        4685         331         164        9498        9326
Swap:           2147           3        2144
Total:         16662        4688        2475

               total        used        free      shared  buff/cache   available
Mem:           14514        4702         313         164        9498        9309
Swap:           2147           3        2144
Total:         16662        4705        2457

               total        used        free      shared  buff/cache   available
Mem:           14514        4659         359         164        9496        9352
Swap:           2147           3        2144
Total:         16662        4662        2503

               total        used        free      shared  buff/cache   available
Mem:           14514        4627         388         164        9498        9384
Swap:           2147           3        2144
Total:         16662        4631        2532

               total        used        free      shared  buff/cache   available
Mem:           14514        4649         366         164        9498        9362
Swap:           2147           3        2144
Total:         16662        4652        2510

               total        used        free      shared  buff/cache   available
Mem:           14514        4631         386         164        9496        9380
Swap:           2147           3        2144
Total:         16662        4634        2530

               total        used        free      shared  buff/cache   available
Mem:           14514        4601         415         164        9497        9410
Swap:           2147           3        2144
Total:         16662        4604        2559

               total        used        free      shared  buff/cache   available
Mem:           14514        4668         347         164        9499        9343
Swap:           2147           3        2144
Total:         16662        4672        2491

               total        used        free      shared  buff/cache   available
Mem:           14514        4642         370         168        9501        9365
Swap:           2147           3        2144
Total:         16662        4646        2514

               total        used        free      shared  buff/cache   available
Mem:           14514        4629         384         168        9500        9378
Swap:           2147           3        2144
Total:         16662        4633        2528

               total        used        free      shared  buff/cache   available
Mem:           14514        4679         332         168        9502        9329
Swap:           2147           3        2144
Total:         16662        4682        2477

               total        used        free      shared  buff/cache   available
Mem:           14514        4645         369         164        9499        9366
Swap:           2147           3        2144
Total:         16662        4648        2513

               total        used        free      shared  buff/cache   available
Mem:           14514        4614         403         164        9497        9397
Swap:           2147           3        2144
Total:         16662        4617        2547

               total        used        free      shared  buff/cache   available
Mem:           14514        4628         388         164        9497        9383
Swap:           2147           3        2144
Total:         16662        4632        2532

               total        used        free      shared  buff/cache   available
Mem:           14514        4676         337         164        9499        9334
Swap:           2147           3        2144
Total:         16662        4680        2481

               total        used        free      shared  buff/cache   available
Mem:           14514        4653         361         165        9498        9357
Swap:           2147           3        2144
Total:         16662        4657        2506

               total        used        free      shared  buff/cache   available
Mem:           14514        4638         378         164        9497        9373
Swap:           2147           3        2144
Total:         16662        4641        2522

               total        used        free      shared  buff/cache   available
Mem:           14514        4679         334         165        9500        9332
Swap:           2147           3        2144
Total:         16662        4682        2478

               total        used        free      shared  buff/cache   available
Mem:           14514        4682         331         165        9500        9328
Swap:           2147           3        2144
Total:         16662        4686        2475

               total        used        free      shared  buff/cache   available
Mem:           14514        4677         338         164        9498        9334
Swap:           2147           3        2144
Total:         16662        4680        2482

               total        used        free      shared  buff/cache   available
Mem:           14514        4673         340         164        9500        9338
Swap:           2147           3        2144
Total:         16662        4676        2484

               total        used        free      shared  buff/cache   available
Mem:           14514        4757         256         165        9500        9253
Swap:           2147           3        2144
Total:         16662        4761        2400

               total        used        free      shared  buff/cache   available
Mem:           14514        4722         292         165        9499        9288
Swap:           2147           3        2144
Total:         16662        4726        2436

               total        used        free      shared  buff/cache   available
Mem:           14514        4688         326         164        9499        9322
Swap:           2147           3        2144
Total:         16662        4692        2470

               total        used        free      shared  buff/cache   available
Mem:           14514        4731         282         165        9501        9280
Swap:           2147           3        2144
Total:         16662        4734        2426

               total        used        free      shared  buff/cache   available
Mem:           14514        4723         289         165        9501        9288
Swap:           2147           3        2144
Total:         16662        4727        2433

               total        used        free      shared  buff/cache   available
Mem:           14514        4706         308         165        9499        9305
Swap:           2147           3        2144
Total:         16662        4709        2452

               total        used        free      shared  buff/cache   available
Mem:           14514        4756         256         165        9501        9255
Swap:           2147           3        2144
Total:         16662        4759        2400

               total        used        free      shared  buff/cache   available
Mem:           14514        4743         269         165        9501        9268
Swap:           2147           3        2144
Total:         16662        4746        2414

               total        used        free      shared  buff/cache   available
Mem:           14514        4698         316         165        9499        9313
Swap:           2147           3        2144
Total:         16662        4701        2460

               total        used        free      shared  buff/cache   available
Mem:           14514        4734         278         165        9501        9277
Swap:           2147           3        2144
Total:         16662        4737        2422

               total        used        free      shared  buff/cache   available
Mem:           14514        4770         242         165        9501        9240
Swap:           2147           3        2144
Total:         16662        4774        2386

               total        used        free      shared  buff/cache   available
Mem:           14514        4698         315         165        9500        9312
Swap:           2147           3        2144
Total:         16662        4702        2459

               total        used        free      shared  buff/cache   available
Mem:           14514        4751         260         165        9502        9259
Swap:           2147           3        2144
Total:         16662        4755        2404

               total        used        free      shared  buff/cache   available
Mem:           14514        4741         270         165        9502        9269
Swap:           2147           3        2144
Total:         16662        4745        2414

               total        used        free      shared  buff/cache   available
Mem:           14514        4665         348         165        9500        9345
Swap:           2147           3        2144
Total:         16662        4669        2492

               total        used        free      shared  buff/cache   available
Mem:           14514        4662         352         165        9500        9349
Swap:           2147           3        2144
Total:         16662        4665        2496

               total        used        free      shared  buff/cache   available
Mem:           14514        4713         298         165        9502        9298
Swap:           2147           3        2144
Total:         16662        4716        2442

               total        used        free      shared  buff/cache   available
Mem:           14514        4709         300         168        9505        9298
Swap:           2147           3        2144
Total:         16662        4712        2444

               total        used        free      shared  buff/cache   available
Mem:           14514        4683         326         168        9503        9324
Swap:           2147           3        2144
Total:         16662        4687        2470

               total        used        free      shared  buff/cache   available
Mem:           14514        4736         272         168        9506        9272
Swap:           2147           3        2144
Total:         16662        4739        2416

               total        used        free      shared  buff/cache   available
Mem:           14514        4718         293         165        9503        9293
Swap:           2147           3        2144
Total:         16662        4721        2437

               total        used        free      shared  buff/cache   available
Mem:           14514        4677         335         165        9501        9333
Swap:           2147           3        2144
Total:         16662        4681        2479

               total        used        free      shared  buff/cache   available
Mem:           14514        4670         342         165        9502        9341
Swap:           2147           3        2144
Total:         16662        4673        2486

               total        used        free      shared  buff/cache   available
Mem:           14514        4681         330         165        9503        9330
Swap:           2147           3        2144
Total:         16662        4684        2474

               total        used        free      shared  buff/cache   available
Mem:           14514        4684         328         165        9502        9327
Swap:           2147           3        2144
Total:         16662        4687        2472

               total        used        free      shared  buff/cache   available
Mem:           14514        4682         330         165        9501        9329
Swap:           2147           3        2144
Total:         16662        4685        2474

               total        used        free      shared  buff/cache   available
Mem:           14514        4701         309         165        9503        9310
Swap:           2147           3        2144
Total:         16662        4704        2453

               total        used        free      shared  buff/cache   available
Mem:           14514        4709         301         165        9503        9301
Swap:           2147           3        2144
Total:         16662        4712        2445

               total        used        free      shared  buff/cache   available
Mem:           14514        4669         343         165        9501        9342
Swap:           2147           3        2144
Total:         16662        4672        2487

               total        used        free      shared  buff/cache   available
Mem:           14514        4657         353         165        9503        9353
Swap:           2147           3        2144
Total:         16662        4661        2497

               total        used        free      shared  buff/cache   available
Mem:           14514        4661         349         165        9504        9350
Swap:           2147           3        2144
Total:         16662        4664        2493

               total        used        free      shared  buff/cache   available
Mem:           14514        4631         380         165        9502        9380
Swap:           2147           3        2144
Total:         16662        4634        2524

               total        used        free      shared  buff/cache   available
Mem:           14514        4618         394         165        9502        9393
Swap:           2147           3        2144
Total:         16662        4621        2538

               total        used        free      shared  buff/cache   available
Mem:           14514        4650         359         165        9504        9360
Swap:           2147           3        2144
Total:         16662        4654        2503

               total        used        free      shared  buff/cache   available
Mem:           14514        4662         347         165        9504        9349
Swap:           2147           3        2144
Total:         16662        4665        2491

               total        used        free      shared  buff/cache   available
Mem:           14514        4640         370         165        9502        9370
Swap:           2147           3        2144
Total:         16662        4644        2514

               total        used        free      shared  buff/cache   available
Mem:           14514        4685         324         165        9504        9326
Swap:           2147           3        2144
Total:         16662        4688        2468

               total        used        free      shared  buff/cache   available
Mem:           14514        4699         310         165        9505        9312
Swap:           2147           3        2144
Total:         16662        4702        2454

               total        used        free      shared  buff/cache   available
Mem:           14514        4656         355         165        9503        9354
Swap:           2147           3        2144
Total:         16662        4659        2499

               total        used        free      shared  buff/cache   available
Mem:           14514        4676         332         165        9505        9334
Swap:           2147           3        2144
Total:         16662        4680        2476

               total        used        free      shared  buff/cache   available
Mem:           14514        4696         312         165        9505        9314
Swap:           2147           3        2144
Total:         16662        4699        2456

               total        used        free      shared  buff/cache   available
Mem:           14514        4636         374         165        9503        9374
Swap:           2147           3        2144
Total:         16662        4639        2518

               total        used        free      shared  buff/cache   available
Mem:           14514        4641         367         165        9505        9370
Swap:           2147           3        2144
Total:         16662        4644        2511

               total        used        free      shared  buff/cache   available
Mem:           14514        4668         340         165        9505        9343
Swap:           2147           3        2144
Total:         16662        4671        2484

               total        used        free      shared  buff/cache   available
Mem:           14514        4643         366         165        9504        9367
Swap:           2147           3        2144
Total:         16662        4647        2510

               total        used        free      shared  buff/cache   available
Mem:           14514        4628         382         165        9503        9382
Swap:           2147           3        2144
Total:         16662        4632        2526

               total        used        free      shared  buff/cache   available
Mem:           14514        4707         301         165        9506        9303
Swap:           2147           3        2144
Total:         16662        4711        2445

               total        used        free      shared  buff/cache   available
Mem:           14514        4717         288         168        9508        9290
Swap:           2147           3        2144
Total:         16662        4721        2432

               total        used        free      shared  buff/cache   available
Mem:           14514        4630         377         168        9507        9378
Swap:           2147           3        2144
Total:         16662        4633        2521

               total        used        free      shared  buff/cache   available
Mem:           14514        4619         387         168        9507        9388
Swap:           2147           3        2144
Total:         16662        4622        2531

               total        used        free      shared  buff/cache   available
Mem:           14514        4612         398         165        9504        9399
Swap:           2147           3        2144
Total:         16662        4615        2542

               total        used        free      shared  buff/cache   available
Mem:           14514        4603         406         165        9504        9407
Swap:           2147           3        2144
Total:         16662        4607        2550

               total        used        free      shared  buff/cache   available
Mem:           14514        4554         455         165        9504        9456
Swap:           2147           3        2144
Total:         16662        4558        2599

               total        used        free      shared  buff/cache   available
Mem:           14514        4549         460         165        9504        9461
Swap:           2147           3        2144
Total:         16662        4553        2604

               total        used        free      shared  buff/cache   available
Mem:           14514        4545         464         165        9504        9465
Swap:           2147           3        2144
Total:         16662        4549        2608

               total        used        free      shared  buff/cache   available
Mem:           14514        4537         472         165        9504        9473
Swap:           2147           3        2144
Total:         16662        4541        2616

               total        used        free      shared  buff/cache   available
Mem:           14514        4529         480         165        9504        9481
Swap:           2147           3        2144
Total:         16662        4532        2624

               total        used        free      shared  buff/cache   available
Mem:           14514        4525         484         165        9504        9485
Swap:           2147           3        2144
Total:         16662        4529        2628
