RESET
CPU yadrolab-wp11 1745516395 2025/04/24 20:39:55 2103018 100 24 14949153 21450036 1166616 5005376951 160452 0 15951 0 0 78519 100 0 0
SEP
CPU yadrolab-wp11 1745516396 2025/04/24 20:39:56 1 100 24 11 9 3 2376 0 0 0 0 0 77718 100 0 0
SEP
CPU yadrolab-wp11 1745516397 2025/04/24 20:39:57 1 100 24 12 8 0 2373 0 0 0 0 0 77693 100 0 0
SEP
CPU yadrolab-wp11 1745516398 2025/04/24 20:39:58 1 100 24 11 5 1 2378 0 0 0 0 0 76255 100 0 0
SEP
CPU yadrolab-wp11 1745516399 2025/04/24 20:39:59 1 100 24 16 5 6 2369 0 0 0 0 0 74995 100 0 0
SEP
CPU yadrolab-wp11 1745516400 2025/04/24 20:40:00 1 100 24 16 7 20 2351 1 0 0 0 0 76395 100 0 0
SEP
CPU yadrolab-wp11 1745516401 2025/04/24 20:40:01 1 100 24 19 6 8 2366 0 0 0 0 0 77077 100 0 0
SEP
CPU yadrolab-wp11 1745516402 2025/04/24 20:40:02 1 100 24 35 20 4 2339 0 0 0 0 0 77732 100 0 0
SEP
CPU yadrolab-wp11 1745516403 2025/04/24 20:40:03 1 100 24 24 2 84 2288 0 0 0 0 0 78669 100 0 0
SEP
CPU yadrolab-wp11 1745516404 2025/04/24 20:40:04 1 100 24 15 6 6 2370 0 0 0 0 0 76020 100 0 0
SEP
CPU yadrolab-wp11 1745516405 2025/04/24 20:40:05 1 100 24 11 10 4 2368 0 0 0 0 0 71993 100 0 0
SEP
CPU yadrolab-wp11 1745516406 2025/04/24 20:40:06 1 100 24 66 475 48 1772 4 0 0 0 0 72774 100 0 0
SEP
CPU yadrolab-wp11 1745516407 2025/04/24 20:40:07 1 100 24 82 506 4 1794 3 0 0 0 0 75487 100 0 0
SEP
CPU yadrolab-wp11 1745516408 2025/04/24 20:40:08 1 100 24 76 517 2 1794 3 0 0 0 0 76475 100 0 0
SEP
CPU yadrolab-wp11 1745516409 2025/04/24 20:40:09 1 100 24 103 526 2 1752 3 0 0 0 0 77204 100 0 0
SEP
CPU yadrolab-wp11 1745516410 2025/04/24 20:40:10 1 100 24 105 524 7 1748 3 0 0 0 0 80251 100 0 0
SEP
CPU yadrolab-wp11 1745516411 2025/04/24 20:40:11 1 100 24 103 407 4 1893 3 0 0 0 0 107860 100 0 0
SEP
CPU yadrolab-wp11 1745516412 2025/04/24 20:40:12 1 100 24 82 509 5 1783 3 0 0 0 0 76360 100 0 0
SEP
CPU yadrolab-wp11 1745516413 2025/04/24 20:40:13 1 100 24 62 532 7 1779 7 0 0 0 0 77419 100 0 0
SEP
CPU yadrolab-wp11 1745516414 2025/04/24 20:40:14 1 100 24 105 567 5 1705 5 0 0 0 0 76521 100 0 0
SEP
CPU yadrolab-wp11 1745516415 2025/04/24 20:40:15 1 100 24 82 491 4 1791 17 0 0 0 0 77140 100 0 0
SEP
CPU yadrolab-wp11 1745516416 2025/04/24 20:40:16 1 100 24 117 510 5 1751 12 0 0 0 0 107844 100 0 0
SEP
CPU yadrolab-wp11 1745516417 2025/04/24 20:40:17 1 100 24 80 391 5 1903 9 0 0 0 0 74770 100 0 0
SEP
CPU yadrolab-wp11 1745516418 2025/04/24 20:40:18 1 100 24 96 478 3 1772 9 0 0 0 0 76948 100 0 0
SEP
CPU yadrolab-wp11 1745516419 2025/04/24 20:40:19 1 100 24 79 508 3 1774 9 0 0 0 0 79582 100 0 0
SEP
CPU yadrolab-wp11 1745516420 2025/04/24 20:40:20 1 100 24 107 550 4 1694 11 0 0 0 0 77130 100 0 0
SEP
CPU yadrolab-wp11 1745516421 2025/04/24 20:40:21 1 100 24 92 347 6 1931 10 0 0 0 0 75939 100 0 0
SEP
CPU yadrolab-wp11 1745516422 2025/04/24 20:40:22 1 100 24 85 519 3 1767 6 0 0 0 0 76905 100 0 0
SEP
CPU yadrolab-wp11 1745516423 2025/04/24 20:40:23 1 100 24 105 571 6 1681 11 0 0 0 0 76359 100 0 0
SEP
CPU yadrolab-wp11 1745516424 2025/04/24 20:40:24 1 100 24 106 354 3 1906 9 0 0 0 0 78285 100 0 0
SEP
CPU yadrolab-wp11 1745516425 2025/04/24 20:40:25 1 100 24 112 544 6 1712 10 0 0 0 0 75574 100 0 0
SEP
CPU yadrolab-wp11 1745516426 2025/04/24 20:40:26 1 100 24 64 494 4 1804 10 0 0 0 0 77433 100 0 0
SEP
CPU yadrolab-wp11 1745516427 2025/04/24 20:40:27 1 100 24 116 553 2 1700 11 0 0 0 0 76752 100 0 0
SEP
CPU yadrolab-wp11 1745516428 2025/04/24 20:40:28 1 100 24 115 364 6 1885 9 0 0 0 0 76346 100 0 0
SEP
CPU yadrolab-wp11 1745516429 2025/04/24 20:40:29 1 100 24 82 511 4 1758 11 0 0 0 0 76452 100 0 0
SEP
CPU yadrolab-wp11 1745516430 2025/04/24 20:40:30 1 100 24 83 493 14 1794 12 0 0 0 0 77824 100 0 0
SEP
CPU yadrolab-wp11 1745516431 2025/04/24 20:40:31 1 100 24 116 402 8 1851 9 0 0 0 0 107822 100 0 0
SEP
CPU yadrolab-wp11 1745516432 2025/04/24 20:40:32 1 100 24 114 537 3 1714 11 0 0 0 0 76459 100 0 0
SEP
CPU yadrolab-wp11 1745516433 2025/04/24 20:40:33 1 100 24 74 524 3 1783 7 0 0 0 0 77428 100 0 0
SEP
CPU yadrolab-wp11 1745516434 2025/04/24 20:40:34 1 100 24 74 514 4 1787 9 0 0 0 0 77515 100 0 0
SEP
CPU yadrolab-wp11 1745516435 2025/04/24 20:40:35 1 100 24 97 552 2 1731 14 0 1 0 0 80149 100 0 0
SEP
CPU yadrolab-wp11 1745516436 2025/04/24 20:40:36 1 100 24 110 365 6 1883 9 0 0 0 0 72103 100 0 0
SEP
CPU yadrolab-wp11 1745516437 2025/04/24 20:40:37 1 100 24 86 555 8 1730 9 0 0 0 0 61235 100 0 0
SEP
CPU yadrolab-wp11 1745516438 2025/04/24 20:40:38 1 100 24 93 540 6 1717 8 0 0 0 0 77646 100 0 0
SEP
CPU yadrolab-wp11 1745516439 2025/04/24 20:40:39 1 100 24 98 475 4 1799 8 0 0 0 0 107895 100 0 0
SEP
CPU yadrolab-wp11 1745516440 2025/04/24 20:40:40 1 100 24 90 410 4 1862 10 0 0 0 0 77239 100 0 0
SEP
CPU yadrolab-wp11 1745516441 2025/04/24 20:40:41 1 100 24 90 517 3 1745 14 0 0 0 0 59413 100 0 0
SEP
CPU yadrolab-wp11 1745516442 2025/04/24 20:40:42 1 100 24 86 523 3 1771 7 0 0 0 0 80987 100 0 0
SEP
CPU yadrolab-wp11 1745516443 2025/04/24 20:40:43 1 100 24 109 569 4 1684 10 0 0 0 0 76505 100 0 0
SEP
CPU yadrolab-wp11 1745516444 2025/04/24 20:40:44 1 100 24 96 312 3 1967 9 0 0 0 0 78311 100 0 0
SEP
CPU yadrolab-wp11 1745516445 2025/04/24 20:40:45 1 100 24 84 534 4 1739 14 0 0 0 0 51665 100 0 0
SEP
CPU yadrolab-wp11 1745516446 2025/04/24 20:40:46 1 100 24 82 530 5 1745 8 0 0 0 0 79231 100 0 0
SEP
CPU yadrolab-wp11 1745516447 2025/04/24 20:40:47 1 100 24 103 556 5 1690 14 0 0 0 0 74567 100 0 0
SEP
CPU yadrolab-wp11 1745516448 2025/04/24 20:40:48 1 100 24 98 551 5 1710 9 0 0 0 0 82024 100 0 0
SEP
CPU yadrolab-wp11 1745516449 2025/04/24 20:40:49 1 100 24 139 387 5 1828 13 0 0 0 0 76379 100 0 0
SEP
CPU yadrolab-wp11 1745516450 2025/04/24 20:40:50 1 100 24 77 523 5 1753 8 0 0 0 0 78435 100 0 0
SEP
CPU yadrolab-wp11 1745516451 2025/04/24 20:40:51 1 100 24 61 490 5 1814 5 0 0 0 0 74400 100 0 0
SEP
CPU yadrolab-wp11 1745516452 2025/04/24 20:40:52 1 100 24 79 534 5 1763 5 0 1 0 0 77100 100 0 0
SEP
CPU yadrolab-wp11 1745516453 2025/04/24 20:40:53 1 100 24 80 498 4 1786 5 0 0 0 0 77784 100 0 0
SEP
CPU yadrolab-wp11 1745516454 2025/04/24 20:40:54 1 100 24 80 510 2 1788 5 0 0 0 0 74400 100 0 0
SEP
CPU yadrolab-wp11 1745516455 2025/04/24 20:40:55 1 100 24 76 497 4 1781 3 0 0 0 0 77111 100 0 0
SEP
CPU yadrolab-wp11 1745516456 2025/04/24 20:40:56 1 100 24 70 510 3 1771 5 0 0 0 0 78987 100 0 0
SEP
CPU yadrolab-wp11 1745516457 2025/04/24 20:40:57 1 100 24 113 542 4 1716 4 0 0 0 0 77183 100 0 0
SEP
CPU yadrolab-wp11 1745516458 2025/04/24 20:40:58 1 100 24 75 340 5 1938 3 0 0 0 0 107820 100 0 0
SEP
CPU yadrolab-wp11 1745516459 2025/04/24 20:40:59 1 100 24 96 533 3 1752 3 0 0 0 0 76849 100 0 0
SEP
CPU yadrolab-wp11 1745516460 2025/04/24 20:41:00 1 100 24 118 559 13 1694 3 0 0 0 0 76875 100 0 0
SEP
CPU yadrolab-wp11 1745516461 2025/04/24 20:41:01 1 100 24 27 234 4 2125 0 0 0 0 0 74400 100 0 0
SEP
CPU yadrolab-wp11 1745516462 2025/04/24 20:41:02 1 100 24 15 8 2 2374 0 0 0 0 0 77095 100 0 0
SEP
CPU yadrolab-wp11 1745516463 2025/04/24 20:41:03 1 100 24 14 7 0 2372 0 0 0 0 0 74071 100 0 0
SEP
CPU yadrolab-wp11 1745516464 2025/04/24 20:41:04 1 100 24 26 13 0 2353 0 0 0 0 0 76191 100 0 0
SEP
CPU yadrolab-wp11 1745516465 2025/04/24 20:41:05 1 100 24 18 6 1 2374 0 0 0 0 0 77510 100 0 0
SEP
CPU yadrolab-wp11 1745516466 2025/04/24 20:41:06 1 100 24 10 7 1 2377 0 0 0 0 0 76899 100 0 0
SEP
CPU yadrolab-wp11 1745516467 2025/04/24 20:41:07 1 100 24 16 7 2 2373 0 0 0 0 0 76306 100 0 0
SEP
CPU yadrolab-wp11 1745516468 2025/04/24 20:41:08 1 100 24 12 7 0 2377 0 0 0 0 0 77399 100 0 0
SEP
CPU yadrolab-wp11 1745516469 2025/04/24 20:41:09 1 100 24 12 8 2 2374 0 0 0 0 0 77646 100 0 0
SEP
CPU yadrolab-wp11 1745516470 2025/04/24 20:41:10 1 100 24 16 7 0 2373 0 0 0 0 0 77318 100 0 0
SEP
