538 
488 
529 
512 
487 
489 
548 
519 
510 
579 
518 
559 
491 
540 
539 
482 
522 
573 
619 
550 
592 
500 
609 
621 
599 
499 
531 
650 
570 
624 
597 
575 
562 
570 
549 
611 
596 
556 
569 
572 
633 
540 
611 
533 
619 
573 
590 
565 
567 
591 
493 
537 
599 
551 
607 
526 
590 
561 
515 
642 
585 
592 
564 
552 
553 
541 
559 
587 
655 
519 
553 
569 
531 
565 
511 
552 
563 
616 
585 
567 
571 
534 
482 
478 
528 
466 
471 
524 
528 
473 
514 
566 
515 
542 
513 
607 
519 
535 
505 
535 
