              total        used        free      shared  buff/cache   available
Mem:          33447        3716        1053         160       28677       29086
Swap:          2147         438        1708
Total:        35595        4155        2761

              total        used        free      shared  buff/cache   available
Mem:          33447        3721        1048         160       28677       29081
Swap:          2147         438        1708
Total:        35595        4160        2757

              total        used        free      shared  buff/cache   available
Mem:          33447        3721        1047         160       28677       29081
Swap:          2147         438        1708
Total:        35595        4160        2756

              total        used        free      shared  buff/cache   available
Mem:          33447        3721        1047         160       28677       29081
Swap:          2147         438        1708
Total:        35595        4160        2756

              total        used        free      shared  buff/cache   available
Mem:          33447        3723        1045         160       28678       29079
Swap:          2147         438        1708
Total:        35595        4162        2754

              total        used        free      shared  buff/cache   available
Mem:          33447        3762        1001         165       28683       29035
Swap:          2147         438        1708
Total:        35595        4200        2710

              total        used        free      shared  buff/cache   available
Mem:          33447        3765         994         168       28687       29028
Swap:          2147         438        1708
Total:        35595        4204        2703

              total        used        free      shared  buff/cache   available
Mem:          33447        3775         984         168       28688       29019
Swap:          2147         438        1708
Total:        35595        4214        2692

              total        used        free      shared  buff/cache   available
Mem:          33447        3870         888         168       28688       28923
Swap:          2147         438        1708
Total:        35595        4309        2597

              total        used        free      shared  buff/cache   available
Mem:          33447        3877         885         165       28684       28920
Swap:          2147         438        1708
Total:        35595        4316        2593

              total        used        free      shared  buff/cache   available
Mem:          33447        3880         881         165       28684       28916
Swap:          2147         438        1708
Total:        35595        4319        2590

              total        used        free      shared  buff/cache   available
Mem:          33447        3966         794         165       28686       28830
Swap:          2147         438        1708
Total:        35595        4405        2502

              total        used        free      shared  buff/cache   available
Mem:          33447        3967         794         165       28686       28830
Swap:          2147         438        1708
Total:        35595        4406        2503

              total        used        free      shared  buff/cache   available
Mem:          33447        3971         789         165       28687       28826
Swap:          2147         438        1708
Total:        35595        4410        2497

              total        used        free      shared  buff/cache   available
Mem:          33447        3971         788         165       28686       28825
Swap:          2147         438        1708
Total:        35595        4410        2497

              total        used        free      shared  buff/cache   available
Mem:          33447        3994         765         165       28687       28802
Swap:          2147         438        1708
Total:        35595        4433        2474

              total        used        free      shared  buff/cache   available
Mem:          33447        3977         783         165       28686       28820
Swap:          2147         438        1708
Total:        35595        4415        2492

              total        used        free      shared  buff/cache   available
Mem:          33447        3971         788         165       28687       28826
Swap:          2147         438        1708
Total:        35595        4409        2497

              total        used        free      shared  buff/cache   available
Mem:          33447        3987         772         165       28687       28810
Swap:          2147         438        1708
Total:        35595        4425        2481

              total        used        free      shared  buff/cache   available
Mem:          33447        3990         769         165       28688       28807
Swap:          2147         438        1708
Total:        35595        4428        2478

              total        used        free      shared  buff/cache   available
Mem:          33447        3975         783         165       28688       28821
Swap:          2147         438        1708
Total:        35595        4414        2491

              total        used        free      shared  buff/cache   available
Mem:          33447        3996         761         165       28689       28800
Swap:          2147         438        1708
Total:        35595        4435        2470

              total        used        free      shared  buff/cache   available
Mem:          33447        3979         779         165       28688       28818
Swap:          2147         438        1708
Total:        35595        4418        2488

              total        used        free      shared  buff/cache   available
Mem:          33447        3970         787         165       28689       28826
Swap:          2147         438        1708
Total:        35595        4409        2495

              total        used        free      shared  buff/cache   available
Mem:          33447        3974         783         165       28689       28822
Swap:          2147         438        1708
Total:        35595        4413        2492

              total        used        free      shared  buff/cache   available
Mem:          33447        3973         784         165       28689       28823
Swap:          2147         438        1708
Total:        35595        4412        2492

              total        used        free      shared  buff/cache   available
Mem:          33447        3989         768         165       28689       28807
Swap:          2147         438        1708
Total:        35595        4428        2476

              total        used        free      shared  buff/cache   available
Mem:          33447        3971         784         165       28690       28825
Swap:          2147         438        1708
Total:        35595        4410        2493

              total        used        free      shared  buff/cache   available
Mem:          33447        3971         785         165       28690       28825
Swap:          2147         438        1708
Total:        35595        4410        2493

              total        used        free      shared  buff/cache   available
Mem:          33447        3967         789         165       28690       28830
Swap:          2147         438        1708
Total:        35595        4405        2498

              total        used        free      shared  buff/cache   available
Mem:          33447        3961         795         165       28690       28835
Swap:          2147         438        1708
Total:        35595        4400        2503

              total        used        free      shared  buff/cache   available
Mem:          33447        3970         785         165       28691       28826
Swap:          2147         438        1708
Total:        35595        4409        2494

              total        used        free      shared  buff/cache   available
Mem:          33447        3974         781         165       28691       28822
Swap:          2147         438        1708
Total:        35595        4413        2490

              total        used        free      shared  buff/cache   available
Mem:          33447        3986         769         165       28691       28810
Swap:          2147         438        1708
Total:        35595        4425        2478

              total        used        free      shared  buff/cache   available
Mem:          33447        3967         788         165       28691       28830
Swap:          2147         438        1708
Total:        35595        4406        2497

              total        used        free      shared  buff/cache   available
Mem:          33447        3948         802         169       28695       28844
Swap:          2147         438        1708
Total:        35595        4387        2511

              total        used        free      shared  buff/cache   available
Mem:          33447        3964         787         169       28695       28829
Swap:          2147         438        1708
Total:        35595        4402        2496

              total        used        free      shared  buff/cache   available
Mem:          33447        3967         784         169       28695       28826
Swap:          2147         438        1708
Total:        35595        4406        2493

              total        used        free      shared  buff/cache   available
Mem:          33447        3950         800         169       28696       28843
Swap:          2147         438        1708
Total:        35595        4389        2509

              total        used        free      shared  buff/cache   available
Mem:          33447        3950         803         166       28693       28846
Swap:          2147         438        1708
Total:        35595        4389        2512

              total        used        free      shared  buff/cache   available
Mem:          33447        3970         783         166       28693       28826
Swap:          2147         438        1708
Total:        35595        4409        2491

              total        used        free      shared  buff/cache   available
Mem:          33447        3972         782         166       28693       28824
Swap:          2147         438        1708
Total:        35595        4411        2490

              total        used        free      shared  buff/cache   available
Mem:          33447        3959         794         166       28693       28838
Swap:          2147         438        1708
Total:        35595        4397        2503

              total        used        free      shared  buff/cache   available
Mem:          33447        3960         793         166       28694       28836
Swap:          2147         438        1708
Total:        35595        4399        2501

              total        used        free      shared  buff/cache   available
Mem:          33447        3982         770         166       28694       28814
Swap:          2147         438        1708
Total:        35595        4421        2479

              total        used        free      shared  buff/cache   available
Mem:          33447        3986         766         166       28693       28810
Swap:          2147         438        1708
Total:        35595        4425        2475

              total        used        free      shared  buff/cache   available
Mem:          33447        3963         790         166       28694       28834
Swap:          2147         438        1708
Total:        35595        4401        2498

              total        used        free      shared  buff/cache   available
Mem:          33447        3957         794         166       28695       28839
Swap:          2147         438        1708
Total:        35595        4396        2503

              total        used        free      shared  buff/cache   available
Mem:          33447        3957         794         166       28695       28839
Swap:          2147         438        1708
Total:        35595        4396        2503

              total        used        free      shared  buff/cache   available
Mem:          33447        3958         794         166       28694       28838
Swap:          2147         438        1708
Total:        35595        4397        2502

              total        used        free      shared  buff/cache   available
Mem:          33447        3948         804         166       28694       28848
Swap:          2147         438        1708
Total:        35595        4387        2512

              total        used        free      shared  buff/cache   available
Mem:          33447        3954         798         166       28695       28842
Swap:          2147         438        1708
Total:        35595        4392        2506

              total        used        free      shared  buff/cache   available
Mem:          33447        3952         799         166       28695       28844
Swap:          2147         438        1708
Total:        35595        4391        2507

              total        used        free      shared  buff/cache   available
Mem:          33447        3981         769         166       28696       28815
Swap:          2147         438        1708
Total:        35595        4420        2478

              total        used        free      shared  buff/cache   available
Mem:          33447        3974         777         166       28695       28822
Swap:          2147         438        1708
Total:        35595        4413        2486

              total        used        free      shared  buff/cache   available
Mem:          33447        3953         798         166       28695       28843
Swap:          2147         438        1708
Total:        35595        4392        2506

              total        used        free      shared  buff/cache   available
Mem:          33447        3954         797         166       28696       28842
Swap:          2147         438        1708
Total:        35595        4393        2505

              total        used        free      shared  buff/cache   available
Mem:          33447        3955         796         166       28695       28841
Swap:          2147         438        1708
Total:        35595        4394        2505

              total        used        free      shared  buff/cache   available
Mem:          33447        3959         791         166       28696       28837
Swap:          2147         438        1708
Total:        35595        4398        2500

              total        used        free      shared  buff/cache   available
Mem:          33447        3954         796         166       28696       28842
Swap:          2147         438        1708
Total:        35595        4392        2505

              total        used        free      shared  buff/cache   available
Mem:          33447        3949         801         166       28697       28847
Swap:          2147         438        1708
Total:        35595        4387        2509

              total        used        free      shared  buff/cache   available
Mem:          33447        3948         803         163       28695       28851
Swap:          2147         438        1708
Total:        35595        4387        2512

              total        used        free      shared  buff/cache   available
Mem:          33447        3941         809         163       28695       28858
Swap:          2147         438        1708
Total:        35595        4380        2518

              total        used        free      shared  buff/cache   available
Mem:          33447        3949         802         163       28695       28850
Swap:          2147         438        1708
Total:        35595        4388        2511

              total        used        free      shared  buff/cache   available
Mem:          33447        3965         785         163       28695       28834
Swap:          2147         438        1708
Total:        35595        4404        2494

              total        used        free      shared  buff/cache   available
Mem:          33447        3964         786         163       28696       28835
Swap:          2147         438        1708
Total:        35595        4403        2495

              total        used        free      shared  buff/cache   available
Mem:          33447        3933         814         166       28699       28863
Swap:          2147         438        1708
Total:        35595        4372        2523

              total        used        free      shared  buff/cache   available
Mem:          33447        3936         811         166       28699       28860
Swap:          2147         438        1708
Total:        35595        4375        2520

              total        used        free      shared  buff/cache   available
Mem:          33447        3937         810         166       28699       28859
Swap:          2147         438        1708
Total:        35595        4376        2518

              total        used        free      shared  buff/cache   available
Mem:          33447        3852         895         166       28699       28944
Swap:          2147         438        1708
Total:        35595        4291        2603

              total        used        free      shared  buff/cache   available
Mem:          33447        3849         901         163       28696       28950
Swap:          2147         438        1708
Total:        35595        4287        2610

              total        used        free      shared  buff/cache   available
Mem:          33447        3847         903         163       28696       28952
Swap:          2147         438        1708
Total:        35595        4286        2612

              total        used        free      shared  buff/cache   available
Mem:          33447        3847         903         163       28696       28952
Swap:          2147         438        1708
Total:        35595        4286        2612

              total        used        free      shared  buff/cache   available
Mem:          33447        3847         903         163       28696       28952
Swap:          2147         438        1708
Total:        35595        4286        2611

              total        used        free      shared  buff/cache   available
Mem:          33447        3846         904         163       28696       28953
Swap:          2147         438        1708
Total:        35595        4285        2612

              total        used        free      shared  buff/cache   available
Mem:          33447        3845         905         163       28696       28954
Swap:          2147         438        1708
Total:        35595        4284        2613
