RESET
CPU laptop 1745508790 2025/04/24 18:33:10 630360 100 12 2472925 5158399 67450 147552047 189268 0 71733 0 0 21402 100 0 0
SEP
CPU laptop 1745508791 2025/04/24 18:33:11 1 100 12 130 69 0 993 0 0 0 0 0 22182 100 0 0
SEP
CPU laptop 1745508792 2025/04/24 18:33:12 1 100 12 119 61 0 1008 2 0 1 0 0 20202 100 0 0
SEP
CPU laptop 1745508793 2025/04/24 18:33:13 1 100 12 115 46 0 1036 0 0 0 0 0 19815 100 0 0
SEP
CPU laptop 1745508794 2025/04/24 18:33:14 1 100 12 115 51 0 1030 1 0 0 0 0 20462 100 0 0
SEP
CPU laptop 1745508795 2025/04/24 18:33:15 1 100 12 119 45 0 1032 1 0 0 0 0 19268 100 0 0
SEP
CPU laptop 1745508796 2025/04/24 18:33:16 1 100 12 114 46 0 1035 1 0 0 0 0 19895 100 0 0
SEP
CPU laptop 1745508797 2025/04/24 18:33:17 1 100 12 114 53 0 1029 0 0 0 0 0 19761 100 0 0
SEP
CPU laptop 1745508798 2025/04/24 18:33:18 1 100 12 127 184 0 884 0 0 1 0 0 20876 100 0 0
SEP
CPU laptop 1745508799 2025/04/24 18:33:19 1 100 12 113 46 0 1036 1 0 0 0 0 19237 100 0 0
SEP
CPU laptop 1745508800 2025/04/24 18:33:20 1 100 12 115 47 0 1035 0 0 0 0 0 19603 100 0 0
SEP
CPU laptop 1745508801 2025/04/24 18:33:21 1 100 12 210 262 1 701 10 0 1 0 0 21523 100 0 0
SEP
CPU laptop 1745508802 2025/04/24 18:33:22 1 100 12 206 187 1 771 16 0 2 0 0 29040 100 0 0
SEP
CPU laptop 1745508803 2025/04/24 18:33:23 1 100 12 205 221 1 732 16 0 1 0 0 21834 100 0 0
SEP
CPU laptop 1745508804 2025/04/24 18:33:24 1 100 12 204 227 1 735 16 0 2 0 0 23008 100 0 0
SEP
CPU laptop 1745508805 2025/04/24 18:33:25 1 100 12 182 244 1 747 10 0 3 0 0 20750 100 0 0
SEP
CPU laptop 1745508806 2025/04/24 18:33:26 1 100 12 190 248 0 735 10 0 1 0 0 23584 100 0 0
SEP
CPU laptop 1745508807 2025/04/24 18:33:27 1 100 12 176 249 1 740 16 0 2 0 0 27699 100 0 0
SEP
CPU laptop 1745508808 2025/04/24 18:33:28 1 100 12 156 239 1 767 20 0 1 0 0 39014 100 0 0
SEP
CPU laptop 1745508809 2025/04/24 18:33:29 1 100 12 141 237 0 780 19 0 1 0 0 25160 100 0 0
SEP
CPU laptop 1745508810 2025/04/24 18:33:30 1 100 12 159 239 1 758 23 0 1 0 0 31436 100 0 0
SEP
CPU laptop 1745508811 2025/04/24 18:33:31 1 100 12 159 241 1 758 23 0 0 0 0 28995 100 0 0
SEP
CPU laptop 1745508812 2025/04/24 18:33:32 1 100 12 152 237 1 775 16 0 2 0 0 32590 100 0 0
SEP
CPU laptop 1745508813 2025/04/24 18:33:33 1 100 12 146 245 0 771 15 0 1 0 0 38947 100 0 0
SEP
CPU laptop 1745508814 2025/04/24 18:33:34 1 100 12 148 216 1 798 17 0 1 0 0 30149 100 0 0
SEP
CPU laptop 1745508815 2025/04/24 18:33:35 1 100 12 153 221 0 792 18 0 1 0 0 25379 100 0 0
SEP
CPU laptop 1745508816 2025/04/24 18:33:36 1 100 12 151 212 1 801 18 0 3 0 0 31262 100 0 0
SEP
CPU laptop 1745508817 2025/04/24 18:33:37 1 100 12 147 229 1 784 20 0 1 0 0 30318 100 0 0
SEP
CPU laptop 1745508818 2025/04/24 18:33:38 1 100 12 145 243 1 777 16 0 0 0 0 38900 100 0 0
SEP
CPU laptop 1745508819 2025/04/24 18:33:39 1 100 12 148 333 0 686 17 0 2 0 0 47900 100 0 0
SEP
CPU laptop 1745508820 2025/04/24 18:33:40 1 100 12 153 246 1 765 18 0 1 0 0 27676 100 0 0
SEP
CPU laptop 1745508821 2025/04/24 18:33:41 1 100 12 147 232 2 779 16 0 1 0 0 27534 100 0 0
SEP
CPU laptop 1745508822 2025/04/24 18:33:42 1 100 12 154 234 0 778 17 0 1 0 0 30911 100 0 0
SEP
CPU laptop 1745508823 2025/04/24 18:33:43 1 100 12 153 225 1 790 16 0 1 0 0 27403 100 0 0
SEP
CPU laptop 1745508824 2025/04/24 18:33:44 1 100 12 145 233 1 784 19 0 2 0 0 24704 100 0 0
SEP
CPU laptop 1745508825 2025/04/24 18:33:45 1 100 12 145 239 1 778 18 0 1 0 0 25122 100 0 0
SEP
CPU laptop 1745508826 2025/04/24 18:33:46 1 100 12 142 234 0 790 17 0 1 0 0 23285 100 0 0
SEP
CPU laptop 1745508827 2025/04/24 18:33:47 1 100 12 158 242 0 767 16 0 1 0 0 28169 100 0 0
SEP
CPU laptop 1745508828 2025/04/24 18:33:48 1 100 12 149 240 2 771 21 0 1 0 0 24520 100 0 0
SEP
CPU laptop 1745508829 2025/04/24 18:33:49 1 100 12 156 246 1 756 22 0 2 0 0 31417 100 0 0
SEP
CPU laptop 1745508830 2025/04/24 18:33:50 1 100 12 164 241 1 757 21 0 1 0 0 26652 100 0 0
SEP
CPU laptop 1745508831 2025/04/24 18:33:51 1 100 12 144 239 1 780 19 0 2 0 0 30614 100 0 0
SEP
CPU laptop 1745508832 2025/04/24 18:33:52 1 100 12 150 245 1 768 17 0 1 0 0 26642 100 0 0
SEP
CPU laptop 1745508833 2025/04/24 18:33:53 1 100 12 145 222 0 796 17 0 2 0 0 34459 100 0 0
SEP
CPU laptop 1745508834 2025/04/24 18:33:54 1 100 12 146 224 1 796 18 0 1 0 0 23490 100 0 0
SEP
CPU laptop 1745508835 2025/04/24 18:33:55 1 100 12 142 248 1 772 17 0 1 0 0 47811 100 0 0
SEP
CPU laptop 1745508836 2025/04/24 18:33:56 1 100 12 148 299 1 721 16 0 1 0 0 47726 100 0 0
SEP
CPU laptop 1745508837 2025/04/24 18:33:57 1 100 12 151 269 0 746 16 0 1 0 0 31158 100 0 0
SEP
CPU laptop 1745508838 2025/04/24 18:33:58 1 100 12 151 233 1 781 17 0 2 0 0 32417 100 0 0
SEP
CPU laptop 1745508839 2025/04/24 18:33:59 1 100 12 148 271 1 745 17 0 1 0 0 23015 100 0 0
SEP
CPU laptop 1745508840 2025/04/24 18:34:00 1 100 12 150 231 1 777 19 0 1 0 0 24697 100 0 0
SEP
CPU laptop 1745508841 2025/04/24 18:34:01 1 100 12 145 239 0 781 18 0 2 0 0 24592 100 0 0
SEP
CPU laptop 1745508842 2025/04/24 18:34:02 1 100 12 148 230 1 780 20 0 1 0 0 28208 100 0 0
SEP
CPU laptop 1745508843 2025/04/24 18:34:03 1 100 12 149 234 0 781 18 0 1 0 0 27445 100 0 0
SEP
CPU laptop 1745508844 2025/04/24 18:34:04 1 100 12 147 243 2 769 21 0 1 0 0 34589 100 0 0
SEP
CPU laptop 1745508845 2025/04/24 18:34:05 1 100 12 139 233 0 786 18 0 2 0 0 27305 100 0 0
SEP
CPU laptop 1745508846 2025/04/24 18:34:06 1 100 12 158 239 2 758 22 0 2 0 0 43460 100 0 0
SEP
CPU laptop 1745508847 2025/04/24 18:34:07 1 100 12 150 235 0 772 23 0 1 0 0 44014 100 0 0
SEP
CPU laptop 1745508848 2025/04/24 18:34:08 1 100 12 149 249 2 765 16 0 1 0 0 38212 100 0 0
SEP
CPU laptop 1745508849 2025/04/24 18:34:09 1 100 12 141 224 1 797 17 0 1 0 0 27173 100 0 0
SEP
CPU laptop 1745508850 2025/04/24 18:34:10 1 100 12 145 219 0 800 17 0 1 0 0 25320 100 0 0
SEP
CPU laptop 1745508851 2025/04/24 18:34:11 1 100 12 149 271 1 745 18 0 1 0 0 47296 100 0 0
SEP
CPU laptop 1745508852 2025/04/24 18:34:12 1 100 12 149 263 0 754 16 0 0 0 0 44821 100 0 0
SEP
CPU laptop 1745508853 2025/04/24 18:34:13 1 100 12 156 261 1 748 16 0 1 0 0 39750 100 0 0
SEP
CPU laptop 1745508854 2025/04/24 18:34:14 1 100 12 168 179 2 817 17 0 1 0 0 34964 100 0 0
SEP
CPU laptop 1745508855 2025/04/24 18:34:15 1 100 12 182 194 1 786 18 0 1 0 0 23580 100 0 0
SEP
CPU laptop 1745508856 2025/04/24 18:34:16 1 100 12 179 219 1 766 14 0 2 0 0 22357 100 0 0
SEP
CPU laptop 1745508857 2025/04/24 18:34:17 1 100 12 170 247 0 746 17 0 1 0 0 36877 100 0 0
SEP
CPU laptop 1745508858 2025/04/24 18:34:18 1 100 12 153 240 1 772 17 0 1 0 0 34589 100 0 0
SEP
CPU laptop 1745508859 2025/04/24 18:34:19 1 100 12 153 265 0 745 18 0 1 0 0 38455 100 0 0
SEP
CPU laptop 1745508860 2025/04/24 18:34:20 1 100 12 163 240 1 761 17 0 1 0 0 25283 100 0 0
SEP
CPU laptop 1745508861 2025/04/24 18:34:21 1 100 12 143 228 1 792 18 0 2 0 0 28062 100 0 0
SEP
CPU laptop 1745508862 2025/04/24 18:34:22 1 100 12 148 248 1 768 17 0 1 0 0 47806 100 0 0
SEP
CPU laptop 1745508863 2025/04/24 18:34:23 1 100 12 146 292 1 724 18 0 1 0 0 47821 100 0 0
SEP
CPU laptop 1745508864 2025/04/24 18:34:24 1 100 12 145 262 1 759 15 0 1 0 0 45426 100 0 0
SEP
CPU laptop 1745508865 2025/04/24 18:34:25 1 100 12 159 243 1 762 16 0 1 0 0 26659 100 0 0
SEP
CPU laptop 1745508866 2025/04/24 18:34:26 1 100 12 155 232 1 777 17 0 1 0 0 27275 100 0 0
SEP
CPU laptop 1745508867 2025/04/24 18:34:27 1 100 12 168 244 1 757 16 0 1 0 0 22012 100 0 0
SEP
CPU laptop 1745508868 2025/04/24 18:34:28 1 100 12 170 241 0 753 17 0 2 0 0 25886 100 0 0
SEP
CPU laptop 1745508869 2025/04/24 18:34:29 1 100 12 176 185 1 811 15 0 2 0 0 34126 100 0 0
SEP
CPU laptop 1745508870 2025/04/24 18:34:30 1 100 12 179 174 2 809 17 0 1 0 0 24889 100 0 0
SEP
CPU laptop 1745508871 2025/04/24 18:34:31 1 100 12 168 220 0 775 17 0 1 0 0 24057 100 0 0
SEP
CPU laptop 1745508872 2025/04/24 18:34:32 1 100 12 155 233 1 778 17 0 1 0 0 24199 100 0 0
SEP
CPU laptop 1745508873 2025/04/24 18:34:33 1 100 12 152 229 1 782 17 0 1 0 0 23933 100 0 0
SEP
CPU laptop 1745508874 2025/04/24 18:34:34 1 100 12 153 296 1 712 19 0 0 0 0 42144 100 0 0
SEP
CPU laptop 1745508875 2025/04/24 18:34:35 1 100 12 163 194 0 804 18 0 2 0 0 38015 100 0 0
SEP
CPU laptop 1745508876 2025/04/24 18:34:36 1 100 12 173 204 1 783 17 0 2 0 0 21558 100 0 0
SEP
CPU laptop 1745508877 2025/04/24 18:34:37 1 100 12 244 247 1 669 19 0 0 0 0 28677 100 0 0
SEP
CPU laptop 1745508878 2025/04/24 18:34:38 1 100 12 161 234 1 768 17 0 1 0 0 28821 100 0 0
SEP
CPU laptop 1745508879 2025/04/24 18:34:39 1 100 12 199 281 1 685 17 0 2 0 0 38867 100 0 0
SEP
CPU laptop 1745508880 2025/04/24 18:34:40 1 100 12 187 350 1 625 17 0 2 0 0 28797 100 0 0
SEP
CPU laptop 1745508881 2025/04/24 18:34:41 1 100 12 173 267 1 724 16 0 1 0 0 24106 100 0 0
SEP
CPU laptop 1745508882 2025/04/24 18:34:42 1 100 12 178 264 0 721 17 0 1 0 0 27797 100 0 0
SEP
CPU laptop 1745508883 2025/04/24 18:34:43 1 100 12 172 239 1 737 33 0 1 0 0 27033 100 0 0
SEP
CPU laptop 1745508884 2025/04/24 18:34:44 1 100 12 145 306 1 713 18 0 1 0 0 47814 100 0 0
SEP
CPU laptop 1745508885 2025/04/24 18:34:45 1 100 12 151 263 1 749 18 0 1 0 0 47896 100 0 0
SEP
CPU laptop 1745508886 2025/04/24 18:34:46 1 100 12 157 243 1 760 18 0 1 0 0 27991 100 0 0
SEP
CPU laptop 1745508887 2025/04/24 18:34:47 1 100 12 145 234 1 784 17 0 1 0 0 24099 100 0 0
SEP
CPU laptop 1745508888 2025/04/24 18:34:48 1 100 12 146 238 1 779 18 0 1 0 0 20007 100 0 0
SEP
CPU laptop 1745508889 2025/04/24 18:34:49 1 100 12 156 238 1 769 18 0 1 0 0 20476 100 0 0
SEP
CPU laptop 1745508890 2025/04/24 18:34:50 1 100 12 145 238 1 781 20 0 2 0 0 23213 100 0 0
SEP
CPU laptop 1745508891 2025/04/24 18:34:51 1 100 12 156 235 1 769 22 0 1 0 0 31965 100 0 0
SEP
CPU laptop 1745508892 2025/04/24 18:34:52 1 100 12 146 235 1 781 21 0 1 0 0 30949 100 0 0
SEP
CPU laptop 1745508893 2025/04/24 18:34:53 1 100 12 160 251 2 748 20 0 1 0 0 44212 100 0 0
SEP
CPU laptop 1745508894 2025/04/24 18:34:54 1 100 12 151 242 1 771 16 0 2 0 0 35352 100 0 0
SEP
CPU laptop 1745508895 2025/04/24 18:34:55 1 100 12 150 248 1 758 18 0 1 0 0 30151 100 0 0
SEP
CPU laptop 1745508896 2025/04/24 18:34:56 1 100 12 140 215 0 809 17 0 1 0 0 25262 100 0 0
SEP
CPU laptop 1745508897 2025/04/24 18:34:57 1 100 12 163 251 1 752 17 0 1 0 0 47746 100 0 0
SEP
CPU laptop 1745508898 2025/04/24 18:34:58 1 100 12 105 167 0 911 7 0 1 0 0 21215 100 0 0
SEP
CPU laptop 1745508899 2025/04/24 18:34:59 1 100 12 102 45 0 1050 0 0 0 0 0 20547 100 0 0
SEP
CPU laptop 1745508900 2025/04/24 18:35:00 1 100 12 123 45 0 1029 0 0 0 0 0 20653 100 0 0
SEP
CPU laptop 1745508901 2025/04/24 18:35:01 1 100 12 121 48 0 1026 1 0 0 0 0 21140 100 0 0
SEP
CPU laptop 1745508902 2025/04/24 18:35:02 1 100 12 130 50 0 1017 0 0 1 0 0 21233 100 0 0
SEP
CPU laptop 1745508903 2025/04/24 18:35:03 1 100 12 115 49 0 1031 3 0 0 0 0 21259 100 0 0
SEP
CPU laptop 1745508904 2025/04/24 18:35:04 1 100 12 116 49 0 1031 0 0 0 0 0 19527 100 0 0
SEP
CPU laptop 1745508905 2025/04/24 18:35:05 1 100 12 115 47 0 1035 0 0 1 0 0 19821 100 0 0
SEP
CPU laptop 1745508906 2025/04/24 18:35:06 1 100 12 115 47 0 1035 0 0 0 0 0 19757 100 0 0
SEP
CPU laptop 1745508907 2025/04/24 18:35:07 1 100 12 124 54 0 1013 2 0 0 0 0 19536 100 0 0
SEP
