552 
531 
619 
584 
576 
567 
575 
571 
554 
588 
570 
649 
614 
587 
667 
622 
656 
675 
657 
659 
682 
646 
644 
634 
681 
648 
727 
616 
574 
623 
660 
632 
675 
640 
605 
572 
625 
630 
664 
797 
626 
627 
642 
610 
675 
665 
655 
677 
632 
719 
640 
625 
634 
660 
671 
605 
690 
669 
680 
694 
617 
615 
665 
644 
618 
583 
593 
562 
622 
602 
679 
731 
664 
550 
611 
600 
608 
637 
625 
585 
543 
581 
641 
540 
576 
564 
601 
541 
626 
562 
638 
568 
575 
607 
563 
559 
552 
527 
582 
602 
