              total        used        free      shared  buff/cache   available
Mem:          33447        3908        1518         159       28020       28883
Swap:          2147         438        1708
Total:        35595        4346        3227

              total        used        free      shared  buff/cache   available
Mem:          33447        3911        1515         159       28020       28879
Swap:          2147         438        1708
Total:        35595        4350        3224

              total        used        free      shared  buff/cache   available
Mem:          33447        3914        1512         159       28020       28877
Swap:          2147         438        1708
Total:        35595        4352        3221

              total        used        free      shared  buff/cache   available
Mem:          33447        3915        1510         159       28020       28875
Swap:          2147         438        1708
Total:        35595        4354        3219

              total        used        free      shared  buff/cache   available
Mem:          33447        3915        1511         159       28020       28876
Swap:          2147         438        1708
Total:        35595        4353        3220

              total        used        free      shared  buff/cache   available
Mem:          33447        3915        1511         159       28020       28876
Swap:          2147         438        1708
Total:        35595        4353        3220

              total        used        free      shared  buff/cache   available
Mem:          33447        3917        1509         159       28020       28874
Swap:          2147         438        1708
Total:        35595        4355        3218

              total        used        free      shared  buff/cache   available
Mem:          33447        3919        1507         159       28020       28871
Swap:          2147         438        1708
Total:        35595        4358        3215

              total        used        free      shared  buff/cache   available
Mem:          33447        3921        1505         159       28020       28870
Swap:          2147         438        1708
Total:        35595        4359        3214

              total        used        free      shared  buff/cache   available
Mem:          33447        3920        1505         159       28021       28870
Swap:          2147         438        1708
Total:        35595        4359        3214

              total        used        free      shared  buff/cache   available
Mem:          33447        3920        1505         159       28021       28870
Swap:          2147         438        1708
Total:        35595        4359        3214

              total        used        free      shared  buff/cache   available
Mem:          33447        4023        1401         159       28022       28768
Swap:          2147         438        1708
Total:        35595        4461        3110

              total        used        free      shared  buff/cache   available
Mem:          33447        4051        1374         159       28021       28739
Swap:          2147         438        1708
Total:        35595        4490        3083

              total        used        free      shared  buff/cache   available
Mem:          33447        4052        1374         159       28021       28739
Swap:          2147         438        1708
Total:        35595        4490        3083

              total        used        free      shared  buff/cache   available
Mem:          33447        4008        1415         159       28023       28782
Swap:          2147         438        1708
Total:        35595        4446        3124

              total        used        free      shared  buff/cache   available
Mem:          33447        4005        1418         159       28023       28785
Swap:          2147         438        1708
Total:        35595        4443        3127

              total        used        free      shared  buff/cache   available
Mem:          33447        4038        1386         159       28023       28753
Swap:          2147         438        1708
Total:        35595        4476        3095

              total        used        free      shared  buff/cache   available
Mem:          33447        4013        1410         159       28023       28777
Swap:          2147         438        1708
Total:        35595        4451        3119

              total        used        free      shared  buff/cache   available
Mem:          33447        4010        1412         159       28025       28780
Swap:          2147         438        1708
Total:        35595        4449        3120

              total        used        free      shared  buff/cache   available
Mem:          33447        3933        1491         157       28021       28859
Swap:          2147         438        1708
Total:        35595        4372        3200

              total        used        free      shared  buff/cache   available
Mem:          33447        3916        1510         153       28020       28880
Swap:          2147         438        1708
Total:        35595        4354        3219

              total        used        free      shared  buff/cache   available
Mem:          33447        3943        1484         153       28019       28853
Swap:          2147         438        1708
Total:        35595        4382        3193

              total        used        free      shared  buff/cache   available
Mem:          33447        3916        1509         153       28021       28880
Swap:          2147         438        1708
Total:        35595        4355        3218

              total        used        free      shared  buff/cache   available
Mem:          33447        3937        1490         153       28019       28859
Swap:          2147         438        1708
Total:        35595        4375        3199

              total        used        free      shared  buff/cache   available
Mem:          33447        3904        1520         153       28022       28892
Swap:          2147         438        1708
Total:        35595        4343        3229

              total        used        free      shared  buff/cache   available
Mem:          33447        3913        1510         157       28023       28879
Swap:          2147         438        1708
Total:        35595        4352        3218

              total        used        free      shared  buff/cache   available
Mem:          33447        3916        1505         157       28025       28877
Swap:          2147         438        1708
Total:        35595        4355        3214

              total        used        free      shared  buff/cache   available
Mem:          33447        3925        1499         157       28023       28868
Swap:          2147         438        1708
Total:        35595        4363        3208

              total        used        free      shared  buff/cache   available
Mem:          33447        3949        1472         158       28025       28842
Swap:          2147         438        1708
Total:        35595        4388        3180

              total        used        free      shared  buff/cache   available
Mem:          33447        3994        1428         156       28024       28799
Swap:          2147         438        1708
Total:        35595        4432        3137

              total        used        free      shared  buff/cache   available
Mem:          33447        3961        1459         159       28026       28829
Swap:          2147         438        1708
Total:        35595        4399        3168

              total        used        free      shared  buff/cache   available
Mem:          33447        3987        1431         159       28029       28803
Swap:          2147         438        1708
Total:        35595        4425        3140

              total        used        free      shared  buff/cache   available
Mem:          33447        4087        1332         159       28027       28703
Swap:          2147         438        1708
Total:        35595        4526        3041

              total        used        free      shared  buff/cache   available
Mem:          33447        4084        1333         159       28029       28706
Swap:          2147         438        1708
Total:        35595        4523        3042

              total        used        free      shared  buff/cache   available
Mem:          33447        4092        1326         159       28028       28698
Swap:          2147         438        1708
Total:        35595        4530        3035

              total        used        free      shared  buff/cache   available
Mem:          33447        4040        1376         159       28030       28750
Swap:          2147         438        1708
Total:        35595        4479        3085

              total        used        free      shared  buff/cache   available
Mem:          33447        4036        1382         159       28028       28754
Swap:          2147         438        1708
Total:        35595        4474        3091

              total        used        free      shared  buff/cache   available
Mem:          33447        4036        1379         159       28031       28754
Swap:          2147         438        1708
Total:        35595        4475        3088

              total        used        free      shared  buff/cache   available
Mem:          33447        4062        1354         159       28030       28728
Swap:          2147         438        1708
Total:        35595        4501        3063

              total        used        free      shared  buff/cache   available
Mem:          33447        4034        1383         159       28030       28756
Swap:          2147         438        1708
Total:        35595        4472        3091

              total        used        free      shared  buff/cache   available
Mem:          33447        4057        1358         159       28031       28733
Swap:          2147         438        1708
Total:        35595        4496        3067

              total        used        free      shared  buff/cache   available
Mem:          33447        4029        1387         159       28031       28761
Swap:          2147         438        1708
Total:        35595        4467        3095

              total        used        free      shared  buff/cache   available
Mem:          33447        4056        1360         159       28031       28734
Swap:          2147         438        1708
Total:        35595        4494        3069

              total        used        free      shared  buff/cache   available
Mem:          33447        4056        1359         159       28031       28734
Swap:          2147         438        1708
Total:        35595        4495        3068

              total        used        free      shared  buff/cache   available
Mem:          33447        4081        1333         159       28032       28709
Swap:          2147         438        1708
Total:        35595        4520        3041

              total        used        free      shared  buff/cache   available
Mem:          33447        4041        1374         159       28031       28748
Swap:          2147         438        1708
Total:        35595        4480        3083

              total        used        free      shared  buff/cache   available
Mem:          33447        4041        1372         159       28033       28749
Swap:          2147         438        1708
Total:        35595        4480        3081

              total        used        free      shared  buff/cache   available
Mem:          33447        4055        1358         159       28032       28734
Swap:          2147         438        1708
Total:        35595        4494        3067

              total        used        free      shared  buff/cache   available
Mem:          33447        4083        1330         159       28033       28707
Swap:          2147         438        1708
Total:        35595        4522        3039

              total        used        free      shared  buff/cache   available
Mem:          33447        4055        1358         159       28033       28735
Swap:          2147         438        1708
Total:        35595        4494        3067

              total        used        free      shared  buff/cache   available
Mem:          33447        4026        1385         159       28035       28763
Swap:          2147         438        1708
Total:        35595        4465        3094

              total        used        free      shared  buff/cache   available
Mem:          33447        4056        1356         159       28033       28733
Swap:          2147         438        1708
Total:        35595        4495        3065

              total        used        free      shared  buff/cache   available
Mem:          33447        4033        1379         159       28034       28756
Swap:          2147         438        1708
Total:        35595        4472        3088

              total        used        free      shared  buff/cache   available
Mem:          33447        4041        1370         159       28036       28749
Swap:          2147         438        1708
Total:        35595        4479        3079

              total        used        free      shared  buff/cache   available
Mem:          33447        4055        1356         159       28035       28735
Swap:          2147         438        1708
Total:        35595        4493        3065

              total        used        free      shared  buff/cache   available
Mem:          33447        4039        1370         159       28038       28751
Swap:          2147         438        1708
Total:        35595        4477        3079

              total        used        free      shared  buff/cache   available
Mem:          33447        4045        1362         163       28039       28742
Swap:          2147         438        1708
Total:        35595        4483        3071

              total        used        free      shared  buff/cache   available
Mem:          33447        4037        1371         163       28039       28750
Swap:          2147         438        1708
Total:        35595        4475        3079

              total        used        free      shared  buff/cache   available
Mem:          33447        4023        1382         163       28041       28763
Swap:          2147         438        1708
Total:        35595        4462        3091

              total        used        free      shared  buff/cache   available
Mem:          33447        4029        1377         163       28040       28757
Swap:          2147         438        1708
Total:        35595        4468        3086

              total        used        free      shared  buff/cache   available
Mem:          33447        4013        1394         159       28039       28776
Swap:          2147         438        1708
Total:        35595        4452        3103

              total        used        free      shared  buff/cache   available
Mem:          33447        4043        1364         159       28039       28746
Swap:          2147         438        1708
Total:        35595        4482        3073

              total        used        free      shared  buff/cache   available
Mem:          33447        4029        1379         159       28038       28761
Swap:          2147         438        1708
Total:        35595        4467        3088

              total        used        free      shared  buff/cache   available
Mem:          33447        4022        1386         159       28038       28768
Swap:          2147         438        1708
Total:        35595        4460        3095

              total        used        free      shared  buff/cache   available
Mem:          33447        4028        1377         159       28040       28761
Swap:          2147         438        1708
Total:        35595        4467        3086

              total        used        free      shared  buff/cache   available
Mem:          33447        4047        1360         159       28040       28743
Swap:          2147         438        1708
Total:        35595        4485        3069

              total        used        free      shared  buff/cache   available
Mem:          33447        4054        1352         160       28040       28736
Swap:          2147         438        1708
Total:        35595        4492        3061

              total        used        free      shared  buff/cache   available
Mem:          33447        4028        1376         160       28042       28761
Swap:          2147         438        1708
Total:        35595        4467        3085

              total        used        free      shared  buff/cache   available
Mem:          33447        4055        1348         160       28043       28734
Swap:          2147         438        1708
Total:        35595        4494        3057

              total        used        free      shared  buff/cache   available
Mem:          33447        4036        1369         160       28041       28753
Swap:          2147         438        1708
Total:        35595        4475        3078

              total        used        free      shared  buff/cache   available
Mem:          33447        4027        1377         160       28041       28762
Swap:          2147         438        1708
Total:        35595        4466        3086

              total        used        free      shared  buff/cache   available
Mem:          33447        4026        1376         160       28044       28764
Swap:          2147         438        1708
Total:        35595        4465        3085

              total        used        free      shared  buff/cache   available
Mem:          33447        4019        1383         160       28045       28770
Swap:          2147         438        1708
Total:        35595        4457        3092

              total        used        free      shared  buff/cache   available
Mem:          33447        4017        1386         160       28043       28773
Swap:          2147         438        1708
Total:        35595        4455        3095

              total        used        free      shared  buff/cache   available
Mem:          33447        4018        1385         160       28043       28771
Swap:          2147         438        1708
Total:        35595        4457        3094

              total        used        free      shared  buff/cache   available
Mem:          33447        4018        1385         160       28043       28771
Swap:          2147         438        1708
Total:        35595        4457        3094

              total        used        free      shared  buff/cache   available
Mem:          33447        3925        1478         160       28043       28865
Swap:          2147         438        1708
Total:        35595        4364        3187

              total        used        free      shared  buff/cache   available
Mem:          33447        3924        1479         160       28043       28865
Swap:          2147         438        1708
Total:        35595        4363        3188

              total        used        free      shared  buff/cache   available
Mem:          33447        3925        1478         160       28043       28865
Swap:          2147         438        1708
Total:        35595        4364        3187

              total        used        free      shared  buff/cache   available
Mem:          33447        3924        1479         160       28043       28866
Swap:          2147         438        1708
Total:        35595        4363        3188

              total        used        free      shared  buff/cache   available
Mem:          33447        3924        1479         160       28043       28865
Swap:          2147         438        1708
Total:        35595        4363        3187

              total        used        free      shared  buff/cache   available
Mem:          33447        3925        1478         160       28043       28865
Swap:          2147         438        1708
Total:        35595        4363        3187

              total        used        free      shared  buff/cache   available
Mem:          33447        3914        1489         160       28043       28876
Swap:          2147         438        1708
Total:        35595        4352        3198
