RESET
CPU yadrolab-wp11 1745514105 2025/04/24 20:01:45 2100728 100 24 14834331 20869246 1157106 5000616682 155485 0 15863 0 0 78459 100 0 0
SEP
CPU yadrolab-wp11 1745514106 2025/04/24 20:01:46 1 100 24 14 3 2 2378 0 0 0 0 0 77093 100 0 0
SEP
CPU yadrolab-wp11 1745514107 2025/04/24 20:01:47 1 100 24 11 7 1 2373 0 0 0 0 0 76768 100 0 0
SEP
CPU yadrolab-wp11 1745514108 2025/04/24 20:01:48 1 100 24 15 6 2 2372 0 0 0 0 0 74400 100 0 0
SEP
CPU yadrolab-wp11 1745514109 2025/04/24 20:01:49 1 100 24 12 6 1 2376 0 0 0 0 0 76377 100 0 0
SEP
CPU yadrolab-wp11 1745514110 2025/04/24 20:01:50 1 100 24 13 5 1 2376 0 0 0 0 0 74459 100 0 0
SEP
CPU yadrolab-wp11 1745514111 2025/04/24 20:01:51 1 100 24 17 5 1 2373 0 0 0 0 0 76335 100 0 0
SEP
CPU yadrolab-wp11 1745514112 2025/04/24 20:01:52 1 100 24 13 6 1 2372 0 0 0 0 0 76547 100 0 0
SEP
CPU yadrolab-wp11 1745514113 2025/04/24 20:01:53 1 100 24 16 9 0 2372 0 0 0 0 0 76013 100 0 0
SEP
CPU yadrolab-wp11 1745514114 2025/04/24 20:01:54 1 100 24 14 6 2 2374 0 0 0 0 0 77624 100 0 0
SEP
CPU yadrolab-wp11 1745514115 2025/04/24 20:01:55 1 100 24 14 12 2 2370 0 0 0 0 0 72355 100 0 0
SEP
CPU yadrolab-wp11 1745514116 2025/04/24 20:01:56 1 100 24 92 313 3 1984 3 0 0 0 0 75949 100 0 0
SEP
CPU yadrolab-wp11 1745514117 2025/04/24 20:01:57 1 100 24 59 479 2 1847 1 0 0 0 0 78310 100 0 0
SEP
CPU yadrolab-wp11 1745514118 2025/04/24 20:01:58 1 100 24 46 295 3 2041 2 0 0 0 0 78131 100 0 0
SEP
CPU yadrolab-wp11 1745514119 2025/04/24 20:01:59 1 100 24 68 325 3 1984 4 0 0 0 0 78553 100 0 0
SEP
CPU yadrolab-wp11 1745514120 2025/04/24 20:02:00 1 100 24 55 491 14 1808 2 0 0 0 0 78149 100 0 0
SEP
CPU yadrolab-wp11 1745514121 2025/04/24 20:02:01 1 100 24 77 315 6 1999 3 0 0 0 0 79849 100 0 0
SEP
CPU yadrolab-wp11 1745514122 2025/04/24 20:02:02 1 100 24 58 300 25 1988 2 0 0 0 0 78091 100 0 0
SEP
CPU yadrolab-wp11 1745514123 2025/04/24 20:02:03 1 100 24 56 319 4 1995 3 0 0 0 0 76828 100 0 0
SEP
CPU yadrolab-wp11 1745514124 2025/04/24 20:02:04 1 100 24 55 495 1 1842 2 0 0 0 0 78117 100 0 0
SEP
CPU yadrolab-wp11 1745514125 2025/04/24 20:02:05 1 100 24 55 284 4 2046 1 0 0 0 0 77843 100 0 0
SEP
CPU yadrolab-wp11 1745514126 2025/04/24 20:02:06 1 100 24 92 334 2 1967 3 0 0 0 0 63495 100 0 0
SEP
CPU yadrolab-wp11 1745514127 2025/04/24 20:02:07 1 100 24 89 323 2 1960 2 0 0 0 0 75985 100 0 0
SEP
CPU yadrolab-wp11 1745514128 2025/04/24 20:02:08 1 100 24 44 486 3 1854 2 0 0 0 0 78623 100 0 0
SEP
CPU yadrolab-wp11 1745514129 2025/04/24 20:02:09 1 100 24 48 303 1 2034 2 0 0 0 0 74558 100 0 0
SEP
CPU yadrolab-wp11 1745514130 2025/04/24 20:02:10 1 100 24 66 312 2 1988 3 0 0 0 0 77360 100 0 0
SEP
CPU yadrolab-wp11 1745514131 2025/04/24 20:02:11 1 100 24 70 514 2 1799 1 0 0 0 0 77571 100 0 0
SEP
CPU yadrolab-wp11 1745514132 2025/04/24 20:02:12 1 100 24 55 308 4 2023 2 0 0 0 0 79770 100 0 0
SEP
CPU yadrolab-wp11 1745514133 2025/04/24 20:02:13 1 100 24 81 327 4 1985 4 0 0 0 0 72382 100 0 0
SEP
CPU yadrolab-wp11 1745514134 2025/04/24 20:02:14 1 100 24 106 348 4 1922 14 0 0 0 0 55110 100 0 0
SEP
CPU yadrolab-wp11 1745514135 2025/04/24 20:02:15 1 100 24 77 447 5 1840 2 0 0 0 0 80606 100 0 0
SEP
CPU yadrolab-wp11 1745514136 2025/04/24 20:02:16 1 100 24 62 396 6 1932 2 0 0 0 0 78025 100 0 0
SEP
CPU yadrolab-wp11 1745514137 2025/04/24 20:02:17 1 100 24 53 312 1 2016 2 0 0 0 0 76339 100 0 0
SEP
CPU yadrolab-wp11 1745514138 2025/04/24 20:02:18 1 100 24 66 331 4 1979 3 0 0 0 0 77471 100 0 0
SEP
CPU yadrolab-wp11 1745514139 2025/04/24 20:02:19 1 100 24 52 483 1 1847 2 0 0 0 0 80414 100 0 0
SEP
CPU yadrolab-wp11 1745514140 2025/04/24 20:02:20 1 100 24 74 315 3 1995 4 0 1 0 0 75273 100 0 0
SEP
CPU yadrolab-wp11 1745514141 2025/04/24 20:02:21 1 100 24 91 321 4 1950 3 0 0 0 0 77394 100 0 0
SEP
CPU yadrolab-wp11 1745514142 2025/04/24 20:02:22 1 100 24 70 495 3 1818 3 0 0 0 0 79960 100 0 0
SEP
CPU yadrolab-wp11 1745514143 2025/04/24 20:02:23 1 100 24 63 323 1 1994 2 0 0 0 0 78610 100 0 0
SEP
CPU yadrolab-wp11 1745514144 2025/04/24 20:02:24 1 100 24 61 313 5 2016 2 0 0 0 0 68018 100 0 0
SEP
CPU yadrolab-wp11 1745514145 2025/04/24 20:02:25 1 100 24 79 340 2 1944 2 0 0 0 0 79819 100 0 0
SEP
CPU yadrolab-wp11 1745514146 2025/04/24 20:02:26 1 100 24 52 486 2 1833 2 0 0 0 0 79255 100 0 0
SEP
CPU yadrolab-wp11 1745514147 2025/04/24 20:02:27 1 100 24 60 301 3 2029 2 0 0 0 0 78041 100 0 0
SEP
CPU yadrolab-wp11 1745514148 2025/04/24 20:02:28 1 100 24 83 342 3 1959 6 0 0 0 0 75712 100 0 0
SEP
CPU yadrolab-wp11 1745514149 2025/04/24 20:02:29 1 100 24 67 386 4 1919 1 0 0 0 0 107310 100 0 0
SEP
CPU yadrolab-wp11 1745514150 2025/04/24 20:02:30 1 100 24 66 414 4 1892 2 0 0 0 0 77738 100 0 0
SEP
CPU yadrolab-wp11 1745514151 2025/04/24 20:02:31 1 100 24 59 305 7 2021 2 0 0 0 0 77068 100 0 0
SEP
CPU yadrolab-wp11 1745514152 2025/04/24 20:02:32 1 100 24 76 329 11 1977 3 0 0 0 0 69521 100 0 0
SEP
CPU yadrolab-wp11 1745514153 2025/04/24 20:02:33 1 100 24 51 490 3 1823 2 0 0 0 0 78130 100 0 0
SEP
CPU yadrolab-wp11 1745514154 2025/04/24 20:02:34 1 100 24 64 304 4 2024 2 0 0 0 0 77735 100 0 0
SEP
CPU yadrolab-wp11 1745514155 2025/04/24 20:02:35 1 100 24 62 312 3 1991 3 0 1 0 0 75767 100 0 0
SEP
CPU yadrolab-wp11 1745514156 2025/04/24 20:02:36 1 100 24 46 504 5 1818 1 0 0 0 0 80635 100 0 0
SEP
CPU yadrolab-wp11 1745514157 2025/04/24 20:02:37 1 100 24 55 289 4 2035 2 0 0 0 0 82248 100 0 0
SEP
CPU yadrolab-wp11 1745514158 2025/04/24 20:02:38 1 100 24 93 335 3 1959 3 0 0 0 0 81378 100 0 0
SEP
CPU yadrolab-wp11 1745514159 2025/04/24 20:02:39 1 100 24 55 490 2 1842 2 0 0 0 0 78479 100 0 0
SEP
CPU yadrolab-wp11 1745514160 2025/04/24 20:02:40 1 100 24 64 289 1 2040 2 0 0 0 0 77876 100 0 0
SEP
CPU yadrolab-wp11 1745514161 2025/04/24 20:02:41 1 100 24 82 338 4 1955 3 0 0 0 0 76723 100 0 0
SEP
CPU yadrolab-wp11 1745514162 2025/04/24 20:02:42 1 100 24 53 481 2 1855 2 0 0 0 0 79130 100 0 0
SEP
CPU yadrolab-wp11 1745514163 2025/04/24 20:02:43 1 100 24 41 293 2 2056 3 0 0 0 0 80409 100 0 0
SEP
CPU yadrolab-wp11 1745514164 2025/04/24 20:02:44 1 100 24 54 298 4 2032 2 0 0 0 0 77640 100 0 0
SEP
CPU yadrolab-wp11 1745514165 2025/04/24 20:02:45 1 100 24 62 316 4 1995 3 0 0 0 0 76683 100 0 0
SEP
CPU yadrolab-wp11 1745514166 2025/04/24 20:02:46 1 100 24 67 524 4 1780 2 0 0 0 0 77257 100 0 0
SEP
CPU yadrolab-wp11 1745514167 2025/04/24 20:02:47 1 100 24 75 327 4 1991 1 0 0 0 0 76922 100 0 0
SEP
CPU yadrolab-wp11 1745514168 2025/04/24 20:02:48 1 100 24 73 308 4 1997 2 0 1 0 0 77221 100 0 0
SEP
CPU yadrolab-wp11 1745514169 2025/04/24 20:02:49 1 100 24 76 336 3 1952 3 0 0 0 0 107903 100 0 0
SEP
CPU yadrolab-wp11 1745514170 2025/04/24 20:02:50 1 100 24 49 478 2 1851 2 0 0 0 0 79312 100 0 0
SEP
CPU yadrolab-wp11 1745514171 2025/04/24 20:02:51 1 100 24 80 330 5 1984 2 0 0 0 0 74682 100 0 0
SEP
CPU yadrolab-wp11 1745514172 2025/04/24 20:02:52 1 100 24 85 327 3 1980 5 0 0 0 0 76060 100 0 0
SEP
CPU yadrolab-wp11 1745514173 2025/04/24 20:02:53 1 100 24 54 498 3 1824 1 0 0 0 0 80630 100 0 0
SEP
CPU yadrolab-wp11 1745514174 2025/04/24 20:02:54 1 100 24 50 300 3 2038 2 0 0 0 0 77499 100 0 0
SEP
CPU yadrolab-wp11 1745514175 2025/04/24 20:02:55 1 100 24 92 339 3 1942 3 0 0 0 0 74750 100 0 0
SEP
CPU yadrolab-wp11 1745514176 2025/04/24 20:02:56 1 100 24 50 298 4 2028 2 0 0 0 0 77984 100 0 0
SEP
CPU yadrolab-wp11 1745514177 2025/04/24 20:02:57 1 100 24 54 506 4 1828 2 0 0 0 0 80341 100 0 0
SEP
CPU yadrolab-wp11 1745514178 2025/04/24 20:02:58 1 100 24 49 292 2 2043 2 0 0 0 0 77649 100 0 0
SEP
CPU yadrolab-wp11 1745514179 2025/04/24 20:02:59 1 100 24 71 321 3 1980 4 0 0 0 0 77853 100 0 0
SEP
CPU yadrolab-wp11 1745514180 2025/04/24 20:03:00 1 100 24 78 344 5 1941 3 0 0 0 0 106547 100 0 0
SEP
CPU yadrolab-wp11 1745514181 2025/04/24 20:03:01 1 100 24 53 487 3 1853 2 0 1 0 0 78215 100 0 0
SEP
CPU yadrolab-wp11 1745514182 2025/04/24 20:03:02 1 100 24 66 287 3 2040 2 0 0 0 0 78290 100 0 0
SEP
CPU yadrolab-wp11 1745514183 2025/04/24 20:03:03 1 100 24 89 338 5 1943 3 0 0 0 0 77250 100 0 0
SEP
CPU yadrolab-wp11 1745514184 2025/04/24 20:03:04 1 100 24 66 502 3 1818 2 0 0 0 0 78739 100 0 0
SEP
CPU yadrolab-wp11 1745514185 2025/04/24 20:03:05 1 100 24 63 292 2 2015 2 0 1 0 0 78772 100 0 0
SEP
CPU yadrolab-wp11 1745514186 2025/04/24 20:03:06 1 100 24 79 331 4 1972 2 0 0 0 0 69875 100 0 0
SEP
CPU yadrolab-wp11 1745514187 2025/04/24 20:03:07 1 100 24 69 385 4 1909 2 0 0 0 0 107910 100 0 0
SEP
CPU yadrolab-wp11 1745514188 2025/04/24 20:03:08 1 100 24 58 417 2 1895 2 0 0 0 0 78350 100 0 0
SEP
CPU yadrolab-wp11 1745514189 2025/04/24 20:03:09 1 100 24 53 287 2 2048 2 0 0 0 0 74944 100 0 0
SEP
CPU yadrolab-wp11 1745514190 2025/04/24 20:03:10 1 100 24 110 342 4 1928 3 0 0 0 0 76968 100 0 0
SEP
CPU yadrolab-wp11 1745514191 2025/04/24 20:03:11 1 100 24 47 495 3 1835 2 0 0 0 0 81237 100 0 0
SEP
CPU yadrolab-wp11 1745514192 2025/04/24 20:03:12 1 100 24 52 302 3 2030 2 0 1 0 0 79599 100 0 0
SEP
CPU yadrolab-wp11 1745514193 2025/04/24 20:03:13 1 100 24 67 295 4 2012 2 0 0 0 0 73379 100 0 0
SEP
CPU yadrolab-wp11 1745514194 2025/04/24 20:03:14 1 100 24 17 13 2 2362 0 0 0 0 0 76902 100 0 0
SEP
CPU yadrolab-wp11 1745514195 2025/04/24 20:03:15 1 100 24 13 8 2 2375 0 0 0 0 0 76088 100 0 0
SEP
CPU yadrolab-wp11 1745514196 2025/04/24 20:03:16 1 100 24 16 4 1 2374 0 0 0 0 0 76108 100 0 0
SEP
CPU yadrolab-wp11 1745514197 2025/04/24 20:03:17 1 100 24 24 17 5 2344 0 0 0 0 0 76586 100 0 0
SEP
CPU yadrolab-wp11 1745514198 2025/04/24 20:03:18 1 100 24 14 5 1 2374 0 0 0 0 0 76250 100 0 0
SEP
CPU yadrolab-wp11 1745514199 2025/04/24 20:03:19 1 100 24 10 8 2 2376 1 0 0 0 0 76736 100 0 0
SEP
CPU yadrolab-wp11 1745514200 2025/04/24 20:03:20 1 100 24 13 6 2 2375 0 0 0 0 0 76810 100 0 0
SEP
CPU yadrolab-wp11 1745514201 2025/04/24 20:03:21 1 100 24 11 9 1 2376 0 0 0 0 0 76076 100 0 0
SEP
CPU yadrolab-wp11 1745514202 2025/04/24 20:03:22 1 100 24 16 5 1 2377 0 0 0 0 0 76763 100 0 0
SEP
