1435 
1449 
1408 
1418 
1429 
1416 
1483 
1363 
1365 
1409 
1380 
1420 
1411 
1405 
1471 
1398 
1423 
1416 
1471 
1457 
1481 
1442 
1415 
1382 
1369 
1436 
1395 
1400 
1452 
1453 
1394 
1404 
1406 
1335 
1394 
1483 
1375 
1407 
1391 
1422 
1412 
1397 
1422 
1388 
1515 
1368 
1425 
1425 
1378 
1416 
1387 
1448 
1420 
1423 
1377 
1406 
1497 
1392 
1426 
1416 
1407 
1397 
1401 
1391 
1402 
1358 
1429 
1392 
1405 
1418 
1397 
1433 
1428 
1434 
1402 
1419 
1406 
1368 
1434 
1384 
1447 
1351 
1382 
1462 
1463 
1480 
1430 
1432 
1368 
1407 
1431 
1413 
1428 
1418 
1397 
1419 
1379 
1388 
1467 
1439 
