              total        used        free      shared  buff/cache   available
Mem:          33447        3828        1004         161       28614       28960
Swap:          2147         438        1708
Total:        35595        4267        2713

              total        used        free      shared  buff/cache   available
Mem:          33447        3831        1001         161       28614       28957
Swap:          2147         438        1708
Total:        35595        4270        2710

              total        used        free      shared  buff/cache   available
Mem:          33447        3834         998         161       28614       28954
Swap:          2147         438        1708
Total:        35595        4272        2707

              total        used        free      shared  buff/cache   available
Mem:          33447        3832        1000         161       28614       28956
Swap:          2147         438        1708
Total:        35595        4271        2709

              total        used        free      shared  buff/cache   available
Mem:          33447        3832         999         161       28614       28956
Swap:          2147         438        1708
Total:        35595        4271        2708

              total        used        free      shared  buff/cache   available
Mem:          33447        3832        1000         161       28614       28956
Swap:          2147         438        1708
Total:        35595        4271        2709

              total        used        free      shared  buff/cache   available
Mem:          33447        3833         999         161       28614       28955
Swap:          2147         438        1708
Total:        35595        4272        2708

              total        used        free      shared  buff/cache   available
Mem:          33447        3832        1000         160       28614       28957
Swap:          2147         438        1708
Total:        35595        4271        2709

              total        used        free      shared  buff/cache   available
Mem:          33447        3832        1000         161       28614       28956
Swap:          2147         438        1708
Total:        35595        4271        2709

              total        used        free      shared  buff/cache   available
Mem:          33447        3832        1000         161       28614       28956
Swap:          2147         438        1708
Total:        35595        4270        2709

              total        used        free      shared  buff/cache   available
Mem:          33447        3831        1001         161       28614       28957
Swap:          2147         438        1708
Total:        35595        4270        2710

              total        used        free      shared  buff/cache   available
Mem:          33447        3937         894         161       28615       28851
Swap:          2147         438        1708
Total:        35595        4376        2603

              total        used        free      shared  buff/cache   available
Mem:          33447        3992         839         161       28615       28796
Swap:          2147         438        1708
Total:        35595        4431        2548

              total        used        free      shared  buff/cache   available
Mem:          33447        3935         894         161       28617       28853
Swap:          2147         438        1708
Total:        35595        4374        2603

              total        used        free      shared  buff/cache   available
Mem:          33447        3955         876         161       28615       28834
Swap:          2147         438        1708
Total:        35595        4394        2585

              total        used        free      shared  buff/cache   available
Mem:          33447        3980         845         167       28621       28803
Swap:          2147         438        1708
Total:        35595        4419        2554

              total        used        free      shared  buff/cache   available
Mem:          33447        4022         803         167       28621       28761
Swap:          2147         438        1708
Total:        35595        4460        2512

              total        used        free      shared  buff/cache   available
Mem:          33447        4013         801         175       28632       28761
Swap:          2147         438        1708
Total:        35595        4452        2510

              total        used        free      shared  buff/cache   available
Mem:          33447        4021         796         175       28629       28753
Swap:          2147         438        1708
Total:        35595        4460        2505

              total        used        free      shared  buff/cache   available
Mem:          33447        4076         744         172       28626       28701
Swap:          2147         438        1708
Total:        35595        4515        2453

              total        used        free      shared  buff/cache   available
Mem:          33447        4008         810         172       28629       28769
Swap:          2147         438        1708
Total:        35595        4446        2518

              total        used        free      shared  buff/cache   available
Mem:          33447        4010         809         172       28627       28767
Swap:          2147         438        1708
Total:        35595        4449        2518

              total        used        free      shared  buff/cache   available
Mem:          33447        4021         798         172       28626       28756
Swap:          2147         438        1708
Total:        35595        4460        2507

              total        used        free      shared  buff/cache   available
Mem:          33447        4087         732         172       28627       28691
Swap:          2147         438        1708
Total:        35595        4525        2441

              total        used        free      shared  buff/cache   available
Mem:          33447        4016         801         172       28629       28761
Swap:          2147         438        1708
Total:        35595        4455        2510

              total        used        free      shared  buff/cache   available
Mem:          33447        4037         783         172       28626       28740
Swap:          2147         438        1708
Total:        35595        4476        2491

              total        used        free      shared  buff/cache   available
Mem:          33447        4048         770         172       28627       28729
Swap:          2147         438        1708
Total:        35595        4487        2479

              total        used        free      shared  buff/cache   available
Mem:          33447        4040         777         172       28630       28737
Swap:          2147         438        1708
Total:        35595        4478        2485

              total        used        free      shared  buff/cache   available
Mem:          33447        4012         803         172       28631       28765
Swap:          2147         438        1708
Total:        35595        4451        2512

              total        used        free      shared  buff/cache   available
Mem:          33447        4014         804         172       28628       28763
Swap:          2147         438        1708
Total:        35595        4453        2513

              total        used        free      shared  buff/cache   available
Mem:          33447        4014         805         172       28627       28763
Swap:          2147         438        1708
Total:        35595        4453        2514

              total        used        free      shared  buff/cache   available
Mem:          33447        4077         741         172       28629       28701
Swap:          2147         438        1708
Total:        35595        4515        2450

              total        used        free      shared  buff/cache   available
Mem:          33447        4003         814         172       28629       28774
Swap:          2147         438        1708
Total:        35595        4442        2523

              total        used        free      shared  buff/cache   available
Mem:          33447        4021         797         172       28629       28757
Swap:          2147         438        1708
Total:        35595        4459        2505

              total        used        free      shared  buff/cache   available
Mem:          33447        4054         763         172       28629       28723
Swap:          2147         438        1708
Total:        35595        4493        2472

              total        used        free      shared  buff/cache   available
Mem:          33447        4015         800         172       28631       28763
Swap:          2147         438        1708
Total:        35595        4453        2509

              total        used        free      shared  buff/cache   available
Mem:          33447        4031         787         172       28628       28747
Swap:          2147         438        1708
Total:        35595        4469        2496

              total        used        free      shared  buff/cache   available
Mem:          33447        4037         771         172       28637       28740
Swap:          2147         438        1708
Total:        35595        4476        2480

              total        used        free      shared  buff/cache   available
Mem:          33447        4087         721         172       28638       28690
Swap:          2147         438        1708
Total:        35595        4525        2430

              total        used        free      shared  buff/cache   available
Mem:          33447        4005         801         172       28641       28772
Swap:          2147         438        1708
Total:        35595        4444        2509

              total        used        free      shared  buff/cache   available
Mem:          33447        4014         795         172       28638       28764
Swap:          2147         438        1708
Total:        35595        4452        2503

              total        used        free      shared  buff/cache   available
Mem:          33447        4063         745         172       28638       28714
Swap:          2147         438        1708
Total:        35595        4502        2454

              total        used        free      shared  buff/cache   available
Mem:          33447        4011         794         172       28641       28766
Swap:          2147         438        1708
Total:        35595        4450        2503

              total        used        free      shared  buff/cache   available
Mem:          33447        4015         793         172       28639       28763
Swap:          2147         438        1708
Total:        35595        4453        2502

              total        used        free      shared  buff/cache   available
Mem:          33447        4030         777         172       28639       28747
Swap:          2147         438        1708
Total:        35595        4469        2486

              total        used        free      shared  buff/cache   available
Mem:          33447        4074         729         175       28643       28700
Swap:          2147         438        1708
Total:        35595        4513        2438

              total        used        free      shared  buff/cache   available
Mem:          33447        4009         792         175       28645       28765
Swap:          2147         438        1708
Total:        35595        4448        2501

              total        used        free      shared  buff/cache   available
Mem:          33447        4004         800         175       28643       28770
Swap:          2147         438        1708
Total:        35595        4442        2509

              total        used        free      shared  buff/cache   available
Mem:          33447        4049         754         175       28644       28725
Swap:          2147         438        1708
Total:        35595        4487        2463

              total        used        free      shared  buff/cache   available
Mem:          33447        3986         817         172       28643       28791
Swap:          2147         438        1708
Total:        35595        4424        2526

              total        used        free      shared  buff/cache   available
Mem:          33447        3996         810         172       28640       28781
Swap:          2147         438        1708
Total:        35595        4435        2519

              total        used        free      shared  buff/cache   available
Mem:          33447        4057         748         172       28641       28720
Swap:          2147         438        1708
Total:        35595        4496        2457

              total        used        free      shared  buff/cache   available
Mem:          33447        4012         790         172       28644       28765
Swap:          2147         438        1708
Total:        35595        4451        2499

              total        used        free      shared  buff/cache   available
Mem:          33447        4011         794         172       28641       28766
Swap:          2147         438        1708
Total:        35595        4449        2503

              total        used        free      shared  buff/cache   available
Mem:          33447        4063         741         172       28642       28714
Swap:          2147         438        1708
Total:        35595        4502        2450

              total        used        free      shared  buff/cache   available
Mem:          33447        4002         799         172       28645       28774
Swap:          2147         438        1708
Total:        35595        4441        2508

              total        used        free      shared  buff/cache   available
Mem:          33447        4026         778         172       28642       28751
Swap:          2147         438        1708
Total:        35595        4465        2487

              total        used        free      shared  buff/cache   available
Mem:          33447        4021         783         172       28642       28756
Swap:          2147         438        1708
Total:        35595        4459        2492

              total        used        free      shared  buff/cache   available
Mem:          33447        4075         729         172       28643       28702
Swap:          2147         438        1708
Total:        35595        4513        2438

              total        used        free      shared  buff/cache   available
Mem:          33447        4007         793         172       28646       28770
Swap:          2147         438        1708
Total:        35595        4446        2502

              total        used        free      shared  buff/cache   available
Mem:          33447        4020         784         172       28642       28757
Swap:          2147         438        1708
Total:        35595        4458        2493

              total        used        free      shared  buff/cache   available
Mem:          33447        4043         760         172       28644       28734
Swap:          2147         438        1708
Total:        35595        4481        2468

              total        used        free      shared  buff/cache   available
Mem:          33447        4033         767         172       28646       28744
Swap:          2147         438        1708
Total:        35595        4471        2476

              total        used        free      shared  buff/cache   available
Mem:          33447        4005         794         172       28647       28772
Swap:          2147         438        1708
Total:        35595        4444        2503

              total        used        free      shared  buff/cache   available
Mem:          33447        4018         784         172       28644       28759
Swap:          2147         438        1708
Total:        35595        4457        2493

              total        used        free      shared  buff/cache   available
Mem:          33447        4040         762         172       28645       28737
Swap:          2147         438        1708
Total:        35595        4478        2470

              total        used        free      shared  buff/cache   available
Mem:          33447        4006         792         172       28647       28770
Swap:          2147         438        1708
Total:        35595        4445        2501

              total        used        free      shared  buff/cache   available
Mem:          33447        4034         768         172       28644       28743
Swap:          2147         438        1708
Total:        35595        4473        2477

              total        used        free      shared  buff/cache   available
Mem:          33447        4070         732         172       28645       28707
Swap:          2147         438        1708
Total:        35595        4509        2440

              total        used        free      shared  buff/cache   available
Mem:          33447        4011         787         172       28647       28766
Swap:          2147         438        1708
Total:        35595        4450        2496

              total        used        free      shared  buff/cache   available
Mem:          33447        4008         793         172       28645       28770
Swap:          2147         438        1708
Total:        35595        4446        2502

              total        used        free      shared  buff/cache   available
Mem:          33447        4011         790         172       28645       28765
Swap:          2147         438        1708
Total:        35595        4450        2499

              total        used        free      shared  buff/cache   available
Mem:          33447        4049         751         172       28646       28728
Swap:          2147         438        1708
Total:        35595        4488        2460

              total        used        free      shared  buff/cache   available
Mem:          33447        3998         801         172       28648       28779
Swap:          2147         438        1708
Total:        35595        4436        2510

              total        used        free      shared  buff/cache   available
Mem:          33447        4001         799         172       28646       28776
Swap:          2147         438        1708
Total:        35595        4440        2508

              total        used        free      shared  buff/cache   available
Mem:          33447        4009         788         176       28648       28764
Swap:          2147         438        1708
Total:        35595        4448        2497

              total        used        free      shared  buff/cache   available
Mem:          33447        4056         741         176       28649       28717
Swap:          2147         438        1708
Total:        35595        4495        2450

              total        used        free      shared  buff/cache   available
Mem:          33447        3986         811         173       28649       28790
Swap:          2147         438        1708
Total:        35595        4425        2520

              total        used        free      shared  buff/cache   available
Mem:          33447        4002         798         173       28646       28775
Swap:          2147         438        1708
Total:        35595        4441        2507

              total        used        free      shared  buff/cache   available
Mem:          33447        4022         781         170       28644       28758
Swap:          2147         438        1708
Total:        35595        4460        2490

              total        used        free      shared  buff/cache   available
Mem:          33447        4012         788         170       28646       28767
Swap:          2147         438        1708
Total:        35595        4451        2497

              total        used        free      shared  buff/cache   available
Mem:          33447        3969         833         170       28644       28811
Swap:          2147         438        1708
Total:        35595        4407        2542

              total        used        free      shared  buff/cache   available
Mem:          33447        4001         801         170       28644       28779
Swap:          2147         438        1708
Total:        35595        4439        2510

              total        used        free      shared  buff/cache   available
Mem:          33447        4040         762         170       28644       28739
Swap:          2147         438        1708
Total:        35595        4479        2471

              total        used        free      shared  buff/cache   available
Mem:          33447        3978         822         170       28647       28802
Swap:          2147         438        1708
Total:        35595        4416        2531

              total        used        free      shared  buff/cache   available
Mem:          33447        4001         800         170       28644       28778
Swap:          2147         438        1708
Total:        35595        4440        2509

              total        used        free      shared  buff/cache   available
Mem:          33447        4010         791         170       28645       28769
Swap:          2147         438        1708
Total:        35595        4449        2500

              total        used        free      shared  buff/cache   available
Mem:          33447        3977         821         170       28648       28802
Swap:          2147         438        1708
Total:        35595        4415        2530

              total        used        free      shared  buff/cache   available
Mem:          33447        3974         824         170       28648       28806
Swap:          2147         438        1708
Total:        35595        4412        2533

              total        used        free      shared  buff/cache   available
Mem:          33447        3962         839         170       28645       28818
Swap:          2147         438        1708
Total:        35595        4400        2548

              total        used        free      shared  buff/cache   available
Mem:          33447        3961         840         170       28645       28818
Swap:          2147         438        1708
Total:        35595        4400        2549

              total        used        free      shared  buff/cache   available
Mem:          33447        3963         838         170       28645       28816
Swap:          2147         438        1708
Total:        35595        4401        2547

              total        used        free      shared  buff/cache   available
Mem:          33447        3873         928         170       28645       28906
Swap:          2147         438        1708
Total:        35595        4312        2637

              total        used        free      shared  buff/cache   available
Mem:          33447        3872         929         170       28645       28908
Swap:          2147         438        1708
Total:        35595        4310        2638

              total        used        free      shared  buff/cache   available
Mem:          33447        3870         931         170       28645       28909
Swap:          2147         438        1708
Total:        35595        4309        2640

              total        used        free      shared  buff/cache   available
Mem:          33447        3868         933         170       28645       28912
Swap:          2147         438        1708
Total:        35595        4306        2642

              total        used        free      shared  buff/cache   available
Mem:          33447        3869         932         170       28645       28911
Swap:          2147         438        1708
Total:        35595        4307        2641

              total        used        free      shared  buff/cache   available
Mem:          33447        3868         933         170       28645       28911
Swap:          2147         438        1708
Total:        35595        4307        2642

              total        used        free      shared  buff/cache   available
Mem:          33447        3870         931         170       28645       28910
Swap:          2147         438        1708
Total:        35595        4308        2640
