RESET
CPU yadrolab-wp11 1745509302 2025/04/24 18:41:42 2095925 100 24 14603282 19803218 1135568 4990469449 146000 0 15690 0 0 75917 100 0 0
SEP
CPU yadrolab-wp11 1745509303 2025/04/24 18:41:43 1 100 24 12 7 2 2377 0 0 0 0 0 76938 100 0 0
SEP
CPU yadrolab-wp11 1745509304 2025/04/24 18:41:44 1 100 24 14 5 1 2374 0 0 0 0 0 76151 100 0 0
SEP
CPU yadrolab-wp11 1745509305 2025/04/24 18:41:45 1 100 24 13 12 1 2373 0 0 0 0 0 75886 100 0 0
SEP
CPU yadrolab-wp11 1745509306 2025/04/24 18:41:46 1 100 24 14 5 2 2376 0 0 0 0 0 75295 100 0 0
SEP
CPU yadrolab-wp11 1745509307 2025/04/24 18:41:47 1 100 24 13 5 1 2374 0 0 0 0 0 74868 100 0 0
SEP
CPU yadrolab-wp11 1745509308 2025/04/24 18:41:48 1 100 24 12 4 1 2378 0 0 0 0 0 76693 100 0 0
SEP
CPU yadrolab-wp11 1745509309 2025/04/24 18:41:49 1 100 24 15 5 1 2376 0 0 0 0 0 77795 100 0 0
SEP
CPU yadrolab-wp11 1745509310 2025/04/24 18:41:50 1 100 24 14 9 2 2373 0 0 0 0 0 76242 100 0 0
SEP
CPU yadrolab-wp11 1745509311 2025/04/24 18:41:51 1 100 24 15 4 1 2376 0 0 0 0 0 76453 100 0 0
SEP
CPU yadrolab-wp11 1745509312 2025/04/24 18:41:52 1 100 24 16 5 1 2374 0 0 0 0 0 74524 100 0 0
SEP
CPU yadrolab-wp11 1745509313 2025/04/24 18:41:53 1 100 24 72 509 4 1787 3 0 0 0 0 72802 100 0 0
SEP
CPU yadrolab-wp11 1745509314 2025/04/24 18:41:54 1 100 24 68 530 7 1742 3 0 0 0 0 66651 100 0 0
SEP
CPU yadrolab-wp11 1745509315 2025/04/24 18:41:55 1 100 24 100 543 3 1718 4 0 0 0 0 75396 100 0 0
SEP
CPU yadrolab-wp11 1745509316 2025/04/24 18:41:56 1 100 24 95 511 2 1776 3 0 0 0 0 77141 100 0 0
SEP
CPU yadrolab-wp11 1745509317 2025/04/24 18:41:57 1 100 24 90 503 6 1792 2 0 0 0 0 76152 100 0 0
SEP
CPU yadrolab-wp11 1745509318 2025/04/24 18:41:58 1 100 24 81 538 3 1760 3 0 0 0 0 70162 100 0 0
SEP
CPU yadrolab-wp11 1745509319 2025/04/24 18:41:59 1 100 24 79 526 4 1779 4 0 0 0 0 70885 100 0 0
SEP
CPU yadrolab-wp11 1745509320 2025/04/24 18:42:00 1 100 24 75 535 10 1767 3 0 0 0 0 77538 100 0 0
SEP
CPU yadrolab-wp11 1745509321 2025/04/24 18:42:01 1 100 24 82 513 2 1759 3 0 0 0 0 74400 100 0 0
SEP
CPU yadrolab-wp11 1745509322 2025/04/24 18:42:02 1 100 24 98 527 32 1728 3 0 0 0 0 77658 100 0 0
SEP
CPU yadrolab-wp11 1745509323 2025/04/24 18:42:03 1 100 24 62 489 8 1790 3 0 0 0 0 78024 100 0 0
SEP
CPU yadrolab-wp11 1745509324 2025/04/24 18:42:04 1 100 24 64 508 4 1791 3 0 0 0 0 77287 100 0 0
SEP
CPU yadrolab-wp11 1745509325 2025/04/24 18:42:05 1 100 24 80 502 6 1783 3 0 0 0 0 77344 100 0 0
SEP
CPU yadrolab-wp11 1745509326 2025/04/24 18:42:06 1 100 24 105 549 3 1724 2 0 0 0 0 77258 100 0 0
SEP
CPU yadrolab-wp11 1745509327 2025/04/24 18:42:07 1 100 24 66 502 4 1799 3 0 0 0 0 77581 100 0 0
SEP
CPU yadrolab-wp11 1745509328 2025/04/24 18:42:08 1 100 24 78 384 1 1909 4 0 0 0 0 107918 100 0 0
SEP
CPU yadrolab-wp11 1745509329 2025/04/24 18:42:09 1 100 24 95 488 6 1776 3 0 0 0 0 76424 100 0 0
SEP
CPU yadrolab-wp11 1745509330 2025/04/24 18:42:10 1 100 24 88 540 5 1738 3 0 0 0 0 76647 100 0 0
SEP
CPU yadrolab-wp11 1745509331 2025/04/24 18:42:11 1 100 24 74 504 5 1791 3 0 0 0 0 77025 100 0 0
SEP
CPU yadrolab-wp11 1745509332 2025/04/24 18:42:12 1 100 24 94 518 5 1761 3 0 0 0 0 76669 100 0 0
SEP
CPU yadrolab-wp11 1745509333 2025/04/24 18:42:13 1 100 24 60 500 3 1807 2 0 0 0 0 76402 100 0 0
SEP
CPU yadrolab-wp11 1745509334 2025/04/24 18:42:14 1 100 24 94 548 4 1747 4 0 0 0 0 70507 100 0 0
SEP
CPU yadrolab-wp11 1745509335 2025/04/24 18:42:15 1 100 24 100 529 6 1750 2 0 0 0 0 76446 100 0 0
SEP
CPU yadrolab-wp11 1745509336 2025/04/24 18:42:16 1 100 24 72 495 4 1797 2 0 0 0 0 77676 100 0 0
SEP
CPU yadrolab-wp11 1745509337 2025/04/24 18:42:17 1 100 24 104 537 2 1752 3 0 0 0 0 81154 100 0 0
SEP
CPU yadrolab-wp11 1745509338 2025/04/24 18:42:18 1 100 24 102 547 6 1717 7 0 0 0 0 76915 100 0 0
SEP
CPU yadrolab-wp11 1745509339 2025/04/24 18:42:19 1 100 24 111 460 5 1820 6 0 1 0 0 105703 100 0 0
SEP
CPU yadrolab-wp11 1745509340 2025/04/24 18:42:20 1 100 24 83 408 3 1875 11 0 0 0 0 76381 100 0 0
SEP
CPU yadrolab-wp11 1745509341 2025/04/24 18:42:21 1 100 24 77 527 4 1776 8 0 0 0 0 82807 100 0 0
SEP
CPU yadrolab-wp11 1745509342 2025/04/24 18:42:22 1 100 24 59 492 5 1804 5 0 0 0 0 76914 100 0 0
SEP
CPU yadrolab-wp11 1745509343 2025/04/24 18:42:23 1 100 24 72 534 6 1787 2 0 0 0 0 77515 100 0 0
SEP
CPU yadrolab-wp11 1745509344 2025/04/24 18:42:24 1 100 24 87 502 2 1785 3 0 0 0 0 75125 100 0 0
SEP
CPU yadrolab-wp11 1745509345 2025/04/24 18:42:25 1 100 24 57 505 5 1797 3 0 0 0 0 73322 100 0 0
SEP
CPU yadrolab-wp11 1745509346 2025/04/24 18:42:26 1 100 24 100 520 3 1748 3 0 0 0 0 77000 100 0 0
SEP
CPU yadrolab-wp11 1745509347 2025/04/24 18:42:27 1 100 24 76 506 3 1783 3 0 0 0 0 77550 100 0 0
SEP
CPU yadrolab-wp11 1745509348 2025/04/24 18:42:28 1 100 24 93 532 2 1753 5 0 0 0 0 75164 100 0 0
SEP
CPU yadrolab-wp11 1745509349 2025/04/24 18:42:29 1 100 24 90 524 3 1760 4 0 0 0 0 76020 100 0 0
SEP
CPU yadrolab-wp11 1745509350 2025/04/24 18:42:30 1 100 24 79 514 2 1776 3 0 0 0 0 77749 100 0 0
SEP
CPU yadrolab-wp11 1745509351 2025/04/24 18:42:31 1 100 24 108 558 11 1733 3 0 0 0 0 77371 100 0 0
SEP
CPU yadrolab-wp11 1745509352 2025/04/24 18:42:32 1 100 24 76 510 9 1794 3 0 0 0 0 79801 100 0 0
SEP
CPU yadrolab-wp11 1745509353 2025/04/24 18:42:33 1 100 24 80 327 9 1944 3 0 0 0 0 78121 100 0 0
SEP
CPU yadrolab-wp11 1745509354 2025/04/24 18:42:34 1 100 24 87 487 4 1776 2 0 0 0 0 77126 100 0 0
SEP
CPU yadrolab-wp11 1745509355 2025/04/24 18:42:35 1 100 24 85 538 2 1769 3 0 0 0 0 76811 100 0 0
SEP
CPU yadrolab-wp11 1745509356 2025/04/24 18:42:36 1 100 24 80 496 4 1795 2 0 0 0 0 76889 100 0 0
SEP
CPU yadrolab-wp11 1745509357 2025/04/24 18:42:37 1 100 24 77 505 5 1777 3 0 0 0 0 74399 100 0 0
SEP
CPU yadrolab-wp11 1745509358 2025/04/24 18:42:38 1 100 24 87 522 3 1770 4 0 0 0 0 75054 100 0 0
SEP
CPU yadrolab-wp11 1745509359 2025/04/24 18:42:39 1 100 24 72 502 4 1806 5 0 0 0 0 77368 100 0 0
SEP
CPU yadrolab-wp11 1745509360 2025/04/24 18:42:40 1 100 24 84 514 3 1779 3 0 0 0 0 78865 100 0 0
SEP
CPU yadrolab-wp11 1745509361 2025/04/24 18:42:41 1 100 24 70 521 6 1768 3 0 0 0 0 75619 100 0 0
SEP
CPU yadrolab-wp11 1745509362 2025/04/24 18:42:42 1 100 24 74 526 6 1764 3 0 0 0 0 77993 100 0 0
SEP
CPU yadrolab-wp11 1745509363 2025/04/24 18:42:43 1 100 24 96 539 4 1753 3 0 0 0 0 81492 100 0 0
SEP
CPU yadrolab-wp11 1745509364 2025/04/24 18:42:44 1 100 24 59 282 3 2035 2 0 0 0 0 77007 100 0 0
SEP
CPU yadrolab-wp11 1745509365 2025/04/24 18:42:45 1 100 24 15 5 1 2374 0 0 0 0 0 76308 100 0 0
SEP
CPU yadrolab-wp11 1745509366 2025/04/24 18:42:46 1 100 24 13 6 1 2376 0 0 0 0 0 77477 100 0 0
SEP
CPU yadrolab-wp11 1745509367 2025/04/24 18:42:47 1 100 24 22 17 1 2350 0 0 0 0 0 76558 100 0 0
SEP
CPU yadrolab-wp11 1745509368 2025/04/24 18:42:48 1 100 24 13 7 1 2376 0 0 0 0 0 76881 100 0 0
SEP
CPU yadrolab-wp11 1745509369 2025/04/24 18:42:49 1 100 24 16 6 2 2373 0 0 0 0 0 76517 100 0 0
SEP
CPU yadrolab-wp11 1745509370 2025/04/24 18:42:50 1 100 24 11 5 2 2377 0 0 0 0 0 76444 100 0 0
SEP
CPU yadrolab-wp11 1745509371 2025/04/24 18:42:51 1 100 24 17 7 1 2370 0 0 0 0 0 76755 100 0 0
SEP
CPU yadrolab-wp11 1745509372 2025/04/24 18:42:52 1 100 24 13 7 3 2374 0 0 0 0 0 75537 100 0 0
SEP
CPU yadrolab-wp11 1745509373 2025/04/24 18:42:53 1 100 24 13 7 2 2374 0 0 0 0 0 76282 100 0 0
SEP
