1015 
949 
956 
936 
976 
979 
1031 
949 
862 
753 
710 
754 
729 
778 
735 
721 
774 
751 
784 
763 
795 
735 
703 
768 
757 
736 
773 
728 
800 
717 
723 
739 
729 
743 
718 
735 
734 
752 
776 
711 
766 
763 
773 
710 
722 
753 
729 
745 
749 
800 
719 
715 
755 
763 
740 
732 
793 
791 
749 
742 
851 
752 
762 
745 
773 
734 
746 
831 
736 
763 
757 
736 
724 
715 
771 
825 
726 
764 
750 
711 
731 
759 
729 
760 
723 
782 
763 
712 
758 
755 
823 
716 
722 
827 
803 
802 
751 
722 
777 
763 
