              total        used        free      shared  buff/cache   available
Mem:          33447        3893        1603         157       27949       28898
Swap:          2147         438        1708
Total:        35595        4332        3312

              total        used        free      shared  buff/cache   available
Mem:          33447        3899        1598         157       27949       28893
Swap:          2147         438        1708
Total:        35595        4337        3307

              total        used        free      shared  buff/cache   available
Mem:          33447        3900        1597         157       27949       28892
Swap:          2147         438        1708
Total:        35595        4338        3306

              total        used        free      shared  buff/cache   available
Mem:          33447        3901        1596         157       27949       28891
Swap:          2147         438        1708
Total:        35595        4339        3305

              total        used        free      shared  buff/cache   available
Mem:          33447        3900        1597         157       27950       28892
Swap:          2147         438        1708
Total:        35595        4338        3306

              total        used        free      shared  buff/cache   available
Mem:          33447        3901        1595         157       27950       28890
Swap:          2147         438        1708
Total:        35595        4340        3304

              total        used        free      shared  buff/cache   available
Mem:          33447        3901        1596         157       27950       28891
Swap:          2147         438        1708
Total:        35595        4339        3305

              total        used        free      shared  buff/cache   available
Mem:          33447        3900        1597         157       27950       28892
Swap:          2147         438        1708
Total:        35595        4339        3305

              total        used        free      shared  buff/cache   available
Mem:          33447        3899        1598         157       27950       28893
Swap:          2147         438        1708
Total:        35595        4337        3307

              total        used        free      shared  buff/cache   available
Mem:          33447        3899        1597         157       27950       28893
Swap:          2147         438        1708
Total:        35595        4338        3306

              total        used        free      shared  buff/cache   available
Mem:          33447        3897        1600         157       27950       28895
Swap:          2147         438        1708
Total:        35595        4336        3308

              total        used        free      shared  buff/cache   available
Mem:          33447        3990        1505         158       27951       28801
Swap:          2147         438        1708
Total:        35595        4429        3214

              total        used        free      shared  buff/cache   available
Mem:          33447        4005        1491         157       27950       28787
Swap:          2147         438        1708
Total:        35595        4443        3200

              total        used        free      shared  buff/cache   available
Mem:          33447        3999        1497         158       27950       28793
Swap:          2147         438        1708
Total:        35595        4437        3206

              total        used        free      shared  buff/cache   available
Mem:          33447        4006        1489         158       27951       28785
Swap:          2147         438        1708
Total:        35595        4445        3198

              total        used        free      shared  buff/cache   available
Mem:          33447        3999        1495         158       27952       28792
Swap:          2147         438        1708
Total:        35595        4438        3204

              total        used        free      shared  buff/cache   available
Mem:          33447        4005        1488         158       27952       28786
Swap:          2147         438        1708
Total:        35595        4444        3197

              total        used        free      shared  buff/cache   available
Mem:          33447        3994        1499         158       27953       28797
Swap:          2147         438        1708
Total:        35595        4433        3208

              total        used        free      shared  buff/cache   available
Mem:          33447        4011        1476         163       27959       28775
Swap:          2147         438        1708
Total:        35595        4450        3185

              total        used        free      shared  buff/cache   available
Mem:          33447        4016        1470         163       27959       28769
Swap:          2147         438        1708
Total:        35595        4455        3179

              total        used        free      shared  buff/cache   available
Mem:          33447        4065        1412         172       27968       28712
Swap:          2147         438        1708
Total:        35595        4504        3121

              total        used        free      shared  buff/cache   available
Mem:          33447        4062        1416         172       27969       28716
Swap:          2147         438        1708
Total:        35595        4500        3124

              total        used        free      shared  buff/cache   available
Mem:          33447        4065        1415         169       27966       28715
Swap:          2147         438        1708
Total:        35595        4504        3124

              total        used        free      shared  buff/cache   available
Mem:          33447        4064        1415         168       27966       28717
Swap:          2147         438        1708
Total:        35595        4503        3124

              total        used        free      shared  buff/cache   available
Mem:          33447        4063        1415         168       27968       28717
Swap:          2147         438        1708
Total:        35595        4502        3124

              total        used        free      shared  buff/cache   available
Mem:          33447        4066        1412         169       27968       28714
Swap:          2147         438        1708
Total:        35595        4505        3121

              total        used        free      shared  buff/cache   available
Mem:          33447        4081        1397         168       27968       28699
Swap:          2147         438        1708
Total:        35595        4520        3106

              total        used        free      shared  buff/cache   available
Mem:          33447        4069        1409         169       27968       28712
Swap:          2147         438        1708
Total:        35595        4507        3118

              total        used        free      shared  buff/cache   available
Mem:          33447        4090        1387         169       27969       28691
Swap:          2147         438        1708
Total:        35595        4528        3096

              total        used        free      shared  buff/cache   available
Mem:          33447        4089        1387         169       27970       28692
Swap:          2147         438        1708
Total:        35595        4527        3096

              total        used        free      shared  buff/cache   available
Mem:          33447        4069        1406         169       27971       28711
Swap:          2147         438        1708
Total:        35595        4508        3115

              total        used        free      shared  buff/cache   available
Mem:          33447        4055        1420         169       27972       28726
Swap:          2147         438        1708
Total:        35595        4493        3129

              total        used        free      shared  buff/cache   available
Mem:          33447        4058        1416         169       27972       28722
Swap:          2147         438        1708
Total:        35595        4497        3125

              total        used        free      shared  buff/cache   available
Mem:          33447        4061        1412         169       27973       28720
Swap:          2147         438        1708
Total:        35595        4500        3121

              total        used        free      shared  buff/cache   available
Mem:          33447        4068        1404         169       27973       28712
Swap:          2147         438        1708
Total:        35595        4507        3113

              total        used        free      shared  buff/cache   available
Mem:          33447        4067        1405         169       27974       28714
Swap:          2147         438        1708
Total:        35595        4505        3114

              total        used        free      shared  buff/cache   available
Mem:          33447        4061        1410         169       27975       28719
Swap:          2147         438        1708
Total:        35595        4500        3119

              total        used        free      shared  buff/cache   available
Mem:          33447        4079        1393         169       27974       28701
Swap:          2147         438        1708
Total:        35595        4518        3102

              total        used        free      shared  buff/cache   available
Mem:          33447        4077        1394         169       27975       28703
Swap:          2147         438        1708
Total:        35595        4516        3103

              total        used        free      shared  buff/cache   available
Mem:          33447        4059        1412         169       27975       28722
Swap:          2147         438        1708
Total:        35595        4497        3121

              total        used        free      shared  buff/cache   available
Mem:          33447        4055        1415         169       27976       28726
Swap:          2147         438        1708
Total:        35595        4493        3124

              total        used        free      shared  buff/cache   available
Mem:          33447        4066        1403         169       27977       28714
Swap:          2147         438        1708
Total:        35595        4505        3112

              total        used        free      shared  buff/cache   available
Mem:          33447        4065        1403         169       27978       28715
Swap:          2147         438        1708
Total:        35595        4504        3112

              total        used        free      shared  buff/cache   available
Mem:          33447        4070        1399         169       27978       28711
Swap:          2147         438        1708
Total:        35595        4508        3107

              total        used        free      shared  buff/cache   available
Mem:          33447        4061        1406         169       27978       28719
Swap:          2147         438        1708
Total:        35595        4500        3115

              total        used        free      shared  buff/cache   available
Mem:          33447        4070        1397         169       27979       28710
Swap:          2147         438        1708
Total:        35595        4509        3106

              total        used        free      shared  buff/cache   available
Mem:          33447        4062        1405         169       27979       28719
Swap:          2147         438        1708
Total:        35595        4500        3114

              total        used        free      shared  buff/cache   available
Mem:          33447        4063        1404         169       27979       28718
Swap:          2147         438        1708
Total:        35595        4501        3113

              total        used        free      shared  buff/cache   available
Mem:          33447        4064        1403         169       27979       28716
Swap:          2147         438        1708
Total:        35595        4503        3112

              total        used        free      shared  buff/cache   available
Mem:          33447        4066        1396         172       27984       28711
Swap:          2147         438        1708
Total:        35595        4505        3105

              total        used        free      shared  buff/cache   available
Mem:          33447        4084        1378         172       27984       28694
Swap:          2147         438        1708
Total:        35595        4522        3087

              total        used        free      shared  buff/cache   available
Mem:          33447        4060        1402         172       27984       28717
Swap:          2147         438        1708
Total:        35595        4499        3111

              total        used        free      shared  buff/cache   available
Mem:          33447        4065        1398         172       27983       28712
Swap:          2147         438        1708
Total:        35595        4504        3107

              total        used        free      shared  buff/cache   available
Mem:          33447        4068        1397         169       27981       28712
Swap:          2147         438        1708
Total:        35595        4507        3106

              total        used        free      shared  buff/cache   available
Mem:          33447        4043        1421         169       27982       28737
Swap:          2147         438        1708
Total:        35595        4482        3130

              total        used        free      shared  buff/cache   available
Mem:          33447        4048        1416         169       27982       28732
Swap:          2147         438        1708
Total:        35595        4487        3124

              total        used        free      shared  buff/cache   available
Mem:          33447        4043        1420         169       27983       28737
Swap:          2147         438        1708
Total:        35595        4482        3129

              total        used        free      shared  buff/cache   available
Mem:          33447        4055        1408         169       27983       28725
Swap:          2147         438        1708
Total:        35595        4493        3117

              total        used        free      shared  buff/cache   available
Mem:          33447        4041        1423         169       27983       28740
Swap:          2147         438        1708
Total:        35595        4479        3132

              total        used        free      shared  buff/cache   available
Mem:          33447        4046        1416         169       27984       28734
Swap:          2147         438        1708
Total:        35595        4485        3125

              total        used        free      shared  buff/cache   available
Mem:          33447        4050        1412         169       27984       28731
Swap:          2147         438        1708
Total:        35595        4488        3121

              total        used        free      shared  buff/cache   available
Mem:          33447        4067        1394         169       27985       28713
Swap:          2147         438        1708
Total:        35595        4506        3103

              total        used        free      shared  buff/cache   available
Mem:          33447        4038        1424         169       27984       28742
Swap:          2147         438        1708
Total:        35595        4476        3133

              total        used        free      shared  buff/cache   available
Mem:          33447        4040        1422         169       27984       28740
Swap:          2147         438        1708
Total:        35595        4479        3131

              total        used        free      shared  buff/cache   available
Mem:          33447        4041        1421         169       27984       28739
Swap:          2147         438        1708
Total:        35595        4480        3130

              total        used        free      shared  buff/cache   available
Mem:          33447        3943        1519         169       27984       28838
Swap:          2147         438        1708
Total:        35595        4381        3228

              total        used        free      shared  buff/cache   available
Mem:          33447        3943        1519         169       27984       28838
Swap:          2147         438        1708
Total:        35595        4381        3228

              total        used        free      shared  buff/cache   available
Mem:          33447        3941        1521         169       27984       28839
Swap:          2147         438        1708
Total:        35595        4379        3230

              total        used        free      shared  buff/cache   available
Mem:          33447        3941        1521         169       27984       28839
Swap:          2147         438        1708
Total:        35595        4379        3230

              total        used        free      shared  buff/cache   available
Mem:          33447        3939        1523         169       27984       28842
Swap:          2147         438        1708
Total:        35595        4377        3232

              total        used        free      shared  buff/cache   available
Mem:          33447        3937        1525         169       27984       28843
Swap:          2147         438        1708
Total:        35595        4376        3233

              total        used        free      shared  buff/cache   available
Mem:          33447        3938        1524         169       27984       28843
Swap:          2147         438        1708
Total:        35595        4376        3233
