RESET
CPU laptop 1745508563 2025/04/24 18:29:23 630133 100 12 2437811 5109818 67298 147371303 185880 0 71485 0 0 22863 100 0 0
SEP
CPU laptop 1745508564 2025/04/24 18:29:24 1 100 12 110 48 0 1040 0 0 0 0 0 23787 100 0 0
SEP
CPU laptop 1745508565 2025/04/24 18:29:25 1 100 12 109 47 0 1040 0 0 1 0 0 21562 100 0 0
SEP
CPU laptop 1745508566 2025/04/24 18:29:26 1 100 12 111 46 0 1040 0 0 0 0 0 23905 100 0 0
SEP
CPU laptop 1745508567 2025/04/24 18:29:27 1 100 12 115 45 0 1035 1 0 0 0 0 22546 100 0 0
SEP
CPU laptop 1745508568 2025/04/24 18:29:28 1 100 12 115 45 0 1036 0 0 0 0 0 22866 100 0 0
SEP
CPU laptop 1745508569 2025/04/24 18:29:29 1 100 12 116 47 0 1035 0 0 1 0 0 23902 100 0 0
SEP
CPU laptop 1745508570 2025/04/24 18:29:30 1 100 12 112 43 0 1043 0 0 1 0 0 22868 100 0 0
SEP
CPU laptop 1745508571 2025/04/24 18:29:31 1 100 12 113 40 0 1044 0 0 0 0 0 22902 100 0 0
SEP
CPU laptop 1745508572 2025/04/24 18:29:32 1 100 12 112 43 0 1042 1 0 0 0 0 22510 100 0 0
SEP
CPU laptop 1745508573 2025/04/24 18:29:33 1 100 12 111 44 0 1039 3 0 0 0 0 21863 100 0 0
SEP
CPU laptop 1745508574 2025/04/24 18:29:34 1 100 12 212 237 1 711 17 0 0 0 0 25961 100 0 0
SEP
CPU laptop 1745508575 2025/04/24 18:29:35 1 100 12 203 257 1 704 17 0 1 0 0 24884 100 0 0
SEP
CPU laptop 1745508576 2025/04/24 18:29:36 1 100 12 197 245 1 717 19 0 1 0 0 28012 100 0 0
SEP
CPU laptop 1745508577 2025/04/24 18:29:37 1 100 12 220 250 1 688 21 0 1 0 0 26954 100 0 0
SEP
CPU laptop 1745508578 2025/04/24 18:29:38 1 100 12 216 245 2 703 17 0 1 0 0 29040 100 0 0
SEP
CPU laptop 1745508579 2025/04/24 18:29:39 1 100 12 247 297 0 617 15 0 2 0 0 29040 100 0 0
SEP
CPU laptop 1745508580 2025/04/24 18:29:40 1 100 12 218 323 1 624 16 0 1 0 0 40189 100 0 0
SEP
CPU laptop 1745508581 2025/04/24 18:29:41 1 100 12 171 311 1 682 15 0 1 0 0 47810 100 0 0
SEP
CPU laptop 1745508582 2025/04/24 18:29:42 1 100 12 185 284 1 680 26 0 1 0 0 35577 100 0 0
SEP
CPU laptop 1745508583 2025/04/24 18:29:43 1 100 12 185 225 2 730 39 0 2 0 0 27690 100 0 0
SEP
CPU laptop 1745508584 2025/04/24 18:29:44 1 100 12 145 187 1 823 20 0 1 0 0 26713 100 0 0
SEP
CPU laptop 1745508585 2025/04/24 18:29:45 1 100 12 159 306 0 700 18 0 1 0 0 47820 100 0 0
SEP
CPU laptop 1745508586 2025/04/24 18:29:46 1 100 12 152 188 1 814 23 0 3 0 0 31643 100 0 0
SEP
CPU laptop 1745508587 2025/04/24 18:29:47 1 100 12 157 186 2 806 26 0 1 0 0 31595 100 0 0
SEP
CPU laptop 1745508588 2025/04/24 18:29:48 1 100 12 147 187 1 821 18 0 2 0 0 26306 100 0 0
SEP
CPU laptop 1745508589 2025/04/24 18:29:49 1 100 12 148 277 1 733 19 0 2 0 0 25876 100 0 0
SEP
CPU laptop 1745508590 2025/04/24 18:29:50 1 100 12 160 196 1 792 28 0 2 0 0 30415 100 0 0
SEP
CPU laptop 1745508591 2025/04/24 18:29:51 1 100 12 167 184 1 807 19 0 2 0 0 26339 100 0 0
SEP
CPU laptop 1745508592 2025/04/24 18:29:52 1 100 12 145 259 1 754 19 0 1 0 0 29893 100 0 0
SEP
CPU laptop 1745508593 2025/04/24 18:29:53 1 100 12 168 196 2 794 25 0 1 0 0 37914 100 0 0
SEP
CPU laptop 1745508594 2025/04/24 18:29:54 1 100 12 145 182 0 831 17 0 2 0 0 27938 100 0 0
SEP
CPU laptop 1745508595 2025/04/24 18:29:55 1 100 12 156 304 1 692 22 0 1 0 0 40111 100 0 0
SEP
CPU laptop 1745508596 2025/04/24 18:29:56 1 100 12 165 188 1 799 26 0 2 0 0 31076 100 0 0
SEP
CPU laptop 1745508597 2025/04/24 18:29:57 1 100 12 154 234 1 776 16 0 2 0 0 47900 100 0 0
SEP
CPU laptop 1745508598 2025/04/24 18:29:58 1 100 12 153 221 2 779 25 0 0 0 0 29880 100 0 0
SEP
CPU laptop 1745508599 2025/04/24 18:29:59 1 100 12 160 200 1 794 23 0 2 0 0 29685 100 0 0
SEP
CPU laptop 1745508600 2025/04/24 18:30:00 1 100 12 145 259 1 758 17 0 2 0 0 47896 100 0 0
SEP
CPU laptop 1745508601 2025/04/24 18:30:01 1 100 12 149 192 1 808 23 0 1 0 0 23147 100 0 0
SEP
CPU laptop 1745508602 2025/04/24 18:30:02 1 100 12 172 200 1 779 26 0 1 0 0 30154 100 0 0
SEP
CPU laptop 1745508603 2025/04/24 18:30:03 1 100 12 156 198 1 809 17 0 3 0 0 25399 100 0 0
SEP
CPU laptop 1745508604 2025/04/24 18:30:04 1 100 12 147 288 1 726 18 0 0 0 0 29010 100 0 0
SEP
CPU laptop 1745508605 2025/04/24 18:30:05 1 100 12 164 193 1 792 27 0 1 0 0 34579 100 0 0
SEP
CPU laptop 1745508606 2025/04/24 18:30:06 1 100 12 147 189 1 821 20 0 2 0 0 22125 100 0 0
SEP
CPU laptop 1745508607 2025/04/24 18:30:07 1 100 12 142 325 1 692 19 0 1 0 0 24941 100 0 0
SEP
CPU laptop 1745508608 2025/04/24 18:30:08 1 100 12 156 190 2 800 27 0 1 0 0 43444 100 0 0
SEP
CPU laptop 1745508609 2025/04/24 18:30:09 1 100 12 166 204 0 782 23 0 2 0 0 31577 100 0 0
SEP
CPU laptop 1745508610 2025/04/24 18:30:10 1 100 12 157 299 1 709 15 0 2 0 0 41140 100 0 0
SEP
CPU laptop 1745508611 2025/04/24 18:30:11 1 100 12 156 192 1 805 26 0 1 0 0 27288 100 0 0
SEP
CPU laptop 1745508612 2025/04/24 18:30:12 1 100 12 160 192 2 801 22 0 2 0 0 29701 100 0 0
SEP
CPU laptop 1745508613 2025/04/24 18:30:13 1 100 12 144 269 0 754 17 0 1 0 0 31238 100 0 0
SEP
CPU laptop 1745508614 2025/04/24 18:30:14 1 100 12 152 190 1 810 28 0 1 0 0 29061 100 0 0
SEP
CPU laptop 1745508615 2025/04/24 18:30:15 1 100 12 165 193 1 799 20 0 0 0 0 40364 100 0 0
SEP
CPU laptop 1745508616 2025/04/24 18:30:16 1 100 12 146 250 1 766 17 0 1 0 0 47814 100 0 0
SEP
CPU laptop 1745508617 2025/04/24 18:30:17 1 100 12 155 228 1 772 24 0 1 0 0 28269 100 0 0
SEP
CPU laptop 1745508618 2025/04/24 18:30:18 1 100 12 158 194 1 797 27 0 2 0 0 39642 100 0 0
SEP
CPU laptop 1745508619 2025/04/24 18:30:19 1 100 12 150 212 1 796 18 0 2 0 0 47900 100 0 0
SEP
CPU laptop 1745508620 2025/04/24 18:30:20 1 100 12 152 263 2 744 21 0 1 0 0 23849 100 0 0
SEP
CPU laptop 1745508621 2025/04/24 18:30:21 1 100 12 156 192 1 800 29 0 2 0 0 46307 100 0 0
SEP
CPU laptop 1745508622 2025/04/24 18:30:22 1 100 12 157 192 1 815 18 0 2 0 0 24080 100 0 0
SEP
CPU laptop 1745508623 2025/04/24 18:30:23 1 100 12 153 270 0 733 22 0 2 0 0 34525 100 0 0
SEP
CPU laptop 1745508624 2025/04/24 18:30:24 1 100 12 160 237 2 753 26 0 0 0 0 32980 100 0 0
SEP
CPU laptop 1745508625 2025/04/24 18:30:25 1 100 12 156 185 0 819 18 0 2 0 0 25953 100 0 0
SEP
CPU laptop 1745508626 2025/04/24 18:30:26 1 100 12 147 265 1 741 23 0 1 0 0 32401 100 0 0
SEP
CPU laptop 1745508627 2025/04/24 18:30:27 1 100 12 162 198 1 790 28 0 1 0 0 40045 100 0 0
SEP
CPU laptop 1745508628 2025/04/24 18:30:28 1 100 12 148 242 1 772 19 0 2 0 0 47820 100 0 0
SEP
CPU laptop 1745508629 2025/04/24 18:30:29 1 100 12 150 210 0 794 23 0 1 0 0 23618 100 0 0
SEP
CPU laptop 1745508630 2025/04/24 18:30:30 1 100 12 166 202 2 783 24 0 2 0 0 38519 100 0 0
SEP
CPU laptop 1745508631 2025/04/24 18:30:31 1 100 12 149 239 0 778 17 0 1 0 0 45802 100 0 0
SEP
CPU laptop 1745508632 2025/04/24 18:30:32 1 100 12 157 223 1 779 23 0 1 0 0 25994 100 0 0
SEP
CPU laptop 1745508633 2025/04/24 18:30:33 1 100 12 175 196 1 782 25 0 1 0 0 27685 100 0 0
SEP
CPU laptop 1745508634 2025/04/24 18:30:34 1 100 12 183 227 1 751 17 0 2 0 0 34255 100 0 0
SEP
CPU laptop 1745508635 2025/04/24 18:30:35 1 100 12 176 364 1 622 19 0 1 0 0 35828 100 0 0
SEP
CPU laptop 1745508636 2025/04/24 18:30:36 1 100 12 185 277 1 690 26 0 1 0 0 47814 100 0 0
SEP
CPU laptop 1745508637 2025/04/24 18:30:37 1 100 12 191 233 1 735 21 0 2 0 0 31958 100 0 0
SEP
CPU laptop 1745508638 2025/04/24 18:30:38 1 100 12 171 216 1 745 45 0 1 0 0 26766 100 0 0
SEP
CPU laptop 1745508639 2025/04/24 18:30:39 1 100 12 145 272 1 745 19 0 2 0 0 26016 100 0 0
SEP
CPU laptop 1745508640 2025/04/24 18:30:40 1 100 12 162 199 1 790 25 0 1 0 0 27665 100 0 0
SEP
CPU laptop 1745508641 2025/04/24 18:30:41 1 100 12 146 193 1 819 20 0 0 0 0 25557 100 0 0
SEP
CPU laptop 1745508642 2025/04/24 18:30:42 1 100 12 153 277 1 734 17 0 1 0 0 36299 100 0 0
SEP
CPU laptop 1745508643 2025/04/24 18:30:43 1 100 12 159 227 1 766 25 0 2 0 0 28973 100 0 0
SEP
CPU laptop 1745508644 2025/04/24 18:30:44 1 100 12 165 204 1 787 23 0 1 0 0 35182 100 0 0
SEP
CPU laptop 1745508645 2025/04/24 18:30:45 1 100 12 142 257 1 769 16 0 1 0 0 46452 100 0 0
SEP
CPU laptop 1745508646 2025/04/24 18:30:46 1 100 12 158 249 1 748 21 0 1 0 0 24524 100 0 0
SEP
CPU laptop 1745508647 2025/04/24 18:30:47 1 100 12 160 199 1 794 25 0 2 0 0 35377 100 0 0
SEP
CPU laptop 1745508648 2025/04/24 18:30:48 1 100 12 148 192 1 820 18 0 2 0 0 23578 100 0 0
SEP
CPU laptop 1745508649 2025/04/24 18:30:49 1 100 12 148 282 1 728 21 0 0 0 0 27160 100 0 0
SEP
CPU laptop 1745508650 2025/04/24 18:30:50 1 100 12 174 197 1 778 30 0 2 0 0 26026 100 0 0
SEP
CPU laptop 1745508651 2025/04/24 18:30:51 1 100 12 108 156 1 911 9 0 1 0 0 21916 100 0 0
SEP
CPU laptop 1745508652 2025/04/24 18:30:52 1 100 12 97 44 0 1056 0 0 0 0 0 23920 100 0 0
SEP
CPU laptop 1745508653 2025/04/24 18:30:53 1 100 12 116 46 0 1034 0 0 0 0 0 22865 100 0 0
SEP
CPU laptop 1745508654 2025/04/24 18:30:54 1 100 12 119 44 0 1033 0 0 0 0 0 22582 100 0 0
SEP
CPU laptop 1745508655 2025/04/24 18:30:55 1 100 12 128 49 0 1022 0 0 0 0 0 21560 100 0 0
SEP
CPU laptop 1745508656 2025/04/24 18:30:56 1 100 12 113 45 0 1037 3 0 0 0 0 20862 100 0 0
SEP
CPU laptop 1745508657 2025/04/24 18:30:57 1 100 12 116 45 0 1035 0 0 0 0 0 21556 100 0 0
SEP
CPU laptop 1745508658 2025/04/24 18:30:58 1 100 12 113 47 0 1039 0 0 1 0 0 21882 100 0 0
SEP
CPU laptop 1745508659 2025/04/24 18:30:59 1 100 12 109 47 0 1041 0 0 0 0 0 21162 100 0 0
SEP
CPU laptop 1745508660 2025/04/24 18:31:00 1 100 12 113 50 0 1035 0 0 0 0 0 21047 100 0 0
SEP
