1001 
954 
979 
967 
909 
1012 
862 
779 
749 
755 
835 
737 
771 
852 
797 
768 
733 
779 
743 
707 
736 
795 
740 
733 
708 
764 
739 
737 
741 
747 
714 
738 
769 
764 
771 
749 
785 
767 
797 
747 
766 
729 
800 
740 
759 
742 
770 
750 
715 
745 
734 
768 
784 
735 
798 
761 
747 
745 
760 
789 
735 
767 
726 
709 
755 
764 
765 
711 
750 
726 
740 
752 
729 
741 
780 
790 
774 
779 
827 
744 
731 
742 
876 
805 
747 
791 
773 
759 
733 
809 
738 
805 
766 
727 
771 
750 
783 
762 
760 
798 
