               total        used        free      shared  buff/cache   available
Mem:           14514        3854        1176         180        9483       10141
Swap:           2147           3        2144
Total:         16662        3858        3320

               total        used        free      shared  buff/cache   available
Mem:           14514        3853        1177         180        9483       10142
Swap:           2147           3        2144
Total:         16662        3857        3321

               total        used        free      shared  buff/cache   available
Mem:           14514        3853        1177         180        9483       10142
Swap:           2147           3        2144
Total:         16662        3857        3321

               total        used        free      shared  buff/cache   available
Mem:           14514        3853        1177         180        9483       10142
Swap:           2147           3        2144
Total:         16662        3856        3322

               total        used        free      shared  buff/cache   available
Mem:           14514        3854        1178         178        9481       10143
Swap:           2147           3        2144
Total:         16662        3858        3322

               total        used        free      shared  buff/cache   available
Mem:           14514        3855        1178         177        9480       10143
Swap:           2147           3        2144
Total:         16662        3859        3322

               total        used        free      shared  buff/cache   available
Mem:           14514        3850        1184         177        9480       10149
Swap:           2147           3        2144
Total:         16662        3853        3328

               total        used        free      shared  buff/cache   available
Mem:           14514        3848        1185         177        9480       10150
Swap:           2147           3        2144
Total:         16662        3852        3329

               total        used        free      shared  buff/cache   available
Mem:           14514        3848        1186         177        9480       10150
Swap:           2147           3        2144
Total:         16662        3851        3330

               total        used        free      shared  buff/cache   available
Mem:           14514        3847        1186         177        9480       10151
Swap:           2147           3        2144
Total:         16662        3851        3330

               total        used        free      shared  buff/cache   available
Mem:           14514        3847        1186         177        9480       10151
Swap:           2147           3        2144
Total:         16662        3851        3330

               total        used        free      shared  buff/cache   available
Mem:           14514        3941        1092         177        9480       10057
Swap:           2147           3        2144
Total:         16662        3945        3236

               total        used        free      shared  buff/cache   available
Mem:           14514        3953        1076         180        9483       10042
Swap:           2147           3        2144
Total:         16662        3957        3220

               total        used        free      shared  buff/cache   available
Mem:           14514        3962        1067         180        9484       10032
Swap:           2147           3        2144
Total:         16662        3966        3211

               total        used        free      shared  buff/cache   available
Mem:           14514        3967        1061         186        9486       10023
Swap:           2147           3        2144
Total:         16662        3970        3205

               total        used        free      shared  buff/cache   available
Mem:           14514        3962        1065         186        9486       10028
Swap:           2147           3        2144
Total:         16662        3965        3209

               total        used        free      shared  buff/cache   available
Mem:           14514        4147         867         198        9498        9830
Swap:           2147           3        2144
Total:         16662        4151        3011

               total        used        free      shared  buff/cache   available
Mem:           14514        4223         798         191        9492        9761
Swap:           2147           3        2144
Total:         16662        4226        2942

               total        used        free      shared  buff/cache   available
Mem:           14514        4234         785         191        9494        9749
Swap:           2147           3        2144
Total:         16662        4238        2929

               total        used        free      shared  buff/cache   available
Mem:           14514        4191         816         191        9506        9793
Swap:           2147           3        2144
Total:         16662        4195        2960

               total        used        free      shared  buff/cache   available
Mem:           14514        4175         845         191        9493        9809
Swap:           2147           3        2144
Total:         16662        4178        2989

               total        used        free      shared  buff/cache   available
Mem:           14514        4214         806         191        9494        9770
Swap:           2147           3        2144
Total:         16662        4217        2950

               total        used        free      shared  buff/cache   available
Mem:           14514        4211         807         191        9495        9772
Swap:           2147           3        2144
Total:         16662        4215        2951

               total        used        free      shared  buff/cache   available
Mem:           14514        4191         828         191        9494        9793
Swap:           2147           3        2144
Total:         16662        4194        2972

               total        used        free      shared  buff/cache   available
Mem:           14514        4187         831         191        9494        9796
Swap:           2147           3        2144
Total:         16662        4191        2975

               total        used        free      shared  buff/cache   available
Mem:           14514        4195         822         191        9495        9788
Swap:           2147           3        2144
Total:         16662        4199        2967

               total        used        free      shared  buff/cache   available
Mem:           14514        4218         796         195        9499        9763
Swap:           2147           3        2144
Total:         16662        4222        2940

               total        used        free      shared  buff/cache   available
Mem:           14514        4234         781         195        9499        9747
Swap:           2147           3        2144
Total:         16662        4237        2925

               total        used        free      shared  buff/cache   available
Mem:           14514        4231         786         191        9496        9752
Swap:           2147           3        2144
Total:         16662        4235        2930

               total        used        free      shared  buff/cache   available
Mem:           14514        4214         803         191        9496        9770
Swap:           2147           3        2144
Total:         16662        4218        2947

               total        used        free      shared  buff/cache   available
Mem:           14514        4203         813         191        9497        9780
Swap:           2147           3        2144
Total:         16662        4207        2957

               total        used        free      shared  buff/cache   available
Mem:           14514        4220         796         191        9497        9764
Swap:           2147           3        2144
Total:         16662        4224        2940

               total        used        free      shared  buff/cache   available
Mem:           14514        4166         851         191        9497        9818
Swap:           2147           3        2144
Total:         16662        4169        2995

               total        used        free      shared  buff/cache   available
Mem:           14514        4186         829         191        9497        9797
Swap:           2147           3        2144
Total:         16662        4190        2974

               total        used        free      shared  buff/cache   available
Mem:           14514        4167         847         191        9498        9816
Swap:           2147           3        2144
Total:         16662        4171        2992

               total        used        free      shared  buff/cache   available
Mem:           14514        4130         886         191        9498        9854
Swap:           2147           3        2144
Total:         16662        4133        3030

               total        used        free      shared  buff/cache   available
Mem:           14514        4169         846         191        9498        9815
Swap:           2147           3        2144
Total:         16662        4172        2990

               total        used        free      shared  buff/cache   available
Mem:           14514        4194         820         191        9500        9790
Swap:           2147           3        2144
Total:         16662        4197        2964

               total        used        free      shared  buff/cache   available
Mem:           14514        4191         823         191        9499        9793
Swap:           2147           3        2144
Total:         16662        4195        2967

               total        used        free      shared  buff/cache   available
Mem:           14514        4192         822         191        9499        9792
Swap:           2147           3        2144
Total:         16662        4195        2966

               total        used        free      shared  buff/cache   available
Mem:           14514        4183         830         191        9500        9800
Swap:           2147           3        2144
Total:         16662        4187        2974

               total        used        free      shared  buff/cache   available
Mem:           14514        4167         846         191        9501        9817
Swap:           2147           3        2144
Total:         16662        4170        2990

               total        used        free      shared  buff/cache   available
Mem:           14514        4168         845         191        9500        9816
Swap:           2147           3        2144
Total:         16662        4171        2989

               total        used        free      shared  buff/cache   available
Mem:           14514        4169         843         191        9501        9814
Swap:           2147           3        2144
Total:         16662        4173        2987

               total        used        free      shared  buff/cache   available
Mem:           14514        4161         847         195        9505        9819
Swap:           2147           3        2144
Total:         16662        4165        2991

               total        used        free      shared  buff/cache   available
Mem:           14514        4151         858         195        9504        9830
Swap:           2147           3        2144
Total:         16662        4154        3002

               total        used        free      shared  buff/cache   available
Mem:           14514        4120         889         195        9505        9861
Swap:           2147           3        2144
Total:         16662        4123        3033

               total        used        free      shared  buff/cache   available
Mem:           14514        4112         898         192        9503        9871
Swap:           2147           3        2144
Total:         16662        4116        3042

               total        used        free      shared  buff/cache   available
Mem:           14514        4103         908         191        9502        9880
Swap:           2147           3        2144
Total:         16662        4107        3052

               total        used        free      shared  buff/cache   available
Mem:           14514        4104         907         192        9502        9880
Swap:           2147           3        2144
Total:         16662        4107        3051

               total        used        free      shared  buff/cache   available
Mem:           14514        4105         905         191        9504        9879
Swap:           2147           3        2144
Total:         16662        4108        3049

               total        used        free      shared  buff/cache   available
Mem:           14514        4104         906         191        9503        9880
Swap:           2147           3        2144
Total:         16662        4107        3050

               total        used        free      shared  buff/cache   available
Mem:           14514        4126         884         191        9503        9858
Swap:           2147           3        2144
Total:         16662        4129        3028

               total        used        free      shared  buff/cache   available
Mem:           14514        4161         848         192        9504        9823
Swap:           2147           3        2144
Total:         16662        4164        2992

               total        used        free      shared  buff/cache   available
Mem:           14514        4124         886         191        9504        9860
Swap:           2147           3        2144
Total:         16662        4127        3030

               total        used        free      shared  buff/cache   available
Mem:           14514        4147         862         191        9504        9836
Swap:           2147           3        2144
Total:         16662        4151        3006

               total        used        free      shared  buff/cache   available
Mem:           14514        4166         842         192        9505        9817
Swap:           2147           3        2144
Total:         16662        4170        2986

               total        used        free      shared  buff/cache   available
Mem:           14514        4127         882         192        9505        9857
Swap:           2147           3        2144
Total:         16662        4130        3026

               total        used        free      shared  buff/cache   available
Mem:           14514        4153         855         192        9505        9831
Swap:           2147           3        2144
Total:         16662        4156        2999

               total        used        free      shared  buff/cache   available
Mem:           14514        4165         842         192        9506        9819
Swap:           2147           3        2144
Total:         16662        4168        2986

               total        used        free      shared  buff/cache   available
Mem:           14514        4154         853         192        9506        9829
Swap:           2147           3        2144
Total:         16662        4158        2997

               total        used        free      shared  buff/cache   available
Mem:           14514        4149         859         192        9506        9835
Swap:           2147           3        2144
Total:         16662        4152        3003

               total        used        free      shared  buff/cache   available
Mem:           14514        4150         856         192        9507        9833
Swap:           2147           3        2144
Total:         16662        4154        3000

               total        used        free      shared  buff/cache   available
Mem:           14514        4112         895         192        9506        9871
Swap:           2147           3        2144
Total:         16662        4116        3039

               total        used        free      shared  buff/cache   available
Mem:           14514        4133         874         192        9507        9851
Swap:           2147           3        2144
Total:         16662        4136        3018

               total        used        free      shared  buff/cache   available
Mem:           14514        4171         834         192        9508        9812
Swap:           2147           3        2144
Total:         16662        4175        2978

               total        used        free      shared  buff/cache   available
Mem:           14514        4141         865         192        9507        9842
Swap:           2147           3        2144
Total:         16662        4145        3009

               total        used        free      shared  buff/cache   available
Mem:           14514        4135         871         192        9508        9849
Swap:           2147           3        2144
Total:         16662        4138        3015

               total        used        free      shared  buff/cache   available
Mem:           14514        4133         872         192        9509        9851
Swap:           2147           3        2144
Total:         16662        4136        3016

               total        used        free      shared  buff/cache   available
Mem:           14514        4101         905         192        9508        9883
Swap:           2147           3        2144
Total:         16662        4104        3049

               total        used        free      shared  buff/cache   available
Mem:           14514        4103         902         192        9508        9880
Swap:           2147           3        2144
Total:         16662        4107        3046

               total        used        free      shared  buff/cache   available
Mem:           14514        4118         890         192        9506        9866
Swap:           2147           3        2144
Total:         16662        4121        3034

               total        used        free      shared  buff/cache   available
Mem:           14514        4208         799         192        9506        9776
Swap:           2147           3        2144
Total:         16662        4211        2943

               total        used        free      shared  buff/cache   available
Mem:           14514        4147         861         192        9505        9837
Swap:           2147           3        2144
Total:         16662        4150        3005

               total        used        free      shared  buff/cache   available
Mem:           14514        4267         737         195        9509        9714
Swap:           2147           3        2144
Total:         16662        4270        2881

               total        used        free      shared  buff/cache   available
Mem:           14514        4223         780         195        9510        9757
Swap:           2147           3        2144
Total:         16662        4227        2924

               total        used        free      shared  buff/cache   available
Mem:           14514        4182         825         192        9507        9801
Swap:           2147           3        2144
Total:         16662        4185        2969

               total        used        free      shared  buff/cache   available
Mem:           14514        4184         825         189        9504        9802
Swap:           2147           3        2144
Total:         16662        4188        2969

               total        used        free      shared  buff/cache   available
Mem:           14514        4172         837         189        9504        9814
Swap:           2147           3        2144
Total:         16662        4176        2981

               total        used        free      shared  buff/cache   available
Mem:           14514        4135         873         189        9505        9851
Swap:           2147           3        2144
Total:         16662        4138        3018

               total        used        free      shared  buff/cache   available
Mem:           14514        4142         866         189        9504        9844
Swap:           2147           3        2144
Total:         16662        4146        3010

               total        used        free      shared  buff/cache   available
Mem:           14514        4146         863         189        9505        9841
Swap:           2147           3        2144
Total:         16662        4149        3007

               total        used        free      shared  buff/cache   available
Mem:           14514        4171         836         189        9506        9815
Swap:           2147           3        2144
Total:         16662        4175        2980

               total        used        free      shared  buff/cache   available
Mem:           14514        4145         863         189        9505        9841
Swap:           2147           3        2144
Total:         16662        4148        3007

               total        used        free      shared  buff/cache   available
Mem:           14514        4152         856         189        9506        9834
Swap:           2147           3        2144
Total:         16662        4155        3000

               total        used        free      shared  buff/cache   available
Mem:           14514        4154         853         189        9506        9832
Swap:           2147           3        2144
Total:         16662        4157        2997

               total        used        free      shared  buff/cache   available
Mem:           14514        4177         826         192        9510        9806
Swap:           2147           3        2144
Total:         16662        4181        2970

               total        used        free      shared  buff/cache   available
Mem:           14514        4151         853         192        9510        9832
Swap:           2147           3        2144
Total:         16662        4154        2997

               total        used        free      shared  buff/cache   available
Mem:           14514        4134         872         189        9506        9852
Swap:           2147           3        2144
Total:         16662        4138        3017

               total        used        free      shared  buff/cache   available
Mem:           14514        4124         883         189        9506        9863
Swap:           2147           3        2144
Total:         16662        4127        3027

               total        used        free      shared  buff/cache   available
Mem:           14514        4120         887         189        9506        9866
Swap:           2147           3        2144
Total:         16662        4123        3031

               total        used        free      shared  buff/cache   available
Mem:           14514        4111         896         189        9506        9875
Swap:           2147           3        2144
Total:         16662        4114        3040

               total        used        free      shared  buff/cache   available
Mem:           14514        4055         952         189        9506        9931
Swap:           2147           3        2144
Total:         16662        4058        3096

               total        used        free      shared  buff/cache   available
Mem:           14514        4051         955         189        9506        9935
Swap:           2147           3        2144
Total:         16662        4055        3100

               total        used        free      shared  buff/cache   available
Mem:           14514        4048         958         189        9506        9938
Swap:           2147           3        2144
Total:         16662        4052        3102

               total        used        free      shared  buff/cache   available
Mem:           14514        4045         962         189        9506        9941
Swap:           2147           3        2144
Total:         16662        4048        3106

               total        used        free      shared  buff/cache   available
Mem:           14514        4041         965         189        9506        9945
Swap:           2147           3        2144
Total:         16662        4045        3109

               total        used        free      shared  buff/cache   available
Mem:           14514        4038         969         189        9506        9948
Swap:           2147           3        2144
Total:         16662        4041        3113
