4902 
5117 
5133 
5168 
5263 
5157 
5175 
5212 
5269 
5126 
5226 
4916 
5102 
5330 
5192 
5260 
5189 
5305 
5111 
4845 
5178 
5180 
5158 
5254 
5130 
5109 
5178 
5275 
5146 
5119 
5289 
5152 
5214 
5150 
5222 
5384 
5190 
5190 
5137 
5236 
5271 
5170 
5173 
5148 
5271 
5126 
5259 
5319 
5212 
5082 
5064 
5156 
5219 
5197 
5155 
5167 
5224 
5097 
5157 
5245 
5216 
5141 
5248 
5212 
5230 
5141 
5211 
5172 
5170 
5143 
5236 
5210 
5227 
5095 
5112 
5211 
5209 
5261 
5253 
5158 
5245 
5196 
5252 
5184 
5095 
5091 
5141 
4927 
5004 
5293 
5209 
5257 
5030 
5205 
5146 
5224 
4950 
5158 
5277 
5191 
5235 
5118 
5228 
5136 
5229 
5131 
5199 
5151 
5145 
5218 
5211 
5068 
5244 
5227 
5277 
5108 
5060 
5137 
5248 
5172 
5163 
5303 
5049 
5193 
5232 
5384 
5258 
5289 
5176 
5225 
5105 
5222 
5192 
5219 
5229 
4882 
5231 
5150 
5239 
5196 
5277 
5277 
5128 
4815 
5066 
5318 
5248 
5240 
5151 
5260 
5110 
5146 
5369 
5179 
5134 
5175 
5259 
5162 
4859 
5215 
5265 
5160 
5125 
5174 
5191 
5200 
5151 
5146 
5197 
5124 
5116 
5189 
5221 
5283 
4990 
4980 
5201 
5227 
5219 
5117 
5054 
5166 
5266 
5176 
5129 
4956 
5105 
5281 
5131 
5171 
5090 
5164 
5146 
5127 
5147 
5156 
5205 
5085 
5144 
5315 
