RESET
CPU laptop 1745512092 2025/04/24 19:28:12 633662 100 12 2910205 5770362 69178 150379608 228096 0 74552 0 0 35894 100 0 0
SEP
CPU laptop 1745512093 2025/04/24 19:28:13 1 100 12 85 63 0 1044 1 0 0 0 0 22564 100 0 0
SEP
CPU laptop 1745512094 2025/04/24 19:28:14 1 100 12 105 66 0 1017 0 0 1 0 0 16772 100 0 0
SEP
CPU laptop 1745512095 2025/04/24 19:28:15 1 100 12 76 42 0 1077 1 0 1 0 0 18753 100 0 0
SEP
CPU laptop 1745512096 2025/04/24 19:28:16 1 100 12 75 36 0 1083 1 0 0 0 0 16794 100 0 0
SEP
CPU laptop 1745512097 2025/04/24 19:28:17 1 100 12 73 36 0 1089 0 0 0 0 0 17008 100 0 0
SEP
CPU laptop 1745512098 2025/04/24 19:28:18 1 100 12 72 38 0 1088 1 0 0 0 0 18472 100 0 0
SEP
CPU laptop 1745512099 2025/04/24 19:28:19 1 100 12 72 37 0 1087 1 0 0 0 0 16791 100 0 0
SEP
CPU laptop 1745512100 2025/04/24 19:28:20 1 100 12 76 39 0 1082 0 0 0 0 0 17812 100 0 0
SEP
CPU laptop 1745512101 2025/04/24 19:28:21 1 100 12 72 35 0 1088 2 0 0 0 0 17106 100 0 0
SEP
CPU laptop 1745512102 2025/04/24 19:28:22 1 100 12 73 37 0 1087 0 0 0 0 0 20708 100 0 0
SEP
CPU laptop 1745512103 2025/04/24 19:28:23 1 100 12 139 231 0 811 10 0 0 0 0 23108 100 0 0
SEP
CPU laptop 1745512104 2025/04/24 19:28:24 1 100 12 141 116 1 910 18 0 1 0 0 33993 100 0 0
SEP
CPU laptop 1745512105 2025/04/24 19:28:25 1 100 12 122 248 0 817 1 0 1 0 0 20484 100 0 0
SEP
CPU laptop 1745512106 2025/04/24 19:28:26 1 100 12 154 142 1 864 18 0 1 0 0 38532 100 0 0
SEP
CPU laptop 1745512107 2025/04/24 19:28:27 1 100 12 106 225 0 863 0 0 0 0 0 24640 100 0 0
SEP
CPU laptop 1745512108 2025/04/24 19:28:28 1 100 12 152 242 1 760 23 0 0 0 0 28430 100 0 0
SEP
CPU laptop 1745512109 2025/04/24 19:28:29 1 100 12 117 122 0 945 3 0 1 0 0 23408 100 0 0
SEP
CPU laptop 1745512110 2025/04/24 19:28:30 1 100 12 140 248 1 777 15 0 1 0 0 22724 100 0 0
SEP
CPU laptop 1745512111 2025/04/24 19:28:31 1 100 12 137 116 0 913 15 0 2 0 0 25653 100 0 0
SEP
CPU laptop 1745512112 2025/04/24 19:28:32 1 100 12 108 232 0 848 3 0 0 0 0 20821 100 0 0
SEP
CPU laptop 1745512113 2025/04/24 19:28:33 1 100 12 142 141 1 879 18 0 1 0 0 43378 100 0 0
SEP
CPU laptop 1745512114 2025/04/24 19:28:34 1 100 12 108 227 0 859 0 0 0 0 0 23744 100 0 0
SEP
CPU laptop 1745512115 2025/04/24 19:28:35 1 100 12 148 235 1 781 17 0 1 0 0 24510 100 0 0
SEP
CPU laptop 1745512116 2025/04/24 19:28:36 1 100 12 113 113 1 961 4 0 1 0 0 17641 100 0 0
SEP
CPU laptop 1745512117 2025/04/24 19:28:37 1 100 12 146 239 0 782 16 0 2 0 0 24134 100 0 0
SEP
CPU laptop 1745512118 2025/04/24 19:28:38 1 100 12 148 113 1 906 16 0 1 0 0 34108 100 0 0
SEP
CPU laptop 1745512119 2025/04/24 19:28:39 1 100 12 107 239 0 841 2 0 0 0 0 20548 100 0 0
SEP
CPU laptop 1745512120 2025/04/24 19:28:40 1 100 12 155 110 0 897 19 0 1 0 0 20775 100 0 0
SEP
CPU laptop 1745512121 2025/04/24 19:28:41 1 100 12 107 242 0 844 0 0 1 0 0 22683 100 0 0
SEP
CPU laptop 1745512122 2025/04/24 19:28:42 1 100 12 147 251 1 765 18 0 1 0 0 45142 100 0 0
SEP
CPU laptop 1745512123 2025/04/24 19:28:43 1 100 12 110 120 0 958 3 0 0 0 0 16687 100 0 0
SEP
CPU laptop 1745512124 2025/04/24 19:28:44 1 100 12 138 226 0 805 15 0 2 0 0 19689 100 0 0
SEP
CPU laptop 1745512125 2025/04/24 19:28:45 1 100 12 142 112 1 912 17 0 0 0 0 25808 100 0 0
SEP
CPU laptop 1745512126 2025/04/24 19:28:46 1 100 12 110 236 0 842 3 0 1 0 0 24332 100 0 0
SEP
CPU laptop 1745512127 2025/04/24 19:28:47 1 100 12 145 105 1 912 17 0 1 0 0 27846 100 0 0
SEP
CPU laptop 1745512128 2025/04/24 19:28:48 1 100 12 105 235 0 853 2 0 1 0 0 23473 100 0 0
SEP
CPU laptop 1745512129 2025/04/24 19:28:49 1 100 12 151 266 1 748 18 0 1 0 0 44045 100 0 0
SEP
CPU laptop 1745512130 2025/04/24 19:28:50 1 100 12 119 135 0 933 3 0 0 0 0 17968 100 0 0
SEP
CPU laptop 1745512131 2025/04/24 19:28:51 1 100 12 146 238 0 789 15 0 1 0 0 21517 100 0 0
SEP
CPU laptop 1745512132 2025/04/24 19:28:52 1 100 12 141 118 1 910 16 0 1 0 0 37812 100 0 0
SEP
CPU laptop 1745512133 2025/04/24 19:28:53 1 100 12 112 227 0 848 2 0 0 0 0 22385 100 0 0
SEP
CPU laptop 1745512134 2025/04/24 19:28:54 1 100 12 143 172 0 849 17 0 1 0 0 47904 100 0 0
SEP
CPU laptop 1745512135 2025/04/24 19:28:55 1 100 12 109 200 0 883 1 0 1 0 0 16767 100 0 0
SEP
CPU laptop 1745512136 2025/04/24 19:28:56 1 100 12 146 242 1 777 17 0 1 0 0 23260 100 0 0
SEP
CPU laptop 1745512137 2025/04/24 19:28:57 1 100 12 120 112 1 945 11 0 1 0 0 31931 100 0 0
SEP
CPU laptop 1745512138 2025/04/24 19:28:58 1 100 12 123 247 0 812 6 0 1 0 0 24386 100 0 0
SEP
CPU laptop 1745512139 2025/04/24 19:28:59 1 100 12 148 108 1 910 17 0 0 0 0 21927 100 0 0
SEP
CPU laptop 1745512140 2025/04/24 19:29:00 1 100 12 109 238 0 846 1 0 0 0 0 22560 100 0 0
SEP
CPU laptop 1745512141 2025/04/24 19:29:01 1 100 12 148 240 1 775 16 0 1 0 0 29952 100 0 0
SEP
CPU laptop 1745512142 2025/04/24 19:29:02 1 100 12 110 114 0 966 3 0 0 0 0 23432 100 0 0
SEP
CPU laptop 1745512143 2025/04/24 19:29:03 1 100 12 141 235 0 791 17 0 0 0 0 19686 100 0 0
SEP
CPU laptop 1745512144 2025/04/24 19:29:04 1 100 12 143 115 1 909 18 0 1 0 0 18874 100 0 0
SEP
CPU laptop 1745512145 2025/04/24 19:29:05 1 100 12 109 242 0 836 1 0 2 0 0 22557 100 0 0
SEP
CPU laptop 1745512146 2025/04/24 19:29:06 1 100 12 144 117 1 899 17 0 1 0 0 23286 100 0 0
SEP
CPU laptop 1745512147 2025/04/24 19:29:07 1 100 12 114 238 0 841 2 0 0 0 0 17470 100 0 0
SEP
CPU laptop 1745512148 2025/04/24 19:29:08 1 100 12 142 236 1 784 18 0 1 0 0 24527 100 0 0
SEP
CPU laptop 1745512149 2025/04/24 19:29:09 1 100 12 116 112 0 957 4 0 0 0 0 16765 100 0 0
SEP
CPU laptop 1745512150 2025/04/24 19:29:10 1 100 12 141 230 1 803 13 0 2 0 0 20122 100 0 0
SEP
CPU laptop 1745512151 2025/04/24 19:29:11 1 100 12 132 122 0 910 18 0 1 0 0 40077 100 0 0
SEP
CPU laptop 1745512152 2025/04/24 19:29:12 1 100 12 118 249 0 819 2 0 0 0 0 22815 100 0 0
SEP
CPU laptop 1745512153 2025/04/24 19:29:13 1 100 12 153 133 1 865 20 0 4 0 0 28798 100 0 0
SEP
CPU laptop 1745512154 2025/04/24 19:29:14 1 100 12 120 254 0 811 1 0 0 0 0 28527 100 0 0
SEP
CPU laptop 1745512155 2025/04/24 19:29:15 1 100 12 178 277 1 698 25 0 0 0 0 33351 100 0 0
SEP
CPU laptop 1745512156 2025/04/24 19:29:16 1 100 12 117 136 0 925 1 0 2 0 0 17076 100 0 0
SEP
CPU laptop 1745512157 2025/04/24 19:29:17 1 100 12 165 261 0 739 15 0 3 0 0 22726 100 0 0
SEP
CPU laptop 1745512158 2025/04/24 19:29:18 1 100 12 140 141 1 887 14 0 1 0 0 43146 100 0 0
SEP
CPU laptop 1745512159 2025/04/24 19:29:19 1 100 12 128 264 0 787 4 0 0 0 0 23869 100 0 0
SEP
CPU laptop 1745512160 2025/04/24 19:29:20 1 100 12 151 117 1 888 18 0 2 0 0 26747 100 0 0
SEP
CPU laptop 1745512161 2025/04/24 19:29:21 1 100 12 109 240 0 842 1 0 0 0 0 20450 100 0 0
SEP
CPU laptop 1745512162 2025/04/24 19:29:22 1 100 12 158 255 1 748 17 0 1 0 0 27342 100 0 0
SEP
CPU laptop 1745512163 2025/04/24 19:29:23 1 100 12 135 145 0 897 3 0 1 0 0 16875 100 0 0
SEP
CPU laptop 1745512164 2025/04/24 19:29:24 1 100 12 178 284 0 699 15 0 1 0 0 22762 100 0 0
SEP
CPU laptop 1745512165 2025/04/24 19:29:25 1 100 12 144 140 1 892 9 0 1 0 0 17220 100 0 0
SEP
CPU laptop 1745512166 2025/04/24 19:29:26 1 100 12 142 247 0 788 9 0 0 0 0 20919 100 0 0
SEP
CPU laptop 1745512167 2025/04/24 19:29:27 1 100 12 143 116 1 902 21 0 2 0 0 39728 100 0 0
SEP
CPU laptop 1745512168 2025/04/24 19:29:28 1 100 12 110 231 0 855 1 0 1 0 0 20463 100 0 0
SEP
CPU laptop 1745512169 2025/04/24 19:29:29 1 100 12 147 237 1 776 17 0 0 0 0 25092 100 0 0
SEP
CPU laptop 1745512170 2025/04/24 19:29:30 1 100 12 123 128 0 938 2 0 0 0 0 16763 100 0 0
SEP
CPU laptop 1745512171 2025/04/24 19:29:31 1 100 12 143 264 1 762 14 0 1 0 0 20375 100 0 0
SEP
CPU laptop 1745512172 2025/04/24 19:29:32 1 100 12 139 116 0 916 17 0 1 0 0 17762 100 0 0
SEP
CPU laptop 1745512173 2025/04/24 19:29:33 1 100 12 114 238 0 837 3 0 0 0 0 21466 100 0 0
SEP
CPU laptop 1745512174 2025/04/24 19:29:34 1 100 12 148 111 1 906 17 0 1 0 0 22188 100 0 0
SEP
CPU laptop 1745512175 2025/04/24 19:29:35 1 100 12 107 243 0 844 1 0 0 0 0 24622 100 0 0
SEP
CPU laptop 1745512176 2025/04/24 19:29:36 1 100 12 149 246 1 771 19 0 1 0 0 26540 100 0 0
SEP
CPU laptop 1745512177 2025/04/24 19:29:37 1 100 12 141 132 0 904 9 0 1 0 0 34578 100 0 0
SEP
CPU laptop 1745512178 2025/04/24 19:29:38 1 100 12 135 217 1 822 13 0 1 0 0 22390 100 0 0
SEP
CPU laptop 1745512179 2025/04/24 19:29:39 1 100 12 152 131 1 884 18 0 1 0 0 42682 100 0 0
SEP
CPU laptop 1745512180 2025/04/24 19:29:40 1 100 12 115 238 0 836 2 0 1 0 0 23752 100 0 0
SEP
CPU laptop 1745512181 2025/04/24 19:29:41 1 100 12 156 123 1 884 18 0 0 0 0 24560 100 0 0
SEP
CPU laptop 1745512182 2025/04/24 19:29:42 1 100 12 114 248 0 828 1 0 1 0 0 20474 100 0 0
SEP
CPU laptop 1745512183 2025/04/24 19:29:43 1 100 12 151 246 0 761 19 0 1 0 0 24903 100 0 0
SEP
CPU laptop 1745512184 2025/04/24 19:29:44 1 100 12 113 128 0 944 3 0 0 0 0 16629 100 0 0
SEP
CPU laptop 1745512185 2025/04/24 19:29:45 1 100 12 144 249 1 767 17 0 1 0 0 23550 100 0 0
SEP
CPU laptop 1745512186 2025/04/24 19:29:46 1 100 12 145 128 0 900 13 0 1 0 0 28257 100 0 0
SEP
CPU laptop 1745512187 2025/04/24 19:29:47 1 100 12 113 238 1 828 4 0 2 0 0 18030 100 0 0
SEP
CPU laptop 1745512188 2025/04/24 19:29:48 1 100 12 156 128 0 876 17 0 1 0 0 20371 100 0 0
SEP
CPU laptop 1745512189 2025/04/24 19:29:49 1 100 12 110 240 0 844 1 0 0 0 0 20809 100 0 0
SEP
CPU laptop 1745512190 2025/04/24 19:29:50 1 100 12 157 262 1 745 16 0 1 0 0 21133 100 0 0
SEP
CPU laptop 1745512191 2025/04/24 19:29:51 1 100 12 120 109 1 951 7 0 2 0 0 16945 100 0 0
SEP
CPU laptop 1745512192 2025/04/24 19:29:52 1 100 12 129 228 0 822 10 0 2 0 0 23723 100 0 0
SEP
CPU laptop 1745512193 2025/04/24 19:29:53 1 100 12 147 119 1 902 15 0 1 0 0 37166 100 0 0
SEP
CPU laptop 1745512194 2025/04/24 19:29:54 1 100 12 106 244 0 839 2 0 1 0 0 22727 100 0 0
SEP
CPU laptop 1745512195 2025/04/24 19:29:55 1 100 12 161 135 1 858 21 0 2 0 0 20431 100 0 0
SEP
CPU laptop 1745512196 2025/04/24 19:29:56 1 100 12 117 252 0 822 0 0 1 0 0 17219 100 0 0
SEP
CPU laptop 1745512197 2025/04/24 19:29:57 1 100 12 146 252 1 762 19 0 1 0 0 42036 100 0 0
SEP
CPU laptop 1745512198 2025/04/24 19:29:58 1 100 12 132 167 0 880 1 0 1 0 0 42803 100 0 0
SEP
CPU laptop 1745512199 2025/04/24 19:29:59 1 100 12 149 260 1 754 17 0 1 0 0 27171 100 0 0
SEP
CPU laptop 1745512200 2025/04/24 19:30:00 1 100 12 147 136 0 885 9 0 3 0 0 34049 100 0 0
SEP
CPU laptop 1745512201 2025/04/24 19:30:01 1 100 12 133 249 1 784 13 0 0 0 0 21489 100 0 0
SEP
CPU laptop 1745512202 2025/04/24 19:30:02 1 100 12 147 127 1 885 15 0 2 0 0 47794 100 0 0
SEP
CPU laptop 1745512203 2025/04/24 19:30:03 1 100 12 138 308 0 737 3 0 2 0 0 39024 100 0 0
SEP
CPU laptop 1745512204 2025/04/24 19:30:04 1 100 12 144 119 1 898 18 0 0 0 0 25590 100 0 0
SEP
CPU laptop 1745512205 2025/04/24 19:30:05 1 100 12 111 238 0 844 1 0 1 0 0 22786 100 0 0
SEP
CPU laptop 1745512206 2025/04/24 19:30:06 1 100 12 146 252 0 770 17 0 0 0 0 23930 100 0 0
SEP
CPU laptop 1745512207 2025/04/24 19:30:07 1 100 12 134 133 0 896 12 0 1 0 0 26149 100 0 0
SEP
CPU laptop 1745512208 2025/04/24 19:30:08 1 100 12 158 266 0 751 9 0 1 0 0 20133 100 0 0
SEP
CPU laptop 1745512209 2025/04/24 19:30:09 1 100 12 151 119 1 899 18 0 1 0 0 41919 100 0 0
SEP
CPU laptop 1745512210 2025/04/24 19:30:10 1 100 12 119 228 0 842 2 0 1 0 0 23422 100 0 0
SEP
CPU laptop 1745512211 2025/04/24 19:30:11 1 100 12 146 125 1 894 17 0 1 0 0 35352 100 0 0
SEP
CPU laptop 1745512212 2025/04/24 19:30:12 1 100 12 110 229 0 856 0 0 1 0 0 22453 100 0 0
SEP
CPU laptop 1745512213 2025/04/24 19:30:13 1 100 12 144 254 0 769 16 0 2 0 0 20047 100 0 0
SEP
CPU laptop 1745512214 2025/04/24 19:30:14 1 100 12 117 105 1 956 8 0 0 0 0 19490 100 0 0
SEP
CPU laptop 1745512215 2025/04/24 19:30:15 1 100 12 132 245 0 802 10 0 1 0 0 21546 100 0 0
SEP
CPU laptop 1745512216 2025/04/24 19:30:16 1 100 12 146 114 1 909 15 0 3 0 0 31419 100 0 0
SEP
CPU laptop 1745512217 2025/04/24 19:30:17 1 100 12 122 242 0 820 1 0 1 0 0 23764 100 0 0
SEP
CPU laptop 1745512218 2025/04/24 19:30:18 1 100 12 159 199 1 799 18 0 1 0 0 47814 100 0 0
SEP
CPU laptop 1745512219 2025/04/24 19:30:19 1 100 12 112 204 0 878 1 0 1 0 0 21433 100 0 0
SEP
CPU laptop 1745512220 2025/04/24 19:30:20 1 100 12 156 255 0 749 16 0 1 0 0 29164 100 0 0
SEP
CPU laptop 1745512221 2025/04/24 19:30:21 1 100 12 133 147 1 891 9 0 1 0 0 27876 100 0 0
SEP
CPU laptop 1745512222 2025/04/24 19:30:22 1 100 12 143 234 0 791 12 0 1 0 0 22375 100 0 0
SEP
CPU laptop 1745512223 2025/04/24 19:30:23 1 100 12 154 129 1 881 19 0 3 0 0 23450 100 0 0
SEP
CPU laptop 1745512224 2025/04/24 19:30:24 1 100 12 125 290 0 764 1 0 2 0 0 23354 100 0 0
SEP
CPU laptop 1745512225 2025/04/24 19:30:25 1 100 12 154 124 1 879 18 0 2 0 0 22024 100 0 0
SEP
CPU laptop 1745512226 2025/04/24 19:30:26 1 100 12 128 256 0 796 3 0 0 0 0 24216 100 0 0
SEP
CPU laptop 1745512227 2025/04/24 19:30:27 1 100 12 156 260 0 748 18 0 1 0 0 21933 100 0 0
SEP
CPU laptop 1745512228 2025/04/24 19:30:28 1 100 12 120 126 1 937 4 0 1 0 0 23457 100 0 0
SEP
CPU laptop 1745512229 2025/04/24 19:30:29 1 100 12 141 240 0 778 14 0 1 0 0 23458 100 0 0
SEP
CPU laptop 1745512230 2025/04/24 19:30:30 1 100 12 158 154 1 847 18 0 2 0 0 28809 100 0 0
SEP
CPU laptop 1745512231 2025/04/24 19:30:31 1 100 12 127 285 0 772 4 0 1 0 0 20439 100 0 0
SEP
CPU laptop 1745512232 2025/04/24 19:30:32 1 100 12 165 165 1 830 16 0 1 0 0 35672 100 0 0
SEP
CPU laptop 1745512233 2025/04/24 19:30:33 1 100 12 121 249 0 811 2 0 0 0 0 22679 100 0 0
SEP
CPU laptop 1745512234 2025/04/24 19:30:34 1 100 12 164 260 1 734 17 0 1 0 0 43466 100 0 0
SEP
CPU laptop 1745512235 2025/04/24 19:30:35 1 100 12 114 150 0 925 3 0 1 0 0 47876 100 0 0
SEP
CPU laptop 1745512236 2025/04/24 19:30:36 1 100 12 158 254 1 742 17 0 1 0 0 26859 100 0 0
SEP
CPU laptop 1745512237 2025/04/24 19:30:37 1 100 12 149 139 0 884 9 0 1 0 0 31715 100 0 0
SEP
CPU laptop 1745512238 2025/04/24 19:30:38 1 100 12 148 251 1 777 9 0 2 0 0 20996 100 0 0
SEP
CPU laptop 1745512239 2025/04/24 19:30:39 1 100 12 199 172 1 790 15 0 1 0 0 37200 100 0 0
SEP
CPU laptop 1745512240 2025/04/24 19:30:40 1 100 12 123 249 0 808 2 0 1 0 0 22380 100 0 0
SEP
CPU laptop 1745512241 2025/04/24 19:30:41 1 100 12 148 126 1 884 18 0 1 0 0 34550 100 0 0
SEP
CPU laptop 1745512242 2025/04/24 19:30:42 1 100 12 111 248 0 832 1 0 1 0 0 21267 100 0 0
SEP
CPU laptop 1745512243 2025/04/24 19:30:43 1 100 12 145 246 1 772 17 0 1 0 0 25820 100 0 0
SEP
CPU laptop 1745512244 2025/04/24 19:30:44 1 100 12 123 134 0 915 7 0 1 0 0 24395 100 0 0
SEP
CPU laptop 1745512245 2025/04/24 19:30:45 1 100 12 134 244 0 789 10 0 1 0 0 25738 100 0 0
SEP
CPU laptop 1745512246 2025/04/24 19:30:46 1 100 12 148 120 2 891 20 0 1 0 0 33777 100 0 0
SEP
CPU laptop 1745512247 2025/04/24 19:30:47 1 100 12 112 242 0 832 1 0 1 0 0 21976 100 0 0
SEP
CPU laptop 1745512248 2025/04/24 19:30:48 1 100 12 150 123 0 883 17 0 1 0 0 25311 100 0 0
SEP
CPU laptop 1745512249 2025/04/24 19:30:49 1 100 12 114 254 0 824 0 0 1 0 0 20505 100 0 0
SEP
CPU laptop 1745512250 2025/04/24 19:30:50 1 100 12 160 268 1 733 18 0 1 0 0 26706 100 0 0
SEP
CPU laptop 1745512251 2025/04/24 19:30:51 1 100 12 123 98 1 950 10 0 0 0 0 30864 100 0 0
SEP
CPU laptop 1745512252 2025/04/24 19:30:52 1 100 12 128 246 0 806 7 0 1 0 0 22177 100 0 0
SEP
CPU laptop 1745512253 2025/04/24 19:30:53 1 100 12 153 103 1 906 20 0 0 0 0 31692 100 0 0
SEP
CPU laptop 1745512254 2025/04/24 19:30:54 1 100 12 114 226 0 847 1 0 2 0 0 19729 100 0 0
SEP
CPU laptop 1745512255 2025/04/24 19:30:55 1 100 12 163 233 0 763 17 0 2 0 0 46898 100 0 0
SEP
CPU laptop 1745512256 2025/04/24 19:30:56 1 100 12 135 165 0 884 0 0 3 0 0 17199 100 0 0
SEP
CPU laptop 1745512257 2025/04/24 19:30:57 1 100 12 173 290 1 689 18 0 1 0 0 20168 100 0 0
SEP
CPU laptop 1745512258 2025/04/24 19:30:58 1 100 12 138 115 0 916 8 0 1 0 0 37475 100 0 0
SEP
CPU laptop 1745512259 2025/04/24 19:30:59 1 100 12 153 256 1 764 10 0 1 0 0 22781 100 0 0
SEP
CPU laptop 1745512260 2025/04/24 19:31:00 1 100 12 156 179 0 830 17 0 0 0 0 27525 100 0 0
SEP
CPU laptop 1745512261 2025/04/24 19:31:01 1 100 12 120 238 0 830 2 0 5 0 0 23301 100 0 0
SEP
CPU laptop 1745512262 2025/04/24 19:31:02 1 100 12 158 243 1 758 16 0 2 0 0 47892 100 0 0
SEP
CPU laptop 1745512263 2025/04/24 19:31:03 1 100 12 118 129 0 940 1 0 1 0 0 18724 100 0 0
SEP
CPU laptop 1745512264 2025/04/24 19:31:04 1 100 12 147 248 1 770 16 0 1 0 0 24145 100 0 0
SEP
CPU laptop 1745512265 2025/04/24 19:31:05 1 100 12 137 112 1 910 23 0 2 0 0 24861 100 0 0
SEP
CPU laptop 1745512266 2025/04/24 19:31:06 1 100 12 119 231 0 834 6 0 0 0 0 20281 100 0 0
SEP
CPU laptop 1745512267 2025/04/24 19:31:07 1 100 12 150 102 1 907 20 0 1 0 0 21404 100 0 0
SEP
CPU laptop 1745512268 2025/04/24 19:31:08 1 100 12 109 230 0 856 0 0 1 0 0 24203 100 0 0
SEP
CPU laptop 1745512269 2025/04/24 19:31:09 1 100 12 159 264 0 733 27 0 0 0 0 38765 100 0 0
SEP
CPU laptop 1745512270 2025/04/24 19:31:10 1 100 12 116 96 0 976 2 0 0 0 0 29019 100 0 0
SEP
CPU laptop 1745512271 2025/04/24 19:31:11 1 100 12 142 229 1 795 14 0 2 0 0 20772 100 0 0
SEP
CPU laptop 1745512272 2025/04/24 19:31:12 1 100 12 146 102 0 919 16 0 1 0 0 26166 100 0 0
SEP
CPU laptop 1745512273 2025/04/24 19:31:13 1 100 12 111 220 1 857 3 0 1 0 0 21486 100 0 0
SEP
CPU laptop 1745512274 2025/04/24 19:31:14 1 100 12 149 96 0 920 17 0 1 0 0 20597 100 0 0
SEP
CPU laptop 1745512275 2025/04/24 19:31:15 1 100 12 101 228 0 866 1 0 0 0 0 21772 100 0 0
SEP
CPU laptop 1745512276 2025/04/24 19:31:16 1 100 12 143 232 1 786 20 0 1 0 0 22565 100 0 0
SEP
CPU laptop 1745512277 2025/04/24 19:31:17 1 100 12 117 85 0 981 8 0 0 0 0 21718 100 0 0
SEP
CPU laptop 1745512278 2025/04/24 19:31:18 1 100 12 74 17 0 1105 1 0 0 0 0 17570 100 0 0
SEP
CPU laptop 1745512279 2025/04/24 19:31:19 1 100 12 73 17 0 1108 1 0 0 0 0 17497 100 0 0
SEP
CPU laptop 1745512280 2025/04/24 19:31:20 1 100 12 75 30 0 1089 2 0 1 0 0 17972 100 0 0
SEP
CPU laptop 1745512281 2025/04/24 19:31:21 1 100 12 81 22 0 1095 1 0 0 0 0 18197 100 0 0
SEP
CPU laptop 1745512282 2025/04/24 19:31:22 1 100 12 70 17 0 1111 0 0 0 0 0 18100 100 0 0
SEP
CPU laptop 1745512283 2025/04/24 19:31:23 1 100 12 68 17 0 1112 1 0 0 0 0 17497 100 0 0
SEP
CPU laptop 1745512284 2025/04/24 19:31:24 1 100 12 72 16 0 1110 1 0 0 0 0 16976 100 0 0
SEP
CPU laptop 1745512285 2025/04/24 19:31:25 1 100 12 71 15 0 1111 1 0 0 0 0 17522 100 0 0
SEP
CPU laptop 1745512286 2025/04/24 19:31:26 1 100 12 70 18 0 1109 1 0 0 0 0 18629 100 0 0
SEP
