957 
913 
939 
944 
977 
918 
928 
984 
930 
962 
995 
904 
904 
993 
954 
982 
945 
997 
936 
958 
972 
866 
951 
934 
941 
948 
939 
925 
916 
941 
961 
903 
981 
969 
1030 
957 
948 
1019 
1007 
974 
979 
984 
992 
940 
968 
925 
952 
961 
1021 
947 
946 
991 
962 
983 
970 
1102 
1041 
1093 
1069 
1023 
1054 
1036 
1040 
929 
981 
932 
878 
1035 
984 
983 
941 
914 
937 
954 
954 
994 
1005 
938 
984 
961 
970 
969 
1028 
952 
937 
1004 
968 
960 
1029 
1058 
1032 
989 
1023 
977 
1002 
1033 
987 
994 
1028 
1028 
