               total        used        free      shared  buff/cache   available
Mem:           14514        4515         637         166        9361        9494
Swap:           2147           3        2144
Total:         16662        4519        2781

               total        used        free      shared  buff/cache   available
Mem:           14514        4505         647         166        9361        9505
Swap:           2147           3        2144
Total:         16662        4508        2791

               total        used        free      shared  buff/cache   available
Mem:           14514        4498         654         166        9361        9512
Swap:           2147           3        2144
Total:         16662        4501        2798

               total        used        free      shared  buff/cache   available
Mem:           14514        4502         652         164        9359        9510
Swap:           2147           3        2144
Total:         16662        4505        2796

               total        used        free      shared  buff/cache   available
Mem:           14514        4502         652         164        9359        9509
Swap:           2147           3        2144
Total:         16662        4506        2796

               total        used        free      shared  buff/cache   available
Mem:           14514        4502         652         164        9359        9510
Swap:           2147           3        2144
Total:         16662        4505        2797

               total        used        free      shared  buff/cache   available
Mem:           14514        4501         653         164        9359        9511
Swap:           2147           3        2144
Total:         16662        4504        2797

               total        used        free      shared  buff/cache   available
Mem:           14514        4501         654         164        9359        9511
Swap:           2147           3        2144
Total:         16662        4504        2798

               total        used        free      shared  buff/cache   available
Mem:           14514        4487         667         164        9359        9525
Swap:           2147           3        2144
Total:         16662        4490        2811

               total        used        free      shared  buff/cache   available
Mem:           14514        4486         668         164        9359        9525
Swap:           2147           3        2144
Total:         16662        4490        2812

               total        used        free      shared  buff/cache   available
Mem:           14514        4485         669         164        9359        9527
Swap:           2147           3        2144
Total:         16662        4488        2813

               total        used        free      shared  buff/cache   available
Mem:           14514        4629         523         164        9360        9382
Swap:           2147           3        2144
Total:         16662        4633        2668

               total        used        free      shared  buff/cache   available
Mem:           14514        4594         560         164        9359        9418
Swap:           2147           3        2144
Total:         16662        4597        2704

               total        used        free      shared  buff/cache   available
Mem:           14514        4687         463         166        9363        9322
Swap:           2147           3        2144
Total:         16662        4690        2607

               total        used        free      shared  buff/cache   available
Mem:           14514        4604         547         166        9363        9405
Swap:           2147           3        2144
Total:         16662        4607        2691

               total        used        free      shared  buff/cache   available
Mem:           14514        4660         489         164        9364        9351
Swap:           2147           3        2144
Total:         16662        4664        2634

               total        used        free      shared  buff/cache   available
Mem:           14514        4666         484         166        9363        9343
Swap:           2147           3        2144
Total:         16662        4669        2628

               total        used        free      shared  buff/cache   available
Mem:           14514        4650         497         166        9366        9359
Swap:           2147           3        2144
Total:         16662        4654        2641

               total        used        free      shared  buff/cache   available
Mem:           14514        4698         454         164        9361        9314
Swap:           2147           3        2144
Total:         16662        4701        2598

               total        used        free      shared  buff/cache   available
Mem:           14514        4660         493         164        9360        9352
Swap:           2147           3        2144
Total:         16662        4663        2637

               total        used        free      shared  buff/cache   available
Mem:           14514        4736         416         164        9361        9276
Swap:           2147           3        2144
Total:         16662        4739        2560

               total        used        free      shared  buff/cache   available
Mem:           14514        4694         458         164        9361        9317
Swap:           2147           3        2144
Total:         16662        4698        2602

               total        used        free      shared  buff/cache   available
Mem:           14514        4727         422         164        9364        9285
Swap:           2147           3        2144
Total:         16662        4730        2566

               total        used        free      shared  buff/cache   available
Mem:           14514        4721         430         164        9362        9290
Swap:           2147           3        2144
Total:         16662        4725        2574

               total        used        free      shared  buff/cache   available
Mem:           14514        4654         495         164        9364        9358
Swap:           2147           3        2144
Total:         16662        4657        2639

               total        used        free      shared  buff/cache   available
Mem:           14514        4707         441         167        9365        9301
Swap:           2147           3        2144
Total:         16662        4711        2585

               total        used        free      shared  buff/cache   available
Mem:           14514        4636         513         167        9364        9372
Swap:           2147           3        2144
Total:         16662        4639        2657

               total        used        free      shared  buff/cache   available
Mem:           14514        4688         459         167        9366        9320
Swap:           2147           3        2144
Total:         16662        4692        2603

               total        used        free      shared  buff/cache   available
Mem:           14514        4640         510         166        9364        9370
Swap:           2147           3        2144
Total:         16662        4643        2654

               total        used        free      shared  buff/cache   available
Mem:           14514        4711         437         164        9364        9300
Swap:           2147           3        2144
Total:         16662        4715        2581

               total        used        free      shared  buff/cache   available
Mem:           14514        4660         491         164        9362        9351
Swap:           2147           3        2144
Total:         16662        4664        2635

               total        used        free      shared  buff/cache   available
Mem:           14514        4618         530         164        9365        9393
Swap:           2147           3        2144
Total:         16662        4621        2674

               total        used        free      shared  buff/cache   available
Mem:           14514        4696         454         164        9363        9315
Swap:           2147           3        2144
Total:         16662        4700        2598

               total        used        free      shared  buff/cache   available
Mem:           14514        4573         578         164        9362        9438
Swap:           2147           3        2144
Total:         16662        4577        2722

               total        used        free      shared  buff/cache   available
Mem:           14514        4629         522         164        9363        9383
Swap:           2147           3        2144
Total:         16662        4632        2666

               total        used        free      shared  buff/cache   available
Mem:           14514        4658         493         164        9362        9353
Swap:           2147           3        2144
Total:         16662        4662        2637

               total        used        free      shared  buff/cache   available
Mem:           14514        4714         435         164        9364        9297
Swap:           2147           3        2144
Total:         16662        4718        2579

               total        used        free      shared  buff/cache   available
Mem:           14514        4622         529         164        9363        9390
Swap:           2147           3        2144
Total:         16662        4625        2673

               total        used        free      shared  buff/cache   available
Mem:           14514        4623         524         164        9366        9388
Swap:           2147           3        2144
Total:         16662        4627        2668

               total        used        free      shared  buff/cache   available
Mem:           14514        4701         450         164        9363        9311
Swap:           2147           3        2144
Total:         16662        4704        2594

               total        used        free      shared  buff/cache   available
Mem:           14514        4694         458         164        9362        9318
Swap:           2147           3        2144
Total:         16662        4697        2602

               total        used        free      shared  buff/cache   available
Mem:           14514        4731         419         164        9363        9281
Swap:           2147           3        2144
Total:         16662        4734        2563

               total        used        free      shared  buff/cache   available
Mem:           14514        4684         466         164        9363        9328
Swap:           2147           3        2144
Total:         16662        4687        2610

               total        used        free      shared  buff/cache   available
Mem:           14514        4675         472         164        9366        9337
Swap:           2147           3        2144
Total:         16662        4678        2617

               total        used        free      shared  buff/cache   available
Mem:           14514        4709         441         164        9364        9303
Swap:           2147           3        2144
Total:         16662        4712        2585

               total        used        free      shared  buff/cache   available
Mem:           14514        4657         494         164        9362        9354
Swap:           2147           3        2144
Total:         16662        4661        2638

               total        used        free      shared  buff/cache   available
Mem:           14514        4682         467         164        9364        9329
Swap:           2147           3        2144
Total:         16662        4686        2611

               total        used        free      shared  buff/cache   available
Mem:           14514        4678         472         164        9363        9333
Swap:           2147           3        2144
Total:         16662        4682        2616

               total        used        free      shared  buff/cache   available
Mem:           14514        4719         427         164        9367        9292
Swap:           2147           3        2144
Total:         16662        4723        2571

               total        used        free      shared  buff/cache   available
Mem:           14514        4723         426         164        9364        9288
Swap:           2147           3        2144
Total:         16662        4727        2570

               total        used        free      shared  buff/cache   available
Mem:           14514        4704         442         164        9367        9307
Swap:           2147           3        2144
Total:         16662        4708        2586

               total        used        free      shared  buff/cache   available
Mem:           14514        4775         374         164        9364        9237
Swap:           2147           3        2144
Total:         16662        4778        2518

               total        used        free      shared  buff/cache   available
Mem:           14514        4686         464         164        9363        9326
Swap:           2147           3        2144
Total:         16662        4689        2608

               total        used        free      shared  buff/cache   available
Mem:           14514        4740         408         164        9365        9271
Swap:           2147           3        2144
Total:         16662        4744        2552

               total        used        free      shared  buff/cache   available
Mem:           14514        4684         465         164        9364        9327
Swap:           2147           3        2144
Total:         16662        4687        2609

               total        used        free      shared  buff/cache   available
Mem:           14514        4709         433         167        9371        9299
Swap:           2147           3        2144
Total:         16662        4713        2577

               total        used        free      shared  buff/cache   available
Mem:           14514        4713         432         167        9368        9295
Swap:           2147           3        2144
Total:         16662        4717        2576

               total        used        free      shared  buff/cache   available
Mem:           14514        4709         434         167        9371        9300
Swap:           2147           3        2144
Total:         16662        4712        2578

               total        used        free      shared  buff/cache   available
Mem:           14514        4751         397         164        9365        9260
Swap:           2147           3        2144
Total:         16662        4754        2541

               total        used        free      shared  buff/cache   available
Mem:           14514        4681         468         164        9364        9330
Swap:           2147           3        2144
Total:         16662        4685        2612

               total        used        free      shared  buff/cache   available
Mem:           14514        4747         399         166        9368        9262
Swap:           2147           3        2144
Total:         16662        4750        2543

               total        used        free      shared  buff/cache   available
Mem:           14514        4726         415         171        9372        9278
Swap:           2147           3        2144
Total:         16662        4729        2559

               total        used        free      shared  buff/cache   available
Mem:           14514        4728         410         170        9374        9277
Swap:           2147           3        2144
Total:         16662        4732        2555

               total        used        free      shared  buff/cache   available
Mem:           14514        4737         394         181        9383        9257
Swap:           2147           3        2144
Total:         16662        4740        2538

               total        used        free      shared  buff/cache   available
Mem:           14514        4717         411         181        9385        9277
Swap:           2147           3        2144
Total:         16662        4721        2555

               total        used        free      shared  buff/cache   available
Mem:           14514        4710         425         179        9379        9287
Swap:           2147           3        2144
Total:         16662        4713        2569

               total        used        free      shared  buff/cache   available
Mem:           14514        4680         457         177        9377        9318
Swap:           2147           3        2144
Total:         16662        4684        2601

               total        used        free      shared  buff/cache   available
Mem:           14514        4705         433         175        9376        9295
Swap:           2147           3        2144
Total:         16662        4708        2577

               total        used        free      shared  buff/cache   available
Mem:           14514        4627         512         174        9374        9374
Swap:           2147           3        2144
Total:         16662        4630        2656

               total        used        free      shared  buff/cache   available
Mem:           14514        4641         494         174        9378        9359
Swap:           2147           3        2144
Total:         16662        4645        2638

               total        used        free      shared  buff/cache   available
Mem:           14514        4657         481         175        9375        9343
Swap:           2147           3        2144
Total:         16662        4661        2625

               total        used        free      shared  buff/cache   available
Mem:           14514        4602         530         178        9381        9396
Swap:           2147           3        2144
Total:         16662        4605        2674

               total        used        free      shared  buff/cache   available
Mem:           14514        4688         446         178        9379        9309
Swap:           2147           3        2144
Total:         16662        4692        2590

               total        used        free      shared  buff/cache   available
Mem:           14514        4601         535         178        9378        9397
Swap:           2147           3        2144
Total:         16662        4604        2679

               total        used        free      shared  buff/cache   available
Mem:           14514        4683         452         177        9377        9315
Swap:           2147           3        2144
Total:         16662        4687        2596

               total        used        free      shared  buff/cache   available
Mem:           14514        4626         514         174        9374        9375
Swap:           2147           3        2144
Total:         16662        4629        2658

               total        used        free      shared  buff/cache   available
Mem:           14514        4740         401         171        9373        9264
Swap:           2147           3        2144
Total:         16662        4743        2545

               total        used        free      shared  buff/cache   available
Mem:           14514        4683         458         171        9372        9321
Swap:           2147           3        2144
Total:         16662        4687        2602

               total        used        free      shared  buff/cache   available
Mem:           14514        4617         517         175        9379        9383
Swap:           2147           3        2144
Total:         16662        4621        2661

               total        used        free      shared  buff/cache   available
Mem:           14514        4696         441         175        9376        9304
Swap:           2147           3        2144
Total:         16662        4699        2585

               total        used        free      shared  buff/cache   available
Mem:           14514        4614         525         174        9375        9387
Swap:           2147           3        2144
Total:         16662        4617        2669

               total        used        free      shared  buff/cache   available
Mem:           14514        4679         458         175        9376        9321
Swap:           2147           3        2144
Total:         16662        4683        2602

               total        used        free      shared  buff/cache   available
Mem:           14514        4617         523         171        9372        9386
Swap:           2147           3        2144
Total:         16662        4621        2668

               total        used        free      shared  buff/cache   available
Mem:           14514        4648         490         171        9375        9356
Swap:           2147           3        2144
Total:         16662        4651        2634

               total        used        free      shared  buff/cache   available
Mem:           14514        4669         472         171        9373        9335
Swap:           2147           3        2144
Total:         16662        4672        2616

               total        used        free      shared  buff/cache   available
Mem:           14514        4567         566         177        9380        9431
Swap:           2147           3        2144
Total:         16662        4571        2710

               total        used        free      shared  buff/cache   available
Mem:           14514        4675         460         177        9379        9324
Swap:           2147           3        2144
Total:         16662        4678        2604

               total        used        free      shared  buff/cache   available
Mem:           14514        4613         516         183        9384        9379
Swap:           2147           3        2144
Total:         16662        4617        2660

               total        used        free      shared  buff/cache   available
Mem:           14514        4692         440         180        9382        9304
Swap:           2147           3        2144
Total:         16662        4695        2584

               total        used        free      shared  buff/cache   available
Mem:           14514        4651         477         184        9385        9341
Swap:           2147           3        2144
Total:         16662        4655        2621

               total        used        free      shared  buff/cache   available
Mem:           14514        4697         429         183        9388        9295
Swap:           2147           3        2144
Total:         16662        4700        2573

               total        used        free      shared  buff/cache   available
Mem:           14514        4688         440         183        9385        9304
Swap:           2147           3        2144
Total:         16662        4691        2584

               total        used        free      shared  buff/cache   available
Mem:           14514        4642         486         180        9385        9353
Swap:           2147           3        2144
Total:         16662        4645        2630

               total        used        free      shared  buff/cache   available
Mem:           14514        4703         428         180        9382        9292
Swap:           2147           3        2144
Total:         16662        4706        2572

               total        used        free      shared  buff/cache   available
Mem:           14514        4632         500         180        9381        9364
Swap:           2147           3        2144
Total:         16662        4635        2644

               total        used        free      shared  buff/cache   available
Mem:           14514        4659         477         174        9377        9342
Swap:           2147           3        2144
Total:         16662        4663        2621

               total        used        free      shared  buff/cache   available
Mem:           14514        4615         522         174        9376        9386
Swap:           2147           3        2144
Total:         16662        4618        2666

               total        used        free      shared  buff/cache   available
Mem:           14514        4658         475         174        9380        9343
Swap:           2147           3        2144
Total:         16662        4661        2619

               total        used        free      shared  buff/cache   available
Mem:           14514        4716         420         175        9378        9285
Swap:           2147           3        2144
Total:         16662        4719        2564

               total        used        free      shared  buff/cache   available
Mem:           14514        4622         515         174        9376        9379
Swap:           2147           3        2144
Total:         16662        4625        2659

               total        used        free      shared  buff/cache   available
Mem:           14514        4720         416         174        9377        9281
Swap:           2147           3        2144
Total:         16662        4723        2560

               total        used        free      shared  buff/cache   available
Mem:           14514        4690         447         174        9376        9311
Swap:           2147           3        2144
Total:         16662        4693        2591

               total        used        free      shared  buff/cache   available
Mem:           14514        4721         414         174        9378        9279
Swap:           2147           3        2144
Total:         16662        4725        2558

               total        used        free      shared  buff/cache   available
Mem:           14514        4673         463         175        9377        9328
Swap:           2147           3        2144
Total:         16662        4677        2607

               total        used        free      shared  buff/cache   available
Mem:           14514        4703         425         179        9385        9293
Swap:           2147           3        2144
Total:         16662        4707        2569

               total        used        free      shared  buff/cache   available
Mem:           14514        4714         412         184        9387        9278
Swap:           2147           3        2144
Total:         16662        4717        2556

               total        used        free      shared  buff/cache   available
Mem:           14514        4723         400         184        9390        9268
Swap:           2147           3        2144
Total:         16662        4726        2544

               total        used        free      shared  buff/cache   available
Mem:           14514        4765         363         181        9385        9229
Swap:           2147           3        2144
Total:         16662        4769        2507

               total        used        free      shared  buff/cache   available
Mem:           14514        4665         468         178        9380        9333
Swap:           2147           3        2144
Total:         16662        4668        2612

               total        used        free      shared  buff/cache   available
Mem:           14514        4757         375         178        9382        9241
Swap:           2147           3        2144
Total:         16662        4760        2519

               total        used        free      shared  buff/cache   available
Mem:           14514        4696         436         178        9381        9301
Swap:           2147           3        2144
Total:         16662        4700        2580

               total        used        free      shared  buff/cache   available
Mem:           14514        4757         365         187        9391        9231
Swap:           2147           3        2144
Total:         16662        4760        2509

               total        used        free      shared  buff/cache   available
Mem:           14514        4719         403         187        9391        9269
Swap:           2147           3        2144
Total:         16662        4723        2547

               total        used        free      shared  buff/cache   available
Mem:           14514        4720         406         179        9387        9275
Swap:           2147           3        2144
Total:         16662        4724        2550

               total        used        free      shared  buff/cache   available
Mem:           14514        4734         393         182        9386        9259
Swap:           2147           3        2144
Total:         16662        4738        2537

               total        used        free      shared  buff/cache   available
Mem:           14514        4678         447         185        9388        9313
Swap:           2147           3        2144
Total:         16662        4681        2591

               total        used        free      shared  buff/cache   available
Mem:           14514        4763         352         194        9399        9219
Swap:           2147           3        2144
Total:         16662        4766        2496

               total        used        free      shared  buff/cache   available
Mem:           14514        4736         382         192        9395        9247
Swap:           2147           3        2144
Total:         16662        4740        2526

               total        used        free      shared  buff/cache   available
Mem:           14514        4800         324         184        9389        9191
Swap:           2147           3        2144
Total:         16662        4803        2468

               total        used        free      shared  buff/cache   available
Mem:           14514        4746         378         184        9389        9245
Swap:           2147           3        2144
Total:         16662        4749        2522

               total        used        free      shared  buff/cache   available
Mem:           14514        4756         365         184        9392        9235
Swap:           2147           3        2144
Total:         16662        4759        2509

               total        used        free      shared  buff/cache   available
Mem:           14514        4780         344         184        9390        9211
Swap:           2147           3        2144
Total:         16662        4783        2488

               total        used        free      shared  buff/cache   available
Mem:           14514        4713         412         184        9388        9278
Swap:           2147           3        2144
Total:         16662        4716        2556

               total        used        free      shared  buff/cache   available
Mem:           14514        4786         337         184        9390        9205
Swap:           2147           3        2144
Total:         16662        4790        2481

               total        used        free      shared  buff/cache   available
Mem:           14514        4738         386         184        9389        9253
Swap:           2147           3        2144
Total:         16662        4741        2530

               total        used        free      shared  buff/cache   available
Mem:           14514        4758         366         183        9389        9234
Swap:           2147           3        2144
Total:         16662        4761        2510

               total        used        free      shared  buff/cache   available
Mem:           14514        4697         432         178        9384        9299
Swap:           2147           3        2144
Total:         16662        4701        2576

               total        used        free      shared  buff/cache   available
Mem:           14514        4723         403         178        9387        9274
Swap:           2147           3        2144
Total:         16662        4726        2547

               total        used        free      shared  buff/cache   available
Mem:           14514        4722         407         178        9384        9275
Swap:           2147           3        2144
Total:         16662        4726        2551

               total        used        free      shared  buff/cache   available
Mem:           14514        4612         516         178        9386        9385
Swap:           2147           3        2144
Total:         16662        4615        2660

               total        used        free      shared  buff/cache   available
Mem:           14514        4692         436         178        9384        9305
Swap:           2147           3        2144
Total:         16662        4696        2581

               total        used        free      shared  buff/cache   available
Mem:           14514        4646         483         178        9383        9351
Swap:           2147           3        2144
Total:         16662        4650        2627

               total        used        free      shared  buff/cache   available
Mem:           14514        4691         439         177        9384        9307
Swap:           2147           3        2144
Total:         16662        4694        2583

               total        used        free      shared  buff/cache   available
Mem:           14514        4634         496         177        9383        9364
Swap:           2147           3        2144
Total:         16662        4637        2640

               total        used        free      shared  buff/cache   available
Mem:           14514        4668         459         177        9387        9330
Swap:           2147           3        2144
Total:         16662        4671        2603

               total        used        free      shared  buff/cache   available
Mem:           14514        4704         425         177        9384        9293
Swap:           2147           3        2144
Total:         16662        4708        2569

               total        used        free      shared  buff/cache   available
Mem:           14514        4653         474         177        9386        9344
Swap:           2147           3        2144
Total:         16662        4657        2618

               total        used        free      shared  buff/cache   available
Mem:           14514        4729         400         177        9384        9269
Swap:           2147           3        2144
Total:         16662        4733        2544

               total        used        free      shared  buff/cache   available
Mem:           14514        4659         471         177        9383        9339
Swap:           2147           3        2144
Total:         16662        4662        2615

               total        used        free      shared  buff/cache   available
Mem:           14514        4716         413         177        9384        9282
Swap:           2147           3        2144
Total:         16662        4720        2557

               total        used        free      shared  buff/cache   available
Mem:           14514        4670         460         178        9383        9328
Swap:           2147           3        2144
Total:         16662        4673        2604

               total        used        free      shared  buff/cache   available
Mem:           14514        4711         416         178        9385        9286
Swap:           2147           3        2144
Total:         16662        4715        2561

               total        used        free      shared  buff/cache   available
Mem:           14514        4669         459         178        9384        9328
Swap:           2147           3        2144
Total:         16662        4673        2604

               total        used        free      shared  buff/cache   available
Mem:           14514        4611         508         185        9395        9379
Swap:           2147           3        2144
Total:         16662        4614        2652

               total        used        free      shared  buff/cache   available
Mem:           14514        4675         450         182        9389        9319
Swap:           2147           3        2144
Total:         16662        4678        2594

               total        used        free      shared  buff/cache   available
Mem:           14514        4577         541         189        9395        9409
Swap:           2147           3        2144
Total:         16662        4581        2685

               total        used        free      shared  buff/cache   available
Mem:           14514        4689         435         182        9389        9305
Swap:           2147           3        2144
Total:         16662        4692        2580

               total        used        free      shared  buff/cache   available
Mem:           14514        4602         526         179        9385        9394
Swap:           2147           3        2144
Total:         16662        4605        2670

               total        used        free      shared  buff/cache   available
Mem:           14514        4685         443         178        9386        9312
Swap:           2147           3        2144
Total:         16662        4688        2587

               total        used        free      shared  buff/cache   available
Mem:           14514        4599         530         177        9384        9399
Swap:           2147           3        2144
Total:         16662        4602        2674

               total        used        free      shared  buff/cache   available
Mem:           14514        4601         525         176        9387        9397
Swap:           2147           3        2144
Total:         16662        4605        2669

               total        used        free      shared  buff/cache   available
Mem:           14514        4656         474         175        9383        9344
Swap:           2147           3        2144
Total:         16662        4660        2618

               total        used        free      shared  buff/cache   available
Mem:           14514        4617         514         175        9382        9383
Swap:           2147           3        2144
Total:         16662        4620        2658

               total        used        free      shared  buff/cache   available
Mem:           14514        4687         446         172        9380        9316
Swap:           2147           3        2144
Total:         16662        4690        2590

               total        used        free      shared  buff/cache   available
Mem:           14514        4604         530         172        9379        9399
Swap:           2147           3        2144
Total:         16662        4608        2674

               total        used        free      shared  buff/cache   available
Mem:           14514        4676         457         172        9380        9327
Swap:           2147           3        2144
Total:         16662        4680        2601

               total        used        free      shared  buff/cache   available
Mem:           14514        4604         529         172        9380        9399
Swap:           2147           3        2144
Total:         16662        4608        2673

               total        used        free      shared  buff/cache   available
Mem:           14514        4657         477         168        9379        9350
Swap:           2147           3        2144
Total:         16662        4661        2621

               total        used        free      shared  buff/cache   available
Mem:           14514        4692         446         167        9375        9317
Swap:           2147           3        2144
Total:         16662        4695        2590

               total        used        free      shared  buff/cache   available
Mem:           14514        4616         523         167        9374        9392
Swap:           2147           3        2144
Total:         16662        4620        2667

               total        used        free      shared  buff/cache   available
Mem:           14514        4611         530         164        9372        9401
Swap:           2147           3        2144
Total:         16662        4614        2674

               total        used        free      shared  buff/cache   available
Mem:           14514        4595         544         167        9375        9413
Swap:           2147           3        2144
Total:         16662        4598        2688

               total        used        free      shared  buff/cache   available
Mem:           14514        4664         472         167        9377        9344
Swap:           2147           3        2144
Total:         16662        4668        2616

               total        used        free      shared  buff/cache   available
Mem:           14514        4621         513         170        9379        9384
Swap:           2147           3        2144
Total:         16662        4624        2657

               total        used        free      shared  buff/cache   available
Mem:           14514        4605         526         171        9382        9399
Swap:           2147           3        2144
Total:         16662        4609        2670

               total        used        free      shared  buff/cache   available
Mem:           14514        4659         441         204        9413        9312
Swap:           2147           3        2144
Total:         16662        4663        2585

               total        used        free      shared  buff/cache   available
Mem:           14514        4629         471         206        9414        9341
Swap:           2147           3        2144
Total:         16662        4632        2615

               total        used        free      shared  buff/cache   available
Mem:           14514        4733         333         238        9448        9204
Swap:           2147           3        2144
Total:         16662        4736        2477

               total        used        free      shared  buff/cache   available
Mem:           14514        4647         420         237        9445        9291
Swap:           2147           3        2144
Total:         16662        4651        2565

               total        used        free      shared  buff/cache   available
Mem:           14514        4730         336         237        9447        9208
Swap:           2147           3        2144
Total:         16662        4734        2480

               total        used        free      shared  buff/cache   available
Mem:           14514        4709         358         237        9446        9229
Swap:           2147           3        2144
Total:         16662        4713        2502

               total        used        free      shared  buff/cache   available
Mem:           14514        4692         400         209        9421        9274
Swap:           2147           3        2144
Total:         16662        4696        2544

               total        used        free      shared  buff/cache   available
Mem:           14514        4742         354         207        9417        9226
Swap:           2147           3        2144
Total:         16662        4745        2498

               total        used        free      shared  buff/cache   available
Mem:           14514        4668         435         205        9410        9302
Swap:           2147           3        2144
Total:         16662        4672        2579

               total        used        free      shared  buff/cache   available
Mem:           14514        4736         367         204        9410        9235
Swap:           2147           3        2144
Total:         16662        4740        2511

               total        used        free      shared  buff/cache   available
Mem:           14514        4654         450         204        9410        9317
Swap:           2147           3        2144
Total:         16662        4657        2594

               total        used        free      shared  buff/cache   available
Mem:           14514        4657         443         204        9413        9314
Swap:           2147           3        2144
Total:         16662        4660        2587

               total        used        free      shared  buff/cache   available
Mem:           14514        4494         608         204        9411        9477
Swap:           2147           3        2144
Total:         16662        4498        2753

               total        used        free      shared  buff/cache   available
Mem:           14514        4461         642         201        9410        9513
Swap:           2147           3        2144
Total:         16662        4464        2786

               total        used        free      shared  buff/cache   available
Mem:           14514        4490         612         205        9411        9480
Swap:           2147           3        2144
Total:         16662        4493        2756

               total        used        free      shared  buff/cache   available
Mem:           14514        4431         672         205        9410        9539
Swap:           2147           3        2144
Total:         16662        4435        2816

               total        used        free      shared  buff/cache   available
Mem:           14514        4497         605         204        9411        9474
Swap:           2147           3        2144
Total:         16662        4500        2749

               total        used        free      shared  buff/cache   available
Mem:           14514        4468         634         204        9411        9503
Swap:           2147           3        2144
Total:         16662        4472        2778

               total        used        free      shared  buff/cache   available
Mem:           14514        4468         634         201        9411        9506
Swap:           2147           3        2144
Total:         16662        4471        2778

               total        used        free      shared  buff/cache   available
Mem:           14514        4488         617         201        9408        9486
Swap:           2147           3        2144
Total:         16662        4491        2761

               total        used        free      shared  buff/cache   available
Mem:           14514        4425         681         201        9407        9549
Swap:           2147           3        2144
Total:         16662        4429        2825

               total        used        free      shared  buff/cache   available
Mem:           14514        4399         707         201        9407        9575
Swap:           2147           3        2144
Total:         16662        4403        2851

               total        used        free      shared  buff/cache   available
Mem:           14514        4380         726         201        9407        9594
Swap:           2147           3        2144
Total:         16662        4384        2870

               total        used        free      shared  buff/cache   available
Mem:           14514        4372         734         201        9407        9602
Swap:           2147           3        2144
Total:         16662        4376        2878

               total        used        free      shared  buff/cache   available
Mem:           14514        4297         809         201        9407        9677
Swap:           2147           3        2144
Total:         16662        4300        2953

               total        used        free      shared  buff/cache   available
Mem:           14514        4292         814         201        9407        9682
Swap:           2147           3        2144
Total:         16662        4295        2958

               total        used        free      shared  buff/cache   available
Mem:           14514        4289         817         201        9407        9685
Swap:           2147           3        2144
Total:         16662        4293        2961

               total        used        free      shared  buff/cache   available
Mem:           14514        4280         826         201        9407        9694
Swap:           2147           3        2144
Total:         16662        4283        2971

               total        used        free      shared  buff/cache   available
Mem:           14514        4276         830         201        9407        9698
Swap:           2147           3        2144
Total:         16662        4279        2974

               total        used        free      shared  buff/cache   available
Mem:           14514        4265         841         201        9407        9709
Swap:           2147           3        2144
Total:         16662        4269        2985
