RESET
CPU yadrolab-wp11 1745509739 2025/04/24 18:48:59 2096362 100 24 14633054 19945470 1137735 4991336806 147545 0 15706 0 0 78561 100 0 0
SEP
CPU yadrolab-wp11 1745509740 2025/04/24 18:49:00 1 100 24 17 8 8 2362 1 0 0 0 0 78621 100 0 0
SEP
CPU yadrolab-wp11 1745509741 2025/04/24 18:49:01 1 100 24 13 5 2 2375 0 0 0 0 0 77395 100 0 0
SEP
CPU yadrolab-wp11 1745509742 2025/04/24 18:49:02 1 100 24 13 7 1 2375 0 0 0 0 0 78147 100 0 0
SEP
CPU yadrolab-wp11 1745509743 2025/04/24 18:49:03 1 100 24 12 9 2 2375 0 0 0 0 0 77633 100 0 0
SEP
CPU yadrolab-wp11 1745509744 2025/04/24 18:49:04 1 100 24 11 7 2 2375 0 0 0 0 0 77296 100 0 0
SEP
CPU yadrolab-wp11 1745509745 2025/04/24 18:49:05 1 100 24 13 7 2 2376 0 0 0 0 0 77079 100 0 0
SEP
CPU yadrolab-wp11 1745509746 2025/04/24 18:49:06 1 100 24 11 7 0 2377 0 0 0 0 0 76872 100 0 0
SEP
CPU yadrolab-wp11 1745509747 2025/04/24 18:49:07 1 100 24 16 6 2 2374 0 0 0 0 0 77389 100 0 0
SEP
CPU yadrolab-wp11 1745509748 2025/04/24 18:49:08 1 100 24 10 8 1 2377 0 0 0 0 0 75207 100 0 0
SEP
CPU yadrolab-wp11 1745509749 2025/04/24 18:49:09 1 100 24 11 8 2 2373 0 0 0 0 0 75109 100 0 0
SEP
CPU yadrolab-wp11 1745509750 2025/04/24 18:49:10 1 100 24 86 527 5 1773 3 0 0 0 0 75010 100 0 0
SEP
CPU yadrolab-wp11 1745509751 2025/04/24 18:49:11 1 100 24 79 522 2 1790 3 0 0 0 0 80332 100 0 0
SEP
CPU yadrolab-wp11 1745509752 2025/04/24 18:49:12 1 100 24 94 512 2 1772 5 0 1 0 0 107850 100 0 0
SEP
CPU yadrolab-wp11 1745509753 2025/04/24 18:49:13 1 100 24 68 375 3 1918 5 0 0 0 0 86693 100 0 0
SEP
CPU yadrolab-wp11 1745509754 2025/04/24 18:49:14 1 100 24 85 520 3 1765 6 0 0 0 0 76811 100 0 0
SEP
CPU yadrolab-wp11 1745509755 2025/04/24 18:49:15 1 100 24 71 507 3 1785 3 0 0 0 0 77545 100 0 0
SEP
CPU yadrolab-wp11 1745509756 2025/04/24 18:49:16 1 100 24 72 517 1 1771 3 0 0 0 0 78499 100 0 0
SEP
CPU yadrolab-wp11 1745509757 2025/04/24 18:49:17 1 100 24 76 531 6 1780 3 0 0 0 0 82817 100 0 0
SEP
CPU yadrolab-wp11 1745509758 2025/04/24 18:49:18 1 100 24 77 503 4 1799 2 0 0 0 0 76894 100 0 0
SEP
CPU yadrolab-wp11 1745509759 2025/04/24 18:49:19 1 100 24 89 561 4 1735 2 0 0 0 0 81978 100 0 0
SEP
CPU yadrolab-wp11 1745509760 2025/04/24 18:49:20 1 100 24 68 537 8 1761 3 0 0 0 0 80168 100 0 0
SEP
CPU yadrolab-wp11 1745509761 2025/04/24 18:49:21 1 100 24 98 389 4 1885 4 0 0 0 0 107883 100 0 0
SEP
CPU yadrolab-wp11 1745509762 2025/04/24 18:49:22 1 100 24 88 502 6 1792 5 0 0 0 0 76747 100 0 0
SEP
CPU yadrolab-wp11 1745509763 2025/04/24 18:49:23 1 100 24 60 515 4 1812 5 0 0 0 0 67045 100 0 0
SEP
CPU yadrolab-wp11 1745509764 2025/04/24 18:49:24 1 100 24 69 476 20 1799 4 0 0 0 0 74918 100 0 0
SEP
CPU yadrolab-wp11 1745509765 2025/04/24 18:49:25 1 100 24 113 419 4 1857 3 0 0 0 0 107888 100 0 0
SEP
CPU yadrolab-wp11 1745509766 2025/04/24 18:49:26 1 100 24 80 458 4 1835 2 0 1 0 0 77653 100 0 0
SEP
CPU yadrolab-wp11 1745509767 2025/04/24 18:49:27 1 100 24 81 523 6 1759 2 0 0 0 0 77908 100 0 0
SEP
CPU yadrolab-wp11 1745509768 2025/04/24 18:49:28 1 100 24 80 504 86 1712 3 0 0 0 0 79769 100 0 0
SEP
CPU yadrolab-wp11 1745509769 2025/04/24 18:49:29 1 100 24 100 441 10 1822 3 0 0 0 0 107747 100 0 0
SEP
CPU yadrolab-wp11 1745509770 2025/04/24 18:49:30 1 100 24 82 429 20 1845 3 0 0 0 0 77247 100 0 0
SEP
CPU yadrolab-wp11 1745509771 2025/04/24 18:49:31 1 100 24 90 492 50 1760 7 0 0 0 0 75505 100 0 0
SEP
CPU yadrolab-wp11 1745509772 2025/04/24 18:49:32 1 100 24 71 499 3 1805 10 0 0 0 0 76950 100 0 0
SEP
CPU yadrolab-wp11 1745509773 2025/04/24 18:49:33 1 100 24 70 517 5 1805 5 0 1 0 0 74400 100 0 0
SEP
CPU yadrolab-wp11 1745509774 2025/04/24 18:49:34 1 100 24 110 444 4 1806 2 0 0 0 0 107877 100 0 0
SEP
CPU yadrolab-wp11 1745509775 2025/04/24 18:49:35 1 100 24 88 426 4 1861 3 0 0 0 0 75197 100 0 0
SEP
CPU yadrolab-wp11 1745509776 2025/04/24 18:49:36 1 100 24 90 525 4 1768 3 0 0 0 0 78499 100 0 0
SEP
CPU yadrolab-wp11 1745509777 2025/04/24 18:49:37 1 100 24 77 499 5 1813 2 0 0 0 0 77198 100 0 0
SEP
CPU yadrolab-wp11 1745509778 2025/04/24 18:49:38 1 100 24 89 514 4 1773 3 0 0 0 0 77212 100 0 0
SEP
CPU yadrolab-wp11 1745509779 2025/04/24 18:49:39 1 100 24 95 426 5 1849 2 0 0 0 0 107926 100 0 0
SEP
CPU yadrolab-wp11 1745509780 2025/04/24 18:49:40 1 100 24 77 447 6 1826 3 0 0 0 0 78586 100 0 0
SEP
CPU yadrolab-wp11 1745509781 2025/04/24 18:49:41 1 100 24 70 498 4 1801 15 0 0 0 0 75025 100 0 0
SEP
CPU yadrolab-wp11 1745509782 2025/04/24 18:49:42 1 100 24 71 515 6 1772 8 0 0 0 0 77109 100 0 0
SEP
CPU yadrolab-wp11 1745509783 2025/04/24 18:49:43 1 100 24 81 521 4 1768 7 0 0 0 0 104006 100 0 0
SEP
CPU yadrolab-wp11 1745509784 2025/04/24 18:49:44 1 100 24 100 320 4 1944 4 0 0 0 0 76647 100 0 0
SEP
CPU yadrolab-wp11 1745509785 2025/04/24 18:49:45 1 100 24 83 536 4 1745 3 0 0 0 0 76672 100 0 0
SEP
CPU yadrolab-wp11 1745509786 2025/04/24 18:49:46 1 100 24 63 495 3 1820 4 0 0 0 0 82177 100 0 0
SEP
CPU yadrolab-wp11 1745509787 2025/04/24 18:49:47 1 100 24 88 525 4 1764 2 0 0 0 0 74054 100 0 0
SEP
CPU yadrolab-wp11 1745509788 2025/04/24 18:49:48 1 100 24 85 543 4 1755 4 0 0 0 0 74676 100 0 0
SEP
CPU yadrolab-wp11 1745509789 2025/04/24 18:49:49 1 100 24 85 516 4 1792 3 0 0 0 0 77325 100 0 0
SEP
CPU yadrolab-wp11 1745509790 2025/04/24 18:49:50 1 100 24 82 490 6 1773 3 0 0 0 0 107855 100 0 0
SEP
CPU yadrolab-wp11 1745509791 2025/04/24 18:49:51 1 100 24 90 421 4 1865 4 0 0 0 0 107865 100 0 0
SEP
CPU yadrolab-wp11 1745509792 2025/04/24 18:49:52 1 100 24 118 521 6 1735 3 0 0 0 0 67892 100 0 0
SEP
CPU yadrolab-wp11 1745509793 2025/04/24 18:49:53 1 100 24 92 511 2 1785 5 0 0 0 0 77212 100 0 0
SEP
CPU yadrolab-wp11 1745509794 2025/04/24 18:49:54 1 100 24 78 509 10 1760 3 0 0 0 0 76131 100 0 0
SEP
CPU yadrolab-wp11 1745509795 2025/04/24 18:49:55 1 100 24 110 526 10 1751 2 0 0 0 0 68571 100 0 0
SEP
CPU yadrolab-wp11 1745509796 2025/04/24 18:49:56 1 100 24 100 525 5 1745 2 0 1 0 0 73561 100 0 0
SEP
CPU yadrolab-wp11 1745509797 2025/04/24 18:49:57 1 100 24 73 507 1 1800 3 0 0 0 0 76549 100 0 0
SEP
CPU yadrolab-wp11 1745509798 2025/04/24 18:49:58 1 100 24 79 529 6 1776 3 0 0 0 0 77061 100 0 0
SEP
CPU yadrolab-wp11 1745509799 2025/04/24 18:49:59 1 100 24 78 490 4 1798 3 0 0 0 0 85356 100 0 0
SEP
CPU yadrolab-wp11 1745509800 2025/04/24 18:50:00 1 100 24 98 385 13 1876 3 0 0 0 0 75747 100 0 0
SEP
CPU yadrolab-wp11 1745509801 2025/04/24 18:50:01 1 100 24 98 569 6 1725 4 0 0 0 0 77300 100 0 0
SEP
CPU yadrolab-wp11 1745509802 2025/04/24 18:50:02 1 100 24 78 485 3 1801 2 0 0 0 0 68294 100 0 0
SEP
CPU yadrolab-wp11 1745509803 2025/04/24 18:50:03 1 100 24 84 504 4 1792 6 0 0 0 0 77373 100 0 0
SEP
CPU yadrolab-wp11 1745509804 2025/04/24 18:50:04 1 100 24 63 296 3 2013 2 0 0 0 0 78557 100 0 0
SEP
CPU yadrolab-wp11 1745509805 2025/04/24 18:50:05 1 100 24 13 6 1 2373 0 0 0 0 0 76783 100 0 0
SEP
CPU yadrolab-wp11 1745509806 2025/04/24 18:50:06 1 100 24 15 6 1 2373 0 0 0 0 0 75293 100 0 0
SEP
CPU yadrolab-wp11 1745509807 2025/04/24 18:50:07 1 100 24 11 7 2 2375 0 0 0 0 0 76671 100 0 0
SEP
CPU yadrolab-wp11 1745509808 2025/04/24 18:50:08 1 100 24 22 17 1 2348 0 0 0 0 0 75629 100 0 0
SEP
CPU yadrolab-wp11 1745509809 2025/04/24 18:50:09 1 100 24 14 6 1 2373 0 0 0 0 0 76677 100 0 0
SEP
CPU yadrolab-wp11 1745509810 2025/04/24 18:50:10 1 100 24 11 9 3 2372 0 0 0 0 0 76821 100 0 0
SEP
CPU yadrolab-wp11 1745509811 2025/04/24 18:50:11 1 100 24 12 9 1 2374 0 0 0 0 0 76127 100 0 0
SEP
CPU yadrolab-wp11 1745509812 2025/04/24 18:50:12 1 100 24 15 7 0 2375 0 0 0 0 0 77456 100 0 0
SEP
CPU yadrolab-wp11 1745509813 2025/04/24 18:50:13 1 100 24 14 6 1 2375 0 0 0 0 0 77293 100 0 0
SEP
