1074 
889 
862 
820 
804 
814 
841 
822 
828 
802 
820 
860 
827 
761 
809 
806 
806 
916 
885 
798 
797 
803 
892 
919 
958 
948 
878 
844 
843 
835 
869 
864 
815 
830 
798 
846 
797 
826 
803 
859 
861 
756 
850 
821 
801 
792 
818 
771 
815 
836 
822 
776 
781 
835 
824 
875 
870 
784 
778 
885 
842 
812 
860 
836 
760 
813 
829 
733 
845 
807 
852 
859 
819 
890 
803 
813 
853 
821 
825 
820 
842 
759 
897 
841 
785 
783 
843 
786 
816 
812 
799 
798 
814 
799 
793 
778 
819 
846 
813 
845 
