              total        used        free      shared  buff/cache   available
Mem:          33447        3894        1485         160       28067       28895
Swap:          2147         438        1708
Total:        35595        4333        3194

              total        used        free      shared  buff/cache   available
Mem:          33447        3899        1477         163       28070       28887
Swap:          2147         438        1708
Total:        35595        4338        3186

              total        used        free      shared  buff/cache   available
Mem:          33447        3901        1475         163       28070       28884
Swap:          2147         438        1708
Total:        35595        4340        3184

              total        used        free      shared  buff/cache   available
Mem:          33447        3902        1474         164       28070       28884
Swap:          2147         438        1708
Total:        35595        4340        3183

              total        used        free      shared  buff/cache   available
Mem:          33447        3901        1475         163       28070       28884
Swap:          2147         438        1708
Total:        35595        4340        3184

              total        used        free      shared  buff/cache   available
Mem:          33447        3901        1478         160       28067       28887
Swap:          2147         438        1708
Total:        35595        4340        3187

              total        used        free      shared  buff/cache   available
Mem:          33447        3901        1478         160       28067       28887
Swap:          2147         438        1708
Total:        35595        4340        3187

              total        used        free      shared  buff/cache   available
Mem:          33447        3902        1477         160       28067       28887
Swap:          2147         438        1708
Total:        35595        4341        3186

              total        used        free      shared  buff/cache   available
Mem:          33447        3902        1477         160       28067       28887
Swap:          2147         438        1708
Total:        35595        4341        3186

              total        used        free      shared  buff/cache   available
Mem:          33447        3901        1478         160       28067       28888
Swap:          2147         438        1708
Total:        35595        4340        3187

              total        used        free      shared  buff/cache   available
Mem:          33447        3904        1476         160       28067       28885
Swap:          2147         438        1708
Total:        35595        4342        3184

              total        used        free      shared  buff/cache   available
Mem:          33447        4004        1375         160       28067       28785
Swap:          2147         438        1708
Total:        35595        4442        3084

              total        used        free      shared  buff/cache   available
Mem:          33447        4033        1345         160       28068       28756
Swap:          2147         438        1708
Total:        35595        4471        3054

              total        used        free      shared  buff/cache   available
Mem:          33447        4029        1349         160       28068       28760
Swap:          2147         438        1708
Total:        35595        4468        3058

              total        used        free      shared  buff/cache   available
Mem:          33447        4011        1367         160       28068       28778
Swap:          2147         438        1708
Total:        35595        4450        3076

              total        used        free      shared  buff/cache   available
Mem:          33447        4028        1350         160       28068       28760
Swap:          2147         438        1708
Total:        35595        4467        3059

              total        used        free      shared  buff/cache   available
Mem:          33447        4006        1371         160       28069       28783
Swap:          2147         438        1708
Total:        35595        4444        3080

              total        used        free      shared  buff/cache   available
Mem:          33447        4021        1356         160       28069       28767
Swap:          2147         438        1708
Total:        35595        4460        3065

              total        used        free      shared  buff/cache   available
Mem:          33447        4005        1371         160       28070       28783
Swap:          2147         438        1708
Total:        35595        4444        3080

              total        used        free      shared  buff/cache   available
Mem:          33447        3903        1474         158       28069       28888
Swap:          2147         438        1708
Total:        35595        4342        3183

              total        used        free      shared  buff/cache   available
Mem:          33447        3925        1455         155       28066       28869
Swap:          2147         438        1708
Total:        35595        4364        3164

              total        used        free      shared  buff/cache   available
Mem:          33447        3924        1455         155       28067       28870
Swap:          2147         438        1708
Total:        35595        4363        3164

              total        used        free      shared  buff/cache   available
Mem:          33447        3901        1479         155       28066       28893
Swap:          2147         438        1708
Total:        35595        4340        3188

              total        used        free      shared  buff/cache   available
Mem:          33447        3923        1457         155       28067       28871
Swap:          2147         438        1708
Total:        35595        4361        3166

              total        used        free      shared  buff/cache   available
Mem:          33447        3910        1468         155       28068       28885
Swap:          2147         438        1708
Total:        35595        4348        3177

              total        used        free      shared  buff/cache   available
Mem:          33447        3939        1437         157       28070       28853
Swap:          2147         438        1708
Total:        35595        4377        3146

              total        used        free      shared  buff/cache   available
Mem:          33447        3951        1424         157       28071       28841
Swap:          2147         438        1708
Total:        35595        4390        3133

              total        used        free      shared  buff/cache   available
Mem:          33447        3940        1431         161       28075       28849
Swap:          2147         438        1708
Total:        35595        4378        3140

              total        used        free      shared  buff/cache   available
Mem:          33447        3944        1425         163       28077       28843
Swap:          2147         438        1708
Total:        35595        4382        3134

              total        used        free      shared  buff/cache   available
Mem:          33447        4069        1301         161       28075       28719
Swap:          2147         438        1708
Total:        35595        4508        3010

              total        used        free      shared  buff/cache   available
Mem:          33447        4091        1280         161       28075       28698
Swap:          2147         438        1708
Total:        35595        4529        2989

              total        used        free      shared  buff/cache   available
Mem:          33447        4074        1293         164       28079       28711
Swap:          2147         438        1708
Total:        35595        4513        3002

              total        used        free      shared  buff/cache   available
Mem:          33447        4053        1314         164       28079       28732
Swap:          2147         438        1708
Total:        35595        4492        3023

              total        used        free      shared  buff/cache   available
Mem:          33447        4042        1323         164       28080       28743
Swap:          2147         438        1708
Total:        35595        4481        3032

              total        used        free      shared  buff/cache   available
Mem:          33447        4048        1317         164       28081       28737
Swap:          2147         438        1708
Total:        35595        4487        3026

              total        used        free      shared  buff/cache   available
Mem:          33447        4055        1313         161       28078       28733
Swap:          2147         438        1708
Total:        35595        4494        3022

              total        used        free      shared  buff/cache   available
Mem:          33447        4064        1304         161       28078       28724
Swap:          2147         438        1708
Total:        35595        4502        3013

              total        used        free      shared  buff/cache   available
Mem:          33447        4061        1306         161       28079       28728
Swap:          2147         438        1708
Total:        35595        4499        3015

              total        used        free      shared  buff/cache   available
Mem:          33447        4043        1322         161       28080       28745
Swap:          2147         438        1708
Total:        35595        4482        3031

              total        used        free      shared  buff/cache   available
Mem:          33447        4030        1335         161       28081       28758
Swap:          2147         438        1708
Total:        35595        4469        3044

              total        used        free      shared  buff/cache   available
Mem:          33447        4044        1321         161       28081       28744
Swap:          2147         438        1708
Total:        35595        4483        3030

              total        used        free      shared  buff/cache   available
Mem:          33447        4051        1314         161       28081       28737
Swap:          2147         438        1708
Total:        35595        4490        3022

              total        used        free      shared  buff/cache   available
Mem:          33447        4034        1330         161       28082       28754
Swap:          2147         438        1708
Total:        35595        4473        3039

              total        used        free      shared  buff/cache   available
Mem:          33447        4034        1330         161       28083       28755
Swap:          2147         438        1708
Total:        35595        4472        3038

              total        used        free      shared  buff/cache   available
Mem:          33447        4065        1298         161       28083       28723
Swap:          2147         438        1708
Total:        35595        4504        3007

              total        used        free      shared  buff/cache   available
Mem:          33447        4047        1316         161       28083       28741
Swap:          2147         438        1708
Total:        35595        4485        3025

              total        used        free      shared  buff/cache   available
Mem:          33447        4064        1298         161       28083       28724
Swap:          2147         438        1708
Total:        35595        4503        3007

              total        used        free      shared  buff/cache   available
Mem:          33447        4031        1331         161       28084       28757
Swap:          2147         438        1708
Total:        35595        4470        3040

              total        used        free      shared  buff/cache   available
Mem:          33447        4035        1326         161       28084       28753
Swap:          2147         438        1708
Total:        35595        4474        3035

              total        used        free      shared  buff/cache   available
Mem:          33447        4035        1326         161       28085       28753
Swap:          2147         438        1708
Total:        35595        4473        3035

              total        used        free      shared  buff/cache   available
Mem:          33447        4030        1331         161       28085       28758
Swap:          2147         438        1708
Total:        35595        4469        3039

              total        used        free      shared  buff/cache   available
Mem:          33447        4054        1307         161       28085       28734
Swap:          2147         438        1708
Total:        35595        4493        3016

              total        used        free      shared  buff/cache   available
Mem:          33447        4050        1312         161       28084       28739
Swap:          2147         438        1708
Total:        35595        4488        3021

              total        used        free      shared  buff/cache   available
Mem:          33447        4042        1319         161       28085       28746
Swap:          2147         438        1708
Total:        35595        4481        3027

              total        used        free      shared  buff/cache   available
Mem:          33447        4058        1302         161       28086       28730
Swap:          2147         438        1708
Total:        35595        4497        3011

              total        used        free      shared  buff/cache   available
Mem:          33447        4021        1340         161       28086       28767
Swap:          2147         438        1708
Total:        35595        4460        3048

              total        used        free      shared  buff/cache   available
Mem:          33447        4013        1346         161       28087       28775
Swap:          2147         438        1708
Total:        35595        4452        3055

              total        used        free      shared  buff/cache   available
Mem:          33447        4018        1341         161       28087       28770
Swap:          2147         438        1708
Total:        35595        4456        3050

              total        used        free      shared  buff/cache   available
Mem:          33447        4005        1353         161       28088       28783
Swap:          2147         438        1708
Total:        35595        4444        3062

              total        used        free      shared  buff/cache   available
Mem:          33447        4011        1347         161       28088       28778
Swap:          2147         438        1708
Total:        35595        4449        3056

              total        used        free      shared  buff/cache   available
Mem:          33447        4029        1328         161       28089       28759
Swap:          2147         438        1708
Total:        35595        4468        3037

              total        used        free      shared  buff/cache   available
Mem:          33447        4019        1335         164       28092       28765
Swap:          2147         438        1708
Total:        35595        4458        3044

              total        used        free      shared  buff/cache   available
Mem:          33447        4017        1337         164       28092       28768
Swap:          2147         438        1708
Total:        35595        4456        3046

              total        used        free      shared  buff/cache   available
Mem:          33447        4034        1318         164       28094       28751
Swap:          2147         438        1708
Total:        35595        4473        3027

              total        used        free      shared  buff/cache   available
Mem:          33447        4031        1321         164       28094       28754
Swap:          2147         438        1708
Total:        35595        4470        3030

              total        used        free      shared  buff/cache   available
Mem:          33447        4022        1334         161       28091       28767
Swap:          2147         438        1708
Total:        35595        4460        3043

              total        used        free      shared  buff/cache   available
Mem:          33447        4021        1334         161       28091       28767
Swap:          2147         438        1708
Total:        35595        4460        3043

              total        used        free      shared  buff/cache   available
Mem:          33447        4023        1332         161       28091       28765
Swap:          2147         438        1708
Total:        35595        4462        3041

              total        used        free      shared  buff/cache   available
Mem:          33447        4027        1332         158       28088       28765
Swap:          2147         438        1708
Total:        35595        4465        3041

              total        used        free      shared  buff/cache   available
Mem:          33447        3936        1422         158       28088       28855
Swap:          2147         438        1708
Total:        35595        4375        3131

              total        used        free      shared  buff/cache   available
Mem:          33447        3936        1423         158       28088       28856
Swap:          2147         438        1708
Total:        35595        4374        3132

              total        used        free      shared  buff/cache   available
Mem:          33447        3934        1425         158       28088       28857
Swap:          2147         438        1708
Total:        35595        4372        3133

              total        used        free      shared  buff/cache   available
Mem:          33447        3935        1424         158       28088       28856
Swap:          2147         438        1708
Total:        35595        4373        3132

              total        used        free      shared  buff/cache   available
Mem:          33447        3934        1425         158       28088       28858
Swap:          2147         438        1708
Total:        35595        4372        3134

              total        used        free      shared  buff/cache   available
Mem:          33447        3934        1424         158       28088       28857
Swap:          2147         438        1708
Total:        35595        4373        3133
