RESET
CPU laptop 1745516704 2025/04/24 20:45:04 638274 100 12 3422045 6368092 70432 154722131 259611 0 77608 0 0 41202 100 0 0
SEP
CPU laptop 1745516705 2025/04/24 20:45:05 1 100 12 79 83 0 1030 1 0 0 0 0 22679 100 0 0
SEP
CPU laptop 1745516706 2025/04/24 20:45:06 1 100 12 89 43 0 1052 3 0 1 0 0 22349 100 0 0
SEP
CPU laptop 1745516707 2025/04/24 20:45:07 1 100 12 72 20 0 1105 1 0 0 0 0 21962 100 0 0
SEP
CPU laptop 1745516708 2025/04/24 20:45:08 1 100 12 71 16 0 1110 1 0 0 0 0 22388 100 0 0
SEP
CPU laptop 1745516709 2025/04/24 20:45:09 1 100 12 74 29 0 1093 0 0 1 0 0 19689 100 0 0
SEP
CPU laptop 1745516710 2025/04/24 20:45:10 1 100 12 71 17 0 1106 4 0 0 0 0 22352 100 0 0
SEP
CPU laptop 1745516711 2025/04/24 20:45:11 1 100 12 72 15 0 1110 1 0 0 0 0 19671 100 0 0
SEP
CPU laptop 1745516712 2025/04/24 20:45:12 1 100 12 71 17 0 1108 1 0 0 0 0 20081 100 0 0
SEP
CPU laptop 1745516713 2025/04/24 20:45:13 1 100 12 70 17 0 1111 1 0 0 0 0 20065 100 0 0
SEP
CPU laptop 1745516714 2025/04/24 20:45:14 1 100 12 72 19 0 1104 0 0 0 0 0 20076 100 0 0
SEP
CPU laptop 1745516715 2025/04/24 20:45:15 1 100 12 159 228 0 789 12 0 1 0 0 22934 100 0 0
SEP
CPU laptop 1745516716 2025/04/24 20:45:16 1 100 12 149 175 1 837 19 0 1 0 0 47756 100 0 0
SEP
CPU laptop 1745516717 2025/04/24 20:45:17 1 100 12 137 163 1 868 11 0 1 0 0 30148 100 0 0
SEP
CPU laptop 1745516718 2025/04/24 20:45:18 1 100 12 127 230 0 824 6 0 1 0 0 22716 100 0 0
SEP
CPU laptop 1745516719 2025/04/24 20:45:19 1 100 12 146 184 1 825 29 0 1 0 0 47816 100 0 0
SEP
CPU laptop 1745516720 2025/04/24 20:45:20 1 100 12 128 126 1 923 13 0 2 0 0 31619 100 0 0
SEP
CPU laptop 1745516721 2025/04/24 20:45:21 1 100 12 131 229 0 824 6 0 0 0 0 22684 100 0 0
SEP
CPU laptop 1745516722 2025/04/24 20:45:22 1 100 12 139 236 1 791 18 0 2 0 0 29677 100 0 0
SEP
CPU laptop 1745516723 2025/04/24 20:45:23 1 100 12 144 95 0 928 16 0 2 0 0 27343 100 0 0
SEP
CPU laptop 1745516724 2025/04/24 20:45:24 1 100 12 114 213 0 861 4 0 0 0 0 25669 100 0 0
SEP
CPU laptop 1745516725 2025/04/24 20:45:25 1 100 12 139 215 1 814 16 0 1 0 0 21837 100 0 0
SEP
CPU laptop 1745516726 2025/04/24 20:45:26 1 100 12 145 90 1 926 18 0 1 0 0 22870 100 0 0
SEP
CPU laptop 1745516727 2025/04/24 20:45:27 1 100 12 123 218 0 840 9 0 1 0 0 32553 100 0 0
SEP
CPU laptop 1745516728 2025/04/24 20:45:28 1 100 12 132 225 1 820 11 0 0 0 0 25252 100 0 0
SEP
CPU laptop 1745516729 2025/04/24 20:45:29 1 100 12 144 237 1 782 17 0 1 0 0 30460 100 0 0
SEP
CPU laptop 1745516730 2025/04/24 20:45:30 1 100 12 143 92 0 934 17 0 1 0 0 39212 100 0 0
SEP
CPU laptop 1745516731 2025/04/24 20:45:31 1 100 12 113 205 0 876 2 0 0 0 0 24262 100 0 0
SEP
CPU laptop 1745516732 2025/04/24 20:45:32 1 100 12 139 238 1 788 17 0 2 0 0 29847 100 0 0
SEP
CPU laptop 1745516733 2025/04/24 20:45:33 1 100 12 152 93 1 920 16 0 1 0 0 24328 100 0 0
SEP
CPU laptop 1745516734 2025/04/24 20:45:34 1 100 12 112 212 0 865 4 0 1 0 0 23408 100 0 0
SEP
CPU laptop 1745516735 2025/04/24 20:45:35 1 100 12 146 218 1 806 16 0 2 0 0 28553 100 0 0
SEP
CPU laptop 1745516736 2025/04/24 20:45:36 1 100 12 157 111 1 893 19 0 0 0 0 47814 100 0 0
SEP
CPU laptop 1745516737 2025/04/24 20:45:37 1 100 12 127 198 0 853 12 0 2 0 0 28218 100 0 0
SEP
CPU laptop 1745516738 2025/04/24 20:45:38 1 100 12 130 230 0 820 8 0 0 0 0 23789 100 0 0
SEP
CPU laptop 1745516739 2025/04/24 20:45:39 1 100 12 150 236 1 777 19 0 1 0 0 24969 100 0 0
SEP
CPU laptop 1745516740 2025/04/24 20:45:40 1 100 12 144 85 1 938 16 0 0 0 0 45453 100 0 0
SEP
CPU laptop 1745516741 2025/04/24 20:45:41 1 100 12 112 211 0 869 2 0 0 0 0 31986 100 0 0
SEP
CPU laptop 1745516742 2025/04/24 20:45:42 1 100 12 137 243 1 785 17 0 2 0 0 26046 100 0 0
SEP
CPU laptop 1745516743 2025/04/24 20:45:43 1 100 12 151 89 0 923 18 0 1 0 0 30134 100 0 0
SEP
CPU laptop 1745516744 2025/04/24 20:45:44 1 100 12 116 216 0 854 4 0 1 0 0 23457 100 0 0
SEP
CPU laptop 1745516745 2025/04/24 20:45:45 1 100 12 134 225 1 812 15 0 1 0 0 23787 100 0 0
SEP
CPU laptop 1745516746 2025/04/24 20:45:46 1 100 12 154 162 1 851 18 0 1 0 0 47818 100 0 0
SEP
CPU laptop 1745516747 2025/04/24 20:45:47 1 100 12 133 156 1 887 14 0 0 0 0 34550 100 0 0
SEP
CPU laptop 1745516748 2025/04/24 20:45:48 1 100 12 125 220 0 840 6 0 0 0 0 23432 100 0 0
SEP
CPU laptop 1745516749 2025/04/24 20:45:49 1 100 12 161 270 0 736 18 0 1 0 0 25528 100 0 0
SEP
CPU laptop 1745516750 2025/04/24 20:45:50 1 100 12 141 94 1 930 17 0 1 0 0 37077 100 0 0
SEP
CPU laptop 1745516751 2025/04/24 20:45:51 1 100 12 116 215 0 859 3 0 1 0 0 24235 100 0 0
SEP
CPU laptop 1745516752 2025/04/24 20:45:52 1 100 12 142 230 1 798 17 0 1 0 0 23268 100 0 0
SEP
CPU laptop 1745516753 2025/04/24 20:45:53 1 100 12 145 93 1 927 15 0 1 0 0 25339 100 0 0
SEP
CPU laptop 1745516754 2025/04/24 20:45:54 1 100 12 121 210 0 850 8 0 1 0 0 26139 100 0 0
SEP
CPU laptop 1745516755 2025/04/24 20:45:55 1 100 12 134 230 1 818 9 0 0 0 0 23976 100 0 0
SEP
CPU laptop 1745516756 2025/04/24 20:45:56 1 100 12 144 237 1 782 19 0 1 0 0 30085 100 0 0
SEP
CPU laptop 1745516757 2025/04/24 20:45:57 1 100 12 141 102 1 924 17 0 1 0 0 33363 100 0 0
SEP
CPU laptop 1745516758 2025/04/24 20:45:58 1 100 12 114 214 0 863 3 0 0 0 0 23459 100 0 0
SEP
CPU laptop 1745516759 2025/04/24 20:45:59 1 100 12 139 226 0 806 16 0 2 0 0 25349 100 0 0
SEP
CPU laptop 1745516760 2025/04/24 20:46:00 1 100 12 154 93 1 914 18 0 1 0 0 25306 100 0 0
SEP
CPU laptop 1745516761 2025/04/24 20:46:01 1 100 12 126 211 0 845 8 0 0 0 0 32535 100 0 0
SEP
CPU laptop 1745516762 2025/04/24 20:46:02 1 100 12 128 231 1 817 10 0 1 0 0 26405 100 0 0
SEP
CPU laptop 1745516763 2025/04/24 20:46:03 1 100 12 138 236 0 792 18 0 2 0 0 30161 100 0 0
SEP
CPU laptop 1745516764 2025/04/24 20:46:04 1 100 12 146 98 1 920 22 0 1 0 0 39919 100 0 0
SEP
CPU laptop 1745516765 2025/04/24 20:46:05 1 100 12 117 206 0 869 2 0 0 0 0 35626 100 0 0
SEP
CPU laptop 1745516766 2025/04/24 20:46:06 1 100 12 147 226 1 794 18 0 0 0 0 28265 100 0 0
SEP
CPU laptop 1745516767 2025/04/24 20:46:07 1 100 12 147 89 0 928 17 0 1 0 0 25916 100 0 0
SEP
CPU laptop 1745516768 2025/04/24 20:46:08 1 100 12 121 214 0 848 8 0 1 0 0 27871 100 0 0
SEP
CPU laptop 1745516769 2025/04/24 20:46:09 1 100 12 136 228 1 811 11 0 1 0 0 22716 100 0 0
SEP
CPU laptop 1745516770 2025/04/24 20:46:10 1 100 12 145 226 1 793 19 0 0 0 0 47884 100 0 0
SEP
CPU laptop 1745516771 2025/04/24 20:46:11 1 100 12 148 99 1 919 17 0 1 0 0 31135 100 0 0
SEP
CPU laptop 1745516772 2025/04/24 20:46:12 1 100 12 127 206 0 853 4 0 1 0 0 21178 100 0 0
SEP
CPU laptop 1745516773 2025/04/24 20:46:13 1 100 12 138 237 0 794 16 0 0 0 0 30262 100 0 0
SEP
CPU laptop 1745516774 2025/04/24 20:46:14 1 100 12 143 96 1 922 18 0 1 0 0 29505 100 0 0
SEP
CPU laptop 1745516775 2025/04/24 20:46:15 1 100 12 116 212 0 863 2 0 0 0 0 23458 100 0 0
SEP
CPU laptop 1745516776 2025/04/24 20:46:16 1 100 12 134 244 1 795 14 0 2 0 0 23757 100 0 0
SEP
CPU laptop 1745516777 2025/04/24 20:46:17 1 100 12 144 150 1 869 17 0 1 0 0 47732 100 0 0
SEP
CPU laptop 1745516778 2025/04/24 20:46:18 1 100 12 131 152 0 892 13 0 1 0 0 46717 100 0 0
SEP
CPU laptop 1745516779 2025/04/24 20:46:19 1 100 12 124 220 0 840 5 0 0 0 0 23369 100 0 0
SEP
CPU laptop 1745516780 2025/04/24 20:46:20 1 100 12 141 241 1 785 18 0 1 0 0 25491 100 0 0
SEP
CPU laptop 1745516781 2025/04/24 20:46:21 1 100 12 143 95 1 928 16 0 1 0 0 25676 100 0 0
SEP
CPU laptop 1745516782 2025/04/24 20:46:22 1 100 12 114 214 0 863 3 0 0 0 0 23455 100 0 0
SEP
CPU laptop 1745516783 2025/04/24 20:46:23 1 100 12 139 223 0 807 18 0 1 0 0 24537 100 0 0
SEP
CPU laptop 1745516784 2025/04/24 20:46:24 1 100 12 147 85 1 928 20 0 1 0 0 28552 100 0 0
SEP
CPU laptop 1745516785 2025/04/24 20:46:25 1 100 12 122 213 1 850 5 0 1 0 0 23421 100 0 0
SEP
CPU laptop 1745516786 2025/04/24 20:46:26 1 100 12 131 230 0 817 11 0 1 0 0 23786 100 0 0
SEP
CPU laptop 1745516787 2025/04/24 20:46:27 1 100 12 139 122 1 898 22 0 2 0 0 47816 100 0 0
SEP
CPU laptop 1745516788 2025/04/24 20:46:28 1 100 12 124 180 1 871 12 0 1 0 0 27703 100 0 0
SEP
CPU laptop 1745516789 2025/04/24 20:46:29 1 100 12 129 222 0 833 6 0 0 0 0 28224 100 0 0
SEP
CPU laptop 1745516790 2025/04/24 20:46:30 1 100 12 140 233 1 793 17 0 1 0 0 25903 100 0 0
SEP
CPU laptop 1745516791 2025/04/24 20:46:31 1 100 12 152 93 1 922 18 0 1 0 0 29759 100 0 0
SEP
CPU laptop 1745516792 2025/04/24 20:46:32 1 100 12 120 215 0 856 3 0 1 0 0 23444 100 0 0
SEP
CPU laptop 1745516793 2025/04/24 20:46:33 1 100 12 134 223 0 814 15 0 0 0 0 26440 100 0 0
SEP
CPU laptop 1745516794 2025/04/24 20:46:34 1 100 12 149 144 1 873 17 0 1 0 0 47848 100 0 0
SEP
CPU laptop 1745516795 2025/04/24 20:46:35 1 100 12 131 158 1 888 12 0 1 0 0 29506 100 0 0
SEP
CPU laptop 1745516796 2025/04/24 20:46:36 1 100 12 128 236 0 818 6 0 2 0 0 23421 100 0 0
SEP
CPU laptop 1745516797 2025/04/24 20:46:37 1 100 12 141 234 1 785 20 0 1 0 0 25457 100 0 0
SEP
CPU laptop 1745516798 2025/04/24 20:46:38 1 100 12 142 92 0 928 17 0 1 0 0 25530 100 0 0
SEP
CPU laptop 1745516799 2025/04/24 20:46:39 1 100 12 113 215 0 864 3 0 0 0 0 23454 100 0 0
SEP
CPU laptop 1745516800 2025/04/24 20:46:40 1 100 12 140 225 1 806 16 0 1 0 0 23728 100 0 0
SEP
CPU laptop 1745516801 2025/04/24 20:46:41 1 100 12 147 91 1 923 17 0 1 0 0 22956 100 0 0
SEP
CPU laptop 1745516802 2025/04/24 20:46:42 1 100 12 119 218 0 846 9 0 2 0 0 24682 100 0 0
SEP
CPU laptop 1745516803 2025/04/24 20:46:43 1 100 12 129 226 1 823 10 0 0 0 0 23395 100 0 0
SEP
CPU laptop 1745516804 2025/04/24 20:46:44 1 100 12 142 231 0 791 18 0 1 0 0 46213 100 0 0
SEP
CPU laptop 1745516805 2025/04/24 20:46:45 1 100 12 143 92 1 936 15 0 2 0 0 33348 100 0 0
SEP
CPU laptop 1745516806 2025/04/24 20:46:46 1 100 12 118 193 0 878 2 0 0 0 0 22502 100 0 0
SEP
CPU laptop 1745516807 2025/04/24 20:46:47 1 100 12 144 236 1 783 19 0 1 0 0 24937 100 0 0
SEP
CPU laptop 1745516808 2025/04/24 20:46:48 1 100 12 149 92 0 929 16 0 1 0 0 29140 100 0 0
SEP
CPU laptop 1745516809 2025/04/24 20:46:49 1 100 12 124 231 0 832 4 0 1 0 0 26047 100 0 0
SEP
CPU laptop 1745516810 2025/04/24 20:46:50 1 100 12 137 230 1 798 18 0 1 0 0 23477 100 0 0
SEP
CPU laptop 1745516811 2025/04/24 20:46:51 1 100 12 152 90 1 927 17 0 2 0 0 22729 100 0 0
SEP
CPU laptop 1745516812 2025/04/24 20:46:52 1 100 12 122 211 0 848 6 0 0 0 0 23379 100 0 0
SEP
CPU laptop 1745516813 2025/04/24 20:46:53 1 100 12 130 227 1 819 11 0 1 0 0 27918 100 0 0
SEP
CPU laptop 1745516814 2025/04/24 20:46:54 1 100 12 140 208 0 815 18 0 1 0 0 47896 100 0 0
SEP
CPU laptop 1745516815 2025/04/24 20:46:55 1 100 12 137 118 1 916 14 0 0 0 0 29101 100 0 0
SEP
CPU laptop 1745516816 2025/04/24 20:46:56 1 100 12 115 193 0 882 2 0 1 0 0 24537 100 0 0
SEP
CPU laptop 1745516817 2025/04/24 20:46:57 1 100 12 142 234 1 790 17 0 1 0 0 23756 100 0 0
SEP
CPU laptop 1745516818 2025/04/24 20:46:58 1 100 12 148 99 0 917 17 0 1 0 0 30123 100 0 0
SEP
CPU laptop 1745516819 2025/04/24 20:46:59 1 100 12 110 216 0 863 2 0 0 0 0 23432 100 0 0
SEP
CPU laptop 1745516820 2025/04/24 20:47:00 1 100 12 135 218 1 818 16 0 1 0 0 24041 100 0 0
SEP
CPU laptop 1745516821 2025/04/24 20:47:01 1 100 12 145 90 1 931 17 0 1 0 0 26070 100 0 0
SEP
CPU laptop 1745516822 2025/04/24 20:47:02 1 100 12 121 217 0 844 7 0 0 0 0 30915 100 0 0
SEP
CPU laptop 1745516823 2025/04/24 20:47:03 1 100 12 131 225 1 820 12 0 0 0 0 25620 100 0 0
SEP
CPU laptop 1745516824 2025/04/24 20:47:04 1 100 12 151 191 0 823 18 0 1 0 0 47728 100 0 0
SEP
CPU laptop 1745516825 2025/04/24 20:47:05 1 100 12 148 125 1 900 14 0 1 0 0 25569 100 0 0
SEP
CPU laptop 1745516826 2025/04/24 20:47:06 1 100 12 117 212 0 855 4 0 1 0 0 30133 100 0 0
SEP
CPU laptop 1745516827 2025/04/24 20:47:07 1 100 12 138 237 1 788 19 0 2 0 0 24468 100 0 0
SEP
CPU laptop 1745516828 2025/04/24 20:47:08 1 100 12 142 90 0 935 17 0 1 0 0 41463 100 0 0
SEP
CPU laptop 1745516829 2025/04/24 20:47:09 1 100 12 117 209 0 863 4 0 0 0 0 20879 100 0 0
SEP
CPU laptop 1745516830 2025/04/24 20:47:10 1 100 12 135 220 1 811 17 0 1 0 0 22708 100 0 0
SEP
CPU laptop 1745516831 2025/04/24 20:47:11 1 100 12 154 92 1 924 17 0 2 0 0 23528 100 0 0
SEP
CPU laptop 1745516832 2025/04/24 20:47:12 1 100 12 120 209 0 849 10 0 1 0 0 27823 100 0 0
SEP
CPU laptop 1745516833 2025/04/24 20:47:13 1 100 12 137 232 1 810 10 0 0 0 0 23476 100 0 0
SEP
CPU laptop 1745516834 2025/04/24 20:47:14 1 100 12 144 227 0 792 19 0 1 0 0 47870 100 0 0
SEP
CPU laptop 1745516835 2025/04/24 20:47:15 1 100 12 140 96 1 937 16 0 2 0 0 24503 100 0 0
SEP
CPU laptop 1745516836 2025/04/24 20:47:16 1 100 12 119 189 0 884 2 0 0 0 0 23465 100 0 0
SEP
CPU laptop 1745516837 2025/04/24 20:47:17 1 100 12 141 242 1 784 16 0 1 0 0 27829 100 0 0
SEP
CPU laptop 1745516838 2025/04/24 20:47:18 1 100 12 144 90 1 924 19 0 1 0 0 38197 100 0 0
SEP
CPU laptop 1745516839 2025/04/24 20:47:19 1 100 12 120 223 1 840 7 0 1 0 0 23462 100 0 0
SEP
CPU laptop 1745516840 2025/04/24 20:47:20 1 100 12 134 220 0 821 11 0 1 0 0 28200 100 0 0
SEP
CPU laptop 1745516841 2025/04/24 20:47:21 1 100 12 144 198 1 831 18 0 1 0 0 47900 100 0 0
SEP
CPU laptop 1745516842 2025/04/24 20:47:22 1 100 12 146 121 2 905 13 0 1 0 0 34590 100 0 0
SEP
CPU laptop 1745516843 2025/04/24 20:47:23 1 100 12 117 186 0 884 4 0 0 0 0 21138 100 0 0
SEP
CPU laptop 1745516844 2025/04/24 20:47:24 1 100 12 142 236 0 785 20 0 1 0 0 25984 100 0 0
SEP
CPU laptop 1745516845 2025/04/24 20:47:25 1 100 12 144 95 1 928 17 0 1 0 0 22230 100 0 0
SEP
CPU laptop 1745516846 2025/04/24 20:47:26 1 100 12 109 214 0 867 3 0 1 0 0 27839 100 0 0
SEP
CPU laptop 1745516847 2025/04/24 20:47:27 1 100 12 142 226 1 801 17 0 1 0 0 26020 100 0 0
SEP
CPU laptop 1745516848 2025/04/24 20:47:28 1 100 12 149 116 1 891 21 0 1 0 0 30219 100 0 0
SEP
CPU laptop 1745516849 2025/04/24 20:47:29 1 100 12 118 216 0 855 3 0 0 0 0 23426 100 0 0
SEP
CPU laptop 1745516850 2025/04/24 20:47:30 1 100 12 152 217 1 800 16 0 1 0 0 20755 100 0 0
SEP
CPU laptop 1745516851 2025/04/24 20:47:31 1 100 12 146 95 1 921 19 0 1 0 0 26755 100 0 0
SEP
CPU laptop 1745516852 2025/04/24 20:47:32 1 100 12 126 209 0 851 7 0 1 0 0 27458 100 0 0
SEP
CPU laptop 1745516853 2025/04/24 20:47:33 1 100 12 134 229 1 814 10 0 0 0 0 27390 100 0 0
SEP
CPU laptop 1745516854 2025/04/24 20:47:34 1 100 12 148 180 1 840 17 0 1 0 0 47818 100 0 0
SEP
CPU laptop 1745516855 2025/04/24 20:47:35 1 100 12 125 138 0 916 11 0 1 0 0 29934 100 0 0
SEP
CPU laptop 1745516856 2025/04/24 20:47:36 1 100 12 132 234 0 809 12 0 1 0 0 25991 100 0 0
SEP
CPU laptop 1745516857 2025/04/24 20:47:37 1 100 12 95 43 1 1046 7 0 0 0 0 21537 100 0 0
SEP
CPU laptop 1745516858 2025/04/24 20:47:38 1 100 12 69 18 0 1109 1 0 0 0 0 17167 100 0 0
SEP
CPU laptop 1745516859 2025/04/24 20:47:39 1 100 12 73 14 0 1112 1 0 0 0 0 21470 100 0 0
SEP
CPU laptop 1745516860 2025/04/24 20:47:40 1 100 12 80 17 0 1099 0 0 0 0 0 21123 100 0 0
SEP
CPU laptop 1745516861 2025/04/24 20:47:41 1 100 12 71 16 0 1111 1 0 0 0 0 20180 100 0 0
SEP
CPU laptop 1745516862 2025/04/24 20:47:42 1 100 12 69 15 0 1112 2 0 0 0 0 21994 100 0 0
SEP
CPU laptop 1745516863 2025/04/24 20:47:43 1 100 12 69 15 0 1114 1 0 1 0 0 21694 100 0 0
SEP
CPU laptop 1745516864 2025/04/24 20:47:44 1 100 12 69 16 0 1112 1 0 0 0 0 20009 100 0 0
SEP
CPU laptop 1745516865 2025/04/24 20:47:45 1 100 12 69 15 0 1114 0 0 0 0 0 19494 100 0 0
SEP
CPU laptop 1745516866 2025/04/24 20:47:46 1 100 12 68 16 0 1115 1 0 0 0 0 20105 100 0 0
SEP
