1414 
1492 
1466 
1525 
1380 
1388 
1421 
1422 
1418 
1405 
1392 
1473 
1406 
1455 
1404 
1398 
1404 
1430 
1411 
1444 
1440 
1417 
1394 
1430 
1398 
1439 
1417 
1403 
1370 
1377 
1386 
1421 
1441 
1373 
1430 
1373 
1407 
1427 
1420 
1408 
1427 
1369 
1432 
1397 
1421 
1404 
1380 
1434 
1440 
1468 
1425 
1451 
1373 
1367 
1395 
1423 
1434 
1405 
1372 
1445 
1452 
1420 
1370 
1423 
1458 
1429 
1442 
1407 
1424 
1413 
1420 
1418 
1394 
1430 
1465 
1438 
1441 
1424 
1421 
1448 
1387 
1439 
1434 
1383 
1426 
1423 
1398 
1400 
1394 
1404 
1435 
1407 
1430 
1467 
1466 
1478 
1468 
1424 
1491 
1421 
