               total        used        free      shared  buff/cache   available
Mem:           14514        4259         657         160        9597        9756
Swap:           2147           3        2144
Total:         16662        4263        2801

               total        used        free      shared  buff/cache   available
Mem:           14514        4257         659         160        9597        9758
Swap:           2147           3        2144
Total:         16662        4261        2803

               total        used        free      shared  buff/cache   available
Mem:           14514        4258         658         161        9598        9757
Swap:           2147           3        2144
Total:         16662        4261        2802

               total        used        free      shared  buff/cache   available
Mem:           14514        4249         667         161        9598        9766
Swap:           2147           3        2144
Total:         16662        4252        2811

               total        used        free      shared  buff/cache   available
Mem:           14514        4247         668         161        9598        9767
Swap:           2147           3        2144
Total:         16662        4251        2812

               total        used        free      shared  buff/cache   available
Mem:           14514        4231         688         158        9594        9787
Swap:           2147           3        2144
Total:         16662        4234        2832

               total        used        free      shared  buff/cache   available
Mem:           14514        4226         693         158        9594        9792
Swap:           2147           3        2144
Total:         16662        4229        2837

               total        used        free      shared  buff/cache   available
Mem:           14514        4224         695         158        9594        9794
Swap:           2147           3        2144
Total:         16662        4227        2839

               total        used        free      shared  buff/cache   available
Mem:           14514        4221         698         158        9594        9797
Swap:           2147           3        2144
Total:         16662        4224        2842

               total        used        free      shared  buff/cache   available
Mem:           14514        4217         701         158        9594        9800
Swap:           2147           3        2144
Total:         16662        4221        2845

               total        used        free      shared  buff/cache   available
Mem:           14514        4218         701         158        9594        9800
Swap:           2147           3        2144
Total:         16662        4221        2845

               total        used        free      shared  buff/cache   available
Mem:           14514        4356         562         158        9596        9662
Swap:           2147           3        2144
Total:         16662        4359        2706

               total        used        free      shared  buff/cache   available
Mem:           14514        4337         578         160        9598        9678
Swap:           2147           3        2144
Total:         16662        4341        2722

               total        used        free      shared  buff/cache   available
Mem:           14514        4367         549         160        9597        9649
Swap:           2147           3        2144
Total:         16662        4370        2694

               total        used        free      shared  buff/cache   available
Mem:           14514        4424         493         158        9597        9594
Swap:           2147           3        2144
Total:         16662        4427        2637

               total        used        free      shared  buff/cache   available
Mem:           14514        4337         581         158        9596        9681
Swap:           2147           3        2144
Total:         16662        4340        2725

               total        used        free      shared  buff/cache   available
Mem:           14514        4338         581         158        9595        9680
Swap:           2147           3        2144
Total:         16662        4341        2725

               total        used        free      shared  buff/cache   available
Mem:           14514        4412         504         158        9597        9606
Swap:           2147           3        2144
Total:         16662        4415        2648

               total        used        free      shared  buff/cache   available
Mem:           14514        4399         518         158        9596        9619
Swap:           2147           3        2144
Total:         16662        4402        2662

               total        used        free      shared  buff/cache   available
Mem:           14514        4370         548         158        9595        9647
Swap:           2147           3        2144
Total:         16662        4374        2692

               total        used        free      shared  buff/cache   available
Mem:           14514        4421         493         158        9599        9596
Swap:           2147           3        2144
Total:         16662        4425        2637

               total        used        free      shared  buff/cache   available
Mem:           14514        4444         473         158        9597        9574
Swap:           2147           3        2144
Total:         16662        4447        2617

               total        used        free      shared  buff/cache   available
Mem:           14514        4435         482         158        9596        9583
Swap:           2147           3        2144
Total:         16662        4438        2626

               total        used        free      shared  buff/cache   available
Mem:           14514        4385         533         158        9596        9633
Swap:           2147           3        2144
Total:         16662        4388        2677

               total        used        free      shared  buff/cache   available
Mem:           14514        4444         473         158        9597        9574
Swap:           2147           3        2144
Total:         16662        4447        2617

               total        used        free      shared  buff/cache   available
Mem:           14514        4408         509         158        9597        9610
Swap:           2147           3        2144
Total:         16662        4411        2653

               total        used        free      shared  buff/cache   available
Mem:           14514        4367         551         158        9596        9651
Swap:           2147           3        2144
Total:         16662        4370        2695

               total        used        free      shared  buff/cache   available
Mem:           14514        4426         488         158        9599        9591
Swap:           2147           3        2144
Total:         16662        4430        2632

               total        used        free      shared  buff/cache   available
Mem:           14514        4459         457         158        9597        9558
Swap:           2147           3        2144
Total:         16662        4463        2601

               total        used        free      shared  buff/cache   available
Mem:           14514        4418         498         158        9596        9599
Swap:           2147           3        2144
Total:         16662        4422        2642

               total        used        free      shared  buff/cache   available
Mem:           14514        4448         465         158        9600        9569
Swap:           2147           3        2144
Total:         16662        4452        2609

               total        used        free      shared  buff/cache   available
Mem:           14514        4418         498         158        9598        9600
Swap:           2147           3        2144
Total:         16662        4421        2642

               total        used        free      shared  buff/cache   available
Mem:           14514        4409         504         161        9601        9606
Swap:           2147           3        2144
Total:         16662        4412        2648

               total        used        free      shared  buff/cache   available
Mem:           14514        4354         560         161        9600        9661
Swap:           2147           3        2144
Total:         16662        4357        2704

               total        used        free      shared  buff/cache   available
Mem:           14514        4425         487         161        9602        9590
Swap:           2147           3        2144
Total:         16662        4428        2631

               total        used        free      shared  buff/cache   available
Mem:           14514        4361         557         155        9595        9660
Swap:           2147           3        2144
Total:         16662        4364        2701

               total        used        free      shared  buff/cache   available
Mem:           14514        4360         559         155        9594        9660
Swap:           2147           3        2144
Total:         16662        4364        2703

               total        used        free      shared  buff/cache   available
Mem:           14514        4344         571         155        9598        9676
Swap:           2147           3        2144
Total:         16662        4347        2715

               total        used        free      shared  buff/cache   available
Mem:           14514        4413         505         155        9595        9607
Swap:           2147           3        2144
Total:         16662        4417        2649

               total        used        free      shared  buff/cache   available
Mem:           14514        4375         544         155        9594        9645
Swap:           2147           3        2144
Total:         16662        4378        2688

               total        used        free      shared  buff/cache   available
Mem:           14514        4397         518         155        9598        9623
Swap:           2147           3        2144
Total:         16662        4401        2662

               total        used        free      shared  buff/cache   available
Mem:           14514        4448         469         155        9596        9572
Swap:           2147           3        2144
Total:         16662        4452        2613

               total        used        free      shared  buff/cache   available
Mem:           14514        4392         525         155        9595        9628
Swap:           2147           3        2144
Total:         16662        4396        2669

               total        used        free      shared  buff/cache   available
Mem:           14514        4380         539         155        9595        9641
Swap:           2147           3        2144
Total:         16662        4383        2683

               total        used        free      shared  buff/cache   available
Mem:           14514        4415         501         155        9598        9605
Swap:           2147           3        2144
Total:         16662        4418        2645

               total        used        free      shared  buff/cache   available
Mem:           14514        4427         490         155        9596        9593
Swap:           2147           3        2144
Total:         16662        4431        2634

               total        used        free      shared  buff/cache   available
Mem:           14514        4437         482         155        9595        9584
Swap:           2147           3        2144
Total:         16662        4440        2626

               total        used        free      shared  buff/cache   available
Mem:           14514        4467         448         155        9598        9554
Swap:           2147           3        2144
Total:         16662        4470        2592

               total        used        free      shared  buff/cache   available
Mem:           14514        4451         466         155        9596        9569
Swap:           2147           3        2144
Total:         16662        4454        2611

               total        used        free      shared  buff/cache   available
Mem:           14514        4382         535         155        9596        9638
Swap:           2147           3        2144
Total:         16662        4386        2679

               total        used        free      shared  buff/cache   available
Mem:           14514        4387         531         155        9595        9633
Swap:           2147           3        2144
Total:         16662        4391        2675

               total        used        free      shared  buff/cache   available
Mem:           14514        4500         417         155        9596        9521
Swap:           2147           3        2144
Total:         16662        4503        2561

               total        used        free      shared  buff/cache   available
Mem:           14514        4449         468         155        9596        9571
Swap:           2147           3        2144
Total:         16662        4452        2612

               total        used        free      shared  buff/cache   available
Mem:           14514        4384         534         155        9595        9636
Swap:           2147           3        2144
Total:         16662        4387        2678

               total        used        free      shared  buff/cache   available
Mem:           14514        4387         528         155        9599        9634
Swap:           2147           3        2144
Total:         16662        4390        2672

               total        used        free      shared  buff/cache   available
Mem:           14514        4436         481         155        9597        9585
Swap:           2147           3        2144
Total:         16662        4439        2625

               total        used        free      shared  buff/cache   available
Mem:           14514        4435         482         155        9596        9585
Swap:           2147           3        2144
Total:         16662        4438        2626

               total        used        free      shared  buff/cache   available
Mem:           14514        4409         508         155        9596        9611
Swap:           2147           3        2144
Total:         16662        4412        2652

               total        used        free      shared  buff/cache   available
Mem:           14514        4483         433         155        9597        9537
Swap:           2147           3        2144
Total:         16662        4486        2577

               total        used        free      shared  buff/cache   available
Mem:           14514        4453         463         155        9597        9567
Swap:           2147           3        2144
Total:         16662        4457        2607

               total        used        free      shared  buff/cache   available
Mem:           14514        4442         475         155        9596        9578
Swap:           2147           3        2144
Total:         16662        4446        2619

               total        used        free      shared  buff/cache   available
Mem:           14514        4441         472         155        9600        9579
Swap:           2147           3        2144
Total:         16662        4445        2616

               total        used        free      shared  buff/cache   available
Mem:           14514        4437         475         158        9600        9580
Swap:           2147           3        2144
Total:         16662        4441        2619

               total        used        free      shared  buff/cache   available
Mem:           14514        4423         490         158        9600        9594
Swap:           2147           3        2144
Total:         16662        4426        2634

               total        used        free      shared  buff/cache   available
Mem:           14514        4415         499         158        9600        9602
Swap:           2147           3        2144
Total:         16662        4418        2643

               total        used        free      shared  buff/cache   available
Mem:           14514        4468         453         149        9592        9558
Swap:           2147           3        2144
Total:         16662        4472        2597

               total        used        free      shared  buff/cache   available
Mem:           14514        4412         509         149        9592        9614
Swap:           2147           3        2144
Total:         16662        4416        2653

               total        used        free      shared  buff/cache   available
Mem:           14514        4396         527         149        9591        9630
Swap:           2147           3        2144
Total:         16662        4399        2671

               total        used        free      shared  buff/cache   available
Mem:           14514        4463         456         149        9594        9563
Swap:           2147           3        2144
Total:         16662        4467        2600

               total        used        free      shared  buff/cache   available
Mem:           14514        4433         488         149        9592        9593
Swap:           2147           3        2144
Total:         16662        4437        2632

               total        used        free      shared  buff/cache   available
Mem:           14514        4381         541         149        9591        9645
Swap:           2147           3        2144
Total:         16662        4385        2685

               total        used        free      shared  buff/cache   available
Mem:           14514        4394         525         149        9594        9633
Swap:           2147           3        2144
Total:         16662        4397        2669

               total        used        free      shared  buff/cache   available
Mem:           14514        4419         502         149        9592        9608
Swap:           2147           3        2144
Total:         16662        4422        2646

               total        used        free      shared  buff/cache   available
Mem:           14514        4385         536         149        9592        9641
Swap:           2147           3        2144
Total:         16662        4388        2680

               total        used        free      shared  buff/cache   available
Mem:           14514        4328         594         149        9591        9698
Swap:           2147           3        2144
Total:         16662        4332        2738

               total        used        free      shared  buff/cache   available
Mem:           14514        4423         497         149        9594        9603
Swap:           2147           3        2144
Total:         16662        4426        2641

               total        used        free      shared  buff/cache   available
Mem:           14514        4386         535         149        9593        9640
Swap:           2147           3        2144
Total:         16662        4389        2679

               total        used        free      shared  buff/cache   available
Mem:           14514        4313         608         149        9592        9713
Swap:           2147           3        2144
Total:         16662        4317        2752

               total        used        free      shared  buff/cache   available
Mem:           14514        4370         548         149        9595        9656
Swap:           2147           3        2144
Total:         16662        4373        2692

               total        used        free      shared  buff/cache   available
Mem:           14514        4369         551         149        9593        9657
Swap:           2147           3        2144
Total:         16662        4373        2695

               total        used        free      shared  buff/cache   available
Mem:           14514        4351         570         149        9592        9675
Swap:           2147           3        2144
Total:         16662        4354        2714

               total        used        free      shared  buff/cache   available
Mem:           14514        4271         650         149        9592        9755
Swap:           2147           3        2144
Total:         16662        4274        2794

               total        used        free      shared  buff/cache   available
Mem:           14514        4360         560         149        9593        9667
Swap:           2147           3        2144
Total:         16662        4363        2705

               total        used        free      shared  buff/cache   available
Mem:           14514        4336         584         149        9593        9690
Swap:           2147           3        2144
Total:         16662        4339        2728

               total        used        free      shared  buff/cache   available
Mem:           14514        4310         611         149        9592        9716
Swap:           2147           3        2144
Total:         16662        4313        2755

               total        used        free      shared  buff/cache   available
Mem:           14514        4403         514         149        9596        9623
Swap:           2147           3        2144
Total:         16662        4406        2658

               total        used        free      shared  buff/cache   available
Mem:           14514        4395         524         149        9593        9631
Swap:           2147           3        2144
Total:         16662        4399        2669

               total        used        free      shared  buff/cache   available
Mem:           14514        4334         587         149        9592        9692
Swap:           2147           3        2144
Total:         16662        4337        2731

               total        used        free      shared  buff/cache   available
Mem:           14514        4298         620         149        9595        9728
Swap:           2147           3        2144
Total:         16662        4301        2764

               total        used        free      shared  buff/cache   available
Mem:           14514        4393         526         149        9594        9633
Swap:           2147           3        2144
Total:         16662        4397        2670

               total        used        free      shared  buff/cache   available
Mem:           14514        4334         586         149        9593        9692
Swap:           2147           3        2144
Total:         16662        4337        2730

               total        used        free      shared  buff/cache   available
Mem:           14514        4363         558         149        9593        9663
Swap:           2147           3        2144
Total:         16662        4366        2702

               total        used        free      shared  buff/cache   available
Mem:           14514        4415         500         152        9598        9608
Swap:           2147           3        2144
Total:         16662        4419        2644

               total        used        free      shared  buff/cache   available
Mem:           14514        4372         545         152        9597        9651
Swap:           2147           3        2144
Total:         16662        4375        2689

               total        used        free      shared  buff/cache   available
Mem:           14514        4342         575         152        9596        9681
Swap:           2147           3        2144
Total:         16662        4345        2720

               total        used        free      shared  buff/cache   available
Mem:           14514        4367         550         149        9597        9659
Swap:           2147           3        2144
Total:         16662        4370        2694

               total        used        free      shared  buff/cache   available
Mem:           14514        4408         511         149        9594        9618
Swap:           2147           3        2144
Total:         16662        4411        2655

               total        used        free      shared  buff/cache   available
Mem:           14514        4354         566         149        9593        9672
Swap:           2147           3        2144
Total:         16662        4357        2710

               total        used        free      shared  buff/cache   available
Mem:           14514        4333         587         149        9594        9693
Swap:           2147           3        2144
Total:         16662        4336        2731

               total        used        free      shared  buff/cache   available
Mem:           14514        4397         522         149        9595        9629
Swap:           2147           3        2144
Total:         16662        4400        2666

               total        used        free      shared  buff/cache   available
Mem:           14514        4347         572         149        9594        9679
Swap:           2147           3        2144
Total:         16662        4351        2716

               total        used        free      shared  buff/cache   available
Mem:           14514        4314         605         149        9594        9712
Swap:           2147           3        2144
Total:         16662        4318        2749

               total        used        free      shared  buff/cache   available
Mem:           14514        4367         550         149        9597        9659
Swap:           2147           3        2144
Total:         16662        4370        2694

               total        used        free      shared  buff/cache   available
Mem:           14514        4380         539         149        9595        9646
Swap:           2147           3        2144
Total:         16662        4383        2683

               total        used        free      shared  buff/cache   available
Mem:           14514        4345         575         149        9594        9682
Swap:           2147           3        2144
Total:         16662        4348        2719

               total        used        free      shared  buff/cache   available
Mem:           14514        4374         542         149        9597        9652
Swap:           2147           3        2144
Total:         16662        4378        2686

               total        used        free      shared  buff/cache   available
Mem:           14514        4411         507         149        9595        9615
Swap:           2147           3        2144
Total:         16662        4415        2651

               total        used        free      shared  buff/cache   available
Mem:           14514        4409         510         149        9595        9617
Swap:           2147           3        2144
Total:         16662        4412        2654

               total        used        free      shared  buff/cache   available
Mem:           14514        4393         527         149        9594        9634
Swap:           2147           3        2144
Total:         16662        4396        2671

               total        used        free      shared  buff/cache   available
Mem:           14514        4475         443         149        9595        9551
Swap:           2147           3        2144
Total:         16662        4479        2587

               total        used        free      shared  buff/cache   available
Mem:           14514        4424         494         149        9595        9602
Swap:           2147           3        2144
Total:         16662        4427        2638

               total        used        free      shared  buff/cache   available
Mem:           14514        4439         479         149        9595        9587
Swap:           2147           3        2144
Total:         16662        4443        2624

               total        used        free      shared  buff/cache   available
Mem:           14514        4507         408         149        9598        9519
Swap:           2147           3        2144
Total:         16662        4511        2552

               total        used        free      shared  buff/cache   available
Mem:           14514        4508         410         149        9596        9518
Swap:           2147           3        2144
Total:         16662        4511        2554

               total        used        free      shared  buff/cache   available
Mem:           14514        4483         436         149        9595        9543
Swap:           2147           3        2144
Total:         16662        4486        2580

               total        used        free      shared  buff/cache   available
Mem:           14514        4481         434         149        9598        9545
Swap:           2147           3        2144
Total:         16662        4485        2578

               total        used        free      shared  buff/cache   available
Mem:           14514        4507         410         149        9596        9519
Swap:           2147           3        2144
Total:         16662        4510        2554

               total        used        free      shared  buff/cache   available
Mem:           14514        4486         432         149        9596        9540
Swap:           2147           3        2144
Total:         16662        4489        2576

               total        used        free      shared  buff/cache   available
Mem:           14514        4455         463         149        9595        9571
Swap:           2147           3        2144
Total:         16662        4459        2607

               total        used        free      shared  buff/cache   available
Mem:           14514        4518         399         149        9596        9508
Swap:           2147           3        2144
Total:         16662        4522        2543

               total        used        free      shared  buff/cache   available
Mem:           14514        4438         479         149        9596        9588
Swap:           2147           3        2144
Total:         16662        4442        2623

               total        used        free      shared  buff/cache   available
Mem:           14514        4402         516         149        9595        9625
Swap:           2147           3        2144
Total:         16662        4405        2660

               total        used        free      shared  buff/cache   available
Mem:           14514        4444         467         152        9602        9579
Swap:           2147           3        2144
Total:         16662        4447        2612

               total        used        free      shared  buff/cache   available
Mem:           14514        4444         470         152        9600        9579
Swap:           2147           3        2144
Total:         16662        4447        2614

               total        used        free      shared  buff/cache   available
Mem:           14514        4400         514         152        9599        9623
Swap:           2147           3        2144
Total:         16662        4404        2658

               total        used        free      shared  buff/cache   available
Mem:           14514        4374         540         149        9599        9652
Swap:           2147           3        2144
Total:         16662        4378        2684

               total        used        free      shared  buff/cache   available
Mem:           14514        4383         533         149        9597        9642
Swap:           2147           3        2144
Total:         16662        4387        2677

               total        used        free      shared  buff/cache   available
Mem:           14514        4364         553         149        9596        9662
Swap:           2147           3        2144
Total:         16662        4367        2697

               total        used        free      shared  buff/cache   available
Mem:           14514        4339         579         149        9596        9687
Swap:           2147           3        2144
Total:         16662        4342        2723

               total        used        free      shared  buff/cache   available
Mem:           14514        4443         473         149        9597        9583
Swap:           2147           3        2144
Total:         16662        4447        2617

               total        used        free      shared  buff/cache   available
Mem:           14514        4395         521         149        9597        9631
Swap:           2147           3        2144
Total:         16662        4398        2665

               total        used        free      shared  buff/cache   available
Mem:           14514        4378         539         149        9596        9648
Swap:           2147           3        2144
Total:         16662        4381        2683

               total        used        free      shared  buff/cache   available
Mem:           14514        4449         465         149        9600        9577
Swap:           2147           3        2144
Total:         16662        4452        2609

               total        used        free      shared  buff/cache   available
Mem:           14514        4462         454         149        9597        9564
Swap:           2147           3        2144
Total:         16662        4465        2598

               total        used        free      shared  buff/cache   available
Mem:           14514        4429         488         149        9597        9597
Swap:           2147           3        2144
Total:         16662        4432        2632

               total        used        free      shared  buff/cache   available
Mem:           14514        4356         561         149        9597        9670
Swap:           2147           3        2144
Total:         16662        4359        2705

               total        used        free      shared  buff/cache   available
Mem:           14514        4414         501         149        9598        9612
Swap:           2147           3        2144
Total:         16662        4417        2645

               total        used        free      shared  buff/cache   available
Mem:           14514        4394         522         149        9598        9632
Swap:           2147           3        2144
Total:         16662        4397        2666

               total        used        free      shared  buff/cache   available
Mem:           14514        4331         585         149        9597        9695
Swap:           2147           3        2144
Total:         16662        4335        2729

               total        used        free      shared  buff/cache   available
Mem:           14514        4405         508         149        9601        9621
Swap:           2147           3        2144
Total:         16662        4408        2652

               total        used        free      shared  buff/cache   available
Mem:           14514        4393         522         149        9598        9633
Swap:           2147           3        2144
Total:         16662        4396        2666

               total        used        free      shared  buff/cache   available
Mem:           14514        4339         577         149        9597        9687
Swap:           2147           3        2144
Total:         16662        4343        2721

               total        used        free      shared  buff/cache   available
Mem:           14514        4338         574         149        9601        9688
Swap:           2147           3        2144
Total:         16662        4341        2718

               total        used        free      shared  buff/cache   available
Mem:           14514        4385         530         149        9599        9641
Swap:           2147           3        2144
Total:         16662        4388        2674

               total        used        free      shared  buff/cache   available
Mem:           14514        4338         578         149        9598        9688
Swap:           2147           3        2144
Total:         16662        4341        2722

               total        used        free      shared  buff/cache   available
Mem:           14514        4358         555         149        9600        9668
Swap:           2147           3        2144
Total:         16662        4361        2699

               total        used        free      shared  buff/cache   available
Mem:           14514        4389         526         149        9599        9637
Swap:           2147           3        2144
Total:         16662        4392        2670

               total        used        free      shared  buff/cache   available
Mem:           14514        4394         521         149        9598        9632
Swap:           2147           3        2144
Total:         16662        4398        2665

               total        used        free      shared  buff/cache   available
Mem:           14514        4325         590         149        9598        9701
Swap:           2147           3        2144
Total:         16662        4328        2735

               total        used        free      shared  buff/cache   available
Mem:           14514        4400         515         149        9599        9626
Swap:           2147           3        2144
Total:         16662        4403        2659

               total        used        free      shared  buff/cache   available
Mem:           14514        4358         556         149        9598        9667
Swap:           2147           3        2144
Total:         16662        4362        2700

               total        used        free      shared  buff/cache   available
Mem:           14514        4351         565         149        9598        9675
Swap:           2147           3        2144
Total:         16662        4354        2709

               total        used        free      shared  buff/cache   available
Mem:           14514        4422         488         153        9602        9600
Swap:           2147           3        2144
Total:         16662        4426        2632

               total        used        free      shared  buff/cache   available
Mem:           14514        4295         617         152        9601        9728
Swap:           2147           3        2144
Total:         16662        4298        2761

               total        used        free      shared  buff/cache   available
Mem:           14514        4286         626         152        9601        9737
Swap:           2147           3        2144
Total:         16662        4289        2770

               total        used        free      shared  buff/cache   available
Mem:           14514        4284         631         149        9598        9742
Swap:           2147           3        2144
Total:         16662        4287        2775

               total        used        free      shared  buff/cache   available
Mem:           14514        4232         683         149        9598        9794
Swap:           2147           3        2144
Total:         16662        4236        2827

               total        used        free      shared  buff/cache   available
Mem:           14514        4205         710         149        9598        9821
Swap:           2147           3        2144
Total:         16662        4209        2854

               total        used        free      shared  buff/cache   available
Mem:           14514        4187         728         149        9598        9839
Swap:           2147           3        2144
Total:         16662        4190        2873

               total        used        free      shared  buff/cache   available
Mem:           14514        4183         732         149        9598        9843
Swap:           2147           3        2144
Total:         16662        4187        2876

               total        used        free      shared  buff/cache   available
Mem:           14514        4176         740         149        9598        9850
Swap:           2147           3        2144
Total:         16662        4179        2884

               total        used        free      shared  buff/cache   available
Mem:           14514        4172         743         149        9598        9854
Swap:           2147           3        2144
Total:         16662        4175        2887

               total        used        free      shared  buff/cache   available
Mem:           14514        4166         750         149        9598        9860
Swap:           2147           3        2144
Total:         16662        4169        2894
