RESET
CPU yadrolab-wp11 1745514204 2025/04/24 20:03:24 2100827 100 24 14840273 20898270 1157430 5000816810 155681 0 15869 0 0 78509 100 0 0
SEP
CPU yadrolab-wp11 1745514205 2025/04/24 20:03:25 1 100 24 13 10 1 2373 0 0 0 0 0 76254 100 0 0
SEP
CPU yadrolab-wp11 1745514206 2025/04/24 20:03:26 1 100 24 14 6 1 2375 0 0 0 0 0 75031 100 0 0
SEP
CPU yadrolab-wp11 1745514207 2025/04/24 20:03:27 1 100 24 15 6 1 2375 0 0 0 0 0 74400 100 0 0
SEP
CPU yadrolab-wp11 1745514208 2025/04/24 20:03:28 1 100 24 17 8 3 2369 1 0 0 0 0 73719 100 0 0
SEP
CPU yadrolab-wp11 1745514209 2025/04/24 20:03:29 1 100 24 14 7 1 2373 0 0 0 0 0 73286 100 0 0
SEP
CPU yadrolab-wp11 1745514210 2025/04/24 20:03:30 1 100 24 16 7 2 2372 0 0 0 0 0 76097 100 0 0
SEP
CPU yadrolab-wp11 1745514211 2025/04/24 20:03:31 1 100 24 16 7 8 2364 0 0 0 0 0 75626 100 0 0
SEP
CPU yadrolab-wp11 1745514212 2025/04/24 20:03:32 1 100 24 16 7 1 2374 0 0 0 0 0 76647 100 0 0
SEP
CPU yadrolab-wp11 1745514213 2025/04/24 20:03:33 1 100 24 16 6 0 2373 0 0 0 0 0 76259 100 0 0
SEP
CPU yadrolab-wp11 1745514214 2025/04/24 20:03:34 1 100 24 15 6 1 2373 0 0 0 0 0 72056 100 0 0
SEP
CPU yadrolab-wp11 1745514215 2025/04/24 20:03:35 1 100 24 67 351 3 1962 3 0 0 0 0 107758 100 0 0
SEP
CPU yadrolab-wp11 1745514216 2025/04/24 20:03:36 1 100 24 81 474 3 1839 1 0 0 0 0 78508 100 0 0
SEP
CPU yadrolab-wp11 1745514217 2025/04/24 20:03:37 1 100 24 58 294 3 2028 2 0 0 0 0 77092 100 0 0
SEP
CPU yadrolab-wp11 1745514218 2025/04/24 20:03:38 1 100 24 96 343 4 1945 3 0 0 0 0 75353 100 0 0
SEP
CPU yadrolab-wp11 1745514219 2025/04/24 20:03:39 1 100 24 49 490 3 1841 2 0 0 0 0 78747 100 0 0
SEP
CPU yadrolab-wp11 1745514220 2025/04/24 20:03:40 1 100 24 60 304 3 2022 2 0 0 0 0 80412 100 0 0
SEP
CPU yadrolab-wp11 1745514221 2025/04/24 20:03:41 1 100 24 68 302 3 2013 1 0 0 0 0 72000 100 0 0
SEP
CPU yadrolab-wp11 1745514222 2025/04/24 20:03:42 1 100 24 67 334 3 1989 3 0 0 0 0 79355 100 0 0
SEP
CPU yadrolab-wp11 1745514223 2025/04/24 20:03:43 1 100 24 56 484 2 1843 2 0 0 0 0 79868 100 0 0
SEP
CPU yadrolab-wp11 1745514224 2025/04/24 20:03:44 1 100 24 48 308 4 2028 2 0 0 0 0 76852 100 0 0
SEP
CPU yadrolab-wp11 1745514225 2025/04/24 20:03:45 1 100 24 82 320 4 1974 3 0 0 0 0 89106 100 0 0
SEP
CPU yadrolab-wp11 1745514226 2025/04/24 20:03:46 1 100 24 71 496 2 1808 2 0 0 0 0 78588 100 0 0
SEP
CPU yadrolab-wp11 1745514227 2025/04/24 20:03:47 1 100 24 71 318 13 1984 2 0 0 0 0 76997 100 0 0
SEP
CPU yadrolab-wp11 1745514228 2025/04/24 20:03:48 1 100 24 84 367 5 1930 3 0 0 0 0 76212 100 0 0
SEP
CPU yadrolab-wp11 1745514229 2025/04/24 20:03:49 1 100 24 85 455 4 1841 5 0 0 0 0 107828 100 0 0
SEP
CPU yadrolab-wp11 1745514230 2025/04/24 20:03:50 1 100 24 54 364 4 1955 10 0 0 0 0 79589 100 0 0
SEP
CPU yadrolab-wp11 1745514231 2025/04/24 20:03:51 1 100 24 57 306 2 2021 9 0 0 0 0 80342 100 0 0
SEP
CPU yadrolab-wp11 1745514232 2025/04/24 20:03:52 1 100 24 75 312 53 1942 13 0 0 0 0 81902 100 0 0
SEP
CPU yadrolab-wp11 1745514233 2025/04/24 20:03:53 1 100 24 60 315 36 1958 10 0 0 0 0 107848 100 0 0
SEP
CPU yadrolab-wp11 1745514234 2025/04/24 20:03:54 1 100 24 54 448 35 1844 5 0 0 0 0 80619 100 0 0
SEP
CPU yadrolab-wp11 1745514235 2025/04/24 20:03:55 1 100 24 53 267 6 2003 50 0 0 0 0 78333 100 0 0
SEP
CPU yadrolab-wp11 1745514236 2025/04/24 20:03:56 1 100 24 60 316 2 1998 5 0 0 0 0 78635 100 0 0
SEP
CPU yadrolab-wp11 1745514237 2025/04/24 20:03:57 1 100 24 83 335 6 1951 8 0 1 0 0 78158 100 0 0
SEP
CPU yadrolab-wp11 1745514238 2025/04/24 20:03:58 1 100 24 89 336 4 1947 15 0 0 0 0 69375 100 0 0
SEP
CPU yadrolab-wp11 1745514239 2025/04/24 20:03:59 1 100 24 95 337 6 1949 6 0 0 0 0 75710 100 0 0
SEP
CPU yadrolab-wp11 1745514240 2025/04/24 20:04:00 1 100 24 71 532 2 1785 6 0 0 0 0 78696 100 0 0
SEP
CPU yadrolab-wp11 1745514241 2025/04/24 20:04:01 1 100 24 78 337 2 1960 8 0 0 0 0 78619 100 0 0
SEP
CPU yadrolab-wp11 1745514242 2025/04/24 20:04:02 1 100 24 76 328 5 1973 8 0 0 0 0 78744 100 0 0
SEP
CPU yadrolab-wp11 1745514243 2025/04/24 20:04:03 1 100 24 77 327 5 1971 3 0 0 0 0 77321 100 0 0
SEP
CPU yadrolab-wp11 1745514244 2025/04/24 20:04:04 1 100 24 73 487 2 1841 3 0 0 0 0 81442 100 0 0
SEP
CPU yadrolab-wp11 1745514245 2025/04/24 20:04:05 1 100 24 58 338 2 1990 1 0 0 0 0 77867 100 0 0
SEP
CPU yadrolab-wp11 1745514246 2025/04/24 20:04:06 1 100 24 63 325 4 2003 2 0 0 0 0 74404 100 0 0
SEP
CPU yadrolab-wp11 1745514247 2025/04/24 20:04:07 1 100 24 76 310 3 1972 3 0 0 0 0 87759 100 0 0
SEP
CPU yadrolab-wp11 1745514248 2025/04/24 20:04:08 1 100 24 70 500 2 1814 2 0 0 0 0 78674 100 0 0
SEP
CPU yadrolab-wp11 1745514249 2025/04/24 20:04:09 1 100 24 82 306 3 2002 1 0 0 0 0 78403 100 0 0
SEP
CPU yadrolab-wp11 1745514250 2025/04/24 20:04:10 1 100 24 80 323 2 1971 3 0 0 0 0 71594 100 0 0
SEP
CPU yadrolab-wp11 1745514251 2025/04/24 20:04:11 1 100 24 64 491 4 1834 2 0 0 0 0 80216 100 0 0
SEP
CPU yadrolab-wp11 1745514252 2025/04/24 20:04:12 1 100 24 54 314 3 2015 2 0 0 0 0 78347 100 0 0
SEP
CPU yadrolab-wp11 1745514253 2025/04/24 20:04:13 1 100 24 68 322 3 2000 2 0 0 0 0 76918 100 0 0
SEP
CPU yadrolab-wp11 1745514254 2025/04/24 20:04:14 1 100 24 114 351 4 1915 3 0 0 0 0 77597 100 0 0
SEP
CPU yadrolab-wp11 1745514255 2025/04/24 20:04:15 1 100 24 58 491 2 1823 2 0 0 0 0 80066 100 0 0
SEP
CPU yadrolab-wp11 1745514256 2025/04/24 20:04:16 1 100 24 58 314 3 2028 2 0 1 0 0 80386 100 0 0
SEP
CPU yadrolab-wp11 1745514257 2025/04/24 20:04:17 1 100 24 54 297 6 2010 2 0 0 0 0 77976 100 0 0
SEP
CPU yadrolab-wp11 1745514258 2025/04/24 20:04:18 1 100 24 80 341 11 1933 3 0 0 0 0 75231 100 0 0
SEP
CPU yadrolab-wp11 1745514259 2025/04/24 20:04:19 1 100 24 56 484 4 1831 3 0 0 0 0 79340 100 0 0
SEP
CPU yadrolab-wp11 1745514260 2025/04/24 20:04:20 1 100 24 90 328 3 1966 11 0 0 0 0 80657 100 0 0
SEP
CPU yadrolab-wp11 1745514261 2025/04/24 20:04:21 1 100 24 74 326 4 1993 2 0 0 0 0 79854 100 0 0
SEP
CPU yadrolab-wp11 1745514262 2025/04/24 20:04:22 1 100 24 75 331 4 1968 5 0 0 0 0 78289 100 0 0
SEP
CPU yadrolab-wp11 1745514263 2025/04/24 20:04:23 1 100 24 51 385 3 1950 2 0 0 0 0 105519 100 0 0
SEP
CPU yadrolab-wp11 1745514264 2025/04/24 20:04:24 1 100 24 58 408 1 1909 2 0 0 0 0 79455 100 0 0
SEP
CPU yadrolab-wp11 1745514265 2025/04/24 20:04:25 1 100 24 54 300 1 2022 2 0 1 0 0 77294 100 0 0
SEP
CPU yadrolab-wp11 1745514266 2025/04/24 20:04:26 1 100 24 90 330 4 1982 3 0 0 0 0 75637 100 0 0
SEP
CPU yadrolab-wp11 1745514267 2025/04/24 20:04:27 1 100 24 55 482 2 1842 2 0 0 0 0 79746 100 0 0
SEP
CPU yadrolab-wp11 1745514268 2025/04/24 20:04:28 1 100 24 68 318 2 2009 1 0 0 0 0 80693 100 0 0
SEP
CPU yadrolab-wp11 1745514269 2025/04/24 20:04:29 1 100 24 87 333 4 1965 3 0 0 0 0 76872 100 0 0
SEP
CPU yadrolab-wp11 1745514270 2025/04/24 20:04:30 1 100 24 74 361 3 1951 2 0 0 0 0 106004 100 0 0
SEP
CPU yadrolab-wp11 1745514271 2025/04/24 20:04:31 1 100 24 56 444 5 1877 2 0 0 0 0 79305 100 0 0
SEP
CPU yadrolab-wp11 1745514272 2025/04/24 20:04:32 1 100 24 61 296 3 2012 1 0 0 0 0 78328 100 0 0
SEP
CPU yadrolab-wp11 1745514273 2025/04/24 20:04:33 1 100 24 74 352 3 1958 4 0 0 0 0 76525 100 0 0
SEP
CPU yadrolab-wp11 1745514274 2025/04/24 20:04:34 1 100 24 63 498 2 1808 3 0 0 0 0 80454 100 0 0
SEP
CPU yadrolab-wp11 1745514275 2025/04/24 20:04:35 1 100 24 53 291 4 2023 1 0 0 0 0 80168 100 0 0
SEP
CPU yadrolab-wp11 1745514276 2025/04/24 20:04:36 1 100 24 73 305 4 2002 2 0 0 0 0 75036 100 0 0
SEP
CPU yadrolab-wp11 1745514277 2025/04/24 20:04:37 1 100 24 78 300 23 1978 3 0 0 0 0 72133 100 0 0
SEP
CPU yadrolab-wp11 1745514278 2025/04/24 20:04:38 1 100 24 70 504 4 1803 2 0 0 0 0 79183 100 0 0
SEP
CPU yadrolab-wp11 1745514279 2025/04/24 20:04:39 1 100 24 48 300 3 2029 2 0 0 0 0 83309 100 0 0
SEP
CPU yadrolab-wp11 1745514280 2025/04/24 20:04:40 1 100 24 63 302 4 2004 2 0 0 0 0 77655 100 0 0
SEP
CPU yadrolab-wp11 1745514281 2025/04/24 20:04:41 1 100 24 66 467 50 1797 3 0 1 0 0 80977 100 0 0
SEP
CPU yadrolab-wp11 1745514282 2025/04/24 20:04:42 1 100 24 67 334 52 1938 2 0 0 0 0 77959 100 0 0
SEP
CPU yadrolab-wp11 1745514283 2025/04/24 20:04:43 1 100 24 68 315 4 1979 2 0 0 0 0 70651 100 0 0
SEP
CPU yadrolab-wp11 1745514284 2025/04/24 20:04:44 1 100 24 77 312 42 1935 4 0 0 0 0 99651 100 0 0
SEP
CPU yadrolab-wp11 1745514285 2025/04/24 20:04:45 1 100 24 58 478 4 1833 5 0 0 0 0 78426 100 0 0
SEP
CPU yadrolab-wp11 1745514286 2025/04/24 20:04:46 1 100 24 65 322 4 1992 2 0 0 0 0 78012 100 0 0
SEP
CPU yadrolab-wp11 1745514287 2025/04/24 20:04:47 1 100 24 49 305 4 2026 2 0 0 0 0 76889 100 0 0
SEP
CPU yadrolab-wp11 1745514288 2025/04/24 20:04:48 1 100 24 73 334 2 1952 4 0 0 0 0 76652 100 0 0
SEP
CPU yadrolab-wp11 1745514289 2025/04/24 20:04:49 1 100 24 61 508 2 1791 3 0 0 0 0 80031 100 0 0
SEP
CPU yadrolab-wp11 1745514290 2025/04/24 20:04:50 1 100 24 51 302 3 2032 1 0 0 0 0 80010 100 0 0
SEP
CPU yadrolab-wp11 1745514291 2025/04/24 20:04:51 1 100 24 68 344 3 1969 3 0 0 0 0 79814 100 0 0
SEP
CPU yadrolab-wp11 1745514292 2025/04/24 20:04:52 1 100 24 63 370 1 1967 2 0 0 0 0 107056 100 0 0
SEP
CPU yadrolab-wp11 1745514293 2025/04/24 20:04:53 1 100 24 64 413 3 1895 2 0 0 0 0 78270 100 0 0
SEP
CPU yadrolab-wp11 1745514294 2025/04/24 20:04:54 1 100 24 27 39 3 2321 0 0 0 0 0 76121 100 0 0
SEP
CPU yadrolab-wp11 1745514295 2025/04/24 20:04:55 1 100 24 13 9 2 2373 0 0 0 0 0 77543 100 0 0
SEP
CPU yadrolab-wp11 1745514296 2025/04/24 20:04:56 1 100 24 13 10 3 2372 0 0 0 0 0 77152 100 0 0
SEP
CPU yadrolab-wp11 1745514297 2025/04/24 20:04:57 1 100 24 23 14 3 2349 0 0 0 0 0 76259 100 0 0
SEP
CPU yadrolab-wp11 1745514298 2025/04/24 20:04:58 1 100 24 17 8 1 2371 0 0 0 0 0 75544 100 0 0
SEP
CPU yadrolab-wp11 1745514299 2025/04/24 20:04:59 1 100 24 12 7 2 2374 0 0 0 0 0 74853 100 0 0
SEP
CPU yadrolab-wp11 1745514300 2025/04/24 20:05:00 1 100 24 14 7 6 2371 0 0 0 0 0 75273 100 0 0
SEP
CPU yadrolab-wp11 1745514301 2025/04/24 20:05:01 1 100 24 16 10 7 2363 0 0 0 0 0 75951 100 0 0
SEP
CPU yadrolab-wp11 1745514302 2025/04/24 20:05:02 1 100 24 12 6 4 2370 0 0 0 0 0 77130 100 0 0
SEP
CPU yadrolab-wp11 1745514303 2025/04/24 20:05:03 1 100 24 14 6 1 2375 0 0 0 0 0 76255 100 0 0
SEP
