720 
779 
792 
789 
796 
770 
731 
806 
836 
756 
752 
712 
753 
758 
759 
760 
796 
784 
781 
902 
823 
808 
805 
732 
815 
962 
862 
839 
824 
927 
805 
772 
814 
925 
866 
785 
725 
826 
810 
772 
701 
766 
774 
881 
762 
746 
761 
790 
805 
821 
796 
821 
756 
755 
797 
816 
812 
887 
858 
760 
792 
793 
773 
795 
739 
802 
748 
781 
768 
781 
800 
718 
819 
809 
729 
774 
816 
797 
830 
790 
771 
771 
818 
750 
766 
798 
756 
734 
772 
828 
793 
836 
750 
818 
807 
780 
769 
779 
819 
746 
