              total        used        free      shared  buff/cache   available
Mem:          33447        3856         945         170       28645       28923
Swap:          2147         438        1708
Total:        35595        4295        2654

              total        used        free      shared  buff/cache   available
Mem:          33447        3861         939         170       28645       28918
Swap:          2147         438        1708
Total:        35595        4300        2648

              total        used        free      shared  buff/cache   available
Mem:          33447        3864         937         170       28645       28916
Swap:          2147         438        1708
Total:        35595        4302        2646

              total        used        free      shared  buff/cache   available
Mem:          33447        3865         936         170       28645       28915
Swap:          2147         438        1708
Total:        35595        4303        2645

              total        used        free      shared  buff/cache   available
Mem:          33447        3740        1074         156       28631       29053
Swap:          2147         438        1708
Total:        35595        4179        2783

              total        used        free      shared  buff/cache   available
Mem:          33447        3741        1074         156       28631       29052
Swap:          2147         438        1708
Total:        35595        4180        2783

              total        used        free      shared  buff/cache   available
Mem:          33447        3738        1077         156       28631       29055
Swap:          2147         438        1708
Total:        35595        4176        2786

              total        used        free      shared  buff/cache   available
Mem:          33447        3733        1079         159       28635       29057
Swap:          2147         438        1708
Total:        35595        4171        2788

              total        used        free      shared  buff/cache   available
Mem:          33447        3732        1079         159       28635       29058
Swap:          2147         438        1708
Total:        35595        4170        2788

              total        used        free      shared  buff/cache   available
Mem:          33447        3733        1078         159       28635       29057
Swap:          2147         438        1708
Total:        35595        4172        2787

              total        used        free      shared  buff/cache   available
Mem:          33447        3735        1080         156       28632       29058
Swap:          2147         438        1708
Total:        35595        4174        2788

              total        used        free      shared  buff/cache   available
Mem:          33447        3840         974         156       28632       28953
Swap:          2147         438        1708
Total:        35595        4278        2683

              total        used        free      shared  buff/cache   available
Mem:          33447        3888         925         156       28633       28905
Swap:          2147         438        1708
Total:        35595        4327        2634

              total        used        free      shared  buff/cache   available
Mem:          33447        3839         972         156       28635       28954
Swap:          2147         438        1708
Total:        35595        4277        2681

              total        used        free      shared  buff/cache   available
Mem:          33447        3868         945         156       28633       28925
Swap:          2147         438        1708
Total:        35595        4307        2653

              total        used        free      shared  buff/cache   available
Mem:          33447        3892         922         155       28633       28902
Swap:          2147         438        1708
Total:        35595        4330        2631

              total        used        free      shared  buff/cache   available
Mem:          33447        3858         953         155       28635       28936
Swap:          2147         438        1708
Total:        35595        4297        2662

              total        used        free      shared  buff/cache   available
Mem:          33447        3859         951         155       28636       28935
Swap:          2147         438        1708
Total:        35595        4298        2660

              total        used        free      shared  buff/cache   available
Mem:          33447        3855         958         155       28633       28938
Swap:          2147         438        1708
Total:        35595        4294        2667

              total        used        free      shared  buff/cache   available
Mem:          33447        3916         896         155       28634       28877
Swap:          2147         438        1708
Total:        35595        4355        2605

              total        used        free      shared  buff/cache   available
Mem:          33447        3855         955         155       28636       28939
Swap:          2147         438        1708
Total:        35595        4294        2663

              total        used        free      shared  buff/cache   available
Mem:          33447        3857         956         155       28634       28937
Swap:          2147         438        1708
Total:        35595        4295        2665

              total        used        free      shared  buff/cache   available
Mem:          33447        3899         913         155       28634       28894
Swap:          2147         438        1708
Total:        35595        4338        2621

              total        used        free      shared  buff/cache   available
Mem:          33447        3897         909         157       28640       28893
Swap:          2147         438        1708
Total:        35595        4336        2618

              total        used        free      shared  buff/cache   available
Mem:          33447        3918         891         158       28637       28873
Swap:          2147         438        1708
Total:        35595        4357        2600

              total        used        free      shared  buff/cache   available
Mem:          33447        3926         880         161       28640       28862
Swap:          2147         438        1708
Total:        35595        4365        2589

              total        used        free      shared  buff/cache   available
Mem:          33447        3952         853         161       28641       28836
Swap:          2147         438        1708
Total:        35595        4391        2562

              total        used        free      shared  buff/cache   available
Mem:          33447        3905         895         163       28646       28881
Swap:          2147         438        1708
Total:        35595        4344        2604

              total        used        free      shared  buff/cache   available
Mem:          33447        4044         759         161       28644       28744
Swap:          2147         438        1708
Total:        35595        4482        2468

              total        used        free      shared  buff/cache   available
Mem:          33447        4028         778         161       28641       28760
Swap:          2147         438        1708
Total:        35595        4466        2487

              total        used        free      shared  buff/cache   available
Mem:          33447        4115         689         161       28642       28673
Swap:          2147         438        1708
Total:        35595        4554        2398

              total        used        free      shared  buff/cache   available
Mem:          33447        4047         758         161       28641       28742
Swap:          2147         438        1708
Total:        35595        4485        2467

              total        used        free      shared  buff/cache   available
Mem:          33447        3994         807         161       28644       28794
Swap:          2147         438        1708
Total:        35595        4433        2516

              total        used        free      shared  buff/cache   available
Mem:          33447        3979         822         161       28645       28809
Swap:          2147         438        1708
Total:        35595        4418        2531

              total        used        free      shared  buff/cache   available
Mem:          33447        3971         833         161       28642       28817
Swap:          2147         438        1708
Total:        35595        4410        2542

              total        used        free      shared  buff/cache   available
Mem:          33447        3983         822         161       28641       28805
Swap:          2147         438        1708
Total:        35595        4421        2531

              total        used        free      shared  buff/cache   available
Mem:          33447        4035         765         164       28645       28749
Swap:          2147         438        1708
Total:        35595        4474        2474

              total        used        free      shared  buff/cache   available
Mem:          33447        4050         751         164       28645       28735
Swap:          2147         438        1708
Total:        35595        4489        2460

              total        used        free      shared  buff/cache   available
Mem:          33447        3984         814         164       28648       28800
Swap:          2147         438        1708
Total:        35595        4423        2522

              total        used        free      shared  buff/cache   available
Mem:          33447        3993         807         164       28645       28792
Swap:          2147         438        1708
Total:        35595        4432        2516

              total        used        free      shared  buff/cache   available
Mem:          33447        3997         806         161       28643       28790
Swap:          2147         438        1708
Total:        35595        4436        2515

              total        used        free      shared  buff/cache   available
Mem:          33447        4031         772         161       28643       28757
Swap:          2147         438        1708
Total:        35595        4470        2481

              total        used        free      shared  buff/cache   available
Mem:          33447        3974         827         161       28645       28814
Swap:          2147         438        1708
Total:        35595        4412        2536

              total        used        free      shared  buff/cache   available
Mem:          33447        3971         832         161       28643       28817
Swap:          2147         438        1708
Total:        35595        4410        2541

              total        used        free      shared  buff/cache   available
Mem:          33447        4037         765         161       28644       28750
Swap:          2147         438        1708
Total:        35595        4476        2473

              total        used        free      shared  buff/cache   available
Mem:          33447        3977         823         161       28647       28811
Swap:          2147         438        1708
Total:        35595        4415        2532

              total        used        free      shared  buff/cache   available
Mem:          33447        3972         831         161       28644       28817
Swap:          2147         438        1708
Total:        35595        4410        2540

              total        used        free      shared  buff/cache   available
Mem:          33447        4004         798         161       28644       28784
Swap:          2147         438        1708
Total:        35595        4443        2507

              total        used        free      shared  buff/cache   available
Mem:          33447        4047         755         161       28645       28741
Swap:          2147         438        1708
Total:        35595        4485        2464

              total        used        free      shared  buff/cache   available
Mem:          33447        3969         830         161       28647       28819
Swap:          2147         438        1708
Total:        35595        4408        2539

              total        used        free      shared  buff/cache   available
Mem:          33447        3980         821         161       28645       28809
Swap:          2147         438        1708
Total:        35595        4418        2530

              total        used        free      shared  buff/cache   available
Mem:          33447        3995         805         161       28646       28793
Swap:          2147         438        1708
Total:        35595        4434        2514

              total        used        free      shared  buff/cache   available
Mem:          33447        4031         769         161       28646       28757
Swap:          2147         438        1708
Total:        35595        4470        2478

              total        used        free      shared  buff/cache   available
Mem:          33447        3986         812         161       28649       28802
Swap:          2147         438        1708
Total:        35595        4424        2521

              total        used        free      shared  buff/cache   available
Mem:          33447        3972         829         161       28645       28816
Swap:          2147         438        1708
Total:        35595        4410        2538

              total        used        free      shared  buff/cache   available
Mem:          33447        3987         812         161       28646       28800
Swap:          2147         438        1708
Total:        35595        4426        2521

              total        used        free      shared  buff/cache   available
Mem:          33447        3979         820         161       28647       28808
Swap:          2147         438        1708
Total:        35595        4418        2529

              total        used        free      shared  buff/cache   available
Mem:          33447        3955         842         161       28649       28833
Swap:          2147         438        1708
Total:        35595        4393        2551

              total        used        free      shared  buff/cache   available
Mem:          33447        3955         845         161       28647       28833
Swap:          2147         438        1708
Total:        35595        4393        2554

              total        used        free      shared  buff/cache   available
Mem:          33447        3858         944         159       28644       28932
Swap:          2147         438        1708
Total:        35595        4297        2653

              total        used        free      shared  buff/cache   available
Mem:          33447        3890         915         156       28642       28904
Swap:          2147         438        1708
Total:        35595        4328        2624

              total        used        free      shared  buff/cache   available
Mem:          33447        3851         951         156       28645       28942
Swap:          2147         438        1708
Total:        35595        4289        2660

              total        used        free      shared  buff/cache   available
Mem:          33447        3864         939         156       28642       28929
Swap:          2147         438        1708
Total:        35595        4303        2648

              total        used        free      shared  buff/cache   available
Mem:          33447        3879         924         156       28643       28914
Swap:          2147         438        1708
Total:        35595        4318        2633

              total        used        free      shared  buff/cache   available
Mem:          33447        3871         930         156       28645       28922
Swap:          2147         438        1708
Total:        35595        4309        2639

              total        used        free      shared  buff/cache   available
Mem:          33447        3849         954         156       28642       28944
Swap:          2147         438        1708
Total:        35595        4288        2663

              total        used        free      shared  buff/cache   available
Mem:          33447        3857         947         156       28642       28936
Swap:          2147         438        1708
Total:        35595        4296        2656

              total        used        free      shared  buff/cache   available
Mem:          33447        3905         895         159       28646       28885
Swap:          2147         438        1708
Total:        35595        4343        2604

              total        used        free      shared  buff/cache   available
Mem:          33447        3844         954         159       28649       28946
Swap:          2147         438        1708
Total:        35595        4282        2662

              total        used        free      shared  buff/cache   available
Mem:          33447        3862         938         159       28646       28929
Swap:          2147         438        1708
Total:        35595        4300        2647

              total        used        free      shared  buff/cache   available
Mem:          33447        3887         912         159       28647       28903
Swap:          2147         438        1708
Total:        35595        4325        2621

              total        used        free      shared  buff/cache   available
Mem:          33447        3852         948         156       28646       28941
Swap:          2147         438        1708
Total:        35595        4290        2657

              total        used        free      shared  buff/cache   available
Mem:          33447        3842         960         156       28644       28951
Swap:          2147         438        1708
Total:        35595        4281        2669

              total        used        free      shared  buff/cache   available
Mem:          33447        3899         901         158       28646       28892
Swap:          2147         438        1708
Total:        35595        4338        2610

              total        used        free      shared  buff/cache   available
Mem:          33447        3924         874         159       28647       28866
Swap:          2147         438        1708
Total:        35595        4363        2583

              total        used        free      shared  buff/cache   available
Mem:          33447        3885         908         162       28653       28902
Swap:          2147         438        1708
Total:        35595        4324        2617

              total        used        free      shared  buff/cache   available
Mem:          33447        3885         908         164       28653       28901
Swap:          2147         438        1708
Total:        35595        4323        2617

              total        used        free      shared  buff/cache   available
Mem:          33447        4017         777         162       28652       28771
Swap:          2147         438        1708
Total:        35595        4455        2486

              total        used        free      shared  buff/cache   available
Mem:          33447        4064         731         162       28652       28723
Swap:          2147         438        1708
Total:        35595        4502        2440

              total        used        free      shared  buff/cache   available
Mem:          33447        3996         796         162       28654       28791
Swap:          2147         438        1708
Total:        35595        4434        2505

              total        used        free      shared  buff/cache   available
Mem:          33447        4005         781         162       28661       28783
Swap:          2147         438        1708
Total:        35595        4443        2489

              total        used        free      shared  buff/cache   available
Mem:          33447        4030         764         162       28652       28757
Swap:          2147         438        1708
Total:        35595        4468        2473

              total        used        free      shared  buff/cache   available
Mem:          33447        3977         815         162       28655       28810
Swap:          2147         438        1708
Total:        35595        4415        2524

              total        used        free      shared  buff/cache   available
Mem:          33447        3980         812         162       28655       28807
Swap:          2147         438        1708
Total:        35595        4418        2521

              total        used        free      shared  buff/cache   available
Mem:          33447        3984         811         162       28652       28803
Swap:          2147         438        1708
Total:        35595        4422        2519

              total        used        free      shared  buff/cache   available
Mem:          33447        4017         776         162       28653       28770
Swap:          2147         438        1708
Total:        35595        4456        2485

              total        used        free      shared  buff/cache   available
Mem:          33447        4001         789         162       28655       28785
Swap:          2147         438        1708
Total:        35595        4440        2498

              total        used        free      shared  buff/cache   available
Mem:          33447        3979         814         162       28653       28809
Swap:          2147         438        1708
Total:        35595        4417        2523

              total        used        free      shared  buff/cache   available
Mem:          33447        3991         803         162       28653       28796
Swap:          2147         438        1708
Total:        35595        4429        2511

              total        used        free      shared  buff/cache   available
Mem:          33447        4020         772         162       28654       28767
Swap:          2147         438        1708
Total:        35595        4459        2481

              total        used        free      shared  buff/cache   available
Mem:          33447        3966         827         162       28653       28821
Swap:          2147         438        1708
Total:        35595        4404        2536

              total        used        free      shared  buff/cache   available
Mem:          33447        3968         825         162       28653       28819
Swap:          2147         438        1708
Total:        35595        4407        2534

              total        used        free      shared  buff/cache   available
Mem:          33447        3968         825         162       28653       28819
Swap:          2147         438        1708
Total:        35595        4407        2533

              total        used        free      shared  buff/cache   available
Mem:          33447        3864         929         162       28653       28923
Swap:          2147         438        1708
Total:        35595        4303        2638

              total        used        free      shared  buff/cache   available
Mem:          33447        3863         930         162       28653       28924
Swap:          2147         438        1708
Total:        35595        4302        2639

              total        used        free      shared  buff/cache   available
Mem:          33447        3860         933         162       28653       28927
Swap:          2147         438        1708
Total:        35595        4298        2642

              total        used        free      shared  buff/cache   available
Mem:          33447        3859         931         165       28656       28925
Swap:          2147         438        1708
Total:        35595        4297        2640

              total        used        free      shared  buff/cache   available
Mem:          33447        3857         932         165       28656       28926
Swap:          2147         438        1708
Total:        35595        4296        2641

              total        used        free      shared  buff/cache   available
Mem:          33447        3858         932         165       28656       28926
Swap:          2147         438        1708
Total:        35595        4296        2641

              total        used        free      shared  buff/cache   available
Mem:          33447        3859         931         165       28656       28925
Swap:          2147         438        1708
Total:        35595        4298        2639
