RESET
CPU yadrolab-wp11 1745509967 2025/04/24 18:52:47 2096590 100 24 14649680 20027608 1139097 4991778964 148490 0 15716 0 0 78013 100 0 0
SEP
CPU yadrolab-wp11 1745509968 2025/04/24 18:52:48 1 100 24 9 8 1 2378 0 0 0 0 0 76625 100 0 0
SEP
CPU yadrolab-wp11 1745509969 2025/04/24 18:52:49 1 100 24 14 6 3 2372 0 0 0 0 0 76749 100 0 0
SEP
CPU yadrolab-wp11 1745509970 2025/04/24 18:52:50 1 100 24 13 6 1 2375 0 0 0 0 0 74639 100 0 0
SEP
CPU yadrolab-wp11 1745509971 2025/04/24 18:52:51 1 100 24 14 6 0 2374 0 0 0 0 0 77212 100 0 0
SEP
CPU yadrolab-wp11 1745509972 2025/04/24 18:52:52 1 100 24 14 7 2 2375 0 0 0 0 0 76408 100 0 0
SEP
CPU yadrolab-wp11 1745509973 2025/04/24 18:52:53 1 100 24 14 8 0 2374 0 0 0 0 0 77468 100 0 0
SEP
CPU yadrolab-wp11 1745509974 2025/04/24 18:52:54 1 100 24 13 4 1 2378 0 0 0 0 0 77102 100 0 0
SEP
CPU yadrolab-wp11 1745509975 2025/04/24 18:52:55 1 100 24 13 9 1 2375 0 0 0 0 0 76797 100 0 0
SEP
CPU yadrolab-wp11 1745509976 2025/04/24 18:52:56 1 100 24 14 6 0 2373 0 0 0 0 0 76560 100 0 0
SEP
CPU yadrolab-wp11 1745509977 2025/04/24 18:52:57 1 100 24 24 5 12 2354 0 0 0 0 0 74962 100 0 0
SEP
CPU yadrolab-wp11 1745509978 2025/04/24 18:52:58 1 100 24 78 529 6 1758 3 0 0 0 0 74586 100 0 0
SEP
CPU yadrolab-wp11 1745509979 2025/04/24 18:52:59 1 100 24 67 510 4 1801 3 0 0 0 0 77398 100 0 0
SEP
CPU yadrolab-wp11 1745509980 2025/04/24 18:53:00 1 100 24 91 399 12 1866 2 0 0 0 0 107870 100 0 0
SEP
CPU yadrolab-wp11 1745509981 2025/04/24 18:53:01 1 100 24 95 431 64 1781 3 0 0 0 0 78027 100 0 0
SEP
CPU yadrolab-wp11 1745509982 2025/04/24 18:53:02 1 100 24 92 501 25 1752 3 0 0 0 0 72938 100 0 0
SEP
CPU yadrolab-wp11 1745509983 2025/04/24 18:53:03 1 100 24 75 533 19 1762 3 0 0 0 0 78086 100 0 0
SEP
CPU yadrolab-wp11 1745509984 2025/04/24 18:53:04 1 100 24 77 463 36 1798 6 0 0 0 0 77827 100 0 0
SEP
CPU yadrolab-wp11 1745509985 2025/04/24 18:53:05 1 100 24 73 525 4 1780 4 0 0 0 0 72405 100 0 0
SEP
CPU yadrolab-wp11 1745509986 2025/04/24 18:53:06 1 100 24 87 522 3 1762 4 0 0 0 0 77038 100 0 0
SEP
CPU yadrolab-wp11 1745509987 2025/04/24 18:53:07 1 100 24 80 522 6 1772 4 0 0 0 0 61689 100 0 0
SEP
CPU yadrolab-wp11 1745509988 2025/04/24 18:53:08 1 100 24 99 538 44 1681 3 0 0 0 0 78090 100 0 0
SEP
CPU yadrolab-wp11 1745509989 2025/04/24 18:53:09 1 100 24 62 503 3 1790 2 0 0 0 0 78283 100 0 0
SEP
CPU yadrolab-wp11 1745509990 2025/04/24 18:53:10 1 100 24 88 540 4 1753 4 0 0 0 0 77410 100 0 0
SEP
CPU yadrolab-wp11 1745509991 2025/04/24 18:53:11 1 100 24 54 532 4 1793 2 0 0 0 0 78044 100 0 0
SEP
CPU yadrolab-wp11 1745509992 2025/04/24 18:53:12 1 100 24 77 511 4 1773 7 0 0 0 0 75671 100 0 0
SEP
CPU yadrolab-wp11 1745509993 2025/04/24 18:53:13 1 100 24 72 529 4 1758 3 0 0 0 0 72998 100 0 0
SEP
CPU yadrolab-wp11 1745509994 2025/04/24 18:53:14 1 100 24 99 537 3 1736 4 0 1 0 0 77411 100 0 0
SEP
CPU yadrolab-wp11 1745509995 2025/04/24 18:53:15 1 100 24 74 382 5 1907 4 0 0 0 0 107800 100 0 0
SEP
CPU yadrolab-wp11 1745509996 2025/04/24 18:53:16 1 100 24 93 548 3 1728 3 0 0 0 0 79879 100 0 0
SEP
CPU yadrolab-wp11 1745509997 2025/04/24 18:53:17 1 100 24 81 525 3 1753 3 0 0 0 0 81385 100 0 0
SEP
CPU yadrolab-wp11 1745509998 2025/04/24 18:53:18 1 100 24 73 443 5 1851 3 0 0 0 0 76264 100 0 0
SEP
CPU yadrolab-wp11 1745509999 2025/04/24 18:53:19 1 100 24 73 526 3 1786 3 0 0 0 0 73241 100 0 0
SEP
CPU yadrolab-wp11 1745510000 2025/04/24 18:53:20 1 100 24 96 552 6 1732 3 0 0 0 0 76382 100 0 0
SEP
CPU yadrolab-wp11 1745510001 2025/04/24 18:53:21 1 100 24 128 541 6 1720 2 0 0 0 0 75051 100 0 0
SEP
CPU yadrolab-wp11 1745510002 2025/04/24 18:53:22 1 100 24 75 509 2 1800 3 0 0 0 0 76998 100 0 0
SEP
CPU yadrolab-wp11 1745510003 2025/04/24 18:53:23 1 100 24 80 519 4 1767 4 0 0 0 0 77233 100 0 0
SEP
CPU yadrolab-wp11 1745510004 2025/04/24 18:53:24 1 100 24 91 524 6 1746 8 0 0 0 0 74572 100 0 0
SEP
CPU yadrolab-wp11 1745510005 2025/04/24 18:53:25 1 100 24 82 511 3 1778 5 0 0 0 0 74452 100 0 0
SEP
CPU yadrolab-wp11 1745510006 2025/04/24 18:53:26 1 100 24 91 524 4 1760 8 0 0 0 0 77669 100 0 0
SEP
CPU yadrolab-wp11 1745510007 2025/04/24 18:53:27 1 100 24 86 452 7 1838 3 0 0 0 0 106064 100 0 0
SEP
CPU yadrolab-wp11 1745510008 2025/04/24 18:53:28 1 100 24 56 574 14 1724 3 0 0 0 0 92903 100 0 0
SEP
CPU yadrolab-wp11 1745510009 2025/04/24 18:53:29 1 100 24 107 415 8 1846 3 0 0 0 0 75681 100 0 0
SEP
CPU yadrolab-wp11 1745510010 2025/04/24 18:53:30 1 100 24 98 467 8 1802 3 0 0 0 0 75788 100 0 0
SEP
CPU yadrolab-wp11 1745510011 2025/04/24 18:53:31 1 100 24 86 530 3 1737 2 0 1 0 0 74519 100 0 0
SEP
CPU yadrolab-wp11 1745510012 2025/04/24 18:53:32 1 100 24 77 517 2 1786 3 0 0 0 0 77133 100 0 0
SEP
CPU yadrolab-wp11 1745510013 2025/04/24 18:53:33 1 100 24 77 493 2 1815 4 0 0 0 0 78587 100 0 0
SEP
CPU yadrolab-wp11 1745510014 2025/04/24 18:53:34 1 100 24 63 510 4 1792 5 0 0 0 0 77516 100 0 0
SEP
CPU yadrolab-wp11 1745510015 2025/04/24 18:53:35 1 100 24 77 513 4 1799 5 0 0 0 0 79686 100 0 0
SEP
CPU yadrolab-wp11 1745510016 2025/04/24 18:53:36 1 100 24 99 399 5 1883 3 0 0 0 0 74961 100 0 0
SEP
CPU yadrolab-wp11 1745510017 2025/04/24 18:53:37 1 100 24 80 481 6 1802 2 0 0 0 0 77176 100 0 0
SEP
CPU yadrolab-wp11 1745510018 2025/04/24 18:53:38 1 100 24 87 515 2 1765 3 0 0 0 0 76564 100 0 0
SEP
CPU yadrolab-wp11 1745510019 2025/04/24 18:53:39 1 100 24 94 542 4 1725 3 0 0 0 0 79116 100 0 0
SEP
CPU yadrolab-wp11 1745510020 2025/04/24 18:53:40 1 100 24 67 510 3 1802 3 0 1 0 0 77346 100 0 0
SEP
CPU yadrolab-wp11 1745510021 2025/04/24 18:53:41 1 100 24 71 493 3 1805 2 0 0 0 0 77439 100 0 0
SEP
CPU yadrolab-wp11 1745510022 2025/04/24 18:53:42 1 100 24 91 526 3 1749 3 0 0 0 0 76811 100 0 0
SEP
CPU yadrolab-wp11 1745510023 2025/04/24 18:53:43 1 100 24 87 528 2 1773 6 0 0 0 0 77314 100 0 0
SEP
CPU yadrolab-wp11 1745510024 2025/04/24 18:53:44 1 100 24 71 485 4 1820 4 0 0 0 0 85805 100 0 0
SEP
CPU yadrolab-wp11 1745510025 2025/04/24 18:53:45 1 100 24 97 350 4 1926 9 0 0 0 0 73641 100 0 0
SEP
CPU yadrolab-wp11 1745510026 2025/04/24 18:53:46 1 100 24 86 542 4 1739 9 0 0 0 0 77003 100 0 0
SEP
CPU yadrolab-wp11 1745510027 2025/04/24 18:53:47 1 100 24 54 498 7 1787 14 0 0 0 0 77185 100 0 0
SEP
CPU yadrolab-wp11 1745510028 2025/04/24 18:53:48 1 100 24 104 525 5 1741 6 0 0 0 0 74360 100 0 0
SEP
CPU yadrolab-wp11 1745510029 2025/04/24 18:53:49 1 100 24 105 517 5 1745 9 0 0 0 0 80008 100 0 0
SEP
CPU yadrolab-wp11 1745510030 2025/04/24 18:53:50 1 100 24 67 341 6 1960 7 0 0 0 0 76757 100 0 0
SEP
CPU yadrolab-wp11 1745510031 2025/04/24 18:53:51 1 100 24 12 7 1 2375 0 0 0 0 0 76917 100 0 0
SEP
CPU yadrolab-wp11 1745510032 2025/04/24 18:53:52 1 100 24 16 5 3 2374 0 0 0 0 0 77596 100 0 0
SEP
CPU yadrolab-wp11 1745510033 2025/04/24 18:53:53 1 100 24 12 7 0 2376 0 0 0 0 0 76180 100 0 0
SEP
CPU yadrolab-wp11 1745510034 2025/04/24 18:53:54 1 100 24 26 16 2 2348 0 0 0 0 0 76161 100 0 0
SEP
CPU yadrolab-wp11 1745510035 2025/04/24 18:53:55 1 100 24 13 10 1 2373 1 0 0 0 0 75847 100 0 0
SEP
CPU yadrolab-wp11 1745510036 2025/04/24 18:53:56 1 100 24 11 6 1 2377 0 0 0 0 0 75419 100 0 0
SEP
CPU yadrolab-wp11 1745510037 2025/04/24 18:53:57 1 100 24 17 6 2 2372 0 0 0 0 0 76598 100 0 0
SEP
CPU yadrolab-wp11 1745510038 2025/04/24 18:53:58 1 100 24 14 6 1 2375 0 0 0 0 0 76854 100 0 0
SEP
CPU yadrolab-wp11 1745510039 2025/04/24 18:53:59 1 100 24 13 7 3 2375 0 0 0 0 0 74400 100 0 0
SEP
