506 
529 
543 
581 
567 
533 
565 
511 
476 
502 
482 
564 
530 
499 
562 
567 
482 
475 
477 
502 
467 
548 
543 
469 
470 
510 
508 
544 
461 
549 
576 
517 
534 
540 
532 
499 
465 
544 
488 
550 
512 
544 
519 
521 
496 
536 
518 
531 
528 
528 
483 
525 
523 
529 
588 
476 
527 
524 
499 
483 
540 
507 
551 
532 
564 
544 
524 
581 
516 
606 
539 
494 
509 
511 
539 
511 
544 
525 
504 
568 
519 
519 
548 
515 
556 
509 
533 
547 
513 
514 
611 
480 
584 
538 
520 
532 
557 
597 
588 
600 
