              total        used        free      shared  buff/cache   available
Mem:          33447        3946        1359         167       28140       28836
Swap:          2147         438        1708
Total:        35595        4385        3068

              total        used        free      shared  buff/cache   available
Mem:          33447        3953        1353         167       28140       28829
Swap:          2147         438        1708
Total:        35595        4392        3061

              total        used        free      shared  buff/cache   available
Mem:          33447        3956        1350         167       28140       28826
Swap:          2147         438        1708
Total:        35595        4395        3059

              total        used        free      shared  buff/cache   available
Mem:          33447        3957        1349         167       28140       28825
Swap:          2147         438        1708
Total:        35595        4395        3058

              total        used        free      shared  buff/cache   available
Mem:          33447        3957        1349         167       28140       28825
Swap:          2147         438        1708
Total:        35595        4396        3058

              total        used        free      shared  buff/cache   available
Mem:          33447        3956        1350         167       28140       28826
Swap:          2147         438        1708
Total:        35595        4395        3059

              total        used        free      shared  buff/cache   available
Mem:          33447        3957        1349         167       28140       28825
Swap:          2147         438        1708
Total:        35595        4395        3058

              total        used        free      shared  buff/cache   available
Mem:          33447        3956        1350         167       28140       28826
Swap:          2147         438        1708
Total:        35595        4394        3059

              total        used        free      shared  buff/cache   available
Mem:          33447        3955        1351         167       28140       28827
Swap:          2147         438        1708
Total:        35595        4393        3060

              total        used        free      shared  buff/cache   available
Mem:          33447        3956        1350         167       28140       28826
Swap:          2147         438        1708
Total:        35595        4394        3059

              total        used        free      shared  buff/cache   available
Mem:          33447        3882        1424         167       28140       28900
Swap:          2147         438        1708
Total:        35595        4321        3133

              total        used        free      shared  buff/cache   available
Mem:          33447        3993        1314         164       28139       28792
Swap:          2147         438        1708
Total:        35595        4432        3023

              total        used        free      shared  buff/cache   available
Mem:          33447        3989        1315         167       28142       28793
Swap:          2147         438        1708
Total:        35595        4427        3024

              total        used        free      shared  buff/cache   available
Mem:          33447        4005        1297         170       28144       28774
Swap:          2147         438        1708
Total:        35595        4444        3006

              total        used        free      shared  buff/cache   available
Mem:          33447        4135        1166         170       28145       28644
Swap:          2147         438        1708
Total:        35595        4573        2875

              total        used        free      shared  buff/cache   available
Mem:          33447        4142        1161         168       28143       28640
Swap:          2147         438        1708
Total:        35595        4580        2870

              total        used        free      shared  buff/cache   available
Mem:          33447        4097        1212         162       28137       28691
Swap:          2147         438        1708
Total:        35595        4535        2921

              total        used        free      shared  buff/cache   available
Mem:          33447        4083        1227         162       28136       28704
Swap:          2147         438        1708
Total:        35595        4522        2936

              total        used        free      shared  buff/cache   available
Mem:          33447        4060        1252         159       28134       28731
Swap:          2147         438        1708
Total:        35595        4498        2961

              total        used        free      shared  buff/cache   available
Mem:          33447        4059        1252         159       28135       28732
Swap:          2147         438        1708
Total:        35595        4497        2961

              total        used        free      shared  buff/cache   available
Mem:          33447        4060        1252         158       28135       28731
Swap:          2147         438        1708
Total:        35595        4498        2960

              total        used        free      shared  buff/cache   available
Mem:          33447        4057        1254         159       28136       28734
Swap:          2147         438        1708
Total:        35595        4495        2963

              total        used        free      shared  buff/cache   available
Mem:          33447        4059        1251         159       28137       28732
Swap:          2147         438        1708
Total:        35595        4497        2959

              total        used        free      shared  buff/cache   available
Mem:          33447        4060        1250         159       28136       28731
Swap:          2147         438        1708
Total:        35595        4498        2959

              total        used        free      shared  buff/cache   available
Mem:          33447        4047        1261         159       28137       28743
Swap:          2147         438        1708
Total:        35595        4486        2970

              total        used        free      shared  buff/cache   available
Mem:          33447        4052        1257         159       28138       28739
Swap:          2147         438        1708
Total:        35595        4490        2966

              total        used        free      shared  buff/cache   available
Mem:          33447        4053        1255         159       28138       28737
Swap:          2147         438        1708
Total:        35595        4492        2964

              total        used        free      shared  buff/cache   available
Mem:          33447        4052        1256         159       28138       28739
Swap:          2147         438        1708
Total:        35595        4490        2965

              total        used        free      shared  buff/cache   available
Mem:          33447        4066        1241         159       28138       28724
Swap:          2147         438        1708
Total:        35595        4505        2950

              total        used        free      shared  buff/cache   available
Mem:          33447        4074        1235         159       28138       28717
Swap:          2147         438        1708
Total:        35595        4512        2943

              total        used        free      shared  buff/cache   available
Mem:          33447        4065        1242         159       28138       28725
Swap:          2147         438        1708
Total:        35595        4504        2951

              total        used        free      shared  buff/cache   available
Mem:          33447        4061        1247         159       28139       28730
Swap:          2147         438        1708
Total:        35595        4499        2955

              total        used        free      shared  buff/cache   available
Mem:          33447        4072        1235         159       28139       28719
Swap:          2147         438        1708
Total:        35595        4510        2944

              total        used        free      shared  buff/cache   available
Mem:          33447        4076        1230         159       28140       28715
Swap:          2147         438        1708
Total:        35595        4514        2939

              total        used        free      shared  buff/cache   available
Mem:          33447        4049        1257         159       28141       28742
Swap:          2147         438        1708
Total:        35595        4487        2965

              total        used        free      shared  buff/cache   available
Mem:          33447        4053        1253         159       28141       28738
Swap:          2147         438        1708
Total:        35595        4491        2961

              total        used        free      shared  buff/cache   available
Mem:          33447        4056        1248         159       28141       28734
Swap:          2147         438        1708
Total:        35595        4495        2957

              total        used        free      shared  buff/cache   available
Mem:          33447        4048        1256         159       28142       28742
Swap:          2147         438        1708
Total:        35595        4487        2965

              total        used        free      shared  buff/cache   available
Mem:          33447        4057        1247         159       28142       28733
Swap:          2147         438        1708
Total:        35595        4496        2956

              total        used        free      shared  buff/cache   available
Mem:          33447        4080        1222         159       28144       28710
Swap:          2147         438        1708
Total:        35595        4519        2931

              total        used        free      shared  buff/cache   available
Mem:          33447        4065        1237         159       28144       28725
Swap:          2147         438        1708
Total:        35595        4504        2946

              total        used        free      shared  buff/cache   available
Mem:          33447        4043        1258         159       28145       28747
Swap:          2147         438        1708
Total:        35595        4482        2967

              total        used        free      shared  buff/cache   available
Mem:          33447        4042        1262         157       28143       28750
Swap:          2147         438        1708
Total:        35595        4481        2970

              total        used        free      shared  buff/cache   available
Mem:          33447        4042        1256         162       28148       28745
Swap:          2147         438        1708
Total:        35595        4481        2965

              total        used        free      shared  buff/cache   available
Mem:          33447        4052        1246         162       28149       28735
Swap:          2147         438        1708
Total:        35595        4490        2955

              total        used        free      shared  buff/cache   available
Mem:          33447        4036        1261         162       28149       28751
Swap:          2147         438        1708
Total:        35595        4475        2970

              total        used        free      shared  buff/cache   available
Mem:          33447        4036        1260         162       28150       28751
Swap:          2147         438        1708
Total:        35595        4475        2969

              total        used        free      shared  buff/cache   available
Mem:          33447        4055        1244         159       28147       28735
Swap:          2147         438        1708
Total:        35595        4493        2953

              total        used        free      shared  buff/cache   available
Mem:          33447        4050        1248         159       28148       28740
Swap:          2147         438        1708
Total:        35595        4489        2957

              total        used        free      shared  buff/cache   available
Mem:          33447        4038        1261         159       28147       28752
Swap:          2147         438        1708
Total:        35595        4477        2970

              total        used        free      shared  buff/cache   available
Mem:          33447        4035        1264         159       28148       28755
Swap:          2147         438        1708
Total:        35595        4473        2973

              total        used        free      shared  buff/cache   available
Mem:          33447        4047        1251         159       28148       28743
Swap:          2147         438        1708
Total:        35595        4485        2960

              total        used        free      shared  buff/cache   available
Mem:          33447        4049        1249         159       28148       28742
Swap:          2147         438        1708
Total:        35595        4487        2958

              total        used        free      shared  buff/cache   available
Mem:          33447        4026        1272         159       28148       28764
Swap:          2147         438        1708
Total:        35595        4464        2981

              total        used        free      shared  buff/cache   available
Mem:          33447        4033        1264         159       28149       28757
Swap:          2147         438        1708
Total:        35595        4472        2973

              total        used        free      shared  buff/cache   available
Mem:          33447        4032        1265         159       28149       28758
Swap:          2147         438        1708
Total:        35595        4470        2974

              total        used        free      shared  buff/cache   available
Mem:          33447        4032        1265         159       28149       28759
Swap:          2147         438        1708
Total:        35595        4470        2974

              total        used        free      shared  buff/cache   available
Mem:          33447        4050        1247         159       28150       28741
Swap:          2147         438        1708
Total:        35595        4488        2956

              total        used        free      shared  buff/cache   available
Mem:          33447        4036        1261         159       28149       28755
Swap:          2147         438        1708
Total:        35595        4474        2970

              total        used        free      shared  buff/cache   available
Mem:          33447        4052        1245         159       28150       28738
Swap:          2147         438        1708
Total:        35595        4490        2953

              total        used        free      shared  buff/cache   available
Mem:          33447        4023        1273         159       28150       28767
Swap:          2147         438        1708
Total:        35595        4462        2982

              total        used        free      shared  buff/cache   available
Mem:          33447        4026        1269         159       28151       28764
Swap:          2147         438        1708
Total:        35595        4465        2978

              total        used        free      shared  buff/cache   available
Mem:          33447        4050        1245         159       28151       28740
Swap:          2147         438        1708
Total:        35595        4489        2954

              total        used        free      shared  buff/cache   available
Mem:          33447        4017        1279         159       28151       28773
Swap:          2147         438        1708
Total:        35595        4455        2988

              total        used        free      shared  buff/cache   available
Mem:          33447        4016        1280         159       28151       28774
Swap:          2147         438        1708
Total:        35595        4454        2989

              total        used        free      shared  buff/cache   available
Mem:          33447        4018        1277         159       28151       28772
Swap:          2147         438        1708
Total:        35595        4457        2986

              total        used        free      shared  buff/cache   available
Mem:          33447        4018        1277         159       28151       28772
Swap:          2147         438        1708
Total:        35595        4457        2986

              total        used        free      shared  buff/cache   available
Mem:          33447        3924        1371         159       28151       28866
Swap:          2147         438        1708
Total:        35595        4363        3080

              total        used        free      shared  buff/cache   available
Mem:          33447        3921        1374         159       28151       28869
Swap:          2147         438        1708
Total:        35595        4360        3083

              total        used        free      shared  buff/cache   available
Mem:          33447        3921        1375         159       28151       28869
Swap:          2147         438        1708
Total:        35595        4359        3084

              total        used        free      shared  buff/cache   available
Mem:          33447        3921        1374         159       28151       28869
Swap:          2147         438        1708
Total:        35595        4360        3083

              total        used        free      shared  buff/cache   available
Mem:          33447        3921        1374         159       28151       28869
Swap:          2147         438        1708
Total:        35595        4360        3083

              total        used        free      shared  buff/cache   available
Mem:          33447        3921        1374         159       28151       28869
Swap:          2147         438        1708
Total:        35595        4360        3083
