RESET
CPU yadrolab-wp11 1745509618 2025/04/24 18:46:58 2096241 100 24 14626176 19914019 1137417 4991086729 147311 0 15702 0 0 78517 100 0 0
SEP
CPU yadrolab-wp11 1745509619 2025/04/24 18:46:59 1 100 24 15 8 1 2373 0 0 0 0 0 75597 100 0 0
SEP
CPU yadrolab-wp11 1745509620 2025/04/24 18:47:00 1 100 24 23 9 12 2352 1 0 0 0 0 77659 100 0 0
SEP
CPU yadrolab-wp11 1745509621 2025/04/24 18:47:01 1 100 24 14 6 4 2373 0 0 0 0 0 77731 100 0 0
SEP
CPU yadrolab-wp11 1745509622 2025/04/24 18:47:02 1 100 24 17 8 19 2352 0 0 0 0 0 76326 100 0 0
SEP
CPU yadrolab-wp11 1745509623 2025/04/24 18:47:03 1 100 24 12 8 1 2376 0 0 0 0 0 77752 100 0 0
SEP
CPU yadrolab-wp11 1745509624 2025/04/24 18:47:04 1 100 24 15 6 0 2374 0 0 0 0 0 77730 100 0 0
SEP
CPU yadrolab-wp11 1745509625 2025/04/24 18:47:05 1 100 24 18 4 3 2372 0 0 0 0 0 77713 100 0 0
SEP
CPU yadrolab-wp11 1745509626 2025/04/24 18:47:06 1 100 24 15 6 1 2374 0 0 0 0 0 79284 100 0 0
SEP
CPU yadrolab-wp11 1745509627 2025/04/24 18:47:07 1 100 24 13 6 1 2375 0 0 0 0 0 76658 100 0 0
SEP
CPU yadrolab-wp11 1745509628 2025/04/24 18:47:08 1 100 24 12 5 2 2376 0 0 0 0 0 68476 100 0 0
SEP
CPU yadrolab-wp11 1745509629 2025/04/24 18:47:09 1 100 24 70 308 3 2003 1 0 0 0 0 77519 100 0 0
SEP
CPU yadrolab-wp11 1745509630 2025/04/24 18:47:10 1 100 24 62 312 1 2022 2 0 0 0 0 76960 100 0 0
SEP
CPU yadrolab-wp11 1745509631 2025/04/24 18:47:11 1 100 24 68 304 2 2005 2 0 0 0 0 76855 100 0 0
SEP
CPU yadrolab-wp11 1745509632 2025/04/24 18:47:12 1 100 24 60 311 2 2008 1 0 1 0 0 75684 100 0 0
SEP
CPU yadrolab-wp11 1745509633 2025/04/24 18:47:13 1 100 24 55 304 3 2034 2 0 0 0 0 77606 100 0 0
SEP
CPU yadrolab-wp11 1745509634 2025/04/24 18:47:14 1 100 24 46 303 1 2028 1 0 0 0 0 77079 100 0 0
SEP
CPU yadrolab-wp11 1745509635 2025/04/24 18:47:15 1 100 24 53 296 2 2038 2 0 0 0 0 77319 100 0 0
SEP
CPU yadrolab-wp11 1745509636 2025/04/24 18:47:16 1 100 24 42 291 0 2047 1 0 0 0 0 77270 100 0 0
SEP
CPU yadrolab-wp11 1745509637 2025/04/24 18:47:17 1 100 24 57 321 2 2005 2 0 0 0 0 76748 100 0 0
SEP
CPU yadrolab-wp11 1745509638 2025/04/24 18:47:18 1 100 24 63 309 2 2006 1 0 0 0 0 74803 100 0 0
SEP
CPU yadrolab-wp11 1745509639 2025/04/24 18:47:19 1 100 24 45 305 3 2029 2 0 0 0 0 80444 100 0 0
SEP
CPU yadrolab-wp11 1745509640 2025/04/24 18:47:20 1 100 24 52 331 2 2026 2 0 0 0 0 80160 100 0 0
SEP
CPU yadrolab-wp11 1745509641 2025/04/24 18:47:21 1 100 24 54 309 3 2011 1 0 0 0 0 74408 100 0 0
SEP
CPU yadrolab-wp11 1745509642 2025/04/24 18:47:22 1 100 24 56 283 1 2039 2 0 0 0 0 78457 100 0 0
SEP
CPU yadrolab-wp11 1745509643 2025/04/24 18:47:23 1 100 24 62 301 2 2020 2 0 0 0 0 78565 100 0 0
SEP
CPU yadrolab-wp11 1745509644 2025/04/24 18:47:24 1 100 24 62 307 2 2019 2 0 0 0 0 80384 100 0 0
SEP
CPU yadrolab-wp11 1745509645 2025/04/24 18:47:25 1 100 24 72 322 3 1993 1 0 0 0 0 78764 100 0 0
SEP
CPU yadrolab-wp11 1745509646 2025/04/24 18:47:26 1 100 24 69 331 5 1990 2 0 0 0 0 79125 100 0 0
SEP
CPU yadrolab-wp11 1745509647 2025/04/24 18:47:27 1 100 24 59 301 2 2021 1 0 0 0 0 80144 100 0 0
SEP
CPU yadrolab-wp11 1745509648 2025/04/24 18:47:28 1 100 24 52 298 3 2028 2 0 0 0 0 71820 100 0 0
SEP
CPU yadrolab-wp11 1745509649 2025/04/24 18:47:29 1 100 24 62 296 2 2024 2 0 0 0 0 75462 100 0 0
SEP
CPU yadrolab-wp11 1745509650 2025/04/24 18:47:30 1 100 24 74 326 2 1994 2 0 0 0 0 77325 100 0 0
SEP
CPU yadrolab-wp11 1745509651 2025/04/24 18:47:31 1 100 24 57 315 4 2024 2 0 0 0 0 77461 100 0 0
SEP
CPU yadrolab-wp11 1745509652 2025/04/24 18:47:32 1 100 24 48 293 3 2044 1 0 0 0 0 71024 100 0 0
SEP
CPU yadrolab-wp11 1745509653 2025/04/24 18:47:33 1 100 24 55 299 2 2021 1 0 0 0 0 76344 100 0 0
SEP
CPU yadrolab-wp11 1745509654 2025/04/24 18:47:34 1 100 24 48 296 2 2045 2 0 0 0 0 52605 100 0 0
SEP
CPU yadrolab-wp11 1745509655 2025/04/24 18:47:35 1 100 24 53 325 2 2009 1 0 0 0 0 77430 100 0 0
SEP
CPU yadrolab-wp11 1745509656 2025/04/24 18:47:36 1 100 24 57 307 4 2015 1 0 0 0 0 76901 100 0 0
SEP
CPU yadrolab-wp11 1745509657 2025/04/24 18:47:37 1 100 24 53 295 3 2021 2 0 0 0 0 84465 100 0 0
SEP
CPU yadrolab-wp11 1745509658 2025/04/24 18:47:38 1 100 24 45 282 1 2049 2 0 0 0 0 72323 100 0 0
SEP
CPU yadrolab-wp11 1745509659 2025/04/24 18:47:39 1 100 24 57 303 3 2013 2 0 1 0 0 70637 100 0 0
SEP
CPU yadrolab-wp11 1745509660 2025/04/24 18:47:40 1 100 24 90 360 3 1933 3 0 0 0 0 75599 100 0 0
SEP
CPU yadrolab-wp11 1745509661 2025/04/24 18:47:41 1 100 24 61 309 3 2000 3 0 0 0 0 72423 100 0 0
SEP
CPU yadrolab-wp11 1745509662 2025/04/24 18:47:42 1 100 24 68 322 3 1983 4 0 0 0 0 75267 100 0 0
SEP
CPU yadrolab-wp11 1745509663 2025/04/24 18:47:43 1 100 24 72 326 2 1978 4 0 0 0 0 78238 100 0 0
SEP
CPU yadrolab-wp11 1745509664 2025/04/24 18:47:44 1 100 24 73 319 2 1989 4 0 0 0 0 66865 100 0 0
SEP
CPU yadrolab-wp11 1745509665 2025/04/24 18:47:45 1 100 24 43 297 0 2038 5 0 0 0 0 40906 100 0 0
SEP
CPU yadrolab-wp11 1745509666 2025/04/24 18:47:46 1 100 24 59 302 2 2025 2 0 0 0 0 76742 100 0 0
SEP
CPU yadrolab-wp11 1745509667 2025/04/24 18:47:47 1 100 24 57 286 3 2036 7 0 0 0 0 75718 100 0 0
SEP
CPU yadrolab-wp11 1745509668 2025/04/24 18:47:48 1 100 24 59 320 2 2001 4 0 0 0 0 76999 100 0 0
SEP
CPU yadrolab-wp11 1745509669 2025/04/24 18:47:49 1 100 24 59 308 1 2022 6 0 0 0 0 54010 100 0 0
SEP
CPU yadrolab-wp11 1745509670 2025/04/24 18:47:50 1 100 24 66 313 3 1993 3 0 0 0 0 78489 100 0 0
SEP
CPU yadrolab-wp11 1745509671 2025/04/24 18:47:51 1 100 24 62 307 3 2004 3 0 0 0 0 77445 100 0 0
SEP
CPU yadrolab-wp11 1745509672 2025/04/24 18:47:52 1 100 24 67 307 4 2002 4 0 0 0 0 65537 100 0 0
SEP
CPU yadrolab-wp11 1745509673 2025/04/24 18:47:53 1 100 24 71 314 3 1994 5 0 0 0 0 69719 100 0 0
SEP
CPU yadrolab-wp11 1745509674 2025/04/24 18:47:54 1 100 24 31 265 0 2080 0 0 0 0 0 74202 100 0 0
SEP
CPU yadrolab-wp11 1745509675 2025/04/24 18:47:55 1 100 24 56 307 1 2008 5 0 0 0 0 77226 100 0 0
SEP
CPU yadrolab-wp11 1745509676 2025/04/24 18:47:56 1 100 24 44 299 2 2034 2 0 0 0 0 74745 100 0 0
SEP
CPU yadrolab-wp11 1745509677 2025/04/24 18:47:57 1 100 24 64 336 3 2000 3 0 0 0 0 74400 100 0 0
SEP
CPU yadrolab-wp11 1745509678 2025/04/24 18:47:58 1 100 24 82 334 3 1969 4 0 0 0 0 81396 100 0 0
SEP
CPU yadrolab-wp11 1745509679 2025/04/24 18:47:59 1 100 24 84 316 2 1977 5 0 0 0 0 78747 100 0 0
SEP
CPU yadrolab-wp11 1745509680 2025/04/24 18:48:00 1 100 24 58 300 8 2022 3 0 0 0 0 80521 100 0 0
SEP
CPU yadrolab-wp11 1745509681 2025/04/24 18:48:01 1 100 24 61 331 5 1992 2 0 0 0 0 78183 100 0 0
SEP
CPU yadrolab-wp11 1745509682 2025/04/24 18:48:02 1 100 24 63 323 5 1991 4 0 0 0 0 75805 100 0 0
SEP
CPU yadrolab-wp11 1745509683 2025/04/24 18:48:03 1 100 24 65 340 4 1967 4 0 0 0 0 79651 100 0 0
SEP
CPU yadrolab-wp11 1745509684 2025/04/24 18:48:04 1 100 24 78 335 3 1969 4 0 0 0 0 76312 100 0 0
SEP
CPU yadrolab-wp11 1745509685 2025/04/24 18:48:05 1 100 24 74 325 3 1965 5 0 1 0 0 80060 100 0 0
SEP
CPU yadrolab-wp11 1745509686 2025/04/24 18:48:06 1 100 24 73 324 4 1993 2 0 0 0 0 74665 100 0 0
SEP
CPU yadrolab-wp11 1745509687 2025/04/24 18:48:07 1 100 24 72 310 2 2010 2 0 0 0 0 78359 100 0 0
SEP
CPU yadrolab-wp11 1745509688 2025/04/24 18:48:08 1 100 24 70 314 3 1997 1 0 0 0 0 77579 100 0 0
SEP
CPU yadrolab-wp11 1745509689 2025/04/24 18:48:09 1 100 24 70 310 2 1995 2 0 0 0 0 78633 100 0 0
SEP
CPU yadrolab-wp11 1745509690 2025/04/24 18:48:10 1 100 24 49 288 1 2042 1 0 0 0 0 79710 100 0 0
SEP
CPU yadrolab-wp11 1745509691 2025/04/24 18:48:11 1 100 24 50 292 3 2036 2 0 0 0 0 78354 100 0 0
SEP
CPU yadrolab-wp11 1745509692 2025/04/24 18:48:12 1 100 24 86 316 3 1994 1 0 0 0 0 78070 100 0 0
SEP
CPU yadrolab-wp11 1745509693 2025/04/24 18:48:13 1 100 24 62 323 2 2010 2 0 0 0 0 79966 100 0 0
SEP
CPU yadrolab-wp11 1745509694 2025/04/24 18:48:14 1 100 24 53 293 2 2032 1 0 0 0 0 78873 100 0 0
SEP
CPU yadrolab-wp11 1745509695 2025/04/24 18:48:15 1 100 24 66 307 3 2016 2 0 0 0 0 77252 100 0 0
SEP
CPU yadrolab-wp11 1745509696 2025/04/24 18:48:16 1 100 24 60 291 2 2035 1 0 0 0 0 80244 100 0 0
SEP
CPU yadrolab-wp11 1745509697 2025/04/24 18:48:17 1 100 24 63 318 5 2002 2 0 0 0 0 80409 100 0 0
SEP
CPU yadrolab-wp11 1745509698 2025/04/24 18:48:18 1 100 24 80 329 2 1974 2 0 0 0 0 78983 100 0 0
SEP
CPU yadrolab-wp11 1745509699 2025/04/24 18:48:19 1 100 24 66 314 5 2008 2 0 0 0 0 78995 100 0 0
SEP
CPU yadrolab-wp11 1745509700 2025/04/24 18:48:20 1 100 24 62 288 1 2031 1 0 0 0 0 77645 100 0 0
SEP
CPU yadrolab-wp11 1745509701 2025/04/24 18:48:21 1 100 24 66 315 4 1993 2 0 0 0 0 80007 100 0 0
SEP
CPU yadrolab-wp11 1745509702 2025/04/24 18:48:22 1 100 24 43 300 0 2031 2 0 0 0 0 76987 100 0 0
SEP
CPU yadrolab-wp11 1745509703 2025/04/24 18:48:23 1 100 24 60 298 3 2020 1 0 0 0 0 75286 100 0 0
SEP
CPU yadrolab-wp11 1745509704 2025/04/24 18:48:24 1 100 24 76 320 3 1978 2 0 0 0 0 81209 100 0 0
SEP
CPU yadrolab-wp11 1745509705 2025/04/24 18:48:25 1 100 24 50 300 2 2042 1 0 0 0 0 77675 100 0 0
SEP
CPU yadrolab-wp11 1745509706 2025/04/24 18:48:26 1 100 24 66 326 2 1985 3 0 0 0 0 79302 100 0 0
SEP
CPU yadrolab-wp11 1745509707 2025/04/24 18:48:27 1 100 24 52 289 2 2035 8 0 0 0 0 78308 100 0 0
SEP
CPU yadrolab-wp11 1745509708 2025/04/24 18:48:28 1 100 24 60 289 1 2033 6 0 0 0 0 77932 100 0 0
SEP
CPU yadrolab-wp11 1745509709 2025/04/24 18:48:29 1 100 24 58 298 1 2027 4 0 0 0 0 80759 100 0 0
SEP
CPU yadrolab-wp11 1745509710 2025/04/24 18:48:30 1 100 24 48 306 4 2029 3 0 1 0 0 73575 100 0 0
SEP
CPU yadrolab-wp11 1745509711 2025/04/24 18:48:31 1 100 24 58 312 2 1999 1 0 0 0 0 74578 100 0 0
SEP
CPU yadrolab-wp11 1745509712 2025/04/24 18:48:32 1 100 24 57 302 2 2023 2 0 0 0 0 81595 100 0 0
SEP
CPU yadrolab-wp11 1745509713 2025/04/24 18:48:33 1 100 24 61 313 1 2019 1 0 0 0 0 76922 100 0 0
SEP
CPU yadrolab-wp11 1745509714 2025/04/24 18:48:34 1 100 24 60 307 3 2025 2 0 0 0 0 79625 100 0 0
SEP
CPU yadrolab-wp11 1745509715 2025/04/24 18:48:35 1 100 24 48 306 2 2035 2 0 0 0 0 78495 100 0 0
SEP
CPU yadrolab-wp11 1745509716 2025/04/24 18:48:36 1 100 24 58 316 4 2002 2 0 0 0 0 78936 100 0 0
SEP
CPU yadrolab-wp11 1745509717 2025/04/24 18:48:37 1 100 24 57 303 4 2029 2 0 0 0 0 75331 100 0 0
SEP
CPU yadrolab-wp11 1745509718 2025/04/24 18:48:38 1 100 24 64 314 2 2005 1 0 0 0 0 78249 100 0 0
SEP
CPU yadrolab-wp11 1745509719 2025/04/24 18:48:39 1 100 24 62 334 2 1990 2 0 0 0 0 79036 100 0 0
SEP
CPU yadrolab-wp11 1745509720 2025/04/24 18:48:40 1 100 24 55 309 0 2003 1 0 0 0 0 80592 100 0 0
SEP
CPU yadrolab-wp11 1745509721 2025/04/24 18:48:41 1 100 24 59 317 5 2017 2 0 0 0 0 78233 100 0 0
SEP
CPU yadrolab-wp11 1745509722 2025/04/24 18:48:42 1 100 24 61 298 4 2018 1 0 0 0 0 81520 100 0 0
SEP
CPU yadrolab-wp11 1745509723 2025/04/24 18:48:43 1 100 24 55 315 3 2015 2 0 0 0 0 79825 100 0 0
SEP
CPU yadrolab-wp11 1745509724 2025/04/24 18:48:44 1 100 24 57 306 3 2031 1 0 0 0 0 76769 100 0 0
SEP
CPU yadrolab-wp11 1745509725 2025/04/24 18:48:45 1 100 24 60 328 3 1984 2 0 0 0 0 78612 100 0 0
SEP
CPU yadrolab-wp11 1745509726 2025/04/24 18:48:46 1 100 24 67 324 5 1986 1 0 0 0 0 78172 100 0 0
SEP
CPU yadrolab-wp11 1745509727 2025/04/24 18:48:47 1 100 24 55 294 1 2027 2 0 0 0 0 78557 100 0 0
SEP
CPU yadrolab-wp11 1745509728 2025/04/24 18:48:48 1 100 24 55 298 3 2034 2 0 0 0 0 77587 100 0 0
SEP
CPU yadrolab-wp11 1745509729 2025/04/24 18:48:49 1 100 24 25 38 1 2322 0 0 0 0 0 78135 100 0 0
SEP
CPU yadrolab-wp11 1745509730 2025/04/24 18:48:50 1 100 24 13 8 0 2373 0 0 0 0 0 76689 100 0 0
SEP
CPU yadrolab-wp11 1745509731 2025/04/24 18:48:51 1 100 24 10 7 2 2376 0 0 0 0 0 76934 100 0 0
SEP
CPU yadrolab-wp11 1745509732 2025/04/24 18:48:52 1 100 24 23 17 1 2352 0 0 0 0 0 77841 100 0 0
SEP
CPU yadrolab-wp11 1745509733 2025/04/24 18:48:53 1 100 24 14 4 1 2377 0 0 0 0 0 77856 100 0 0
SEP
CPU yadrolab-wp11 1745509734 2025/04/24 18:48:54 1 100 24 14 6 1 2376 0 0 0 0 0 77745 100 0 0
SEP
CPU yadrolab-wp11 1745509735 2025/04/24 18:48:55 1 100 24 17 12 3 2372 0 0 0 0 0 78161 100 0 0
SEP
CPU yadrolab-wp11 1745509736 2025/04/24 18:48:56 1 100 24 15 6 3 2373 0 0 0 0 0 76541 100 0 0
SEP
CPU yadrolab-wp11 1745509737 2025/04/24 18:48:57 1 100 24 13 8 4 2370 0 0 0 0 0 77154 100 0 0
SEP
CPU yadrolab-wp11 1745509738 2025/04/24 18:48:58 1 100 24 13 6 1 2376 0 0 0 0 0 77698 100 0 0
SEP
