2151 
2066 
2018 
1694 
1739 
1706 
1643 
1601 
1496 
1549 
1777 
1707 
1595 
1667 
1732 
1534 
1670 
1550 
1621 
1704 
1599 
1608 
1591 
1629 
1710 
1640 
1513 
1603 
1601 
1631 
1524 
1657 
1758 
1579 
1576 
1574 
1570 
1684 
1614 
1675 
1632 
1552 
1630 
1518 
1624 
1618 
1513 
1697 
1679 
1740 
1587 
1579 
1531 
1615 
1486 
1723 
1693 
1515 
1665 
1537 
1635 
1621 
1487 
1642 
1608 
1627 
1554 
1561 
1567 
1441 
1658 
1501 
1584 
1608 
1650 
1637 
1488 
1595 
1459 
1677 
1570 
1594 
1543 
1606 
1655 
1583 
1578 
1574 
1543 
1550 
1581 
1491 
1599 
1581 
1628 
1609 
1615 
1553 
1638 
1539 
