               total        used        free      shared  buff/cache   available
Mem:           14514        4144         810         189        9559        9842
Swap:           2147           3        2144
Total:         16662        4147        2954

               total        used        free      shared  buff/cache   available
Mem:           14514        4146         807         190        9560        9839
Swap:           2147           3        2144
Total:         16662        4149        2951

               total        used        free      shared  buff/cache   available
Mem:           14514        4147         807         189        9559        9839
Swap:           2147           3        2144
Total:         16662        4150        2951

               total        used        free      shared  buff/cache   available
Mem:           14514        4146         808         189        9559        9840
Swap:           2147           3        2144
Total:         16662        4149        2952

               total        used        free      shared  buff/cache   available
Mem:           14514        4143         813         187        9557        9845
Swap:           2147           3        2144
Total:         16662        4147        2957

               total        used        free      shared  buff/cache   available
Mem:           14514        4142         815         186        9556        9847
Swap:           2147           3        2144
Total:         16662        4146        2959

               total        used        free      shared  buff/cache   available
Mem:           14514        4142         815         186        9556        9847
Swap:           2147           3        2144
Total:         16662        4146        2959

               total        used        free      shared  buff/cache   available
Mem:           14514        4139         818         186        9556        9850
Swap:           2147           3        2144
Total:         16662        4143        2962

               total        used        free      shared  buff/cache   available
Mem:           14514        4139         819         186        9556        9850
Swap:           2147           3        2144
Total:         16662        4142        2963

               total        used        free      shared  buff/cache   available
Mem:           14514        4138         819         186        9556        9851
Swap:           2147           3        2144
Total:         16662        4141        2963

               total        used        free      shared  buff/cache   available
Mem:           14514        4137         820         186        9556        9852
Swap:           2147           3        2144
Total:         16662        4140        2964

               total        used        free      shared  buff/cache   available
Mem:           14514        4281         674         186        9558        9708
Swap:           2147           3        2144
Total:         16662        4285        2818

               total        used        free      shared  buff/cache   available
Mem:           14514        4275         680         186        9558        9714
Swap:           2147           3        2144
Total:         16662        4278        2824

               total        used        free      shared  buff/cache   available
Mem:           14514        4310         643         189        9561        9676
Swap:           2147           3        2144
Total:         16662        4313        2787

               total        used        free      shared  buff/cache   available
Mem:           14514        4322         628         191        9563        9662
Swap:           2147           3        2144
Total:         16662        4326        2772

               total        used        free      shared  buff/cache   available
Mem:           14514        4303         649         189        9560        9682
Swap:           2147           3        2144
Total:         16662        4307        2794

               total        used        free      shared  buff/cache   available
Mem:           14514        4314         639         187        9560        9674
Swap:           2147           3        2144
Total:         16662        4318        2783

               total        used        free      shared  buff/cache   available
Mem:           14514        4315         641         186        9558        9674
Swap:           2147           3        2144
Total:         16662        4318        2785

               total        used        free      shared  buff/cache   available
Mem:           14514        4280         676         186        9557        9709
Swap:           2147           3        2144
Total:         16662        4284        2820

               total        used        free      shared  buff/cache   available
Mem:           14514        4349         605         186        9559        9640
Swap:           2147           3        2144
Total:         16662        4352        2749

               total        used        free      shared  buff/cache   available
Mem:           14514        4314         642         186        9557        9675
Swap:           2147           3        2144
Total:         16662        4317        2786

               total        used        free      shared  buff/cache   available
Mem:           14514        4352         602         186        9559        9637
Swap:           2147           3        2144
Total:         16662        4355        2746

               total        used        free      shared  buff/cache   available
Mem:           14514        4315         640         186        9558        9674
Swap:           2147           3        2144
Total:         16662        4318        2784

               total        used        free      shared  buff/cache   available
Mem:           14514        4324         630         186        9560        9665
Swap:           2147           3        2144
Total:         16662        4327        2774

               total        used        free      shared  buff/cache   available
Mem:           14514        4366         587         186        9560        9623
Swap:           2147           3        2144
Total:         16662        4370        2731

               total        used        free      shared  buff/cache   available
Mem:           14514        4383         573         186        9558        9606
Swap:           2147           3        2144
Total:         16662        4386        2717

               total        used        free      shared  buff/cache   available
Mem:           14514        4415         538         186        9560        9574
Swap:           2147           3        2144
Total:         16662        4418        2682

               total        used        free      shared  buff/cache   available
Mem:           14514        4487         466         186        9560        9502
Swap:           2147           3        2144
Total:         16662        4490        2610

               total        used        free      shared  buff/cache   available
Mem:           14514        4383         569         189        9561        9603
Swap:           2147           3        2144
Total:         16662        4386        2713

               total        used        free      shared  buff/cache   available
Mem:           14514        4422         528         189        9564        9564
Swap:           2147           3        2144
Total:         16662        4425        2672

               total        used        free      shared  buff/cache   available
Mem:           14514        4363         591         187        9560        9626
Swap:           2147           3        2144
Total:         16662        4366        2735

               total        used        free      shared  buff/cache   available
Mem:           14514        4373         582         184        9558        9619
Swap:           2147           3        2144
Total:         16662        4376        2727

               total        used        free      shared  buff/cache   available
Mem:           14514        4380         575         184        9558        9611
Swap:           2147           3        2144
Total:         16662        4384        2719

               total        used        free      shared  buff/cache   available
Mem:           14514        4313         644         184        9556        9678
Swap:           2147           3        2144
Total:         16662        4317        2788

               total        used        free      shared  buff/cache   available
Mem:           14514        4358         596         184        9558        9633
Swap:           2147           3        2144
Total:         16662        4362        2740

               total        used        free      shared  buff/cache   available
Mem:           14514        4361         596         184        9557        9631
Swap:           2147           3        2144
Total:         16662        4364        2740

               total        used        free      shared  buff/cache   available
Mem:           14514        4324         631         184        9558        9668
Swap:           2147           3        2144
Total:         16662        4327        2775

               total        used        free      shared  buff/cache   available
Mem:           14514        4356         598         184        9559        9635
Swap:           2147           3        2144
Total:         16662        4360        2742

               total        used        free      shared  buff/cache   available
Mem:           14514        4381         528         232        9605        9563
Swap:           2147           3        2144
Total:         16662        4384        2672

               total        used        free      shared  buff/cache   available
Mem:           14514        4366         536         236        9611        9574
Swap:           2147           3        2144
Total:         16662        4369        2680

               total        used        free      shared  buff/cache   available
Mem:           14514        4427         494         219        9593        9530
Swap:           2147           3        2144
Total:         16662        4430        2638

               total        used        free      shared  buff/cache   available
Mem:           14514        4369         554         216        9590        9590
Swap:           2147           3        2144
Total:         16662        4373        2698

               total        used        free      shared  buff/cache   available
Mem:           14514        4438         488         212        9588        9526
Swap:           2147           3        2144
Total:         16662        4441        2632

               total        used        free      shared  buff/cache   available
Mem:           14514        4388         542         209        9583        9579
Swap:           2147           3        2144
Total:         16662        4391        2686

               total        used        free      shared  buff/cache   available
Mem:           14514        4425         491         221        9597        9529
Swap:           2147           3        2144
Total:         16662        4428        2635

               total        used        free      shared  buff/cache   available
Mem:           14514        4432         489         215        9592        9527
Swap:           2147           3        2144
Total:         16662        4436        2633

               total        used        free      shared  buff/cache   available
Mem:           14514        4383         539         217        9591        9575
Swap:           2147           3        2144
Total:         16662        4387        2683

               total        used        free      shared  buff/cache   available
Mem:           14514        4445         485         208        9584        9523
Swap:           2147           3        2144
Total:         16662        4448        2629

               total        used        free      shared  buff/cache   available
Mem:           14514        4409         501         228        9603        9538
Swap:           2147           3        2144
Total:         16662        4412        2646

               total        used        free      shared  buff/cache   available
Mem:           14514        4417         494         223        9602        9535
Swap:           2147           3        2144
Total:         16662        4420        2638

               total        used        free      shared  buff/cache   available
Mem:           14514        4432         479         224        9603        9520
Swap:           2147           3        2144
Total:         16662        4435        2623

               total        used        free      shared  buff/cache   available
Mem:           14514        4422         499         214        9592        9539
Swap:           2147           3        2144
Total:         16662        4425        2643

               total        used        free      shared  buff/cache   available
Mem:           14514        4421         492         221        9600        9533
Swap:           2147           3        2144
Total:         16662        4425        2636

               total        used        free      shared  buff/cache   available
Mem:           14514        4423         494         219        9597        9534
Swap:           2147           3        2144
Total:         16662        4426        2638

               total        used        free      shared  buff/cache   available
Mem:           14514        4421         502         211        9591        9543
Swap:           2147           3        2144
Total:         16662        4424        2646

               total        used        free      shared  buff/cache   available
Mem:           14514        4410         520         203        9583        9562
Swap:           2147           3        2144
Total:         16662        4413        2665

               total        used        free      shared  buff/cache   available
Mem:           14514        4372         556         206        9585        9597
Swap:           2147           3        2144
Total:         16662        4376        2700

               total        used        free      shared  buff/cache   available
Mem:           14514        4380         543         209        9590        9586
Swap:           2147           3        2144
Total:         16662        4383        2687

               total        used        free      shared  buff/cache   available
Mem:           14514        4393         530         209        9590        9573
Swap:           2147           3        2144
Total:         16662        4397        2674

               total        used        free      shared  buff/cache   available
Mem:           14514        4352         573         209        9588        9614
Swap:           2147           3        2144
Total:         16662        4356        2717

               total        used        free      shared  buff/cache   available
Mem:           14514        4424         524         184        9565        9567
Swap:           2147           3        2144
Total:         16662        4427        2668

               total        used        free      shared  buff/cache   available
Mem:           14514        4400         549         184        9564        9591
Swap:           2147           3        2144
Total:         16662        4403        2693

               total        used        free      shared  buff/cache   available
Mem:           14514        4372         578         184        9564        9619
Swap:           2147           3        2144
Total:         16662        4375        2722

               total        used        free      shared  buff/cache   available
Mem:           14514        4396         551         184        9566        9595
Swap:           2147           3        2144
Total:         16662        4400        2695

               total        used        free      shared  buff/cache   available
Mem:           14514        4334         615         184        9564        9657
Swap:           2147           3        2144
Total:         16662        4338        2759

               total        used        free      shared  buff/cache   available
Mem:           14514        4355         593         184        9566        9636
Swap:           2147           3        2144
Total:         16662        4358        2737

               total        used        free      shared  buff/cache   available
Mem:           14514        4390         558         184        9565        9601
Swap:           2147           3        2144
Total:         16662        4393        2702

               total        used        free      shared  buff/cache   available
Mem:           14514        4337         612         184        9564        9654
Swap:           2147           3        2144
Total:         16662        4340        2756

               total        used        free      shared  buff/cache   available
Mem:           14514        4403         544         184        9566        9588
Swap:           2147           3        2144
Total:         16662        4406        2688

               total        used        free      shared  buff/cache   available
Mem:           14514        4357         591         184        9565        9634
Swap:           2147           3        2144
Total:         16662        4360        2735

               total        used        free      shared  buff/cache   available
Mem:           14514        4364         582         184        9567        9627
Swap:           2147           3        2144
Total:         16662        4368        2726

               total        used        free      shared  buff/cache   available
Mem:           14514        4403         542         185        9568        9587
Swap:           2147           3        2144
Total:         16662        4407        2686

               total        used        free      shared  buff/cache   available
Mem:           14514        4353         590         189        9569        9633
Swap:           2147           3        2144
Total:         16662        4357        2734

               total        used        free      shared  buff/cache   available
Mem:           14514        4385         558         187        9570        9603
Swap:           2147           3        2144
Total:         16662        4388        2702

               total        used        free      shared  buff/cache   available
Mem:           14514        4399         547         185        9567        9591
Swap:           2147           3        2144
Total:         16662        4403        2691

               total        used        free      shared  buff/cache   available
Mem:           14514        4338         610         184        9566        9653
Swap:           2147           3        2144
Total:         16662        4341        2754

               total        used        free      shared  buff/cache   available
Mem:           14514        4383         563         184        9568        9608
Swap:           2147           3        2144
Total:         16662        4386        2707

               total        used        free      shared  buff/cache   available
Mem:           14514        4360         588         184        9566        9631
Swap:           2147           3        2144
Total:         16662        4363        2732

               total        used        free      shared  buff/cache   available
Mem:           14514        4433         513         184        9568        9558
Swap:           2147           3        2144
Total:         16662        4436        2657

               total        used        free      shared  buff/cache   available
Mem:           14514        4420         525         184        9568        9571
Swap:           2147           3        2144
Total:         16662        4423        2669

               total        used        free      shared  buff/cache   available
Mem:           14514        4344         603         184        9566        9647
Swap:           2147           3        2144
Total:         16662        4347        2747

               total        used        free      shared  buff/cache   available
Mem:           14514        4407         538         184        9569        9584
Swap:           2147           3        2144
Total:         16662        4410        2682

               total        used        free      shared  buff/cache   available
Mem:           14514        4336         616         179        9562        9661
Swap:           2147           3        2144
Total:         16662        4339        2760

               total        used        free      shared  buff/cache   available
Mem:           14514        4317         634         179        9562        9680
Swap:           2147           3        2144
Total:         16662        4320        2778

               total        used        free      shared  buff/cache   available
Mem:           14514        4361         589         179        9563        9636
Swap:           2147           3        2144
Total:         16662        4364        2733

               total        used        free      shared  buff/cache   available
Mem:           14514        4325         627         179        9561        9672
Swap:           2147           3        2144
Total:         16662        4328        2771

               total        used        free      shared  buff/cache   available
Mem:           14514        4341         608         179        9564        9655
Swap:           2147           3        2144
Total:         16662        4345        2752

               total        used        free      shared  buff/cache   available
Mem:           14514        4337         613         179        9564        9660
Swap:           2147           3        2144
Total:         16662        4340        2757

               total        used        free      shared  buff/cache   available
Mem:           14514        4305         643         182        9565        9688
Swap:           2147           3        2144
Total:         16662        4309        2787

               total        used        free      shared  buff/cache   available
Mem:           14514        4363         583         182        9568        9631
Swap:           2147           3        2144
Total:         16662        4366        2727

               total        used        free      shared  buff/cache   available
Mem:           14514        4342         605         182        9566        9651
Swap:           2147           3        2144
Total:         16662        4346        2749

               total        used        free      shared  buff/cache   available
Mem:           14514        4349         600         179        9564        9647
Swap:           2147           3        2144
Total:         16662        4353        2744

               total        used        free      shared  buff/cache   available
Mem:           14514        4385         564         179        9565        9612
Swap:           2147           3        2144
Total:         16662        4388        2708

               total        used        free      shared  buff/cache   available
Mem:           14514        4310         641         178        9562        9687
Swap:           2147           3        2144
Total:         16662        4314        2785

               total        used        free      shared  buff/cache   available
Mem:           14514        4384         565         178        9564        9613
Swap:           2147           3        2144
Total:         16662        4387        2709

               total        used        free      shared  buff/cache   available
Mem:           14514        4345         606         178        9562        9653
Swap:           2147           3        2144
Total:         16662        4348        2750

               total        used        free      shared  buff/cache   available
Mem:           14514        4363         586         178        9564        9635
Swap:           2147           3        2144
Total:         16662        4366        2731

               total        used        free      shared  buff/cache   available
Mem:           14514        4380         569         178        9564        9617
Swap:           2147           3        2144
Total:         16662        4383        2713

               total        used        free      shared  buff/cache   available
Mem:           14514        4317         633         178        9563        9680
Swap:           2147           3        2144
Total:         16662        4321        2777

               total        used        free      shared  buff/cache   available
Mem:           14514        4347         602         178        9565        9651
Swap:           2147           3        2144
Total:         16662        4350        2746

               total        used        free      shared  buff/cache   available
Mem:           14514        4359         589         178        9565        9638
Swap:           2147           3        2144
Total:         16662        4363        2733

               total        used        free      shared  buff/cache   available
Mem:           14514        4339         612         178        9563        9659
Swap:           2147           3        2144
Total:         16662        4342        2756

               total        used        free      shared  buff/cache   available
Mem:           14514        4359         589         178        9565        9638
Swap:           2147           3        2144
Total:         16662        4362        2733

               total        used        free      shared  buff/cache   available
Mem:           14514        4340         609         178        9564        9657
Swap:           2147           3        2144
Total:         16662        4344        2753

               total        used        free      shared  buff/cache   available
Mem:           14514        4301         647         178        9565        9696
Swap:           2147           3        2144
Total:         16662        4304        2791

               total        used        free      shared  buff/cache   available
Mem:           14514        4370         578         178        9565        9627
Swap:           2147           3        2144
Total:         16662        4373        2722

               total        used        free      shared  buff/cache   available
Mem:           14514        4326         624         178        9563        9672
Swap:           2147           3        2144
Total:         16662        4329        2768

               total        used        free      shared  buff/cache   available
Mem:           14514        4349         602         174        9561        9652
Swap:           2147           3        2144
Total:         16662        4353        2747

               total        used        free      shared  buff/cache   available
Mem:           14514        4348         604         174        9561        9653
Swap:           2147           3        2144
Total:         16662        4352        2748

               total        used        free      shared  buff/cache   available
Mem:           14514        4343         611         174        9560        9659
Swap:           2147           3        2144
Total:         16662        4346        2755

               total        used        free      shared  buff/cache   available
Mem:           14514        4390         561         174        9562        9611
Swap:           2147           3        2144
Total:         16662        4394        2705

               total        used        free      shared  buff/cache   available
Mem:           14514        4366         587         174        9560        9635
Swap:           2147           3        2144
Total:         16662        4370        2731

               total        used        free      shared  buff/cache   available
Mem:           14514        4360         599         165        9554        9650
Swap:           2147           3        2144
Total:         16662        4364        2743

               total        used        free      shared  buff/cache   available
Mem:           14514        4437         522         165        9554        9572
Swap:           2147           3        2144
Total:         16662        4441        2666

               total        used        free      shared  buff/cache   available
Mem:           14514        4353         608         166        9552        9657
Swap:           2147           3        2144
Total:         16662        4357        2752

               total        used        free      shared  buff/cache   available
Mem:           14514        4381         578         166        9554        9629
Swap:           2147           3        2144
Total:         16662        4384        2722

               total        used        free      shared  buff/cache   available
Mem:           14514        4408         551         166        9554        9602
Swap:           2147           3        2144
Total:         16662        4411        2695

               total        used        free      shared  buff/cache   available
Mem:           14514        4257         706         163        9550        9755
Swap:           2147           3        2144
Total:         16662        4261        2850

               total        used        free      shared  buff/cache   available
Mem:           14514        4292         669         163        9552        9720
Swap:           2147           3        2144
Total:         16662        4296        2813

               total        used        free      shared  buff/cache   available
Mem:           14514        4280         682         163        9551        9732
Swap:           2147           3        2144
Total:         16662        4284        2826

               total        used        free      shared  buff/cache   available
Mem:           14514        4302         663         160        9548        9713
Swap:           2147           3        2144
Total:         16662        4306        2807

               total        used        free      shared  buff/cache   available
Mem:           14514        4294         669         160        9550        9721
Swap:           2147           3        2144
Total:         16662        4298        2813

               total        used        free      shared  buff/cache   available
Mem:           14514        4267         699         160        9547        9748
Swap:           2147           3        2144
Total:         16662        4270        2843

               total        used        free      shared  buff/cache   available
Mem:           14514        4274         690         160        9550        9742
Swap:           2147           3        2144
Total:         16662        4277        2834

               total        used        free      shared  buff/cache   available
Mem:           14514        4301         663         160        9550        9715
Swap:           2147           3        2144
Total:         16662        4304        2807

               total        used        free      shared  buff/cache   available
Mem:           14514        4258         704         163        9551        9754
Swap:           2147           3        2144
Total:         16662        4261        2848

               total        used        free      shared  buff/cache   available
Mem:           14514        4282         678         163        9553        9730
Swap:           2147           3        2144
Total:         16662        4285        2822

               total        used        free      shared  buff/cache   available
Mem:           14514        4287         672         164        9554        9724
Swap:           2147           3        2144
Total:         16662        4291        2816

               total        used        free      shared  buff/cache   available
Mem:           14514        4399         510         215        9604        9561
Swap:           2147           3        2144
Total:         16662        4403        2654

               total        used        free      shared  buff/cache   available
Mem:           14514        4495         413         214        9605        9466
Swap:           2147           3        2144
Total:         16662        4498        2557

               total        used        free      shared  buff/cache   available
Mem:           14514        4498         398         228        9617        9450
Swap:           2147           3        2144
Total:         16662        4501        2542

               total        used        free      shared  buff/cache   available
Mem:           14514        4514         400         210        9600        9452
Swap:           2147           3        2144
Total:         16662        4517        2544

               total        used        free      shared  buff/cache   available
Mem:           14514        4465         446         210        9601        9500
Swap:           2147           3        2144
Total:         16662        4469        2590

               total        used        free      shared  buff/cache   available
Mem:           14514        4446         467         210        9600        9519
Swap:           2147           3        2144
Total:         16662        4450        2611

               total        used        free      shared  buff/cache   available
Mem:           14514        4527         384         210        9602        9438
Swap:           2147           3        2144
Total:         16662        4530        2528

               total        used        free      shared  buff/cache   available
Mem:           14514        4513         399         210        9602        9453
Swap:           2147           3        2144
Total:         16662        4516        2543

               total        used        free      shared  buff/cache   available
Mem:           14514        4449         468         207        9597        9520
Swap:           2147           3        2144
Total:         16662        4452        2612

               total        used        free      shared  buff/cache   available
Mem:           14514        4493         419         209        9601        9473
Swap:           2147           3        2144
Total:         16662        4496        2563

               total        used        free      shared  buff/cache   available
Mem:           14514        4512         404         207        9598        9457
Swap:           2147           3        2144
Total:         16662        4515        2548

               total        used        free      shared  buff/cache   available
Mem:           14514        4488         428         207        9597        9480
Swap:           2147           3        2144
Total:         16662        4491        2572

               total        used        free      shared  buff/cache   available
Mem:           14514        4514         400         207        9599        9454
Swap:           2147           3        2144
Total:         16662        4517        2544

               total        used        free      shared  buff/cache   available
Mem:           14514        4488         427         207        9598        9480
Swap:           2147           3        2144
Total:         16662        4492        2571

               total        used        free      shared  buff/cache   available
Mem:           14514        4451         463         207        9600        9518
Swap:           2147           3        2144
Total:         16662        4454        2607

               total        used        free      shared  buff/cache   available
Mem:           14514        4494         420         207        9600        9475
Swap:           2147           3        2144
Total:         16662        4497        2564

               total        used        free      shared  buff/cache   available
Mem:           14514        4466         449         207        9598        9502
Swap:           2147           3        2144
Total:         16662        4470        2593

               total        used        free      shared  buff/cache   available
Mem:           14514        4486         424         210        9603        9479
Swap:           2147           3        2144
Total:         16662        4489        2568

               total        used        free      shared  buff/cache   available
Mem:           14514        4477         433         210        9604        9489
Swap:           2147           3        2144
Total:         16662        4480        2577

               total        used        free      shared  buff/cache   available
Mem:           14514        4438         474         210        9602        9528
Swap:           2147           3        2144
Total:         16662        4441        2618

               total        used        free      shared  buff/cache   available
Mem:           14514        4461         448         210        9604        9504
Swap:           2147           3        2144
Total:         16662        4464        2592

               total        used        free      shared  buff/cache   available
Mem:           14514        4435         463         223        9615        9517
Swap:           2147           3        2144
Total:         16662        4439        2607

               total        used        free      shared  buff/cache   available
Mem:           14514        4412         486         222        9616        9542
Swap:           2147           3        2144
Total:         16662        4415        2630

               total        used        free      shared  buff/cache   available
Mem:           14514        4530         319         270        9664        9376
Swap:           2147           3        2144
Total:         16662        4533        2463

               total        used        free      shared  buff/cache   available
Mem:           14514        4475         378         268        9661        9432
Swap:           2147           3        2144
Total:         16662        4478        2522

               total        used        free      shared  buff/cache   available
Mem:           14514        4471         379         268        9663        9436
Swap:           2147           3        2144
Total:         16662        4474        2523

               total        used        free      shared  buff/cache   available
Mem:           14514        4466         380         273        9668        9437
Swap:           2147           3        2144
Total:         16662        4469        2524

               total        used        free      shared  buff/cache   available
Mem:           14514        4504         346         270        9663        9401
Swap:           2147           3        2144
Total:         16662        4508        2490

               total        used        free      shared  buff/cache   available
Mem:           14514        4572         276         270        9665        9333
Swap:           2147           3        2144
Total:         16662        4575        2420

               total        used        free      shared  buff/cache   available
Mem:           14514        4560         288         270        9665        9345
Swap:           2147           3        2144
Total:         16662        4564        2432

               total        used        free      shared  buff/cache   available
Mem:           14514        4516         335         269        9663        9390
Swap:           2147           3        2144
Total:         16662        4519        2479

               total        used        free      shared  buff/cache   available
Mem:           14514        4594         254         269        9665        9312
Swap:           2147           3        2144
Total:         16662        4597        2398

               total        used        free      shared  buff/cache   available
Mem:           14514        4601         248         268        9664        9306
Swap:           2147           3        2144
Total:         16662        4604        2392

               total        used        free      shared  buff/cache   available
Mem:           14514        4656         193         268        9664        9251
Swap:           2147           3        2144
Total:         16662        4660        2337

               total        used        free      shared  buff/cache   available
Mem:           14514        4671         176         268        9666        9236
Swap:           2147           3        2144
Total:         16662        4675        2320

               total        used        free      shared  buff/cache   available
Mem:           14514        4608         274         235        9631        9333
Swap:           2147           3        2144
Total:         16662        4611        2418

               total        used        free      shared  buff/cache   available
Mem:           14514        4625         256         235        9633        9316
Swap:           2147           3        2144
Total:         16662        4628        2400

               total        used        free      shared  buff/cache   available
Mem:           14514        4659         216         240        9639        9276
Swap:           2147           3        2144
Total:         16662        4662        2360

               total        used        free      shared  buff/cache   available
Mem:           14514        4596         280         241        9638        9338
Swap:           2147           3        2144
Total:         16662        4599        2424

               total        used        free      shared  buff/cache   available
Mem:           14514        4641         229         245        9643        9289
Swap:           2147           3        2144
Total:         16662        4644        2373

               total        used        free      shared  buff/cache   available
Mem:           14514        4672         152         292        9689        9212
Swap:           2147           3        2144
Total:         16662        4675        2296

               total        used        free      shared  buff/cache   available
Mem:           14514        4546         391         283        9576        9346
Swap:           2147           3        2144
Total:         16662        4549        2535

               total        used        free      shared  buff/cache   available
Mem:           14514        4562         402         254        9549        9359
Swap:           2147           3        2144
Total:         16662        4565        2546

               total        used        free      shared  buff/cache   available
Mem:           14514        4389         576         255        9548        9531
Swap:           2147           3        2144
Total:         16662        4393        2720

               total        used        free      shared  buff/cache   available
Mem:           14514        4372         590         256        9551        9547
Swap:           2147           3        2144
Total:         16662        4376        2734

               total        used        free      shared  buff/cache   available
Mem:           14514        4367         570         283        9576        9525
Swap:           2147           3        2144
Total:         16662        4371        2714

               total        used        free      shared  buff/cache   available
Mem:           14514        4332         606         282        9575        9561
Swap:           2147           3        2144
Total:         16662        4335        2750

               total        used        free      shared  buff/cache   available
Mem:           14514        4336         602         282        9575        9557
Swap:           2147           3        2144
Total:         16662        4339        2746

               total        used        free      shared  buff/cache   available
Mem:           14514        4264         669         287        9580        9624
Swap:           2147           3        2144
Total:         16662        4268        2813

               total        used        free      shared  buff/cache   available
Mem:           14514        4267         665         288        9581        9620
Swap:           2147           3        2144
Total:         16662        4271        2809

               total        used        free      shared  buff/cache   available
Mem:           14514        4287         643         291        9584        9598
Swap:           2147           3        2144
Total:         16662        4290        2787

               total        used        free      shared  buff/cache   available
Mem:           14514        4262         668         289        9583        9624
Swap:           2147           3        2144
Total:         16662        4266        2813

               total        used        free      shared  buff/cache   available
Mem:           14514        4257         727         236        9529        9682
Swap:           2147           3        2144
Total:         16662        4260        2871

               total        used        free      shared  buff/cache   available
Mem:           14514        4251         732         237        9530        9688
Swap:           2147           3        2144
Total:         16662        4254        2877

               total        used        free      shared  buff/cache   available
Mem:           14514        4253         730         237        9530        9685
Swap:           2147           3        2144
Total:         16662        4256        2874
