RESET
CPU laptop 1745517808 2025/04/24 21:03:28 639378 100 12 3561185 6537167 71770 155712170 270918 0 78554 0 0 37417 100 0 0
SEP
CPU laptop 1745517809 2025/04/24 21:03:29 1 100 12 79 39 0 1076 1 0 1 0 0 17106 100 0 0
SEP
CPU laptop 1745517810 2025/04/24 21:03:30 1 100 12 82 41 0 1067 0 0 1 0 0 20304 100 0 0
SEP
CPU laptop 1745517811 2025/04/24 21:03:31 1 100 12 69 17 0 1111 1 0 0 0 0 18109 100 0 0
SEP
CPU laptop 1745517812 2025/04/24 21:03:32 1 100 12 72 17 0 1105 4 0 0 0 0 21712 100 0 0
SEP
CPU laptop 1745517813 2025/04/24 21:03:33 1 100 12 71 18 0 1109 1 0 0 0 0 18257 100 0 0
SEP
CPU laptop 1745517814 2025/04/24 21:03:34 1 100 12 67 20 0 1111 0 0 0 0 0 18500 100 0 0
SEP
CPU laptop 1745517815 2025/04/24 21:03:35 1 100 12 71 14 0 1113 1 0 0 0 0 20885 100 0 0
SEP
CPU laptop 1745517816 2025/04/24 21:03:36 1 100 12 70 15 0 1112 1 0 1 0 0 18687 100 0 0
SEP
CPU laptop 1745517817 2025/04/24 21:03:37 1 100 12 73 21 0 1100 4 0 0 0 0 19006 100 0 0
SEP
CPU laptop 1745517818 2025/04/24 21:03:38 1 100 12 71 18 0 1108 1 0 0 0 0 17791 100 0 0
SEP
CPU laptop 1745517819 2025/04/24 21:03:39 1 100 12 169 185 1 799 24 0 1 0 0 45265 100 0 0
SEP
CPU laptop 1745517820 2025/04/24 21:03:40 1 100 12 153 238 1 769 17 0 1 0 0 47814 100 0 0
SEP
CPU laptop 1745517821 2025/04/24 21:03:41 1 100 12 155 276 1 724 19 0 0 0 0 19942 100 0 0
SEP
CPU laptop 1745517822 2025/04/24 21:03:42 1 100 12 163 188 1 801 28 0 2 0 0 46801 100 0 0
SEP
CPU laptop 1745517823 2025/04/24 21:03:43 1 100 12 146 232 1 785 18 0 0 0 0 21844 100 0 0
SEP
CPU laptop 1745517824 2025/04/24 21:03:44 1 100 12 146 268 1 743 20 0 1 0 0 23415 100 0 0
SEP
CPU laptop 1745517825 2025/04/24 21:03:45 1 100 12 162 189 2 799 28 0 1 0 0 29123 100 0 0
SEP
CPU laptop 1745517826 2025/04/24 21:03:46 1 100 12 149 176 1 833 19 0 1 0 0 22772 100 0 0
SEP
CPU laptop 1745517827 2025/04/24 21:03:47 1 100 12 149 246 1 765 19 0 0 0 0 19841 100 0 0
SEP
CPU laptop 1745517828 2025/04/24 21:03:48 1 100 12 163 187 1 800 30 0 1 0 0 21871 100 0 0
SEP
CPU laptop 1745517829 2025/04/24 21:03:49 1 100 12 146 182 1 834 17 0 2 0 0 27026 100 0 0
SEP
CPU laptop 1745517830 2025/04/24 21:03:50 1 100 12 165 270 1 724 19 0 1 0 0 25294 100 0 0
SEP
CPU laptop 1745517831 2025/04/24 21:03:51 1 100 12 161 181 1 808 30 0 1 0 0 20373 100 0 0
SEP
CPU laptop 1745517832 2025/04/24 21:03:52 1 100 12 150 201 0 805 20 0 2 0 0 21761 100 0 0
SEP
CPU laptop 1745517833 2025/04/24 21:03:53 1 100 12 144 265 1 758 17 0 1 0 0 16778 100 0 0
SEP
CPU laptop 1745517834 2025/04/24 21:03:54 1 100 12 157 187 1 799 28 0 1 0 0 19432 100 0 0
SEP
CPU laptop 1745517835 2025/04/24 21:03:55 1 100 12 149 174 0 836 19 0 1 0 0 22140 100 0 0
SEP
CPU laptop 1745517836 2025/04/24 21:03:56 1 100 12 155 252 1 746 23 0 1 0 0 22608 100 0 0
SEP
CPU laptop 1745517837 2025/04/24 21:03:57 1 100 12 159 183 1 805 29 0 1 0 0 42487 100 0 0
SEP
CPU laptop 1745517838 2025/04/24 21:03:58 1 100 12 148 238 1 776 17 0 1 0 0 22681 100 0 0
SEP
CPU laptop 1745517839 2025/04/24 21:03:59 1 100 12 158 285 1 714 18 0 0 0 0 22017 100 0 0
SEP
CPU laptop 1745517840 2025/04/24 21:04:00 1 100 12 164 186 2 797 28 0 2 0 0 37141 100 0 0
SEP
CPU laptop 1745517841 2025/04/24 21:04:01 1 100 12 144 186 0 831 17 0 1 0 0 30073 100 0 0
SEP
CPU laptop 1745517842 2025/04/24 21:04:02 1 100 12 165 252 1 741 21 0 1 0 0 21605 100 0 0
SEP
CPU laptop 1745517843 2025/04/24 21:04:03 1 100 12 166 183 2 799 29 0 1 0 0 35191 100 0 0
SEP
CPU laptop 1745517844 2025/04/24 21:04:04 1 100 12 146 201 1 816 18 0 1 0 0 47743 100 0 0
SEP
CPU laptop 1745517845 2025/04/24 21:04:05 1 100 12 147 277 1 734 20 0 1 0 0 21284 100 0 0
SEP
CPU laptop 1745517846 2025/04/24 21:04:06 1 100 12 161 189 0 795 29 0 1 0 0 43848 100 0 0
SEP
CPU laptop 1745517847 2025/04/24 21:04:07 1 100 12 153 183 1 821 19 0 1 0 0 22867 100 0 0
SEP
CPU laptop 1745517848 2025/04/24 21:04:08 1 100 12 146 280 1 738 18 0 1 0 0 29534 100 0 0
SEP
CPU laptop 1745517849 2025/04/24 21:04:09 1 100 12 167 190 1 797 28 0 1 0 0 26850 100 0 0
SEP
CPU laptop 1745517850 2025/04/24 21:04:10 1 100 12 152 211 1 802 18 0 1 0 0 47814 100 0 0
SEP
CPU laptop 1745517851 2025/04/24 21:04:11 1 100 12 152 220 1 778 24 0 3 0 0 27092 100 0 0
SEP
CPU laptop 1745517852 2025/04/24 21:04:12 1 100 12 155 178 2 809 36 0 1 0 0 25495 100 0 0
SEP
CPU laptop 1745517853 2025/04/24 21:04:13 1 100 12 144 221 1 799 16 0 2 0 0 47902 100 0 0
SEP
CPU laptop 1745517854 2025/04/24 21:04:14 1 100 12 156 213 1 782 25 0 2 0 0 22526 100 0 0
SEP
CPU laptop 1745517855 2025/04/24 21:04:15 1 100 12 165 181 1 812 21 0 1 0 0 23452 100 0 0
SEP
CPU laptop 1745517856 2025/04/24 21:04:16 1 100 12 146 260 1 757 19 0 2 0 0 26152 100 0 0
SEP
CPU laptop 1745517857 2025/04/24 21:04:17 1 100 12 151 177 1 822 27 0 1 0 0 25645 100 0 0
SEP
CPU laptop 1745517858 2025/04/24 21:04:18 1 100 12 160 176 2 815 24 0 1 0 0 27768 100 0 0
SEP
CPU laptop 1745517859 2025/04/24 21:04:19 1 100 12 142 289 0 734 18 0 1 0 0 47816 100 0 0
SEP
CPU laptop 1745517860 2025/04/24 21:04:20 1 100 12 150 186 1 815 22 0 1 0 0 20747 100 0 0
SEP
CPU laptop 1745517861 2025/04/24 21:04:21 1 100 12 159 185 2 805 25 0 2 0 0 25794 100 0 0
SEP
CPU laptop 1745517862 2025/04/24 21:04:22 1 100 12 140 269 1 750 19 0 1 0 0 24241 100 0 0
SEP
CPU laptop 1745517863 2025/04/24 21:04:23 1 100 12 168 192 2 791 27 0 2 0 0 34666 100 0 0
SEP
CPU laptop 1745517864 2025/04/24 21:04:24 1 100 12 154 178 1 827 21 0 1 0 0 21701 100 0 0
SEP
CPU laptop 1745517865 2025/04/24 21:04:25 1 100 12 158 246 1 755 20 0 1 0 0 21622 100 0 0
SEP
CPU laptop 1745517866 2025/04/24 21:04:26 1 100 12 155 186 1 810 27 0 1 0 0 34604 100 0 0
SEP
CPU laptop 1745517867 2025/04/24 21:04:27 1 100 12 152 182 1 828 17 0 2 0 0 30516 100 0 0
SEP
CPU laptop 1745517868 2025/04/24 21:04:28 1 100 12 150 287 0 726 20 0 1 0 0 17353 100 0 0
SEP
CPU laptop 1745517869 2025/04/24 21:04:29 1 100 12 156 187 2 807 29 0 1 0 0 33266 100 0 0
SEP
CPU laptop 1745517870 2025/04/24 21:04:30 1 100 12 148 179 0 835 18 0 1 0 0 27629 100 0 0
SEP
CPU laptop 1745517871 2025/04/24 21:04:31 1 100 12 142 316 1 706 19 0 0 0 0 23452 100 0 0
SEP
CPU laptop 1745517872 2025/04/24 21:04:32 1 100 12 162 181 2 803 31 0 1 0 0 24860 100 0 0
SEP
CPU laptop 1745517873 2025/04/24 21:04:33 1 100 12 150 178 1 837 19 0 1 0 0 25200 100 0 0
SEP
CPU laptop 1745517874 2025/04/24 21:04:34 1 100 12 154 248 1 756 20 0 1 0 0 23456 100 0 0
SEP
CPU laptop 1745517875 2025/04/24 21:04:35 1 100 12 160 194 1 792 32 0 2 0 0 20639 100 0 0
SEP
CPU laptop 1745517876 2025/04/24 21:04:36 1 100 12 153 211 1 792 21 0 1 0 0 31314 100 0 0
SEP
CPU laptop 1745517877 2025/04/24 21:04:37 1 100 12 191 280 0 693 16 0 0 0 0 20973 100 0 0
SEP
CPU laptop 1745517878 2025/04/24 21:04:38 1 100 12 171 187 2 791 28 0 1 0 0 30218 100 0 0
SEP
CPU laptop 1745517879 2025/04/24 21:04:39 1 100 12 172 212 1 774 16 0 0 0 0 25972 100 0 0
SEP
CPU laptop 1745517880 2025/04/24 21:04:40 1 100 12 148 244 1 767 20 0 2 0 0 19608 100 0 0
SEP
CPU laptop 1745517881 2025/04/24 21:04:41 1 100 12 153 185 1 806 31 0 0 0 0 30083 100 0 0
SEP
CPU laptop 1745517882 2025/04/24 21:04:42 1 100 12 148 181 1 832 20 0 2 0 0 21534 100 0 0
SEP
CPU laptop 1745517883 2025/04/24 21:04:43 1 100 12 149 329 1 686 18 0 2 0 0 18176 100 0 0
SEP
CPU laptop 1745517884 2025/04/24 21:04:44 1 100 12 160 190 1 801 30 0 1 0 0 24631 100 0 0
SEP
CPU laptop 1745517885 2025/04/24 21:04:45 1 100 12 149 213 1 795 19 0 1 0 0 26731 100 0 0
SEP
CPU laptop 1745517886 2025/04/24 21:04:46 1 100 12 143 260 1 760 18 0 0 0 0 44596 100 0 0
SEP
CPU laptop 1745517887 2025/04/24 21:04:47 1 100 12 163 188 2 797 30 0 1 0 0 39633 100 0 0
SEP
CPU laptop 1745517888 2025/04/24 21:04:48 1 100 12 154 168 0 833 21 0 1 0 0 23100 100 0 0
SEP
CPU laptop 1745517889 2025/04/24 21:04:49 1 100 12 149 251 1 763 18 0 2 0 0 30153 100 0 0
SEP
CPU laptop 1745517890 2025/04/24 21:04:50 1 100 12 178 212 2 758 28 0 2 0 0 22177 100 0 0
SEP
CPU laptop 1745517891 2025/04/24 21:04:51 1 100 12 149 189 1 824 17 0 1 0 0 34488 100 0 0
SEP
CPU laptop 1745517892 2025/04/24 21:04:52 1 100 12 153 257 1 745 23 0 2 0 0 23453 100 0 0
SEP
CPU laptop 1745517893 2025/04/24 21:04:53 1 100 12 136 160 0 872 15 0 0 0 0 19465 100 0 0
SEP
CPU laptop 1745517894 2025/04/24 21:04:54 1 100 12 74 17 0 1104 1 0 1 0 0 18216 100 0 0
SEP
CPU laptop 1745517895 2025/04/24 21:04:55 1 100 12 73 16 0 1109 0 0 0 0 0 19736 100 0 0
SEP
CPU laptop 1745517896 2025/04/24 21:04:56 1 100 12 71 17 0 1109 1 0 0 0 0 19436 100 0 0
SEP
CPU laptop 1745517897 2025/04/24 21:04:57 1 100 12 85 19 0 1094 1 0 0 0 0 20089 100 0 0
SEP
CPU laptop 1745517898 2025/04/24 21:04:58 1 100 12 69 19 0 1109 2 0 0 0 0 19917 100 0 0
SEP
CPU laptop 1745517899 2025/04/24 21:04:59 1 100 12 71 16 0 1111 0 0 0 0 0 19880 100 0 0
SEP
CPU laptop 1745517900 2025/04/24 21:05:00 1 100 12 70 17 0 1110 1 0 0 0 0 19598 100 0 0
SEP
CPU laptop 1745517901 2025/04/24 21:05:01 1 100 12 72 13 0 1112 1 0 0 0 0 16844 100 0 0
SEP
CPU laptop 1745517902 2025/04/24 21:05:02 1 100 12 72 14 0 1112 1 0 0 0 0 19105 100 0 0
SEP
