726 
730 
766 
815 
740 
794 
744 
738 
701 
736 
782 
750 
708 
740 
801 
712 
762 
803 
750 
748 
716 
740 
734 
709 
739 
802 
750 
731 
707 
741 
770 
750 
736 
729 
835 
725 
725 
738 
792 
742 
702 
718 
730 
700 
754 
802 
712 
704 
733 
755 
738 
751 
726 
735 
847 
757 
733 
718 
726 
701 
715 
712 
721 
705 
771 
799 
720 
740 
736 
775 
788 
739 
738 
748 
780 
766 
771 
747 
742 
699 
714 
753 
756 
731 
750 
779 
781 
710 
825 
755 
752 
707 
716 
735 
729 
726 
722 
748 
736 
716 
