               total        used        free      shared  buff/cache   available
Mem:           14514        4160         893         152        9460        9863
Swap:           2147           3        2144
Total:         16662        4164        3037

               total        used        free      shared  buff/cache   available
Mem:           14514        4162         891         152        9460        9861
Swap:           2147           3        2144
Total:         16662        4166        3035

               total        used        free      shared  buff/cache   available
Mem:           14514        4165         891         150        9458        9861
Swap:           2147           3        2144
Total:         16662        4168        3035

               total        used        free      shared  buff/cache   available
Mem:           14514        4161         895         150        9458        9865
Swap:           2147           3        2144
Total:         16662        4164        3039

               total        used        free      shared  buff/cache   available
Mem:           14514        4167         888         150        9458        9859
Swap:           2147           3        2144
Total:         16662        4171        3032

               total        used        free      shared  buff/cache   available
Mem:           14514        4167         888         150        9458        9859
Swap:           2147           3        2144
Total:         16662        4171        3032

               total        used        free      shared  buff/cache   available
Mem:           14514        4166         889         150        9458        9859
Swap:           2147           3        2144
Total:         16662        4170        3033

               total        used        free      shared  buff/cache   available
Mem:           14514        4162         894         150        9458        9864
Swap:           2147           3        2144
Total:         16662        4165        3038

               total        used        free      shared  buff/cache   available
Mem:           14514        4158         897         150        9458        9868
Swap:           2147           3        2144
Total:         16662        4161        3042

               total        used        free      shared  buff/cache   available
Mem:           14514        4157         896         153        9461        9866
Swap:           2147           3        2144
Total:         16662        4160        3040

               total        used        free      shared  buff/cache   available
Mem:           14514        4171         882         153        9461        9852
Swap:           2147           3        2144
Total:         16662        4174        3026

               total        used        free      shared  buff/cache   available
Mem:           14514        4276         776         153        9461        9747
Swap:           2147           3        2144
Total:         16662        4279        2920

               total        used        free      shared  buff/cache   available
Mem:           14514        4277         774         152        9461        9746
Swap:           2147           3        2144
Total:         16662        4281        2918

               total        used        free      shared  buff/cache   available
Mem:           14514        4264         787         152        9461        9759
Swap:           2147           3        2144
Total:         16662        4268        2931

               total        used        free      shared  buff/cache   available
Mem:           14514        4226         829         150        9458        9800
Swap:           2147           3        2144
Total:         16662        4229        2973

               total        used        free      shared  buff/cache   available
Mem:           14514        4267         787         150        9459        9759
Swap:           2147           3        2144
Total:         16662        4270        2931

               total        used        free      shared  buff/cache   available
Mem:           14514        4301         752         150        9459        9724
Swap:           2147           3        2144
Total:         16662        4305        2896

               total        used        free      shared  buff/cache   available
Mem:           14514        4261         793         150        9459        9764
Swap:           2147           3        2144
Total:         16662        4265        2937

               total        used        free      shared  buff/cache   available
Mem:           14514        4293         761         150        9459        9733
Swap:           2147           3        2144
Total:         16662        4296        2905

               total        used        free      shared  buff/cache   available
Mem:           14514        4295         759         150        9460        9731
Swap:           2147           3        2144
Total:         16662        4298        2903

               total        used        free      shared  buff/cache   available
Mem:           14514        4270         783         150        9459        9755
Swap:           2147           3        2144
Total:         16662        4274        2928

               total        used        free      shared  buff/cache   available
Mem:           14514        4295         758         150        9460        9731
Swap:           2147           3        2144
Total:         16662        4298        2902

               total        used        free      shared  buff/cache   available
Mem:           14514        4297         755         150        9460        9728
Swap:           2147           3        2144
Total:         16662        4301        2900

               total        used        free      shared  buff/cache   available
Mem:           14514        4323         731         150        9460        9703
Swap:           2147           3        2144
Total:         16662        4326        2875

               total        used        free      shared  buff/cache   available
Mem:           14514        4321         732         150        9460        9704
Swap:           2147           3        2144
Total:         16662        4325        2876

               total        used        free      shared  buff/cache   available
Mem:           14514        4315         737         150        9461        9710
Swap:           2147           3        2144
Total:         16662        4319        2881

               total        used        free      shared  buff/cache   available
Mem:           14514        4323         730         150        9460        9703
Swap:           2147           3        2144
Total:         16662        4326        2874

               total        used        free      shared  buff/cache   available
Mem:           14514        4342         710         150        9461        9683
Swap:           2147           3        2144
Total:         16662        4346        2854

               total        used        free      shared  buff/cache   available
Mem:           14514        4309         744         150        9460        9716
Swap:           2147           3        2144
Total:         16662        4313        2888

               total        used        free      shared  buff/cache   available
Mem:           14514        4311         742         150        9460        9715
Swap:           2147           3        2144
Total:         16662        4314        2886

               total        used        free      shared  buff/cache   available
Mem:           14514        4297         755         150        9461        9728
Swap:           2147           3        2144
Total:         16662        4301        2899

               total        used        free      shared  buff/cache   available
Mem:           14514        4297         754         150        9462        9728
Swap:           2147           3        2144
Total:         16662        4301        2898

               total        used        free      shared  buff/cache   available
Mem:           14514        4310         742         150        9461        9716
Swap:           2147           3        2144
Total:         16662        4313        2887

               total        used        free      shared  buff/cache   available
Mem:           14514        4324         727         150        9462        9702
Swap:           2147           3        2144
Total:         16662        4327        2871

               total        used        free      shared  buff/cache   available
Mem:           14514        4325         727         150        9461        9700
Swap:           2147           3        2144
Total:         16662        4329        2871

               total        used        free      shared  buff/cache   available
Mem:           14514        4324         728         150        9461        9702
Swap:           2147           3        2144
Total:         16662        4328        2872

               total        used        free      shared  buff/cache   available
Mem:           14514        4325         726         150        9462        9700
Swap:           2147           3        2144
Total:         16662        4329        2870

               total        used        free      shared  buff/cache   available
Mem:           14514        4278         772         150        9462        9747
Swap:           2147           3        2144
Total:         16662        4282        2916

               total        used        free      shared  buff/cache   available
Mem:           14514        4287         764         150        9462        9738
Swap:           2147           3        2144
Total:         16662        4291        2909

               total        used        free      shared  buff/cache   available
Mem:           14514        4326         722         153        9465        9697
Swap:           2147           3        2144
Total:         16662        4329        2866

               total        used        free      shared  buff/cache   available
Mem:           14514        4306         742         153        9466        9717
Swap:           2147           3        2144
Total:         16662        4309        2886

               total        used        free      shared  buff/cache   available
Mem:           14514        4311         737         153        9465        9711
Swap:           2147           3        2144
Total:         16662        4314        2881

               total        used        free      shared  buff/cache   available
Mem:           14514        4319         731         150        9463        9707
Swap:           2147           3        2144
Total:         16662        4322        2876

               total        used        free      shared  buff/cache   available
Mem:           14514        4297         754         150        9462        9729
Swap:           2147           3        2144
Total:         16662        4300        2898

               total        used        free      shared  buff/cache   available
Mem:           14514        4298         753         150        9463        9728
Swap:           2147           3        2144
Total:         16662        4301        2897

               total        used        free      shared  buff/cache   available
Mem:           14514        4329         721         150        9463        9696
Swap:           2147           3        2144
Total:         16662        4333        2865

               total        used        free      shared  buff/cache   available
Mem:           14514        4287         763         150        9463        9738
Swap:           2147           3        2144
Total:         16662        4291        2907

               total        used        free      shared  buff/cache   available
Mem:           14514        4304         746         150        9463        9722
Swap:           2147           3        2144
Total:         16662        4307        2890

               total        used        free      shared  buff/cache   available
Mem:           14514        4306         743         150        9464        9719
Swap:           2147           3        2144
Total:         16662        4310        2887

               total        used        free      shared  buff/cache   available
Mem:           14514        4298         751         150        9463        9727
Swap:           2147           3        2144
Total:         16662        4302        2896

               total        used        free      shared  buff/cache   available
Mem:           14514        4300         750         150        9463        9725
Swap:           2147           3        2144
Total:         16662        4303        2894

               total        used        free      shared  buff/cache   available
Mem:           14514        4311         738         150        9464        9714
Swap:           2147           3        2144
Total:         16662        4315        2882

               total        used        free      shared  buff/cache   available
Mem:           14514        4304         746         150        9463        9721
Swap:           2147           3        2144
Total:         16662        4308        2890

               total        used        free      shared  buff/cache   available
Mem:           14514        4319         731         150        9464        9707
Swap:           2147           3        2144
Total:         16662        4322        2875

               total        used        free      shared  buff/cache   available
Mem:           14514        4287         761         150        9464        9738
Swap:           2147           3        2144
Total:         16662        4291        2905

               total        used        free      shared  buff/cache   available
Mem:           14514        4268         781         150        9464        9757
Swap:           2147           3        2144
Total:         16662        4272        2925

               total        used        free      shared  buff/cache   available
Mem:           14514        4284         765         150        9465        9742
Swap:           2147           3        2144
Total:         16662        4287        2909

               total        used        free      shared  buff/cache   available
Mem:           14514        4295         753         150        9464        9730
Swap:           2147           3        2144
Total:         16662        4299        2898

               total        used        free      shared  buff/cache   available
Mem:           14514        4279         770         150        9464        9746
Swap:           2147           3        2144
Total:         16662        4282        2914

               total        used        free      shared  buff/cache   available
Mem:           14514        4312         736         150        9465        9714
Swap:           2147           3        2144
Total:         16662        4315        2880

               total        used        free      shared  buff/cache   available
Mem:           14514        4295         753         150        9465        9730
Swap:           2147           3        2144
Total:         16662        4299        2897

               total        used        free      shared  buff/cache   available
Mem:           14514        4293         756         150        9465        9733
Swap:           2147           3        2144
Total:         16662        4296        2900

               total        used        free      shared  buff/cache   available
Mem:           14514        4279         768         150        9466        9746
Swap:           2147           3        2144
Total:         16662        4283        2912

               total        used        free      shared  buff/cache   available
Mem:           14514        4244         804         150        9466        9782
Swap:           2147           3        2144
Total:         16662        4247        2948

               total        used        free      shared  buff/cache   available
Mem:           14514        4266         782         150        9465        9760
Swap:           2147           3        2144
Total:         16662        4269        2926

               total        used        free      shared  buff/cache   available
Mem:           14514        4242         806         150        9466        9784
Swap:           2147           3        2144
Total:         16662        4245        2950

               total        used        free      shared  buff/cache   available
Mem:           14514        4258         788         150        9467        9767
Swap:           2147           3        2144
Total:         16662        4262        2932

               total        used        free      shared  buff/cache   available
Mem:           14514        4260         787         150        9466        9765
Swap:           2147           3        2144
Total:         16662        4264        2931

               total        used        free      shared  buff/cache   available
Mem:           14514        4269         778         150        9466        9756
Swap:           2147           3        2144
Total:         16662        4273        2922

               total        used        free      shared  buff/cache   available
Mem:           14514        4352         688         155        9473        9668
Swap:           2147           3        2144
Total:         16662        4355        2832

               total        used        free      shared  buff/cache   available
Mem:           14514        4339         702         155        9472        9681
Swap:           2147           3        2144
Total:         16662        4342        2846

               total        used        free      shared  buff/cache   available
Mem:           14514        4349         683         164        9482        9663
Swap:           2147           3        2144
Total:         16662        4352        2827

               total        used        free      shared  buff/cache   available
Mem:           14514        4329         705         161        9479        9686
Swap:           2147           3        2144
Total:         16662        4332        2850

               total        used        free      shared  buff/cache   available
Mem:           14514        4326         709         161        9478        9688
Swap:           2147           3        2144
Total:         16662        4330        2853

               total        used        free      shared  buff/cache   available
Mem:           14514        4345         689         161        9479        9669
Swap:           2147           3        2144
Total:         16662        4349        2833

               total        used        free      shared  buff/cache   available
Mem:           14514        4345         690         159        9478        9671
Swap:           2147           3        2144
Total:         16662        4348        2834

               total        used        free      shared  buff/cache   available
Mem:           14514        4319         716         159        9477        9697
Swap:           2147           3        2144
Total:         16662        4323        2860

               total        used        free      shared  buff/cache   available
Mem:           14514        4345         691         159        9478        9671
Swap:           2147           3        2144
Total:         16662        4348        2835

               total        used        free      shared  buff/cache   available
Mem:           14514        4326         709         159        9478        9690
Swap:           2147           3        2144
Total:         16662        4329        2853

               total        used        free      shared  buff/cache   available
Mem:           14514        4330         705         159        9478        9686
Swap:           2147           3        2144
Total:         16662        4333        2850

               total        used        free      shared  buff/cache   available
Mem:           14514        4330         705         159        9478        9685
Swap:           2147           3        2144
Total:         16662        4334        2849

               total        used        free      shared  buff/cache   available
Mem:           14514        4327         707         159        9479        9688
Swap:           2147           3        2144
Total:         16662        4331        2851

               total        used        free      shared  buff/cache   available
Mem:           14514        4372         663         159        9478        9644
Swap:           2147           3        2144
Total:         16662        4375        2807

               total        used        free      shared  buff/cache   available
Mem:           14514        4393         642         159        9479        9623
Swap:           2147           3        2144
Total:         16662        4396        2786

               total        used        free      shared  buff/cache   available
Mem:           14514        4346         689         159        9478        9670
Swap:           2147           3        2144
Total:         16662        4350        2833

               total        used        free      shared  buff/cache   available
Mem:           14514        4347         688         159        9478        9669
Swap:           2147           3        2144
Total:         16662        4350        2832

               total        used        free      shared  buff/cache   available
Mem:           14514        4337         698         159        9478        9679
Swap:           2147           3        2144
Total:         16662        4340        2842

               total        used        free      shared  buff/cache   available
Mem:           14514        4336         699         159        9478        9680
Swap:           2147           3        2144
Total:         16662        4340        2843

               total        used        free      shared  buff/cache   available
Mem:           14514        4336         699         159        9478        9680
Swap:           2147           3        2144
Total:         16662        4339        2843

               total        used        free      shared  buff/cache   available
Mem:           14514        4292         743         159        9478        9724
Swap:           2147           3        2144
Total:         16662        4295        2887

               total        used        free      shared  buff/cache   available
Mem:           14514        4286         749         159        9478        9730
Swap:           2147           3        2144
Total:         16662        4289        2893

               total        used        free      shared  buff/cache   available
Mem:           14514        4284         751         159        9478        9732
Swap:           2147           3        2144
Total:         16662        4287        2895

               total        used        free      shared  buff/cache   available
Mem:           14514        4284         751         159        9478        9732
Swap:           2147           3        2144
Total:         16662        4288        2895

               total        used        free      shared  buff/cache   available
Mem:           14514        4283         752         159        9478        9733
Swap:           2147           3        2144
Total:         16662        4286        2896

               total        used        free      shared  buff/cache   available
Mem:           14514        4283         752         159        9478        9733
Swap:           2147           3        2144
Total:         16662        4286        2896
