RESET
CPU laptop 1745509305 2025/04/24 18:41:45 630875 100 12 2552690 5269088 67767 147963242 196044 0 72327 0 0 19389 100 0 0
SEP
CPU laptop 1745509306 2025/04/24 18:41:46 1 100 12 121 68 0 1006 0 0 0 0 0 19789 100 0 0
SEP
CPU laptop 1745509307 2025/04/24 18:41:47 1 100 12 115 49 0 1030 2 0 0 0 0 19527 100 0 0
SEP
CPU laptop 1745509308 2025/04/24 18:41:48 1 100 12 116 47 0 1035 0 0 1 0 0 19583 100 0 0
SEP
CPU laptop 1745509309 2025/04/24 18:41:49 1 100 12 116 48 0 1031 1 0 0 0 0 19212 100 0 0
SEP
CPU laptop 1745509310 2025/04/24 18:41:50 1 100 12 131 71 0 992 3 0 0 0 0 20073 100 0 0
SEP
CPU laptop 1745509311 2025/04/24 18:41:51 1 100 12 117 46 0 1033 0 0 0 0 0 19498 100 0 0
SEP
CPU laptop 1745509312 2025/04/24 18:41:52 1 100 12 116 46 0 1033 2 0 0 0 0 19751 100 0 0
SEP
CPU laptop 1745509313 2025/04/24 18:41:53 1 100 12 115 52 0 1028 1 0 0 0 0 18814 100 0 0
SEP
CPU laptop 1745509314 2025/04/24 18:41:54 1 100 12 118 44 0 1035 1 0 0 0 0 19534 100 0 0
SEP
CPU laptop 1745509315 2025/04/24 18:41:55 1 100 12 118 48 0 1031 0 0 0 0 0 18970 100 0 0
SEP
CPU laptop 1745509316 2025/04/24 18:41:56 1 100 12 223 268 0 682 11 0 0 0 0 21843 100 0 0
SEP
CPU laptop 1745509317 2025/04/24 18:41:57 1 100 12 218 289 1 651 21 0 2 0 0 22896 100 0 0
SEP
CPU laptop 1745509318 2025/04/24 18:41:58 1 100 12 199 251 1 712 16 0 2 0 0 23856 100 0 0
SEP
CPU laptop 1745509319 2025/04/24 18:41:59 1 100 12 204 241 2 710 19 0 1 0 0 22680 100 0 0
SEP
CPU laptop 1745509320 2025/04/24 18:42:00 1 100 12 214 261 1 689 17 0 1 0 0 20825 100 0 0
SEP
CPU laptop 1745509321 2025/04/24 18:42:01 1 100 12 202 245 1 713 18 0 2 0 0 27938 100 0 0
SEP
CPU laptop 1745509322 2025/04/24 18:42:02 1 100 12 194 234 1 731 16 0 0 0 0 28282 100 0 0
SEP
CPU laptop 1745509323 2025/04/24 18:42:03 1 100 12 169 223 1 765 20 0 2 0 0 27753 100 0 0
SEP
CPU laptop 1745509324 2025/04/24 18:42:04 1 100 12 145 266 0 751 19 0 1 0 0 30629 100 0 0
SEP
CPU laptop 1745509325 2025/04/24 18:42:05 1 100 12 161 179 2 808 31 0 1 0 0 38662 100 0 0
SEP
CPU laptop 1745509326 2025/04/24 18:42:06 1 100 12 165 199 1 788 20 0 1 0 0 24732 100 0 0
SEP
CPU laptop 1745509327 2025/04/24 18:42:07 1 100 12 160 257 0 747 19 0 1 0 0 46324 100 0 0
SEP
CPU laptop 1745509328 2025/04/24 18:42:08 1 100 12 169 213 2 768 24 0 1 0 0 30422 100 0 0
SEP
CPU laptop 1745509329 2025/04/24 18:42:09 1 100 12 162 198 1 787 30 0 2 0 0 35099 100 0 0
SEP
CPU laptop 1745509330 2025/04/24 18:42:10 1 100 12 157 235 0 773 19 0 1 0 0 47900 100 0 0
SEP
CPU laptop 1745509331 2025/04/24 18:42:11 1 100 12 154 227 1 772 21 0 1 0 0 25665 100 0 0
SEP
CPU laptop 1745509332 2025/04/24 18:42:12 1 100 12 164 194 2 794 25 0 2 0 0 25119 100 0 0
SEP
CPU laptop 1745509333 2025/04/24 18:42:13 1 100 12 146 267 1 746 18 0 1 0 0 28409 100 0 0
SEP
CPU laptop 1745509334 2025/04/24 18:42:14 1 100 12 155 234 1 764 23 0 2 0 0 25456 100 0 0
SEP
CPU laptop 1745509335 2025/04/24 18:42:15 1 100 12 174 218 1 748 34 0 1 0 0 29267 100 0 0
SEP
CPU laptop 1745509336 2025/04/24 18:42:16 1 100 12 146 257 1 762 16 0 1 0 0 46400 100 0 0
SEP
CPU laptop 1745509337 2025/04/24 18:42:17 1 100 12 163 204 1 782 26 0 2 0 0 27835 100 0 0
SEP
CPU laptop 1745509338 2025/04/24 18:42:18 1 100 12 159 201 1 789 21 0 1 0 0 25673 100 0 0
SEP
CPU laptop 1745509339 2025/04/24 18:42:19 1 100 12 148 301 1 715 17 0 1 0 0 39340 100 0 0
SEP
CPU laptop 1745509340 2025/04/24 18:42:20 1 100 12 160 189 1 799 26 0 3 0 0 25282 100 0 0
SEP
CPU laptop 1745509341 2025/04/24 18:42:21 1 100 12 175 277 1 703 25 0 1 0 0 43445 100 0 0
SEP
CPU laptop 1745509342 2025/04/24 18:42:22 1 100 12 148 256 1 758 20 0 0 0 0 47892 100 0 0
SEP
CPU laptop 1745509343 2025/04/24 18:42:23 1 100 12 151 214 1 792 21 0 1 0 0 27894 100 0 0
SEP
CPU laptop 1745509344 2025/04/24 18:42:24 1 100 12 164 194 1 792 25 0 2 0 0 24863 100 0 0
SEP
CPU laptop 1745509345 2025/04/24 18:42:25 1 100 12 151 252 1 763 19 0 1 0 0 47888 100 0 0
SEP
CPU laptop 1745509346 2025/04/24 18:42:26 1 100 12 154 263 0 741 20 0 1 0 0 35105 100 0 0
SEP
CPU laptop 1745509347 2025/04/24 18:42:27 1 100 12 160 200 2 787 27 0 2 0 0 33429 100 0 0
SEP
CPU laptop 1745509348 2025/04/24 18:42:28 1 100 12 156 194 1 815 17 0 2 0 0 26830 100 0 0
SEP
CPU laptop 1745509349 2025/04/24 18:42:29 1 100 12 152 272 1 733 21 0 1 0 0 21249 100 0 0
SEP
CPU laptop 1745509350 2025/04/24 18:42:30 1 100 12 177 213 2 758 25 0 1 0 0 29388 100 0 0
SEP
CPU laptop 1745509351 2025/04/24 18:42:31 1 100 12 168 194 1 795 20 0 1 0 0 22030 100 0 0
SEP
CPU laptop 1745509352 2025/04/24 18:42:32 1 100 12 163 217 0 780 17 0 2 0 0 33162 100 0 0
SEP
CPU laptop 1745509353 2025/04/24 18:42:33 1 100 12 165 286 1 711 17 0 0 0 0 23609 100 0 0
SEP
CPU laptop 1745509354 2025/04/24 18:42:34 1 100 12 173 210 2 768 29 0 1 0 0 27511 100 0 0
SEP
CPU laptop 1745509355 2025/04/24 18:42:35 1 100 12 149 219 0 787 21 0 1 0 0 35105 100 0 0
SEP
CPU laptop 1745509356 2025/04/24 18:42:36 1 100 12 153 233 1 776 16 0 2 0 0 41903 100 0 0
SEP
CPU laptop 1745509357 2025/04/24 18:42:37 1 100 12 172 254 1 729 20 0 1 0 0 23415 100 0 0
SEP
CPU laptop 1745509358 2025/04/24 18:42:38 1 100 12 169 206 2 777 24 0 1 0 0 42872 100 0 0
SEP
CPU laptop 1745509359 2025/04/24 18:42:39 1 100 12 154 189 1 816 18 0 1 0 0 23043 100 0 0
SEP
CPU laptop 1745509360 2025/04/24 18:42:40 1 100 12 152 268 1 740 18 0 1 0 0 20357 100 0 0
SEP
CPU laptop 1745509361 2025/04/24 18:42:41 1 100 12 172 199 1 778 28 0 1 0 0 22342 100 0 0
SEP
CPU laptop 1745509362 2025/04/24 18:42:42 1 100 12 149 187 1 821 19 0 1 0 0 22790 100 0 0
SEP
CPU laptop 1745509363 2025/04/24 18:42:43 1 100 12 158 276 1 729 17 0 0 0 0 21668 100 0 0
SEP
CPU laptop 1745509364 2025/04/24 18:42:44 1 100 12 158 221 1 768 27 0 2 0 0 23993 100 0 0
SEP
CPU laptop 1745509365 2025/04/24 18:42:45 1 100 12 170 205 1 772 32 0 1 0 0 20683 100 0 0
SEP
CPU laptop 1745509366 2025/04/24 18:42:46 1 100 12 158 225 1 775 16 0 0 0 0 22837 100 0 0
SEP
CPU laptop 1745509367 2025/04/24 18:42:47 1 100 12 154 249 2 760 17 0 2 0 0 42802 100 0 0
SEP
CPU laptop 1745509368 2025/04/24 18:42:48 1 100 12 161 240 1 756 20 0 0 0 0 23089 100 0 0
SEP
CPU laptop 1745509369 2025/04/24 18:42:49 1 100 12 167 205 1 781 27 0 2 0 0 31805 100 0 0
SEP
CPU laptop 1745509370 2025/04/24 18:42:50 1 100 12 154 240 1 761 19 0 1 0 0 28881 100 0 0
SEP
CPU laptop 1745509371 2025/04/24 18:42:51 1 100 12 152 268 1 742 18 0 1 0 0 46922 100 0 0
SEP
CPU laptop 1745509372 2025/04/24 18:42:52 1 100 12 160 241 1 754 22 0 1 0 0 31293 100 0 0
SEP
CPU laptop 1745509373 2025/04/24 18:42:53 1 100 12 161 192 2 797 26 0 1 0 0 31788 100 0 0
SEP
CPU laptop 1745509374 2025/04/24 18:42:54 1 100 12 153 196 0 812 17 0 1 0 0 26801 100 0 0
SEP
CPU laptop 1745509375 2025/04/24 18:42:55 1 100 12 145 312 1 705 19 0 2 0 0 22444 100 0 0
SEP
CPU laptop 1745509376 2025/04/24 18:42:56 1 100 12 165 207 1 780 26 0 1 0 0 35197 100 0 0
SEP
CPU laptop 1745509377 2025/04/24 18:42:57 1 100 12 153 196 1 811 16 0 2 0 0 25184 100 0 0
SEP
CPU laptop 1745509378 2025/04/24 18:42:58 1 100 12 165 297 1 696 20 0 2 0 0 26865 100 0 0
SEP
CPU laptop 1745509379 2025/04/24 18:42:59 1 100 12 168 201 1 783 28 0 1 0 0 43688 100 0 0
SEP
CPU laptop 1745509380 2025/04/24 18:43:00 1 100 12 151 195 1 811 19 0 1 0 0 24931 100 0 0
SEP
CPU laptop 1745509381 2025/04/24 18:43:01 1 100 12 145 278 1 737 18 0 1 0 0 23439 100 0 0
SEP
CPU laptop 1745509382 2025/04/24 18:43:02 1 100 12 169 197 2 780 27 0 1 0 0 39799 100 0 0
SEP
CPU laptop 1745509383 2025/04/24 18:43:03 1 100 12 146 224 1 788 18 0 1 0 0 31595 100 0 0
SEP
CPU laptop 1745509384 2025/04/24 18:43:04 1 100 12 161 277 0 730 17 0 0 0 0 33482 100 0 0
SEP
CPU laptop 1745509385 2025/04/24 18:43:05 1 100 12 155 181 2 811 27 0 1 0 0 29582 100 0 0
SEP
CPU laptop 1745509386 2025/04/24 18:43:06 1 100 12 162 195 1 794 22 0 2 0 0 20786 100 0 0
SEP
CPU laptop 1745509387 2025/04/24 18:43:07 1 100 12 149 272 0 739 16 0 1 0 0 38498 100 0 0
SEP
CPU laptop 1745509388 2025/04/24 18:43:08 1 100 12 162 206 2 780 25 0 1 0 0 34720 100 0 0
SEP
CPU laptop 1745509389 2025/04/24 18:43:09 1 100 12 163 208 1 779 25 0 1 0 0 38065 100 0 0
SEP
CPU laptop 1745509390 2025/04/24 18:43:10 1 100 12 154 196 0 809 17 0 1 0 0 30118 100 0 0
SEP
CPU laptop 1745509391 2025/04/24 18:43:11 1 100 12 148 261 1 749 21 0 1 0 0 22675 100 0 0
SEP
CPU laptop 1745509392 2025/04/24 18:43:12 1 100 12 177 252 2 720 28 0 1 0 0 33337 100 0 0
SEP
CPU laptop 1745509393 2025/04/24 18:43:13 1 100 12 153 241 1 765 17 0 1 0 0 34574 100 0 0
SEP
CPU laptop 1745509394 2025/04/24 18:43:14 1 100 12 110 150 0 924 7 0 1 0 0 19801 100 0 0
SEP
CPU laptop 1745509395 2025/04/24 18:43:15 1 100 12 121 46 0 1029 0 0 0 0 0 22166 100 0 0
SEP
CPU laptop 1745509396 2025/04/24 18:43:16 1 100 12 125 49 0 1024 1 0 0 0 0 20213 100 0 0
SEP
CPU laptop 1745509397 2025/04/24 18:43:17 1 100 12 132 51 0 1012 0 0 0 0 0 20530 100 0 0
SEP
CPU laptop 1745509398 2025/04/24 18:43:18 1 100 12 119 50 0 1029 0 0 0 0 0 19534 100 0 0
SEP
CPU laptop 1745509399 2025/04/24 18:43:19 1 100 12 117 44 0 1035 1 0 0 0 0 19537 100 0 0
SEP
CPU laptop 1745509400 2025/04/24 18:43:20 1 100 12 122 53 0 1017 2 0 1 0 0 18813 100 0 0
SEP
CPU laptop 1745509401 2025/04/24 18:43:21 1 100 12 118 44 0 1035 1 0 0 0 0 18806 100 0 0
SEP
CPU laptop 1745509402 2025/04/24 18:43:22 1 100 12 119 41 0 1037 0 0 0 0 0 19540 100 0 0
SEP
CPU laptop 1745509403 2025/04/24 18:43:23 1 100 12 119 42 0 1035 0 0 0 0 0 19544 100 0 0
SEP
