1060 
934 
935 
915 
956 
959 
942 
886 
771 
738 
740 
777 
758 
794 
748 
780 
746 
725 
745 
767 
705 
715 
770 
738 
760 
750 
706 
745 
767 
743 
767 
761 
735 
771 
744 
718 
784 
807 
716 
735 
804 
756 
784 
761 
788 
809 
814 
822 
739 
837 
796 
778 
758 
778 
745 
769 
737 
733 
752 
769 
791 
854 
763 
929 
781 
791 
764 
786 
794 
880 
782 
748 
741 
795 
756 
765 
724 
747 
752 
732 
744 
758 
789 
750 
716 
832 
740 
756 
776 
726 
768 
770 
791 
757 
755 
771 
763 
762 
807 
767 
