              total        used        free      shared  buff/cache   available
Mem:          33447        3806        1537         152       28103       28991
Swap:          2147         438        1708
Total:        35595        4245        3246

              total        used        free      shared  buff/cache   available
Mem:          33447        3811        1529         155       28106       28983
Swap:          2147         438        1708
Total:        35595        4250        3238

              total        used        free      shared  buff/cache   available
Mem:          33447        3814        1527         155       28106       28980
Swap:          2147         438        1708
Total:        35595        4252        3235

              total        used        free      shared  buff/cache   available
Mem:          33447        3814        1527         155       28106       28980
Swap:          2147         438        1708
Total:        35595        4252        3235

              total        used        free      shared  buff/cache   available
Mem:          33447        3814        1529         152       28103       28983
Swap:          2147         438        1708
Total:        35595        4253        3238

              total        used        free      shared  buff/cache   available
Mem:          33447        3815        1529         152       28103       28982
Swap:          2147         438        1708
Total:        35595        4253        3238

              total        used        free      shared  buff/cache   available
Mem:          33447        3814        1530         152       28103       28984
Swap:          2147         438        1708
Total:        35595        4252        3239

              total        used        free      shared  buff/cache   available
Mem:          33447        3829        1512         154       28105       28966
Swap:          2147         438        1708
Total:        35595        4268        3221

              total        used        free      shared  buff/cache   available
Mem:          33447        3853        1488         154       28105       28942
Swap:          2147         438        1708
Total:        35595        4292        3197

              total        used        free      shared  buff/cache   available
Mem:          33447        3849        1488         158       28108       28942
Swap:          2147         438        1708
Total:        35595        4288        3197

              total        used        free      shared  buff/cache   available
Mem:          33447        3852        1486         157       28108       28939
Swap:          2147         438        1708
Total:        35595        4291        3195

              total        used        free      shared  buff/cache   available
Mem:          33447        3953        1381         160       28112       28836
Swap:          2147         438        1708
Total:        35595        4392        3090

              total        used        free      shared  buff/cache   available
Mem:          33447        4050        1285         158       28111       28741
Swap:          2147         438        1708
Total:        35595        4489        2994

              total        used        free      shared  buff/cache   available
Mem:          33447        4084        1252         158       28110       28708
Swap:          2147         438        1708
Total:        35595        4522        2961

              total        used        free      shared  buff/cache   available
Mem:          33447        4074        1262         158       28111       28718
Swap:          2147         438        1708
Total:        35595        4512        2971

              total        used        free      shared  buff/cache   available
Mem:          33447        4071        1264         158       28110       28720
Swap:          2147         438        1708
Total:        35595        4510        2973

              total        used        free      shared  buff/cache   available
Mem:          33447        4076        1259         158       28112       28716
Swap:          2147         438        1708
Total:        35595        4514        2968

              total        used        free      shared  buff/cache   available
Mem:          33447        4067        1268         158       28112       28725
Swap:          2147         438        1708
Total:        35595        4505        2977

              total        used        free      shared  buff/cache   available
Mem:          33447        4053        1281         158       28112       28738
Swap:          2147         438        1708
Total:        35595        4492        2989

              total        used        free      shared  buff/cache   available
Mem:          33447        4075        1258         158       28113       28717
Swap:          2147         438        1708
Total:        35595        4513        2967

              total        used        free      shared  buff/cache   available
Mem:          33447        4053        1279         158       28114       28739
Swap:          2147         438        1708
Total:        35595        4491        2988

              total        used        free      shared  buff/cache   available
Mem:          33447        4050        1281         158       28114       28741
Swap:          2147         438        1708
Total:        35595        4489        2990

              total        used        free      shared  buff/cache   available
Mem:          33447        4050        1281         158       28115       28741
Swap:          2147         438        1708
Total:        35595        4489        2990

              total        used        free      shared  buff/cache   available
Mem:          33447        4057        1275         158       28114       28735
Swap:          2147         438        1708
Total:        35595        4495        2984

              total        used        free      shared  buff/cache   available
Mem:          33447        4059        1273         158       28115       28733
Swap:          2147         438        1708
Total:        35595        4497        2981

              total        used        free      shared  buff/cache   available
Mem:          33447        4078        1253         158       28115       28713
Swap:          2147         438        1708
Total:        35595        4517        2962

              total        used        free      shared  buff/cache   available
Mem:          33447        4056        1274         158       28116       28735
Swap:          2147         438        1708
Total:        35595        4495        2983

              total        used        free      shared  buff/cache   available
Mem:          33447        4053        1276         158       28117       28738
Swap:          2147         438        1708
Total:        35595        4492        2985

              total        used        free      shared  buff/cache   available
Mem:          33447        4057        1273         158       28116       28734
Swap:          2147         438        1708
Total:        35595        4496        2981

              total        used        free      shared  buff/cache   available
Mem:          33447        4050        1280         158       28116       28741
Swap:          2147         438        1708
Total:        35595        4488        2989

              total        used        free      shared  buff/cache   available
Mem:          33447        4060        1263         163       28123       28726
Swap:          2147         438        1708
Total:        35595        4498        2972

              total        used        free      shared  buff/cache   available
Mem:          33447        4071        1252         164       28123       28715
Swap:          2147         438        1708
Total:        35595        4510        2961

              total        used        free      shared  buff/cache   available
Mem:          33447        4086        1231         170       28129       28693
Swap:          2147         438        1708
Total:        35595        4525        2939

              total        used        free      shared  buff/cache   available
Mem:          33447        4099        1217         170       28130       28681
Swap:          2147         438        1708
Total:        35595        4537        2926

              total        used        free      shared  buff/cache   available
Mem:          33447        4100        1219         167       28127       28682
Swap:          2147         438        1708
Total:        35595        4539        2928

              total        used        free      shared  buff/cache   available
Mem:          33447        4126        1193         167       28127       28656
Swap:          2147         438        1708
Total:        35595        4565        2902

              total        used        free      shared  buff/cache   available
Mem:          33447        4118        1199         167       28129       28664
Swap:          2147         438        1708
Total:        35595        4557        2908

              total        used        free      shared  buff/cache   available
Mem:          33447        4096        1221         167       28129       28687
Swap:          2147         438        1708
Total:        35595        4534        2930

              total        used        free      shared  buff/cache   available
Mem:          33447        4072        1243         167       28130       28710
Swap:          2147         438        1708
Total:        35595        4511        2952

              total        used        free      shared  buff/cache   available
Mem:          33447        4087        1229         167       28131       28695
Swap:          2147         438        1708
Total:        35595        4525        2937

              total        used        free      shared  buff/cache   available
Mem:          33447        4087        1228         167       28131       28696
Swap:          2147         438        1708
Total:        35595        4525        2937

              total        used        free      shared  buff/cache   available
Mem:          33447        4068        1246         167       28132       28714
Swap:          2147         438        1708
Total:        35595        4507        2954

              total        used        free      shared  buff/cache   available
Mem:          33447        4065        1248         167       28132       28717
Swap:          2147         438        1708
Total:        35595        4504        2957

              total        used        free      shared  buff/cache   available
Mem:          33447        4090        1225         167       28132       28693
Swap:          2147         438        1708
Total:        35595        4528        2934

              total        used        free      shared  buff/cache   available
Mem:          33447        4077        1237         167       28133       28705
Swap:          2147         438        1708
Total:        35595        4515        2945

              total        used        free      shared  buff/cache   available
Mem:          33447        4066        1246         167       28133       28716
Swap:          2147         438        1708
Total:        35595        4505        2955

              total        used        free      shared  buff/cache   available
Mem:          33447        4069        1244         167       28132       28713
Swap:          2147         438        1708
Total:        35595        4508        2953

              total        used        free      shared  buff/cache   available
Mem:          33447        4085        1229         167       28133       28697
Swap:          2147         438        1708
Total:        35595        4523        2938

              total        used        free      shared  buff/cache   available
Mem:          33447        4063        1249         167       28134       28719
Swap:          2147         438        1708
Total:        35595        4502        2958

              total        used        free      shared  buff/cache   available
Mem:          33447        4063        1249         167       28134       28719
Swap:          2147         438        1708
Total:        35595        4502        2958

              total        used        free      shared  buff/cache   available
Mem:          33447        4084        1228         167       28134       28698
Swap:          2147         438        1708
Total:        35595        4523        2937

              total        used        free      shared  buff/cache   available
Mem:          33447        4065        1247         167       28134       28717
Swap:          2147         438        1708
Total:        35595        4504        2955

              total        used        free      shared  buff/cache   available
Mem:          33447        4056        1255         167       28135       28726
Swap:          2147         438        1708
Total:        35595        4495        2964

              total        used        free      shared  buff/cache   available
Mem:          33447        4058        1253         167       28136       28724
Swap:          2147         438        1708
Total:        35595        4496        2961

              total        used        free      shared  buff/cache   available
Mem:          33447        4081        1230         167       28135       28702
Swap:          2147         438        1708
Total:        35595        4519        2939

              total        used        free      shared  buff/cache   available
Mem:          33447        4086        1225         167       28135       28696
Swap:          2147         438        1708
Total:        35595        4524        2934

              total        used        free      shared  buff/cache   available
Mem:          33447        4057        1253         167       28136       28725
Swap:          2147         438        1708
Total:        35595        4496        2961

              total        used        free      shared  buff/cache   available
Mem:          33447        4074        1236         167       28137       28708
Swap:          2147         438        1708
Total:        35595        4512        2944

              total        used        free      shared  buff/cache   available
Mem:          33447        4075        1234         167       28137       28707
Swap:          2147         438        1708
Total:        35595        4514        2943

              total        used        free      shared  buff/cache   available
Mem:          33447        4052        1257         167       28138       28731
Swap:          2147         438        1708
Total:        35595        4490        2966

              total        used        free      shared  buff/cache   available
Mem:          33447        4062        1246         167       28139       28720
Swap:          2147         438        1708
Total:        35595        4500        2955

              total        used        free      shared  buff/cache   available
Mem:          33447        4080        1224         170       28142       28699
Swap:          2147         438        1708
Total:        35595        4519        2933

              total        used        free      shared  buff/cache   available
Mem:          33447        4062        1243         170       28142       28717
Swap:          2147         438        1708
Total:        35595        4500        2952

              total        used        free      shared  buff/cache   available
Mem:          33447        4058        1245         170       28143       28721
Swap:          2147         438        1708
Total:        35595        4497        2954

              total        used        free      shared  buff/cache   available
Mem:          33447        4078        1230         167       28139       28704
Swap:          2147         438        1708
Total:        35595        4516        2939

              total        used        free      shared  buff/cache   available
Mem:          33447        4053        1254         167       28139       28729
Swap:          2147         438        1708
Total:        35595        4491        2963

              total        used        free      shared  buff/cache   available
Mem:          33447        4060        1246         167       28140       28722
Swap:          2147         438        1708
Total:        35595        4499        2955

              total        used        free      shared  buff/cache   available
Mem:          33447        4058        1248         167       28140       28724
Swap:          2147         438        1708
Total:        35595        4496        2957

              total        used        free      shared  buff/cache   available
Mem:          33447        4051        1255         167       28140       28731
Swap:          2147         438        1708
Total:        35595        4490        2964

              total        used        free      shared  buff/cache   available
Mem:          33447        4056        1250         167       28140       28726
Swap:          2147         438        1708
Total:        35595        4495        2959

              total        used        free      shared  buff/cache   available
Mem:          33447        3969        1337         167       28140       28813
Swap:          2147         438        1708
Total:        35595        4407        3046

              total        used        free      shared  buff/cache   available
Mem:          33447        3961        1345         167       28140       28821
Swap:          2147         438        1708
Total:        35595        4400        3053

              total        used        free      shared  buff/cache   available
Mem:          33447        3961        1345         167       28140       28821
Swap:          2147         438        1708
Total:        35595        4400        3053

              total        used        free      shared  buff/cache   available
Mem:          33447        3962        1344         167       28140       28820
Swap:          2147         438        1708
Total:        35595        4400        3053

              total        used        free      shared  buff/cache   available
Mem:          33447        3962        1344         167       28140       28820
Swap:          2147         438        1708
Total:        35595        4400        3053

              total        used        free      shared  buff/cache   available
Mem:          33447        3962        1344         167       28140       28820
Swap:          2147         438        1708
Total:        35595        4401        3053

              total        used        free      shared  buff/cache   available
Mem:          33447        3961        1345         167       28140       28821
Swap:          2147         438        1708
Total:        35595        4399        3054
