RESET
CPU laptop 1745509505 2025/04/24 18:45:05 631075 100 12 2584238 5308443 67929 148125633 199437 0 72517 0 0 20076 100 0 0
SEP
CPU laptop 1745509506 2025/04/24 18:45:06 1 100 12 125 62 0 1009 0 0 0 0 0 16872 100 0 0
SEP
CPU laptop 1745509507 2025/04/24 18:45:07 1 100 12 123 54 0 1015 2 0 0 0 0 17043 100 0 0
SEP
CPU laptop 1745509508 2025/04/24 18:45:08 1 100 12 119 44 0 1035 0 0 1 0 0 17658 100 0 0
SEP
CPU laptop 1745509509 2025/04/24 18:45:09 1 100 12 128 50 0 1014 4 0 0 0 0 17981 100 0 0
SEP
CPU laptop 1745509510 2025/04/24 18:45:10 1 100 12 124 54 0 1019 0 0 0 0 0 17791 100 0 0
SEP
CPU laptop 1745509511 2025/04/24 18:45:11 1 100 12 121 47 0 1030 0 0 0 0 0 18216 100 0 0
SEP
CPU laptop 1745509512 2025/04/24 18:45:12 1 100 12 121 44 0 1030 1 0 0 0 0 16762 100 0 0
SEP
CPU laptop 1745509513 2025/04/24 18:45:13 1 100 12 122 45 0 1031 0 0 0 0 0 18016 100 0 0
SEP
CPU laptop 1745509514 2025/04/24 18:45:14 1 100 12 128 47 0 1024 2 0 0 0 0 17494 100 0 0
SEP
CPU laptop 1745509515 2025/04/24 18:45:15 1 100 12 121 47 0 1030 0 0 0 0 0 18241 100 0 0
SEP
CPU laptop 1745509516 2025/04/24 18:45:16 1 100 12 223 247 0 705 9 0 2 0 0 18380 100 0 0
SEP
CPU laptop 1745509517 2025/04/24 18:45:17 1 100 12 137 143 0 914 2 0 1 0 0 18494 100 0 0
SEP
CPU laptop 1745509518 2025/04/24 18:45:18 1 100 12 132 145 0 920 0 0 1 0 0 18647 100 0 0
SEP
CPU laptop 1745509519 2025/04/24 18:45:19 1 100 12 132 148 0 915 0 0 0 0 0 19496 100 0 0
SEP
CPU laptop 1745509520 2025/04/24 18:45:20 1 100 12 135 157 0 906 0 0 0 0 0 19661 100 0 0
SEP
CPU laptop 1745509521 2025/04/24 18:45:21 1 100 12 121 143 0 923 8 0 1 0 0 19293 100 0 0
SEP
CPU laptop 1745509522 2025/04/24 18:45:22 1 100 12 164 255 1 743 17 0 1 0 0 25688 100 0 0
SEP
CPU laptop 1745509523 2025/04/24 18:45:23 1 100 12 91 133 0 972 0 0 1 0 0 22724 100 0 0
SEP
CPU laptop 1745509524 2025/04/24 18:45:24 1 100 12 88 139 0 971 0 0 0 0 0 22603 100 0 0
SEP
CPU laptop 1745509525 2025/04/24 18:45:25 1 100 12 89 132 0 975 0 0 0 0 0 20226 100 0 0
SEP
CPU laptop 1745509526 2025/04/24 18:45:26 1 100 12 98 144 0 955 0 0 0 0 0 24406 100 0 0
SEP
CPU laptop 1745509527 2025/04/24 18:45:27 1 100 12 84 136 0 970 6 0 0 0 0 20777 100 0 0
SEP
CPU laptop 1745509528 2025/04/24 18:45:28 1 100 12 162 247 1 752 15 0 1 0 0 44299 100 0 0
SEP
CPU laptop 1745509529 2025/04/24 18:45:29 1 100 12 93 131 0 972 0 0 0 0 0 22090 100 0 0
SEP
CPU laptop 1745509530 2025/04/24 18:45:30 1 100 12 87 139 0 969 0 0 0 0 0 21986 100 0 0
SEP
CPU laptop 1745509531 2025/04/24 18:45:31 1 100 12 88 134 0 976 0 0 0 0 0 19788 100 0 0
SEP
CPU laptop 1745509532 2025/04/24 18:45:32 1 100 12 95 141 0 960 0 0 0 0 0 20138 100 0 0
SEP
CPU laptop 1745509533 2025/04/24 18:45:33 1 100 12 83 137 0 974 3 0 0 0 0 19848 100 0 0
SEP
CPU laptop 1745509534 2025/04/24 18:45:34 1 100 12 210 260 1 688 15 0 1 0 0 47808 100 0 0
SEP
CPU laptop 1745509535 2025/04/24 18:45:35 1 100 12 140 307 0 736 0 0 1 0 0 32356 100 0 0
SEP
CPU laptop 1745509536 2025/04/24 18:45:36 1 100 12 107 230 0 856 2 0 2 0 0 20910 100 0 0
SEP
CPU laptop 1745509537 2025/04/24 18:45:37 1 100 12 122 178 0 887 6 0 0 0 0 28659 100 0 0
SEP
CPU laptop 1745509538 2025/04/24 18:45:38 1 100 12 114 174 0 905 2 0 1 0 0 21186 100 0 0
SEP
CPU laptop 1745509539 2025/04/24 18:45:39 1 100 12 84 138 0 972 1 0 0 0 0 19989 100 0 0
SEP
CPU laptop 1745509540 2025/04/24 18:45:40 1 100 12 164 125 1 866 20 0 1 0 0 19753 100 0 0
SEP
CPU laptop 1745509541 2025/04/24 18:45:41 1 100 12 96 225 0 877 0 0 0 0 0 20487 100 0 0
SEP
CPU laptop 1745509542 2025/04/24 18:45:42 1 100 12 86 135 0 974 0 0 1 0 0 20063 100 0 0
SEP
CPU laptop 1745509543 2025/04/24 18:45:43 1 100 12 83 135 0 980 0 0 0 0 0 19374 100 0 0
SEP
CPU laptop 1745509544 2025/04/24 18:45:44 1 100 12 97 140 0 957 2 0 1 0 0 20773 100 0 0
SEP
CPU laptop 1745509545 2025/04/24 18:45:45 1 100 12 82 140 0 973 0 0 0 0 0 22350 100 0 0
SEP
CPU laptop 1745509546 2025/04/24 18:45:46 1 100 12 152 130 1 870 20 0 1 0 0 20493 100 0 0
SEP
CPU laptop 1745509547 2025/04/24 18:45:47 1 100 12 96 243 0 851 1 0 3 0 0 20584 100 0 0
SEP
CPU laptop 1745509548 2025/04/24 18:45:48 1 100 12 79 143 0 967 0 0 0 0 0 19744 100 0 0
SEP
CPU laptop 1745509549 2025/04/24 18:45:49 1 100 12 90 163 0 931 0 0 0 0 0 27121 100 0 0
SEP
CPU laptop 1745509550 2025/04/24 18:45:50 1 100 12 87 142 0 961 1 0 1 0 0 23588 100 0 0
SEP
CPU laptop 1745509551 2025/04/24 18:45:51 1 100 12 81 136 0 979 2 0 0 0 0 21973 100 0 0
SEP
CPU laptop 1745509552 2025/04/24 18:45:52 1 100 12 142 169 1 858 15 0 1 0 0 30114 100 0 0
SEP
CPU laptop 1745509553 2025/04/24 18:45:53 1 100 12 92 214 0 891 0 0 0 0 0 23327 100 0 0
SEP
CPU laptop 1745509554 2025/04/24 18:45:54 1 100 12 79 135 0 982 0 0 0 0 0 19434 100 0 0
SEP
CPU laptop 1745509555 2025/04/24 18:45:55 1 100 12 78 135 0 986 0 0 0 0 0 20482 100 0 0
SEP
CPU laptop 1745509556 2025/04/24 18:45:56 1 100 12 79 131 0 986 1 0 1 0 0 22906 100 0 0
SEP
CPU laptop 1745509557 2025/04/24 18:45:57 1 100 12 83 135 0 975 3 0 0 0 0 19441 100 0 0
SEP
CPU laptop 1745509558 2025/04/24 18:45:58 1 100 12 150 116 1 897 17 0 1 0 0 25006 100 0 0
SEP
CPU laptop 1745509559 2025/04/24 18:45:59 1 100 12 107 266 0 816 0 0 1 0 0 25532 100 0 0
SEP
CPU laptop 1745509560 2025/04/24 18:46:00 1 100 12 92 175 0 916 0 0 1 0 0 23780 100 0 0
SEP
CPU laptop 1745509561 2025/04/24 18:46:01 1 100 12 100 202 0 883 2 0 0 0 0 21155 100 0 0
SEP
CPU laptop 1745509562 2025/04/24 18:46:02 1 100 12 91 151 0 943 0 0 1 0 0 22843 100 0 0
SEP
CPU laptop 1745509563 2025/04/24 18:46:03 1 100 12 84 149 0 954 2 0 0 0 0 22975 100 0 0
SEP
CPU laptop 1745509564 2025/04/24 18:46:04 1 100 12 161 201 1 794 19 0 1 0 0 47730 100 0 0
SEP
CPU laptop 1745509565 2025/04/24 18:46:05 1 100 12 108 209 0 871 1 0 1 0 0 20505 100 0 0
SEP
CPU laptop 1745509566 2025/04/24 18:46:06 1 100 12 103 195 0 894 0 0 1 0 0 20502 100 0 0
SEP
CPU laptop 1745509567 2025/04/24 18:46:07 1 100 12 82 143 0 966 3 0 0 0 0 20067 100 0 0
SEP
CPU laptop 1745509568 2025/04/24 18:46:08 1 100 12 93 157 0 935 0 0 1 0 0 23406 100 0 0
SEP
CPU laptop 1745509569 2025/04/24 18:46:09 1 100 12 77 143 0 972 2 0 0 0 0 21776 100 0 0
SEP
CPU laptop 1745509570 2025/04/24 18:46:10 1 100 12 163 171 1 829 18 0 1 0 0 47892 100 0 0
SEP
CPU laptop 1745509571 2025/04/24 18:46:11 1 100 12 94 210 0 881 0 0 1 0 0 22639 100 0 0
SEP
CPU laptop 1745509572 2025/04/24 18:46:12 1 100 12 83 136 0 970 0 0 1 0 0 20092 100 0 0
SEP
CPU laptop 1745509573 2025/04/24 18:46:13 1 100 12 78 136 0 983 0 0 1 0 0 21983 100 0 0
SEP
CPU laptop 1745509574 2025/04/24 18:46:14 1 100 12 83 145 0 970 0 0 0 0 0 21455 100 0 0
SEP
CPU laptop 1745509575 2025/04/24 18:46:15 1 100 12 73 139 0 982 2 0 1 0 0 19765 100 0 0
SEP
CPU laptop 1745509576 2025/04/24 18:46:16 1 100 12 139 174 1 854 16 0 1 0 0 47904 100 0 0
SEP
CPU laptop 1745509577 2025/04/24 18:46:17 1 100 12 100 240 0 853 0 0 0 0 0 38872 100 0 0
SEP
CPU laptop 1745509578 2025/04/24 18:46:18 1 100 12 86 148 0 961 0 0 1 0 0 22697 100 0 0
SEP
CPU laptop 1745509579 2025/04/24 18:46:19 1 100 12 95 170 0 923 0 0 0 0 0 23087 100 0 0
SEP
CPU laptop 1745509580 2025/04/24 18:46:20 1 100 12 87 142 0 968 0 0 0 0 0 22129 100 0 0
SEP
CPU laptop 1745509581 2025/04/24 18:46:21 1 100 12 75 134 0 985 2 0 1 0 0 20514 100 0 0
SEP
CPU laptop 1745509582 2025/04/24 18:46:22 1 100 12 141 222 0 802 16 0 0 0 0 47818 100 0 0
SEP
CPU laptop 1745509583 2025/04/24 18:46:23 1 100 12 86 153 0 958 0 0 1 0 0 20067 100 0 0
SEP
CPU laptop 1745509584 2025/04/24 18:46:24 1 100 12 83 143 0 968 0 0 0 0 0 20495 100 0 0
SEP
CPU laptop 1745509585 2025/04/24 18:46:25 1 100 12 82 141 0 968 0 0 1 0 0 20089 100 0 0
SEP
CPU laptop 1745509586 2025/04/24 18:46:26 1 100 12 92 161 0 935 2 0 1 0 0 21229 100 0 0
SEP
CPU laptop 1745509587 2025/04/24 18:46:27 1 100 12 88 155 0 940 2 0 1 0 0 22012 100 0 0
SEP
CPU laptop 1745509588 2025/04/24 18:46:28 1 100 12 151 246 1 764 16 0 0 0 0 26238 100 0 0
SEP
CPU laptop 1745509589 2025/04/24 18:46:29 1 100 12 89 155 0 938 1 0 1 0 0 23097 100 0 0
SEP
CPU laptop 1745509590 2025/04/24 18:46:30 1 100 12 87 162 0 938 0 0 1 0 0 29746 100 0 0
SEP
CPU laptop 1745509591 2025/04/24 18:46:31 1 100 12 90 160 0 932 3 0 0 0 0 23819 100 0 0
SEP
CPU laptop 1745509592 2025/04/24 18:46:32 1 100 12 88 157 0 941 0 0 0 0 0 20549 100 0 0
SEP
CPU laptop 1745509593 2025/04/24 18:46:33 1 100 12 83 184 0 916 5 0 0 0 0 26673 100 0 0
SEP
CPU laptop 1745509594 2025/04/24 18:46:34 1 100 12 174 268 0 717 16 0 1 0 0 21444 100 0 0
SEP
CPU laptop 1745509595 2025/04/24 18:46:35 1 100 12 87 144 0 957 0 0 0 0 0 23430 100 0 0
SEP
CPU laptop 1745509596 2025/04/24 18:46:36 1 100 12 89 157 0 933 2 0 1 0 0 24599 100 0 0
SEP
CPU laptop 1745509597 2025/04/24 18:46:37 1 100 12 89 152 0 944 0 0 1 0 0 25182 100 0 0
SEP
CPU laptop 1745509598 2025/04/24 18:46:38 1 100 12 96 171 0 917 0 0 1 0 0 26051 100 0 0
SEP
CPU laptop 1745509599 2025/04/24 18:46:39 1 100 12 89 153 0 940 5 0 0 0 0 22433 100 0 0
SEP
CPU laptop 1745509600 2025/04/24 18:46:40 1 100 12 163 257 2 736 15 0 1 0 0 24738 100 0 0
SEP
CPU laptop 1745509601 2025/04/24 18:46:41 1 100 12 91 164 0 937 0 0 0 0 0 19659 100 0 0
SEP
CPU laptop 1745509602 2025/04/24 18:46:42 1 100 12 82 152 0 950 0 0 0 0 0 19970 100 0 0
SEP
CPU laptop 1745509603 2025/04/24 18:46:43 1 100 12 86 180 0 920 0 0 0 0 0 21088 100 0 0
SEP
CPU laptop 1745509604 2025/04/24 18:46:44 1 100 12 91 156 0 940 2 0 1 0 0 20770 100 0 0
SEP
CPU laptop 1745509605 2025/04/24 18:46:45 1 100 12 88 148 0 949 1 0 0 0 0 23382 100 0 0
SEP
CPU laptop 1745509606 2025/04/24 18:46:46 1 100 12 169 274 0 719 16 0 2 0 0 25315 100 0 0
SEP
CPU laptop 1745509607 2025/04/24 18:46:47 1 100 12 82 136 0 978 0 0 0 0 0 19495 100 0 0
SEP
CPU laptop 1745509608 2025/04/24 18:46:48 1 100 12 82 145 0 959 3 0 1 0 0 21767 100 0 0
SEP
CPU laptop 1745509609 2025/04/24 18:46:49 1 100 12 114 191 0 880 2 0 1 0 0 32447 100 0 0
SEP
CPU laptop 1745509610 2025/04/24 18:46:50 1 100 12 129 250 0 813 0 0 1 0 0 25656 100 0 0
SEP
CPU laptop 1745509611 2025/04/24 18:46:51 1 100 12 105 220 0 869 0 0 0 0 0 20720 100 0 0
SEP
CPU laptop 1745509612 2025/04/24 18:46:52 1 100 12 182 259 1 726 15 0 2 0 0 22222 100 0 0
SEP
CPU laptop 1745509613 2025/04/24 18:46:53 1 100 12 121 188 0 873 1 0 1 0 0 20524 100 0 0
SEP
CPU laptop 1745509614 2025/04/24 18:46:54 1 100 12 76 139 0 982 0 0 0 0 0 19739 100 0 0
SEP
CPU laptop 1745509615 2025/04/24 18:46:55 1 100 12 79 138 0 978 0 0 0 0 0 23466 100 0 0
SEP
CPU laptop 1745509616 2025/04/24 18:46:56 1 100 12 97 168 0 918 3 0 1 0 0 26752 100 0 0
SEP
CPU laptop 1745509617 2025/04/24 18:46:57 1 100 12 78 146 0 966 4 0 0 0 0 25769 100 0 0
SEP
CPU laptop 1745509618 2025/04/24 18:46:58 1 100 12 159 242 0 756 22 0 1 0 0 25385 100 0 0
SEP
CPU laptop 1745509619 2025/04/24 18:46:59 1 100 12 100 192 0 887 0 0 0 0 0 23111 100 0 0
SEP
CPU laptop 1745509620 2025/04/24 18:47:00 1 100 12 94 164 0 922 2 0 1 0 0 20120 100 0 0
SEP
CPU laptop 1745509621 2025/04/24 18:47:01 1 100 12 91 171 0 923 2 0 1 0 0 20414 100 0 0
SEP
CPU laptop 1745509622 2025/04/24 18:47:02 1 100 12 89 144 0 956 0 0 2 0 0 21184 100 0 0
SEP
CPU laptop 1745509623 2025/04/24 18:47:03 1 100 12 82 149 0 956 3 0 1 0 0 24218 100 0 0
SEP
CPU laptop 1745509624 2025/04/24 18:47:04 1 100 12 162 257 1 742 15 0 2 0 0 24348 100 0 0
SEP
CPU laptop 1745509625 2025/04/24 18:47:05 1 100 12 97 190 0 897 0 0 0 0 0 20066 100 0 0
SEP
CPU laptop 1745509626 2025/04/24 18:47:06 1 100 12 92 156 0 936 2 0 1 0 0 19763 100 0 0
SEP
CPU laptop 1745509627 2025/04/24 18:47:07 1 100 12 92 161 0 936 0 0 1 0 0 23893 100 0 0
SEP
CPU laptop 1745509628 2025/04/24 18:47:08 1 100 12 92 197 0 898 0 0 3 0 0 33556 100 0 0
SEP
CPU laptop 1745509629 2025/04/24 18:47:09 1 100 12 84 154 0 951 4 0 0 0 0 27501 100 0 0
SEP
CPU laptop 1745509630 2025/04/24 18:47:10 1 100 12 165 259 1 739 18 0 2 0 0 20838 100 0 0
SEP
CPU laptop 1745509631 2025/04/24 18:47:11 1 100 12 91 156 0 944 0 0 0 0 0 19383 100 0 0
SEP
CPU laptop 1745509632 2025/04/24 18:47:12 1 100 12 96 196 0 897 0 0 1 0 0 29516 100 0 0
SEP
CPU laptop 1745509633 2025/04/24 18:47:13 1 100 12 99 190 0 890 0 0 0 0 0 25364 100 0 0
SEP
CPU laptop 1745509634 2025/04/24 18:47:14 1 100 12 102 176 0 907 0 0 1 0 0 24107 100 0 0
SEP
CPU laptop 1745509635 2025/04/24 18:47:15 1 100 12 84 146 0 957 2 0 0 0 0 17277 100 0 0
SEP
CPU laptop 1745509636 2025/04/24 18:47:16 1 100 12 175 310 0 674 13 0 1 0 0 25762 100 0 0
SEP
CPU laptop 1745509637 2025/04/24 18:47:17 1 100 12 101 187 0 891 0 0 1 0 0 20499 100 0 0
SEP
CPU laptop 1745509638 2025/04/24 18:47:18 1 100 12 90 165 0 931 0 0 1 0 0 23616 100 0 0
SEP
CPU laptop 1745509639 2025/04/24 18:47:19 1 100 12 97 170 0 916 2 0 1 0 0 26357 100 0 0
SEP
CPU laptop 1745509640 2025/04/24 18:47:20 1 100 12 105 177 0 904 1 0 1 0 0 25248 100 0 0
SEP
CPU laptop 1745509641 2025/04/24 18:47:21 1 100 12 91 153 0 941 2 0 0 0 0 24000 100 0 0
SEP
CPU laptop 1745509642 2025/04/24 18:47:22 1 100 12 154 251 2 760 17 0 2 0 0 20309 100 0 0
SEP
CPU laptop 1745509643 2025/04/24 18:47:23 1 100 12 86 154 0 949 3 0 0 0 0 22021 100 0 0
SEP
CPU laptop 1745509644 2025/04/24 18:47:24 1 100 12 80 143 0 966 0 0 1 0 0 23076 100 0 0
SEP
CPU laptop 1745509645 2025/04/24 18:47:25 1 100 12 86 155 0 942 0 0 0 0 0 26267 100 0 0
SEP
CPU laptop 1745509646 2025/04/24 18:47:26 1 100 12 88 161 0 938 0 0 1 0 0 28258 100 0 0
SEP
CPU laptop 1745509647 2025/04/24 18:47:27 1 100 12 90 147 0 941 4 0 1 0 0 18383 100 0 0
SEP
CPU laptop 1745509648 2025/04/24 18:47:28 1 100 12 158 265 1 741 16 0 1 0 0 23478 100 0 0
SEP
CPU laptop 1745509649 2025/04/24 18:47:29 1 100 12 85 158 0 946 3 0 1 0 0 23704 100 0 0
SEP
CPU laptop 1745509650 2025/04/24 18:47:30 1 100 12 78 146 0 968 0 0 0 0 0 20114 100 0 0
SEP
CPU laptop 1745509651 2025/04/24 18:47:31 1 100 12 78 136 0 978 2 0 0 0 0 19757 100 0 0
SEP
CPU laptop 1745509652 2025/04/24 18:47:32 1 100 12 90 150 0 945 2 0 2 0 0 19389 100 0 0
SEP
CPU laptop 1745509653 2025/04/24 18:47:33 1 100 12 85 141 0 961 4 0 1 0 0 23406 100 0 0
SEP
CPU laptop 1745509654 2025/04/24 18:47:34 1 100 12 159 287 0 718 12 0 0 0 0 23229 100 0 0
SEP
CPU laptop 1745509655 2025/04/24 18:47:35 1 100 12 100 188 0 895 0 0 1 0 0 20087 100 0 0
SEP
CPU laptop 1745509656 2025/04/24 18:47:36 1 100 12 76 139 0 983 0 0 0 0 0 20092 100 0 0
SEP
CPU laptop 1745509657 2025/04/24 18:47:37 1 100 12 82 141 0 973 0 0 0 0 0 19383 100 0 0
SEP
CPU laptop 1745509658 2025/04/24 18:47:38 1 100 12 80 143 0 974 0 0 1 0 0 20090 100 0 0
SEP
CPU laptop 1745509659 2025/04/24 18:47:39 1 100 12 83 133 1 970 6 0 0 0 0 20754 100 0 0
SEP
CPU laptop 1745509660 2025/04/24 18:47:40 1 100 12 136 244 1 791 13 0 1 0 0 22369 100 0 0
SEP
CPU laptop 1745509661 2025/04/24 18:47:41 1 100 12 77 135 0 985 0 0 0 0 0 22128 100 0 0
SEP
CPU laptop 1745509662 2025/04/24 18:47:42 1 100 12 77 138 0 983 0 0 0 0 0 22486 100 0 0
SEP
CPU laptop 1745509663 2025/04/24 18:47:43 1 100 12 75 137 0 985 0 0 1 0 0 22717 100 0 0
SEP
CPU laptop 1745509664 2025/04/24 18:47:44 1 100 12 80 147 0 971 0 0 0 0 0 22749 100 0 0
SEP
CPU laptop 1745509665 2025/04/24 18:47:45 1 100 12 101 129 0 947 11 0 2 0 0 16763 100 0 0
SEP
CPU laptop 1745509666 2025/04/24 18:47:46 1 100 12 133 249 1 799 9 0 1 0 0 19385 100 0 0
SEP
CPU laptop 1745509667 2025/04/24 18:47:47 1 100 12 81 135 0 981 0 0 0 0 0 23036 100 0 0
SEP
CPU laptop 1745509668 2025/04/24 18:47:48 1 100 12 76 139 0 981 0 0 1 0 0 20552 100 0 0
SEP
CPU laptop 1745509669 2025/04/24 18:47:49 1 100 12 95 156 0 944 1 0 0 0 0 28845 100 0 0
SEP
CPU laptop 1745509670 2025/04/24 18:47:50 1 100 12 125 250 0 815 1 0 1 0 0 23379 100 0 0
SEP
CPU laptop 1745509671 2025/04/24 18:47:51 1 100 12 125 221 0 834 11 0 1 0 0 18726 100 0 0
SEP
CPU laptop 1745509672 2025/04/24 18:47:52 1 100 12 161 290 1 724 10 0 1 0 0 19757 100 0 0
SEP
CPU laptop 1745509673 2025/04/24 18:47:53 1 100 12 111 182 0 896 4 0 1 0 0 19739 100 0 0
SEP
CPU laptop 1745509674 2025/04/24 18:47:54 1 100 12 78 137 0 982 0 0 0 0 0 20008 100 0 0
SEP
CPU laptop 1745509675 2025/04/24 18:47:55 1 100 12 73 141 0 984 0 0 1 0 0 19386 100 0 0
SEP
CPU laptop 1745509676 2025/04/24 18:47:56 1 100 12 80 143 0 974 0 0 0 0 0 21612 100 0 0
SEP
CPU laptop 1745509677 2025/04/24 18:47:57 1 100 12 97 127 0 951 16 0 1 0 0 16407 100 0 0
SEP
CPU laptop 1745509678 2025/04/24 18:47:58 1 100 12 129 253 0 797 9 0 0 0 0 20102 100 0 0
SEP
CPU laptop 1745509679 2025/04/24 18:47:59 1 100 12 78 134 0 984 0 0 1 0 0 20074 100 0 0
SEP
CPU laptop 1745509680 2025/04/24 18:48:00 1 100 12 75 134 0 987 2 0 1 0 0 19432 100 0 0
SEP
CPU laptop 1745509681 2025/04/24 18:48:01 1 100 12 77 132 0 988 0 0 0 0 0 19482 100 0 0
SEP
CPU laptop 1745509682 2025/04/24 18:48:02 1 100 12 81 139 0 977 0 0 1 0 0 19377 100 0 0
SEP
CPU laptop 1745509683 2025/04/24 18:48:03 1 100 12 100 122 0 954 13 0 1 0 0 16748 100 0 0
SEP
CPU laptop 1745509684 2025/04/24 18:48:04 1 100 12 134 257 0 796 6 0 0 0 0 19553 100 0 0
SEP
CPU laptop 1745509685 2025/04/24 18:48:05 1 100 12 78 138 0 981 0 0 0 0 0 20487 100 0 0
SEP
CPU laptop 1745509686 2025/04/24 18:48:06 1 100 12 78 139 0 979 0 0 0 0 0 22337 100 0 0
SEP
CPU laptop 1745509687 2025/04/24 18:48:07 1 100 12 83 142 0 971 0 0 0 0 0 20078 100 0 0
SEP
CPU laptop 1745509688 2025/04/24 18:48:08 1 100 12 83 142 0 972 0 0 1 0 0 20092 100 0 0
SEP
CPU laptop 1745509689 2025/04/24 18:48:09 1 100 12 114 133 1 925 13 0 0 0 0 47829 100 0 0
SEP
CPU laptop 1745509690 2025/04/24 18:48:10 1 100 12 121 243 0 823 4 0 0 0 0 20090 100 0 0
SEP
CPU laptop 1745509691 2025/04/24 18:48:11 1 100 12 75 135 0 986 0 0 1 0 0 22495 100 0 0
SEP
CPU laptop 1745509692 2025/04/24 18:48:12 1 100 12 77 136 0 985 0 0 0 0 0 20086 100 0 0
SEP
CPU laptop 1745509693 2025/04/24 18:48:13 1 100 12 77 138 0 982 0 0 0 0 0 19742 100 0 0
SEP
CPU laptop 1745509694 2025/04/24 18:48:14 1 100 12 82 139 0 976 0 0 0 0 0 20614 100 0 0
SEP
CPU laptop 1745509695 2025/04/24 18:48:15 1 100 12 130 129 1 912 19 0 0 0 0 34756 100 0 0
SEP
CPU laptop 1745509696 2025/04/24 18:48:16 1 100 12 103 238 0 850 1 0 1 0 0 20089 100 0 0
SEP
CPU laptop 1745509697 2025/04/24 18:48:17 1 100 12 77 139 0 980 0 0 0 0 0 20839 100 0 0
SEP
CPU laptop 1745509698 2025/04/24 18:48:18 1 100 12 78 137 0 984 0 0 0 0 0 20357 100 0 0
SEP
CPU laptop 1745509699 2025/04/24 18:48:19 1 100 12 84 142 0 967 2 0 1 0 0 20813 100 0 0
SEP
CPU laptop 1745509700 2025/04/24 18:48:20 1 100 12 88 185 0 924 1 0 0 0 0 23057 100 0 0
SEP
CPU laptop 1745509701 2025/04/24 18:48:21 1 100 12 132 133 1 899 20 0 1 0 0 21930 100 0 0
SEP
CPU laptop 1745509702 2025/04/24 18:48:22 1 100 12 94 262 0 838 1 0 1 0 0 21887 100 0 0
SEP
CPU laptop 1745509703 2025/04/24 18:48:23 1 100 12 81 135 0 980 0 0 1 0 0 20466 100 0 0
SEP
CPU laptop 1745509704 2025/04/24 18:48:24 1 100 12 77 138 0 984 0 0 0 0 0 20583 100 0 0
SEP
CPU laptop 1745509705 2025/04/24 18:48:25 1 100 12 83 138 0 975 0 0 0 0 0 20119 100 0 0
SEP
CPU laptop 1745509706 2025/04/24 18:48:26 1 100 12 76 137 0 983 2 0 0 0 0 19757 100 0 0
SEP
CPU laptop 1745509707 2025/04/24 18:48:27 1 100 12 136 123 1 905 17 0 1 0 0 21420 100 0 0
SEP
CPU laptop 1745509708 2025/04/24 18:48:28 1 100 12 94 259 0 845 0 0 0 0 0 23752 100 0 0
SEP
CPU laptop 1745509709 2025/04/24 18:48:29 1 100 12 78 140 0 976 2 0 0 0 0 19873 100 0 0
SEP
CPU laptop 1745509710 2025/04/24 18:48:30 1 100 12 77 138 0 985 0 0 0 0 0 20888 100 0 0
SEP
CPU laptop 1745509711 2025/04/24 18:48:31 1 100 12 79 139 0 976 1 0 1 0 0 20143 100 0 0
SEP
CPU laptop 1745509712 2025/04/24 18:48:32 1 100 12 72 134 0 988 4 0 0 0 0 23052 100 0 0
SEP
CPU laptop 1745509713 2025/04/24 18:48:33 1 100 12 141 134 1 894 17 0 2 0 0 29842 100 0 0
SEP
CPU laptop 1745509714 2025/04/24 18:48:34 1 100 12 91 223 0 883 0 0 0 0 0 20459 100 0 0
SEP
CPU laptop 1745509715 2025/04/24 18:48:35 1 100 12 79 133 0 984 0 0 0 0 0 20071 100 0 0
SEP
CPU laptop 1745509716 2025/04/24 18:48:36 1 100 12 75 136 0 987 0 0 0 0 0 20092 100 0 0
SEP
CPU laptop 1745509717 2025/04/24 18:48:37 1 100 12 85 143 0 965 3 0 0 0 0 19828 100 0 0
SEP
CPU laptop 1745509718 2025/04/24 18:48:38 1 100 12 72 138 0 988 1 0 0 0 0 19619 100 0 0
SEP
CPU laptop 1745509719 2025/04/24 18:48:39 1 100 12 137 187 1 841 18 0 2 0 0 47896 100 0 0
SEP
CPU laptop 1745509720 2025/04/24 18:48:40 1 100 12 88 182 0 926 0 0 0 0 0 21389 100 0 0
SEP
CPU laptop 1745509721 2025/04/24 18:48:41 1 100 12 77 136 0 984 0 0 1 0 0 20881 100 0 0
SEP
CPU laptop 1745509722 2025/04/24 18:48:42 1 100 12 77 134 0 987 0 0 0 0 0 24388 100 0 0
SEP
CPU laptop 1745509723 2025/04/24 18:48:43 1 100 12 85 140 0 972 0 0 0 0 0 22344 100 0 0
SEP
CPU laptop 1745509724 2025/04/24 18:48:44 1 100 12 71 134 0 987 4 0 0 0 0 21312 100 0 0
SEP
CPU laptop 1745509725 2025/04/24 18:48:45 1 100 12 152 247 1 768 16 0 1 0 0 37823 100 0 0
SEP
CPU laptop 1745509726 2025/04/24 18:48:46 1 100 12 82 134 0 980 0 0 0 0 0 23010 100 0 0
SEP
CPU laptop 1745509727 2025/04/24 18:48:47 1 100 12 76 135 0 986 0 0 0 0 0 22680 100 0 0
SEP
CPU laptop 1745509728 2025/04/24 18:48:48 1 100 12 87 142 0 970 0 0 0 0 0 24824 100 0 0
SEP
CPU laptop 1745509729 2025/04/24 18:48:49 1 100 12 132 265 0 793 1 0 0 0 0 25558 100 0 0
SEP
CPU laptop 1745509730 2025/04/24 18:48:50 1 100 12 100 218 0 873 6 0 1 0 0 22673 100 0 0
SEP
CPU laptop 1745509731 2025/04/24 18:48:51 1 100 12 176 256 1 733 17 0 1 0 0 25685 100 0 0
SEP
CPU laptop 1745509732 2025/04/24 18:48:52 1 100 12 111 180 0 898 3 0 1 0 0 20412 100 0 0
SEP
CPU laptop 1745509733 2025/04/24 18:48:53 1 100 12 75 129 0 993 0 0 0 0 0 20837 100 0 0
SEP
CPU laptop 1745509734 2025/04/24 18:48:54 1 100 12 74 131 0 993 0 0 0 0 0 23697 100 0 0
SEP
CPU laptop 1745509735 2025/04/24 18:48:55 1 100 12 81 136 0 981 0 0 0 0 0 22710 100 0 0
SEP
CPU laptop 1745509736 2025/04/24 18:48:56 1 100 12 73 132 0 988 4 0 1 0 0 22769 100 0 0
SEP
CPU laptop 1745509737 2025/04/24 18:48:57 1 100 12 155 226 0 764 31 0 1 0 0 29212 100 0 0
SEP
CPU laptop 1745509738 2025/04/24 18:48:58 1 100 12 80 143 0 974 0 0 0 0 0 19379 100 0 0
SEP
CPU laptop 1745509739 2025/04/24 18:48:59 1 100 12 77 138 0 981 1 0 0 0 0 19420 100 0 0
SEP
CPU laptop 1745509740 2025/04/24 18:49:00 1 100 12 75 132 0 991 0 0 1 0 0 25308 100 0 0
SEP
CPU laptop 1745509741 2025/04/24 18:49:01 1 100 12 83 138 0 974 0 0 0 0 0 20455 100 0 0
SEP
CPU laptop 1745509742 2025/04/24 18:49:02 1 100 12 72 134 0 988 4 0 0 0 0 19666 100 0 0
SEP
CPU laptop 1745509743 2025/04/24 18:49:03 1 100 12 150 239 1 779 14 0 1 0 0 19963 100 0 0
SEP
CPU laptop 1745509744 2025/04/24 18:49:04 1 100 12 78 136 0 983 0 0 0 0 0 20606 100 0 0
SEP
CPU laptop 1745509745 2025/04/24 18:49:05 1 100 12 76 132 0 989 0 0 0 0 0 24757 100 0 0
SEP
CPU laptop 1745509746 2025/04/24 18:49:06 1 100 12 74 136 0 988 0 0 1 0 0 19386 100 0 0
SEP
CPU laptop 1745509747 2025/04/24 18:49:07 1 100 12 83 141 0 969 4 0 0 0 0 20129 100 0 0
SEP
CPU laptop 1745509748 2025/04/24 18:49:08 1 100 12 79 136 0 978 2 0 0 0 0 32250 100 0 0
SEP
CPU laptop 1745509749 2025/04/24 18:49:09 1 100 12 147 241 1 783 16 0 1 0 0 20833 100 0 0
SEP
CPU laptop 1745509750 2025/04/24 18:49:10 1 100 12 79 174 0 943 0 0 1 0 0 21553 100 0 0
SEP
CPU laptop 1745509751 2025/04/24 18:49:11 1 100 12 77 140 0 980 0 0 0 0 0 21157 100 0 0
SEP
CPU laptop 1745509752 2025/04/24 18:49:12 1 100 12 80 134 0 984 0 0 0 0 0 21161 100 0 0
SEP
CPU laptop 1745509753 2025/04/24 18:49:13 1 100 12 83 137 0 977 0 0 1 0 0 21250 100 0 0
SEP
CPU laptop 1745509754 2025/04/24 18:49:14 1 100 12 83 125 0 977 8 0 0 0 0 27895 100 0 0
SEP
CPU laptop 1745509755 2025/04/24 18:49:15 1 100 12 143 248 1 779 13 0 1 0 0 20826 100 0 0
SEP
CPU laptop 1745509756 2025/04/24 18:49:16 1 100 12 79 137 0 982 0 0 1 0 0 22716 100 0 0
SEP
CPU laptop 1745509757 2025/04/24 18:49:17 1 100 12 80 140 0 977 0 0 1 0 0 22579 100 0 0
SEP
CPU laptop 1745509758 2025/04/24 18:49:18 1 100 12 75 137 0 986 0 0 0 0 0 20491 100 0 0
SEP
CPU laptop 1745509759 2025/04/24 18:49:19 1 100 12 97 155 0 943 0 0 0 0 0 24849 100 0 0
SEP
CPU laptop 1745509760 2025/04/24 18:49:20 1 100 12 90 127 0 964 10 0 2 0 0 23408 100 0 0
SEP
CPU laptop 1745509761 2025/04/24 18:49:21 1 100 12 132 244 1 801 11 0 0 0 0 20644 100 0 0
SEP
CPU laptop 1745509762 2025/04/24 18:49:22 1 100 12 78 137 0 981 0 0 0 0 0 20089 100 0 0
SEP
CPU laptop 1745509763 2025/04/24 18:49:23 1 100 12 72 140 0 984 0 0 0 0 0 23055 100 0 0
SEP
CPU laptop 1745509764 2025/04/24 18:49:24 1 100 12 75 137 0 986 0 0 1 0 0 19456 100 0 0
SEP
CPU laptop 1745509765 2025/04/24 18:49:25 1 100 12 83 140 0 973 0 0 0 0 0 19752 100 0 0
SEP
CPU laptop 1745509766 2025/04/24 18:49:26 1 100 12 94 128 0 959 10 0 1 0 0 20200 100 0 0
SEP
CPU laptop 1745509767 2025/04/24 18:49:27 1 100 12 139 261 0 781 7 0 1 0 0 26379 100 0 0
SEP
CPU laptop 1745509768 2025/04/24 18:49:28 1 100 12 125 255 0 817 1 0 1 0 0 28650 100 0 0
SEP
CPU laptop 1745509769 2025/04/24 18:49:29 1 100 12 111 216 0 867 0 0 1 0 0 23105 100 0 0
SEP
CPU laptop 1745509770 2025/04/24 18:49:30 1 100 12 105 176 0 915 1 0 0 0 0 21780 100 0 0
SEP
CPU laptop 1745509771 2025/04/24 18:49:31 1 100 12 114 180 0 898 3 0 0 0 0 19620 100 0 0
SEP
CPU laptop 1745509772 2025/04/24 18:49:32 1 100 12 100 132 1 945 14 0 1 0 0 18098 100 0 0
SEP
CPU laptop 1745509773 2025/04/24 18:49:33 1 100 12 127 256 0 804 4 0 0 0 0 20089 100 0 0
SEP
CPU laptop 1745509774 2025/04/24 18:49:34 1 100 12 77 138 0 976 4 0 0 0 0 23643 100 0 0
SEP
CPU laptop 1745509775 2025/04/24 18:49:35 1 100 12 76 134 0 987 1 0 1 0 0 21233 100 0 0
SEP
CPU laptop 1745509776 2025/04/24 18:49:36 1 100 12 76 132 0 989 0 0 0 0 0 19687 100 0 0
SEP
CPU laptop 1745509777 2025/04/24 18:49:37 1 100 12 99 149 0 947 0 0 0 0 0 23665 100 0 0
SEP
CPU laptop 1745509778 2025/04/24 18:49:38 1 100 12 125 129 1 914 18 0 1 0 0 18195 100 0 0
SEP
CPU laptop 1745509779 2025/04/24 18:49:39 1 100 12 130 273 0 779 4 0 1 0 0 23176 100 0 0
SEP
CPU laptop 1745509780 2025/04/24 18:49:40 1 100 12 81 139 0 976 0 0 0 0 0 20117 100 0 0
SEP
CPU laptop 1745509781 2025/04/24 18:49:41 1 100 12 80 133 0 983 0 0 0 0 0 20659 100 0 0
SEP
CPU laptop 1745509782 2025/04/24 18:49:42 1 100 12 79 132 0 987 0 0 0 0 0 20084 100 0 0
SEP
CPU laptop 1745509783 2025/04/24 18:49:43 1 100 12 84 134 0 980 0 0 0 0 0 22186 100 0 0
SEP
CPU laptop 1745509784 2025/04/24 18:49:44 1 100 12 128 137 1 906 18 0 1 0 0 39377 100 0 0
SEP
CPU laptop 1745509785 2025/04/24 18:49:45 1 100 12 101 235 0 854 2 0 1 0 0 20457 100 0 0
SEP
CPU laptop 1745509786 2025/04/24 18:49:46 1 100 12 78 139 0 982 0 0 0 0 0 20074 100 0 0
SEP
CPU laptop 1745509787 2025/04/24 18:49:47 1 100 12 78 133 0 985 0 0 0 0 0 22290 100 0 0
SEP
CPU laptop 1745509788 2025/04/24 18:49:48 1 100 12 80 142 0 975 0 0 1 0 0 19754 100 0 0
SEP
CPU laptop 1745509789 2025/04/24 18:49:49 1 100 12 86 146 0 963 0 0 0 0 0 20460 100 0 0
SEP
CPU laptop 1745509790 2025/04/24 18:49:50 1 100 12 132 125 0 905 23 0 1 0 0 37448 100 0 0
SEP
CPU laptop 1745509791 2025/04/24 18:49:51 1 100 12 99 251 0 843 1 0 0 0 0 19738 100 0 0
SEP
CPU laptop 1745509792 2025/04/24 18:49:52 1 100 12 77 134 0 986 0 0 1 0 0 19748 100 0 0
SEP
CPU laptop 1745509793 2025/04/24 18:49:53 1 100 12 76 132 0 989 0 0 1 0 0 27308 100 0 0
SEP
CPU laptop 1745509794 2025/04/24 18:49:54 1 100 12 83 137 0 977 0 0 0 0 0 20089 100 0 0
SEP
CPU laptop 1745509795 2025/04/24 18:49:55 1 100 12 73 135 0 985 5 0 0 0 0 20837 100 0 0
SEP
CPU laptop 1745509796 2025/04/24 18:49:56 1 100 12 133 127 1 908 15 0 1 0 0 25351 100 0 0
SEP
CPU laptop 1745509797 2025/04/24 18:49:57 1 100 12 95 259 0 842 0 0 0 0 0 20127 100 0 0
SEP
CPU laptop 1745509798 2025/04/24 18:49:58 1 100 12 89 149 0 960 0 0 1 0 0 23548 100 0 0
SEP
CPU laptop 1745509799 2025/04/24 18:49:59 1 100 12 78 132 0 988 0 0 0 0 0 19756 100 0 0
SEP
CPU laptop 1745509800 2025/04/24 18:50:00 1 100 12 81 145 0 971 0 0 0 0 0 21326 100 0 0
SEP
CPU laptop 1745509801 2025/04/24 18:50:01 1 100 12 74 136 0 986 1 0 1 0 0 24153 100 0 0
SEP
CPU laptop 1745509802 2025/04/24 18:50:02 1 100 12 143 122 1 900 19 0 0 0 0 22547 100 0 0
SEP
CPU laptop 1745509803 2025/04/24 18:50:03 1 100 12 95 250 0 851 0 0 1 0 0 20789 100 0 0
SEP
CPU laptop 1745509804 2025/04/24 18:50:04 1 100 12 80 134 0 982 0 0 0 0 0 19964 100 0 0
SEP
CPU laptop 1745509805 2025/04/24 18:50:05 1 100 12 80 132 0 985 0 0 1 0 0 22581 100 0 0
SEP
CPU laptop 1745509806 2025/04/24 18:50:06 1 100 12 86 137 0 973 0 0 0 0 0 22607 100 0 0
SEP
CPU laptop 1745509807 2025/04/24 18:50:07 1 100 12 80 140 0 973 3 0 0 0 0 23567 100 0 0
SEP
CPU laptop 1745509808 2025/04/24 18:50:08 1 100 12 141 124 0 899 16 0 3 0 0 24262 100 0 0
SEP
CPU laptop 1745509809 2025/04/24 18:50:09 1 100 12 96 231 0 863 5 0 0 0 0 21226 100 0 0
SEP
CPU laptop 1745509810 2025/04/24 18:50:10 1 100 12 84 140 0 973 0 0 1 0 0 22180 100 0 0
SEP
CPU laptop 1745509811 2025/04/24 18:50:11 1 100 12 78 137 0 983 0 0 0 0 0 23425 100 0 0
SEP
CPU laptop 1745509812 2025/04/24 18:50:12 1 100 12 84 137 0 976 0 0 1 0 0 21025 100 0 0
SEP
CPU laptop 1745509813 2025/04/24 18:50:13 1 100 12 78 134 0 981 5 0 1 0 0 21204 100 0 0
SEP
CPU laptop 1745509814 2025/04/24 18:50:14 1 100 12 148 156 0 861 16 0 1 0 0 47900 100 0 0
SEP
CPU laptop 1745509815 2025/04/24 18:50:15 1 100 12 91 196 0 910 0 0 0 0 0 21237 100 0 0
SEP
CPU laptop 1745509816 2025/04/24 18:50:16 1 100 12 80 136 0 981 0 0 0 0 0 23106 100 0 0
SEP
CPU laptop 1745509817 2025/04/24 18:50:17 1 100 12 78 134 0 985 0 0 1 0 0 21399 100 0 0
SEP
CPU laptop 1745509818 2025/04/24 18:50:18 1 100 12 80 141 0 976 0 0 0 0 0 20071 100 0 0
SEP
CPU laptop 1745509819 2025/04/24 18:50:19 1 100 12 78 139 0 975 5 0 1 0 0 21201 100 0 0
SEP
CPU laptop 1745509820 2025/04/24 18:50:20 1 100 12 148 232 1 784 16 0 0 0 0 47870 100 0 0
SEP
CPU laptop 1745509821 2025/04/24 18:50:21 1 100 12 83 144 0 971 0 0 0 0 0 20064 100 0 0
SEP
CPU laptop 1745509822 2025/04/24 18:50:22 1 100 12 79 135 0 982 0 0 0 0 0 23785 100 0 0
SEP
CPU laptop 1745509823 2025/04/24 18:50:23 1 100 12 77 132 0 989 0 0 1 0 0 21166 100 0 0
SEP
CPU laptop 1745509824 2025/04/24 18:50:24 1 100 12 85 143 0 969 0 0 0 0 0 23304 100 0 0
SEP
CPU laptop 1745509825 2025/04/24 18:50:25 1 100 12 75 132 0 988 4 0 0 0 0 23379 100 0 0
SEP
CPU laptop 1745509826 2025/04/24 18:50:26 1 100 12 146 242 1 780 16 0 1 0 0 25382 100 0 0
SEP
CPU laptop 1745509827 2025/04/24 18:50:27 1 100 12 81 137 0 980 0 0 0 0 0 23043 100 0 0
SEP
CPU laptop 1745509828 2025/04/24 18:50:28 1 100 12 80 137 0 979 0 0 0 0 0 21214 100 0 0
SEP
CPU laptop 1745509829 2025/04/24 18:50:29 1 100 12 77 137 0 983 0 0 1 0 0 23774 100 0 0
SEP
CPU laptop 1745509830 2025/04/24 18:50:30 1 100 12 90 168 0 938 0 0 0 0 0 20438 100 0 0
SEP
CPU laptop 1745509831 2025/04/24 18:50:31 1 100 12 74 133 0 988 2 0 0 0 0 23025 100 0 0
SEP
CPU laptop 1745509832 2025/04/24 18:50:32 1 100 12 152 239 1 776 16 0 1 0 0 21867 100 0 0
SEP
CPU laptop 1745509833 2025/04/24 18:50:33 1 100 12 81 138 0 977 0 0 0 0 0 23368 100 0 0
SEP
CPU laptop 1745509834 2025/04/24 18:50:34 1 100 12 109 167 0 914 2 0 0 0 0 26441 100 0 0
SEP
CPU laptop 1745509835 2025/04/24 18:50:35 1 100 12 110 251 0 830 2 0 0 0 0 23426 100 0 0
SEP
CPU laptop 1745509836 2025/04/24 18:50:36 1 100 12 105 194 0 896 0 0 1 0 0 24421 100 0 0
SEP
CPU laptop 1745509837 2025/04/24 18:50:37 1 100 12 115 200 0 874 5 0 0 0 0 24534 100 0 0
SEP
CPU laptop 1745509838 2025/04/24 18:50:38 1 100 12 182 250 1 711 39 0 1 0 0 24883 100 0 0
SEP
CPU laptop 1745509839 2025/04/24 18:50:39 1 100 12 83 134 0 979 2 0 1 0 0 24189 100 0 0
SEP
CPU laptop 1745509840 2025/04/24 18:50:40 1 100 12 82 137 0 977 0 0 0 0 0 19766 100 0 0
SEP
CPU laptop 1745509841 2025/04/24 18:50:41 1 100 12 75 134 0 988 0 0 0 0 0 20509 100 0 0
SEP
CPU laptop 1745509842 2025/04/24 18:50:42 1 100 12 80 139 0 979 0 0 0 0 0 21137 100 0 0
SEP
CPU laptop 1745509843 2025/04/24 18:50:43 1 100 12 75 134 0 987 1 0 0 0 0 24729 100 0 0
SEP
CPU laptop 1745509844 2025/04/24 18:50:44 1 100 12 127 81 1 961 16 0 1 0 0 20866 100 0 0
SEP
CPU laptop 1745509845 2025/04/24 18:50:45 1 100 12 71 27 0 1102 0 0 0 0 0 18917 100 0 0
SEP
CPU laptop 1745509846 2025/04/24 18:50:46 1 100 12 70 16 0 1112 0 0 0 0 0 17706 100 0 0
SEP
CPU laptop 1745509847 2025/04/24 18:50:47 1 100 12 69 17 0 1112 0 0 0 0 0 19105 100 0 0
SEP
CPU laptop 1745509848 2025/04/24 18:50:48 1 100 12 114 258 0 818 2 0 1 0 0 21166 100 0 0
SEP
CPU laptop 1745509849 2025/04/24 18:50:49 1 100 12 86 149 0 959 3 0 0 0 0 21352 100 0 0
SEP
CPU laptop 1745509850 2025/04/24 18:50:50 1 100 12 72 137 0 989 0 0 0 0 0 20446 100 0 0
SEP
CPU laptop 1745509851 2025/04/24 18:50:51 1 100 12 72 137 0 989 0 0 0 0 0 20829 100 0 0
SEP
CPU laptop 1745509852 2025/04/24 18:50:52 1 100 12 76 134 0 989 0 0 1 0 0 21160 100 0 0
SEP
CPU laptop 1745509853 2025/04/24 18:50:53 1 100 12 120 138 0 909 18 0 1 0 0 39583 100 0 0
SEP
CPU laptop 1745509854 2025/04/24 18:50:54 1 100 12 105 238 1 849 2 0 1 0 0 21728 100 0 0
SEP
CPU laptop 1745509855 2025/04/24 18:50:55 1 100 12 75 133 0 989 0 0 0 0 0 20823 100 0 0
SEP
CPU laptop 1745509856 2025/04/24 18:50:56 1 100 12 75 130 0 992 1 0 0 0 0 20416 100 0 0
SEP
CPU laptop 1745509857 2025/04/24 18:50:57 1 100 12 80 137 0 979 1 0 1 0 0 20661 100 0 0
SEP
CPU laptop 1745509858 2025/04/24 18:50:58 1 100 12 73 138 0 986 1 0 0 0 0 20466 100 0 0
SEP
CPU laptop 1745509859 2025/04/24 18:50:59 1 100 12 129 128 0 915 16 0 1 0 0 24023 100 0 0
SEP
CPU laptop 1745509860 2025/04/24 18:51:00 1 100 12 105 244 0 844 2 0 0 0 0 20808 100 0 0
SEP
CPU laptop 1745509861 2025/04/24 18:51:01 1 100 12 79 133 0 985 0 0 0 0 0 20434 100 0 0
SEP
CPU laptop 1745509862 2025/04/24 18:51:02 1 100 12 78 133 0 986 0 0 0 0 0 21866 100 0 0
SEP
CPU laptop 1745509863 2025/04/24 18:51:03 1 100 12 89 149 0 958 1 0 1 0 0 21862 100 0 0
SEP
CPU laptop 1745509864 2025/04/24 18:51:04 1 100 12 81 152 0 959 2 0 1 0 0 23414 100 0 0
SEP
CPU laptop 1745509865 2025/04/24 18:51:05 1 100 12 141 136 1 885 17 0 1 0 0 40863 100 0 0
SEP
CPU laptop 1745509866 2025/04/24 18:51:06 1 100 12 95 252 0 849 1 0 1 0 0 24112 100 0 0
SEP
CPU laptop 1745509867 2025/04/24 18:51:07 1 100 12 81 137 0 976 2 0 1 0 0 22284 100 0 0
SEP
CPU laptop 1745509868 2025/04/24 18:51:08 1 100 12 76 139 0 980 1 0 0 0 0 25599 100 0 0
SEP
CPU laptop 1745509869 2025/04/24 18:51:09 1 100 12 83 140 0 974 1 0 0 0 0 20886 100 0 0
SEP
CPU laptop 1745509870 2025/04/24 18:51:10 1 100 12 77 134 0 986 0 0 0 0 0 20839 100 0 0
SEP
CPU laptop 1745509871 2025/04/24 18:51:11 1 100 12 137 121 0 907 16 0 1 0 0 22980 100 0 0
SEP
CPU laptop 1745509872 2025/04/24 18:51:12 1 100 12 93 234 0 870 1 0 1 0 0 21077 100 0 0
SEP
CPU laptop 1745509873 2025/04/24 18:51:13 1 100 12 81 136 0 977 0 0 1 0 0 20462 100 0 0
SEP
CPU laptop 1745509874 2025/04/24 18:51:14 1 100 12 74 137 0 986 1 0 0 0 0 19936 100 0 0
SEP
CPU laptop 1745509875 2025/04/24 18:51:15 1 100 12 79 138 0 980 1 0 0 0 0 20466 100 0 0
SEP
CPU laptop 1745509876 2025/04/24 18:51:16 1 100 12 73 133 0 989 2 0 0 0 0 25568 100 0 0
SEP
CPU laptop 1745509877 2025/04/24 18:51:17 1 100 12 143 200 1 823 16 0 1 0 0 47900 100 0 0
SEP
CPU laptop 1745509878 2025/04/24 18:51:18 1 100 12 87 173 0 934 1 0 1 0 0 20466 100 0 0
SEP
CPU laptop 1745509879 2025/04/24 18:51:19 1 100 12 83 139 0 975 1 0 1 0 0 21219 100 0 0
SEP
CPU laptop 1745509880 2025/04/24 18:51:20 1 100 12 76 132 0 988 1 0 0 0 0 21537 100 0 0
SEP
CPU laptop 1745509881 2025/04/24 18:51:21 1 100 12 84 138 0 974 1 0 0 0 0 20365 100 0 0
SEP
CPU laptop 1745509882 2025/04/24 18:51:22 1 100 12 74 134 0 986 2 0 0 0 0 21208 100 0 0
SEP
CPU laptop 1745509883 2025/04/24 18:51:23 1 100 12 156 243 1 769 17 0 1 0 0 47896 100 0 0
SEP
CPU laptop 1745509884 2025/04/24 18:51:24 1 100 12 81 132 0 983 1 0 1 0 0 23540 100 0 0
SEP
CPU laptop 1745509885 2025/04/24 18:51:25 1 100 12 77 132 0 987 0 0 0 0 0 20788 100 0 0
SEP
CPU laptop 1745509886 2025/04/24 18:51:26 1 100 12 80 132 0 986 1 0 0 0 0 20840 100 0 0
SEP
CPU laptop 1745509887 2025/04/24 18:51:27 1 100 12 81 140 0 976 1 0 0 0 0 20134 100 0 0
SEP
CPU laptop 1745509888 2025/04/24 18:51:28 1 100 12 72 133 0 992 0 0 1 0 0 20466 100 0 0
SEP
CPU laptop 1745509889 2025/04/24 18:51:29 1 100 12 159 239 1 770 17 0 0 0 0 22768 100 0 0
SEP
CPU laptop 1745509890 2025/04/24 18:51:30 1 100 12 78 136 0 983 0 0 1 0 0 20815 100 0 0
SEP
CPU laptop 1745509891 2025/04/24 18:51:31 1 100 12 79 134 0 984 1 0 0 0 0 23415 100 0 0
SEP
CPU laptop 1745509892 2025/04/24 18:51:32 1 100 12 77 131 0 989 1 0 0 0 0 22155 100 0 0
SEP
CPU laptop 1745509893 2025/04/24 18:51:33 1 100 12 81 138 0 978 0 0 0 0 0 19789 100 0 0
SEP
CPU laptop 1745509894 2025/04/24 18:51:34 1 100 12 74 132 0 990 2 0 0 0 0 16625 100 0 0
SEP
CPU laptop 1745509895 2025/04/24 18:51:35 1 100 12 151 234 0 780 15 0 2 0 0 27592 100 0 0
SEP
CPU laptop 1745509896 2025/04/24 18:51:36 1 100 12 77 136 0 983 0 0 0 0 0 21406 100 0 0
SEP
CPU laptop 1745509897 2025/04/24 18:51:37 1 100 12 77 139 0 980 1 0 1 0 0 22257 100 0 0
SEP
CPU laptop 1745509898 2025/04/24 18:51:38 1 100 12 74 138 0 984 1 0 0 0 0 23940 100 0 0
SEP
CPU laptop 1745509899 2025/04/24 18:51:39 1 100 12 83 136 0 979 0 0 0 0 0 23430 100 0 0
SEP
CPU laptop 1745509900 2025/04/24 18:51:40 1 100 12 74 131 0 991 2 0 1 0 0 34714 100 0 0
SEP
CPU laptop 1745509901 2025/04/24 18:51:41 1 100 12 154 232 1 782 16 0 0 0 0 20657 100 0 0
SEP
CPU laptop 1745509902 2025/04/24 18:51:42 1 100 12 80 137 0 978 1 0 0 0 0 22721 100 0 0
SEP
CPU laptop 1745509903 2025/04/24 18:51:43 1 100 12 77 134 0 986 1 0 1 0 0 21430 100 0 0
SEP
CPU laptop 1745509904 2025/04/24 18:51:44 1 100 12 76 133 0 988 1 0 0 0 0 21492 100 0 0
SEP
CPU laptop 1745509905 2025/04/24 18:51:45 1 100 12 80 133 0 984 0 0 0 0 0 20962 100 0 0
SEP
CPU laptop 1745509906 2025/04/24 18:51:46 1 100 12 76 135 0 984 1 0 1 0 0 43370 100 0 0
SEP
CPU laptop 1745509907 2025/04/24 18:51:47 1 100 12 144 241 1 786 15 0 1 0 0 22653 100 0 0
SEP
CPU laptop 1745509908 2025/04/24 18:51:48 1 100 12 80 144 0 971 3 0 1 0 0 21239 100 0 0
SEP
CPU laptop 1745509909 2025/04/24 18:51:49 1 100 12 91 156 0 947 1 0 0 0 0 21512 100 0 0
SEP
CPU laptop 1745509910 2025/04/24 18:51:50 1 100 12 77 144 0 975 1 0 0 0 0 19757 100 0 0
SEP
CPU laptop 1745509911 2025/04/24 18:51:51 1 100 12 91 159 0 943 1 0 0 0 0 23295 100 0 0
SEP
CPU laptop 1745509912 2025/04/24 18:51:52 1 100 12 82 125 0 983 5 0 0 0 0 16764 100 0 0
SEP
CPU laptop 1745509913 2025/04/24 18:51:53 1 100 12 142 250 0 782 14 0 1 0 0 24355 100 0 0
SEP
CPU laptop 1745509914 2025/04/24 18:51:54 1 100 12 80 162 0 951 3 0 1 0 0 21356 100 0 0
SEP
CPU laptop 1745509915 2025/04/24 18:51:55 1 100 12 77 132 0 988 1 0 0 0 0 20832 100 0 0
SEP
CPU laptop 1745509916 2025/04/24 18:51:56 1 100 12 86 151 0 958 1 0 1 0 0 20009 100 0 0
SEP
CPU laptop 1745509917 2025/04/24 18:51:57 1 100 12 83 135 0 979 0 0 0 0 0 20247 100 0 0
SEP
CPU laptop 1745509918 2025/04/24 18:51:58 1 100 12 91 125 0 969 6 0 0 0 0 19918 100 0 0
SEP
CPU laptop 1745509919 2025/04/24 18:51:59 1 100 12 132 256 1 789 12 0 0 0 0 23804 100 0 0
SEP
CPU laptop 1745509920 2025/04/24 18:52:00 1 100 12 79 136 0 983 1 0 0 0 0 20086 100 0 0
SEP
CPU laptop 1745509921 2025/04/24 18:52:01 1 100 12 76 134 0 986 1 0 1 0 0 19822 100 0 0
SEP
CPU laptop 1745509922 2025/04/24 18:52:02 1 100 12 77 133 0 987 0 0 0 0 0 20213 100 0 0
SEP
CPU laptop 1745509923 2025/04/24 18:52:03 1 100 12 81 137 0 978 1 0 0 0 0 19764 100 0 0
SEP
CPU laptop 1745509924 2025/04/24 18:52:04 1 100 12 101 128 1 950 13 0 1 0 0 34340 100 0 0
SEP
CPU laptop 1745509925 2025/04/24 18:52:05 1 100 12 125 254 0 806 5 0 0 0 0 20506 100 0 0
SEP
CPU laptop 1745509926 2025/04/24 18:52:06 1 100 12 82 136 0 978 0 0 0 0 0 22701 100 0 0
SEP
CPU laptop 1745509927 2025/04/24 18:52:07 1 100 12 79 134 0 982 1 0 0 0 0 25309 100 0 0
SEP
CPU laptop 1745509928 2025/04/24 18:52:08 1 100 12 75 133 0 988 1 0 0 0 0 22297 100 0 0
SEP
CPU laptop 1745509929 2025/04/24 18:52:09 1 100 12 81 134 0 982 1 0 1 0 0 22641 100 0 0
SEP
CPU laptop 1745509930 2025/04/24 18:52:10 1 100 12 124 131 0 915 16 0 0 0 0 47815 100 0 0
SEP
CPU laptop 1745509931 2025/04/24 18:52:11 1 100 12 105 242 0 845 2 0 0 0 0 21934 100 0 0
SEP
CPU laptop 1745509932 2025/04/24 18:52:12 1 100 12 77 134 0 986 1 0 1 0 0 19750 100 0 0
SEP
CPU laptop 1745509933 2025/04/24 18:52:13 1 100 12 75 131 0 992 0 0 0 0 0 22357 100 0 0
SEP
CPU laptop 1745509934 2025/04/24 18:52:14 1 100 12 81 133 0 982 1 0 0 0 0 22353 100 0 0
SEP
CPU laptop 1745509935 2025/04/24 18:52:15 1 100 12 74 129 0 995 1 0 0 0 0 22951 100 0 0
SEP
CPU laptop 1745509936 2025/04/24 18:52:16 1 100 12 134 123 1 911 18 0 1 0 0 34287 100 0 0
SEP
CPU laptop 1745509937 2025/04/24 18:52:17 1 100 12 99 253 0 840 2 0 0 0 0 20077 100 0 0
SEP
CPU laptop 1745509938 2025/04/24 18:52:18 1 100 12 78 134 0 984 1 0 0 0 0 20783 100 0 0
SEP
CPU laptop 1745509939 2025/04/24 18:52:19 1 100 12 80 136 0 978 2 0 1 0 0 20441 100 0 0
SEP
CPU laptop 1745509940 2025/04/24 18:52:20 1 100 12 82 139 0 976 1 0 0 0 0 20382 100 0 0
SEP
CPU laptop 1745509941 2025/04/24 18:52:21 1 100 12 76 131 0 989 1 0 0 0 0 23374 100 0 0
SEP
CPU laptop 1745509942 2025/04/24 18:52:22 1 100 12 134 121 0 911 16 0 1 0 0 23187 100 0 0
SEP
CPU laptop 1745509943 2025/04/24 18:52:23 1 100 12 93 249 0 853 2 0 1 0 0 20509 100 0 0
SEP
CPU laptop 1745509944 2025/04/24 18:52:24 1 100 12 76 136 0 984 1 0 0 0 0 19761 100 0 0
SEP
CPU laptop 1745509945 2025/04/24 18:52:25 1 100 12 78 136 0 984 1 0 0 0 0 20464 100 0 0
SEP
CPU laptop 1745509946 2025/04/24 18:52:26 1 100 12 88 144 0 962 0 0 0 0 0 20815 100 0 0
SEP
CPU laptop 1745509947 2025/04/24 18:52:27 1 100 12 72 135 0 991 1 0 0 0 0 20461 100 0 0
SEP
CPU laptop 1745509948 2025/04/24 18:52:28 1 100 12 138 120 1 906 16 0 1 0 0 23286 100 0 0
SEP
CPU laptop 1745509949 2025/04/24 18:52:29 1 100 12 95 249 0 853 1 0 0 0 0 21092 100 0 0
SEP
CPU laptop 1745509950 2025/04/24 18:52:30 1 100 12 79 129 0 988 1 0 0 0 0 20778 100 0 0
SEP
CPU laptop 1745509951 2025/04/24 18:52:31 1 100 12 73 131 0 994 0 0 0 0 0 24384 100 0 0
SEP
CPU laptop 1745509952 2025/04/24 18:52:32 1 100 12 81 139 0 976 1 0 0 0 0 20851 100 0 0
SEP
CPU laptop 1745509953 2025/04/24 18:52:33 1 100 12 74 136 0 986 2 0 0 0 0 21346 100 0 0
SEP
CPU laptop 1745509954 2025/04/24 18:52:34 1 100 12 141 127 0 898 17 0 1 0 0 21273 100 0 0
SEP
CPU laptop 1745509955 2025/04/24 18:52:35 1 100 12 93 235 0 868 1 0 0 0 0 22657 100 0 0
SEP
CPU laptop 1745509956 2025/04/24 18:52:36 1 100 12 76 136 0 985 1 0 1 0 0 21857 100 0 0
SEP
CPU laptop 1745509957 2025/04/24 18:52:37 1 100 12 80 135 0 978 3 0 0 0 0 23657 100 0 0
SEP
CPU laptop 1745509958 2025/04/24 18:52:38 1 100 12 78 142 0 978 0 0 1 0 0 20062 100 0 0
SEP
CPU laptop 1745509959 2025/04/24 18:52:39 1 100 12 73 135 0 989 1 0 0 0 0 21198 100 0 0
SEP
CPU laptop 1745509960 2025/04/24 18:52:40 1 100 12 151 119 2 894 17 0 0 0 0 21475 100 0 0
SEP
CPU laptop 1745509961 2025/04/24 18:52:41 1 100 12 94 230 0 873 1 0 1 0 0 23730 100 0 0
SEP
CPU laptop 1745509962 2025/04/24 18:52:42 1 100 12 74 131 0 990 0 0 0 0 0 20446 100 0 0
SEP
CPU laptop 1745509963 2025/04/24 18:52:43 1 100 12 74 135 0 987 1 0 0 0 0 20792 100 0 0
SEP
CPU laptop 1745509964 2025/04/24 18:52:44 1 100 12 84 139 0 974 1 0 0 0 0 22670 100 0 0
SEP
CPU laptop 1745509965 2025/04/24 18:52:45 1 100 12 79 135 0 979 3 0 0 0 0 19760 100 0 0
SEP
CPU laptop 1745509966 2025/04/24 18:52:46 1 100 12 144 149 1 876 17 0 1 0 0 47812 100 0 0
SEP
CPU laptop 1745509967 2025/04/24 18:52:47 1 100 12 88 197 0 910 1 0 0 0 0 21864 100 0 0
SEP
CPU laptop 1745509968 2025/04/24 18:52:48 1 100 12 74 130 0 992 1 0 0 0 0 21166 100 0 0
SEP
CPU laptop 1745509969 2025/04/24 18:52:49 1 100 12 89 150 0 957 2 0 0 0 0 21840 100 0 0
SEP
CPU laptop 1745509970 2025/04/24 18:52:50 1 100 12 91 144 0 960 1 0 0 0 0 23796 100 0 0
SEP
CPU laptop 1745509971 2025/04/24 18:52:51 1 100 12 72 134 0 991 0 0 0 0 0 20137 100 0 0
SEP
CPU laptop 1745509972 2025/04/24 18:52:52 1 100 12 143 149 1 872 18 0 1 0 0 47814 100 0 0
SEP
CPU laptop 1745509973 2025/04/24 18:52:53 1 100 12 88 211 0 898 1 0 0 0 0 19760 100 0 0
SEP
CPU laptop 1745509974 2025/04/24 18:52:54 1 100 12 73 136 0 987 1 0 0 0 0 21167 100 0 0
SEP
CPU laptop 1745509975 2025/04/24 18:52:55 1 100 12 75 134 0 988 1 0 0 0 0 22077 100 0 0
SEP
CPU laptop 1745509976 2025/04/24 18:52:56 1 100 12 80 140 0 975 0 0 1 0 0 20092 100 0 0
SEP
CPU laptop 1745509977 2025/04/24 18:52:57 1 100 12 73 134 0 990 2 0 0 0 0 22670 100 0 0
SEP
CPU laptop 1745509978 2025/04/24 18:52:58 1 100 12 147 245 1 776 15 0 1 0 0 47840 100 0 0
SEP
CPU laptop 1745509979 2025/04/24 18:52:59 1 100 12 84 136 0 976 0 0 0 0 0 20703 100 0 0
SEP
CPU laptop 1745509980 2025/04/24 18:53:00 1 100 12 75 135 0 986 1 0 0 0 0 21978 100 0 0
SEP
CPU laptop 1745509981 2025/04/24 18:53:01 1 100 12 74 136 0 989 1 0 0 0 0 21058 100 0 0
SEP
CPU laptop 1745509982 2025/04/24 18:53:02 1 100 12 80 138 0 978 1 0 0 0 0 21834 100 0 0
SEP
CPU laptop 1745509983 2025/04/24 18:53:03 1 100 12 75 133 0 988 1 0 0 0 0 26351 100 0 0
SEP
CPU laptop 1745509984 2025/04/24 18:53:04 1 100 12 151 237 1 777 18 0 1 0 0 26659 100 0 0
SEP
CPU laptop 1745509985 2025/04/24 18:53:05 1 100 12 82 132 0 983 1 0 0 0 0 23425 100 0 0
SEP
CPU laptop 1745509986 2025/04/24 18:53:06 1 100 12 79 131 0 986 1 0 0 0 0 20067 100 0 0
SEP
CPU laptop 1745509987 2025/04/24 18:53:07 1 100 12 81 138 0 977 0 0 0 0 0 23648 100 0 0
SEP
CPU laptop 1745509988 2025/04/24 18:53:08 1 100 12 83 137 0 976 1 0 1 0 0 20777 100 0 0
SEP
CPU laptop 1745509989 2025/04/24 18:53:09 1 100 12 72 132 0 991 2 0 0 0 0 21145 100 0 0
SEP
CPU laptop 1745509990 2025/04/24 18:53:10 1 100 12 157 231 1 781 15 0 2 0 0 23750 100 0 0
SEP
CPU laptop 1745509991 2025/04/24 18:53:11 1 100 12 77 138 0 982 0 0 0 0 0 19374 100 0 0
SEP
CPU laptop 1745509992 2025/04/24 18:53:12 1 100 12 76 137 0 984 1 0 1 0 0 19756 100 0 0
SEP
CPU laptop 1745509993 2025/04/24 18:53:13 1 100 12 81 143 0 974 1 0 0 0 0 20751 100 0 0
SEP
CPU laptop 1745509994 2025/04/24 18:53:14 1 100 12 82 142 0 972 0 0 0 0 0 23912 100 0 0
SEP
CPU laptop 1745509995 2025/04/24 18:53:15 1 100 12 76 138 0 983 1 0 0 0 0 16969 100 0 0
SEP
CPU laptop 1745509996 2025/04/24 18:53:16 1 100 12 152 232 1 783 17 0 1 0 0 23043 100 0 0
SEP
CPU laptop 1745509997 2025/04/24 18:53:17 1 100 12 79 137 0 981 0 0 0 0 0 22906 100 0 0
SEP
CPU laptop 1745509998 2025/04/24 18:53:18 1 100 12 77 136 0 984 1 0 0 0 0 23225 100 0 0
SEP
CPU laptop 1745509999 2025/04/24 18:53:19 1 100 12 80 134 0 983 1 0 0 0 0 21535 100 0 0
SEP
CPU laptop 1745510000 2025/04/24 18:53:20 1 100 12 79 141 0 975 1 0 0 0 0 19536 100 0 0
SEP
CPU laptop 1745510001 2025/04/24 18:53:21 1 100 12 78 136 0 979 2 0 0 0 0 36794 100 0 0
SEP
CPU laptop 1745510002 2025/04/24 18:53:22 1 100 12 153 267 1 750 16 0 1 0 0 21456 100 0 0
SEP
CPU laptop 1745510003 2025/04/24 18:53:23 1 100 12 80 132 0 985 1 0 0 0 0 19389 100 0 0
SEP
CPU laptop 1745510004 2025/04/24 18:53:24 1 100 12 78 138 0 981 0 0 1 0 0 22416 100 0 0
SEP
CPU laptop 1745510005 2025/04/24 18:53:25 1 100 12 77 132 0 988 1 0 0 0 0 20451 100 0 0
SEP
CPU laptop 1745510006 2025/04/24 18:53:26 1 100 12 83 135 0 978 1 0 0 0 0 22966 100 0 0
SEP
CPU laptop 1745510007 2025/04/24 18:53:27 1 100 12 94 136 0 956 5 0 1 0 0 19735 100 0 0
SEP
CPU laptop 1745510008 2025/04/24 18:53:28 1 100 12 136 249 0 789 12 0 0 0 0 20624 100 0 0
SEP
CPU laptop 1745510009 2025/04/24 18:53:29 1 100 12 76 135 0 986 0 0 0 0 0 20107 100 0 0
SEP
CPU laptop 1745510010 2025/04/24 18:53:30 1 100 12 75 136 0 987 1 0 0 0 0 22035 100 0 0
SEP
CPU laptop 1745510011 2025/04/24 18:53:31 1 100 12 75 135 0 987 1 0 0 0 0 20834 100 0 0
SEP
CPU laptop 1745510012 2025/04/24 18:53:32 1 100 12 80 139 0 977 0 0 0 0 0 21533 100 0 0
SEP
CPU laptop 1745510013 2025/04/24 18:53:33 1 100 12 97 132 1 953 7 0 0 0 0 16709 100 0 0
SEP
CPU laptop 1745510014 2025/04/24 18:53:34 1 100 12 138 254 0 787 9 0 1 0 0 23794 100 0 0
SEP
CPU laptop 1745510015 2025/04/24 18:53:35 1 100 12 79 135 0 983 1 0 0 0 0 23475 100 0 0
SEP
CPU laptop 1745510016 2025/04/24 18:53:36 1 100 12 79 133 0 984 1 0 1 0 0 19462 100 0 0
SEP
CPU laptop 1745510017 2025/04/24 18:53:37 1 100 12 83 141 0 967 5 0 0 0 0 22331 100 0 0
SEP
CPU laptop 1745510018 2025/04/24 18:53:38 1 100 12 81 137 0 978 1 0 1 0 0 19386 100 0 0
SEP
CPU laptop 1745510019 2025/04/24 18:53:39 1 100 12 96 127 1 957 12 0 0 0 0 19396 100 0 0
SEP
CPU laptop 1745510020 2025/04/24 18:53:40 1 100 12 131 256 0 797 6 0 0 0 0 20214 100 0 0
SEP
CPU laptop 1745510021 2025/04/24 18:53:41 1 100 12 78 134 0 982 0 0 0 0 0 20833 100 0 0
SEP
CPU laptop 1745510022 2025/04/24 18:53:42 1 100 12 76 134 0 989 1 0 0 0 0 19594 100 0 0
SEP
CPU laptop 1745510023 2025/04/24 18:53:43 1 100 12 87 144 0 962 1 0 0 0 0 19748 100 0 0
SEP
CPU laptop 1745510024 2025/04/24 18:53:44 1 100 12 80 134 0 983 0 0 0 0 0 22578 100 0 0
SEP
CPU laptop 1745510025 2025/04/24 18:53:45 1 100 12 121 137 1 917 15 0 1 0 0 20709 100 0 0
SEP
CPU laptop 1745510026 2025/04/24 18:53:46 1 100 12 107 232 0 851 3 0 0 0 0 23813 100 0 0
SEP
CPU laptop 1745510027 2025/04/24 18:53:47 1 100 12 78 137 0 979 1 0 0 0 0 23029 100 0 0
SEP
CPU laptop 1745510028 2025/04/24 18:53:48 1 100 12 85 141 0 969 2 0 1 0 0 24884 100 0 0
SEP
CPU laptop 1745510029 2025/04/24 18:53:49 1 100 12 93 161 0 943 1 0 0 0 0 20779 100 0 0
SEP
CPU laptop 1745510030 2025/04/24 18:53:50 1 100 12 81 139 0 976 1 0 0 0 0 21574 100 0 0
SEP
CPU laptop 1745510031 2025/04/24 18:53:51 1 100 12 125 132 1 918 15 0 0 0 0 23962 100 0 0
SEP
CPU laptop 1745510032 2025/04/24 18:53:52 1 100 12 107 241 0 842 2 0 1 0 0 20443 100 0 0
SEP
CPU laptop 1745510033 2025/04/24 18:53:53 1 100 12 78 134 0 984 0 0 0 0 0 19689 100 0 0
SEP
CPU laptop 1745510034 2025/04/24 18:53:54 1 100 12 79 133 0 986 1 0 0 0 0 22500 100 0 0
SEP
CPU laptop 1745510035 2025/04/24 18:53:55 1 100 12 80 139 0 978 1 0 0 0 0 20089 100 0 0
SEP
CPU laptop 1745510036 2025/04/24 18:53:56 1 100 12 81 139 0 976 0 0 0 0 0 20089 100 0 0
SEP
CPU laptop 1745510037 2025/04/24 18:53:57 1 100 12 134 128 1 912 15 0 1 0 0 26003 100 0 0
SEP
CPU laptop 1745510038 2025/04/24 18:53:58 1 100 12 99 256 0 838 1 0 1 0 0 21015 100 0 0
SEP
CPU laptop 1745510039 2025/04/24 18:53:59 1 100 12 77 140 0 979 1 0 0 0 0 20773 100 0 0
SEP
CPU laptop 1745510040 2025/04/24 18:54:00 1 100 12 76 140 0 981 1 0 0 0 0 20771 100 0 0
SEP
CPU laptop 1745510041 2025/04/24 18:54:01 1 100 12 81 141 0 975 1 0 1 0 0 22675 100 0 0
SEP
CPU laptop 1745510042 2025/04/24 18:54:02 1 100 12 71 139 0 988 0 0 0 0 0 23674 100 0 0
SEP
CPU laptop 1745510043 2025/04/24 18:54:03 1 100 12 133 132 0 899 20 0 1 0 0 22157 100 0 0
SEP
CPU laptop 1745510044 2025/04/24 18:54:04 1 100 12 94 246 0 856 1 0 0 0 0 21166 100 0 0
SEP
CPU laptop 1745510045 2025/04/24 18:54:05 1 100 12 78 134 0 984 1 0 0 0 0 21516 100 0 0
SEP
CPU laptop 1745510046 2025/04/24 18:54:06 1 100 12 80 136 0 981 0 0 0 0 0 21343 100 0 0
SEP
CPU laptop 1745510047 2025/04/24 18:54:07 1 100 12 83 148 0 962 6 0 0 0 0 20466 100 0 0
SEP
CPU laptop 1745510048 2025/04/24 18:54:08 1 100 12 73 133 0 989 0 0 1 0 0 20448 100 0 0
SEP
CPU laptop 1745510049 2025/04/24 18:54:09 1 100 12 147 155 1 865 14 0 0 0 0 24416 100 0 0
SEP
CPU laptop 1745510050 2025/04/24 18:54:10 1 100 12 93 244 0 859 0 0 1 0 0 22473 100 0 0
SEP
CPU laptop 1745510051 2025/04/24 18:54:11 1 100 12 76 136 0 984 1 0 0 0 0 20792 100 0 0
SEP
CPU laptop 1745510052 2025/04/24 18:54:12 1 100 12 75 134 0 987 1 0 1 0 0 20563 100 0 0
SEP
CPU laptop 1745510053 2025/04/24 18:54:13 1 100 12 93 136 0 966 1 0 0 0 0 19553 100 0 0
SEP
CPU laptop 1745510054 2025/04/24 18:54:14 1 100 12 75 135 0 986 2 0 0 0 0 19522 100 0 0
SEP
CPU laptop 1745510055 2025/04/24 18:54:15 1 100 12 142 141 1 884 14 0 0 0 0 47892 100 0 0
SEP
CPU laptop 1745510056 2025/04/24 18:54:16 1 100 12 89 210 0 897 1 0 1 0 0 19758 100 0 0
SEP
CPU laptop 1745510057 2025/04/24 18:54:17 1 100 12 77 136 0 984 1 0 0 0 0 22243 100 0 0
SEP
CPU laptop 1745510058 2025/04/24 18:54:18 1 100 12 75 132 0 990 0 0 0 0 0 23063 100 0 0
SEP
CPU laptop 1745510059 2025/04/24 18:54:19 1 100 12 91 156 0 946 1 0 0 0 0 19599 100 0 0
SEP
CPU laptop 1745510060 2025/04/24 18:54:20 1 100 12 73 136 0 985 2 0 1 0 0 20089 100 0 0
SEP
CPU laptop 1745510061 2025/04/24 18:54:21 1 100 12 147 198 1 825 15 0 0 0 0 47896 100 0 0
SEP
CPU laptop 1745510062 2025/04/24 18:54:22 1 100 12 85 170 0 940 1 0 1 0 0 21439 100 0 0
SEP
CPU laptop 1745510063 2025/04/24 18:54:23 1 100 12 76 134 0 985 1 0 0 0 0 20792 100 0 0
SEP
CPU laptop 1745510064 2025/04/24 18:54:24 1 100 12 75 134 0 988 0 0 0 0 0 20792 100 0 0
SEP
CPU laptop 1745510065 2025/04/24 18:54:25 1 100 12 81 139 0 975 1 0 1 0 0 20790 100 0 0
SEP
CPU laptop 1745510066 2025/04/24 18:54:26 1 100 12 74 135 0 987 1 0 0 0 0 23966 100 0 0
SEP
CPU laptop 1745510067 2025/04/24 18:54:27 1 100 12 145 243 1 775 15 0 0 0 0 26963 100 0 0
SEP
CPU laptop 1745510068 2025/04/24 18:54:28 1 100 12 80 137 0 979 1 0 1 0 0 20202 100 0 0
SEP
CPU laptop 1745510069 2025/04/24 18:54:29 1 100 12 77 139 0 980 1 0 1 0 0 20086 100 0 0
SEP
CPU laptop 1745510070 2025/04/24 18:54:30 1 100 12 78 138 0 982 1 0 0 0 0 20719 100 0 0
SEP
CPU laptop 1745510071 2025/04/24 18:54:31 1 100 12 82 144 0 971 0 0 0 0 0 22886 100 0 0
SEP
CPU laptop 1745510072 2025/04/24 18:54:32 1 100 12 74 136 0 986 2 0 0 0 0 20319 100 0 0
SEP
CPU laptop 1745510073 2025/04/24 18:54:33 1 100 12 150 237 1 777 16 0 1 0 0 23622 100 0 0
SEP
CPU laptop 1745510074 2025/04/24 18:54:34 1 100 12 78 136 0 982 0 0 0 0 0 23052 100 0 0
SEP
CPU laptop 1745510075 2025/04/24 18:54:35 1 100 12 77 136 0 977 7 0 0 0 0 24446 100 0 0
SEP
CPU laptop 1745510076 2025/04/24 18:54:36 1 100 12 77 133 0 988 0 0 0 0 0 22998 100 0 0
SEP
CPU laptop 1745510077 2025/04/24 18:54:37 1 100 12 132 151 0 911 1 0 0 0 0 24370 100 0 0
SEP
CPU laptop 1745510078 2025/04/24 18:54:38 1 100 12 76 131 0 990 1 0 0 0 0 22008 100 0 0
SEP
CPU laptop 1745510079 2025/04/24 18:54:39 1 100 12 168 250 0 750 14 0 1 0 0 21571 100 0 0
SEP
CPU laptop 1745510080 2025/04/24 18:54:40 1 100 12 82 135 0 979 0 0 0 0 0 26460 100 0 0
SEP
CPU laptop 1745510081 2025/04/24 18:54:41 1 100 12 81 136 0 981 1 0 0 0 0 21918 100 0 0
SEP
CPU laptop 1745510082 2025/04/24 18:54:42 1 100 12 80 139 0 978 1 0 0 0 0 20089 100 0 0
SEP
CPU laptop 1745510083 2025/04/24 18:54:43 1 100 12 90 147 0 957 0 0 1 0 0 20437 100 0 0
SEP
CPU laptop 1745510084 2025/04/24 18:54:44 1 100 12 77 135 0 980 6 0 0 0 0 41874 100 0 0
SEP
CPU laptop 1745510085 2025/04/24 18:54:45 1 100 12 152 243 1 771 17 0 0 0 0 19747 100 0 0
SEP
CPU laptop 1745510086 2025/04/24 18:54:46 1 100 12 79 140 0 976 2 0 0 0 0 19896 100 0 0
SEP
CPU laptop 1745510087 2025/04/24 18:54:47 1 100 12 78 136 0 983 1 0 0 0 0 20470 100 0 0
SEP
CPU laptop 1745510088 2025/04/24 18:54:48 1 100 12 79 135 0 983 1 0 0 0 0 19367 100 0 0
SEP
CPU laptop 1745510089 2025/04/24 18:54:49 1 100 12 97 164 0 931 3 0 0 0 0 25314 100 0 0
SEP
CPU laptop 1745510090 2025/04/24 18:54:50 1 100 12 97 146 0 949 4 0 1 0 0 18032 100 0 0
SEP
CPU laptop 1745510091 2025/04/24 18:54:51 1 100 12 152 244 1 772 15 0 1 0 0 20421 100 0 0
SEP
CPU laptop 1745510092 2025/04/24 18:54:52 1 100 12 78 139 0 980 1 0 0 0 0 23367 100 0 0
SEP
CPU laptop 1745510093 2025/04/24 18:54:53 1 100 12 79 132 0 985 1 0 1 0 0 20776 100 0 0
SEP
CPU laptop 1745510094 2025/04/24 18:54:54 1 100 12 81 134 0 982 1 0 0 0 0 20538 100 0 0
SEP
CPU laptop 1745510095 2025/04/24 18:54:55 1 100 12 95 150 0 951 0 0 0 0 0 20442 100 0 0
SEP
CPU laptop 1745510096 2025/04/24 18:54:56 1 100 12 83 131 0 976 5 0 0 0 0 17122 100 0 0
SEP
CPU laptop 1745510097 2025/04/24 18:54:57 1 100 12 139 248 1 790 12 0 1 0 0 22355 100 0 0
SEP
CPU laptop 1745510098 2025/04/24 18:54:58 1 100 12 78 134 0 984 1 0 0 0 0 20107 100 0 0
SEP
CPU laptop 1745510099 2025/04/24 18:54:59 1 100 12 80 137 0 981 1 0 1 0 0 22571 100 0 0
SEP
CPU laptop 1745510100 2025/04/24 18:55:00 1 100 12 85 143 0 967 0 0 0 0 0 20466 100 0 0
SEP
CPU laptop 1745510101 2025/04/24 18:55:01 1 100 12 81 140 0 976 1 0 0 0 0 20137 100 0 0
SEP
CPU laptop 1745510102 2025/04/24 18:55:02 1 100 12 94 133 0 957 8 0 1 0 0 20117 100 0 0
SEP
CPU laptop 1745510103 2025/04/24 18:55:03 1 100 12 130 252 0 795 11 0 0 0 0 20451 100 0 0
SEP
CPU laptop 1745510104 2025/04/24 18:55:04 1 100 12 78 139 0 980 0 0 0 0 0 20506 100 0 0
SEP
CPU laptop 1745510105 2025/04/24 18:55:05 1 100 12 86 142 0 969 1 0 0 0 0 23470 100 0 0
SEP
CPU laptop 1745510106 2025/04/24 18:55:06 1 100 12 77 137 0 981 1 0 0 0 0 20833 100 0 0
SEP
CPU laptop 1745510107 2025/04/24 18:55:07 1 100 12 91 137 0 965 3 0 0 0 0 22783 100 0 0
SEP
CPU laptop 1745510108 2025/04/24 18:55:08 1 100 12 103 126 1 947 12 0 2 0 0 16764 100 0 0
SEP
CPU laptop 1745510109 2025/04/24 18:55:09 1 100 12 138 260 0 786 5 0 2 0 0 25408 100 0 0
SEP
CPU laptop 1745510110 2025/04/24 18:55:10 1 100 12 94 177 0 923 0 0 0 0 0 24171 100 0 0
SEP
CPU laptop 1745510111 2025/04/24 18:55:11 1 100 12 79 137 0 981 1 0 0 0 0 21146 100 0 0
SEP
CPU laptop 1745510112 2025/04/24 18:55:12 1 100 12 75 138 0 984 1 0 0 0 0 20228 100 0 0
SEP
CPU laptop 1745510113 2025/04/24 18:55:13 1 100 12 84 135 0 977 0 0 0 0 0 20466 100 0 0
SEP
CPU laptop 1745510114 2025/04/24 18:55:14 1 100 12 97 115 1 966 10 0 1 0 0 16791 100 0 0
SEP
CPU laptop 1745510115 2025/04/24 18:55:15 1 100 12 73 38 0 1085 1 0 0 0 0 16970 100 0 0
SEP
CPU laptop 1745510116 2025/04/24 18:55:16 1 100 12 76 41 0 1079 1 0 0 0 0 17497 100 0 0
SEP
CPU laptop 1745510117 2025/04/24 18:55:17 1 100 12 87 44 0 1065 1 0 0 0 0 20028 100 0 0
SEP
CPU laptop 1745510118 2025/04/24 18:55:18 1 100 12 76 39 0 1082 0 0 0 0 0 16781 100 0 0
SEP
CPU laptop 1745510119 2025/04/24 18:55:19 1 100 12 78 39 0 1077 2 0 1 0 0 18194 100 0 0
SEP
CPU laptop 1745510120 2025/04/24 18:55:20 1 100 12 72 37 0 1087 1 0 0 0 0 18449 100 0 0
SEP
CPU laptop 1745510121 2025/04/24 18:55:21 1 100 12 73 36 0 1089 1 0 0 0 0 17494 100 0 0
SEP
CPU laptop 1745510122 2025/04/24 18:55:22 1 100 12 72 37 0 1088 1 0 1 0 0 17494 100 0 0
SEP
CPU laptop 1745510123 2025/04/24 18:55:23 1 100 12 73 37 0 1088 0 0 0 0 0 17568 100 0 0
SEP
