6311 
6000 
6005 
6163 
6000 
6003 
5973 
5986 
6011 
5980 
5948 
5922 
5950 
5947 
6041 
5973 
6032 
5961 
6014 
5865 
5996 
5967 
5984 
5943 
5947 
5987 
5995 
5960 
5932 
5920 
5926 
5867 
5923 
5943 
5934 
5887 
5992 
5927 
5939 
5932 
5933 
5918 
5968 
5931 
5965 
5922 
5925 
5932 
5909 
5991 
5924 
5898 
5923 
6066 
5938 
9540 
5971 
5912 
5891 
5894 
5913 
5912 
5926 
5983 
5941 
5930 
5923 
5883 
5871 
5963 
5924 
5956 
5970 
5932 
5963 
5986 
5923 
5915 
5932 
5935 
5963 
5882 
5971 
5910 
5905 
5982 
5915 
5886 
5938 
5947 
5953 
5923 
5906 
5939 
5950 
5923 
5965 
5896 
5928 
5963 
