RESET
CPU laptop 1745517712 2025/04/24 21:01:52 639282 100 12 3547532 6520457 71213 155631240 269264 0 78469 0 0 29392 100 0 0
SEP
CPU laptop 1745517713 2025/04/24 21:01:53 1 100 12 82 41 0 1067 0 0 0 0 0 26726 100 0 0
SEP
CPU laptop 1745517714 2025/04/24 21:01:54 1 100 12 85 38 0 1067 1 0 1 0 0 22320 100 0 0
SEP
CPU laptop 1745517715 2025/04/24 21:01:55 1 100 12 70 16 0 1109 2 0 0 0 0 19879 100 0 0
SEP
CPU laptop 1745517716 2025/04/24 21:01:56 1 100 12 83 16 0 1097 1 0 0 0 0 23101 100 0 0
SEP
CPU laptop 1745517717 2025/04/24 21:01:57 1 100 12 70 16 0 1111 1 0 0 0 0 20980 100 0 0
SEP
CPU laptop 1745517718 2025/04/24 21:01:58 1 100 12 72 13 0 1112 0 0 0 0 0 21135 100 0 0
SEP
CPU laptop 1745517719 2025/04/24 21:01:59 1 100 12 71 17 1 1108 2 0 0 0 0 24507 100 0 0
SEP
CPU laptop 1745517720 2025/04/24 21:02:00 1 100 12 82 16 89 1009 1 0 1 0 0 26376 100 0 0
SEP
CPU laptop 1745517721 2025/04/24 21:02:01 1 100 12 76 17 94 1009 1 0 0 0 0 26627 100 0 0
SEP
CPU laptop 1745517722 2025/04/24 21:02:02 1 100 12 82 14 91 1011 0 0 0 0 0 26152 100 0 0
SEP
CPU laptop 1745517723 2025/04/24 21:02:03 1 100 12 186 208 81 681 25 0 2 0 0 43373 100 0 0
SEP
CPU laptop 1745517724 2025/04/24 21:02:04 1 100 12 185 172 75 726 19 0 2 0 0 34470 100 0 0
SEP
CPU laptop 1745517725 2025/04/24 21:02:05 1 100 12 204 295 47 621 15 0 1 0 0 32398 100 0 0
SEP
CPU laptop 1745517726 2025/04/24 21:02:06 1 100 12 211 198 7 735 27 0 1 0 0 27463 100 0 0
SEP
CPU laptop 1745517727 2025/04/24 21:02:07 1 100 12 156 169 1 828 21 0 1 0 0 27043 100 0 0
SEP
CPU laptop 1745517728 2025/04/24 21:02:08 1 100 12 148 265 1 746 18 0 1 0 0 23460 100 0 0
SEP
CPU laptop 1745517729 2025/04/24 21:02:09 1 100 12 163 183 2 801 29 0 1 0 0 24068 100 0 0
SEP
CPU laptop 1745517730 2025/04/24 21:02:10 1 100 12 150 204 0 804 18 0 1 0 0 47816 100 0 0
SEP
CPU laptop 1745517731 2025/04/24 21:02:11 1 100 12 145 308 1 704 18 0 1 0 0 23413 100 0 0
SEP
CPU laptop 1745517732 2025/04/24 21:02:12 1 100 12 161 191 2 794 28 0 1 0 0 38675 100 0 0
SEP
CPU laptop 1745517733 2025/04/24 21:02:13 1 100 12 156 231 0 782 18 0 1 0 0 47728 100 0 0
SEP
CPU laptop 1745517734 2025/04/24 21:02:14 1 100 12 151 236 1 768 22 0 1 0 0 23450 100 0 0
SEP
CPU laptop 1745517735 2025/04/24 21:02:15 1 100 12 160 186 2 808 27 0 1 0 0 33730 100 0 0
SEP
CPU laptop 1745517736 2025/04/24 21:02:16 1 100 12 148 263 1 750 18 0 1 0 0 27860 100 0 0
SEP
CPU laptop 1745517737 2025/04/24 21:02:17 1 100 12 163 200 1 790 25 0 1 0 0 27547 100 0 0
SEP
CPU laptop 1745517738 2025/04/24 21:02:18 1 100 12 160 186 1 812 20 0 0 0 0 30608 100 0 0
SEP
CPU laptop 1745517739 2025/04/24 21:02:19 1 100 12 145 266 1 753 19 0 2 0 0 47814 100 0 0
SEP
CPU laptop 1745517740 2025/04/24 21:02:20 1 100 12 161 176 1 809 28 0 1 0 0 23476 100 0 0
SEP
CPU laptop 1745517741 2025/04/24 21:02:21 1 100 12 158 189 1 810 20 0 1 0 0 34879 100 0 0
SEP
CPU laptop 1745517742 2025/04/24 21:02:22 1 100 12 148 265 1 750 17 0 1 0 0 33580 100 0 0
SEP
CPU laptop 1745517743 2025/04/24 21:02:23 1 100 12 162 184 2 799 28 0 1 0 0 29105 100 0 0
SEP
CPU laptop 1745517744 2025/04/24 21:02:24 1 100 12 156 173 1 832 20 0 1 0 0 28028 100 0 0
SEP
CPU laptop 1745517745 2025/04/24 21:02:25 1 100 12 146 306 1 711 18 0 2 0 0 23684 100 0 0
SEP
CPU laptop 1745517746 2025/04/24 21:02:26 1 100 12 176 194 1 782 26 0 2 0 0 31120 100 0 0
SEP
CPU laptop 1745517747 2025/04/24 21:02:27 1 100 12 151 160 1 842 22 0 2 0 0 27091 100 0 0
SEP
CPU laptop 1745517748 2025/04/24 21:02:28 1 100 12 148 256 1 754 17 0 1 0 0 23763 100 0 0
SEP
CPU laptop 1745517749 2025/04/24 21:02:29 1 100 12 161 197 1 789 30 0 1 0 0 27903 100 0 0
SEP
CPU laptop 1745517750 2025/04/24 21:02:30 1 100 12 152 202 1 805 20 0 2 0 0 23552 100 0 0
SEP
CPU laptop 1745517751 2025/04/24 21:02:31 1 100 12 152 267 1 742 18 0 1 0 0 23459 100 0 0
SEP
CPU laptop 1745517752 2025/04/24 21:02:32 1 100 12 164 190 2 793 29 0 1 0 0 40384 100 0 0
SEP
CPU laptop 1745517753 2025/04/24 21:02:33 1 100 12 152 219 1 795 16 0 1 0 0 47900 100 0 0
SEP
CPU laptop 1745517754 2025/04/24 21:02:34 1 100 12 142 267 0 753 19 0 1 0 0 24577 100 0 0
SEP
CPU laptop 1745517755 2025/04/24 21:02:35 1 100 12 166 188 2 795 28 0 3 0 0 22493 100 0 0
SEP
CPU laptop 1745517756 2025/04/24 21:02:36 1 100 12 152 169 1 840 19 0 0 0 0 23055 100 0 0
SEP
CPU laptop 1745517757 2025/04/24 21:02:37 1 100 12 147 245 1 759 24 0 1 0 0 20793 100 0 0
SEP
CPU laptop 1745517758 2025/04/24 21:02:38 1 100 12 153 193 0 806 25 0 1 0 0 32859 100 0 0
SEP
CPU laptop 1745517759 2025/04/24 21:02:39 1 100 12 158 242 1 764 17 0 0 0 0 29252 100 0 0
SEP
CPU laptop 1745517760 2025/04/24 21:02:40 1 100 12 156 287 1 719 20 0 1 0 0 23456 100 0 0
SEP
CPU laptop 1745517761 2025/04/24 21:02:41 1 100 12 163 183 1 805 29 0 1 0 0 44405 100 0 0
SEP
CPU laptop 1745517762 2025/04/24 21:02:42 1 100 12 150 175 2 832 20 0 1 0 0 25902 100 0 0
SEP
CPU laptop 1745517763 2025/04/24 21:02:43 1 100 12 152 256 0 754 19 0 1 0 0 23458 100 0 0
SEP
CPU laptop 1745517764 2025/04/24 21:02:44 1 100 12 155 191 2 800 31 0 3 0 0 36655 100 0 0
SEP
CPU laptop 1745517765 2025/04/24 21:02:45 1 100 12 146 221 1 794 17 0 1 0 0 26969 100 0 0
SEP
CPU laptop 1745517766 2025/04/24 21:02:46 1 100 12 153 243 1 761 18 0 1 0 0 23083 100 0 0
SEP
CPU laptop 1745517767 2025/04/24 21:02:47 1 100 12 169 189 1 792 30 0 1 0 0 34605 100 0 0
SEP
CPU laptop 1745517768 2025/04/24 21:02:48 1 100 12 149 170 1 838 18 0 1 0 0 23424 100 0 0
SEP
CPU laptop 1745517769 2025/04/24 21:02:49 1 100 12 152 243 1 762 18 0 1 0 0 23462 100 0 0
SEP
CPU laptop 1745517770 2025/04/24 21:02:50 1 100 12 176 206 1 766 29 0 1 0 0 38032 100 0 0
SEP
CPU laptop 1745517771 2025/04/24 21:02:51 1 100 12 153 203 1 807 16 0 1 0 0 28380 100 0 0
SEP
CPU laptop 1745517772 2025/04/24 21:02:52 1 100 12 157 253 1 749 23 0 1 0 0 23426 100 0 0
SEP
CPU laptop 1745517773 2025/04/24 21:02:53 1 100 12 170 190 1 788 27 0 1 0 0 28963 100 0 0
SEP
CPU laptop 1745517774 2025/04/24 21:02:54 1 100 12 155 222 0 787 17 0 1 0 0 47772 100 0 0
SEP
CPU laptop 1745517775 2025/04/24 21:02:55 1 100 12 151 223 1 781 23 0 2 0 0 28523 100 0 0
SEP
CPU laptop 1745517776 2025/04/24 21:02:56 1 100 12 168 183 1 802 23 0 2 0 0 23411 100 0 0
SEP
CPU laptop 1745517777 2025/04/24 21:02:57 1 100 12 143 264 1 755 17 0 0 0 0 27861 100 0 0
SEP
CPU laptop 1745517778 2025/04/24 21:02:58 1 100 12 151 226 1 779 21 0 1 0 0 25501 100 0 0
SEP
CPU laptop 1745517779 2025/04/24 21:02:59 1 100 12 157 185 0 810 29 0 0 0 0 27890 100 0 0
SEP
CPU laptop 1745517780 2025/04/24 21:03:00 1 100 12 155 179 1 828 18 0 1 0 0 38900 100 0 0
SEP
CPU laptop 1745517781 2025/04/24 21:03:01 1 100 12 161 239 1 757 22 0 1 0 0 23458 100 0 0
SEP
CPU laptop 1745517782 2025/04/24 21:03:02 1 100 12 162 189 1 801 25 0 1 0 0 34493 100 0 0
SEP
CPU laptop 1745517783 2025/04/24 21:03:03 1 100 12 148 269 2 746 17 0 1 0 0 45237 100 0 0
SEP
CPU laptop 1745517784 2025/04/24 21:03:04 1 100 12 154 181 1 815 26 0 2 0 0 27896 100 0 0
SEP
CPU laptop 1745517785 2025/04/24 21:03:05 1 100 12 156 181 1 815 21 0 1 0 0 27545 100 0 0
SEP
CPU laptop 1745517786 2025/04/24 21:03:06 1 100 12 147 262 1 758 18 0 0 0 0 24226 100 0 0
SEP
CPU laptop 1745517787 2025/04/24 21:03:07 1 100 12 162 187 1 799 28 0 2 0 0 34530 100 0 0
SEP
CPU laptop 1745517788 2025/04/24 21:03:08 1 100 12 154 179 1 819 20 0 1 0 0 30441 100 0 0
SEP
CPU laptop 1745517789 2025/04/24 21:03:09 1 100 12 155 264 0 743 17 0 0 0 0 35093 100 0 0
SEP
CPU laptop 1745517790 2025/04/24 21:03:10 1 100 12 162 185 2 797 30 0 1 0 0 28104 100 0 0
SEP
CPU laptop 1745517791 2025/04/24 21:03:11 1 100 12 152 159 1 847 19 0 0 0 0 26755 100 0 0
SEP
CPU laptop 1745517792 2025/04/24 21:03:12 1 100 12 151 283 0 730 17 0 1 0 0 23450 100 0 0
SEP
CPU laptop 1745517793 2025/04/24 21:03:13 1 100 12 170 186 1 791 29 0 2 0 0 31163 100 0 0
SEP
CPU laptop 1745517794 2025/04/24 21:03:14 1 100 12 148 199 1 809 19 0 1 0 0 27828 100 0 0
SEP
CPU laptop 1745517795 2025/04/24 21:03:15 1 100 12 147 261 1 753 19 0 1 0 0 34511 100 0 0
SEP
CPU laptop 1745517796 2025/04/24 21:03:16 1 100 12 166 192 2 791 29 0 0 0 0 43434 100 0 0
SEP
CPU laptop 1745517797 2025/04/24 21:03:17 1 100 12 116 168 0 895 7 0 1 0 0 19389 100 0 0
SEP
CPU laptop 1745517798 2025/04/24 21:03:18 1 100 12 73 16 0 1108 1 0 0 0 0 23612 100 0 0
SEP
CPU laptop 1745517799 2025/04/24 21:03:19 1 100 12 72 16 0 1109 0 0 0 0 0 19424 100 0 0
SEP
CPU laptop 1745517800 2025/04/24 21:03:20 1 100 12 74 15 0 1106 1 0 0 0 0 23732 100 0 0
SEP
CPU laptop 1745517801 2025/04/24 21:03:21 1 100 12 82 18 0 1096 1 0 0 0 0 19761 100 0 0
SEP
CPU laptop 1745517802 2025/04/24 21:03:22 1 100 12 72 41 0 1082 2 0 0 0 0 19386 100 0 0
SEP
CPU laptop 1745517803 2025/04/24 21:03:23 1 100 12 69 19 0 1110 1 0 0 0 0 20884 100 0 0
SEP
CPU laptop 1745517804 2025/04/24 21:03:24 1 100 12 71 15 0 1111 1 0 0 0 0 20451 100 0 0
SEP
CPU laptop 1745517805 2025/04/24 21:03:25 1 100 12 68 17 0 1111 0 0 0 0 0 19386 100 0 0
SEP
CPU laptop 1745517806 2025/04/24 21:03:26 1 100 12 69 15 0 1113 1 0 0 0 0 21829 100 0 0
SEP
