799 
739 
813 
762 
712 
739 
761 
726 
700 
723 
779 
770 
696 
729 
762 
741 
713 
738 
731 
721 
762 
766 
739 
717 
752 
718 
748 
714 
730 
734 
804 
724 
739 
776 
712 
724 
767 
765 
709 
676 
733 
752 
835 
728 
747 
734 
739 
734 
745 
819 
723 
750 
760 
780 
706 
747 
760 
734 
733 
738 
741 
783 
763 
716 
768 
771 
702 
722 
721 
719 
738 
729 
738 
768 
795 
764 
760 
740 
751 
685 
688 
744 
748 
746 
741 
762 
732 
768 
734 
733 
716 
732 
748 
771 
708 
792 
747 
723 
722 
752 
