               total        used        free      shared  buff/cache   available
Mem:           14514        4186         877         153        9450        9836
Swap:           2147           3        2144
Total:         16662        4190        3021

               total        used        free      shared  buff/cache   available
Mem:           14514        4189         874         153        9450        9834
Swap:           2147           3        2144
Total:         16662        4192        3018

               total        used        free      shared  buff/cache   available
Mem:           14514        4191         874         151        9448        9833
Swap:           2147           3        2144
Total:         16662        4195        3018

               total        used        free      shared  buff/cache   available
Mem:           14514        4191         874         151        9448        9833
Swap:           2147           3        2144
Total:         16662        4195        3018

               total        used        free      shared  buff/cache   available
Mem:           14514        4216         849         151        9448        9809
Swap:           2147           3        2144
Total:         16662        4219        2993

               total        used        free      shared  buff/cache   available
Mem:           14514        4213         853         151        9448        9812
Swap:           2147           3        2144
Total:         16662        4216        2997

               total        used        free      shared  buff/cache   available
Mem:           14514        4209         857         151        9448        9816
Swap:           2147           3        2144
Total:         16662        4212        3001

               total        used        free      shared  buff/cache   available
Mem:           14514        4202         863         151        9448        9822
Swap:           2147           3        2144
Total:         16662        4206        3007

               total        used        free      shared  buff/cache   available
Mem:           14514        4279         786         151        9448        9745
Swap:           2147           3        2144
Total:         16662        4282        2930

               total        used        free      shared  buff/cache   available
Mem:           14514        4287         779         151        9448        9738
Swap:           2147           3        2144
Total:         16662        4290        2923

               total        used        free      shared  buff/cache   available
Mem:           14514        4357         708         151        9448        9667
Swap:           2147           3        2144
Total:         16662        4361        2852

               total        used        free      shared  buff/cache   available
Mem:           14514        4506         559         151        9448        9518
Swap:           2147           3        2144
Total:         16662        4510        2703

               total        used        free      shared  buff/cache   available
Mem:           14514        4545         517         153        9451        9477
Swap:           2147           3        2144
Total:         16662        4548        2662

               total        used        free      shared  buff/cache   available
Mem:           14514        4354         706         153        9453        9668
Swap:           2147           3        2144
Total:         16662        4357        2850

               total        used        free      shared  buff/cache   available
Mem:           14514        4387         677         151        9450        9638
Swap:           2147           3        2144
Total:         16662        4390        2821

               total        used        free      shared  buff/cache   available
Mem:           14514        4429         631         154        9454        9593
Swap:           2147           3        2144
Total:         16662        4432        2775

               total        used        free      shared  buff/cache   available
Mem:           14514        4387         672         154        9455        9635
Swap:           2147           3        2144
Total:         16662        4390        2816

               total        used        free      shared  buff/cache   available
Mem:           14514        4381         678         154        9454        9640
Swap:           2147           3        2144
Total:         16662        4385        2822

               total        used        free      shared  buff/cache   available
Mem:           14514        4366         695         151        9451        9658
Swap:           2147           3        2144
Total:         16662        4370        2840

               total        used        free      shared  buff/cache   available
Mem:           14514        4385         677         151        9452        9640
Swap:           2147           3        2144
Total:         16662        4388        2821

               total        used        free      shared  buff/cache   available
Mem:           14514        4350         712         151        9451        9675
Swap:           2147           3        2144
Total:         16662        4353        2856

               total        used        free      shared  buff/cache   available
Mem:           14514        4370         692         151        9452        9655
Swap:           2147           3        2144
Total:         16662        4373        2836

               total        used        free      shared  buff/cache   available
Mem:           14514        4328         734         151        9451        9696
Swap:           2147           3        2144
Total:         16662        4332        2878

               total        used        free      shared  buff/cache   available
Mem:           14514        4332         730         151        9451        9692
Swap:           2147           3        2144
Total:         16662        4336        2874

               total        used        free      shared  buff/cache   available
Mem:           14514        4347         713         151        9452        9677
Swap:           2147           3        2144
Total:         16662        4351        2857

               total        used        free      shared  buff/cache   available
Mem:           14514        4324         738         151        9452        9701
Swap:           2147           3        2144
Total:         16662        4327        2882

               total        used        free      shared  buff/cache   available
Mem:           14514        4293         769         151        9452        9732
Swap:           2147           3        2144
Total:         16662        4296        2913

               total        used        free      shared  buff/cache   available
Mem:           14514        4335         725         151        9453        9689
Swap:           2147           3        2144
Total:         16662        4339        2869

               total        used        free      shared  buff/cache   available
Mem:           14514        4278         784         151        9452        9747
Swap:           2147           3        2144
Total:         16662        4281        2928

               total        used        free      shared  buff/cache   available
Mem:           14514        4255         806         151        9452        9769
Swap:           2147           3        2144
Total:         16662        4259        2950

               total        used        free      shared  buff/cache   available
Mem:           14514        4278         781         151        9453        9746
Swap:           2147           3        2144
Total:         16662        4282        2926

               total        used        free      shared  buff/cache   available
Mem:           14514        4281         780         151        9452        9743
Swap:           2147           3        2144
Total:         16662        4284        2924

               total        used        free      shared  buff/cache   available
Mem:           14514        4289         772         151        9453        9736
Swap:           2147           3        2144
Total:         16662        4292        2916

               total        used        free      shared  buff/cache   available
Mem:           14514        4257         802         151        9454        9767
Swap:           2147           3        2144
Total:         16662        4261        2946

               total        used        free      shared  buff/cache   available
Mem:           14514        4277         783         151        9453        9747
Swap:           2147           3        2144
Total:         16662        4281        2927

               total        used        free      shared  buff/cache   available
Mem:           14514        4288         772         151        9453        9737
Swap:           2147           3        2144
Total:         16662        4291        2916

               total        used        free      shared  buff/cache   available
Mem:           14514        4272         787         151        9454        9753
Swap:           2147           3        2144
Total:         16662        4275        2931

               total        used        free      shared  buff/cache   available
Mem:           14514        4300         760         151        9453        9724
Swap:           2147           3        2144
Total:         16662        4303        2904

               total        used        free      shared  buff/cache   available
Mem:           14514        4258         801         151        9454        9766
Swap:           2147           3        2144
Total:         16662        4262        2945

               total        used        free      shared  buff/cache   available
Mem:           14514        4239         820         151        9454        9785
Swap:           2147           3        2144
Total:         16662        4242        2964

               total        used        free      shared  buff/cache   available
Mem:           14514        4266         794         151        9454        9758
Swap:           2147           3        2144
Total:         16662        4269        2938

               total        used        free      shared  buff/cache   available
Mem:           14514        4274         785         151        9455        9751
Swap:           2147           3        2144
Total:         16662        4277        2929

               total        used        free      shared  buff/cache   available
Mem:           14514        4287         772         151        9455        9738
Swap:           2147           3        2144
Total:         16662        4290        2916

               total        used        free      shared  buff/cache   available
Mem:           14514        4246         813         151        9454        9778
Swap:           2147           3        2144
Total:         16662        4249        2957

               total        used        free      shared  buff/cache   available
Mem:           14514        4306         752         151        9455        9718
Swap:           2147           3        2144
Total:         16662        4310        2896

               total        used        free      shared  buff/cache   available
Mem:           14514        4293         762         154        9458        9728
Swap:           2147           3        2144
Total:         16662        4297        2906

               total        used        free      shared  buff/cache   available
Mem:           14514        4305         750         154        9458        9716
Swap:           2147           3        2144
Total:         16662        4309        2894

               total        used        free      shared  buff/cache   available
Mem:           14514        4350         706         153        9457        9673
Swap:           2147           3        2144
Total:         16662        4353        2850

               total        used        free      shared  buff/cache   available
Mem:           14514        4293         766         149        9454        9733
Swap:           2147           3        2144
Total:         16662        4296        2910

               total        used        free      shared  buff/cache   available
Mem:           14514        4290         769         149        9454        9736
Swap:           2147           3        2144
Total:         16662        4294        2913

               total        used        free      shared  buff/cache   available
Mem:           14514        4295         764         149        9454        9731
Swap:           2147           3        2144
Total:         16662        4298        2908

               total        used        free      shared  buff/cache   available
Mem:           14514        4272         786         149        9455        9754
Swap:           2147           3        2144
Total:         16662        4275        2930

               total        used        free      shared  buff/cache   available
Mem:           14514        4252         807         149        9454        9774
Swap:           2147           3        2144
Total:         16662        4255        2951

               total        used        free      shared  buff/cache   available
Mem:           14514        4273         785         149        9455        9753
Swap:           2147           3        2144
Total:         16662        4277        2929

               total        used        free      shared  buff/cache   available
Mem:           14514        4305         753         149        9455        9721
Swap:           2147           3        2144
Total:         16662        4308        2898

               total        used        free      shared  buff/cache   available
Mem:           14514        4300         758         149        9454        9726
Swap:           2147           3        2144
Total:         16662        4304        2902

               total        used        free      shared  buff/cache   available
Mem:           14514        4314         744         149        9455        9712
Swap:           2147           3        2144
Total:         16662        4317        2888

               total        used        free      shared  buff/cache   available
Mem:           14514        4310         748         149        9456        9716
Swap:           2147           3        2144
Total:         16662        4314        2892

               total        used        free      shared  buff/cache   available
Mem:           14514        4299         760         149        9455        9727
Swap:           2147           3        2144
Total:         16662        4302        2904

               total        used        free      shared  buff/cache   available
Mem:           14514        4311         747         149        9455        9715
Swap:           2147           3        2144
Total:         16662        4314        2891

               total        used        free      shared  buff/cache   available
Mem:           14514        4303         754         149        9456        9723
Swap:           2147           3        2144
Total:         16662        4307        2898

               total        used        free      shared  buff/cache   available
Mem:           14514        4346         712         149        9455        9680
Swap:           2147           3        2144
Total:         16662        4350        2856

               total        used        free      shared  buff/cache   available
Mem:           14514        4369         688         149        9456        9656
Swap:           2147           3        2144
Total:         16662        4373        2832

               total        used        free      shared  buff/cache   available
Mem:           14514        4333         725         149        9455        9693
Swap:           2147           3        2144
Total:         16662        4336        2869

               total        used        free      shared  buff/cache   available
Mem:           14514        4327         730         149        9456        9698
Swap:           2147           3        2144
Total:         16662        4331        2874

               total        used        free      shared  buff/cache   available
Mem:           14514        4328         728         150        9457        9698
Swap:           2147           3        2144
Total:         16662        4332        2872

               total        used        free      shared  buff/cache   available
Mem:           14514        4317         740         149        9456        9709
Swap:           2147           3        2144
Total:         16662        4321        2884

               total        used        free      shared  buff/cache   available
Mem:           14514        4317         741         149        9456        9709
Swap:           2147           3        2144
Total:         16662        4320        2885

               total        used        free      shared  buff/cache   available
Mem:           14514        4321         736         150        9457        9705
Swap:           2147           3        2144
Total:         16662        4324        2880

               total        used        free      shared  buff/cache   available
Mem:           14514        4330         727         149        9456        9696
Swap:           2147           3        2144
Total:         16662        4333        2871

               total        used        free      shared  buff/cache   available
Mem:           14514        4342         715         149        9456        9684
Swap:           2147           3        2144
Total:         16662        4345        2859

               total        used        free      shared  buff/cache   available
Mem:           14514        4299         757         150        9457        9727
Swap:           2147           3        2144
Total:         16662        4302        2901

               total        used        free      shared  buff/cache   available
Mem:           14514        4294         762         149        9457        9731
Swap:           2147           3        2144
Total:         16662        4298        2906

               total        used        free      shared  buff/cache   available
Mem:           14514        4341         715         150        9457        9685
Swap:           2147           3        2144
Total:         16662        4345        2859

               total        used        free      shared  buff/cache   available
Mem:           14514        4333         722         150        9458        9693
Swap:           2147           3        2144
Total:         16662        4337        2866

               total        used        free      shared  buff/cache   available
Mem:           14514        4302         751         153        9460        9721
Swap:           2147           3        2144
Total:         16662        4306        2895

               total        used        free      shared  buff/cache   available
Mem:           14514        4318         735         153        9460        9704
Swap:           2147           3        2144
Total:         16662        4322        2879

               total        used        free      shared  buff/cache   available
Mem:           14514        4295         757         153        9461        9727
Swap:           2147           3        2144
Total:         16662        4299        2901

               total        used        free      shared  buff/cache   available
Mem:           14514        4317         739         149        9457        9709
Swap:           2147           3        2144
Total:         16662        4320        2883

               total        used        free      shared  buff/cache   available
Mem:           14514        4343         712         150        9458        9683
Swap:           2147           3        2144
Total:         16662        4347        2856

               total        used        free      shared  buff/cache   available
Mem:           14514        4327         727         149        9459        9699
Swap:           2147           3        2144
Total:         16662        4331        2871

               total        used        free      shared  buff/cache   available
Mem:           14514        4302         753         150        9458        9724
Swap:           2147           3        2144
Total:         16662        4306        2897

               total        used        free      shared  buff/cache   available
Mem:           14514        4289         767         150        9458        9737
Swap:           2147           3        2144
Total:         16662        4292        2911

               total        used        free      shared  buff/cache   available
Mem:           14514        4262         793         150        9459        9764
Swap:           2147           3        2144
Total:         16662        4265        2937

               total        used        free      shared  buff/cache   available
Mem:           14514        4323         732         150        9458        9702
Swap:           2147           3        2144
Total:         16662        4327        2876

               total        used        free      shared  buff/cache   available
Mem:           14514        4319         736         150        9458        9707
Swap:           2147           3        2144
Total:         16662        4323        2880

               total        used        free      shared  buff/cache   available
Mem:           14514        4312         743         150        9458        9714
Swap:           2147           3        2144
Total:         16662        4315        2887

               total        used        free      shared  buff/cache   available
Mem:           14514        4301         754         150        9458        9725
Swap:           2147           3        2144
Total:         16662        4305        2898

               total        used        free      shared  buff/cache   available
Mem:           14514        4292         763         150        9458        9734
Swap:           2147           3        2144
Total:         16662        4295        2907

               total        used        free      shared  buff/cache   available
Mem:           14514        4203         853         150        9458        9823
Swap:           2147           3        2144
Total:         16662        4206        2997

               total        used        free      shared  buff/cache   available
Mem:           14514        4192         863         150        9458        9833
Swap:           2147           3        2144
Total:         16662        4196        3007

               total        used        free      shared  buff/cache   available
Mem:           14514        4173         882         150        9458        9852
Swap:           2147           3        2144
Total:         16662        4177        3026

               total        used        free      shared  buff/cache   available
Mem:           14514        4171         884         150        9458        9855
Swap:           2147           3        2144
Total:         16662        4175        3028

               total        used        free      shared  buff/cache   available
Mem:           14514        4166         889         150        9458        9859
Swap:           2147           3        2144
Total:         16662        4170        3033

               total        used        free      shared  buff/cache   available
Mem:           14514        4165         890         150        9458        9860
Swap:           2147           3        2144
Total:         16662        4169        3034
