RESET
CPU yadrolab-wp11 1745515302 2025/04/24 20:21:42 2101925 100 24 14882421 21126495 1161471 5003166111 157251 0 15916 0 0 78510 100 0 0
SEP
CPU yadrolab-wp11 1745515303 2025/04/24 20:21:43 1 100 24 10 8 3 2374 0 0 0 0 0 77107 100 0 0
SEP
CPU yadrolab-wp11 1745515304 2025/04/24 20:21:44 1 100 24 17 7 1 2372 1 0 0 0 0 76552 100 0 0
SEP
CPU yadrolab-wp11 1745515305 2025/04/24 20:21:45 1 100 24 12 7 2 2376 0 0 0 0 0 75931 100 0 0
SEP
CPU yadrolab-wp11 1745515306 2025/04/24 20:21:46 1 100 24 15 5 2 2374 0 0 0 0 0 76041 100 0 0
SEP
CPU yadrolab-wp11 1745515307 2025/04/24 20:21:47 1 100 24 16 7 0 2372 0 0 0 0 0 76223 100 0 0
SEP
CPU yadrolab-wp11 1745515308 2025/04/24 20:21:48 1 100 24 14 5 1 2378 0 0 0 0 0 74775 100 0 0
SEP
CPU yadrolab-wp11 1745515309 2025/04/24 20:21:49 1 100 24 15 5 0 2376 0 0 0 0 0 77311 100 0 0
SEP
CPU yadrolab-wp11 1745515310 2025/04/24 20:21:50 1 100 24 16 5 2 2372 0 0 0 0 0 77021 100 0 0
SEP
CPU yadrolab-wp11 1745515311 2025/04/24 20:21:51 1 100 24 14 6 2 2374 0 0 0 0 0 77581 100 0 0
SEP
CPU yadrolab-wp11 1745515312 2025/04/24 20:21:52 1 100 24 11 8 12 2366 0 0 0 0 0 74805 100 0 0
SEP
CPU yadrolab-wp11 1745515313 2025/04/24 20:21:53 1 100 24 88 318 4 1983 3 0 0 0 0 75303 100 0 0
SEP
CPU yadrolab-wp11 1745515314 2025/04/24 20:21:54 1 100 24 43 486 1 1841 1 0 0 0 0 80602 100 0 0
SEP
CPU yadrolab-wp11 1745515315 2025/04/24 20:21:55 1 100 24 75 310 3 1998 2 0 0 0 0 74430 100 0 0
SEP
CPU yadrolab-wp11 1745515316 2025/04/24 20:21:56 1 100 24 99 317 2 1963 3 0 0 0 0 75978 100 0 0
SEP
CPU yadrolab-wp11 1745515317 2025/04/24 20:21:57 1 100 24 73 519 2 1792 2 0 0 0 0 78846 100 0 0
SEP
CPU yadrolab-wp11 1745515318 2025/04/24 20:21:58 1 100 24 52 300 1 2032 3 0 0 0 0 76063 100 0 0
SEP
CPU yadrolab-wp11 1745515319 2025/04/24 20:21:59 1 100 24 69 309 4 1986 2 0 0 0 0 77134 100 0 0
SEP
CPU yadrolab-wp11 1745515320 2025/04/24 20:22:00 1 100 24 80 377 9 1933 3 0 0 0 0 107803 100 0 0
SEP
CPU yadrolab-wp11 1745515321 2025/04/24 20:22:01 1 100 24 80 472 9 1823 2 0 0 0 0 79201 100 0 0
SEP
CPU yadrolab-wp11 1745515322 2025/04/24 20:22:02 1 100 24 81 330 12 1965 1 0 0 0 0 78256 100 0 0
SEP
CPU yadrolab-wp11 1745515323 2025/04/24 20:22:03 1 100 24 83 311 18 1965 4 0 0 0 0 77320 100 0 0
SEP
CPU yadrolab-wp11 1745515324 2025/04/24 20:22:04 1 100 24 50 397 5 1932 1 0 0 0 0 107844 100 0 0
SEP
CPU yadrolab-wp11 1745515325 2025/04/24 20:22:05 1 100 24 58 385 4 1932 2 0 0 0 0 80953 100 0 0
SEP
CPU yadrolab-wp11 1745515326 2025/04/24 20:22:06 1 100 24 55 301 52 1971 2 0 0 0 0 82965 100 0 0
SEP
CPU yadrolab-wp11 1745515327 2025/04/24 20:22:07 1 100 24 64 411 32 1871 3 0 0 0 0 107878 100 0 0
SEP
CPU yadrolab-wp11 1745515328 2025/04/24 20:22:08 1 100 24 57 376 8 1930 1 0 0 0 0 79323 100 0 0
SEP
CPU yadrolab-wp11 1745515329 2025/04/24 20:22:09 1 100 24 73 296 39 1969 4 0 0 0 0 77168 100 0 0
SEP
CPU yadrolab-wp11 1745515330 2025/04/24 20:22:10 1 100 24 92 349 3 1923 16 0 0 0 0 75681 100 0 0
SEP
CPU yadrolab-wp11 1745515331 2025/04/24 20:22:11 1 100 24 57 493 2 1830 3 0 0 0 0 80430 100 0 0
SEP
CPU yadrolab-wp11 1745515332 2025/04/24 20:22:12 1 100 24 48 291 4 2026 2 0 0 0 0 74404 100 0 0
SEP
CPU yadrolab-wp11 1745515333 2025/04/24 20:22:13 1 100 24 86 325 2 1976 3 0 0 0 0 78116 100 0 0
SEP
CPU yadrolab-wp11 1745515334 2025/04/24 20:22:14 1 100 24 67 470 2 1842 1 0 0 0 0 79726 100 0 0
SEP
CPU yadrolab-wp11 1745515335 2025/04/24 20:22:15 1 100 24 43 315 4 2002 2 0 0 0 0 80638 100 0 0
SEP
CPU yadrolab-wp11 1745515336 2025/04/24 20:22:16 1 100 24 63 314 2 1983 2 0 0 0 0 72817 100 0 0
SEP
CPU yadrolab-wp11 1745515337 2025/04/24 20:22:17 1 100 24 75 331 4 1962 2 0 0 0 0 75784 100 0 0
SEP
CPU yadrolab-wp11 1745515338 2025/04/24 20:22:18 1 100 24 54 496 1 1834 2 0 0 0 0 80233 100 0 0
SEP
CPU yadrolab-wp11 1745515339 2025/04/24 20:22:19 1 100 24 82 335 2 1981 2 0 0 0 0 78630 100 0 0
SEP
CPU yadrolab-wp11 1745515340 2025/04/24 20:22:20 1 100 24 68 312 1 2003 2 0 0 0 0 72048 100 0 0
SEP
CPU yadrolab-wp11 1745515341 2025/04/24 20:22:21 1 100 24 65 327 3 1982 3 0 0 0 0 107194 100 0 0
SEP
CPU yadrolab-wp11 1745515342 2025/04/24 20:22:22 1 100 24 87 489 2 1811 2 0 0 0 0 79189 100 0 0
SEP
CPU yadrolab-wp11 1745515343 2025/04/24 20:22:23 1 100 24 64 293 2 2016 2 0 0 0 0 79621 100 0 0
SEP
CPU yadrolab-wp11 1745515344 2025/04/24 20:22:24 1 100 24 65 341 2 1966 3 0 0 0 0 58778 100 0 0
SEP
CPU yadrolab-wp11 1745515345 2025/04/24 20:22:25 1 100 24 89 413 4 1912 2 0 0 0 0 107851 100 0 0
SEP
CPU yadrolab-wp11 1745515346 2025/04/24 20:22:26 1 100 24 63 447 3 1878 5 0 0 0 0 79929 100 0 0
SEP
CPU yadrolab-wp11 1745515347 2025/04/24 20:22:27 1 100 24 59 304 3 2018 2 0 0 0 0 78474 100 0 0
SEP
CPU yadrolab-wp11 1745515348 2025/04/24 20:22:28 1 100 24 111 366 5 1871 3 0 0 0 0 76870 100 0 0
SEP
CPU yadrolab-wp11 1745515349 2025/04/24 20:22:29 1 100 24 55 497 3 1827 2 0 0 0 0 80454 100 0 0
SEP
CPU yadrolab-wp11 1745515350 2025/04/24 20:22:30 1 100 24 48 312 3 2028 1 0 0 0 0 77742 100 0 0
SEP
CPU yadrolab-wp11 1745515351 2025/04/24 20:22:31 1 100 24 72 326 13 1956 3 0 1 0 0 61343 100 0 0
SEP
CPU yadrolab-wp11 1745515352 2025/04/24 20:22:32 1 100 24 91 493 4 1810 2 0 0 0 0 79929 100 0 0
SEP
CPU yadrolab-wp11 1745515353 2025/04/24 20:22:33 1 100 24 57 336 11 1980 2 0 0 0 0 80264 100 0 0
SEP
CPU yadrolab-wp11 1745515354 2025/04/24 20:22:34 1 100 24 69 320 2 2016 2 0 0 0 0 76211 100 0 0
SEP
CPU yadrolab-wp11 1745515355 2025/04/24 20:22:35 1 100 24 71 335 4 1967 3 0 0 0 0 73428 100 0 0
SEP
CPU yadrolab-wp11 1745515356 2025/04/24 20:22:36 1 100 24 61 507 3 1807 1 0 0 0 0 79917 100 0 0
SEP
CPU yadrolab-wp11 1745515357 2025/04/24 20:22:37 1 100 24 60 306 2 2025 2 0 0 0 0 78632 100 0 0
SEP
CPU yadrolab-wp11 1745515358 2025/04/24 20:22:38 1 100 24 79 329 1 1971 6 0 0 0 0 74036 100 0 0
SEP
CPU yadrolab-wp11 1745515359 2025/04/24 20:22:39 1 100 24 89 323 2 1948 3 0 0 0 0 75748 100 0 0
SEP
CPU yadrolab-wp11 1745515360 2025/04/24 20:22:40 1 100 24 60 505 4 1815 2 0 0 0 0 78599 100 0 0
SEP
CPU yadrolab-wp11 1745515361 2025/04/24 20:22:41 1 100 24 48 314 3 2024 2 0 0 0 0 80274 100 0 0
SEP
CPU yadrolab-wp11 1745515362 2025/04/24 20:22:42 1 100 24 76 328 3 1981 2 0 0 0 0 75946 100 0 0
SEP
CPU yadrolab-wp11 1745515363 2025/04/24 20:22:43 1 100 24 73 317 4 1985 3 0 0 0 0 76100 100 0 0
SEP
CPU yadrolab-wp11 1745515364 2025/04/24 20:22:44 1 100 24 53 480 1 1848 1 0 0 0 0 79909 100 0 0
SEP
CPU yadrolab-wp11 1745515365 2025/04/24 20:22:45 1 100 24 58 296 2 2021 2 0 0 0 0 69598 100 0 0
SEP
CPU yadrolab-wp11 1745515366 2025/04/24 20:22:46 1 100 24 73 301 3 2003 3 0 0 0 0 76597 100 0 0
SEP
CPU yadrolab-wp11 1745515367 2025/04/24 20:22:47 1 100 24 52 501 1 1832 2 0 0 0 0 80075 100 0 0
SEP
CPU yadrolab-wp11 1745515368 2025/04/24 20:22:48 1 100 24 54 314 3 2015 2 0 0 0 0 78755 100 0 0
SEP
CPU yadrolab-wp11 1745515369 2025/04/24 20:22:49 1 100 24 48 294 2 2023 2 0 0 0 0 59566 100 0 0
SEP
CPU yadrolab-wp11 1745515370 2025/04/24 20:22:50 1 100 24 115 373 4 1906 2 0 0 0 0 74851 100 0 0
SEP
CPU yadrolab-wp11 1745515371 2025/04/24 20:22:51 1 100 24 65 514 4 1804 2 0 0 0 0 80689 100 0 0
SEP
CPU yadrolab-wp11 1745515372 2025/04/24 20:22:52 1 100 24 54 310 2 2014 2 0 0 0 0 77118 100 0 0
SEP
CPU yadrolab-wp11 1745515373 2025/04/24 20:22:53 1 100 24 79 304 5 1984 4 0 0 0 0 76880 100 0 0
SEP
CPU yadrolab-wp11 1745515374 2025/04/24 20:22:54 1 100 24 61 478 3 1840 3 0 0 0 0 79675 100 0 0
SEP
CPU yadrolab-wp11 1745515375 2025/04/24 20:22:55 1 100 24 78 328 4 1975 7 0 0 0 0 78541 100 0 0
SEP
CPU yadrolab-wp11 1745515376 2025/04/24 20:22:56 1 100 24 74 337 2 1972 9 0 0 0 0 80443 100 0 0
SEP
CPU yadrolab-wp11 1745515377 2025/04/24 20:22:57 1 100 24 70 297 3 1993 14 0 0 0 0 77967 100 0 0
SEP
CPU yadrolab-wp11 1745515378 2025/04/24 20:22:58 1 100 24 76 327 7 1965 14 0 0 0 0 75538 100 0 0
SEP
CPU yadrolab-wp11 1745515379 2025/04/24 20:22:59 1 100 24 78 313 2 1955 22 0 0 0 0 77417 100 0 0
SEP
CPU yadrolab-wp11 1745515380 2025/04/24 20:23:00 1 100 24 65 511 2 1797 8 0 0 0 0 80678 100 0 0
SEP
CPU yadrolab-wp11 1745515381 2025/04/24 20:23:01 1 100 24 87 327 4 1948 16 0 1 0 0 78485 100 0 0
SEP
CPU yadrolab-wp11 1745515382 2025/04/24 20:23:02 1 100 24 54 301 3 1993 15 0 0 0 0 76427 100 0 0
SEP
CPU yadrolab-wp11 1745515383 2025/04/24 20:23:03 1 100 24 102 328 9 1956 5 0 0 0 0 66906 100 0 0
SEP
CPU yadrolab-wp11 1745515384 2025/04/24 20:23:04 1 100 24 90 321 3 1952 12 0 0 0 0 76113 100 0 0
SEP
CPU yadrolab-wp11 1745515385 2025/04/24 20:23:05 1 100 24 57 304 5 2002 11 0 0 0 0 107787 100 0 0
SEP
CPU yadrolab-wp11 1745515386 2025/04/24 20:23:06 1 100 24 63 502 5 1798 8 0 0 0 0 79905 100 0 0
SEP
CPU yadrolab-wp11 1745515387 2025/04/24 20:23:07 1 100 24 48 286 1 2031 11 0 0 0 0 79730 100 0 0
SEP
CPU yadrolab-wp11 1745515388 2025/04/24 20:23:08 1 100 24 72 321 4 1982 2 0 0 0 0 72987 100 0 0
SEP
CPU yadrolab-wp11 1745515389 2025/04/24 20:23:09 1 100 24 63 310 2 2001 5 0 0 0 0 78056 100 0 0
SEP
CPU yadrolab-wp11 1745515390 2025/04/24 20:23:10 1 100 24 50 487 2 1835 1 0 0 0 0 79077 100 0 0
SEP
CPU yadrolab-wp11 1745515391 2025/04/24 20:23:11 1 100 24 76 304 1 1998 2 0 0 0 0 79330 100 0 0
SEP
CPU yadrolab-wp11 1745515392 2025/04/24 20:23:12 1 100 24 23 22 2 2339 1 0 0 0 0 77635 100 0 0
SEP
CPU yadrolab-wp11 1745515393 2025/04/24 20:23:13 1 100 24 14 6 3 2373 0 0 0 0 0 77473 100 0 0
SEP
CPU yadrolab-wp11 1745515394 2025/04/24 20:23:14 1 100 24 15 7 2 2373 0 0 0 0 0 77469 100 0 0
SEP
CPU yadrolab-wp11 1745515395 2025/04/24 20:23:15 1 100 24 21 17 3 2349 0 0 0 0 0 77204 100 0 0
SEP
CPU yadrolab-wp11 1745515396 2025/04/24 20:23:16 1 100 24 14 9 2 2375 0 0 0 0 0 77314 100 0 0
SEP
CPU yadrolab-wp11 1745515397 2025/04/24 20:23:17 1 100 24 14 7 1 2372 0 0 0 0 0 76074 100 0 0
SEP
CPU yadrolab-wp11 1745515398 2025/04/24 20:23:18 1 100 24 16 9 1 2373 0 0 0 0 0 77967 100 0 0
SEP
CPU yadrolab-wp11 1745515399 2025/04/24 20:23:19 1 100 24 13 6 3 2377 0 0 0 0 0 77587 100 0 0
SEP
CPU yadrolab-wp11 1745515400 2025/04/24 20:23:20 1 100 24 12 8 1 2376 0 0 0 0 0 75220 100 0 0
SEP
CPU yadrolab-wp11 1745515401 2025/04/24 20:23:21 1 100 24 13 6 1 2376 0 0 0 0 0 77232 100 0 0
SEP
