816 
769 
760 
780 
820 
744 
735 
746 
833 
729 
787 
803 
814 
768 
817 
737 
777 
769 
716 
751 
723 
826 
775 
826 
758 
725 
839 
753 
753 
738 
762 
782 
754 
841 
836 
805 
798 
760 
828 
787 
770 
814 
746 
778 
798 
762 
798 
728 
758 
832 
758 
760 
762 
764 
804 
788 
794 
781 
813 
788 
840 
840 
785 
799 
757 
726 
756 
757 
819 
749 
797 
790 
771 
785 
784 
818 
755 
744 
799 
839 
880 
846 
910 
885 
795 
784 
813 
910 
838 
866 
870 
858 
764 
867 
823 
783 
789 
819 
771 
826 
