               total        used        free      shared  buff/cache   available
Mem:           14514        4176         658         151        9679        9848
Swap:           2147           3        2144
Total:         16662        4180        2802

               total        used        free      shared  buff/cache   available
Mem:           14514        4180         654         151        9679        9845
Swap:           2147           3        2144
Total:         16662        4183        2798

               total        used        free      shared  buff/cache   available
Mem:           14514        4178         659         148        9677        9849
Swap:           2147           3        2144
Total:         16662        4181        2803

               total        used        free      shared  buff/cache   available
Mem:           14514        4177         659         148        9677        9850
Swap:           2147           3        2144
Total:         16662        4180        2804

               total        used        free      shared  buff/cache   available
Mem:           14514        4166         670         148        9677        9861
Swap:           2147           3        2144
Total:         16662        4169        2815

               total        used        free      shared  buff/cache   available
Mem:           14514        4160         677         148        9677        9867
Swap:           2147           3        2144
Total:         16662        4163        2821

               total        used        free      shared  buff/cache   available
Mem:           14514        4159         677         148        9677        9867
Swap:           2147           3        2144
Total:         16662        4163        2821

               total        used        free      shared  buff/cache   available
Mem:           14514        4157         679         148        9677        9870
Swap:           2147           3        2144
Total:         16662        4161        2823

               total        used        free      shared  buff/cache   available
Mem:           14514        4152         684         148        9677        9875
Swap:           2147           3        2144
Total:         16662        4156        2828

               total        used        free      shared  buff/cache   available
Mem:           14514        4149         688         148        9677        9878
Swap:           2147           3        2144
Total:         16662        4152        2832

               total        used        free      shared  buff/cache   available
Mem:           14514        4149         688         148        9677        9878
Swap:           2147           3        2144
Total:         16662        4152        2832

               total        used        free      shared  buff/cache   available
Mem:           14514        4305         531         148        9678        9722
Swap:           2147           3        2144
Total:         16662        4308        2675

               total        used        free      shared  buff/cache   available
Mem:           14514        4281         552         151        9680        9744
Swap:           2147           3        2144
Total:         16662        4284        2696

               total        used        free      shared  buff/cache   available
Mem:           14514        4270         564         151        9679        9755
Swap:           2147           3        2144
Total:         16662        4273        2708

               total        used        free      shared  buff/cache   available
Mem:           14514        4391         444         148        9679        9636
Swap:           2147           3        2144
Total:         16662        4394        2588

               total        used        free      shared  buff/cache   available
Mem:           14514        4346         489         148        9678        9680
Swap:           2147           3        2144
Total:         16662        4350        2633

               total        used        free      shared  buff/cache   available
Mem:           14514        4345         488         152        9680        9679
Swap:           2147           3        2144
Total:         16662        4348        2632

               total        used        free      shared  buff/cache   available
Mem:           14514        4339         490         152        9684        9684
Swap:           2147           3        2144
Total:         16662        4343        2634

               total        used        free      shared  buff/cache   available
Mem:           14514        4379         452         152        9682        9644
Swap:           2147           3        2144
Total:         16662        4383        2596

               total        used        free      shared  buff/cache   available
Mem:           14514        4295         540         148        9678        9732
Swap:           2147           3        2144
Total:         16662        4299        2684

               total        used        free      shared  buff/cache   available
Mem:           14514        4313         523         148        9678        9714
Swap:           2147           3        2144
Total:         16662        4316        2667

               total        used        free      shared  buff/cache   available
Mem:           14514        4408         427         148        9679        9619
Swap:           2147           3        2144
Total:         16662        4411        2571

               total        used        free      shared  buff/cache   available
Mem:           14514        4384         451         149        9679        9643
Swap:           2147           3        2144
Total:         16662        4387        2595

               total        used        free      shared  buff/cache   available
Mem:           14514        4350         485         148        9678        9677
Swap:           2147           3        2144
Total:         16662        4353        2630

               total        used        free      shared  buff/cache   available
Mem:           14514        4341         491         149        9681        9686
Swap:           2147           3        2144
Total:         16662        4344        2635

               total        used        free      shared  buff/cache   available
Mem:           14514        4406         428         149        9679        9621
Swap:           2147           3        2144
Total:         16662        4409        2573

               total        used        free      shared  buff/cache   available
Mem:           14514        4371         464         149        9678        9655
Swap:           2147           3        2144
Total:         16662        4375        2608

               total        used        free      shared  buff/cache   available
Mem:           14514        4304         532         148        9678        9723
Swap:           2147           3        2144
Total:         16662        4307        2676

               total        used        free      shared  buff/cache   available
Mem:           14514        4393         441         149        9679        9634
Swap:           2147           3        2144
Total:         16662        4397        2585

               total        used        free      shared  buff/cache   available
Mem:           14514        4340         494         149        9679        9687
Swap:           2147           3        2144
Total:         16662        4343        2638

               total        used        free      shared  buff/cache   available
Mem:           14514        4359         476         148        9678        9668
Swap:           2147           3        2144
Total:         16662        4363        2620

               total        used        free      shared  buff/cache   available
Mem:           14514        4394         437         149        9682        9632
Swap:           2147           3        2144
Total:         16662        4398        2581

               total        used        free      shared  buff/cache   available
Mem:           14514        4410         423         149        9680        9617
Swap:           2147           3        2144
Total:         16662        4414        2567

               total        used        free      shared  buff/cache   available
Mem:           14514        4400         434         149        9679        9627
Swap:           2147           3        2144
Total:         16662        4403        2579

               total        used        free      shared  buff/cache   available
Mem:           14514        4400         431         149        9682        9627
Swap:           2147           3        2144
Total:         16662        4403        2575

               total        used        free      shared  buff/cache   available
Mem:           14514        4426         407         149        9680        9601
Swap:           2147           3        2144
Total:         16662        4429        2551

               total        used        free      shared  buff/cache   available
Mem:           14514        4401         433         149        9680        9626
Swap:           2147           3        2144
Total:         16662        4404        2577

               total        used        free      shared  buff/cache   available
Mem:           14514        4375         459         148        9679        9652
Swap:           2147           3        2144
Total:         16662        4379        2603

               total        used        free      shared  buff/cache   available
Mem:           14514        4451         381         149        9680        9575
Swap:           2147           3        2144
Total:         16662        4455        2526

               total        used        free      shared  buff/cache   available
Mem:           14514        4411         422         149        9680        9616
Swap:           2147           3        2144
Total:         16662        4414        2566

               total        used        free      shared  buff/cache   available
Mem:           14514        4401         433         149        9679        9626
Swap:           2147           3        2144
Total:         16662        4404        2577

               total        used        free      shared  buff/cache   available
Mem:           14514        4413         417         149        9683        9614
Swap:           2147           3        2144
Total:         16662        4416        2561

               total        used        free      shared  buff/cache   available
Mem:           14514        4428         405         149        9681        9599
Swap:           2147           3        2144
Total:         16662        4431        2549

               total        used        free      shared  buff/cache   available
Mem:           14514        4385         448         149        9680        9642
Swap:           2147           3        2144
Total:         16662        4388        2592

               total        used        free      shared  buff/cache   available
Mem:           14514        4344         489         148        9680        9682
Swap:           2147           3        2144
Total:         16662        4348        2633

               total        used        free      shared  buff/cache   available
Mem:           14514        4438         394         149        9681        9589
Swap:           2147           3        2144
Total:         16662        4441        2538

               total        used        free      shared  buff/cache   available
Mem:           14514        4384         445         152        9684        9640
Swap:           2147           3        2144
Total:         16662        4387        2589

               total        used        free      shared  buff/cache   available
Mem:           14514        4419         411         152        9683        9605
Swap:           2147           3        2144
Total:         16662        4422        2555

               total        used        free      shared  buff/cache   available
Mem:           14514        4404         423         152        9687        9620
Swap:           2147           3        2144
Total:         16662        4407        2567

               total        used        free      shared  buff/cache   available
Mem:           14514        4420         412         149        9681        9607
Swap:           2147           3        2144
Total:         16662        4423        2556

               total        used        free      shared  buff/cache   available
Mem:           14514        4348         485         149        9680        9679
Swap:           2147           3        2144
Total:         16662        4351        2629

               total        used        free      shared  buff/cache   available
Mem:           14514        4365         468         149        9680        9662
Swap:           2147           3        2144
Total:         16662        4368        2612

               total        used        free      shared  buff/cache   available
Mem:           14514        4429         403         149        9682        9598
Swap:           2147           3        2144
Total:         16662        4432        2547

               total        used        free      shared  buff/cache   available
Mem:           14514        4356         476         149        9682        9671
Swap:           2147           3        2144
Total:         16662        4359        2620

               total        used        free      shared  buff/cache   available
Mem:           14514        4319         514         149        9680        9708
Swap:           2147           3        2144
Total:         16662        4322        2658

               total        used        free      shared  buff/cache   available
Mem:           14514        4359         470         149        9684        9668
Swap:           2147           3        2144
Total:         16662        4362        2614

               total        used        free      shared  buff/cache   available
Mem:           14514        4373         459         149        9682        9654
Swap:           2147           3        2144
Total:         16662        4376        2603

               total        used        free      shared  buff/cache   available
Mem:           14514        4352         480         149        9681        9674
Swap:           2147           3        2144
Total:         16662        4356        2624

               total        used        free      shared  buff/cache   available
Mem:           14514        4369         460         149        9684        9658
Swap:           2147           3        2144
Total:         16662        4372        2604

               total        used        free      shared  buff/cache   available
Mem:           14514        4388         443         149        9682        9639
Swap:           2147           3        2144
Total:         16662        4391        2587

               total        used        free      shared  buff/cache   available
Mem:           14514        4327         505         149        9681        9700
Swap:           2147           3        2144
Total:         16662        4330        2649

               total        used        free      shared  buff/cache   available
Mem:           14514        4318         514         149        9681        9709
Swap:           2147           3        2144
Total:         16662        4321        2658

               total        used        free      shared  buff/cache   available
Mem:           14514        4437         393         149        9682        9589
Swap:           2147           3        2144
Total:         16662        4441        2537

               total        used        free      shared  buff/cache   available
Mem:           14514        4374         457         149        9682        9653
Swap:           2147           3        2144
Total:         16662        4377        2601

               total        used        free      shared  buff/cache   available
Mem:           14514        4359         473         149        9681        9668
Swap:           2147           3        2144
Total:         16662        4362        2617

               total        used        free      shared  buff/cache   available
Mem:           14514        4320         508         149        9685        9707
Swap:           2147           3        2144
Total:         16662        4323        2652

               total        used        free      shared  buff/cache   available
Mem:           14514        4375         455         149        9683        9651
Swap:           2147           3        2144
Total:         16662        4379        2599

               total        used        free      shared  buff/cache   available
Mem:           14514        4335         496         149        9682        9692
Swap:           2147           3        2144
Total:         16662        4338        2640

               total        used        free      shared  buff/cache   available
Mem:           14514        4332         499         149        9682        9694
Swap:           2147           3        2144
Total:         16662        4336        2643

               total        used        free      shared  buff/cache   available
Mem:           14514        4386         444         149        9683        9641
Swap:           2147           3        2144
Total:         16662        4389        2588

               total        used        free      shared  buff/cache   available
Mem:           14514        4344         487         149        9683        9683
Swap:           2147           3        2144
Total:         16662        4347        2631

               total        used        free      shared  buff/cache   available
Mem:           14514        4317         514         149        9682        9710
Swap:           2147           3        2144
Total:         16662        4321        2658

               total        used        free      shared  buff/cache   available
Mem:           14514        4354         473         149        9686        9673
Swap:           2147           3        2144
Total:         16662        4358        2617

               total        used        free      shared  buff/cache   available
Mem:           14514        4364         466         149        9683        9662
Swap:           2147           3        2144
Total:         16662        4368        2610

               total        used        free      shared  buff/cache   available
Mem:           14514        4343         487         149        9683        9683
Swap:           2147           3        2144
Total:         16662        4347        2631

               total        used        free      shared  buff/cache   available
Mem:           14514        4317         514         149        9682        9710
Swap:           2147           3        2144
Total:         16662        4320        2658

               total        used        free      shared  buff/cache   available
Mem:           14514        4386         440         152        9687        9637
Swap:           2147           3        2144
Total:         16662        4390        2584

               total        used        free      shared  buff/cache   available
Mem:           14514        4356         471         152        9687        9668
Swap:           2147           3        2144
Total:         16662        4359        2615

               total        used        free      shared  buff/cache   available
Mem:           14514        4337         490         152        9686        9686
Swap:           2147           3        2144
Total:         16662        4340        2635

               total        used        free      shared  buff/cache   available
Mem:           14514        4382         445         149        9686        9644
Swap:           2147           3        2144
Total:         16662        4386        2589

               total        used        free      shared  buff/cache   available
Mem:           14514        4360         469         149        9684        9667
Swap:           2147           3        2144
Total:         16662        4363        2614

               total        used        free      shared  buff/cache   available
Mem:           14514        4373         457         149        9683        9653
Swap:           2147           3        2144
Total:         16662        4377        2601

               total        used        free      shared  buff/cache   available
Mem:           14514        4380         447         149        9687        9647
Swap:           2147           3        2144
Total:         16662        4383        2591

               total        used        free      shared  buff/cache   available
Mem:           14514        4383         446         149        9684        9643
Swap:           2147           3        2144
Total:         16662        4387        2590

               total        used        free      shared  buff/cache   available
Mem:           14514        4324         506         149        9684        9703
Swap:           2147           3        2144
Total:         16662        4327        2650

               total        used        free      shared  buff/cache   available
Mem:           14514        4305         525         149        9683        9722
Swap:           2147           3        2144
Total:         16662        4309        2669

               total        used        free      shared  buff/cache   available
Mem:           14514        4423         406         149        9685        9604
Swap:           2147           3        2144
Total:         16662        4426        2550

               total        used        free      shared  buff/cache   available
Mem:           14514        4350         479         149        9685        9677
Swap:           2147           3        2144
Total:         16662        4353        2623

               total        used        free      shared  buff/cache   available
Mem:           14514        4334         496         149        9684        9693
Swap:           2147           3        2144
Total:         16662        4337        2640

               total        used        free      shared  buff/cache   available
Mem:           14514        4383         442         149        9687        9643
Swap:           2147           3        2144
Total:         16662        4387        2587

               total        used        free      shared  buff/cache   available
Mem:           14514        4390         439         149        9685        9637
Swap:           2147           3        2144
Total:         16662        4393        2583

               total        used        free      shared  buff/cache   available
Mem:           14514        4344         485         149        9684        9682
Swap:           2147           3        2144
Total:         16662        4348        2629

               total        used        free      shared  buff/cache   available
Mem:           14514        4369         456         149        9687        9657
Swap:           2147           3        2144
Total:         16662        4373        2600

               total        used        free      shared  buff/cache   available
Mem:           14514        4414         414         149        9685        9612
Swap:           2147           3        2144
Total:         16662        4418        2558

               total        used        free      shared  buff/cache   available
Mem:           14514        4374         454         149        9685        9652
Swap:           2147           3        2144
Total:         16662        4378        2598

               total        used        free      shared  buff/cache   available
Mem:           14514        4404         425         149        9684        9623
Swap:           2147           3        2144
Total:         16662        4407        2569

               total        used        free      shared  buff/cache   available
Mem:           14514        4462         366         149        9686        9565
Swap:           2147           3        2144
Total:         16662        4465        2510

               total        used        free      shared  buff/cache   available
Mem:           14514        4382         446         149        9685        9644
Swap:           2147           3        2144
Total:         16662        4386        2590

               total        used        free      shared  buff/cache   available
Mem:           14514        4359         469         149        9685        9667
Swap:           2147           3        2144
Total:         16662        4363        2613

               total        used        free      shared  buff/cache   available
Mem:           14514        4416         412         149        9686        9611
Swap:           2147           3        2144
Total:         16662        4419        2556

               total        used        free      shared  buff/cache   available
Mem:           14514        4393         435         149        9686        9634
Swap:           2147           3        2144
Total:         16662        4396        2579

               total        used        free      shared  buff/cache   available
Mem:           14514        4348         481         149        9685        9679
Swap:           2147           3        2144
Total:         16662        4351        2625

               total        used        free      shared  buff/cache   available
Mem:           14514        4376         449         149        9689        9650
Swap:           2147           3        2144
Total:         16662        4379        2593

               total        used        free      shared  buff/cache   available
Mem:           14514        4414         413         149        9686        9612
Swap:           2147           3        2144
Total:         16662        4418        2557

               total        used        free      shared  buff/cache   available
Mem:           14514        4390         438         149        9686        9636
Swap:           2147           3        2144
Total:         16662        4393        2582

               total        used        free      shared  buff/cache   available
Mem:           14514        4344         484         149        9685        9683
Swap:           2147           3        2144
Total:         16662        4347        2629

               total        used        free      shared  buff/cache   available
Mem:           14514        4426         398         152        9690        9598
Swap:           2147           3        2144
Total:         16662        4429        2542

               total        used        free      shared  buff/cache   available
Mem:           14514        4405         418         152        9689        9618
Swap:           2147           3        2144
Total:         16662        4409        2562

               total        used        free      shared  buff/cache   available
Mem:           14514        4376         448         152        9688        9647
Swap:           2147           3        2144
Total:         16662        4380        2593

               total        used        free      shared  buff/cache   available
Mem:           14514        4382         442         149        9689        9644
Swap:           2147           3        2144
Total:         16662        4386        2586

               total        used        free      shared  buff/cache   available
Mem:           14514        4399         427         149        9687        9627
Swap:           2147           3        2144
Total:         16662        4403        2571

               total        used        free      shared  buff/cache   available
Mem:           14514        4387         440         149        9686        9640
Swap:           2147           3        2144
Total:         16662        4390        2584

               total        used        free      shared  buff/cache   available
Mem:           14514        4377         451         149        9686        9650
Swap:           2147           3        2144
Total:         16662        4380        2595

               total        used        free      shared  buff/cache   available
Mem:           14514        4432         394         149        9687        9594
Swap:           2147           3        2144
Total:         16662        4436        2538

               total        used        free      shared  buff/cache   available
Mem:           14514        4343         483         149        9687        9683
Swap:           2147           3        2144
Total:         16662        4347        2627

               total        used        free      shared  buff/cache   available
Mem:           14514        4342         485         149        9686        9685
Swap:           2147           3        2144
Total:         16662        4345        2629

               total        used        free      shared  buff/cache   available
Mem:           14514        4352         472         149        9690        9675
Swap:           2147           3        2144
Total:         16662        4355        2616

               total        used        free      shared  buff/cache   available
Mem:           14514        4416         409         149        9687        9610
Swap:           2147           3        2144
Total:         16662        4420        2554

               total        used        free      shared  buff/cache   available
Mem:           14514        4373         453         149        9687        9653
Swap:           2147           3        2144
Total:         16662        4377        2598

               total        used        free      shared  buff/cache   available
Mem:           14514        4318         509         149        9686        9708
Swap:           2147           3        2144
Total:         16662        4322        2653

               total        used        free      shared  buff/cache   available
Mem:           14514        4391         435         149        9688        9636
Swap:           2147           3        2144
Total:         16662        4394        2579

               total        used        free      shared  buff/cache   available
Mem:           14514        4360         466         149        9687        9666
Swap:           2147           3        2144
Total:         16662        4364        2610

               total        used        free      shared  buff/cache   available
Mem:           14514        4344         483         149        9687        9683
Swap:           2147           3        2144
Total:         16662        4347        2627

               total        used        free      shared  buff/cache   available
Mem:           14514        4444         381         149        9688        9582
Swap:           2147           3        2144
Total:         16662        4448        2525

               total        used        free      shared  buff/cache   available
Mem:           14514        4363         462         149        9688        9663
Swap:           2147           3        2144
Total:         16662        4367        2606

               total        used        free      shared  buff/cache   available
Mem:           14514        4338         489         149        9687        9689
Swap:           2147           3        2144
Total:         16662        4341        2633

               total        used        free      shared  buff/cache   available
Mem:           14514        4349         473         149        9691        9677
Swap:           2147           3        2144
Total:         16662        4353        2617

               total        used        free      shared  buff/cache   available
Mem:           14514        4364         461         149        9688        9662
Swap:           2147           3        2144
Total:         16662        4368        2605

               total        used        free      shared  buff/cache   available
Mem:           14514        4285         540         149        9687        9741
Swap:           2147           3        2144
Total:         16662        4289        2685

               total        used        free      shared  buff/cache   available
Mem:           14514        4299         523         149        9691        9728
Swap:           2147           3        2144
Total:         16662        4302        2667

               total        used        free      shared  buff/cache   available
Mem:           14514        4359         466         149        9689        9668
Swap:           2147           3        2144
Total:         16662        4362        2610

               total        used        free      shared  buff/cache   available
Mem:           14514        4326         498         149        9688        9700
Swap:           2147           3        2144
Total:         16662        4330        2643

               total        used        free      shared  buff/cache   available
Mem:           14514        4292         534         149        9688        9735
Swap:           2147           3        2144
Total:         16662        4295        2678

               total        used        free      shared  buff/cache   available
Mem:           14514        4378         445         149        9689        9648
Swap:           2147           3        2144
Total:         16662        4382        2590

               total        used        free      shared  buff/cache   available
Mem:           14514        4343         482         149        9689        9684
Swap:           2147           3        2144
Total:         16662        4346        2626

               total        used        free      shared  buff/cache   available
Mem:           14514        4301         524         149        9688        9725
Swap:           2147           3        2144
Total:         16662        4305        2668

               total        used        free      shared  buff/cache   available
Mem:           14514        4368         448         155        9697        9653
Swap:           2147           3        2144
Total:         16662        4371        2592

               total        used        free      shared  buff/cache   available
Mem:           14514        4413         405         155        9695        9608
Swap:           2147           3        2144
Total:         16662        4417        2549

               total        used        free      shared  buff/cache   available
Mem:           14514        4388         425         161        9701        9627
Swap:           2147           3        2144
Total:         16662        4391        2569

               total        used        free      shared  buff/cache   available
Mem:           14514        4351         465         157        9697        9667
Swap:           2147           3        2144
Total:         16662        4355        2609

               total        used        free      shared  buff/cache   available
Mem:           14514        4475         340         158        9698        9543
Swap:           2147           3        2144
Total:         16662        4479        2484

               total        used        free      shared  buff/cache   available
Mem:           14514        4470         345         158        9699        9548
Swap:           2147           3        2144
Total:         16662        4473        2489

               total        used        free      shared  buff/cache   available
Mem:           14514        4508         277         157        9729        9510
Swap:           2147           3        2144
Total:         16662        4511        2421

               total        used        free      shared  buff/cache   available
Mem:           14514        4449         469         158        9595        9569
Swap:           2147           3        2144
Total:         16662        4453        2613

               total        used        free      shared  buff/cache   available
Mem:           14514        4386         534         158        9594        9632
Swap:           2147           3        2144
Total:         16662        4389        2678

               total        used        free      shared  buff/cache   available
Mem:           14514        4386         530         158        9597        9632
Swap:           2147           3        2144
Total:         16662        4389        2674

               total        used        free      shared  buff/cache   available
Mem:           14514        4443         475         158        9595        9575
Swap:           2147           3        2144
Total:         16662        4446        2619

               total        used        free      shared  buff/cache   available
Mem:           14514        4425         493         158        9595        9593
Swap:           2147           3        2144
Total:         16662        4428        2637

               total        used        free      shared  buff/cache   available
Mem:           14514        4390         530         157        9594        9628
Swap:           2147           3        2144
Total:         16662        4393        2674

               total        used        free      shared  buff/cache   available
Mem:           14514        4491         425         158        9597        9526
Swap:           2147           3        2144
Total:         16662        4495        2569

               total        used        free      shared  buff/cache   available
Mem:           14514        4450         467         158        9595        9567
Swap:           2147           3        2144
Total:         16662        4454        2612

               total        used        free      shared  buff/cache   available
Mem:           14514        4443         475         158        9594        9574
Swap:           2147           3        2144
Total:         16662        4447        2620

               total        used        free      shared  buff/cache   available
Mem:           14514        4416         499         158        9598        9602
Swap:           2147           3        2144
Total:         16662        4419        2643

               total        used        free      shared  buff/cache   available
Mem:           14514        4370         549         157        9594        9648
Swap:           2147           3        2144
Total:         16662        4373        2693

               total        used        free      shared  buff/cache   available
Mem:           14514        4359         560         157        9594        9659
Swap:           2147           3        2144
Total:         16662        4362        2704

               total        used        free      shared  buff/cache   available
Mem:           14514        4357         562         157        9594        9661
Swap:           2147           3        2144
Total:         16662        4360        2706

               total        used        free      shared  buff/cache   available
Mem:           14514        4320         599         158        9594        9698
Swap:           2147           3        2144
Total:         16662        4323        2743

               total        used        free      shared  buff/cache   available
Mem:           14514        4310         609         158        9594        9707
Swap:           2147           3        2144
Total:         16662        4314        2753

               total        used        free      shared  buff/cache   available
Mem:           14514        4303         616         158        9594        9715
Swap:           2147           3        2144
Total:         16662        4306        2760

               total        used        free      shared  buff/cache   available
Mem:           14514        4294         625         158        9594        9724
Swap:           2147           3        2144
Total:         16662        4297        2769

               total        used        free      shared  buff/cache   available
Mem:           14514        4290         629         158        9594        9728
Swap:           2147           3        2144
Total:         16662        4293        2773

               total        used        free      shared  buff/cache   available
Mem:           14514        4283         636         158        9594        9735
Swap:           2147           3        2144
Total:         16662        4286        2780

               total        used        free      shared  buff/cache   available
Mem:           14514        4269         650         158        9594        9748
Swap:           2147           3        2144
Total:         16662        4273        2794
