RESET
CPU yadrolab-wp11 1745511289 2025/04/24 19:14:49 2097912 100 24 14711682 20358618 1145053 4994534523 151511 0 15769 0 0 78502 100 0 0
SEP
CPU yadrolab-wp11 1745511290 2025/04/24 19:14:50 1 100 24 12 7 1 2379 0 0 0 0 0 77953 100 0 0
SEP
CPU yadrolab-wp11 1745511291 2025/04/24 19:14:51 1 100 24 14 8 1 2372 0 0 0 0 0 76589 100 0 0
SEP
CPU yadrolab-wp11 1745511292 2025/04/24 19:14:52 1 100 24 12 6 1 2376 0 0 0 0 0 74400 100 0 0
SEP
CPU yadrolab-wp11 1745511293 2025/04/24 19:14:53 1 100 24 12 8 1 2375 0 0 0 0 0 76538 100 0 0
SEP
CPU yadrolab-wp11 1745511294 2025/04/24 19:14:54 1 100 24 14 5 0 2376 1 0 0 0 0 76684 100 0 0
SEP
CPU yadrolab-wp11 1745511295 2025/04/24 19:14:55 1 100 24 14 9 3 2373 0 0 0 0 0 76021 100 0 0
SEP
CPU yadrolab-wp11 1745511296 2025/04/24 19:14:56 1 100 24 18 6 2 2373 0 0 0 0 0 76642 100 0 0
SEP
CPU yadrolab-wp11 1745511297 2025/04/24 19:14:57 1 100 24 14 4 1 2375 0 0 0 0 0 76520 100 0 0
SEP
CPU yadrolab-wp11 1745511298 2025/04/24 19:14:58 1 100 24 15 7 2 2374 0 0 0 0 0 76171 100 0 0
SEP
CPU yadrolab-wp11 1745511299 2025/04/24 19:14:59 1 100 24 15 6 1 2373 1 0 0 0 0 74915 100 0 0
SEP
CPU yadrolab-wp11 1745511300 2025/04/24 19:15:00 1 100 24 81 504 12 1784 3 0 0 0 0 76999 100 0 0
SEP
CPU yadrolab-wp11 1745511301 2025/04/24 19:15:01 1 100 24 107 528 8 1735 9 0 0 0 0 80285 100 0 0
SEP
CPU yadrolab-wp11 1745511302 2025/04/24 19:15:02 1 100 24 64 376 2 1921 5 0 0 0 0 84184 100 0 0
SEP
CPU yadrolab-wp11 1745511303 2025/04/24 19:15:03 1 100 24 80 477 4 1822 5 0 0 0 0 77427 100 0 0
SEP
CPU yadrolab-wp11 1745511304 2025/04/24 19:15:04 1 100 24 113 554 3 1740 3 0 0 0 0 76811 100 0 0
SEP
CPU yadrolab-wp11 1745511305 2025/04/24 19:15:05 1 100 24 75 523 4 1776 3 0 0 0 0 74904 100 0 0
SEP
CPU yadrolab-wp11 1745511306 2025/04/24 19:15:06 1 100 24 69 529 2 1768 3 0 1 0 0 74779 100 0 0
SEP
CPU yadrolab-wp11 1745511307 2025/04/24 19:15:07 1 100 24 88 525 10 1749 3 0 0 0 0 77363 100 0 0
SEP
CPU yadrolab-wp11 1745511308 2025/04/24 19:15:08 1 100 24 100 508 9 1734 4 0 0 0 0 75557 100 0 0
SEP
CPU yadrolab-wp11 1745511309 2025/04/24 19:15:09 1 100 24 78 493 5 1793 5 0 0 0 0 77987 100 0 0
SEP
CPU yadrolab-wp11 1745511310 2025/04/24 19:15:10 1 100 24 109 366 4 1890 3 0 0 0 0 107863 100 0 0
SEP
CPU yadrolab-wp11 1745511311 2025/04/24 19:15:11 1 100 24 75 495 5 1798 3 0 0 0 0 77070 100 0 0
SEP
CPU yadrolab-wp11 1745511312 2025/04/24 19:15:12 1 100 24 83 522 3 1764 3 0 0 0 0 77258 100 0 0
SEP
CPU yadrolab-wp11 1745511313 2025/04/24 19:15:13 1 100 24 97 534 5 1743 3 0 0 0 0 76975 100 0 0
SEP
CPU yadrolab-wp11 1745511314 2025/04/24 19:15:14 1 100 24 79 539 5 1746 3 0 0 0 0 75812 100 0 0
SEP
CPU yadrolab-wp11 1745511315 2025/04/24 19:15:15 1 100 24 73 491 4 1812 2 0 0 0 0 76804 100 0 0
SEP
CPU yadrolab-wp11 1745511316 2025/04/24 19:15:16 1 100 24 90 530 1 1761 3 0 0 0 0 76476 100 0 0
SEP
CPU yadrolab-wp11 1745511317 2025/04/24 19:15:17 1 100 24 63 480 2 1835 5 0 0 0 0 77614 100 0 0
SEP
CPU yadrolab-wp11 1745511318 2025/04/24 19:15:18 1 100 24 74 500 2 1798 6 0 0 0 0 77166 100 0 0
SEP
CPU yadrolab-wp11 1745511319 2025/04/24 19:15:19 1 100 24 114 360 4 1882 9 0 0 0 0 80537 100 0 0
SEP
CPU yadrolab-wp11 1745511320 2025/04/24 19:15:20 1 100 24 98 562 6 1694 14 0 0 0 0 76794 100 0 0
SEP
CPU yadrolab-wp11 1745511321 2025/04/24 19:15:21 1 100 24 77 518 6 1782 7 0 0 0 0 77093 100 0 0
SEP
CPU yadrolab-wp11 1745511322 2025/04/24 19:15:22 1 100 24 127 551 3 1693 15 0 0 0 0 76717 100 0 0
SEP
CPU yadrolab-wp11 1745511323 2025/04/24 19:15:23 1 100 24 107 422 5 1839 11 0 0 0 0 107896 100 0 0
SEP
CPU yadrolab-wp11 1745511324 2025/04/24 19:15:24 1 100 24 129 541 4 1685 14 0 0 0 0 76448 100 0 0
SEP
CPU yadrolab-wp11 1745511325 2025/04/24 19:15:25 1 100 24 76 533 3 1756 14 0 0 0 0 51729 100 0 0
SEP
CPU yadrolab-wp11 1745511326 2025/04/24 19:15:26 1 100 24 104 553 5 1717 6 0 0 0 0 74229 100 0 0
SEP
CPU yadrolab-wp11 1745511327 2025/04/24 19:15:27 1 100 24 84 554 4 1718 17 0 1 0 0 76538 100 0 0
SEP
CPU yadrolab-wp11 1745511328 2025/04/24 19:15:28 1 100 24 105 456 5 1810 9 0 0 0 0 107842 100 0 0
SEP
CPU yadrolab-wp11 1745511329 2025/04/24 19:15:29 1 100 24 80 439 4 1848 9 0 0 0 0 74971 100 0 0
SEP
CPU yadrolab-wp11 1745511330 2025/04/24 19:15:30 1 100 24 86 519 9 1742 10 0 0 0 0 74340 100 0 0
SEP
CPU yadrolab-wp11 1745511331 2025/04/24 19:15:31 1 100 24 75 471 4 1823 7 0 0 0 0 79742 100 0 0
SEP
CPU yadrolab-wp11 1745511332 2025/04/24 19:15:32 1 100 24 117 417 4 1844 9 0 0 0 0 107910 100 0 0
SEP
CPU yadrolab-wp11 1745511333 2025/04/24 19:15:33 1 100 24 122 527 6 1730 10 0 0 0 0 70487 100 0 0
SEP
CPU yadrolab-wp11 1745511334 2025/04/24 19:15:34 1 100 24 75 511 4 1772 9 0 0 0 0 75541 100 0 0
SEP
CPU yadrolab-wp11 1745511335 2025/04/24 19:15:35 1 100 24 106 566 6 1694 8 0 0 0 0 76574 100 0 0
SEP
CPU yadrolab-wp11 1745511336 2025/04/24 19:15:36 1 100 24 97 339 6 1915 9 0 0 0 0 80044 100 0 0
SEP
CPU yadrolab-wp11 1745511337 2025/04/24 19:15:37 1 100 24 64 513 14 1769 13 0 0 0 0 77536 100 0 0
SEP
CPU yadrolab-wp11 1745511338 2025/04/24 19:15:38 1 100 24 82 508 6 1770 11 0 0 0 0 76699 100 0 0
SEP
CPU yadrolab-wp11 1745511339 2025/04/24 19:15:39 1 100 24 104 374 5 1855 16 0 0 0 0 107816 100 0 0
SEP
CPU yadrolab-wp11 1745511340 2025/04/24 19:15:40 1 100 24 108 532 5 1721 9 0 1 0 0 76722 100 0 0
SEP
CPU yadrolab-wp11 1745511341 2025/04/24 19:15:41 1 100 24 77 490 70 1746 8 0 0 0 0 79707 100 0 0
SEP
CPU yadrolab-wp11 1745511342 2025/04/24 19:15:42 1 100 24 62 476 30 1796 8 0 0 0 0 67767 100 0 0
SEP
CPU yadrolab-wp11 1745511343 2025/04/24 19:15:43 1 100 24 113 543 9 1695 10 0 0 0 0 76528 100 0 0
SEP
CPU yadrolab-wp11 1745511344 2025/04/24 19:15:44 1 100 24 114 354 32 1797 81 0 0 0 0 80041 100 0 0
SEP
CPU yadrolab-wp11 1745511345 2025/04/24 19:15:45 1 100 24 71 503 18 1721 74 0 0 0 0 76363 100 0 0
SEP
CPU yadrolab-wp11 1745511346 2025/04/24 19:15:46 1 100 24 100 478 4 1811 9 0 0 0 0 107333 100 0 0
SEP
CPU yadrolab-wp11 1745511347 2025/04/24 19:15:47 1 100 24 111 416 4 1822 10 0 0 0 0 75831 100 0 0
SEP
CPU yadrolab-wp11 1745511348 2025/04/24 19:15:48 1 100 24 83 515 4 1774 10 0 0 0 0 74872 100 0 0
SEP
CPU yadrolab-wp11 1745511349 2025/04/24 19:15:49 1 100 24 114 563 5 1715 6 0 0 0 0 76745 100 0 0
SEP
CPU yadrolab-wp11 1745511350 2025/04/24 19:15:50 1 100 24 67 519 3 1783 8 0 0 0 0 78144 100 0 0
SEP
CPU yadrolab-wp11 1745511351 2025/04/24 19:15:51 1 100 24 105 387 3 1898 6 0 0 0 0 107529 100 0 0
SEP
CPU yadrolab-wp11 1745511352 2025/04/24 19:15:52 1 100 24 89 460 4 1794 19 0 0 0 0 76567 100 0 0
SEP
CPU yadrolab-wp11 1745511353 2025/04/24 19:15:53 1 100 24 78 504 2 1785 7 0 0 0 0 76893 100 0 0
SEP
CPU yadrolab-wp11 1745511354 2025/04/24 19:15:54 1 100 24 93 512 6 1769 4 0 0 0 0 69601 100 0 0
SEP
CPU yadrolab-wp11 1745511355 2025/04/24 19:15:55 1 100 24 47 281 3 2043 3 0 0 0 0 76217 100 0 0
SEP
CPU yadrolab-wp11 1745511356 2025/04/24 19:15:56 1 100 24 15 7 1 2375 0 0 0 0 0 77154 100 0 0
SEP
CPU yadrolab-wp11 1745511357 2025/04/24 19:15:57 1 100 24 14 4 0 2377 0 0 0 0 0 76402 100 0 0
SEP
CPU yadrolab-wp11 1745511358 2025/04/24 19:15:58 1 100 24 29 11 3 2351 0 0 0 0 0 76354 100 0 0
SEP
CPU yadrolab-wp11 1745511359 2025/04/24 19:15:59 1 100 24 13 5 1 2375 0 0 0 0 0 76890 100 0 0
SEP
CPU yadrolab-wp11 1745511360 2025/04/24 19:16:00 1 100 24 18 5 9 2364 0 0 0 0 0 75721 100 0 0
SEP
CPU yadrolab-wp11 1745511361 2025/04/24 19:16:01 1 100 24 13 7 2 2373 0 0 0 0 0 76429 100 0 0
SEP
CPU yadrolab-wp11 1745511362 2025/04/24 19:16:02 1 100 24 13 6 1 2376 0 0 0 0 0 76440 100 0 0
SEP
CPU yadrolab-wp11 1745511363 2025/04/24 19:16:03 1 100 24 16 6 1 2373 0 0 0 0 0 76041 100 0 0
SEP
CPU yadrolab-wp11 1745511364 2025/04/24 19:16:04 1 100 24 14 7 1 2375 0 0 0 0 0 76992 100 0 0
SEP
