532 
555 
549 
546 
528 
547 
584 
515 
508 
552 
517 
548 
516 
524 
517 
559 
507 
514 
528 
503 
619 
500 
526 
500 
478 
534 
502 
546 
536 
557 
502 
500 
517 
534 
563 
541 
582 
558 
590 
567 
564 
573 
567 
548 
514 
586 
565 
551 
560 
563 
509 
573 
562 
622 
504 
502 
575 
568 
609 
603 
580 
584 
547 
597 
533 
575 
577 
671 
593 
653 
512 
557 
614 
561 
520 
596 
505 
546 
555 
597 
525 
860 
592 
556 
503 
533 
648 
532 
657 
607 
472 
517 
548 
538 
584 
617 
534 
471 
545 
475 
