              total        used        free      shared  buff/cache   available
Mem:          33447        3916        1191         159       28339       28874
Swap:          2147         438        1708
Total:        35595        4355        2900

              total        used        free      shared  buff/cache   available
Mem:          33447        3920        1187         159       28339       28870
Swap:          2147         438        1708
Total:        35595        4359        2896

              total        used        free      shared  buff/cache   available
Mem:          33447        3923        1185         159       28339       28867
Swap:          2147         438        1708
Total:        35595        4361        2894

              total        used        free      shared  buff/cache   available
Mem:          33447        3924        1183         159       28339       28866
Swap:          2147         438        1708
Total:        35595        4363        2892

              total        used        free      shared  buff/cache   available
Mem:          33447        3925        1183         159       28339       28865
Swap:          2147         438        1708
Total:        35595        4363        2892

              total        used        free      shared  buff/cache   available
Mem:          33447        3925        1183         159       28339       28865
Swap:          2147         438        1708
Total:        35595        4363        2892

              total        used        free      shared  buff/cache   available
Mem:          33447        3927        1181         159       28339       28863
Swap:          2147         438        1708
Total:        35595        4365        2890

              total        used        free      shared  buff/cache   available
Mem:          33447        3927        1180         159       28339       28862
Swap:          2147         438        1708
Total:        35595        4366        2889

              total        used        free      shared  buff/cache   available
Mem:          33447        3916        1192         159       28339       28874
Swap:          2147         438        1708
Total:        35595        4354        2901

              total        used        free      shared  buff/cache   available
Mem:          33447        3917        1190         159       28339       28873
Swap:          2147         438        1708
Total:        35595        4355        2899

              total        used        free      shared  buff/cache   available
Mem:          33447        3917        1190         159       28339       28873
Swap:          2147         438        1708
Total:        35595        4356        2899

              total        used        free      shared  buff/cache   available
Mem:          33447        4020        1084         163       28343       28767
Swap:          2147         438        1708
Total:        35595        4458        2793

              total        used        free      shared  buff/cache   available
Mem:          33447        4046        1057         163       28344       28741
Swap:          2147         438        1708
Total:        35595        4484        2766

              total        used        free      shared  buff/cache   available
Mem:          33447        4044        1059         163       28344       28743
Swap:          2147         438        1708
Total:        35595        4482        2768

              total        used        free      shared  buff/cache   available
Mem:          33447        4051        1052         163       28343       28736
Swap:          2147         438        1708
Total:        35595        4489        2761

              total        used        free      shared  buff/cache   available
Mem:          33447        4054        1051         159       28340       28735
Swap:          2147         438        1708
Total:        35595        4493        2760

              total        used        free      shared  buff/cache   available
Mem:          33447        4037        1068         159       28340       28752
Swap:          2147         438        1708
Total:        35595        4476        2777

              total        used        free      shared  buff/cache   available
Mem:          33447        4035        1070         159       28341       28755
Swap:          2147         438        1708
Total:        35595        4473        2779

              total        used        free      shared  buff/cache   available
Mem:          33447        4014        1091         159       28342       28776
Swap:          2147         438        1708
Total:        35595        4452        2799

              total        used        free      shared  buff/cache   available
Mem:          33447        4018        1086         159       28342       28772
Swap:          2147         438        1708
Total:        35595        4456        2795

              total        used        free      shared  buff/cache   available
Mem:          33447        4020        1083         159       28343       28770
Swap:          2147         438        1708
Total:        35595        4459        2792

              total        used        free      shared  buff/cache   available
Mem:          33447        4020        1083         159       28343       28769
Swap:          2147         438        1708
Total:        35595        4459        2792

              total        used        free      shared  buff/cache   available
Mem:          33447        4026        1076         160       28344       28763
Swap:          2147         438        1708
Total:        35595        4465        2785

              total        used        free      shared  buff/cache   available
Mem:          33447        4026        1076         160       28344       28763
Swap:          2147         438        1708
Total:        35595        4465        2785

              total        used        free      shared  buff/cache   available
Mem:          33447        3930        1175         157       28341       28862
Swap:          2147         438        1708
Total:        35595        4368        2884

              total        used        free      shared  buff/cache   available
Mem:          33447        3935        1174         154       28338       28860
Swap:          2147         438        1708
Total:        35595        4373        2883

              total        used        free      shared  buff/cache   available
Mem:          33447        3902        1205         154       28339       28893
Swap:          2147         438        1708
Total:        35595        4340        2914

              total        used        free      shared  buff/cache   available
Mem:          33447        3903        1203         154       28340       28892
Swap:          2147         438        1708
Total:        35595        4341        2912

              total        used        free      shared  buff/cache   available
Mem:          33447        3913        1193         154       28340       28882
Swap:          2147         438        1708
Total:        35595        4352        2902

              total        used        free      shared  buff/cache   available
Mem:          33447        3913        1192         154       28341       28882
Swap:          2147         438        1708
Total:        35595        4352        2901

              total        used        free      shared  buff/cache   available
Mem:          33447        3920        1186         154       28341       28875
Swap:          2147         438        1708
Total:        35595        4359        2894

              total        used        free      shared  buff/cache   available
Mem:          33447        3920        1185         154       28341       28875
Swap:          2147         438        1708
Total:        35595        4359        2894

              total        used        free      shared  buff/cache   available
Mem:          33447        3912        1192         154       28342       28883
Swap:          2147         438        1708
Total:        35595        4351        2901

              total        used        free      shared  buff/cache   available
Mem:          33447        3913        1191         154       28342       28882
Swap:          2147         438        1708
Total:        35595        4351        2900

              total        used        free      shared  buff/cache   available
Mem:          33447        3921        1183         154       28342       28874
Swap:          2147         438        1708
Total:        35595        4360        2892

              total        used        free      shared  buff/cache   available
Mem:          33447        3935        1168         154       28342       28860
Swap:          2147         438        1708
Total:        35595        4374        2877

              total        used        free      shared  buff/cache   available
Mem:          33447        3907        1196         154       28343       28888
Swap:          2147         438        1708
Total:        35595        4345        2905

              total        used        free      shared  buff/cache   available
Mem:          33447        3903        1198         154       28344       28892
Swap:          2147         438        1708
Total:        35595        4342        2907

              total        used        free      shared  buff/cache   available
Mem:          33447        3918        1184         154       28344       28877
Swap:          2147         438        1708
Total:        35595        4357        2893

              total        used        free      shared  buff/cache   available
Mem:          33447        3935        1168         154       28343       28860
Swap:          2147         438        1708
Total:        35595        4374        2877

              total        used        free      shared  buff/cache   available
Mem:          33447        3935        1167         154       28344       28860
Swap:          2147         438        1708
Total:        35595        4373        2876

              total        used        free      shared  buff/cache   available
Mem:          33447        3913        1189         154       28344       28882
Swap:          2147         438        1708
Total:        35595        4351        2898

              total        used        free      shared  buff/cache   available
Mem:          33447        3915        1184         157       28348       28877
Swap:          2147         438        1708
Total:        35595        4353        2893

              total        used        free      shared  buff/cache   available
Mem:          33447        3925        1173         157       28348       28866
Swap:          2147         438        1708
Total:        35595        4364        2882

              total        used        free      shared  buff/cache   available
Mem:          33447        3935        1163         157       28348       28857
Swap:          2147         438        1708
Total:        35595        4373        2872

              total        used        free      shared  buff/cache   available
Mem:          33447        3909        1188         157       28349       28883
Swap:          2147         438        1708
Total:        35595        4347        2897

              total        used        free      shared  buff/cache   available
Mem:          33447        3916        1184         154       28347       28879
Swap:          2147         438        1708
Total:        35595        4354        2893

              total        used        free      shared  buff/cache   available
Mem:          33447        3914        1185         154       28346       28881
Swap:          2147         438        1708
Total:        35595        4353        2894

              total        used        free      shared  buff/cache   available
Mem:          33447        3949        1148         156       28349       28844
Swap:          2147         438        1708
Total:        35595        4388        2857

              total        used        free      shared  buff/cache   available
Mem:          33447        3950        1146         157       28351       28843
Swap:          2147         438        1708
Total:        35595        4388        2855

              total        used        free      shared  buff/cache   available
Mem:          33447        3956        1138         160       28353       28833
Swap:          2147         438        1708
Total:        35595        4394        2846

              total        used        free      shared  buff/cache   available
Mem:          33447        3969        1125         160       28353       28821
Swap:          2147         438        1708
Total:        35595        4407        2834

              total        used        free      shared  buff/cache   available
Mem:          33447        4060        1033         160       28354       28729
Swap:          2147         438        1708
Total:        35595        4498        2742

              total        used        free      shared  buff/cache   available
Mem:          33447        4073        1020         160       28354       28717
Swap:          2147         438        1708
Total:        35595        4511        2729

              total        used        free      shared  buff/cache   available
Mem:          33447        4077        1015         160       28354       28712
Swap:          2147         438        1708
Total:        35595        4516        2724

              total        used        free      shared  buff/cache   available
Mem:          33447        4156         936         160       28354       28633
Swap:          2147         438        1708
Total:        35595        4595        2645

              total        used        free      shared  buff/cache   available
Mem:          33447        4039        1053         160       28355       28750
Swap:          2147         438        1708
Total:        35595        4477        2762

              total        used        free      shared  buff/cache   available
Mem:          33447        4063        1029         160       28354       28726
Swap:          2147         438        1708
Total:        35595        4502        2738

              total        used        free      shared  buff/cache   available
Mem:          33447        4046        1044         160       28356       28743
Swap:          2147         438        1708
Total:        35595        4485        2753

              total        used        free      shared  buff/cache   available
Mem:          33447        4037        1053         160       28356       28752
Swap:          2147         438        1708
Total:        35595        4475        2762

              total        used        free      shared  buff/cache   available
Mem:          33447        4055        1035         160       28357       28735
Swap:          2147         438        1708
Total:        35595        4493        2743

              total        used        free      shared  buff/cache   available
Mem:          33447        4062        1027         160       28357       28727
Swap:          2147         438        1708
Total:        35595        4500        2736

              total        used        free      shared  buff/cache   available
Mem:          33447        4054        1035         160       28357       28735
Swap:          2147         438        1708
Total:        35595        4493        2744

              total        used        free      shared  buff/cache   available
Mem:          33447        4044        1044         160       28357       28745
Swap:          2147         438        1708
Total:        35595        4483        2753

              total        used        free      shared  buff/cache   available
Mem:          33447        4042        1045         160       28359       28747
Swap:          2147         438        1708
Total:        35595        4480        2754

              total        used        free      shared  buff/cache   available
Mem:          33447        4042        1045         160       28359       28747
Swap:          2147         438        1708
Total:        35595        4481        2754

              total        used        free      shared  buff/cache   available
Mem:          33447        4033        1054         160       28359       28756
Swap:          2147         438        1708
Total:        35595        4472        2763

              total        used        free      shared  buff/cache   available
Mem:          33447        4035        1052         160       28359       28754
Swap:          2147         438        1708
Total:        35595        4474        2761

              total        used        free      shared  buff/cache   available
Mem:          33447        4035        1052         160       28359       28754
Swap:          2147         438        1708
Total:        35595        4474        2761

              total        used        free      shared  buff/cache   available
Mem:          33447        3941        1146         160       28359       28848
Swap:          2147         438        1708
Total:        35595        4379        2855

              total        used        free      shared  buff/cache   available
Mem:          33447        3940        1147         160       28359       28849
Swap:          2147         438        1708
Total:        35595        4379        2856

              total        used        free      shared  buff/cache   available
Mem:          33447        3938        1150         160       28359       28852
Swap:          2147         438        1708
Total:        35595        4376        2859

              total        used        free      shared  buff/cache   available
Mem:          33447        3936        1148         163       28362       28850
Swap:          2147         438        1708
Total:        35595        4375        2857

              total        used        free      shared  buff/cache   available
Mem:          33447        3936        1148         163       28362       28850
Swap:          2147         438        1708
Total:        35595        4374        2857

              total        used        free      shared  buff/cache   available
Mem:          33447        3934        1150         163       28362       28852
Swap:          2147         438        1708
Total:        35595        4373        2859

              total        used        free      shared  buff/cache   available
Mem:          33447        3935        1149         163       28362       28851
Swap:          2147         438        1708
Total:        35595        4374        2858
