RESET
CPU yadrolab-wp11 1745516173 2025/04/24 20:36:13 2102796 100 24 14933181 21368558 1165482 5004947232 159568 0 15944 0 0 78077 100 0 0
SEP
CPU yadrolab-wp11 1745516174 2025/04/24 20:36:14 1 100 24 13 7 1 2376 0 0 0 0 0 74400 100 0 0
SEP
CPU yadrolab-wp11 1745516175 2025/04/24 20:36:15 1 100 24 14 5 1 2373 0 0 0 0 0 76108 100 0 0
SEP
CPU yadrolab-wp11 1745516176 2025/04/24 20:36:16 1 100 24 14 8 3 2374 0 0 0 0 0 74400 100 0 0
SEP
CPU yadrolab-wp11 1745516177 2025/04/24 20:36:17 1 100 24 16 5 2 2376 0 0 0 0 0 76120 100 0 0
SEP
CPU yadrolab-wp11 1745516178 2025/04/24 20:36:18 1 100 24 23 5 13 2354 0 0 0 0 0 74151 100 0 0
SEP
CPU yadrolab-wp11 1745516179 2025/04/24 20:36:19 1 100 24 12 8 1 2375 0 0 0 0 0 74384 100 0 0
SEP
CPU yadrolab-wp11 1745516180 2025/04/24 20:36:20 1 100 24 11 8 3 2376 0 0 0 0 0 76379 100 0 0
SEP
CPU yadrolab-wp11 1745516181 2025/04/24 20:36:21 1 100 24 15 8 2 2371 0 0 0 0 0 77457 100 0 0
SEP
CPU yadrolab-wp11 1745516182 2025/04/24 20:36:22 1 100 24 26 2 94 2285 0 0 0 0 0 78628 100 0 0
SEP
CPU yadrolab-wp11 1745516183 2025/04/24 20:36:23 1 100 24 14 6 2 2374 0 0 0 0 0 73311 100 0 0
SEP
CPU yadrolab-wp11 1745516184 2025/04/24 20:36:24 1 100 24 63 498 4 1807 4 0 0 0 0 76402 100 0 0
SEP
CPU yadrolab-wp11 1745516185 2025/04/24 20:36:25 1 100 24 85 310 56 1815 111 0 0 0 0 76830 100 0 0
SEP
CPU yadrolab-wp11 1745516186 2025/04/24 20:36:26 1 100 24 65 508 2 1801 2 0 0 0 0 78483 100 0 0
SEP
CPU yadrolab-wp11 1745516187 2025/04/24 20:36:27 1 100 24 80 528 5 1749 3 0 0 0 0 77519 100 0 0
SEP
CPU yadrolab-wp11 1745516188 2025/04/24 20:36:28 1 100 24 95 548 3 1722 2 0 0 0 0 76938 100 0 0
SEP
CPU yadrolab-wp11 1745516189 2025/04/24 20:36:29 1 100 24 101 525 4 1739 3 0 0 0 0 77921 100 0 0
SEP
CPU yadrolab-wp11 1745516190 2025/04/24 20:36:30 1 100 24 92 535 5 1752 3 0 0 0 0 79302 100 0 0
SEP
CPU yadrolab-wp11 1745516191 2025/04/24 20:36:31 1 100 24 66 500 2 1810 3 0 0 0 0 78309 100 0 0
SEP
CPU yadrolab-wp11 1745516192 2025/04/24 20:36:32 1 100 24 82 379 6 1901 3 0 0 0 0 107853 100 0 0
SEP
CPU yadrolab-wp11 1745516193 2025/04/24 20:36:33 1 100 24 96 539 3 1740 2 0 0 0 0 76549 100 0 0
SEP
CPU yadrolab-wp11 1745516194 2025/04/24 20:36:34 1 100 24 76 523 5 1777 6 0 0 0 0 76750 100 0 0
SEP
CPU yadrolab-wp11 1745516195 2025/04/24 20:36:35 1 100 24 81 526 6 1776 6 0 0 0 0 77204 100 0 0
SEP
CPU yadrolab-wp11 1745516196 2025/04/24 20:36:36 1 100 24 68 522 4 1779 3 0 0 0 0 76491 100 0 0
SEP
CPU yadrolab-wp11 1745516197 2025/04/24 20:36:37 1 100 24 93 551 7 1738 2 0 0 0 0 76712 100 0 0
SEP
CPU yadrolab-wp11 1745516198 2025/04/24 20:36:38 1 100 24 89 541 4 1740 3 0 0 0 0 77678 100 0 0
SEP
CPU yadrolab-wp11 1745516199 2025/04/24 20:36:39 1 100 24 83 529 4 1763 3 0 0 0 0 73608 100 0 0
SEP
CPU yadrolab-wp11 1745516200 2025/04/24 20:36:40 1 100 24 66 501 4 1806 2 0 0 0 0 79478 100 0 0
SEP
CPU yadrolab-wp11 1745516201 2025/04/24 20:36:41 1 100 24 60 494 4 1816 3 0 0 0 0 77614 100 0 0
SEP
CPU yadrolab-wp11 1745516202 2025/04/24 20:36:42 1 100 24 71 506 3 1792 3 0 0 0 0 77167 100 0 0
SEP
CPU yadrolab-wp11 1745516203 2025/04/24 20:36:43 1 100 24 87 526 4 1757 3 0 0 0 0 77617 100 0 0
SEP
CPU yadrolab-wp11 1745516204 2025/04/24 20:36:44 1 100 24 86 494 3 1777 5 0 0 0 0 79876 100 0 0
SEP
CPU yadrolab-wp11 1745516205 2025/04/24 20:36:45 1 100 24 79 445 5 1841 5 0 0 0 0 84719 100 0 0
SEP
CPU yadrolab-wp11 1745516206 2025/04/24 20:36:46 1 100 24 85 440 5 1849 3 0 0 0 0 75828 100 0 0
SEP
CPU yadrolab-wp11 1745516207 2025/04/24 20:36:47 1 100 24 107 546 5 1733 3 0 0 0 0 75804 100 0 0
SEP
CPU yadrolab-wp11 1745516208 2025/04/24 20:36:48 1 100 24 75 490 10 1786 3 0 0 0 0 76806 100 0 0
SEP
CPU yadrolab-wp11 1745516209 2025/04/24 20:36:49 1 100 24 74 528 8 1760 3 0 0 0 0 77148 100 0 0
SEP
CPU yadrolab-wp11 1745516210 2025/04/24 20:36:50 1 100 24 80 516 4 1762 3 0 0 0 0 76910 100 0 0
SEP
CPU yadrolab-wp11 1745516211 2025/04/24 20:36:51 1 100 24 64 486 2 1806 5 0 0 0 0 65185 100 0 0
SEP
CPU yadrolab-wp11 1745516212 2025/04/24 20:36:52 1 100 24 104 520 2 1739 3 0 0 0 0 78061 100 0 0
SEP
CPU yadrolab-wp11 1745516213 2025/04/24 20:36:53 1 100 24 90 536 3 1737 3 0 0 0 0 78076 100 0 0
SEP
CPU yadrolab-wp11 1745516214 2025/04/24 20:36:54 1 100 24 90 483 5 1791 5 0 0 0 0 79792 100 0 0
SEP
CPU yadrolab-wp11 1745516215 2025/04/24 20:36:55 1 100 24 102 364 3 1904 6 0 0 0 0 76211 100 0 0
SEP
CPU yadrolab-wp11 1745516216 2025/04/24 20:36:56 1 100 24 91 532 5 1740 6 0 0 0 0 75430 100 0 0
SEP
CPU yadrolab-wp11 1745516217 2025/04/24 20:36:57 1 100 24 83 538 6 1751 4 0 0 0 0 76763 100 0 0
SEP
CPU yadrolab-wp11 1745516218 2025/04/24 20:36:58 1 100 24 75 521 4 1786 3 0 1 0 0 77160 100 0 0
SEP
CPU yadrolab-wp11 1745516219 2025/04/24 20:36:59 1 100 24 98 517 5 1757 3 0 0 0 0 76153 100 0 0
SEP
CPU yadrolab-wp11 1745516220 2025/04/24 20:37:00 1 100 24 71 500 14 1778 2 0 0 0 0 74400 100 0 0
SEP
CPU yadrolab-wp11 1745516221 2025/04/24 20:37:01 1 100 24 75 533 5 1767 3 0 0 0 0 74740 100 0 0
SEP
CPU yadrolab-wp11 1745516222 2025/04/24 20:37:02 1 100 24 88 514 27 1753 3 0 0 0 0 78116 100 0 0
SEP
CPU yadrolab-wp11 1745516223 2025/04/24 20:37:03 1 100 24 84 531 25 1748 4 0 0 0 0 77057 100 0 0
SEP
CPU yadrolab-wp11 1745516224 2025/04/24 20:37:04 1 100 24 64 501 40 1786 3 0 0 0 0 64580 100 0 0
SEP
CPU yadrolab-wp11 1745516225 2025/04/24 20:37:05 1 100 24 104 523 48 1689 13 0 0 0 0 78559 100 0 0
SEP
CPU yadrolab-wp11 1745516226 2025/04/24 20:37:06 1 100 24 103 529 12 1727 7 0 0 0 0 79616 100 0 0
SEP
CPU yadrolab-wp11 1745516227 2025/04/24 20:37:07 1 100 24 70 489 45 1775 8 0 0 0 0 78332 100 0 0
SEP
CPU yadrolab-wp11 1745516228 2025/04/24 20:37:08 1 100 24 90 469 2 1799 8 0 0 0 0 100651 100 0 0
SEP
CPU yadrolab-wp11 1745516229 2025/04/24 20:37:09 1 100 24 117 439 4 1819 9 0 0 0 0 76290 100 0 0
SEP
CPU yadrolab-wp11 1745516230 2025/04/24 20:37:10 1 100 24 92 520 6 1752 9 0 0 0 0 76977 100 0 0
SEP
CPU yadrolab-wp11 1745516231 2025/04/24 20:37:11 1 100 24 91 531 4 1743 11 0 0 0 0 77332 100 0 0
SEP
CPU yadrolab-wp11 1745516232 2025/04/24 20:37:12 1 100 24 87 519 4 1750 10 0 0 0 0 78670 100 0 0
SEP
CPU yadrolab-wp11 1745516233 2025/04/24 20:37:13 1 100 24 92 381 4 1880 9 0 0 0 0 73925 100 0 0
SEP
CPU yadrolab-wp11 1745516234 2025/04/24 20:37:14 1 100 24 95 566 7 1714 11 0 0 0 0 75521 100 0 0
SEP
CPU yadrolab-wp11 1745516235 2025/04/24 20:37:15 1 100 24 82 512 4 1770 7 0 0 0 0 77078 100 0 0
SEP
CPU yadrolab-wp11 1745516236 2025/04/24 20:37:16 1 100 24 122 574 6 1659 8 0 0 0 0 77146 100 0 0
SEP
CPU yadrolab-wp11 1745516237 2025/04/24 20:37:17 1 100 24 23 14 1 2332 15 0 0 0 0 76142 100 0 0
SEP
CPU yadrolab-wp11 1745516238 2025/04/24 20:37:18 1 100 24 16 10 2 2369 0 0 0 0 0 76784 100 0 0
SEP
CPU yadrolab-wp11 1745516239 2025/04/24 20:37:19 1 100 24 18 2 1 2375 0 0 0 0 0 75724 100 0 0
SEP
CPU yadrolab-wp11 1745516240 2025/04/24 20:37:20 1 100 24 24 19 0 2346 0 0 0 0 0 75663 100 0 0
SEP
CPU yadrolab-wp11 1745516241 2025/04/24 20:37:21 1 100 24 12 5 0 2376 0 0 0 0 0 76603 100 0 0
SEP
CPU yadrolab-wp11 1745516242 2025/04/24 20:37:22 1 100 24 14 5 1 2376 0 0 0 0 0 76018 100 0 0
SEP
CPU yadrolab-wp11 1745516243 2025/04/24 20:37:23 1 100 24 15 8 2 2372 0 0 0 0 0 75812 100 0 0
SEP
CPU yadrolab-wp11 1745516244 2025/04/24 20:37:24 1 100 24 16 7 2 2369 0 0 0 0 0 75819 100 0 0
SEP
CPU yadrolab-wp11 1745516245 2025/04/24 20:37:25 1 100 24 12 14 1 2372 0 0 0 0 0 76265 100 0 0
SEP
CPU yadrolab-wp11 1745516246 2025/04/24 20:37:26 1 100 24 12 6 0 2376 0 0 0 0 0 76043 100 0 0
SEP
