533 
513 
844 
543 
517 
496 
510 
543 
561 
522 
517 
547 
460 
529 
501 
577 
516 
545 
514 
564 
520 
491 
488 
486 
492 
503 
517 
566 
475 
518 
531 
508 
488 
538 
535 
524 
576 
523 
486 
552 
500 
561 
506 
546 
553 
518 
476 
494 
511 
487 
504 
541 
542 
590 
521 
523 
523 
545 
521 
544 
552 
541 
492 
556 
508 
499 
502 
532 
523 
574 
504 
462 
491 
510 
495 
498 
547 
541 
532 
515 
528 
540 
494 
494 
485 
564 
588 
603 
569 
557 
562 
549 
510 
613 
532 
586 
626 
538 
492 
610 
