              total        used        free      shared  buff/cache   available
Mem:          33447        3717        1106         161       28623       29084
Swap:          2147         438        1708
Total:        35595        4155        2815

              total        used        free      shared  buff/cache   available
Mem:          33447        3722        1104         158       28620       29082
Swap:          2147         438        1708
Total:        35595        4161        2813

              total        used        free      shared  buff/cache   available
Mem:          33447        3722        1104         158       28620       29081
Swap:          2147         438        1708
Total:        35595        4161        2812

              total        used        free      shared  buff/cache   available
Mem:          33447        3723        1103         158       28620       29081
Swap:          2147         438        1708
Total:        35595        4162        2812

              total        used        free      shared  buff/cache   available
Mem:          33447        3722        1104         158       28620       29081
Swap:          2147         438        1708
Total:        35595        4161        2812

              total        used        free      shared  buff/cache   available
Mem:          33447        3758        1065         160       28622       29043
Swap:          2147         438        1708
Total:        35595        4197        2774

              total        used        free      shared  buff/cache   available
Mem:          33447        3756        1067         160       28622       29045
Swap:          2147         438        1708
Total:        35595        4195        2776

              total        used        free      shared  buff/cache   available
Mem:          33447        3753        1068         164       28626       29045
Swap:          2147         438        1708
Total:        35595        4192        2776

              total        used        free      shared  buff/cache   available
Mem:          33447        3756        1064         164       28626       29042
Swap:          2147         438        1708
Total:        35595        4195        2773

              total        used        free      shared  buff/cache   available
Mem:          33447        3856         964         164       28626       28942
Swap:          2147         438        1708
Total:        35595        4295        2673

              total        used        free      shared  buff/cache   available
Mem:          33447        3860         960         164       28626       28938
Swap:          2147         438        1708
Total:        35595        4299        2669

              total        used        free      shared  buff/cache   available
Mem:          33447        3980         840         164       28626       28818
Swap:          2147         438        1708
Total:        35595        4419        2549

              total        used        free      shared  buff/cache   available
Mem:          33447        3956         867         164       28623       28842
Swap:          2147         438        1708
Total:        35595        4395        2576

              total        used        free      shared  buff/cache   available
Mem:          33447        3950         870         164       28626       28848
Swap:          2147         438        1708
Total:        35595        4389        2578

              total        used        free      shared  buff/cache   available
Mem:          33447        3946         874         164       28626       28852
Swap:          2147         438        1708
Total:        35595        4385        2582

              total        used        free      shared  buff/cache   available
Mem:          33447        3958         862         164       28626       28840
Swap:          2147         438        1708
Total:        35595        4397        2570

              total        used        free      shared  buff/cache   available
Mem:          33447        3955         865         164       28627       28843
Swap:          2147         438        1708
Total:        35595        4394        2573

              total        used        free      shared  buff/cache   available
Mem:          33447        3955         862         167       28630       28840
Swap:          2147         438        1708
Total:        35595        4394        2570

              total        used        free      shared  buff/cache   available
Mem:          33447        3952         864         167       28630       28843
Swap:          2147         438        1708
Total:        35595        4391        2573

              total        used        free      shared  buff/cache   available
Mem:          33447        3956         860         167       28630       28839
Swap:          2147         438        1708
Total:        35595        4395        2568

              total        used        free      shared  buff/cache   available
Mem:          33447        3972         843         167       28630       28822
Swap:          2147         438        1708
Total:        35595        4411        2552

              total        used        free      shared  buff/cache   available
Mem:          33447        3975         844         164       28628       28823
Swap:          2147         438        1708
Total:        35595        4413        2552

              total        used        free      shared  buff/cache   available
Mem:          33447        3975         842         164       28628       28823
Swap:          2147         438        1708
Total:        35595        4414        2551

              total        used        free      shared  buff/cache   available
Mem:          33447        3978         840         164       28628       28820
Swap:          2147         438        1708
Total:        35595        4416        2549

              total        used        free      shared  buff/cache   available
Mem:          33447        3968         850         164       28628       28830
Swap:          2147         438        1708
Total:        35595        4406        2559

              total        used        free      shared  buff/cache   available
Mem:          33447        3955         862         164       28629       28843
Swap:          2147         438        1708
Total:        35595        4394        2571

              total        used        free      shared  buff/cache   available
Mem:          33447        3958         860         164       28629       28840
Swap:          2147         438        1708
Total:        35595        4396        2568

              total        used        free      shared  buff/cache   available
Mem:          33447        3946         870         164       28630       28852
Swap:          2147         438        1708
Total:        35595        4385        2579

              total        used        free      shared  buff/cache   available
Mem:          33447        3960         857         164       28630       28838
Swap:          2147         438        1708
Total:        35595        4398        2565

              total        used        free      shared  buff/cache   available
Mem:          33447        3958         858         164       28630       28840
Swap:          2147         438        1708
Total:        35595        4397        2567

              total        used        free      shared  buff/cache   available
Mem:          33447        3954         862         164       28630       28844
Swap:          2147         438        1708
Total:        35595        4392        2571

              total        used        free      shared  buff/cache   available
Mem:          33447        3975         840         164       28631       28823
Swap:          2147         438        1708
Total:        35595        4414        2549

              total        used        free      shared  buff/cache   available
Mem:          33447        3969         846         164       28631       28829
Swap:          2147         438        1708
Total:        35595        4408        2555

              total        used        free      shared  buff/cache   available
Mem:          33447        3963         852         164       28631       28835
Swap:          2147         438        1708
Total:        35595        4402        2561

              total        used        free      shared  buff/cache   available
Mem:          33447        3964         851         164       28632       28834
Swap:          2147         438        1708
Total:        35595        4402        2559

              total        used        free      shared  buff/cache   available
Mem:          33447        3947         867         164       28632       28851
Swap:          2147         438        1708
Total:        35595        4386        2575

              total        used        free      shared  buff/cache   available
Mem:          33447        3954         860         164       28632       28844
Swap:          2147         438        1708
Total:        35595        4392        2569

              total        used        free      shared  buff/cache   available
Mem:          33447        3955         859         164       28633       28843
Swap:          2147         438        1708
Total:        35595        4394        2567

              total        used        free      shared  buff/cache   available
Mem:          33447        3933         881         164       28632       28865
Swap:          2147         438        1708
Total:        35595        4372        2589

              total        used        free      shared  buff/cache   available
Mem:          33447        3931         882         164       28633       28866
Swap:          2147         438        1708
Total:        35595        4370        2590

              total        used        free      shared  buff/cache   available
Mem:          33447        3931         882         164       28633       28866
Swap:          2147         438        1708
Total:        35595        4370        2590

              total        used        free      shared  buff/cache   available
Mem:          33447        3954         859         164       28633       28844
Swap:          2147         438        1708
Total:        35595        4392        2568

              total        used        free      shared  buff/cache   available
Mem:          33447        3938         875         164       28633       28859
Swap:          2147         438        1708
Total:        35595        4377        2584

              total        used        free      shared  buff/cache   available
Mem:          33447        3954         858         164       28634       28843
Swap:          2147         438        1708
Total:        35595        4393        2567

              total        used        free      shared  buff/cache   available
Mem:          33447        3952         860         164       28634       28846
Swap:          2147         438        1708
Total:        35595        4391        2569

              total        used        free      shared  buff/cache   available
Mem:          33447        3955         857         164       28634       28843
Swap:          2147         438        1708
Total:        35595        4394        2566

              total        used        free      shared  buff/cache   available
Mem:          33447        3943         869         164       28634       28854
Swap:          2147         438        1708
Total:        35595        4382        2578

              total        used        free      shared  buff/cache   available
Mem:          33447        3950         858         167       28638       28845
Swap:          2147         438        1708
Total:        35595        4389        2567

              total        used        free      shared  buff/cache   available
Mem:          33447        3936         869         170       28641       28856
Swap:          2147         438        1708
Total:        35595        4375        2578

              total        used        free      shared  buff/cache   available
Mem:          33447        3991         808         176       28647       28795
Swap:          2147         438        1708
Total:        35595        4430        2517

              total        used        free      shared  buff/cache   available
Mem:          33447        4008         792         176       28647       28778
Swap:          2147         438        1708
Total:        35595        4446        2500

              total        used        free      shared  buff/cache   available
Mem:          33447        4011         789         176       28647       28775
Swap:          2147         438        1708
Total:        35595        4449        2497

              total        used        free      shared  buff/cache   available
Mem:          33447        4032         751         173       28663       28757
Swap:          2147         438        1708
Total:        35595        4471        2460

              total        used        free      shared  buff/cache   available
Mem:          33447        4046         735         175       28665       28741
Swap:          2147         438        1708
Total:        35595        4485        2444

              total        used        free      shared  buff/cache   available
Mem:          33447        4010         772         173       28664       28779
Swap:          2147         438        1708
Total:        35595        4448        2481

              total        used        free      shared  buff/cache   available
Mem:          33447        4025         757         173       28664       28764
Swap:          2147         438        1708
Total:        35595        4463        2466

              total        used        free      shared  buff/cache   available
Mem:          33447        4026         756         173       28664       28762
Swap:          2147         438        1708
Total:        35595        4465        2464

              total        used        free      shared  buff/cache   available
Mem:          33447        4007         774         173       28665       28782
Swap:          2147         438        1708
Total:        35595        4446        2483

              total        used        free      shared  buff/cache   available
Mem:          33447        3998         783         173       28665       28791
Swap:          2147         438        1708
Total:        35595        4437        2492

              total        used        free      shared  buff/cache   available
Mem:          33447        4022         760         173       28664       28767
Swap:          2147         438        1708
Total:        35595        4461        2468

              total        used        free      shared  buff/cache   available
Mem:          33447        4005         776         173       28664       28784
Swap:          2147         438        1708
Total:        35595        4444        2485

              total        used        free      shared  buff/cache   available
Mem:          33447        4002         779         173       28665       28787
Swap:          2147         438        1708
Total:        35595        4441        2488

              total        used        free      shared  buff/cache   available
Mem:          33447        4008         773         173       28666       28781
Swap:          2147         438        1708
Total:        35595        4447        2481

              total        used        free      shared  buff/cache   available
Mem:          33447        3997         783         173       28666       28792
Swap:          2147         438        1708
Total:        35595        4436        2492

              total        used        free      shared  buff/cache   available
Mem:          33447        3992         789         173       28665       28797
Swap:          2147         438        1708
Total:        35595        4431        2498

              total        used        free      shared  buff/cache   available
Mem:          33447        3993         788         173       28665       28796
Swap:          2147         438        1708
Total:        35595        4432        2497

              total        used        free      shared  buff/cache   available
Mem:          33447        3993         787         173       28665       28795
Swap:          2147         438        1708
Total:        35595        4432        2496

              total        used        free      shared  buff/cache   available
Mem:          33447        3898         883         173       28665       28891
Swap:          2147         438        1708
Total:        35595        4337        2592

              total        used        free      shared  buff/cache   available
Mem:          33447        3897         884         173       28665       28892
Swap:          2147         438        1708
Total:        35595        4335        2593

              total        used        free      shared  buff/cache   available
Mem:          33447        3895         885         173       28665       28893
Swap:          2147         438        1708
Total:        35595        4334        2594

              total        used        free      shared  buff/cache   available
Mem:          33447        3894         887         173       28665       28895
Swap:          2147         438        1708
Total:        35595        4333        2596

              total        used        free      shared  buff/cache   available
Mem:          33447        3893         888         173       28665       28896
Swap:          2147         438        1708
Total:        35595        4332        2596

              total        used        free      shared  buff/cache   available
Mem:          33447        3893         888         173       28665       28895
Swap:          2147         438        1708
Total:        35595        4332        2596

              total        used        free      shared  buff/cache   available
Mem:          33447        3895         886         173       28665       28894
Swap:          2147         438        1708
Total:        35595        4334        2594
