RESET
CPU yadrolab-wp11 1745511013 2025/04/24 19:10:13 2097636 100 24 14693242 20271953 1143327 4993983855 150585 0 15760 0 0 78574 100 0 0
SEP
CPU yadrolab-wp11 1745511014 2025/04/24 19:10:14 1 100 24 15 5 2 2378 0 0 0 0 0 76729 100 0 0
SEP
CPU yadrolab-wp11 1745511015 2025/04/24 19:10:15 1 100 24 13 6 1 2374 0 0 0 0 0 76960 100 0 0
SEP
CPU yadrolab-wp11 1745511016 2025/04/24 19:10:16 1 100 24 11 6 1 2377 0 0 0 0 0 75028 100 0 0
SEP
CPU yadrolab-wp11 1745511017 2025/04/24 19:10:17 1 100 24 19 6 2 2371 0 0 0 0 0 74454 100 0 0
SEP
CPU yadrolab-wp11 1745511018 2025/04/24 19:10:18 1 100 24 14 6 2 2374 0 0 0 0 0 76333 100 0 0
SEP
CPU yadrolab-wp11 1745511019 2025/04/24 19:10:19 1 100 24 11 8 1 2376 0 0 0 0 0 76190 100 0 0
SEP
CPU yadrolab-wp11 1745511020 2025/04/24 19:10:20 1 100 24 17 5 2 2375 0 0 0 0 0 76647 100 0 0
SEP
CPU yadrolab-wp11 1745511021 2025/04/24 19:10:21 1 100 24 16 4 0 2377 0 0 0 0 0 76516 100 0 0
SEP
CPU yadrolab-wp11 1745511022 2025/04/24 19:10:22 1 100 24 16 7 2 2373 0 0 0 0 0 74437 100 0 0
SEP
CPU yadrolab-wp11 1745511023 2025/04/24 19:10:23 1 100 24 14 5 2 2373 0 0 0 0 0 71268 100 0 0
SEP
CPU yadrolab-wp11 1745511024 2025/04/24 19:10:24 1 100 24 60 298 1 2045 1 0 0 0 0 77387 100 0 0
SEP
CPU yadrolab-wp11 1745511025 2025/04/24 19:10:25 1 100 24 48 293 2 2041 2 0 0 0 0 77751 100 0 0
SEP
CPU yadrolab-wp11 1745511026 2025/04/24 19:10:26 1 100 24 56 312 3 2010 2 0 0 0 0 77432 100 0 0
SEP
CPU yadrolab-wp11 1745511027 2025/04/24 19:10:27 1 100 24 58 295 2 2015 1 0 0 0 0 72215 100 0 0
SEP
CPU yadrolab-wp11 1745511028 2025/04/24 19:10:28 1 100 24 54 298 2 2028 2 0 0 0 0 75427 100 0 0
SEP
CPU yadrolab-wp11 1745511029 2025/04/24 19:10:29 1 100 24 46 295 2 2040 2 0 0 0 0 77073 100 0 0
SEP
CPU yadrolab-wp11 1745511030 2025/04/24 19:10:30 1 100 24 61 294 2 2021 1 0 0 0 0 77312 100 0 0
SEP
CPU yadrolab-wp11 1745511031 2025/04/24 19:10:31 1 100 24 56 324 3 2011 2 0 0 0 0 77007 100 0 0
SEP
CPU yadrolab-wp11 1745511032 2025/04/24 19:10:32 1 100 24 60 299 3 2013 2 0 0 0 0 77613 100 0 0
SEP
CPU yadrolab-wp11 1745511033 2025/04/24 19:10:33 1 100 24 58 302 15 2008 1 0 0 0 0 77396 100 0 0
SEP
CPU yadrolab-wp11 1745511034 2025/04/24 19:10:34 1 100 24 78 323 2 1978 2 0 0 0 0 76944 100 0 0
SEP
CPU yadrolab-wp11 1745511035 2025/04/24 19:10:35 1 100 24 54 302 4 2034 1 0 0 0 0 77856 100 0 0
SEP
CPU yadrolab-wp11 1745511036 2025/04/24 19:10:36 1 100 24 38 282 3 2063 2 0 0 0 0 74607 100 0 0
SEP
CPU yadrolab-wp11 1745511037 2025/04/24 19:10:37 1 100 24 69 308 60 1940 2 0 0 0 0 79536 100 0 0
SEP
CPU yadrolab-wp11 1745511038 2025/04/24 19:10:38 1 100 24 70 316 30 1950 3 0 0 0 0 74452 100 0 0
SEP
CPU yadrolab-wp11 1745511039 2025/04/24 19:10:39 1 100 24 49 307 3 2022 2 0 0 0 0 87830 100 0 0
SEP
CPU yadrolab-wp11 1745511040 2025/04/24 19:10:40 1 100 24 51 266 43 2018 5 0 0 0 0 80547 100 0 0
SEP
CPU yadrolab-wp11 1745511041 2025/04/24 19:10:41 1 100 24 47 286 2 2017 31 0 0 0 0 40430 100 0 0
SEP
CPU yadrolab-wp11 1745511042 2025/04/24 19:10:42 1 100 24 79 334 4 1973 2 0 0 0 0 75418 100 0 0
SEP
CPU yadrolab-wp11 1745511043 2025/04/24 19:10:43 1 100 24 61 302 4 2009 2 0 0 0 0 74400 100 0 0
SEP
CPU yadrolab-wp11 1745511044 2025/04/24 19:10:44 1 100 24 71 309 3 1999 2 0 0 0 0 76647 100 0 0
SEP
CPU yadrolab-wp11 1745511045 2025/04/24 19:10:45 1 100 24 58 318 3 2017 1 0 0 0 0 77232 100 0 0
SEP
CPU yadrolab-wp11 1745511046 2025/04/24 19:10:46 1 100 24 66 315 2 2015 2 0 0 0 0 77143 100 0 0
SEP
CPU yadrolab-wp11 1745511047 2025/04/24 19:10:47 1 100 24 84 347 2 1965 1 0 0 0 0 77690 100 0 0
SEP
CPU yadrolab-wp11 1745511048 2025/04/24 19:10:48 1 100 24 72 335 3 1989 2 0 0 0 0 76059 100 0 0
SEP
CPU yadrolab-wp11 1745511049 2025/04/24 19:10:49 1 100 24 50 312 1 2013 2 0 0 0 0 107800 100 0 0
SEP
CPU yadrolab-wp11 1745511050 2025/04/24 19:10:50 1 100 24 48 292 3 2046 1 0 0 0 0 77115 100 0 0
SEP
CPU yadrolab-wp11 1745511051 2025/04/24 19:10:51 1 100 24 49 296 2 2038 2 0 0 0 0 77665 100 0 0
SEP
CPU yadrolab-wp11 1745511052 2025/04/24 19:10:52 1 100 24 42 274 3 2073 0 0 0 0 0 73434 100 0 0
SEP
CPU yadrolab-wp11 1745511053 2025/04/24 19:10:53 1 100 24 53 307 2 2033 1 0 0 0 0 77013 100 0 0
SEP
CPU yadrolab-wp11 1745511054 2025/04/24 19:10:54 1 100 24 66 324 2 1996 2 0 0 0 0 74735 100 0 0
SEP
CPU yadrolab-wp11 1745511055 2025/04/24 19:10:55 1 100 24 66 314 3 2005 2 0 0 0 0 78410 100 0 0
SEP
CPU yadrolab-wp11 1745511056 2025/04/24 19:10:56 1 100 24 62 313 3 2021 1 0 0 0 0 78510 100 0 0
SEP
CPU yadrolab-wp11 1745511057 2025/04/24 19:10:57 1 100 24 57 301 1 2032 2 0 0 0 0 74409 100 0 0
SEP
CPU yadrolab-wp11 1745511058 2025/04/24 19:10:58 1 100 24 75 318 1 1990 1 0 0 0 0 78494 100 0 0
SEP
CPU yadrolab-wp11 1745511059 2025/04/24 19:10:59 1 100 24 47 293 0 2043 3 0 0 0 0 76812 100 0 0
SEP
CPU yadrolab-wp11 1745511060 2025/04/24 19:11:00 1 100 24 56 305 5 2034 2 0 0 0 0 75901 100 0 0
SEP
CPU yadrolab-wp11 1745511061 2025/04/24 19:11:01 1 100 24 68 326 2 1986 2 0 0 0 0 77564 100 0 0
SEP
CPU yadrolab-wp11 1745511062 2025/04/24 19:11:02 1 100 24 63 313 3 2008 1 0 0 0 0 74536 100 0 0
SEP
CPU yadrolab-wp11 1745511063 2025/04/24 19:11:03 1 100 24 69 329 7 2002 2 0 0 0 0 78389 100 0 0
SEP
CPU yadrolab-wp11 1745511064 2025/04/24 19:11:04 1 100 24 68 307 6 2008 1 0 0 0 0 78883 100 0 0
SEP
CPU yadrolab-wp11 1745511065 2025/04/24 19:11:05 1 100 24 53 297 2 2026 2 0 0 0 0 77927 100 0 0
SEP
CPU yadrolab-wp11 1745511066 2025/04/24 19:11:06 1 100 24 84 327 2 1970 1 0 0 0 0 83487 100 0 0
SEP
CPU yadrolab-wp11 1745511067 2025/04/24 19:11:07 1 100 24 50 291 3 2038 2 0 0 0 0 74760 100 0 0
SEP
CPU yadrolab-wp11 1745511068 2025/04/24 19:11:08 1 100 24 52 286 2 2048 2 0 0 0 0 78043 100 0 0
SEP
CPU yadrolab-wp11 1745511069 2025/04/24 19:11:09 1 100 24 58 305 4 2015 1 0 0 0 0 74525 100 0 0
SEP
CPU yadrolab-wp11 1745511070 2025/04/24 19:11:10 1 100 24 44 300 2 2036 2 0 0 0 0 76041 100 0 0
SEP
CPU yadrolab-wp11 1745511071 2025/04/24 19:11:11 1 100 24 65 297 1 2025 1 0 0 0 0 81564 100 0 0
SEP
CPU yadrolab-wp11 1745511072 2025/04/24 19:11:12 1 100 24 55 314 1 2019 2 0 0 0 0 77531 100 0 0
SEP
CPU yadrolab-wp11 1745511073 2025/04/24 19:11:13 1 100 24 74 329 3 1980 1 0 0 0 0 75928 100 0 0
SEP
CPU yadrolab-wp11 1745511074 2025/04/24 19:11:14 1 100 24 66 316 4 1990 2 0 0 0 0 77931 100 0 0
SEP
CPU yadrolab-wp11 1745511075 2025/04/24 19:11:15 1 100 24 58 307 2 2026 2 0 0 0 0 78863 100 0 0
SEP
CPU yadrolab-wp11 1745511076 2025/04/24 19:11:16 1 100 24 46 309 3 2035 1 0 0 0 0 79311 100 0 0
SEP
CPU yadrolab-wp11 1745511077 2025/04/24 19:11:17 1 100 24 68 308 3 1991 2 0 0 0 0 78180 100 0 0
SEP
CPU yadrolab-wp11 1745511078 2025/04/24 19:11:18 1 100 24 73 337 3 1977 2 0 0 0 0 76723 100 0 0
SEP
CPU yadrolab-wp11 1745511079 2025/04/24 19:11:19 1 100 24 74 329 5 1982 2 0 0 0 0 78197 100 0 0
SEP
CPU yadrolab-wp11 1745511080 2025/04/24 19:11:20 1 100 24 53 295 1 2027 3 0 0 0 0 74658 100 0 0
SEP
CPU yadrolab-wp11 1745511081 2025/04/24 19:11:21 1 100 24 68 325 3 2002 5 0 0 0 0 78969 100 0 0
SEP
CPU yadrolab-wp11 1745511082 2025/04/24 19:11:22 1 100 24 60 309 3 2013 3 0 0 0 0 79794 100 0 0
SEP
CPU yadrolab-wp11 1745511083 2025/04/24 19:11:23 1 100 24 67 324 4 1992 5 0 0 0 0 78606 100 0 0
SEP
CPU yadrolab-wp11 1745511084 2025/04/24 19:11:24 1 100 24 64 335 2 1973 3 0 0 0 0 77048 100 0 0
SEP
CPU yadrolab-wp11 1745511085 2025/04/24 19:11:25 1 100 24 62 314 2 1994 5 0 0 0 0 77867 100 0 0
SEP
CPU yadrolab-wp11 1745511086 2025/04/24 19:11:26 1 100 24 86 338 4 1955 9 0 0 0 0 77351 100 0 0
SEP
CPU yadrolab-wp11 1745511087 2025/04/24 19:11:27 1 100 24 76 332 2 1982 2 0 0 0 0 77619 100 0 0
SEP
CPU yadrolab-wp11 1745511088 2025/04/24 19:11:28 1 100 24 63 327 2 1994 4 0 0 0 0 76494 100 0 0
SEP
CPU yadrolab-wp11 1745511089 2025/04/24 19:11:29 1 100 24 72 317 1 1985 12 0 0 0 0 80109 100 0 0
SEP
CPU yadrolab-wp11 1745511090 2025/04/24 19:11:30 1 100 24 76 325 3 1972 7 0 0 0 0 76930 100 0 0
SEP
CPU yadrolab-wp11 1745511091 2025/04/24 19:11:31 1 100 24 64 220 3 2097 2 0 0 0 0 107907 100 0 0
SEP
CPU yadrolab-wp11 1745511092 2025/04/24 19:11:32 1 100 24 64 274 2 2041 5 0 1 0 0 67304 100 0 0
SEP
CPU yadrolab-wp11 1745511093 2025/04/24 19:11:33 1 100 24 63 297 3 2012 4 0 0 0 0 74624 100 0 0
SEP
CPU yadrolab-wp11 1745511094 2025/04/24 19:11:34 1 100 24 59 319 1 2007 3 0 0 0 0 73072 100 0 0
SEP
CPU yadrolab-wp11 1745511095 2025/04/24 19:11:35 1 100 24 84 340 5 1948 4 0 0 0 0 75421 100 0 0
SEP
CPU yadrolab-wp11 1745511096 2025/04/24 19:11:36 1 100 24 42 284 2 2056 4 0 0 0 0 55382 100 0 0
SEP
CPU yadrolab-wp11 1745511097 2025/04/24 19:11:37 1 100 24 72 292 2 2031 1 0 0 0 0 78442 100 0 0
SEP
CPU yadrolab-wp11 1745511098 2025/04/24 19:11:38 1 100 24 71 328 2 1976 3 0 0 0 0 76721 100 0 0
SEP
CPU yadrolab-wp11 1745511099 2025/04/24 19:11:39 1 100 24 61 306 14 1993 10 0 0 0 0 79393 100 0 0
SEP
CPU yadrolab-wp11 1745511100 2025/04/24 19:11:40 1 100 24 68 308 2 2012 2 0 0 0 0 77859 100 0 0
SEP
CPU yadrolab-wp11 1745511101 2025/04/24 19:11:41 1 100 24 74 307 3 2000 1 0 0 0 0 74422 100 0 0
SEP
CPU yadrolab-wp11 1745511102 2025/04/24 19:11:42 1 100 24 56 289 55 1964 3 0 0 0 0 80069 100 0 0
SEP
CPU yadrolab-wp11 1745511103 2025/04/24 19:11:43 1 100 24 53 291 32 2005 2 0 0 0 0 77494 100 0 0
SEP
CPU yadrolab-wp11 1745511104 2025/04/24 19:11:44 1 100 24 65 311 5 2002 1 0 0 0 0 78341 100 0 0
SEP
CPU yadrolab-wp11 1745511105 2025/04/24 19:11:45 1 100 24 56 282 41 2013 6 0 0 0 0 78674 100 0 0
SEP
CPU yadrolab-wp11 1745511106 2025/04/24 19:11:46 1 100 24 45 303 2 2021 1 0 0 0 0 71772 100 0 0
SEP
CPU yadrolab-wp11 1745511107 2025/04/24 19:11:47 1 100 24 61 290 1 2045 1 0 0 0 0 69938 100 0 0
SEP
CPU yadrolab-wp11 1745511108 2025/04/24 19:11:48 1 100 24 88 329 3 1982 2 0 0 0 0 77437 100 0 0
SEP
CPU yadrolab-wp11 1745511109 2025/04/24 19:11:49 1 100 24 59 307 3 2018 2 0 0 0 0 76513 100 0 0
SEP
CPU yadrolab-wp11 1745511110 2025/04/24 19:11:50 1 100 24 62 297 1 2016 2 0 0 0 0 79763 100 0 0
SEP
CPU yadrolab-wp11 1745511111 2025/04/24 19:11:51 1 100 24 55 498 2 1830 1 0 0 0 0 78293 100 0 0
SEP
CPU yadrolab-wp11 1745511112 2025/04/24 19:11:52 1 100 24 75 325 1 1994 2 0 0 0 0 80533 100 0 0
SEP
CPU yadrolab-wp11 1745511113 2025/04/24 19:11:53 1 100 24 59 319 3 2006 2 0 0 0 0 77339 100 0 0
SEP
CPU yadrolab-wp11 1745511114 2025/04/24 19:11:54 1 100 24 57 236 3 2076 2 0 0 0 0 107875 100 0 0
SEP
CPU yadrolab-wp11 1745511115 2025/04/24 19:11:55 1 100 24 71 210 5 2083 2 0 0 0 0 74265 100 0 0
SEP
CPU yadrolab-wp11 1745511116 2025/04/24 19:11:56 1 100 24 63 321 3 2002 3 0 0 0 0 75896 100 0 0
SEP
CPU yadrolab-wp11 1745511117 2025/04/24 19:11:57 1 100 24 58 316 2 2015 13 0 0 0 0 75743 100 0 0
SEP
CPU yadrolab-wp11 1745511118 2025/04/24 19:11:58 1 100 24 59 313 1 2013 1 0 0 0 0 77738 100 0 0
SEP
CPU yadrolab-wp11 1745511119 2025/04/24 19:11:59 1 100 24 77 338 5 1977 2 0 0 0 0 76047 100 0 0
SEP
CPU yadrolab-wp11 1745511120 2025/04/24 19:12:00 1 100 24 81 314 13 1981 2 0 0 0 0 72025 100 0 0
SEP
CPU yadrolab-wp11 1745511121 2025/04/24 19:12:01 1 100 24 60 344 7 1985 1 0 0 0 0 75396 100 0 0
SEP
CPU yadrolab-wp11 1745511122 2025/04/24 19:12:02 1 100 24 76 319 21 1959 2 0 0 0 0 75691 100 0 0
SEP
CPU yadrolab-wp11 1745511123 2025/04/24 19:12:03 1 100 24 56 300 5 2032 1 0 0 0 0 74591 100 0 0
SEP
CPU yadrolab-wp11 1745511124 2025/04/24 19:12:04 1 100 24 33 276 3 2075 1 0 0 0 0 77150 100 0 0
SEP
CPU yadrolab-wp11 1745511125 2025/04/24 19:12:05 1 100 24 13 7 3 2371 0 0 0 0 0 76518 100 0 0
SEP
CPU yadrolab-wp11 1745511126 2025/04/24 19:12:06 1 100 24 17 4 1 2375 0 0 0 0 0 77649 100 0 0
SEP
CPU yadrolab-wp11 1745511127 2025/04/24 19:12:07 1 100 24 15 4 1 2375 0 0 0 0 0 76977 100 0 0
SEP
CPU yadrolab-wp11 1745511128 2025/04/24 19:12:08 1 100 24 27 14 4 2347 0 0 0 0 0 74536 100 0 0
SEP
CPU yadrolab-wp11 1745511129 2025/04/24 19:12:09 1 100 24 14 4 8 2369 0 0 0 0 0 76536 100 0 0
SEP
CPU yadrolab-wp11 1745511130 2025/04/24 19:12:10 1 100 24 14 9 7 2369 0 0 0 0 0 76556 100 0 0
SEP
CPU yadrolab-wp11 1745511131 2025/04/24 19:12:11 1 100 24 15 7 2 2375 0 0 0 0 0 76345 100 0 0
SEP
CPU yadrolab-wp11 1745511132 2025/04/24 19:12:12 1 100 24 14 7 3 2372 0 0 0 0 0 74487 100 0 0
SEP
CPU yadrolab-wp11 1745511133 2025/04/24 19:12:13 1 100 24 14 6 0 2375 0 0 0 0 0 75874 100 0 0
SEP
