1688 
1720 
1629 
1687 
1683 
1668 
1665 
1666 
1617 
1581 
1624 
1652 
1617 
1722 
1651 
1631 
1567 
1655 
1655 
1569 
1568 
1737 
1518 
1711 
1682 
1574 
1658 
1545 
1574 
1703 
1661 
1707 
1667 
1509 
1582 
1537 
1675 
1656 
1541 
1640 
1609 
1594 
1668 
1629 
1690 
1643 
1502 
1632 
1539 
1618 
1628 
1634 
1629 
1683 
1573 
1655 
1556 
1656 
1589 
1560 
1538 
1464 
1547 
1580 
1726 
1637 
1516 
1606 
1537 
1578 
1674 
1602 
1629 
1664 
1510 
1663 
1521 
1685 
1617 
1588 
1604 
1597 
1689 
1650 
1697 
1652 
1684 
1501 
1682 
1722 
1496 
1748 
1605 
1686 
1619 
1560 
1583 
1656 
1684 
1617 
