              total        used        free      shared  buff/cache   available
Mem:          33447        3886        1277         161       28283       28903
Swap:          2147         438        1708
Total:        35595        4324        2986

              total        used        free      shared  buff/cache   available
Mem:          33447        3892        1270         161       28283       28896
Swap:          2147         438        1708
Total:        35595        4331        2979

              total        used        free      shared  buff/cache   available
Mem:          33447        3893        1269         161       28283       28895
Swap:          2147         438        1708
Total:        35595        4332        2978

              total        used        free      shared  buff/cache   available
Mem:          33447        3893        1270         161       28283       28896
Swap:          2147         438        1708
Total:        35595        4331        2979

              total        used        free      shared  buff/cache   available
Mem:          33447        3894        1269         161       28283       28895
Swap:          2147         438        1708
Total:        35595        4332        2978

              total        used        free      shared  buff/cache   available
Mem:          33447        3893        1270         161       28283       28895
Swap:          2147         438        1708
Total:        35595        4331        2979

              total        used        free      shared  buff/cache   available
Mem:          33447        3894        1268         161       28283       28894
Swap:          2147         438        1708
Total:        35595        4333        2977

              total        used        free      shared  buff/cache   available
Mem:          33447        3895        1268         161       28283       28893
Swap:          2147         438        1708
Total:        35595        4333        2977

              total        used        free      shared  buff/cache   available
Mem:          33447        3895        1268         161       28283       28894
Swap:          2147         438        1708
Total:        35595        4333        2977

              total        used        free      shared  buff/cache   available
Mem:          33447        3894        1268         161       28283       28894
Swap:          2147         438        1708
Total:        35595        4333        2977

              total        used        free      shared  buff/cache   available
Mem:          33447        3895        1268         161       28283       28894
Swap:          2147         438        1708
Total:        35595        4333        2977

              total        used        free      shared  buff/cache   available
Mem:          33447        4009        1151         161       28286       28780
Swap:          2147         438        1708
Total:        35595        4447        2860

              total        used        free      shared  buff/cache   available
Mem:          33447        4009        1151         161       28286       28779
Swap:          2147         438        1708
Total:        35595        4448        2860

              total        used        free      shared  buff/cache   available
Mem:          33447        4013        1147         161       28287       28776
Swap:          2147         438        1708
Total:        35595        4451        2856

              total        used        free      shared  buff/cache   available
Mem:          33447        4003        1159         158       28284       28788
Swap:          2147         438        1708
Total:        35595        4441        2868

              total        used        free      shared  buff/cache   available
Mem:          33447        4017        1144         158       28285       28773
Swap:          2147         438        1708
Total:        35595        4456        2853

              total        used        free      shared  buff/cache   available
Mem:          33447        4040        1122         158       28285       28751
Swap:          2147         438        1708
Total:        35595        4478        2830

              total        used        free      shared  buff/cache   available
Mem:          33447        4045        1116         158       28285       28746
Swap:          2147         438        1708
Total:        35595        4483        2825

              total        used        free      shared  buff/cache   available
Mem:          33447        4013        1144         162       28289       28774
Swap:          2147         438        1708
Total:        35595        4452        2853

              total        used        free      shared  buff/cache   available
Mem:          33447        3916        1244         159       28287       28874
Swap:          2147         438        1708
Total:        35595        4354        2953

              total        used        free      shared  buff/cache   available
Mem:          33447        3947        1213         158       28286       28844
Swap:          2147         438        1708
Total:        35595        4386        2922

              total        used        free      shared  buff/cache   available
Mem:          33447        3979        1185         155       28283       28815
Swap:          2147         438        1708
Total:        35595        4417        2894

              total        used        free      shared  buff/cache   available
Mem:          33447        3951        1209         159       28286       28839
Swap:          2147         438        1708
Total:        35595        4390        2918

              total        used        free      shared  buff/cache   available
Mem:          33447        3951        1207         161       28288       28837
Swap:          2147         438        1708
Total:        35595        4390        2916

              total        used        free      shared  buff/cache   available
Mem:          33447        4052        1110         157       28284       28739
Swap:          2147         438        1708
Total:        35595        4491        2819

              total        used        free      shared  buff/cache   available
Mem:          33447        4089        1074         157       28283       28702
Swap:          2147         438        1708
Total:        35595        4528        2783

              total        used        free      shared  buff/cache   available
Mem:          33447        4080        1082         157       28283       28711
Swap:          2147         438        1708
Total:        35595        4519        2791

              total        used        free      shared  buff/cache   available
Mem:          33447        4042        1121         157       28283       28750
Swap:          2147         438        1708
Total:        35595        4481        2830

              total        used        free      shared  buff/cache   available
Mem:          33447        4033        1130         157       28283       28758
Swap:          2147         438        1708
Total:        35595        4472        2839

              total        used        free      shared  buff/cache   available
Mem:          33447        4041        1121         157       28284       28750
Swap:          2147         438        1708
Total:        35595        4480        2830

              total        used        free      shared  buff/cache   available
Mem:          33447        4052        1110         158       28284       28739
Swap:          2147         438        1708
Total:        35595        4491        2819

              total        used        free      shared  buff/cache   available
Mem:          33447        4053        1109         157       28284       28739
Swap:          2147         438        1708
Total:        35595        4491        2818

              total        used        free      shared  buff/cache   available
Mem:          33447        4038        1124         158       28285       28754
Swap:          2147         438        1708
Total:        35595        4476        2833

              total        used        free      shared  buff/cache   available
Mem:          33447        4062        1099         158       28285       28730
Swap:          2147         438        1708
Total:        35595        4500        2808

              total        used        free      shared  buff/cache   available
Mem:          33447        4041        1120         158       28285       28751
Swap:          2147         438        1708
Total:        35595        4480        2829

              total        used        free      shared  buff/cache   available
Mem:          33447        4056        1105         158       28285       28735
Swap:          2147         438        1708
Total:        35595        4495        2814

              total        used        free      shared  buff/cache   available
Mem:          33447        4048        1113         158       28285       28744
Swap:          2147         438        1708
Total:        35595        4486        2822

              total        used        free      shared  buff/cache   available
Mem:          33447        4039        1121         158       28286       28752
Swap:          2147         438        1708
Total:        35595        4478        2830

              total        used        free      shared  buff/cache   available
Mem:          33447        4053        1107         158       28286       28739
Swap:          2147         438        1708
Total:        35595        4491        2816

              total        used        free      shared  buff/cache   available
Mem:          33447        4042        1116         158       28288       28749
Swap:          2147         438        1708
Total:        35595        4481        2825

              total        used        free      shared  buff/cache   available
Mem:          33447        4040        1118         158       28288       28751
Swap:          2147         438        1708
Total:        35595        4479        2827

              total        used        free      shared  buff/cache   available
Mem:          33447        4037        1121         158       28288       28754
Swap:          2147         438        1708
Total:        35595        4476        2830

              total        used        free      shared  buff/cache   available
Mem:          33447        4038        1120         158       28288       28754
Swap:          2147         438        1708
Total:        35595        4476        2829

              total        used        free      shared  buff/cache   available
Mem:          33447        4064        1093         158       28289       28727
Swap:          2147         438        1708
Total:        35595        4503        2802

              total        used        free      shared  buff/cache   available
Mem:          33447        4040        1117         158       28288       28751
Swap:          2147         438        1708
Total:        35595        4479        2826

              total        used        free      shared  buff/cache   available
Mem:          33447        4077        1080         158       28289       28714
Swap:          2147         438        1708
Total:        35595        4516        2789

              total        used        free      shared  buff/cache   available
Mem:          33447        4076        1082         158       28289       28716
Swap:          2147         438        1708
Total:        35595        4514        2791

              total        used        free      shared  buff/cache   available
Mem:          33447        4043        1112         161       28292       28745
Swap:          2147         438        1708
Total:        35595        4481        2821

              total        used        free      shared  buff/cache   available
Mem:          33447        4068        1086         161       28292       28720
Swap:          2147         438        1708
Total:        35595        4507        2795

              total        used        free      shared  buff/cache   available
Mem:          33447        4067        1087         161       28292       28721
Swap:          2147         438        1708
Total:        35595        4505        2796

              total        used        free      shared  buff/cache   available
Mem:          33447        4054        1100         161       28292       28734
Swap:          2147         438        1708
Total:        35595        4493        2809

              total        used        free      shared  buff/cache   available
Mem:          33447        4019        1138         158       28289       28772
Swap:          2147         438        1708
Total:        35595        4458        2847

              total        used        free      shared  buff/cache   available
Mem:          33447        4018        1138         158       28290       28773
Swap:          2147         438        1708
Total:        35595        4457        2847

              total        used        free      shared  buff/cache   available
Mem:          33447        4016        1140         158       28290       28775
Swap:          2147         438        1708
Total:        35595        4455        2849

              total        used        free      shared  buff/cache   available
Mem:          33447        4018        1138         158       28290       28774
Swap:          2147         438        1708
Total:        35595        4456        2847

              total        used        free      shared  buff/cache   available
Mem:          33447        4023        1133         158       28291       28768
Swap:          2147         438        1708
Total:        35595        4461        2842

              total        used        free      shared  buff/cache   available
Mem:          33447        3928        1230         156       28289       28866
Swap:          2147         438        1708
Total:        35595        4366        2938

              total        used        free      shared  buff/cache   available
Mem:          33447        3958        1203         152       28286       28839
Swap:          2147         438        1708
Total:        35595        4396        2911

              total        used        free      shared  buff/cache   available
Mem:          33447        3958        1201         152       28287       28838
Swap:          2147         438        1708
Total:        35595        4397        2910

              total        used        free      shared  buff/cache   available
Mem:          33447        3927        1232         152       28287       28869
Swap:          2147         438        1708
Total:        35595        4366        2941

              total        used        free      shared  buff/cache   available
Mem:          33447        3957        1202         152       28287       28839
Swap:          2147         438        1708
Total:        35595        4396        2911

              total        used        free      shared  buff/cache   available
Mem:          33447        3924        1235         152       28287       28872
Swap:          2147         438        1708
Total:        35595        4363        2944

              total        used        free      shared  buff/cache   available
Mem:          33447        3948        1211         152       28287       28849
Swap:          2147         438        1708
Total:        35595        4386        2920

              total        used        free      shared  buff/cache   available
Mem:          33447        3960        1199         152       28287       28837
Swap:          2147         438        1708
Total:        35595        4399        2908

              total        used        free      shared  buff/cache   available
Mem:          33447        3943        1215         152       28287       28853
Swap:          2147         438        1708
Total:        35595        4382        2924

              total        used        free      shared  buff/cache   available
Mem:          33447        3944        1215         152       28287       28853
Swap:          2147         438        1708
Total:        35595        4382        2924

              total        used        free      shared  buff/cache   available
Mem:          33447        3941        1218         153       28288       28856
Swap:          2147         438        1708
Total:        35595        4379        2927

              total        used        free      shared  buff/cache   available
Mem:          33447        3950        1208         153       28288       28846
Swap:          2147         438        1708
Total:        35595        4389        2917

              total        used        free      shared  buff/cache   available
Mem:          33447        3951        1207         153       28288       28845
Swap:          2147         438        1708
Total:        35595        4390        2916

              total        used        free      shared  buff/cache   available
Mem:          33447        3945        1213         153       28288       28851
Swap:          2147         438        1708
Total:        35595        4384        2922

              total        used        free      shared  buff/cache   available
Mem:          33447        3944        1214         153       28288       28852
Swap:          2147         438        1708
Total:        35595        4383        2922

              total        used        free      shared  buff/cache   available
Mem:          33447        3940        1218         153       28288       28856
Swap:          2147         438        1708
Total:        35595        4378        2927

              total        used        free      shared  buff/cache   available
Mem:          33447        3946        1211         153       28289       28850
Swap:          2147         438        1708
Total:        35595        4385        2920

              total        used        free      shared  buff/cache   available
Mem:          33447        3950        1207         153       28289       28846
Swap:          2147         438        1708
Total:        35595        4389        2916

              total        used        free      shared  buff/cache   available
Mem:          33447        3951        1206         153       28289       28845
Swap:          2147         438        1708
Total:        35595        4390        2915

              total        used        free      shared  buff/cache   available
Mem:          33447        3943        1214         153       28289       28853
Swap:          2147         438        1708
Total:        35595        4382        2923

              total        used        free      shared  buff/cache   available
Mem:          33447        3935        1224         153       28288       28862
Swap:          2147         438        1708
Total:        35595        4373        2933

              total        used        free      shared  buff/cache   available
Mem:          33447        3946        1210         156       28291       28848
Swap:          2147         438        1708
Total:        35595        4384        2918

              total        used        free      shared  buff/cache   available
Mem:          33447        3921        1234         156       28291       28872
Swap:          2147         438        1708
Total:        35595        4360        2943

              total        used        free      shared  buff/cache   available
Mem:          33447        3920        1235         156       28291       28873
Swap:          2147         438        1708
Total:        35595        4359        2943

              total        used        free      shared  buff/cache   available
Mem:          33447        3933        1222         156       28292       28860
Swap:          2147         438        1708
Total:        35595        4371        2931

              total        used        free      shared  buff/cache   available
Mem:          33447        3919        1238         153       28289       28877
Swap:          2147         438        1708
Total:        35595        4358        2947

              total        used        free      shared  buff/cache   available
Mem:          33447        3932        1225         153       28289       28864
Swap:          2147         438        1708
Total:        35595        4370        2934

              total        used        free      shared  buff/cache   available
Mem:          33447        3915        1241         153       28290       28881
Swap:          2147         438        1708
Total:        35595        4354        2950

              total        used        free      shared  buff/cache   available
Mem:          33447        3916        1238         153       28292       28880
Swap:          2147         438        1708
Total:        35595        4355        2947

              total        used        free      shared  buff/cache   available
Mem:          33447        3921        1233         153       28292       28875
Swap:          2147         438        1708
Total:        35595        4359        2942

              total        used        free      shared  buff/cache   available
Mem:          33447        3957        1194         155       28295       28837
Swap:          2147         438        1708
Total:        35595        4395        2903

              total        used        free      shared  buff/cache   available
Mem:          33447        3955        1193         158       28298       28836
Swap:          2147         438        1708
Total:        35595        4393        2902

              total        used        free      shared  buff/cache   available
Mem:          33447        3951        1196         158       28299       28840
Swap:          2147         438        1708
Total:        35595        4390        2905

              total        used        free      shared  buff/cache   available
Mem:          33447        4084        1065         158       28297       28707
Swap:          2147         438        1708
Total:        35595        4522        2774

              total        used        free      shared  buff/cache   available
Mem:          33447        4081        1068         158       28297       28710
Swap:          2147         438        1708
Total:        35595        4519        2777

              total        used        free      shared  buff/cache   available
Mem:          33447        4074        1074         158       28297       28717
Swap:          2147         438        1708
Total:        35595        4513        2783

              total        used        free      shared  buff/cache   available
Mem:          33447        4049        1100         159       28296       28741
Swap:          2147         438        1708
Total:        35595        4488        2809

              total        used        free      shared  buff/cache   available
Mem:          33447        4058        1091         158       28298       28733
Swap:          2147         438        1708
Total:        35595        4496        2799

              total        used        free      shared  buff/cache   available
Mem:          33447        4041        1107         159       28298       28750
Swap:          2147         438        1708
Total:        35595        4480        2816

              total        used        free      shared  buff/cache   available
Mem:          33447        4064        1083         158       28298       28726
Swap:          2147         438        1708
Total:        35595        4503        2792

              total        used        free      shared  buff/cache   available
Mem:          33447        4065        1083         159       28299       28726
Swap:          2147         438        1708
Total:        35595        4503        2792

              total        used        free      shared  buff/cache   available
Mem:          33447        4048        1100         159       28298       28743
Swap:          2147         438        1708
Total:        35595        4486        2809

              total        used        free      shared  buff/cache   available
Mem:          33447        4087        1059         159       28300       28703
Swap:          2147         438        1708
Total:        35595        4526        2768

              total        used        free      shared  buff/cache   available
Mem:          33447        4056        1091         159       28300       28735
Swap:          2147         438        1708
Total:        35595        4494        2800

              total        used        free      shared  buff/cache   available
Mem:          33447        4078        1068         159       28299       28712
Swap:          2147         438        1708
Total:        35595        4517        2777

              total        used        free      shared  buff/cache   available
Mem:          33447        4059        1087         159       28299       28731
Swap:          2147         438        1708
Total:        35595        4498        2796

              total        used        free      shared  buff/cache   available
Mem:          33447        4038        1109         159       28299       28752
Swap:          2147         438        1708
Total:        35595        4477        2818

              total        used        free      shared  buff/cache   available
Mem:          33447        4035        1112         159       28299       28755
Swap:          2147         438        1708
Total:        35595        4474        2821

              total        used        free      shared  buff/cache   available
Mem:          33447        4056        1091         159       28299       28735
Swap:          2147         438        1708
Total:        35595        4494        2800

              total        used        free      shared  buff/cache   available
Mem:          33447        4055        1091         159       28300       28736
Swap:          2147         438        1708
Total:        35595        4493        2800

              total        used        free      shared  buff/cache   available
Mem:          33447        4050        1097         159       28300       28741
Swap:          2147         438        1708
Total:        35595        4488        2805

              total        used        free      shared  buff/cache   available
Mem:          33447        4057        1083         165       28306       28727
Swap:          2147         438        1708
Total:        35595        4496        2791

              total        used        free      shared  buff/cache   available
Mem:          33447        4060        1080         164       28306       28724
Swap:          2147         438        1708
Total:        35595        4499        2789

              total        used        free      shared  buff/cache   available
Mem:          33447        4081        1053         170       28312       28698
Swap:          2147         438        1708
Total:        35595        4519        2762

              total        used        free      shared  buff/cache   available
Mem:          33447        4080        1054         171       28312       28698
Swap:          2147         438        1708
Total:        35595        4518        2763

              total        used        free      shared  buff/cache   available
Mem:          33447        4071        1066         168       28309       28710
Swap:          2147         438        1708
Total:        35595        4510        2775

              total        used        free      shared  buff/cache   available
Mem:          33447        4066        1071         168       28309       28715
Swap:          2147         438        1708
Total:        35595        4505        2780

              total        used        free      shared  buff/cache   available
Mem:          33447        4068        1069         168       28309       28714
Swap:          2147         438        1708
Total:        35595        4506        2778

              total        used        free      shared  buff/cache   available
Mem:          33447        4067        1070         168       28309       28714
Swap:          2147         438        1708
Total:        35595        4506        2779

              total        used        free      shared  buff/cache   available
Mem:          33447        3980        1157         168       28309       28802
Swap:          2147         438        1708
Total:        35595        4418        2866

              total        used        free      shared  buff/cache   available
Mem:          33447        3954        1183         168       28309       28828
Swap:          2147         438        1708
Total:        35595        4392        2892

              total        used        free      shared  buff/cache   available
Mem:          33447        3953        1184         168       28309       28829
Swap:          2147         438        1708
Total:        35595        4391        2893

              total        used        free      shared  buff/cache   available
Mem:          33447        3952        1185         168       28309       28830
Swap:          2147         438        1708
Total:        35595        4390        2894

              total        used        free      shared  buff/cache   available
Mem:          33447        3951        1186         168       28309       28831
Swap:          2147         438        1708
Total:        35595        4389        2895

              total        used        free      shared  buff/cache   available
Mem:          33447        3950        1187         168       28309       28831
Swap:          2147         438        1708
Total:        35595        4389        2895
