RESET
CPU laptop 1745512475 2025/04/24 19:34:35 634045 100 12 2958972 5834098 69335 150718108 231853 0 74855 0 0 23952 100 0 0
SEP
CPU laptop 1745512476 2025/04/24 19:34:36 1 100 12 74 19 0 1101 3 0 0 0 0 16782 100 0 0
SEP
CPU laptop 1745512477 2025/04/24 19:34:37 1 100 12 116 37 0 1038 2 0 0 0 0 16789 100 0 0
SEP
CPU laptop 1745512478 2025/04/24 19:34:38 1 100 12 68 19 0 1110 0 0 1 0 0 16787 100 0 0
SEP
CPU laptop 1745512479 2025/04/24 19:34:39 1 100 12 101 53 0 1040 2 0 0 0 0 17091 100 0 0
SEP
CPU laptop 1745512480 2025/04/24 19:34:40 1 100 12 70 15 0 1112 1 0 0 0 0 16787 100 0 0
SEP
CPU laptop 1745512481 2025/04/24 19:34:41 1 100 12 73 14 0 1111 0 0 0 0 0 18594 100 0 0
SEP
CPU laptop 1745512482 2025/04/24 19:34:42 1 100 12 71 15 0 1110 1 0 0 0 0 16797 100 0 0
SEP
CPU laptop 1745512483 2025/04/24 19:34:43 1 100 12 70 14 0 1113 1 0 0 0 0 18564 100 0 0
SEP
CPU laptop 1745512484 2025/04/24 19:34:44 1 100 12 68 20 0 1110 1 0 0 0 0 16865 100 0 0
SEP
CPU laptop 1745512485 2025/04/24 19:34:45 1 100 12 68 16 0 1113 1 0 0 0 0 16781 100 0 0
SEP
CPU laptop 1745512486 2025/04/24 19:34:46 1 100 12 137 231 1 809 11 0 0 0 0 24085 100 0 0
SEP
CPU laptop 1745512487 2025/04/24 19:34:47 1 100 12 144 93 1 929 17 0 1 0 0 26458 100 0 0
SEP
CPU laptop 1745512488 2025/04/24 19:34:48 1 100 12 108 222 0 865 1 0 1 0 0 20487 100 0 0
SEP
CPU laptop 1745512489 2025/04/24 19:34:49 1 100 12 148 252 1 765 17 0 1 0 0 44685 100 0 0
SEP
CPU laptop 1745512490 2025/04/24 19:34:50 1 100 12 131 108 0 942 9 0 0 0 0 19763 100 0 0
SEP
CPU laptop 1745512491 2025/04/24 19:34:51 1 100 12 125 224 0 829 10 0 0 0 0 19740 100 0 0
SEP
CPU laptop 1745512492 2025/04/24 19:34:52 1 100 12 158 92 1 916 19 0 1 0 0 17472 100 0 0
SEP
CPU laptop 1745512493 2025/04/24 19:34:53 1 100 12 109 217 0 869 1 0 1 0 0 23523 100 0 0
SEP
CPU laptop 1745512494 2025/04/24 19:34:54 1 100 12 146 233 1 782 19 0 2 0 0 26200 100 0 0
SEP
CPU laptop 1745512495 2025/04/24 19:34:55 1 100 12 120 93 1 969 9 0 1 0 0 22333 100 0 0
SEP
CPU laptop 1745512496 2025/04/24 19:34:56 1 100 12 129 233 0 814 10 0 1 0 0 22217 100 0 0
SEP
CPU laptop 1745512497 2025/04/24 19:34:57 1 100 12 165 131 1 863 15 0 1 0 0 17333 100 0 0
SEP
CPU laptop 1745512498 2025/04/24 19:34:58 1 100 12 114 220 0 858 1 0 1 0 0 19747 100 0 0
SEP
CPU laptop 1745512499 2025/04/24 19:34:59 1 100 12 144 235 1 782 18 0 1 0 0 24671 100 0 0
SEP
CPU laptop 1745512500 2025/04/24 19:35:00 1 100 12 120 93 0 970 8 0 1 0 0 27868 100 0 0
SEP
CPU laptop 1745512501 2025/04/24 19:35:01 1 100 12 126 219 1 833 10 0 0 0 0 21978 100 0 0
SEP
CPU laptop 1745512502 2025/04/24 19:35:02 1 100 12 164 118 1 883 17 0 1 0 0 19908 100 0 0
SEP
CPU laptop 1745512503 2025/04/24 19:35:03 1 100 12 110 218 0 869 1 0 0 0 0 21186 100 0 0
SEP
CPU laptop 1745512504 2025/04/24 19:35:04 1 100 12 144 235 1 785 17 0 2 0 0 23588 100 0 0
SEP
CPU laptop 1745512505 2025/04/24 19:35:05 1 100 12 116 90 0 971 10 0 0 0 0 21597 100 0 0
SEP
CPU laptop 1745512506 2025/04/24 19:35:06 1 100 12 128 232 0 817 9 0 1 0 0 20088 100 0 0
SEP
CPU laptop 1745512507 2025/04/24 19:35:07 1 100 12 152 94 1 916 21 0 1 0 0 21423 100 0 0
SEP
CPU laptop 1745512508 2025/04/24 19:35:08 1 100 12 106 218 0 869 1 0 0 0 0 20077 100 0 0
SEP
CPU laptop 1745512509 2025/04/24 19:35:09 1 100 12 150 239 1 776 18 0 2 0 0 27519 100 0 0
SEP
CPU laptop 1745512510 2025/04/24 19:35:10 1 100 12 126 98 0 960 7 0 1 0 0 19616 100 0 0
SEP
CPU laptop 1745512511 2025/04/24 19:35:11 1 100 12 125 227 1 829 10 0 0 0 0 22728 100 0 0
SEP
CPU laptop 1745512512 2025/04/24 19:35:12 1 100 12 146 83 0 929 23 0 3 0 0 34585 100 0 0
SEP
CPU laptop 1745512513 2025/04/24 19:35:13 1 100 12 108 217 0 870 1 0 0 0 0 20501 100 0 0
SEP
CPU laptop 1745512514 2025/04/24 19:35:14 1 100 12 141 233 1 785 17 0 1 0 0 47736 100 0 0
SEP
CPU laptop 1745512515 2025/04/24 19:35:15 1 100 12 122 108 0 949 8 0 1 0 0 19742 100 0 0
SEP
CPU laptop 1745512516 2025/04/24 19:35:16 1 100 12 131 224 1 825 11 0 0 0 0 19389 100 0 0
SEP
CPU laptop 1745512517 2025/04/24 19:35:17 1 100 12 154 91 1 920 17 0 1 0 0 27591 100 0 0
SEP
CPU laptop 1745512518 2025/04/24 19:35:18 1 100 12 105 217 0 874 0 0 0 0 0 23181 100 0 0
SEP
CPU laptop 1745512519 2025/04/24 19:35:19 1 100 12 142 233 0 793 16 0 1 0 0 26269 100 0 0
SEP
CPU laptop 1745512520 2025/04/24 19:35:20 1 100 12 125 97 0 954 12 0 1 0 0 20868 100 0 0
SEP
CPU laptop 1745512521 2025/04/24 19:35:21 1 100 12 119 210 1 855 7 0 0 0 0 20135 100 0 0
SEP
CPU laptop 1745512522 2025/04/24 19:35:22 1 100 12 148 91 0 926 18 0 1 0 0 20761 100 0 0
SEP
CPU laptop 1745512523 2025/04/24 19:35:23 1 100 12 110 216 0 868 0 0 0 0 0 20509 100 0 0
SEP
CPU laptop 1745512524 2025/04/24 19:35:24 1 100 12 139 223 1 800 19 0 1 0 0 21785 100 0 0
SEP
CPU laptop 1745512525 2025/04/24 19:35:25 1 100 12 131 94 0 950 12 0 2 0 0 34490 100 0 0
SEP
CPU laptop 1745512526 2025/04/24 19:35:26 1 100 12 115 213 0 856 6 0 0 0 0 22933 100 0 0
SEP
CPU laptop 1745512527 2025/04/24 19:35:27 1 100 12 154 94 1 916 18 0 1 0 0 21314 100 0 0
SEP
CPU laptop 1745512528 2025/04/24 19:35:28 1 100 12 106 218 0 872 1 0 1 0 0 20380 100 0 0
SEP
CPU laptop 1745512529 2025/04/24 19:35:29 1 100 12 138 227 1 797 18 0 1 0 0 20836 100 0 0
SEP
CPU laptop 1745512530 2025/04/24 19:35:30 1 100 12 124 93 1 958 13 0 0 0 0 16613 100 0 0
SEP
CPU laptop 1745512531 2025/04/24 19:35:31 1 100 12 120 209 0 857 7 0 1 0 0 21251 100 0 0
SEP
CPU laptop 1745512532 2025/04/24 19:35:32 1 100 12 152 87 1 924 17 0 1 0 0 31260 100 0 0
SEP
CPU laptop 1745512533 2025/04/24 19:35:33 1 100 12 108 217 0 871 1 0 0 0 0 19748 100 0 0
SEP
CPU laptop 1745512534 2025/04/24 19:35:34 1 100 12 143 237 1 784 17 0 2 0 0 24262 100 0 0
SEP
CPU laptop 1745512535 2025/04/24 19:35:35 1 100 12 117 93 0 969 8 0 1 0 0 23087 100 0 0
SEP
CPU laptop 1745512536 2025/04/24 19:35:36 1 100 12 128 227 0 825 11 0 0 0 0 20829 100 0 0
SEP
CPU laptop 1745512537 2025/04/24 19:35:37 1 100 12 151 93 1 918 17 0 1 0 0 16541 100 0 0
SEP
CPU laptop 1745512538 2025/04/24 19:35:38 1 100 12 107 216 0 873 2 0 2 0 0 19846 100 0 0
SEP
CPU laptop 1745512539 2025/04/24 19:35:39 1 100 12 151 235 1 775 18 0 0 0 0 27970 100 0 0
SEP
CPU laptop 1745512540 2025/04/24 19:35:40 1 100 12 115 98 0 969 8 0 2 0 0 19726 100 0 0
SEP
CPU laptop 1745512541 2025/04/24 19:35:41 1 100 12 125 231 1 820 12 0 0 0 0 20074 100 0 0
SEP
CPU laptop 1745512542 2025/04/24 19:35:42 1 100 12 148 93 0 929 15 0 2 0 0 29223 100 0 0
SEP
CPU laptop 1745512543 2025/04/24 19:35:43 1 100 12 105 220 0 867 2 0 0 0 0 19751 100 0 0
SEP
CPU laptop 1745512544 2025/04/24 19:35:44 1 100 12 144 236 1 787 17 0 1 0 0 26351 100 0 0
SEP
CPU laptop 1745512545 2025/04/24 19:35:45 1 100 12 115 91 0 970 11 0 1 0 0 22951 100 0 0
SEP
CPU laptop 1745512546 2025/04/24 19:35:46 1 100 12 127 224 1 829 10 0 1 0 0 19766 100 0 0
SEP
CPU laptop 1745512547 2025/04/24 19:35:47 1 100 12 143 87 0 935 20 0 0 0 0 19769 100 0 0
SEP
CPU laptop 1745512548 2025/04/24 19:35:48 1 100 12 103 217 0 873 1 0 1 0 0 20500 100 0 0
SEP
CPU laptop 1745512549 2025/04/24 19:35:49 1 100 12 148 243 1 770 17 0 2 0 0 47893 100 0 0
SEP
CPU laptop 1745512550 2025/04/24 19:35:50 1 100 12 132 116 0 934 9 0 1 0 0 20219 100 0 0
SEP
CPU laptop 1745512551 2025/04/24 19:35:51 1 100 12 125 228 0 822 12 0 0 0 0 20088 100 0 0
SEP
CPU laptop 1745512552 2025/04/24 19:35:52 1 100 12 147 88 1 932 16 0 2 0 0 22385 100 0 0
SEP
CPU laptop 1745512553 2025/04/24 19:35:53 1 100 12 105 220 0 870 1 0 0 0 0 20109 100 0 0
SEP
CPU laptop 1745512554 2025/04/24 19:35:54 1 100 12 139 233 1 794 18 0 0 0 0 26692 100 0 0
SEP
CPU laptop 1745512555 2025/04/24 19:35:55 1 100 12 114 93 0 973 9 0 1 0 0 19731 100 0 0
SEP
CPU laptop 1745512556 2025/04/24 19:35:56 1 100 12 129 227 1 817 14 0 0 0 0 20088 100 0 0
SEP
CPU laptop 1745512557 2025/04/24 19:35:57 1 100 12 142 97 1 926 17 0 1 0 0 29688 100 0 0
SEP
CPU laptop 1745512558 2025/04/24 19:35:58 1 100 12 104 221 0 871 1 0 0 0 0 23024 100 0 0
SEP
CPU laptop 1745512559 2025/04/24 19:35:59 1 100 12 138 230 1 794 17 0 1 0 0 31067 100 0 0
SEP
CPU laptop 1745512560 2025/04/24 19:36:00 1 100 12 116 95 0 972 6 0 0 0 0 20302 100 0 0
SEP
CPU laptop 1745512561 2025/04/24 19:36:01 1 100 12 129 229 1 818 14 0 1 0 0 23974 100 0 0
SEP
CPU laptop 1745512562 2025/04/24 19:36:02 1 100 12 145 93 0 927 18 0 0 0 0 16623 100 0 0
SEP
CPU laptop 1745512563 2025/04/24 19:36:03 1 100 12 108 216 0 870 2 0 0 0 0 19748 100 0 0
SEP
CPU laptop 1745512564 2025/04/24 19:36:04 1 100 12 140 224 2 793 24 0 2 0 0 47892 100 0 0
SEP
CPU laptop 1745512565 2025/04/24 19:36:05 1 100 12 110 105 0 970 4 0 0 0 0 16766 100 0 0
SEP
CPU laptop 1745512566 2025/04/24 19:36:06 1 100 12 128 231 1 814 14 0 1 0 0 20128 100 0 0
SEP
CPU laptop 1745512567 2025/04/24 19:36:07 1 100 12 147 95 0 918 17 0 1 0 0 26465 100 0 0
SEP
CPU laptop 1745512568 2025/04/24 19:36:08 1 100 12 107 219 0 866 3 0 1 0 0 20089 100 0 0
SEP
CPU laptop 1745512569 2025/04/24 19:36:09 1 100 12 143 226 1 790 19 0 1 0 0 47215 100 0 0
SEP
CPU laptop 1745512570 2025/04/24 19:36:10 1 100 12 114 95 1 974 5 0 1 0 0 16762 100 0 0
SEP
CPU laptop 1745512571 2025/04/24 19:36:11 1 100 12 129 225 0 823 12 0 0 0 0 21699 100 0 0
SEP
CPU laptop 1745512572 2025/04/24 19:36:12 1 100 12 148 92 1 923 16 0 1 0 0 23806 100 0 0
SEP
CPU laptop 1745512573 2025/04/24 19:36:13 1 100 12 107 219 0 870 2 0 1 0 0 19757 100 0 0
SEP
CPU laptop 1745512574 2025/04/24 19:36:14 1 100 12 142 233 1 789 17 0 1 0 0 26453 100 0 0
SEP
CPU laptop 1745512575 2025/04/24 19:36:15 1 100 12 117 91 0 971 11 0 0 0 0 27012 100 0 0
SEP
CPU laptop 1745512576 2025/04/24 19:36:16 1 100 12 123 217 0 841 7 0 1 0 0 16786 100 0 0
SEP
CPU laptop 1745512577 2025/04/24 19:36:17 1 100 12 144 121 1 899 17 0 1 0 0 22666 100 0 0
SEP
CPU laptop 1745512578 2025/04/24 19:36:18 1 100 12 104 219 0 873 1 0 1 0 0 21951 100 0 0
SEP
CPU laptop 1745512579 2025/04/24 19:36:19 1 100 12 140 233 1 788 19 0 0 0 0 21164 100 0 0
SEP
CPU laptop 1745512580 2025/04/24 19:36:20 1 100 12 124 91 0 965 9 0 1 0 0 25222 100 0 0
SEP
CPU laptop 1745512581 2025/04/24 19:36:21 1 100 12 123 218 1 839 10 0 1 0 0 19734 100 0 0
SEP
CPU laptop 1745512582 2025/04/24 19:36:22 1 100 12 150 84 1 930 18 0 2 0 0 27644 100 0 0
SEP
CPU laptop 1745512583 2025/04/24 19:36:23 1 100 12 105 219 0 871 1 0 1 0 0 23036 100 0 0
SEP
CPU laptop 1745512584 2025/04/24 19:36:24 1 100 12 142 241 1 781 19 0 1 0 0 25400 100 0 0
SEP
CPU laptop 1745512585 2025/04/24 19:36:25 1 100 12 117 92 0 972 11 0 1 0 0 19377 100 0 0
SEP
CPU laptop 1745512586 2025/04/24 19:36:26 1 100 12 130 231 0 819 11 0 1 0 0 20459 100 0 0
SEP
CPU laptop 1745512587 2025/04/24 19:36:27 1 100 12 142 90 1 931 17 0 1 0 0 22921 100 0 0
SEP
CPU laptop 1745512588 2025/04/24 19:36:28 1 100 12 101 222 0 873 1 0 1 0 0 21978 100 0 0
SEP
CPU laptop 1745512589 2025/04/24 19:36:29 1 100 12 138 234 1 789 18 0 1 0 0 47849 100 0 0
SEP
CPU laptop 1745512590 2025/04/24 19:36:30 1 100 12 114 94 0 974 8 0 0 0 0 19367 100 0 0
SEP
CPU laptop 1745512591 2025/04/24 19:36:31 1 100 12 125 229 1 826 9 0 1 0 0 21979 100 0 0
SEP
CPU laptop 1745512592 2025/04/24 19:36:32 1 100 12 145 92 0 928 16 0 2 0 0 28035 100 0 0
SEP
CPU laptop 1745512593 2025/04/24 19:36:33 1 100 12 109 219 0 868 2 0 0 0 0 20132 100 0 0
SEP
CPU laptop 1745512594 2025/04/24 19:36:34 1 100 12 139 228 1 795 19 0 2 0 0 27057 100 0 0
SEP
CPU laptop 1745512595 2025/04/24 19:36:35 1 100 12 114 90 0 979 8 0 0 0 0 20139 100 0 0
SEP
CPU laptop 1745512596 2025/04/24 19:36:36 1 100 12 125 226 1 828 9 0 1 0 0 19685 100 0 0
SEP
CPU laptop 1745512597 2025/04/24 19:36:37 1 100 12 149 93 1 918 19 0 1 0 0 34562 100 0 0
SEP
CPU laptop 1745512598 2025/04/24 19:36:38 1 100 12 105 217 0 875 1 0 1 0 0 21145 100 0 0
SEP
CPU laptop 1745512599 2025/04/24 19:36:39 1 100 12 144 228 0 794 17 0 3 0 0 23592 100 0 0
SEP
CPU laptop 1745512600 2025/04/24 19:36:40 1 100 12 121 91 1 962 13 0 1 0 0 25754 100 0 0
SEP
CPU laptop 1745512601 2025/04/24 19:36:41 1 100 12 116 218 0 850 6 0 0 0 0 23059 100 0 0
SEP
CPU laptop 1745512602 2025/04/24 19:36:42 1 100 12 146 88 1 930 18 0 2 0 0 23264 100 0 0
SEP
CPU laptop 1745512603 2025/04/24 19:36:43 1 100 12 103 221 0 872 1 0 1 0 0 20392 100 0 0
SEP
CPU laptop 1745512604 2025/04/24 19:36:44 1 100 12 147 235 1 778 19 0 0 0 0 24518 100 0 0
SEP
CPU laptop 1745512605 2025/04/24 19:36:45 1 100 12 114 93 0 973 9 0 1 0 0 16751 100 0 0
SEP
CPU laptop 1745512606 2025/04/24 19:36:46 1 100 12 123 223 0 833 11 0 0 0 0 21965 100 0 0
SEP
CPU laptop 1745512607 2025/04/24 19:36:47 1 100 12 149 91 1 923 19 0 2 0 0 32505 100 0 0
SEP
CPU laptop 1745512608 2025/04/24 19:36:48 1 100 12 107 215 0 874 0 0 0 0 0 19756 100 0 0
SEP
CPU laptop 1745512609 2025/04/24 19:36:49 1 100 12 150 245 1 768 19 0 1 0 0 47813 100 0 0
SEP
CPU laptop 1745512610 2025/04/24 19:36:50 1 100 12 117 94 0 969 10 0 0 0 0 17149 100 0 0
SEP
CPU laptop 1745512611 2025/04/24 19:36:51 1 100 12 126 220 1 818 21 0 1 0 0 22662 100 0 0
SEP
CPU laptop 1745512612 2025/04/24 19:36:52 1 100 12 136 92 1 936 17 0 1 0 0 34080 100 0 0
SEP
CPU laptop 1745512613 2025/04/24 19:36:53 1 100 12 108 221 0 863 2 0 0 0 0 22854 100 0 0
SEP
CPU laptop 1745512614 2025/04/24 19:36:54 1 100 12 141 213 1 810 17 0 1 0 0 47904 100 0 0
SEP
CPU laptop 1745512615 2025/04/24 19:36:55 1 100 12 107 109 0 973 3 0 1 0 0 23364 100 0 0
SEP
CPU laptop 1745512616 2025/04/24 19:36:56 1 100 12 130 232 0 806 17 0 1 0 0 22678 100 0 0
SEP
CPU laptop 1745512617 2025/04/24 19:36:57 1 100 12 146 97 1 926 16 0 1 0 0 32449 100 0 0
SEP
CPU laptop 1745512618 2025/04/24 19:36:58 1 100 12 106 221 0 863 2 0 0 0 0 19751 100 0 0
SEP
CPU laptop 1745512619 2025/04/24 19:36:59 1 100 12 142 236 1 789 17 0 2 0 0 22750 100 0 0
SEP
CPU laptop 1745512620 2025/04/24 19:37:00 1 100 12 115 92 0 972 7 0 0 0 0 22675 100 0 0
SEP
CPU laptop 1745512621 2025/04/24 19:37:01 1 100 12 125 214 0 839 11 0 1 0 0 22875 100 0 0
SEP
CPU laptop 1745512622 2025/04/24 19:37:02 1 100 12 150 89 1 928 16 0 1 0 0 23613 100 0 0
SEP
CPU laptop 1745512623 2025/04/24 19:37:03 1 100 12 106 215 0 874 1 0 0 0 0 22158 100 0 0
SEP
CPU laptop 1745512624 2025/04/24 19:37:04 1 100 12 143 230 1 791 18 0 2 0 0 20365 100 0 0
SEP
CPU laptop 1745512625 2025/04/24 19:37:05 1 100 12 118 92 0 964 11 0 1 0 0 23508 100 0 0
SEP
CPU laptop 1745512626 2025/04/24 19:37:06 1 100 12 117 216 0 850 8 0 1 0 0 20135 100 0 0
SEP
CPU laptop 1745512627 2025/04/24 19:37:07 1 100 12 155 94 1 912 20 0 1 0 0 19132 100 0 0
SEP
CPU laptop 1745512628 2025/04/24 19:37:08 1 100 12 104 216 0 876 0 0 0 0 0 21091 100 0 0
SEP
CPU laptop 1745512629 2025/04/24 19:37:09 1 100 12 144 234 0 789 18 0 1 0 0 23188 100 0 0
SEP
CPU laptop 1745512630 2025/04/24 19:37:10 1 100 12 117 87 1 976 7 0 0 0 0 25534 100 0 0
SEP
CPU laptop 1745512631 2025/04/24 19:37:11 1 100 12 125 231 0 823 12 0 0 0 0 20088 100 0 0
SEP
CPU laptop 1745512632 2025/04/24 19:37:12 1 100 12 144 86 1 932 18 0 1 0 0 17723 100 0 0
SEP
CPU laptop 1745512633 2025/04/24 19:37:13 1 100 12 105 218 0 871 2 0 1 0 0 23059 100 0 0
SEP
CPU laptop 1745512634 2025/04/24 19:37:14 1 100 12 144 234 0 787 18 0 1 0 0 46003 100 0 0
SEP
CPU laptop 1745512635 2025/04/24 19:37:15 1 100 12 110 98 1 978 6 0 1 0 0 16759 100 0 0
SEP
CPU laptop 1745512636 2025/04/24 19:37:16 1 100 12 131 230 0 814 11 0 1 0 0 20855 100 0 0
SEP
CPU laptop 1745512637 2025/04/24 19:37:17 1 100 12 144 89 1 935 17 0 2 0 0 29058 100 0 0
SEP
CPU laptop 1745512638 2025/04/24 19:37:18 1 100 12 105 216 0 873 2 0 0 0 0 22341 100 0 0
SEP
CPU laptop 1745512639 2025/04/24 19:37:19 1 100 12 139 241 0 782 19 0 2 0 0 33928 100 0 0
SEP
CPU laptop 1745512640 2025/04/24 19:37:20 1 100 12 123 91 1 963 9 0 0 0 0 24259 100 0 0
SEP
CPU laptop 1745512641 2025/04/24 19:37:21 1 100 12 124 210 0 847 9 0 1 0 0 22349 100 0 0
SEP
CPU laptop 1745512642 2025/04/24 19:37:22 1 100 12 149 90 1 923 17 0 2 0 0 20668 100 0 0
SEP
CPU laptop 1745512643 2025/04/24 19:37:23 1 100 12 106 216 0 874 1 0 0 0 0 19388 100 0 0
SEP
CPU laptop 1745512644 2025/04/24 19:37:24 1 100 12 134 237 0 794 18 0 1 0 0 23201 100 0 0
SEP
CPU laptop 1745512645 2025/04/24 19:37:25 1 100 12 118 93 1 970 11 0 1 0 0 22695 100 0 0
SEP
CPU laptop 1745512646 2025/04/24 19:37:26 1 100 12 128 219 1 835 9 0 1 0 0 17582 100 0 0
SEP
CPU laptop 1745512647 2025/04/24 19:37:27 1 100 12 144 88 0 930 18 0 2 0 0 24726 100 0 0
SEP
CPU laptop 1745512648 2025/04/24 19:37:28 1 100 12 103 218 0 876 0 0 0 0 0 20113 100 0 0
SEP
CPU laptop 1745512649 2025/04/24 19:37:29 1 100 12 147 232 1 785 18 0 1 0 0 28706 100 0 0
SEP
CPU laptop 1745512650 2025/04/24 19:37:30 1 100 12 117 91 0 974 7 0 1 0 0 23217 100 0 0
SEP
CPU laptop 1745512651 2025/04/24 19:37:31 1 100 12 124 226 1 828 13 0 1 0 0 21966 100 0 0
SEP
CPU laptop 1745512652 2025/04/24 19:37:32 1 100 12 126 93 0 960 9 0 0 0 0 16786 100 0 0
SEP
CPU laptop 1745512653 2025/04/24 19:37:33 1 100 12 70 17 0 1111 1 0 0 0 0 18191 100 0 0
SEP
CPU laptop 1745512654 2025/04/24 19:37:34 1 100 12 71 15 0 1111 1 0 0 0 0 16785 100 0 0
SEP
CPU laptop 1745512655 2025/04/24 19:37:35 1 100 12 70 20 0 1107 0 0 0 0 0 16816 100 0 0
SEP
CPU laptop 1745512656 2025/04/24 19:37:36 1 100 12 76 22 0 1099 1 0 1 0 0 16819 100 0 0
SEP
CPU laptop 1745512657 2025/04/24 19:37:37 1 100 12 71 21 0 1101 4 0 0 0 0 16800 100 0 0
SEP
CPU laptop 1745512658 2025/04/24 19:37:38 1 100 12 68 16 0 1113 1 0 0 0 0 16793 100 0 0
SEP
CPU laptop 1745512659 2025/04/24 19:37:39 1 100 12 66 16 0 1114 1 0 0 0 0 16779 100 0 0
SEP
CPU laptop 1745512660 2025/04/24 19:37:40 1 100 12 69 16 0 1113 1 0 0 0 0 16792 100 0 0
SEP
CPU laptop 1745512661 2025/04/24 19:37:41 1 100 12 69 14 0 1113 0 0 0 0 0 16785 100 0 0
SEP
