901 
872 
944 
922 
901 
892 
902 
903 
826 
874 
888 
952 
956 
947 
961 
869 
917 
923 
958 
936 
878 
956 
965 
911 
883 
908 
919 
937 
896 
897 
924 
939 
964 
895 
939 
920 
916 
927 
924 
967 
919 
920 
863 
926 
876 
894 
906 
911 
891 
909 
955 
899 
830 
913 
922 
929 
850 
927 
943 
952 
934 
923 
947 
901 
926 
936 
992 
918 
914 
926 
950 
954 
919 
827 
933 
919 
990 
920 
941 
949 
935 
933 
905 
864 
955 
903 
952 
920 
947 
869 
892 
897 
953 
960 
926 
934 
902 
981 
878 
913 
