              total        used        free      shared  buff/cache   available
Mem:          33447        3856        1084         161       28506       28932
Swap:          2147         438        1708
Total:        35595        4295        2793

              total        used        free      shared  buff/cache   available
Mem:          33447        3863        1077         161       28506       28925
Swap:          2147         438        1708
Total:        35595        4301        2786

              total        used        free      shared  buff/cache   available
Mem:          33447        3859        1077         165       28510       28925
Swap:          2147         438        1708
Total:        35595        4298        2786

              total        used        free      shared  buff/cache   available
Mem:          33447        3837        1100         165       28510       28948
Swap:          2147         438        1708
Total:        35595        4275        2809

              total        used        free      shared  buff/cache   available
Mem:          33447        3829        1107         165       28510       28955
Swap:          2147         438        1708
Total:        35595        4268        2816

              total        used        free      shared  buff/cache   available
Mem:          33447        3829        1106         165       28510       28955
Swap:          2147         438        1708
Total:        35595        4268        2815

              total        used        free      shared  buff/cache   available
Mem:          33447        3828        1111         162       28507       28959
Swap:          2147         438        1708
Total:        35595        4267        2820

              total        used        free      shared  buff/cache   available
Mem:          33447        3828        1111         162       28507       28960
Swap:          2147         438        1708
Total:        35595        4266        2820

              total        used        free      shared  buff/cache   available
Mem:          33447        3824        1115         162       28507       28963
Swap:          2147         438        1708
Total:        35595        4263        2824

              total        used        free      shared  buff/cache   available
Mem:          33447        3725        1216         159       28505       29065
Swap:          2147         438        1708
Total:        35595        4164        2925

              total        used        free      shared  buff/cache   available
Mem:          33447        3725        1219         156       28502       29068
Swap:          2147         438        1708
Total:        35595        4164        2928

              total        used        free      shared  buff/cache   available
Mem:          33447        3849        1095         156       28502       28945
Swap:          2147         438        1708
Total:        35595        4287        2804

              total        used        free      shared  buff/cache   available
Mem:          33447        3840        1104         156       28502       28953
Swap:          2147         438        1708
Total:        35595        4279        2813

              total        used        free      shared  buff/cache   available
Mem:          33447        3845        1098         156       28503       28948
Swap:          2147         438        1708
Total:        35595        4283        2807

              total        used        free      shared  buff/cache   available
Mem:          33447        3909        1031         158       28506       28882
Swap:          2147         438        1708
Total:        35595        4347        2740

              total        used        free      shared  buff/cache   available
Mem:          33447        3951         990         158       28506       28840
Swap:          2147         438        1708
Total:        35595        4389        2699

              total        used        free      shared  buff/cache   available
Mem:          33447        3930        1007         162       28510       28858
Swap:          2147         438        1708
Total:        35595        4368        2716

              total        used        free      shared  buff/cache   available
Mem:          33447        3956         977         164       28513       28829
Swap:          2147         438        1708
Total:        35595        4395        2686

              total        used        free      shared  buff/cache   available
Mem:          33447        4007         927         162       28512       28780
Swap:          2147         438        1708
Total:        35595        4446        2636

              total        used        free      shared  buff/cache   available
Mem:          33447        4011         926         162       28509       28777
Swap:          2147         438        1708
Total:        35595        4449        2635

              total        used        free      shared  buff/cache   available
Mem:          33447        4022         915         162       28509       28766
Swap:          2147         438        1708
Total:        35595        4460        2624

              total        used        free      shared  buff/cache   available
Mem:          33447        3982         955         162       28509       28806
Swap:          2147         438        1708
Total:        35595        4421        2664

              total        used        free      shared  buff/cache   available
Mem:          33447        3983         954         162       28509       28805
Swap:          2147         438        1708
Total:        35595        4421        2663

              total        used        free      shared  buff/cache   available
Mem:          33447        3987         950         162       28509       28800
Swap:          2147         438        1708
Total:        35595        4425        2659

              total        used        free      shared  buff/cache   available
Mem:          33447        4009         926         162       28510       28778
Swap:          2147         438        1708
Total:        35595        4448        2635

              total        used        free      shared  buff/cache   available
Mem:          33447        4041         894         162       28510       28746
Swap:          2147         438        1708
Total:        35595        4480        2603

              total        used        free      shared  buff/cache   available
Mem:          33447        4054         881         162       28511       28734
Swap:          2147         438        1708
Total:        35595        4492        2590

              total        used        free      shared  buff/cache   available
Mem:          33447        4050         885         162       28511       28737
Swap:          2147         438        1708
Total:        35595        4489        2594

              total        used        free      shared  buff/cache   available
Mem:          33447        4052         881         162       28513       28735
Swap:          2147         438        1708
Total:        35595        4491        2590

              total        used        free      shared  buff/cache   available
Mem:          33447        3966         966         162       28514       28821
Swap:          2147         438        1708
Total:        35595        4405        2674

              total        used        free      shared  buff/cache   available
Mem:          33447        3964         968         162       28514       28823
Swap:          2147         438        1708
Total:        35595        4403        2677

              total        used        free      shared  buff/cache   available
Mem:          33447        3961         971         162       28514       28827
Swap:          2147         438        1708
Total:        35595        4399        2680

              total        used        free      shared  buff/cache   available
Mem:          33447        3962         969         165       28515       28822
Swap:          2147         438        1708
Total:        35595        4401        2677

              total        used        free      shared  buff/cache   available
Mem:          33447        3992         939         165       28515       28792
Swap:          2147         438        1708
Total:        35595        4430        2648

              total        used        free      shared  buff/cache   available
Mem:          33447        3968         963         165       28515       28817
Swap:          2147         438        1708
Total:        35595        4406        2672

              total        used        free      shared  buff/cache   available
Mem:          33447        3984         946         165       28516       28800
Swap:          2147         438        1708
Total:        35595        4423        2655

              total        used        free      shared  buff/cache   available
Mem:          33447        4012         922         162       28512       28775
Swap:          2147         438        1708
Total:        35595        4450        2631

              total        used        free      shared  buff/cache   available
Mem:          33447        4049         884         162       28513       28738
Swap:          2147         438        1708
Total:        35595        4488        2593

              total        used        free      shared  buff/cache   available
Mem:          33447        4007         926         162       28513       28781
Swap:          2147         438        1708
Total:        35595        4445        2635

              total        used        free      shared  buff/cache   available
Mem:          33447        4061         871         162       28514       28726
Swap:          2147         438        1708
Total:        35595        4500        2580

              total        used        free      shared  buff/cache   available
Mem:          33447        4054         878         162       28514       28734
Swap:          2147         438        1708
Total:        35595        4492        2587

              total        used        free      shared  buff/cache   available
Mem:          33447        3970         960         162       28516       28817
Swap:          2147         438        1708
Total:        35595        4409        2669

              total        used        free      shared  buff/cache   available
Mem:          33447        3967         962         162       28517       28820
Swap:          2147         438        1708
Total:        35595        4406        2671

              total        used        free      shared  buff/cache   available
Mem:          33447        3968         964         162       28515       28820
Swap:          2147         438        1708
Total:        35595        4406        2673

              total        used        free      shared  buff/cache   available
Mem:          33447        3970         961         162       28515       28817
Swap:          2147         438        1708
Total:        35595        4409        2670

              total        used        free      shared  buff/cache   available
Mem:          33447        3978         954         162       28514       28809
Swap:          2147         438        1708
Total:        35595        4416        2663

              total        used        free      shared  buff/cache   available
Mem:          33447        3956         975         162       28515       28831
Swap:          2147         438        1708
Total:        35595        4395        2684

              total        used        free      shared  buff/cache   available
Mem:          33447        3959         972         162       28515       28828
Swap:          2147         438        1708
Total:        35595        4398        2681

              total        used        free      shared  buff/cache   available
Mem:          33447        3975         956         162       28515       28812
Swap:          2147         438        1708
Total:        35595        4414        2665

              total        used        free      shared  buff/cache   available
Mem:          33447        4013         921         159       28512       28778
Swap:          2147         438        1708
Total:        35595        4451        2630

              total        used        free      shared  buff/cache   available
Mem:          33447        3967         967         159       28512       28824
Swap:          2147         438        1708
Total:        35595        4405        2676

              total        used        free      shared  buff/cache   available
Mem:          33447        4026         906         159       28514       28764
Swap:          2147         438        1708
Total:        35595        4465        2615

              total        used        free      shared  buff/cache   available
Mem:          33447        3939         992         159       28516       28852
Swap:          2147         438        1708
Total:        35595        4377        2701

              total        used        free      shared  buff/cache   available
Mem:          33447        3940         991         159       28515       28850
Swap:          2147         438        1708
Total:        35595        4379        2700

              total        used        free      shared  buff/cache   available
Mem:          33447        3942         991         159       28513       28848
Swap:          2147         438        1708
Total:        35595        4380        2700

              total        used        free      shared  buff/cache   available
Mem:          33447        3964         970         159       28512       28827
Swap:          2147         438        1708
Total:        35595        4402        2679

              total        used        free      shared  buff/cache   available
Mem:          33447        3948         985         159       28513       28842
Swap:          2147         438        1708
Total:        35595        4387        2694

              total        used        free      shared  buff/cache   available
Mem:          33447        3970         963         159       28513       28820
Swap:          2147         438        1708
Total:        35595        4409        2672

              total        used        free      shared  buff/cache   available
Mem:          33447        4014         919         159       28514       28777
Swap:          2147         438        1708
Total:        35595        4452        2628

              total        used        free      shared  buff/cache   available
Mem:          33447        3970         962         159       28514       28821
Swap:          2147         438        1708
Total:        35595        4408        2671

              total        used        free      shared  buff/cache   available
Mem:          33447        4026         907         158       28513       28765
Swap:          2147         438        1708
Total:        35595        4465        2616

              total        used        free      shared  buff/cache   available
Mem:          33447        3949         981         158       28516       28842
Swap:          2147         438        1708
Total:        35595        4388        2690

              total        used        free      shared  buff/cache   available
Mem:          33447        3950         976         161       28519       28838
Swap:          2147         438        1708
Total:        35595        4389        2685

              total        used        free      shared  buff/cache   available
Mem:          33447        3943         987         161       28516       28845
Swap:          2147         438        1708
Total:        35595        4382        2696

              total        used        free      shared  buff/cache   available
Mem:          33447        3976         953         161       28516       28812
Swap:          2147         438        1708
Total:        35595        4415        2662

              total        used        free      shared  buff/cache   available
Mem:          33447        3968         962         161       28516       28820
Swap:          2147         438        1708
Total:        35595        4407        2671

              total        used        free      shared  buff/cache   available
Mem:          33447        3953         981         158       28513       28839
Swap:          2147         438        1708
Total:        35595        4391        2690

              total        used        free      shared  buff/cache   available
Mem:          33447        3956         978         158       28512       28835
Swap:          2147         438        1708
Total:        35595        4394        2687

              total        used        free      shared  buff/cache   available
Mem:          33447        3968         965         158       28513       28823
Swap:          2147         438        1708
Total:        35595        4407        2674

              total        used        free      shared  buff/cache   available
Mem:          33447        4001         932         158       28513       28790
Swap:          2147         438        1708
Total:        35595        4439        2641

              total        used        free      shared  buff/cache   available
Mem:          33447        4010         922         158       28514       28781
Swap:          2147         438        1708
Total:        35595        4449        2631

              total        used        free      shared  buff/cache   available
Mem:          33447        4017         914         158       28514       28774
Swap:          2147         438        1708
Total:        35595        4456        2623

              total        used        free      shared  buff/cache   available
Mem:          33447        3973         958         158       28515       28818
Swap:          2147         438        1708
Total:        35595        4412        2667

              total        used        free      shared  buff/cache   available
Mem:          33447        4041         890         158       28515       28750
Swap:          2147         438        1708
Total:        35595        4480        2599

              total        used        free      shared  buff/cache   available
Mem:          33447        3946         982         158       28518       28845
Swap:          2147         438        1708
Total:        35595        4384        2691

              total        used        free      shared  buff/cache   available
Mem:          33447        3945         984         158       28518       28846
Swap:          2147         438        1708
Total:        35595        4383        2693

              total        used        free      shared  buff/cache   available
Mem:          33447        3952         976         158       28518       28839
Swap:          2147         438        1708
Total:        35595        4391        2684

              total        used        free      shared  buff/cache   available
Mem:          33447        3956         972         158       28519       28835
Swap:          2147         438        1708
Total:        35595        4395        2680

              total        used        free      shared  buff/cache   available
Mem:          33447        3970         960         158       28515       28821
Swap:          2147         438        1708
Total:        35595        4409        2669

              total        used        free      shared  buff/cache   available
Mem:          33447        3958         973         158       28516       28833
Swap:          2147         438        1708
Total:        35595        4396        2682

              total        used        free      shared  buff/cache   available
Mem:          33447        3847        1086         156       28513       28947
Swap:          2147         438        1708
Total:        35595        4286        2795

              total        used        free      shared  buff/cache   available
Mem:          33447        3868        1068         152       28510       28928
Swap:          2147         438        1708
Total:        35595        4307        2777

              total        used        free      shared  buff/cache   available
Mem:          33447        3889        1047         152       28510       28908
Swap:          2147         438        1708
Total:        35595        4327        2756

              total        used        free      shared  buff/cache   available
Mem:          33447        3912        1023         153       28511       28885
Swap:          2147         438        1708
Total:        35595        4350        2732

              total        used        free      shared  buff/cache   available
Mem:          33447        3936         999         152       28511       28860
Swap:          2147         438        1708
Total:        35595        4375        2708

              total        used        free      shared  buff/cache   available
Mem:          33447        3935        1000         152       28512       28862
Swap:          2147         438        1708
Total:        35595        4373        2709

              total        used        free      shared  buff/cache   available
Mem:          33447        3928        1006         153       28512       28868
Swap:          2147         438        1708
Total:        35595        4367        2714

              total        used        free      shared  buff/cache   available
Mem:          33447        3850        1082         153       28514       28947
Swap:          2147         438        1708
Total:        35595        4288        2791

              total        used        free      shared  buff/cache   available
Mem:          33447        3845        1085         152       28515       28951
Swap:          2147         438        1708
Total:        35595        4284        2794

              total        used        free      shared  buff/cache   available
Mem:          33447        3838        1095         153       28513       28959
Swap:          2147         438        1708
Total:        35595        4276        2804

              total        used        free      shared  buff/cache   available
Mem:          33447        3847        1087         152       28512       28950
Swap:          2147         438        1708
Total:        35595        4285        2796

              total        used        free      shared  buff/cache   available
Mem:          33447        3864        1070         153       28512       28933
Swap:          2147         438        1708
Total:        35595        4302        2779

              total        used        free      shared  buff/cache   available
Mem:          33447        3847        1083         156       28516       28946
Swap:          2147         438        1708
Total:        35595        4286        2792

              total        used        free      shared  buff/cache   available
Mem:          33447        3872        1058         156       28516       28921
Swap:          2147         438        1708
Total:        35595        4310        2767

              total        used        free      shared  buff/cache   available
Mem:          33447        3906        1024         156       28516       28887
Swap:          2147         438        1708
Total:        35595        4344        2733

              total        used        free      shared  buff/cache   available
Mem:          33447        3924        1005         156       28517       28870
Swap:          2147         438        1708
Total:        35595        4362        2714

              total        used        free      shared  buff/cache   available
Mem:          33447        3928        1005         153       28514       28869
Swap:          2147         438        1708
Total:        35595        4366        2714

              total        used        free      shared  buff/cache   available
Mem:          33447        3889        1043         153       28514       28908
Swap:          2147         438        1708
Total:        35595        4327        2752

              total        used        free      shared  buff/cache   available
Mem:          33447        3939         992         153       28515       28858
Swap:          2147         438        1708
Total:        35595        4377        2701

              total        used        free      shared  buff/cache   available
Mem:          33447        3897        1030         155       28519       28898
Swap:          2147         438        1708
Total:        35595        4335        2739

              total        used        free      shared  buff/cache   available
Mem:          33447        3895        1031         155       28520       28899
Swap:          2147         438        1708
Total:        35595        4333        2740

              total        used        free      shared  buff/cache   available
Mem:          33447        3902        1021         158       28523       28888
Swap:          2147         438        1708
Total:        35595        4341        2730

              total        used        free      shared  buff/cache   available
Mem:          33447        3890        1033         160       28523       28899
Swap:          2147         438        1708
Total:        35595        4329        2742

              total        used        free      shared  buff/cache   available
Mem:          33447        3995         930         158       28520       28796
Swap:          2147         438        1708
Total:        35595        4434        2639

              total        used        free      shared  buff/cache   available
Mem:          33447        4000         925         158       28520       28791
Swap:          2147         438        1708
Total:        35595        4439        2634

              total        used        free      shared  buff/cache   available
Mem:          33447        4002         923         158       28520       28789
Swap:          2147         438        1708
Total:        35595        4441        2632

              total        used        free      shared  buff/cache   available
Mem:          33447        3881        1045         158       28520       28910
Swap:          2147         438        1708
Total:        35595        4319        2754

              total        used        free      shared  buff/cache   available
Mem:          33447        3879        1046         158       28520       28912
Swap:          2147         438        1708
Total:        35595        4318        2755

              total        used        free      shared  buff/cache   available
Mem:          33447        3881        1044         158       28520       28910
Swap:          2147         438        1708
Total:        35595        4320        2753

              total        used        free      shared  buff/cache   available
Mem:          33447        3878        1048         158       28520       28913
Swap:          2147         438        1708
Total:        35595        4316        2757

              total        used        free      shared  buff/cache   available
Mem:          33447        3877        1048         158       28520       28914
Swap:          2147         438        1708
Total:        35595        4316        2757

              total        used        free      shared  buff/cache   available
Mem:          33447        3878        1048         158       28520       28913
Swap:          2147         438        1708
Total:        35595        4317        2756
