RESET
CPU laptop 1745510222 2025/04/24 18:57:02 631792 100 12 2657506 5423213 68089 148787610 203334 0 72876 0 0 37732 100 0 0
SEP
CPU laptop 1745510223 2025/04/24 18:57:03 1 100 12 86 93 0 1016 1 0 0 0 0 18426 100 0 0
SEP
CPU laptop 1745510224 2025/04/24 18:57:04 1 100 12 85 55 0 1049 1 0 0 0 0 18191 100 0 0
SEP
CPU laptop 1745510225 2025/04/24 18:57:05 1 100 12 75 30 0 1092 0 0 0 0 0 19645 100 0 0
SEP
CPU laptop 1745510226 2025/04/24 18:57:06 1 100 12 72 32 0 1090 3 0 1 0 0 16794 100 0 0
SEP
CPU laptop 1745510227 2025/04/24 18:57:07 1 100 12 76 38 0 1084 0 0 0 0 0 18764 100 0 0
SEP
CPU laptop 1745510228 2025/04/24 18:57:08 1 100 12 72 36 0 1089 0 0 0 0 0 19466 100 0 0
SEP
CPU laptop 1745510229 2025/04/24 18:57:09 1 100 12 71 31 0 1096 1 0 0 0 0 18491 100 0 0
SEP
CPU laptop 1745510230 2025/04/24 18:57:10 1 100 12 70 34 0 1093 1 0 0 0 0 18809 100 0 0
SEP
CPU laptop 1745510231 2025/04/24 18:57:11 1 100 12 73 34 0 1090 2 0 0 0 0 19892 100 0 0
SEP
CPU laptop 1745510232 2025/04/24 18:57:12 1 100 12 72 32 0 1093 0 0 0 0 0 22084 100 0 0
SEP
CPU laptop 1745510233 2025/04/24 18:57:13 1 100 12 170 171 1 805 28 0 0 0 0 38879 100 0 0
SEP
CPU laptop 1745510234 2025/04/24 18:57:14 1 100 12 158 238 1 767 17 0 2 0 0 24703 100 0 0
SEP
CPU laptop 1745510235 2025/04/24 18:57:15 1 100 12 156 336 1 670 16 0 0 0 0 26724 100 0 0
SEP
CPU laptop 1745510236 2025/04/24 18:57:16 1 100 12 154 188 0 809 26 0 2 0 0 26207 100 0 0
SEP
CPU laptop 1745510237 2025/04/24 18:57:17 1 100 12 160 193 1 801 25 0 0 0 0 19403 100 0 0
SEP
CPU laptop 1745510238 2025/04/24 18:57:18 1 100 12 146 272 1 746 18 0 2 0 0 16753 100 0 0
SEP
CPU laptop 1745510239 2025/04/24 18:57:19 1 100 12 153 185 2 808 27 0 2 0 0 23834 100 0 0
SEP
CPU laptop 1745510240 2025/04/24 18:57:20 1 100 12 165 208 1 775 25 0 1 0 0 37717 100 0 0
SEP
CPU laptop 1745510241 2025/04/24 18:57:21 1 100 12 148 279 1 741 16 0 1 0 0 46925 100 0 0
SEP
CPU laptop 1745510242 2025/04/24 18:57:22 1 100 12 156 187 1 809 25 0 2 0 0 16379 100 0 0
SEP
CPU laptop 1745510243 2025/04/24 18:57:23 1 100 12 162 197 1 793 23 0 1 0 0 30026 100 0 0
SEP
CPU laptop 1745510244 2025/04/24 18:57:24 1 100 12 144 247 1 771 21 0 2 0 0 47896 100 0 0
SEP
CPU laptop 1745510245 2025/04/24 18:57:25 1 100 12 151 215 2 784 27 0 1 0 0 21966 100 0 0
SEP
CPU laptop 1745510246 2025/04/24 18:57:26 1 100 12 155 200 1 802 21 0 1 0 0 24321 100 0 0
SEP
CPU laptop 1745510247 2025/04/24 18:57:27 1 100 12 151 270 1 742 18 0 1 0 0 18086 100 0 0
SEP
CPU laptop 1745510248 2025/04/24 18:57:28 1 100 12 156 185 1 808 26 0 1 0 0 23454 100 0 0
SEP
CPU laptop 1745510249 2025/04/24 18:57:29 1 100 12 156 195 1 806 22 0 4 0 0 20138 100 0 0
SEP
CPU laptop 1745510250 2025/04/24 18:57:30 1 100 12 145 260 1 760 17 0 1 0 0 38990 100 0 0
SEP
CPU laptop 1745510251 2025/04/24 18:57:31 1 100 12 153 251 2 752 23 0 1 0 0 19771 100 0 0
SEP
CPU laptop 1745510252 2025/04/24 18:57:32 1 100 12 164 201 1 774 41 0 1 0 0 16756 100 0 0
SEP
CPU laptop 1745510253 2025/04/24 18:57:33 1 100 12 148 184 1 825 22 0 1 0 0 23368 100 0 0
SEP
CPU laptop 1745510254 2025/04/24 18:57:34 1 100 12 150 276 0 733 19 0 1 0 0 17063 100 0 0
SEP
CPU laptop 1745510255 2025/04/24 18:57:35 1 100 12 175 175 1 798 29 0 2 0 0 21164 100 0 0
SEP
CPU laptop 1745510256 2025/04/24 18:57:36 1 100 12 145 188 1 826 18 0 0 0 0 21170 100 0 0
SEP
CPU laptop 1745510257 2025/04/24 18:57:37 1 100 12 156 306 1 699 20 0 2 0 0 23422 100 0 0
SEP
CPU laptop 1745510258 2025/04/24 18:57:38 1 100 12 163 168 1 815 27 0 1 0 0 32992 100 0 0
SEP
CPU laptop 1745510259 2025/04/24 18:57:39 1 100 12 151 207 1 806 19 0 0 0 0 21147 100 0 0
SEP
CPU laptop 1745510260 2025/04/24 18:57:40 1 100 12 151 275 1 729 23 0 2 0 0 23447 100 0 0
SEP
CPU laptop 1745510261 2025/04/24 18:57:41 1 100 12 163 192 0 796 26 0 2 0 0 19907 100 0 0
SEP
CPU laptop 1745510262 2025/04/24 18:57:42 1 100 12 150 265 1 751 16 0 1 0 0 43447 100 0 0
SEP
CPU laptop 1745510263 2025/04/24 18:57:43 1 100 12 155 181 2 811 23 0 1 0 0 29657 100 0 0
SEP
CPU laptop 1745510264 2025/04/24 18:57:44 1 100 12 157 195 1 799 25 0 1 0 0 30857 100 0 0
SEP
CPU laptop 1745510265 2025/04/24 18:57:45 1 100 12 147 233 2 782 18 0 2 0 0 47900 100 0 0
SEP
CPU laptop 1745510266 2025/04/24 18:57:46 1 100 12 150 226 0 774 24 0 1 0 0 16769 100 0 0
SEP
CPU laptop 1745510267 2025/04/24 18:57:47 1 100 12 163 188 1 798 27 0 2 0 0 41442 100 0 0
SEP
CPU laptop 1745510268 2025/04/24 18:57:48 1 100 12 148 208 1 803 19 0 1 0 0 47896 100 0 0
SEP
CPU laptop 1745510269 2025/04/24 18:57:49 1 100 12 150 244 1 764 23 0 1 0 0 19665 100 0 0
SEP
CPU laptop 1745510270 2025/04/24 18:57:50 1 100 12 170 220 1 759 26 0 1 0 0 35824 100 0 0
SEP
CPU laptop 1745510271 2025/04/24 18:57:51 1 100 12 143 239 1 780 17 0 1 0 0 47816 100 0 0
SEP
CPU laptop 1745510272 2025/04/24 18:57:52 1 100 12 156 225 1 773 24 0 1 0 0 22239 100 0 0
SEP
CPU laptop 1745510273 2025/04/24 18:57:53 1 100 12 167 197 1 793 24 0 3 0 0 30264 100 0 0
SEP
CPU laptop 1745510274 2025/04/24 18:57:54 1 100 12 146 223 1 788 23 0 1 0 0 47730 100 0 0
SEP
CPU laptop 1745510275 2025/04/24 18:57:55 1 100 12 161 241 1 754 21 0 1 0 0 16759 100 0 0
SEP
CPU laptop 1745510276 2025/04/24 18:57:56 1 100 12 164 233 1 757 24 0 1 0 0 20598 100 0 0
SEP
CPU laptop 1745510277 2025/04/24 18:57:57 1 100 12 160 199 1 806 20 0 1 0 0 43380 100 0 0
SEP
CPU laptop 1745510278 2025/04/24 18:57:58 1 100 12 152 273 0 725 22 0 1 0 0 19687 100 0 0
SEP
CPU laptop 1745510279 2025/04/24 18:57:59 1 100 12 159 225 2 765 26 0 2 0 0 27003 100 0 0
SEP
CPU laptop 1745510280 2025/04/24 18:58:00 1 100 12 152 191 0 815 22 0 1 0 0 27915 100 0 0
SEP
CPU laptop 1745510281 2025/04/24 18:58:01 1 100 12 160 268 1 734 20 0 2 0 0 22682 100 0 0
SEP
CPU laptop 1745510282 2025/04/24 18:58:02 1 100 12 154 186 1 811 27 0 1 0 0 23441 100 0 0
SEP
CPU laptop 1745510283 2025/04/24 18:58:03 1 100 12 165 225 2 762 25 0 1 0 0 30392 100 0 0
SEP
CPU laptop 1745510284 2025/04/24 18:58:04 1 100 12 145 222 1 793 17 0 1 0 0 47810 100 0 0
SEP
CPU laptop 1745510285 2025/04/24 18:58:05 1 100 12 149 289 1 720 22 0 2 0 0 16762 100 0 0
SEP
CPU laptop 1745510286 2025/04/24 18:58:06 1 100 12 165 182 1 801 25 0 1 0 0 25310 100 0 0
SEP
CPU laptop 1745510287 2025/04/24 18:58:07 1 100 12 152 211 1 795 19 0 1 0 0 47896 100 0 0
SEP
CPU laptop 1745510288 2025/04/24 18:58:08 1 100 12 154 271 0 734 23 0 1 0 0 23388 100 0 0
SEP
CPU laptop 1745510289 2025/04/24 18:58:09 1 100 12 166 193 2 791 24 0 0 0 0 31650 100 0 0
SEP
CPU laptop 1745510290 2025/04/24 18:58:10 1 100 12 148 250 1 764 16 0 2 0 0 47740 100 0 0
SEP
CPU laptop 1745510291 2025/04/24 18:58:11 1 100 12 162 213 1 779 24 0 1 0 0 21125 100 0 0
SEP
CPU laptop 1745510292 2025/04/24 18:58:12 1 100 12 169 200 1 781 26 0 1 0 0 20618 100 0 0
SEP
CPU laptop 1745510293 2025/04/24 18:58:13 1 100 12 147 265 1 751 17 0 0 0 0 47772 100 0 0
SEP
CPU laptop 1745510294 2025/04/24 18:58:14 1 100 12 160 201 1 791 22 0 2 0 0 25151 100 0 0
SEP
CPU laptop 1745510295 2025/04/24 18:58:15 1 100 12 168 198 1 788 25 0 0 0 0 31964 100 0 0
SEP
CPU laptop 1745510296 2025/04/24 18:58:16 1 100 12 141 275 0 745 18 0 1 0 0 47900 100 0 0
SEP
CPU laptop 1745510297 2025/04/24 18:58:17 1 100 12 153 198 2 804 25 0 1 0 0 23636 100 0 0
SEP
CPU laptop 1745510298 2025/04/24 18:58:18 1 100 12 159 199 1 798 21 0 1 0 0 22714 100 0 0
SEP
CPU laptop 1745510299 2025/04/24 18:58:19 1 100 12 150 328 1 689 16 0 1 0 0 31858 100 0 0
SEP
CPU laptop 1745510300 2025/04/24 18:58:20 1 100 12 164 196 1 788 28 0 1 0 0 32331 100 0 0
SEP
CPU laptop 1745510301 2025/04/24 18:58:21 1 100 12 159 189 1 809 21 0 2 0 0 26554 100 0 0
SEP
CPU laptop 1745510302 2025/04/24 18:58:22 1 100 12 146 272 1 744 17 0 1 0 0 23180 100 0 0
SEP
CPU laptop 1745510303 2025/04/24 18:58:23 1 100 12 154 194 1 804 28 0 2 0 0 16480 100 0 0
SEP
CPU laptop 1745510304 2025/04/24 18:58:24 1 100 12 165 191 2 794 25 0 2 0 0 39009 100 0 0
SEP
CPU laptop 1745510305 2025/04/24 18:58:25 1 100 12 144 263 1 756 16 0 2 0 0 47818 100 0 0
SEP
CPU laptop 1745510306 2025/04/24 18:58:26 1 100 12 154 203 1 794 24 0 1 0 0 24309 100 0 0
SEP
CPU laptop 1745510307 2025/04/24 18:58:27 1 100 12 160 195 1 798 22 0 1 0 0 16759 100 0 0
SEP
CPU laptop 1745510308 2025/04/24 18:58:28 1 100 12 106 142 0 934 7 0 2 0 0 17697 100 0 0
SEP
CPU laptop 1745510309 2025/04/24 18:58:29 1 100 12 76 34 0 1088 0 0 0 0 0 17529 100 0 0
SEP
CPU laptop 1745510310 2025/04/24 18:58:30 1 100 12 75 35 0 1085 4 0 0 0 0 18186 100 0 0
SEP
CPU laptop 1745510311 2025/04/24 18:58:31 1 100 12 82 37 0 1077 0 0 0 0 0 19190 100 0 0
SEP
CPU laptop 1745510312 2025/04/24 18:58:32 1 100 12 73 33 0 1091 1 0 0 0 0 17481 100 0 0
SEP
CPU laptop 1745510313 2025/04/24 18:58:33 1 100 12 73 38 0 1087 1 0 1 0 0 21382 100 0 0
SEP
CPU laptop 1745510314 2025/04/24 18:58:34 1 100 12 76 38 0 1082 1 0 0 0 0 19270 100 0 0
SEP
CPU laptop 1745510315 2025/04/24 18:58:35 1 100 12 69 39 0 1088 2 0 0 0 0 19647 100 0 0
SEP
CPU laptop 1745510316 2025/04/24 18:58:36 1 100 12 71 38 0 1089 1 0 0 0 0 17089 100 0 0
SEP
CPU laptop 1745510317 2025/04/24 18:58:37 1 100 12 75 36 0 1085 1 0 0 0 0 17660 100 0 0
SEP
