444 
520 
540 
539 
495 
525 
500 
484 
471 
571 
527 
507 
563 
529 
524 
527 
516 
509 
522 
516 
574 
508 
500 
489 
474 
516 
511 
547 
494 
541 
523 
533 
539 
534 
545 
608 
580 
565 
561 
504 
555 
595 
588 
549 
583 
501 
580 
560 
618 
601 
582 
517 
563 
537 
565 
602 
524 
581 
556 
567 
574 
569 
536 
543 
646 
612 
605 
570 
533 
582 
638 
555 
532 
540 
575 
546 
593 
515 
558 
584 
573 
536 
541 
559 
527 
558 
547 
588 
556 
544 
599 
567 
530 
592 
523 
513 
482 
468 
557 
589 
