               total        used        free      shared  buff/cache   available
Mem:           14514        4504         598         169        9411        9502
Swap:           2147           3        2144
Total:         16662        4508        2742

               total        used        free      shared  buff/cache   available
Mem:           14514        4505         597         169        9411        9500
Swap:           2147           3        2144
Total:         16662        4509        2741

               total        used        free      shared  buff/cache   available
Mem:           14514        4499         603         169        9411        9507
Swap:           2147           3        2144
Total:         16662        4502        2747

               total        used        free      shared  buff/cache   available
Mem:           14514        4487         618         166        9408        9522
Swap:           2147           3        2144
Total:         16662        4490        2762

               total        used        free      shared  buff/cache   available
Mem:           14514        4487         618         166        9408        9522
Swap:           2147           3        2144
Total:         16662        4490        2762

               total        used        free      shared  buff/cache   available
Mem:           14514        4480         622         169        9411        9526
Swap:           2147           3        2144
Total:         16662        4483        2766

               total        used        free      shared  buff/cache   available
Mem:           14514        4478         623         169        9411        9527
Swap:           2147           3        2144
Total:         16662        4482        2767

               total        used        free      shared  buff/cache   available
Mem:           14514        4477         625         169        9411        9529
Swap:           2147           3        2144
Total:         16662        4480        2769

               total        used        free      shared  buff/cache   available
Mem:           14514        4466         639         166        9408        9543
Swap:           2147           3        2144
Total:         16662        4470        2783

               total        used        free      shared  buff/cache   available
Mem:           14514        4462         643         166        9408        9547
Swap:           2147           3        2144
Total:         16662        4465        2787

               total        used        free      shared  buff/cache   available
Mem:           14514        4461         644         166        9408        9548
Swap:           2147           3        2144
Total:         16662        4464        2788

               total        used        free      shared  buff/cache   available
Mem:           14514        4558         547         166        9409        9451
Swap:           2147           3        2144
Total:         16662        4561        2691

               total        used        free      shared  buff/cache   available
Mem:           14514        4581         520         169        9412        9425
Swap:           2147           3        2144
Total:         16662        4585        2664

               total        used        free      shared  buff/cache   available
Mem:           14514        4609         492         169        9412        9397
Swap:           2147           3        2144
Total:         16662        4613        2636

               total        used        free      shared  buff/cache   available
Mem:           14514        4609         495         166        9409        9400
Swap:           2147           3        2144
Total:         16662        4612        2639

               total        used        free      shared  buff/cache   available
Mem:           14514        4629         474         166        9410        9380
Swap:           2147           3        2144
Total:         16662        4633        2618

               total        used        free      shared  buff/cache   available
Mem:           14514        4643         459         166        9411        9366
Swap:           2147           3        2144
Total:         16662        4646        2603

               total        used        free      shared  buff/cache   available
Mem:           14514        4645         458         166        9410        9364
Swap:           2147           3        2144
Total:         16662        4648        2602

               total        used        free      shared  buff/cache   available
Mem:           14514        4635         467         166        9411        9374
Swap:           2147           3        2144
Total:         16662        4639        2611

               total        used        free      shared  buff/cache   available
Mem:           14514        4621         480         166        9412        9388
Swap:           2147           3        2144
Total:         16662        4625        2624

               total        used        free      shared  buff/cache   available
Mem:           14514        4601         501         166        9411        9407
Swap:           2147           3        2144
Total:         16662        4605        2645

               total        used        free      shared  buff/cache   available
Mem:           14514        4613         489         166        9411        9396
Swap:           2147           3        2144
Total:         16662        4616        2633

               total        used        free      shared  buff/cache   available
Mem:           14514        4594         507         166        9412        9415
Swap:           2147           3        2144
Total:         16662        4597        2651

               total        used        free      shared  buff/cache   available
Mem:           14514        4578         524         166        9412        9431
Swap:           2147           3        2144
Total:         16662        4581        2668

               total        used        free      shared  buff/cache   available
Mem:           14514        4583         518         166        9412        9425
Swap:           2147           3        2144
Total:         16662        4587        2662

               total        used        free      shared  buff/cache   available
Mem:           14514        4618         482         166        9413        9391
Swap:           2147           3        2144
Total:         16662        4622        2626

               total        used        free      shared  buff/cache   available
Mem:           14514        4600         501         166        9412        9409
Swap:           2147           3        2144
Total:         16662        4603        2645

               total        used        free      shared  buff/cache   available
Mem:           14514        4591         509         166        9413        9418
Swap:           2147           3        2144
Total:         16662        4595        2653

               total        used        free      shared  buff/cache   available
Mem:           14514        4600         500         166        9414        9409
Swap:           2147           3        2144
Total:         16662        4603        2644

               total        used        free      shared  buff/cache   available
Mem:           14514        4610         490         166        9413        9399
Swap:           2147           3        2144
Total:         16662        4613        2634

               total        used        free      shared  buff/cache   available
Mem:           14514        4620         480         166        9413        9389
Swap:           2147           3        2144
Total:         16662        4623        2624

               total        used        free      shared  buff/cache   available
Mem:           14514        4600         499         166        9414        9409
Swap:           2147           3        2144
Total:         16662        4603        2643

               total        used        free      shared  buff/cache   available
Mem:           14514        4612         487         166        9415        9397
Swap:           2147           3        2144
Total:         16662        4615        2631

               total        used        free      shared  buff/cache   available
Mem:           14514        4611         488         166        9414        9398
Swap:           2147           3        2144
Total:         16662        4614        2632

               total        used        free      shared  buff/cache   available
Mem:           14514        4573         525         166        9415        9435
Swap:           2147           3        2144
Total:         16662        4577        2669

               total        used        free      shared  buff/cache   available
Mem:           14514        4582         513         170        9418        9423
Swap:           2147           3        2144
Total:         16662        4586        2657

               total        used        free      shared  buff/cache   available
Mem:           14514        4608         487         170        9418        9397
Swap:           2147           3        2144
Total:         16662        4612        2631

               total        used        free      shared  buff/cache   available
Mem:           14514        4598         496         170        9419        9407
Swap:           2147           3        2144
Total:         16662        4602        2640

               total        used        free      shared  buff/cache   available
Mem:           14514        4607         491         166        9415        9402
Swap:           2147           3        2144
Total:         16662        4611        2635

               total        used        free      shared  buff/cache   available
Mem:           14514        4604         494         166        9416        9405
Swap:           2147           3        2144
Total:         16662        4607        2638

               total        used        free      shared  buff/cache   available
Mem:           14514        4629         467         166        9417        9379
Swap:           2147           3        2144
Total:         16662        4633        2611

               total        used        free      shared  buff/cache   available
Mem:           14514        4599         498         166        9416        9410
Swap:           2147           3        2144
Total:         16662        4602        2642

               total        used        free      shared  buff/cache   available
Mem:           14514        4592         505         166        9416        9417
Swap:           2147           3        2144
Total:         16662        4595        2649

               total        used        free      shared  buff/cache   available
Mem:           14514        4602         493         166        9417        9406
Swap:           2147           3        2144
Total:         16662        4606        2637

               total        used        free      shared  buff/cache   available
Mem:           14514        4547         549         166        9417        9462
Swap:           2147           3        2144
Total:         16662        4551        2693

               total        used        free      shared  buff/cache   available
Mem:           14514        4582         514         166        9417        9427
Swap:           2147           3        2144
Total:         16662        4585        2659

               total        used        free      shared  buff/cache   available
Mem:           14514        4609         486         166        9418        9399
Swap:           2147           3        2144
Total:         16662        4613        2630

               total        used        free      shared  buff/cache   available
Mem:           14514        4583         513         166        9417        9426
Swap:           2147           3        2144
Total:         16662        4586        2657

               total        used        free      shared  buff/cache   available
Mem:           14514        4650         445         167        9418        9359
Swap:           2147           3        2144
Total:         16662        4654        2589

               total        used        free      shared  buff/cache   available
Mem:           14514        4649         446         166        9419        9360
Swap:           2147           3        2144
Total:         16662        4652        2590

               total        used        free      shared  buff/cache   available
Mem:           14514        4629         466         166        9418        9380
Swap:           2147           3        2144
Total:         16662        4632        2610

               total        used        free      shared  buff/cache   available
Mem:           14514        4660         435         166        9418        9349
Swap:           2147           3        2144
Total:         16662        4663        2579

               total        used        free      shared  buff/cache   available
Mem:           14514        4682         412         166        9420        9327
Swap:           2147           3        2144
Total:         16662        4685        2556

               total        used        free      shared  buff/cache   available
Mem:           14514        4608         486         166        9419        9400
Swap:           2147           3        2144
Total:         16662        4612        2630

               total        used        free      shared  buff/cache   available
Mem:           14514        4599         495         166        9419        9410
Swap:           2147           3        2144
Total:         16662        4602        2639

               total        used        free      shared  buff/cache   available
Mem:           14514        4629         464         167        9420        9380
Swap:           2147           3        2144
Total:         16662        4632        2608

               total        used        free      shared  buff/cache   available
Mem:           14514        4612         482         166        9420        9397
Swap:           2147           3        2144
Total:         16662        4616        2626

               total        used        free      shared  buff/cache   available
Mem:           14514        4604         489         166        9420        9405
Swap:           2147           3        2144
Total:         16662        4607        2634

               total        used        free      shared  buff/cache   available
Mem:           14514        4629         464         167        9420        9380
Swap:           2147           3        2144
Total:         16662        4632        2608

               total        used        free      shared  buff/cache   available
Mem:           14514        4643         449         166        9421        9365
Swap:           2147           3        2144
Total:         16662        4647        2593

               total        used        free      shared  buff/cache   available
Mem:           14514        4646         446         166        9421        9362
Swap:           2147           3        2144
Total:         16662        4650        2590

               total        used        free      shared  buff/cache   available
Mem:           14514        4657         436         166        9421        9352
Swap:           2147           3        2144
Total:         16662        4660        2580

               total        used        free      shared  buff/cache   available
Mem:           14514        4650         442         167        9422        9359
Swap:           2147           3        2144
Total:         16662        4653        2586

               total        used        free      shared  buff/cache   available
Mem:           14514        4628         463         166        9422        9381
Swap:           2147           3        2144
Total:         16662        4631        2608

               total        used        free      shared  buff/cache   available
Mem:           14514        4615         477         166        9422        9394
Swap:           2147           3        2144
Total:         16662        4619        2621

               total        used        free      shared  buff/cache   available
Mem:           14514        4645         446         170        9422        9361
Swap:           2147           3        2144
Total:         16662        4648        2590

               total        used        free      shared  buff/cache   available
Mem:           14514        4604         488         170        9421        9402
Swap:           2147           3        2144
Total:         16662        4607        2632

               total        used        free      shared  buff/cache   available
Mem:           14514        4648         444         170        9422        9358
Swap:           2147           3        2144
Total:         16662        4651        2588

               total        used        free      shared  buff/cache   available
Mem:           14514        4640         453         167        9420        9368
Swap:           2147           3        2144
Total:         16662        4644        2597

               total        used        free      shared  buff/cache   available
Mem:           14514        4617         477         166        9419        9392
Swap:           2147           3        2144
Total:         16662        4621        2621

               total        used        free      shared  buff/cache   available
Mem:           14514        4634         460         167        9419        9375
Swap:           2147           3        2144
Total:         16662        4637        2604

               total        used        free      shared  buff/cache   available
Mem:           14514        4624         469         167        9420        9385
Swap:           2147           3        2144
Total:         16662        4627        2613

               total        used        free      shared  buff/cache   available
Mem:           14514        4593         501         166        9420        9416
Swap:           2147           3        2144
Total:         16662        4596        2645

               total        used        free      shared  buff/cache   available
Mem:           14514        4590         503         167        9420        9418
Swap:           2147           3        2144
Total:         16662        4594        2647

               total        used        free      shared  buff/cache   available
Mem:           14514        4616         476         167        9421        9392
Swap:           2147           3        2144
Total:         16662        4620        2620

               total        used        free      shared  buff/cache   available
Mem:           14514        4616         477         167        9421        9393
Swap:           2147           3        2144
Total:         16662        4619        2621

               total        used        free      shared  buff/cache   available
Mem:           14514        4613         479         167        9421        9395
Swap:           2147           3        2144
Total:         16662        4617        2623

               total        used        free      shared  buff/cache   available
Mem:           14514        4613         479         167        9422        9396
Swap:           2147           3        2144
Total:         16662        4616        2623

               total        used        free      shared  buff/cache   available
Mem:           14514        4556         536         167        9421        9452
Swap:           2147           3        2144
Total:         16662        4560        2680

               total        used        free      shared  buff/cache   available
Mem:           14514        4580         512         167        9422        9428
Swap:           2147           3        2144
Total:         16662        4584        2656

               total        used        free      shared  buff/cache   available
Mem:           14514        4581         510         167        9423        9428
Swap:           2147           3        2144
Total:         16662        4584        2654

               total        used        free      shared  buff/cache   available
Mem:           14514        4566         525         167        9422        9442
Swap:           2147           3        2144
Total:         16662        4570        2669

               total        used        free      shared  buff/cache   available
Mem:           14514        4610         481         167        9422        9398
Swap:           2147           3        2144
Total:         16662        4614        2625

               total        used        free      shared  buff/cache   available
Mem:           14514        4569         520         167        9423        9439
Swap:           2147           3        2144
Total:         16662        4573        2664

               total        used        free      shared  buff/cache   available
Mem:           14514        4572         519         167        9423        9437
Swap:           2147           3        2144
Total:         16662        4575        2663

               total        used        free      shared  buff/cache   available
Mem:           14514        4593         497         167        9423        9415
Swap:           2147           3        2144
Total:         16662        4597        2641

               total        used        free      shared  buff/cache   available
Mem:           14514        4574         516         167        9423        9435
Swap:           2147           3        2144
Total:         16662        4577        2660

               total        used        free      shared  buff/cache   available
Mem:           14514        4566         524         167        9423        9442
Swap:           2147           3        2144
Total:         16662        4570        2668

               total        used        free      shared  buff/cache   available
Mem:           14514        4553         537         167        9423        9456
Swap:           2147           3        2144
Total:         16662        4556        2681

               total        used        free      shared  buff/cache   available
Mem:           14514        4508         583         167        9423        9501
Swap:           2147           3        2144
Total:         16662        4511        2727

               total        used        free      shared  buff/cache   available
Mem:           14514        4502         588         167        9423        9507
Swap:           2147           3        2144
Total:         16662        4505        2732

               total        used        free      shared  buff/cache   available
Mem:           14514        4490         600         167        9423        9519
Swap:           2147           3        2144
Total:         16662        4493        2745

               total        used        free      shared  buff/cache   available
Mem:           14514        4502         588         167        9423        9507
Swap:           2147           3        2144
Total:         16662        4506        2732

               total        used        free      shared  buff/cache   available
Mem:           14514        4498         592         167        9423        9510
Swap:           2147           3        2144
Total:         16662        4502        2736

               total        used        free      shared  buff/cache   available
Mem:           14514        4491         599         167        9423        9518
Swap:           2147           3        2144
Total:         16662        4495        2743

               total        used        free      shared  buff/cache   available
Mem:           14514        4485         602         170        9426        9520
Swap:           2147           3        2144
Total:         16662        4488        2746
