RESET
CPU yadrolab-wp11 1745510770 2025/04/24 19:06:10 2097393 100 24 14676073 20188836 1141946 4993507048 149555 0 15745 0 0 78519 100 0 0
SEP
CPU yadrolab-wp11 1745510771 2025/04/24 19:06:11 1 100 24 13 6 2 2377 0 0 0 0 0 74615 100 0 0
SEP
CPU yadrolab-wp11 1745510772 2025/04/24 19:06:12 1 100 24 12 8 1 2372 0 0 0 0 0 77268 100 0 0
SEP
CPU yadrolab-wp11 1745510773 2025/04/24 19:06:13 1 100 24 12 5 1 2377 0 0 0 0 0 74400 100 0 0
SEP
CPU yadrolab-wp11 1745510774 2025/04/24 19:06:14 1 100 24 16 5 0 2376 0 0 0 0 0 75953 100 0 0
SEP
CPU yadrolab-wp11 1745510775 2025/04/24 19:06:15 1 100 24 14 8 1 2376 0 0 0 0 0 75468 100 0 0
SEP
CPU yadrolab-wp11 1745510776 2025/04/24 19:06:16 1 100 24 13 6 3 2377 0 0 0 0 0 75982 100 0 0
SEP
CPU yadrolab-wp11 1745510777 2025/04/24 19:06:17 1 100 24 12 8 1 2374 0 0 0 0 0 76955 100 0 0
SEP
CPU yadrolab-wp11 1745510778 2025/04/24 19:06:18 1 100 24 12 6 0 2376 0 0 0 0 0 76876 100 0 0
SEP
CPU yadrolab-wp11 1745510779 2025/04/24 19:06:19 1 100 24 14 6 3 2376 0 0 0 0 0 77470 100 0 0
SEP
CPU yadrolab-wp11 1745510780 2025/04/24 19:06:20 1 100 24 17 6 0 2372 0 0 0 0 0 75461 100 0 0
SEP
CPU yadrolab-wp11 1745510781 2025/04/24 19:06:21 1 100 24 89 525 3 1748 4 0 0 0 0 77047 100 0 0
SEP
CPU yadrolab-wp11 1745510782 2025/04/24 19:06:22 1 100 24 81 533 5 1758 4 0 0 0 0 77021 100 0 0
SEP
CPU yadrolab-wp11 1745510783 2025/04/24 19:06:23 1 100 24 73 490 4 1807 4 0 0 0 0 80300 100 0 0
SEP
CPU yadrolab-wp11 1745510784 2025/04/24 19:06:24 1 100 24 98 497 6 1765 3 0 0 0 0 78515 100 0 0
SEP
CPU yadrolab-wp11 1745510785 2025/04/24 19:06:25 1 100 24 87 403 2 1879 3 0 0 0 0 76918 100 0 0
SEP
CPU yadrolab-wp11 1745510786 2025/04/24 19:06:26 1 100 24 131 564 5 1680 3 0 0 0 0 74830 100 0 0
SEP
CPU yadrolab-wp11 1745510787 2025/04/24 19:06:27 1 100 24 76 500 3 1767 3 0 0 0 0 79493 100 0 0
SEP
CPU yadrolab-wp11 1745510788 2025/04/24 19:06:28 1 100 24 58 493 2 1822 2 0 0 0 0 88771 100 0 0
SEP
CPU yadrolab-wp11 1745510789 2025/04/24 19:06:29 1 100 24 88 534 4 1760 2 0 0 0 0 76528 100 0 0
SEP
CPU yadrolab-wp11 1745510790 2025/04/24 19:06:30 1 100 24 81 515 7 1773 3 0 0 0 0 75192 100 0 0
SEP
CPU yadrolab-wp11 1745510791 2025/04/24 19:06:31 1 100 24 81 532 17 1746 5 0 0 0 0 76874 100 0 0
SEP
CPU yadrolab-wp11 1745510792 2025/04/24 19:06:32 1 100 24 116 370 5 1877 6 0 0 0 0 73630 100 0 0
SEP
CPU yadrolab-wp11 1745510793 2025/04/24 19:06:33 1 100 24 82 525 3 1747 3 0 0 0 0 77073 100 0 0
SEP
CPU yadrolab-wp11 1745510794 2025/04/24 19:06:34 1 100 24 73 538 6 1770 3 0 0 0 0 72205 100 0 0
SEP
CPU yadrolab-wp11 1745510795 2025/04/24 19:06:35 1 100 24 100 540 2 1741 3 0 1 0 0 77355 100 0 0
SEP
CPU yadrolab-wp11 1745510796 2025/04/24 19:06:36 1 100 24 83 525 4 1753 3 0 0 0 0 77011 100 0 0
SEP
CPU yadrolab-wp11 1745510797 2025/04/24 19:06:37 1 100 24 75 537 6 1741 3 0 0 0 0 74574 100 0 0
SEP
CPU yadrolab-wp11 1745510798 2025/04/24 19:06:38 1 100 24 92 536 5 1742 3 0 0 0 0 77664 100 0 0
SEP
CPU yadrolab-wp11 1745510799 2025/04/24 19:06:39 1 100 24 68 501 3 1806 2 0 0 0 0 77184 100 0 0
SEP
CPU yadrolab-wp11 1745510800 2025/04/24 19:06:40 1 100 24 71 515 5 1782 4 0 0 0 0 77338 100 0 0
SEP
CPU yadrolab-wp11 1745510801 2025/04/24 19:06:41 1 100 24 82 501 3 1798 5 0 0 0 0 77393 100 0 0
SEP
CPU yadrolab-wp11 1745510802 2025/04/24 19:06:42 1 100 24 116 531 3 1737 3 0 0 0 0 78036 100 0 0
SEP
CPU yadrolab-wp11 1745510803 2025/04/24 19:06:43 1 100 24 115 369 7 1891 3 0 0 0 0 82953 100 0 0
SEP
CPU yadrolab-wp11 1745510804 2025/04/24 19:06:44 1 100 24 78 520 5 1772 3 0 0 0 0 77195 100 0 0
SEP
CPU yadrolab-wp11 1745510805 2025/04/24 19:06:45 1 100 24 92 500 5 1770 3 0 0 0 0 77000 100 0 0
SEP
CPU yadrolab-wp11 1745510806 2025/04/24 19:06:46 1 100 24 110 562 5 1708 3 0 0 0 0 76433 100 0 0
SEP
CPU yadrolab-wp11 1745510807 2025/04/24 19:06:47 1 100 24 77 508 4 1779 2 0 0 0 0 77002 100 0 0
SEP
CPU yadrolab-wp11 1745510808 2025/04/24 19:06:48 1 100 24 81 516 3 1767 3 0 0 0 0 76948 100 0 0
SEP
CPU yadrolab-wp11 1745510809 2025/04/24 19:06:49 1 100 24 67 503 3 1810 3 0 0 0 0 71799 100 0 0
SEP
CPU yadrolab-wp11 1745510810 2025/04/24 19:06:50 1 100 24 95 534 3 1727 5 0 0 0 0 76007 100 0 0
SEP
CPU yadrolab-wp11 1745510811 2025/04/24 19:06:51 1 100 24 65 478 4 1813 6 0 0 0 0 77950 100 0 0
SEP
CPU yadrolab-wp11 1745510812 2025/04/24 19:06:52 1 100 24 81 521 4 1770 3 0 0 0 0 75958 100 0 0
SEP
CPU yadrolab-wp11 1745510813 2025/04/24 19:06:53 1 100 24 88 515 2 1785 5 0 0 0 0 67982 100 0 0
SEP
CPU yadrolab-wp11 1745510814 2025/04/24 19:06:54 1 100 24 72 511 4 1788 2 0 1 0 0 78716 100 0 0
SEP
CPU yadrolab-wp11 1745510815 2025/04/24 19:06:55 1 100 24 78 552 4 1746 3 0 0 0 0 76483 100 0 0
SEP
CPU yadrolab-wp11 1745510816 2025/04/24 19:06:56 1 100 24 74 391 4 1903 3 0 0 0 0 107875 100 0 0
SEP
CPU yadrolab-wp11 1745510817 2025/04/24 19:06:57 1 100 24 102 490 4 1777 3 0 0 0 0 75833 100 0 0
SEP
CPU yadrolab-wp11 1745510818 2025/04/24 19:06:58 1 100 24 92 521 2 1771 3 0 0 0 0 72777 100 0 0
SEP
CPU yadrolab-wp11 1745510819 2025/04/24 19:06:59 1 100 24 84 515 5 1786 4 0 0 0 0 77405 100 0 0
SEP
CPU yadrolab-wp11 1745510820 2025/04/24 19:07:00 1 100 24 86 508 15 1773 3 0 0 0 0 77145 100 0 0
SEP
CPU yadrolab-wp11 1745510821 2025/04/24 19:07:01 1 100 24 79 514 5 1775 7 0 0 0 0 75755 100 0 0
SEP
CPU yadrolab-wp11 1745510822 2025/04/24 19:07:02 1 100 24 70 520 21 1762 3 0 0 0 0 80438 100 0 0
SEP
CPU yadrolab-wp11 1745510823 2025/04/24 19:07:03 1 100 24 95 536 29 1720 2 0 0 0 0 75158 100 0 0
SEP
CPU yadrolab-wp11 1745510824 2025/04/24 19:07:04 1 100 24 74 508 5 1786 3 0 0 0 0 77558 100 0 0
SEP
CPU yadrolab-wp11 1745510825 2025/04/24 19:07:05 1 100 24 82 505 6 1791 3 0 0 0 0 77179 100 0 0
SEP
CPU yadrolab-wp11 1745510826 2025/04/24 19:07:06 1 100 24 69 481 36 1789 3 0 0 0 0 83087 100 0 0
SEP
CPU yadrolab-wp11 1745510827 2025/04/24 19:07:07 1 100 24 58 487 53 1766 3 0 0 0 0 78469 100 0 0
SEP
CPU yadrolab-wp11 1745510828 2025/04/24 19:07:08 1 100 24 85 507 9 1773 3 0 0 0 0 75521 100 0 0
SEP
CPU yadrolab-wp11 1745510829 2025/04/24 19:07:09 1 100 24 93 534 27 1717 3 0 1 0 0 77388 100 0 0
SEP
CPU yadrolab-wp11 1745510830 2025/04/24 19:07:10 1 100 24 73 481 21 1770 19 0 0 0 0 76997 100 0 0
SEP
CPU yadrolab-wp11 1745510831 2025/04/24 19:07:11 1 100 24 108 377 6 1885 9 0 0 0 0 103889 100 0 0
SEP
CPU yadrolab-wp11 1745510832 2025/04/24 19:07:12 1 100 24 119 549 7 1702 9 0 0 0 0 76413 100 0 0
SEP
CPU yadrolab-wp11 1745510833 2025/04/24 19:07:13 1 100 24 27 231 2 2129 2 0 0 0 0 77291 100 0 0
SEP
CPU yadrolab-wp11 1745510834 2025/04/24 19:07:14 1 100 24 17 4 1 2372 0 0 0 0 0 76723 100 0 0
SEP
CPU yadrolab-wp11 1745510835 2025/04/24 19:07:15 1 100 24 13 7 2 2375 0 0 0 0 0 76684 100 0 0
SEP
CPU yadrolab-wp11 1745510836 2025/04/24 19:07:16 1 100 24 28 9 1 2351 0 0 0 0 0 76796 100 0 0
SEP
CPU yadrolab-wp11 1745510837 2025/04/24 19:07:17 1 100 24 11 8 1 2376 0 0 0 0 0 75941 100 0 0
SEP
CPU yadrolab-wp11 1745510838 2025/04/24 19:07:18 1 100 24 22 18 2 2353 0 0 0 0 0 76667 100 0 0
SEP
CPU yadrolab-wp11 1745510839 2025/04/24 19:07:19 1 100 24 14 7 1 2375 0 0 0 0 0 76357 100 0 0
SEP
CPU yadrolab-wp11 1745510840 2025/04/24 19:07:20 1 100 24 13 8 3 2372 0 0 0 0 0 76127 100 0 0
SEP
CPU yadrolab-wp11 1745510841 2025/04/24 19:07:21 1 100 24 13 7 2 2375 0 0 0 0 0 74904 100 0 0
SEP
CPU yadrolab-wp11 1745510842 2025/04/24 19:07:22 1 100 24 11 7 1 2377 0 0 0 0 0 76520 100 0 0
SEP
