815 
742 
752 
765 
730 
757 
741 
726 
735 
757 
762 
761 
734 
786 
739 
761 
727 
761 
714 
704 
738 
724 
730 
743 
735 
757 
750 
739 
760 
731 
733 
707 
743 
727 
731 
755 
714 
780 
759 
766 
764 
759 
754 
827 
802 
720 
778 
789 
745 
729 
741 
739 
749 
721 
763 
745 
816 
793 
754 
725 
753 
754 
776 
771 
767 
771 
721 
677 
767 
738 
729 
743 
738 
767 
763 
693 
718 
718 
722 
723 
786 
713 
779 
716 
756 
713 
709 
778 
709 
758 
766 
744 
764 
725 
777 
739 
719 
746 
745 
802 
