              total        used        free      shared  buff/cache   available
Mem:          33447        3893        1341         159       28212       28897
Swap:          2147         438        1708
Total:        35595        4332        3050

              total        used        free      shared  buff/cache   available
Mem:          33447        3901        1333         159       28212       28889
Swap:          2147         438        1708
Total:        35595        4339        3042

              total        used        free      shared  buff/cache   available
Mem:          33447        3901        1333         159       28212       28889
Swap:          2147         438        1708
Total:        35595        4339        3042

              total        used        free      shared  buff/cache   available
Mem:          33447        3900        1334         159       28212       28890
Swap:          2147         438        1708
Total:        35595        4339        3043

              total        used        free      shared  buff/cache   available
Mem:          33447        3901        1333         159       28212       28889
Swap:          2147         438        1708
Total:        35595        4339        3042

              total        used        free      shared  buff/cache   available
Mem:          33447        3901        1333         159       28212       28889
Swap:          2147         438        1708
Total:        35595        4339        3042

              total        used        free      shared  buff/cache   available
Mem:          33447        3901        1333         159       28212       28888
Swap:          2147         438        1708
Total:        35595        4340        3041

              total        used        free      shared  buff/cache   available
Mem:          33447        3901        1333         159       28212       28888
Swap:          2147         438        1708
Total:        35595        4340        3041

              total        used        free      shared  buff/cache   available
Mem:          33447        3903        1331         159       28212       28887
Swap:          2147         438        1708
Total:        35595        4342        3040

              total        used        free      shared  buff/cache   available
Mem:          33447        3904        1330         159       28212       28886
Swap:          2147         438        1708
Total:        35595        4343        3039

              total        used        free      shared  buff/cache   available
Mem:          33447        3903        1331         159       28212       28887
Swap:          2147         438        1708
Total:        35595        4341        3040

              total        used        free      shared  buff/cache   available
Mem:          33447        4022        1211         159       28213       28768
Swap:          2147         438        1708
Total:        35595        4460        2920

              total        used        free      shared  buff/cache   available
Mem:          33447        4020        1212         159       28213       28769
Swap:          2147         438        1708
Total:        35595        4459        2921

              total        used        free      shared  buff/cache   available
Mem:          33447        4041        1191         159       28214       28749
Swap:          2147         438        1708
Total:        35595        4480        2900

              total        used        free      shared  buff/cache   available
Mem:          33447        4045        1187         159       28214       28744
Swap:          2147         438        1708
Total:        35595        4484        2896

              total        used        free      shared  buff/cache   available
Mem:          33447        4044        1188         159       28214       28746
Swap:          2147         438        1708
Total:        35595        4483        2897

              total        used        free      shared  buff/cache   available
Mem:          33447        4041        1190         159       28215       28749
Swap:          2147         438        1708
Total:        35595        4479        2899

              total        used        free      shared  buff/cache   available
Mem:          33447        4023        1208         159       28215       28766
Swap:          2147         438        1708
Total:        35595        4462        2917

              total        used        free      shared  buff/cache   available
Mem:          33447        4025        1205         159       28216       28765
Swap:          2147         438        1708
Total:        35595        4464        2914

              total        used        free      shared  buff/cache   available
Mem:          33447        4034        1196         159       28217       28756
Swap:          2147         438        1708
Total:        35595        4472        2905

              total        used        free      shared  buff/cache   available
Mem:          33447        4032        1196         159       28218       28757
Swap:          2147         438        1708
Total:        35595        4471        2905

              total        used        free      shared  buff/cache   available
Mem:          33447        3997        1228         163       28221       28789
Swap:          2147         438        1708
Total:        35595        4436        2937

              total        used        free      shared  buff/cache   available
Mem:          33447        4016        1209         163       28221       28770
Swap:          2147         438        1708
Total:        35595        4455        2918

              total        used        free      shared  buff/cache   available
Mem:          33447        4021        1202         163       28222       28765
Swap:          2147         438        1708
Total:        35595        4460        2911

              total        used        free      shared  buff/cache   available
Mem:          33447        4014        1213         159       28220       28776
Swap:          2147         438        1708
Total:        35595        4452        2921

              total        used        free      shared  buff/cache   available
Mem:          33447        4028        1199         159       28220       28762
Swap:          2147         438        1708
Total:        35595        4466        2908

              total        used        free      shared  buff/cache   available
Mem:          33447        3922        1306         157       28218       28870
Swap:          2147         438        1708
Total:        35595        4361        3015

              total        used        free      shared  buff/cache   available
Mem:          33447        3910        1321         154       28215       28886
Swap:          2147         438        1708
Total:        35595        4348        3030

              total        used        free      shared  buff/cache   available
Mem:          33447        3906        1324         154       28216       28889
Swap:          2147         438        1708
Total:        35595        4345        3033

              total        used        free      shared  buff/cache   available
Mem:          33447        3913        1317         154       28216       28883
Swap:          2147         438        1708
Total:        35595        4351        3026

              total        used        free      shared  buff/cache   available
Mem:          33447        3904        1325         154       28217       28891
Swap:          2147         438        1708
Total:        35595        4342        3034

              total        used        free      shared  buff/cache   available
Mem:          33447        3898        1331         154       28217       28897
Swap:          2147         438        1708
Total:        35595        4336        3040

              total        used        free      shared  buff/cache   available
Mem:          33447        3899        1329         154       28218       28896
Swap:          2147         438        1708
Total:        35595        4338        3038

              total        used        free      shared  buff/cache   available
Mem:          33447        3916        1313         154       28217       28879
Swap:          2147         438        1708
Total:        35595        4355        3021

              total        used        free      shared  buff/cache   available
Mem:          33447        3911        1317         154       28218       28884
Swap:          2147         438        1708
Total:        35595        4350        3026

              total        used        free      shared  buff/cache   available
Mem:          33447        3921        1307         154       28218       28874
Swap:          2147         438        1708
Total:        35595        4359        3016

              total        used        free      shared  buff/cache   available
Mem:          33447        3918        1309         154       28219       28877
Swap:          2147         438        1708
Total:        35595        4357        3018

              total        used        free      shared  buff/cache   available
Mem:          33447        3921        1304         154       28220       28874
Swap:          2147         438        1708
Total:        35595        4360        3013

              total        used        free      shared  buff/cache   available
Mem:          33447        3921        1305         154       28220       28874
Swap:          2147         438        1708
Total:        35595        4360        3014

              total        used        free      shared  buff/cache   available
Mem:          33447        3927        1299         154       28221       28868
Swap:          2147         438        1708
Total:        35595        4365        3008

              total        used        free      shared  buff/cache   available
Mem:          33447        3929        1296         154       28221       28866
Swap:          2147         438        1708
Total:        35595        4367        3005

              total        used        free      shared  buff/cache   available
Mem:          33447        3905        1319         154       28221       28890
Swap:          2147         438        1708
Total:        35595        4344        3028

              total        used        free      shared  buff/cache   available
Mem:          33447        3894        1330         154       28222       28901
Swap:          2147         438        1708
Total:        35595        4332        3039

              total        used        free      shared  buff/cache   available
Mem:          33447        3905        1318         154       28223       28890
Swap:          2147         438        1708
Total:        35595        4344        3027

              total        used        free      shared  buff/cache   available
Mem:          33447        3906        1317         154       28223       28889
Swap:          2147         438        1708
Total:        35595        4344        3026

              total        used        free      shared  buff/cache   available
Mem:          33447        3905        1317         154       28224       28890
Swap:          2147         438        1708
Total:        35595        4343        3026

              total        used        free      shared  buff/cache   available
Mem:          33447        3928        1294         154       28223       28867
Swap:          2147         438        1708
Total:        35595        4367        3003

              total        used        free      shared  buff/cache   available
Mem:          33447        3916        1306         154       28224       28879
Swap:          2147         438        1708
Total:        35595        4355        3015

              total        used        free      shared  buff/cache   available
Mem:          33447        3926        1295         154       28224       28869
Swap:          2147         438        1708
Total:        35595        4365        3004

              total        used        free      shared  buff/cache   available
Mem:          33447        3916        1305         154       28224       28879
Swap:          2147         438        1708
Total:        35595        4355        3014

              total        used        free      shared  buff/cache   available
Mem:          33447        3942        1274         159       28230       28848
Swap:          2147         438        1708
Total:        35595        4380        2983

              total        used        free      shared  buff/cache   available
Mem:          33447        3944        1271         160       28231       28845
Swap:          2147         438        1708
Total:        35595        4383        2980

              total        used        free      shared  buff/cache   available
Mem:          33447        4013        1192         169       28241       28767
Swap:          2147         438        1708
Total:        35595        4452        2901

              total        used        free      shared  buff/cache   available
Mem:          33447        4018        1185         171       28243       28760
Swap:          2147         438        1708
Total:        35595        4457        2894

              total        used        free      shared  buff/cache   available
Mem:          33447        4021        1182         171       28243       28758
Swap:          2147         438        1708
Total:        35595        4459        2891

              total        used        free      shared  buff/cache   available
Mem:          33447        4017        1185         171       28244       28761
Swap:          2147         438        1708
Total:        35595        4456        2894

              total        used        free      shared  buff/cache   available
Mem:          33447        4161        1041         171       28244       28617
Swap:          2147         438        1708
Total:        35595        4600        2750

              total        used        free      shared  buff/cache   available
Mem:          33447        4139        1063         171       28243       28639
Swap:          2147         438        1708
Total:        35595        4578        2772

              total        used        free      shared  buff/cache   available
Mem:          33447        4120        1081         171       28244       28658
Swap:          2147         438        1708
Total:        35595        4559        2790

              total        used        free      shared  buff/cache   available
Mem:          33447        4256         945         171       28245       28522
Swap:          2147         438        1708
Total:        35595        4695        2654

              total        used        free      shared  buff/cache   available
Mem:          33447        4098        1103         171       28245       28680
Swap:          2147         438        1708
Total:        35595        4537        2811

              total        used        free      shared  buff/cache   available
Mem:          33447        4116        1085         171       28245       28662
Swap:          2147         438        1708
Total:        35595        4555        2794

              total        used        free      shared  buff/cache   available
Mem:          33447        4109        1092         171       28246       28669
Swap:          2147         438        1708
Total:        35595        4548        2800

              total        used        free      shared  buff/cache   available
Mem:          33447        4082        1119         171       28245       28697
Swap:          2147         438        1708
Total:        35595        4520        2828

              total        used        free      shared  buff/cache   available
Mem:          33447        4081        1120         171       28245       28698
Swap:          2147         438        1708
Total:        35595        4520        2829

              total        used        free      shared  buff/cache   available
Mem:          33447        4084        1118         171       28245       28695
Swap:          2147         438        1708
Total:        35595        4522        2826

              total        used        free      shared  buff/cache   available
Mem:          33447        3986        1215         171       28245       28793
Swap:          2147         438        1708
Total:        35595        4424        2924

              total        used        free      shared  buff/cache   available
Mem:          33447        3984        1217         171       28245       28794
Swap:          2147         438        1708
Total:        35595        4423        2926

              total        used        free      shared  buff/cache   available
Mem:          33447        3984        1218         171       28245       28795
Swap:          2147         438        1708
Total:        35595        4422        2927

              total        used        free      shared  buff/cache   available
Mem:          33447        3984        1217         171       28245       28795
Swap:          2147         438        1708
Total:        35595        4422        2926

              total        used        free      shared  buff/cache   available
Mem:          33447        3984        1217         171       28245       28794
Swap:          2147         438        1708
Total:        35595        4423        2926

              total        used        free      shared  buff/cache   available
Mem:          33447        3984        1217         171       28245       28795
Swap:          2147         438        1708
Total:        35595        4422        2926

              total        used        free      shared  buff/cache   available
Mem:          33447        3986        1216         170       28244       28794
Swap:          2147         438        1708
Total:        35595        4424        2925
