RESET
CPU yadrolab-wp11 1745509229 2025/04/24 18:40:29 2095852 100 24 14598123 19776142 1135322 4990327233 145814 0 15688 0 0 79160 100 0 0
SEP
CPU yadrolab-wp11 1745509230 2025/04/24 18:40:30 1 100 24 15 5 1 2377 0 0 0 0 0 75023 100 0 0
SEP
CPU yadrolab-wp11 1745509231 2025/04/24 18:40:31 1 100 24 14 7 5 2364 0 0 0 0 0 75903 100 0 0
SEP
CPU yadrolab-wp11 1745509232 2025/04/24 18:40:32 1 100 24 14 7 4 2375 0 0 0 0 0 74400 100 0 0
SEP
CPU yadrolab-wp11 1745509233 2025/04/24 18:40:33 1 100 24 16 7 1 2374 0 0 0 0 0 73754 100 0 0
SEP
CPU yadrolab-wp11 1745509234 2025/04/24 18:40:34 1 100 24 12 4 1 2377 1 0 0 0 0 74700 100 0 0
SEP
CPU yadrolab-wp11 1745509235 2025/04/24 18:40:35 1 100 24 13 6 2 2377 0 0 0 0 0 76070 100 0 0
SEP
CPU yadrolab-wp11 1745509236 2025/04/24 18:40:36 1 100 24 13 8 1 2374 0 0 0 0 0 75728 100 0 0
SEP
CPU yadrolab-wp11 1745509237 2025/04/24 18:40:37 1 100 24 12 5 3 2377 0 0 0 0 0 76467 100 0 0
SEP
CPU yadrolab-wp11 1745509238 2025/04/24 18:40:38 1 100 24 16 6 5 2368 0 0 0 0 0 75991 100 0 0
SEP
CPU yadrolab-wp11 1745509239 2025/04/24 18:40:39 1 100 24 16 8 0 2373 0 0 0 0 0 78085 100 0 0
SEP
CPU yadrolab-wp11 1745509240 2025/04/24 18:40:40 1 100 24 95 532 8 1728 4 0 0 0 0 77333 100 0 0
SEP
CPU yadrolab-wp11 1745509241 2025/04/24 18:40:41 1 100 24 87 503 5 1788 2 0 0 0 0 74235 100 0 0
SEP
CPU yadrolab-wp11 1745509242 2025/04/24 18:40:42 1 100 24 79 534 3 1744 3 0 0 0 0 74695 100 0 0
SEP
CPU yadrolab-wp11 1745509243 2025/04/24 18:40:43 1 100 24 93 532 3 1744 3 0 0 0 0 72462 100 0 0
SEP
CPU yadrolab-wp11 1745509244 2025/04/24 18:40:44 1 100 24 78 528 2 1770 3 0 0 0 0 75366 100 0 0
SEP
CPU yadrolab-wp11 1745509245 2025/04/24 18:40:45 1 100 24 90 518 4 1785 2 0 0 0 0 74904 100 0 0
SEP
CPU yadrolab-wp11 1745509246 2025/04/24 18:40:46 1 100 24 83 551 4 1735 3 0 0 0 0 76830 100 0 0
SEP
CPU yadrolab-wp11 1745509247 2025/04/24 18:40:47 1 100 24 63 514 4 1796 3 0 0 0 0 78080 100 0 0
SEP
CPU yadrolab-wp11 1745509248 2025/04/24 18:40:48 1 100 24 88 471 2 1816 3 0 0 0 0 81931 100 0 0
SEP
CPU yadrolab-wp11 1745509249 2025/04/24 18:40:49 1 100 24 96 439 4 1831 6 0 0 0 0 77020 100 0 0
SEP
CPU yadrolab-wp11 1745509250 2025/04/24 18:40:50 1 100 24 91 540 4 1761 3 0 0 0 0 77312 100 0 0
SEP
CPU yadrolab-wp11 1745509251 2025/04/24 18:40:51 1 100 24 75 560 3 1745 7 0 0 0 0 107833 100 0 0
SEP
CPU yadrolab-wp11 1745509252 2025/04/24 18:40:52 1 100 24 85 505 3 1776 6 0 0 0 0 76953 100 0 0
SEP
CPU yadrolab-wp11 1745509253 2025/04/24 18:40:53 1 100 24 79 530 4 1757 3 0 0 0 0 77159 100 0 0
SEP
CPU yadrolab-wp11 1745509254 2025/04/24 18:40:54 1 100 24 80 502 4 1784 2 0 1 0 0 73797 100 0 0
SEP
CPU yadrolab-wp11 1745509255 2025/04/24 18:40:55 1 100 24 78 535 6 1762 3 0 0 0 0 78398 100 0 0
SEP
CPU yadrolab-wp11 1745509256 2025/04/24 18:40:56 1 100 24 97 510 2 1767 3 0 0 0 0 74420 100 0 0
SEP
CPU yadrolab-wp11 1745509257 2025/04/24 18:40:57 1 100 24 73 485 3 1821 3 0 0 0 0 85207 100 0 0
SEP
CPU yadrolab-wp11 1745509258 2025/04/24 18:40:58 1 100 24 101 418 3 1847 3 0 0 0 0 82543 100 0 0
SEP
CPU yadrolab-wp11 1745509259 2025/04/24 18:40:59 1 100 24 89 476 3 1815 4 0 0 0 0 76554 100 0 0
SEP
CPU yadrolab-wp11 1745509260 2025/04/24 18:41:00 1 100 24 81 531 8 1752 4 0 0 0 0 76938 100 0 0
SEP
CPU yadrolab-wp11 1745509261 2025/04/24 18:41:01 1 100 24 104 547 5 1722 6 0 0 0 0 76714 100 0 0
SEP
CPU yadrolab-wp11 1745509262 2025/04/24 18:41:02 1 100 24 82 531 5 1774 3 0 0 0 0 62579 100 0 0
SEP
CPU yadrolab-wp11 1745509263 2025/04/24 18:41:03 1 100 24 94 508 3 1776 3 0 0 0 0 79429 100 0 0
SEP
CPU yadrolab-wp11 1745509264 2025/04/24 18:41:04 1 100 24 71 514 4 1793 3 0 0 0 0 77322 100 0 0
SEP
CPU yadrolab-wp11 1745509265 2025/04/24 18:41:05 1 100 24 80 525 4 1776 3 0 0 0 0 78016 100 0 0
SEP
CPU yadrolab-wp11 1745509266 2025/04/24 18:41:06 1 100 24 89 548 3 1742 3 0 0 0 0 74300 100 0 0
SEP
CPU yadrolab-wp11 1745509267 2025/04/24 18:41:07 1 100 24 58 508 3 1804 2 0 0 0 0 76786 100 0 0
SEP
CPU yadrolab-wp11 1745509268 2025/04/24 18:41:08 1 100 24 77 517 3 1773 3 0 0 0 0 76707 100 0 0
SEP
CPU yadrolab-wp11 1745509269 2025/04/24 18:41:09 1 100 24 85 539 3 1745 7 0 0 0 0 77374 100 0 0
SEP
CPU yadrolab-wp11 1745509270 2025/04/24 18:41:10 1 100 24 94 419 7 1864 5 0 0 0 0 83831 100 0 0
SEP
CPU yadrolab-wp11 1745509271 2025/04/24 18:41:11 1 100 24 77 439 4 1862 6 0 0 0 0 77355 100 0 0
SEP
CPU yadrolab-wp11 1745509272 2025/04/24 18:41:12 1 100 24 79 522 1 1795 3 0 0 0 0 76921 100 0 0
SEP
CPU yadrolab-wp11 1745509273 2025/04/24 18:41:13 1 100 24 89 528 8 1748 3 0 0 0 0 79618 100 0 0
SEP
CPU yadrolab-wp11 1745509274 2025/04/24 18:41:14 1 100 24 62 492 4 1815 3 0 0 0 0 78099 100 0 0
SEP
CPU yadrolab-wp11 1745509275 2025/04/24 18:41:15 1 100 24 88 524 2 1757 3 0 0 0 0 77336 100 0 0
SEP
CPU yadrolab-wp11 1745509276 2025/04/24 18:41:16 1 100 24 101 539 4 1724 3 0 0 0 0 77052 100 0 0
SEP
CPU yadrolab-wp11 1745509277 2025/04/24 18:41:17 1 100 24 87 394 2 1868 2 0 0 0 0 89970 100 0 0
SEP
CPU yadrolab-wp11 1745509278 2025/04/24 18:41:18 1 100 24 82 444 4 1838 3 0 0 0 0 76786 100 0 0
SEP
CPU yadrolab-wp11 1745509279 2025/04/24 18:41:19 1 100 24 92 562 6 1728 5 0 0 0 0 80332 100 0 0
SEP
CPU yadrolab-wp11 1745509280 2025/04/24 18:41:20 1 100 24 63 505 4 1821 4 0 0 0 0 75449 100 0 0
SEP
CPU yadrolab-wp11 1745509281 2025/04/24 18:41:21 1 100 24 83 527 4 1774 2 0 0 0 0 77069 100 0 0
SEP
CPU yadrolab-wp11 1745509282 2025/04/24 18:41:22 1 100 24 76 509 2 1784 3 0 0 0 0 77207 100 0 0
SEP
CPU yadrolab-wp11 1745509283 2025/04/24 18:41:23 1 100 24 94 516 2 1765 3 0 1 0 0 76756 100 0 0
SEP
CPU yadrolab-wp11 1745509284 2025/04/24 18:41:24 1 100 24 68 490 4 1807 3 0 0 0 0 77592 100 0 0
SEP
CPU yadrolab-wp11 1745509285 2025/04/24 18:41:25 1 100 24 86 326 4 1957 3 0 0 0 0 88409 100 0 0
SEP
CPU yadrolab-wp11 1745509286 2025/04/24 18:41:26 1 100 24 100 543 3 1727 3 0 0 0 0 76762 100 0 0
SEP
CPU yadrolab-wp11 1745509287 2025/04/24 18:41:27 1 100 24 85 505 3 1776 3 0 0 0 0 77141 100 0 0
SEP
CPU yadrolab-wp11 1745509288 2025/04/24 18:41:28 1 100 24 81 530 4 1748 3 0 0 0 0 77419 100 0 0
SEP
CPU yadrolab-wp11 1745509289 2025/04/24 18:41:29 1 100 24 55 496 6 1837 3 0 0 0 0 77762 100 0 0
SEP
CPU yadrolab-wp11 1745509290 2025/04/24 18:41:30 1 100 24 72 512 4 1782 5 0 0 0 0 74400 100 0 0
SEP
CPU yadrolab-wp11 1745509291 2025/04/24 18:41:31 1 100 24 83 540 5 1742 6 0 0 0 0 76356 100 0 0
SEP
CPU yadrolab-wp11 1745509292 2025/04/24 18:41:32 1 100 24 59 286 2 2033 2 0 0 0 0 75789 100 0 0
SEP
CPU yadrolab-wp11 1745509293 2025/04/24 18:41:33 1 100 24 13 4 1 2375 0 0 0 0 0 77170 100 0 0
SEP
CPU yadrolab-wp11 1745509294 2025/04/24 18:41:34 1 100 24 13 7 0 2374 0 0 0 0 0 75541 100 0 0
SEP
CPU yadrolab-wp11 1745509295 2025/04/24 18:41:35 1 100 24 15 5 2 2374 0 0 0 0 0 76636 100 0 0
SEP
CPU yadrolab-wp11 1745509296 2025/04/24 18:41:36 1 100 24 15 14 1 2359 0 0 0 0 0 74417 100 0 0
SEP
CPU yadrolab-wp11 1745509297 2025/04/24 18:41:37 1 100 24 14 5 1 2376 0 0 0 0 0 77373 100 0 0
SEP
CPU yadrolab-wp11 1745509298 2025/04/24 18:41:38 1 100 24 13 6 8 2369 0 0 0 0 0 76313 100 0 0
SEP
CPU yadrolab-wp11 1745509299 2025/04/24 18:41:39 1 100 24 13 6 2 2374 0 0 0 0 0 77570 100 0 0
SEP
CPU yadrolab-wp11 1745509300 2025/04/24 18:41:40 1 100 24 13 7 2 2373 0 0 0 0 0 77131 100 0 0
SEP
CPU yadrolab-wp11 1745509301 2025/04/24 18:41:41 1 100 24 14 8 1 2374 0 0 0 0 0 74990 100 0 0
SEP
