1027 
971 
986 
992 
1017 
860 
739 
736 
761 
740 
740 
774 
784 
783 
742 
744 
840 
731 
775 
715 
796 
735 
773 
793 
791 
894 
804 
785 
812 
740 
768 
806 
812 
855 
771 
804 
774 
755 
810 
760 
864 
768 
774 
766 
740 
726 
783 
782 
757 
768 
779 
725 
753 
740 
779 
752 
835 
814 
753 
758 
753 
762 
778 
760 
746 
726 
799 
776 
760 
771 
783 
796 
724 
730 
764 
731 
757 
755 
756 
752 
761 
760 
733 
755 
759 
772 
714 
745 
731 
737 
735 
743 
803 
812 
752 
766 
833 
735 
728 
739 
