              total        used        free      shared  buff/cache   available
Mem:          33447        3875        1644         160       27927       28914
Swap:          2147         438        1708
Total:        35595        4314        3353

              total        used        free      shared  buff/cache   available
Mem:          33447        3880        1639         160       27927       28909
Swap:          2147         438        1708
Total:        35595        4318        3348

              total        used        free      shared  buff/cache   available
Mem:          33447        3877        1638         164       27931       28908
Swap:          2147         438        1708
Total:        35595        4316        3347

              total        used        free      shared  buff/cache   available
Mem:          33447        3878        1637         164       27931       28907
Swap:          2147         438        1708
Total:        35595        4317        3346

              total        used        free      shared  buff/cache   available
Mem:          33447        3879        1636         164       27931       28906
Swap:          2147         438        1708
Total:        35595        4318        3345

              total        used        free      shared  buff/cache   available
Mem:          33447        3878        1640         161       27928       28910
Swap:          2147         438        1708
Total:        35595        4317        3349

              total        used        free      shared  buff/cache   available
Mem:          33447        3878        1640         160       27927       28910
Swap:          2147         438        1708
Total:        35595        4317        3349

              total        used        free      shared  buff/cache   available
Mem:          33447        3879        1639         160       27927       28909
Swap:          2147         438        1708
Total:        35595        4318        3348

              total        used        free      shared  buff/cache   available
Mem:          33447        3880        1639         160       27927       28909
Swap:          2147         438        1708
Total:        35595        4318        3348

              total        used        free      shared  buff/cache   available
Mem:          33447        3888        1630         160       27927       28900
Swap:          2147         438        1708
Total:        35595        4327        3339

              total        used        free      shared  buff/cache   available
Mem:          33447        3889        1629         160       27927       28899
Swap:          2147         438        1708
Total:        35595        4328        3338

              total        used        free      shared  buff/cache   available
Mem:          33447        3999        1519         160       27928       28790
Swap:          2147         438        1708
Total:        35595        4438        3228

              total        used        free      shared  buff/cache   available
Mem:          33447        3999        1518         160       27929       28790
Swap:          2147         438        1708
Total:        35595        4437        3227

              total        used        free      shared  buff/cache   available
Mem:          33447        4004        1512         160       27930       28784
Swap:          2147         438        1708
Total:        35595        4443        3221

              total        used        free      shared  buff/cache   available
Mem:          33447        4009        1507         160       27930       28780
Swap:          2147         438        1708
Total:        35595        4448        3216

              total        used        free      shared  buff/cache   available
Mem:          33447        4010        1506         160       27930       28779
Swap:          2147         438        1708
Total:        35595        4449        3215

              total        used        free      shared  buff/cache   available
Mem:          33447        4002        1513         160       27931       28787
Swap:          2147         438        1708
Total:        35595        4440        3222

              total        used        free      shared  buff/cache   available
Mem:          33447        4001        1513         161       27932       28787
Swap:          2147         438        1708
Total:        35595        4440        3222

              total        used        free      shared  buff/cache   available
Mem:          33447        4005        1509         161       27932       28783
Swap:          2147         438        1708
Total:        35595        4444        3218

              total        used        free      shared  buff/cache   available
Mem:          33447        4030        1484         161       27932       28758
Swap:          2147         438        1708
Total:        35595        4469        3193

              total        used        free      shared  buff/cache   available
Mem:          33447        4005        1509         161       27932       28783
Swap:          2147         438        1708
Total:        35595        4444        3218

              total        used        free      shared  buff/cache   available
Mem:          33447        4012        1501         161       27933       28776
Swap:          2147         438        1708
Total:        35595        4451        3210

              total        used        free      shared  buff/cache   available
Mem:          33447        4021        1493         161       27933       28768
Swap:          2147         438        1708
Total:        35595        4459        3201

              total        used        free      shared  buff/cache   available
Mem:          33447        4032        1480         161       27934       28756
Swap:          2147         438        1708
Total:        35595        4471        3189

              total        used        free      shared  buff/cache   available
Mem:          33447        4021        1491         161       27934       28768
Swap:          2147         438        1708
Total:        35595        4459        3200

              total        used        free      shared  buff/cache   available
Mem:          33447        4010        1500         161       27935       28778
Swap:          2147         438        1708
Total:        35595        4449        3209

              total        used        free      shared  buff/cache   available
Mem:          33447        4009        1502         161       27935       28780
Swap:          2147         438        1708
Total:        35595        4447        3211

              total        used        free      shared  buff/cache   available
Mem:          33447        4006        1504         161       27936       28783
Swap:          2147         438        1708
Total:        35595        4444        3213

              total        used        free      shared  buff/cache   available
Mem:          33447        4031        1479         161       27936       28758
Swap:          2147         438        1708
Total:        35595        4469        3188

              total        used        free      shared  buff/cache   available
Mem:          33447        4015        1497         158       27934       28776
Swap:          2147         438        1708
Total:        35595        4453        3206

              total        used        free      shared  buff/cache   available
Mem:          33447        4004        1507         158       27935       28787
Swap:          2147         438        1708
Total:        35595        4443        3216

              total        used        free      shared  buff/cache   available
Mem:          33447        4006        1506         158       27935       28785
Swap:          2147         438        1708
Total:        35595        4444        3215

              total        used        free      shared  buff/cache   available
Mem:          33447        4020        1487         161       27939       28768
Swap:          2147         438        1708
Total:        35595        4459        3196

              total        used        free      shared  buff/cache   available
Mem:          33447        4003        1506         160       27937       28786
Swap:          2147         438        1708
Total:        35595        4441        3215

              total        used        free      shared  buff/cache   available
Mem:          33447        4002        1507         160       27937       28787
Swap:          2147         438        1708
Total:        35595        4440        3216

              total        used        free      shared  buff/cache   available
Mem:          33447        4007        1503         157       27936       28785
Swap:          2147         438        1708
Total:        35595        4446        3212

              total        used        free      shared  buff/cache   available
Mem:          33447        4003        1507         157       27936       28789
Swap:          2147         438        1708
Total:        35595        4441        3216

              total        used        free      shared  buff/cache   available
Mem:          33447        4002        1508         157       27936       28790
Swap:          2147         438        1708
Total:        35595        4440        3217

              total        used        free      shared  buff/cache   available
Mem:          33447        4008        1501         157       27937       28784
Swap:          2147         438        1708
Total:        35595        4447        3210

              total        used        free      shared  buff/cache   available
Mem:          33447        4000        1508         157       27938       28792
Swap:          2147         438        1708
Total:        35595        4439        3217

              total        used        free      shared  buff/cache   available
Mem:          33447        4004        1504         157       27938       28788
Swap:          2147         438        1708
Total:        35595        4443        3213

              total        used        free      shared  buff/cache   available
Mem:          33447        4021        1487         157       27938       28771
Swap:          2147         438        1708
Total:        35595        4459        3196

              total        used        free      shared  buff/cache   available
Mem:          33447        4013        1495         157       27938       28779
Swap:          2147         438        1708
Total:        35595        4451        3204

              total        used        free      shared  buff/cache   available
Mem:          33447        4011        1497         157       27939       28781
Swap:          2147         438        1708
Total:        35595        4449        3206

              total        used        free      shared  buff/cache   available
Mem:          33447        3996        1510         157       27940       28796
Swap:          2147         438        1708
Total:        35595        4434        3219

              total        used        free      shared  buff/cache   available
Mem:          33447        4002        1504         157       27940       28790
Swap:          2147         438        1708
Total:        35595        4440        3213

              total        used        free      shared  buff/cache   available
Mem:          33447        4000        1505         157       27941       28792
Swap:          2147         438        1708
Total:        35595        4438        3214

              total        used        free      shared  buff/cache   available
Mem:          33447        4001        1504         157       27942       28791
Swap:          2147         438        1708
Total:        35595        4439        3212

              total        used        free      shared  buff/cache   available
Mem:          33447        4013        1492         157       27942       28779
Swap:          2147         438        1708
Total:        35595        4451        3201

              total        used        free      shared  buff/cache   available
Mem:          33447        4021        1483         157       27942       28770
Swap:          2147         438        1708
Total:        35595        4460        3192

              total        used        free      shared  buff/cache   available
Mem:          33447        4020        1484         157       27942       28772
Swap:          2147         438        1708
Total:        35595        4458        3193

              total        used        free      shared  buff/cache   available
Mem:          33447        4011        1492         157       27943       28781
Swap:          2147         438        1708
Total:        35595        4449        3201

              total        used        free      shared  buff/cache   available
Mem:          33447        4004        1499         157       27944       28788
Swap:          2147         438        1708
Total:        35595        4442        3208

              total        used        free      shared  buff/cache   available
Mem:          33447        3999        1503         157       27944       28793
Swap:          2147         438        1708
Total:        35595        4437        3212

              total        used        free      shared  buff/cache   available
Mem:          33447        4005        1496         157       27945       28787
Swap:          2147         438        1708
Total:        35595        4444        3205

              total        used        free      shared  buff/cache   available
Mem:          33447        4009        1491         157       27946       28783
Swap:          2147         438        1708
Total:        35595        4447        3200

              total        used        free      shared  buff/cache   available
Mem:          33447        4004        1497         157       27945       28788
Swap:          2147         438        1708
Total:        35595        4443        3206

              total        used        free      shared  buff/cache   available
Mem:          33447        4027        1473         157       27946       28765
Swap:          2147         438        1708
Total:        35595        4465        3182

              total        used        free      shared  buff/cache   available
Mem:          33447        4026        1474         157       27947       28766
Swap:          2147         438        1708
Total:        35595        4464        3183

              total        used        free      shared  buff/cache   available
Mem:          33447        4005        1494         157       27947       28787
Swap:          2147         438        1708
Total:        35595        4443        3203

              total        used        free      shared  buff/cache   available
Mem:          33447        4005        1493         157       27948       28787
Swap:          2147         438        1708
Total:        35595        4444        3202

              total        used        free      shared  buff/cache   available
Mem:          33447        4001        1496         157       27949       28791
Swap:          2147         438        1708
Total:        35595        4439        3205

              total        used        free      shared  buff/cache   available
Mem:          33447        3998        1495         161       27953       28790
Swap:          2147         438        1708
Total:        35595        4437        3204

              total        used        free      shared  buff/cache   available
Mem:          33447        3991        1502         161       27953       28797
Swap:          2147         438        1708
Total:        35595        4430        3211

              total        used        free      shared  buff/cache   available
Mem:          33447        3994        1500         161       27952       28795
Swap:          2147         438        1708
Total:        35595        4433        3208

              total        used        free      shared  buff/cache   available
Mem:          33447        3995        1499         161       27952       28794
Swap:          2147         438        1708
Total:        35595        4433        3208

              total        used        free      shared  buff/cache   available
Mem:          33447        3995        1502         157       27949       28797
Swap:          2147         438        1708
Total:        35595        4433        3211

              total        used        free      shared  buff/cache   available
Mem:          33447        3914        1582         157       27949       28877
Swap:          2147         438        1708
Total:        35595        4353        3291

              total        used        free      shared  buff/cache   available
Mem:          33447        3911        1586         157       27949       28881
Swap:          2147         438        1708
Total:        35595        4350        3294

              total        used        free      shared  buff/cache   available
Mem:          33447        3908        1589         157       27949       28884
Swap:          2147         438        1708
Total:        35595        4346        3298

              total        used        free      shared  buff/cache   available
Mem:          33447        3907        1589         157       27949       28884
Swap:          2147         438        1708
Total:        35595        4346        3298

              total        used        free      shared  buff/cache   available
Mem:          33447        3909        1588         157       27949       28883
Swap:          2147         438        1708
Total:        35595        4347        3297

              total        used        free      shared  buff/cache   available
Mem:          33447        3908        1589         157       27949       28884
Swap:          2147         438        1708
Total:        35595        4346        3298
