RESET
CPU laptop 1745518293 2025/04/24 21:11:33 639863 100 12 3627959 6625343 72156 156121626 279788 0 79016 0 0 39023 100 0 0
SEP
CPU laptop 1745518294 2025/04/24 21:11:34 1 100 12 67 42 0 1083 1 0 0 0 0 29757 100 0 0
SEP
CPU laptop 1745518295 2025/04/24 21:11:35 1 100 12 64 35 0 1087 2 0 0 0 0 24724 100 0 0
SEP
CPU laptop 1745518296 2025/04/24 21:11:36 1 100 12 54 14 0 1126 1 0 0 0 0 28444 100 0 0
SEP
CPU laptop 1745518297 2025/04/24 21:11:37 1 100 12 61 16 0 1119 1 0 0 0 0 28207 100 0 0
SEP
CPU laptop 1745518298 2025/04/24 21:11:38 1 100 12 55 16 0 1125 1 0 0 0 0 27351 100 0 0
SEP
CPU laptop 1745518299 2025/04/24 21:11:39 1 100 12 56 15 0 1126 1 0 0 0 0 24238 100 0 0
SEP
CPU laptop 1745518300 2025/04/24 21:11:40 1 100 12 56 21 0 1114 2 0 1 0 0 24846 100 0 0
SEP
CPU laptop 1745518301 2025/04/24 21:11:41 1 100 12 57 11 0 1130 0 0 0 0 0 25559 100 0 0
SEP
CPU laptop 1745518302 2025/04/24 21:11:42 1 100 12 52 16 0 1130 1 0 0 0 0 26259 100 0 0
SEP
CPU laptop 1745518303 2025/04/24 21:11:43 1 100 12 56 16 0 1123 2 0 0 0 0 26038 100 0 0
SEP
CPU laptop 1745518304 2025/04/24 21:11:44 1 100 12 141 222 1 801 17 0 1 0 0 40764 100 0 0
SEP
CPU laptop 1745518305 2025/04/24 21:11:45 1 100 12 135 235 1 789 20 0 1 0 0 33363 100 0 0
SEP
CPU laptop 1745518306 2025/04/24 21:11:46 1 100 12 152 249 1 758 17 0 1 0 0 36435 100 0 0
SEP
CPU laptop 1745518307 2025/04/24 21:11:47 1 100 12 138 228 1 794 20 0 1 0 0 40155 100 0 0
SEP
CPU laptop 1745518308 2025/04/24 21:11:48 1 100 12 141 241 1 781 18 0 0 0 0 39015 100 0 0
SEP
CPU laptop 1745518309 2025/04/24 21:11:49 1 100 12 100 186 0 871 31 0 1 0 0 30122 100 0 0
SEP
CPU laptop 1745518310 2025/04/24 21:11:50 1 100 12 133 222 1 805 18 0 1 0 0 30135 100 0 0
SEP
CPU laptop 1745518311 2025/04/24 21:11:51 1 100 12 141 233 1 780 21 0 1 0 0 32579 100 0 0
SEP
CPU laptop 1745518312 2025/04/24 21:11:52 1 100 12 139 219 1 799 18 0 1 0 0 38118 100 0 0
SEP
CPU laptop 1745518313 2025/04/24 21:11:53 1 100 12 134 229 1 794 20 0 2 0 0 40244 100 0 0
SEP
CPU laptop 1745518314 2025/04/24 21:11:54 1 100 12 139 235 1 783 19 0 1 0 0 39143 100 0 0
SEP
CPU laptop 1745518315 2025/04/24 21:11:55 1 100 12 132 224 1 797 20 0 2 0 0 45485 100 0 0
SEP
CPU laptop 1745518316 2025/04/24 21:11:56 1 100 12 132 227 1 796 19 0 1 0 0 33464 100 0 0
SEP
CPU laptop 1745518317 2025/04/24 21:11:57 1 100 12 131 227 1 805 18 0 1 0 0 33087 100 0 0
SEP
CPU laptop 1745518318 2025/04/24 21:11:58 1 100 12 134 232 0 798 18 0 1 0 0 29327 100 0 0
SEP
CPU laptop 1745518319 2025/04/24 21:11:59 1 100 12 130 275 1 761 17 0 2 0 0 47896 100 0 0
SEP
CPU laptop 1745518320 2025/04/24 21:12:00 1 100 12 133 263 1 770 18 0 1 0 0 47810 100 0 0
SEP
CPU laptop 1745518321 2025/04/24 21:12:01 1 100 12 136 238 1 790 17 0 1 0 0 43464 100 0 0
SEP
CPU laptop 1745518322 2025/04/24 21:12:02 1 100 12 131 229 1 805 16 0 1 0 0 37016 100 0 0
SEP
CPU laptop 1745518323 2025/04/24 21:12:03 1 100 12 132 233 1 798 17 0 2 0 0 30142 100 0 0
SEP
CPU laptop 1745518324 2025/04/24 21:12:04 1 100 12 130 226 0 805 16 0 0 0 0 34354 100 0 0
SEP
CPU laptop 1745518325 2025/04/24 21:12:05 1 100 12 129 202 1 830 19 0 2 0 0 28741 100 0 0
SEP
CPU laptop 1745518326 2025/04/24 21:12:06 1 100 12 131 212 0 823 17 0 2 0 0 39025 100 0 0
SEP
CPU laptop 1745518327 2025/04/24 21:12:07 1 100 12 138 214 1 813 17 0 0 0 0 29476 100 0 0
SEP
CPU laptop 1745518328 2025/04/24 21:12:08 1 100 12 126 205 1 835 16 0 2 0 0 38077 100 0 0
SEP
CPU laptop 1745518329 2025/04/24 21:12:09 1 100 12 130 209 1 824 18 0 0 0 0 28246 100 0 0
SEP
CPU laptop 1745518330 2025/04/24 21:12:10 1 100 12 137 213 1 814 16 0 1 0 0 28769 100 0 0
SEP
CPU laptop 1745518331 2025/04/24 21:12:11 1 100 12 138 221 1 808 16 0 0 0 0 26025 100 0 0
SEP
CPU laptop 1745518332 2025/04/24 21:12:12 1 100 12 135 207 1 822 19 0 2 0 0 27892 100 0 0
SEP
CPU laptop 1745518333 2025/04/24 21:12:13 1 100 12 141 224 1 792 23 0 1 0 0 34549 100 0 0
SEP
CPU laptop 1745518334 2025/04/24 21:12:14 1 100 12 134 221 1 808 17 0 0 0 0 30009 100 0 0
SEP
CPU laptop 1745518335 2025/04/24 21:12:15 1 100 12 141 235 1 782 21 0 2 0 0 36425 100 0 0
SEP
CPU laptop 1745518336 2025/04/24 21:12:16 1 100 12 154 248 1 755 19 0 1 0 0 47816 100 0 0
SEP
CPU laptop 1745518337 2025/04/24 21:12:17 1 100 12 156 305 1 694 17 0 1 0 0 45407 100 0 0
SEP
CPU laptop 1745518338 2025/04/24 21:12:18 1 100 12 146 241 1 766 18 0 1 0 0 39093 100 0 0
SEP
CPU laptop 1745518339 2025/04/24 21:12:19 1 100 12 145 235 0 774 17 0 1 0 0 42720 100 0 0
SEP
CPU laptop 1745518340 2025/04/24 21:12:20 1 100 12 134 235 1 793 16 0 0 0 0 33339 100 0 0
SEP
CPU laptop 1745518341 2025/04/24 21:12:21 1 100 12 138 235 1 785 18 0 1 0 0 41668 100 0 0
SEP
CPU laptop 1745518342 2025/04/24 21:12:22 1 100 12 148 247 1 762 17 0 1 0 0 28425 100 0 0
SEP
CPU laptop 1745518343 2025/04/24 21:12:23 1 100 12 143 265 0 746 16 0 1 0 0 38959 100 0 0
SEP
CPU laptop 1745518344 2025/04/24 21:12:24 1 100 12 134 250 1 768 17 0 1 0 0 31012 100 0 0
SEP
CPU laptop 1745518345 2025/04/24 21:12:25 1 100 12 153 271 1 733 16 0 3 0 0 47818 100 0 0
SEP
CPU laptop 1745518346 2025/04/24 21:12:26 1 100 12 142 239 1 774 16 0 2 0 0 47730 100 0 0
SEP
CPU laptop 1745518347 2025/04/24 21:12:27 1 100 12 146 226 1 784 18 0 2 0 0 47814 100 0 0
SEP
CPU laptop 1745518348 2025/04/24 21:12:28 1 100 12 151 288 0 722 16 0 0 0 0 47816 100 0 0
SEP
CPU laptop 1745518349 2025/04/24 21:12:29 1 100 12 146 266 1 747 16 0 1 0 0 47518 100 0 0
SEP
CPU laptop 1745518350 2025/04/24 21:12:30 1 100 12 166 154 1 834 17 0 2 0 0 47816 100 0 0
SEP
CPU laptop 1745518351 2025/04/24 21:12:31 1 100 12 143 283 1 734 17 0 1 0 0 46936 100 0 0
SEP
CPU laptop 1745518352 2025/04/24 21:12:32 1 100 12 135 239 1 792 18 0 1 0 0 47726 100 0 0
SEP
CPU laptop 1745518353 2025/04/24 21:12:33 1 100 12 132 227 0 807 15 0 0 0 0 47814 100 0 0
SEP
CPU laptop 1745518354 2025/04/24 21:12:34 1 100 12 135 256 1 773 16 0 1 0 0 45597 100 0 0
SEP
CPU laptop 1745518355 2025/04/24 21:12:35 1 100 12 134 231 1 795 19 0 2 0 0 33889 100 0 0
SEP
CPU laptop 1745518356 2025/04/24 21:12:36 1 100 12 134 234 1 798 16 0 0 0 0 37375 100 0 0
SEP
CPU laptop 1745518357 2025/04/24 21:12:37 1 100 12 126 234 1 797 23 0 1 0 0 29659 100 0 0
SEP
CPU laptop 1745518358 2025/04/24 21:12:38 1 100 12 131 236 2 800 17 0 2 0 0 47837 100 0 0
SEP
CPU laptop 1745518359 2025/04/24 21:12:39 1 100 12 133 204 0 824 18 0 1 0 0 31452 100 0 0
SEP
CPU laptop 1745518360 2025/04/24 21:12:40 1 100 12 135 206 1 821 18 0 1 0 0 33267 100 0 0
SEP
CPU laptop 1745518361 2025/04/24 21:12:41 1 100 12 133 217 1 810 21 0 2 0 0 34575 100 0 0
SEP
CPU laptop 1745518362 2025/04/24 21:12:42 1 100 12 134 224 1 807 18 0 1 0 0 35010 100 0 0
SEP
CPU laptop 1745518363 2025/04/24 21:12:43 1 100 12 130 227 1 803 20 0 2 0 0 35343 100 0 0
SEP
CPU laptop 1745518364 2025/04/24 21:12:44 1 100 12 140 227 1 791 21 0 1 0 0 42583 100 0 0
SEP
CPU laptop 1745518365 2025/04/24 21:12:45 1 100 12 140 224 1 801 19 0 3 0 0 37482 100 0 0
SEP
CPU laptop 1745518366 2025/04/24 21:12:46 1 100 12 131 231 1 796 17 0 1 0 0 36327 100 0 0
SEP
CPU laptop 1745518367 2025/04/24 21:12:47 1 100 12 134 232 0 787 18 0 1 0 0 36549 100 0 0
SEP
CPU laptop 1745518368 2025/04/24 21:12:48 1 100 12 129 229 1 802 19 0 1 0 0 35843 100 0 0
SEP
CPU laptop 1745518369 2025/04/24 21:12:49 1 100 12 137 253 1 768 17 0 1 0 0 37130 100 0 0
SEP
CPU laptop 1745518370 2025/04/24 21:12:50 1 100 12 135 243 0 779 19 0 2 0 0 31562 100 0 0
SEP
CPU laptop 1745518371 2025/04/24 21:12:51 1 100 12 134 237 1 788 17 0 1 0 0 30828 100 0 0
SEP
CPU laptop 1745518372 2025/04/24 21:12:52 1 100 12 135 267 1 765 16 0 3 0 0 47894 100 0 0
SEP
CPU laptop 1745518373 2025/04/24 21:12:53 1 100 12 129 292 0 749 15 0 1 0 0 47816 100 0 0
SEP
CPU laptop 1745518374 2025/04/24 21:12:54 1 100 12 143 251 1 766 17 0 1 0 0 35371 100 0 0
SEP
CPU laptop 1745518375 2025/04/24 21:12:55 1 100 12 147 247 1 763 16 0 1 0 0 29268 100 0 0
SEP
CPU laptop 1745518376 2025/04/24 21:12:56 1 100 12 137 242 0 785 19 0 1 0 0 27691 100 0 0
SEP
CPU laptop 1745518377 2025/04/24 21:12:57 1 100 12 148 247 1 756 17 0 1 0 0 45720 100 0 0
SEP
CPU laptop 1745518378 2025/04/24 21:12:58 1 100 12 194 288 1 670 18 0 1 0 0 34887 100 0 0
SEP
CPU laptop 1745518379 2025/04/24 21:12:59 1 100 12 145 220 1 793 17 0 1 0 0 36401 100 0 0
SEP
CPU laptop 1745518380 2025/04/24 21:13:00 1 100 12 157 249 1 750 18 0 1 0 0 47891 100 0 0
SEP
CPU laptop 1745518381 2025/04/24 21:13:01 1 100 12 385 521 0 227 30 0 2 0 0 47852 100 0 0
SEP
CPU laptop 1745518382 2025/04/24 21:13:02 1 100 12 234 362 1 528 49 0 1 0 0 45280 100 0 0
SEP
CPU laptop 1745518383 2025/04/24 21:13:03 1 100 12 232 347 0 578 16 0 1 0 0 47376 100 0 0
SEP
CPU laptop 1745518384 2025/04/24 21:13:04 1 100 12 314 354 1 464 30 0 5 0 0 47815 100 0 0
SEP
CPU laptop 1745518385 2025/04/24 21:13:05 1 100 12 193 288 0 637 47 0 3 0 0 35379 100 0 0
SEP
CPU laptop 1745518386 2025/04/24 21:13:06 1 100 12 161 250 1 751 16 0 1 0 0 36934 100 0 0
SEP
CPU laptop 1745518387 2025/04/24 21:13:07 1 100 12 182 299 1 676 15 0 2 0 0 33438 100 0 0
SEP
CPU laptop 1745518388 2025/04/24 21:13:08 1 100 12 158 256 1 751 16 0 2 0 0 43312 100 0 0
SEP
CPU laptop 1745518389 2025/04/24 21:13:09 1 100 12 169 286 0 699 18 0 0 0 0 36412 100 0 0
SEP
CPU laptop 1745518390 2025/04/24 21:13:10 1 100 12 153 286 1 723 17 0 1 0 0 47574 100 0 0
SEP
CPU laptop 1745518391 2025/04/24 21:13:11 1 100 12 155 287 1 720 16 0 1 0 0 47730 100 0 0
SEP
CPU laptop 1745518392 2025/04/24 21:13:12 1 100 12 145 253 1 765 17 0 2 0 0 45643 100 0 0
SEP
CPU laptop 1745518393 2025/04/24 21:13:13 1 100 12 159 241 1 757 18 0 0 0 0 45557 100 0 0
SEP
CPU laptop 1745518394 2025/04/24 21:13:14 1 100 12 153 250 0 756 19 0 1 0 0 35107 100 0 0
SEP
CPU laptop 1745518395 2025/04/24 21:13:15 1 100 12 211 366 1 581 15 0 2 0 0 41546 100 0 0
SEP
CPU laptop 1745518396 2025/04/24 21:13:16 1 100 12 149 237 1 772 17 0 1 0 0 34575 100 0 0
SEP
CPU laptop 1745518397 2025/04/24 21:13:17 1 100 12 148 230 2 778 17 0 2 0 0 47835 100 0 0
SEP
CPU laptop 1745518398 2025/04/24 21:13:18 1 100 12 158 218 1 786 17 0 2 0 0 34576 100 0 0
SEP
CPU laptop 1745518399 2025/04/24 21:13:19 1 100 12 153 204 1 809 17 0 0 0 0 31058 100 0 0
SEP
CPU laptop 1745518400 2025/04/24 21:13:20 1 100 12 188 257 0 707 19 0 1 0 0 42812 100 0 0
SEP
CPU laptop 1745518401 2025/04/24 21:13:21 1 100 12 116 76 1 984 9 0 2 0 0 32423 100 0 0
SEP
CPU laptop 1745518402 2025/04/24 21:13:22 1 100 12 85 66 0 1038 3 0 0 0 0 33727 100 0 0
SEP
CPU laptop 1745518403 2025/04/24 21:13:23 1 100 12 80 48 0 1063 0 0 1 0 0 29669 100 0 0
SEP
CPU laptop 1745518404 2025/04/24 21:13:24 1 100 12 78 24 0 1093 1 0 0 0 0 26362 100 0 0
SEP
CPU laptop 1745518405 2025/04/24 21:13:25 1 100 12 81 75 0 1035 1 0 0 0 0 33457 100 0 0
SEP
CPU laptop 1745518406 2025/04/24 21:13:26 1 100 12 67 21 0 1107 1 0 0 0 0 27149 100 0 0
SEP
CPU laptop 1745518407 2025/04/24 21:13:27 1 100 12 67 18 0 1112 0 0 0 0 0 30614 100 0 0
SEP
CPU laptop 1745518408 2025/04/24 21:13:28 1 100 12 68 31 0 1097 0 0 1 0 0 25945 100 0 0
SEP
CPU laptop 1745518409 2025/04/24 21:13:29 1 100 12 65 20 0 1110 2 0 0 0 0 25191 100 0 0
SEP
CPU laptop 1745518410 2025/04/24 21:13:30 1 100 12 70 18 0 1108 1 0 0 0 0 28241 100 0 0
SEP
