605 
609 
532 
616 
643 
535 
623 
583 
636 
643 
540 
625 
559 
590 
670 
646 
551 
610 
587 
600 
597 
597 
581 
605 
594 
629 
640 
622 
579 
616 
664 
700 
721 
646 
701 
675 
664 
682 
676 
704 
639 
679 
682 
702 
697 
646 
562 
638 
693 
739 
718 
700 
701 
615 
712 
675 
715 
729 
605 
674 
657 
698 
669 
603 
616 
627 
633 
669 
853 
906 
656 
639 
654 
653 
591 
728 
729 
702 
646 
690 
677 
676 
630 
671 
612 
538 
651 
643 
619 
569 
603 
639 
560 
626 
556 
535 
569 
603 
600 
641 
