               total        used        free      shared  buff/cache   available
Mem:           14514        2855        2244          71        9414       11249
Swap:           2147           3        2144
Total:         16662        2859        4388

               total        used        free      shared  buff/cache   available
Mem:           14514        2850        2250          71        9414       11255
Swap:           2147           3        2144
Total:         16662        2853        4394

               total        used        free      shared  buff/cache   available
Mem:           14514        2851        2251          69        9412       11256
Swap:           2147           3        2144
Total:         16662        2854        4395

               total        used        free      shared  buff/cache   available
Mem:           14514        2847        2255          69        9412       11260
Swap:           2147           3        2144
Total:         16662        2850        4399

               total        used        free      shared  buff/cache   available
Mem:           14514        2845        2257          69        9412       11262
Swap:           2147           3        2144
Total:         16662        2848        4401

               total        used        free      shared  buff/cache   available
Mem:           14514        2841        2260          69        9412       11265
Swap:           2147           3        2144
Total:         16662        2845        4404

               total        used        free      shared  buff/cache   available
Mem:           14514        2839        2262          69        9412       11267
Swap:           2147           3        2144
Total:         16662        2842        4406

               total        used        free      shared  buff/cache   available
Mem:           14514        2831        2270          69        9412       11275
Swap:           2147           3        2144
Total:         16662        2835        4414

               total        used        free      shared  buff/cache   available
Mem:           14514        2833        2268          69        9412       11273
Swap:           2147           3        2144
Total:         16662        2836        4412

               total        used        free      shared  buff/cache   available
Mem:           14514        2832        2269          69        9412       11275
Swap:           2147           3        2144
Total:         16662        2835        4414

               total        used        free      shared  buff/cache   available
Mem:           14514        2831        2271          69        9412       11276
Swap:           2147           3        2144
Total:         16662        2834        4415

               total        used        free      shared  buff/cache   available
Mem:           14514        2947        2154          69        9413       11160
Swap:           2147           3        2144
Total:         16662        2950        4298

               total        used        free      shared  buff/cache   available
Mem:           14514        2959        2140          71        9415       11145
Swap:           2147           3        2144
Total:         16662        2962        4284

               total        used        free      shared  buff/cache   available
Mem:           14514        2924        2175          71        9415       11181
Swap:           2147           3        2144
Total:         16662        2927        4319

               total        used        free      shared  buff/cache   available
Mem:           14514        2943        2158          69        9413       11164
Swap:           2147           3        2144
Total:         16662        2946        4302

               total        used        free      shared  buff/cache   available
Mem:           14514        2947        2153          69        9413       11160
Swap:           2147           3        2144
Total:         16662        2950        4297

               total        used        free      shared  buff/cache   available
Mem:           14514        2960        2138          69        9415       11147
Swap:           2147           3        2144
Total:         16662        2963        4282

               total        used        free      shared  buff/cache   available
Mem:           14514        2968        2126          72        9419       11135
Swap:           2147           3        2144
Total:         16662        2972        4270

               total        used        free      shared  buff/cache   available
Mem:           14514        2974        2122          72        9418       11129
Swap:           2147           3        2144
Total:         16662        2977        4266

               total        used        free      shared  buff/cache   available
Mem:           14514        2991        2109          69        9414       11116
Swap:           2147           3        2144
Total:         16662        2994        4253

               total        used        free      shared  buff/cache   available
Mem:           14514        2962        2138          69        9414       11145
Swap:           2147           3        2144
Total:         16662        2965        4282

               total        used        free      shared  buff/cache   available
Mem:           14514        2995        2105          69        9413       11112
Swap:           2147           3        2144
Total:         16662        2998        4249

               total        used        free      shared  buff/cache   available
Mem:           14514        3012        2087          69        9414       11094
Swap:           2147           3        2144
Total:         16662        3015        4231

               total        used        free      shared  buff/cache   available
Mem:           14514        2992        2107          69        9414       11114
Swap:           2147           3        2144
Total:         16662        2996        4251

               total        used        free      shared  buff/cache   available
Mem:           14514        2989        2110          69        9414       11117
Swap:           2147           3        2144
Total:         16662        2992        4254

               total        used        free      shared  buff/cache   available
Mem:           14514        3003        2095          69        9415       11103
Swap:           2147           3        2144
Total:         16662        3006        4239

               total        used        free      shared  buff/cache   available
Mem:           14514        3043        2055          69        9415       11063
Swap:           2147           3        2144
Total:         16662        3047        4199

               total        used        free      shared  buff/cache   available
Mem:           14514        3003        2099          65        9411       11108
Swap:           2147           3        2144
Total:         16662        3006        4243

               total        used        free      shared  buff/cache   available
Mem:           14514        2963        2139          65        9411       11147
Swap:           2147           3        2144
Total:         16662        2967        4283

               total        used        free      shared  buff/cache   available
Mem:           14514        3008        2094          65        9412       11103
Swap:           2147           3        2144
Total:         16662        3011        4238

               total        used        free      shared  buff/cache   available
Mem:           14514        3046        2054          65        9413       11065
Swap:           2147           3        2144
Total:         16662        3049        4199

               total        used        free      shared  buff/cache   available
Mem:           14514        3049        2051          65        9413       11061
Swap:           2147           3        2144
Total:         16662        3053        4195

               total        used        free      shared  buff/cache   available
Mem:           14514        2988        2112          65        9413       11122
Swap:           2147           3        2144
Total:         16662        2992        4256

               total        used        free      shared  buff/cache   available
Mem:           14514        3045        2055          65        9413       11066
Swap:           2147           3        2144
Total:         16662        3048        4200

               total        used        free      shared  buff/cache   available
Mem:           14514        3058        2041          65        9413       11052
Swap:           2147           3        2144
Total:         16662        3062        4186

               total        used        free      shared  buff/cache   available
Mem:           14514        3003        2097          65        9413       11107
Swap:           2147           3        2144
Total:         16662        3007        4241

               total        used        free      shared  buff/cache   available
Mem:           14514        3037        2062          65        9414       11073
Swap:           2147           3        2144
Total:         16662        3041        4207

               total        used        free      shared  buff/cache   available
Mem:           14514        3037        2062          65        9414       11073
Swap:           2147           3        2144
Total:         16662        3041        4207

               total        used        free      shared  buff/cache   available
Mem:           14514        3047        2052          65        9414       11063
Swap:           2147           3        2144
Total:         16662        3051        4196

               total        used        free      shared  buff/cache   available
Mem:           14514        3039        2060          65        9414       11071
Swap:           2147           3        2144
Total:         16662        3043        4204

               total        used        free      shared  buff/cache   available
Mem:           14514        2983        2118          65        9412       11128
Swap:           2147           3        2144
Total:         16662        2986        4262

               total        used        free      shared  buff/cache   available
Mem:           14514        2946        2155          65        9412       11165
Swap:           2147           3        2144
Total:         16662        2949        4299

               total        used        free      shared  buff/cache   available
Mem:           14514        2967        2134          65        9412       11144
Swap:           2147           3        2144
Total:         16662        2970        4278

               total        used        free      shared  buff/cache   available
Mem:           14514        2996        2098          71        9419       11108
Swap:           2147           3        2144
Total:         16662        3000        4242

               total        used        free      shared  buff/cache   available
Mem:           14514        3016        2078          71        9419       11088
Swap:           2147           3        2144
Total:         16662        3019        4223

               total        used        free      shared  buff/cache   available
Mem:           14514        3028        2067          71        9419       11077
Swap:           2147           3        2144
Total:         16662        3031        4211

               total        used        free      shared  buff/cache   available
Mem:           14514        3081        2016          68        9416       11026
Swap:           2147           3        2144
Total:         16662        3084        4160

               total        used        free      shared  buff/cache   available
Mem:           14514        3055        2042          68        9417       11053
Swap:           2147           3        2144
Total:         16662        3058        4186

               total        used        free      shared  buff/cache   available
Mem:           14514        3024        2072          68        9417       11083
Swap:           2147           3        2144
Total:         16662        3027        4216

               total        used        free      shared  buff/cache   available
Mem:           14514        3027        2069          68        9417       11080
Swap:           2147           3        2144
Total:         16662        3030        4213

               total        used        free      shared  buff/cache   available
Mem:           14514        3040        2055          69        9418       11066
Swap:           2147           3        2144
Total:         16662        3043        4199

               total        used        free      shared  buff/cache   available
Mem:           14514        3051        2044          69        9419       11056
Swap:           2147           3        2144
Total:         16662        3054        4188

               total        used        free      shared  buff/cache   available
Mem:           14514        3043        2051          69        9419       11063
Swap:           2147           3        2144
Total:         16662        3046        4195

               total        used        free      shared  buff/cache   available
Mem:           14514        3025        2069          69        9419       11081
Swap:           2147           3        2144
Total:         16662        3028        4213

               total        used        free      shared  buff/cache   available
Mem:           14514        3008        2085          69        9419       11098
Swap:           2147           3        2144
Total:         16662        3012        4230

               total        used        free      shared  buff/cache   available
Mem:           14514        2971        2114          78        9428       11126
Swap:           2147           3        2144
Total:         16662        2975        4258

               total        used        free      shared  buff/cache   available
Mem:           14514        2977        2111          75        9426       11123
Swap:           2147           3        2144
Total:         16662        2980        4255

               total        used        free      shared  buff/cache   available
Mem:           14514        2992        2095          75        9426       11108
Swap:           2147           3        2144
Total:         16662        2995        4239

               total        used        free      shared  buff/cache   available
Mem:           14514        2997        2090          75        9426       11103
Swap:           2147           3        2144
Total:         16662        3001        4234

               total        used        free      shared  buff/cache   available
Mem:           14514        3026        2058          78        9429       11071
Swap:           2147           3        2144
Total:         16662        3029        4202

               total        used        free      shared  buff/cache   available
Mem:           14514        3051        2040          72        9423       11053
Swap:           2147           3        2144
Total:         16662        3054        4184

               total        used        free      shared  buff/cache   available
Mem:           14514        3067        2023          72        9423       11036
Swap:           2147           3        2144
Total:         16662        3071        4167

               total        used        free      shared  buff/cache   available
Mem:           14514        3042        2051          69        9420       11064
Swap:           2147           3        2144
Total:         16662        3046        4195

               total        used        free      shared  buff/cache   available
Mem:           14514        3035        2058          69        9421       11071
Swap:           2147           3        2144
Total:         16662        3038        4202

               total        used        free      shared  buff/cache   available
Mem:           14514        3008        2084          69        9422       11099
Swap:           2147           3        2144
Total:         16662        3011        4228

               total        used        free      shared  buff/cache   available
Mem:           14514        2979        2112          69        9422       11127
Swap:           2147           3        2144
Total:         16662        2983        4256

               total        used        free      shared  buff/cache   available
Mem:           14514        3012        2080          69        9422       11095
Swap:           2147           3        2144
Total:         16662        3015        4224

               total        used        free      shared  buff/cache   available
Mem:           14514        3006        2085          69        9422       11101
Swap:           2147           3        2144
Total:         16662        3009        4229

               total        used        free      shared  buff/cache   available
Mem:           14514        3013        2080          69        9420       11093
Swap:           2147           3        2144
Total:         16662        3016        4224

               total        used        free      shared  buff/cache   available
Mem:           14514        3024        2069          69        9420       11082
Swap:           2147           3        2144
Total:         16662        3028        4213

               total        used        free      shared  buff/cache   available
Mem:           14514        3013        2079          69        9420       11093
Swap:           2147           3        2144
Total:         16662        3017        4223

               total        used        free      shared  buff/cache   available
Mem:           14514        3005        2087          69        9421       11101
Swap:           2147           3        2144
Total:         16662        3009        4231

               total        used        free      shared  buff/cache   available
Mem:           14514        3027        2065          69        9421       11079
Swap:           2147           3        2144
Total:         16662        3031        4209

               total        used        free      shared  buff/cache   available
Mem:           14514        2985        2108          69        9421       11122
Swap:           2147           3        2144
Total:         16662        2988        4252

               total        used        free      shared  buff/cache   available
Mem:           14514        2989        2103          69        9421       11117
Swap:           2147           3        2144
Total:         16662        2993        4247

               total        used        free      shared  buff/cache   available
Mem:           14514        3023        2069          69        9421       11084
Swap:           2147           3        2144
Total:         16662        3026        4213

               total        used        free      shared  buff/cache   available
Mem:           14514        2998        2091          72        9425       11105
Swap:           2147           3        2144
Total:         16662        3001        4235

               total        used        free      shared  buff/cache   available
Mem:           14514        3010        2079          72        9425       11093
Swap:           2147           3        2144
Total:         16662        3013        4223

               total        used        free      shared  buff/cache   available
Mem:           14514        3026        2065          69        9422       11080
Swap:           2147           3        2144
Total:         16662        3030        4209

               total        used        free      shared  buff/cache   available
Mem:           14514        3013        2077          69        9422       11093
Swap:           2147           3        2144
Total:         16662        3017        4221

               total        used        free      shared  buff/cache   available
Mem:           14514        3045        2042          72        9426       11058
Swap:           2147           3        2144
Total:         16662        3048        4187

               total        used        free      shared  buff/cache   available
Mem:           14514        3021        2063          75        9429       11079
Swap:           2147           3        2144
Total:         16662        3025        4207

               total        used        free      shared  buff/cache   available
Mem:           14514        3033        2050          74        9430       11067
Swap:           2147           3        2144
Total:         16662        3037        4194

               total        used        free      shared  buff/cache   available
Mem:           14514        3023        2061          75        9430       11078
Swap:           2147           3        2144
Total:         16662        3026        4205

               total        used        free      shared  buff/cache   available
Mem:           14514        3043        2040          75        9430       11058
Swap:           2147           3        2144
Total:         16662        3046        4184

               total        used        free      shared  buff/cache   available
Mem:           14514        3169        1906          83        9438       10923
Swap:           2147           3        2144
Total:         16662        3173        4050

               total        used        free      shared  buff/cache   available
Mem:           14514        3169        1909          79        9435       10927
Swap:           2147           3        2144
Total:         16662        3173        4053

               total        used        free      shared  buff/cache   available
Mem:           14514        3187        1878          81        9448       10907
Swap:           2147           3        2144
Total:         16662        3191        4022

               total        used        free      shared  buff/cache   available
Mem:           14514        3465        1534         124        9514       10586
Swap:           2147           3        2144
Total:         16662        3469        3678

               total        used        free      shared  buff/cache   available
Mem:           14514        3566        1426         127        9521       10482
Swap:           2147           3        2144
Total:         16662        3570        3570

               total        used        free      shared  buff/cache   available
Mem:           14514        3585        1388         133        9540       10457
Swap:           2147           3        2144
Total:         16662        3589        3532

               total        used        free      shared  buff/cache   available
Mem:           14514        3900        1076         123        9537       10152
Swap:           2147           3        2144
Total:         16662        3903        3220

               total        used        free      shared  buff/cache   available
Mem:           14514        3755        1230         114        9528       10306
Swap:           2147           3        2144
Total:         16662        3758        3374

               total        used        free      shared  buff/cache   available
Mem:           14514        3700        1283         115        9530       10360
Swap:           2147           3        2144
Total:         16662        3704        3427

               total        used        free      shared  buff/cache   available
Mem:           14514        3709        1274         115        9530       10351
Swap:           2147           3        2144
Total:         16662        3712        3419

               total        used        free      shared  buff/cache   available
Mem:           14514        3661        1322         115        9531       10399
Swap:           2147           3        2144
Total:         16662        3664        3466

               total        used        free      shared  buff/cache   available
Mem:           14514        3660        1323         115        9530       10400
Swap:           2147           3        2144
Total:         16662        3663        3467

               total        used        free      shared  buff/cache   available
Mem:           14514        3671        1311         115        9531       10389
Swap:           2147           3        2144
Total:         16662        3675        3455

               total        used        free      shared  buff/cache   available
Mem:           14514        3624        1358         115        9531       10436
Swap:           2147           3        2144
Total:         16662        3627        3503

               total        used        free      shared  buff/cache   available
Mem:           14514        3635        1348         114        9530       10426
Swap:           2147           3        2144
Total:         16662        3639        3492

               total        used        free      shared  buff/cache   available
Mem:           14514        3673        1310         114        9530       10388
Swap:           2147           3        2144
Total:         16662        3677        3454

               total        used        free      shared  buff/cache   available
Mem:           14514        3674        1308         115        9531       10387
Swap:           2147           3        2144
Total:         16662        3677        3452

               total        used        free      shared  buff/cache   available
Mem:           14514        3611        1369         115        9533       10450
Swap:           2147           3        2144
Total:         16662        3614        3514

               total        used        free      shared  buff/cache   available
Mem:           14514        3590        1392         113        9531       10473
Swap:           2147           3        2144
Total:         16662        3593        3536

               total        used        free      shared  buff/cache   available
Mem:           14514        3580        1402         113        9532       10483
Swap:           2147           3        2144
Total:         16662        3583        3546

               total        used        free      shared  buff/cache   available
Mem:           14514        3603        1379         113        9531       10460
Swap:           2147           3        2144
Total:         16662        3606        3523

               total        used        free      shared  buff/cache   available
Mem:           14514        3551        1433         110        9529       10514
Swap:           2147           3        2144
Total:         16662        3554        3577

               total        used        free      shared  buff/cache   available
Mem:           14514        3624        1361         109        9528       10442
Swap:           2147           3        2144
Total:         16662        3627        3505

               total        used        free      shared  buff/cache   available
Mem:           14514        3607        1379         110        9527       10458
Swap:           2147           3        2144
Total:         16662        3611        3523

               total        used        free      shared  buff/cache   available
Mem:           14514        3602        1383         111        9528       10462
Swap:           2147           3        2144
Total:         16662        3605        3527

               total        used        free      shared  buff/cache   available
Mem:           14514        3608        1376         111        9528       10456
Swap:           2147           3        2144
Total:         16662        3612        3520

               total        used        free      shared  buff/cache   available
Mem:           14514        3564        1424         108        9525       10503
Swap:           2147           3        2144
Total:         16662        3567        3568

               total        used        free      shared  buff/cache   available
Mem:           14514        3554        1431         111        9528       10511
Swap:           2147           3        2144
Total:         16662        3557        3576

               total        used        free      shared  buff/cache   available
Mem:           14514        3553        1432         111        9528       10512
Swap:           2147           3        2144
Total:         16662        3556        3577

               total        used        free      shared  buff/cache   available
Mem:           14514        3553        1433         110        9527       10512
Swap:           2147           3        2144
Total:         16662        3556        3577

               total        used        free      shared  buff/cache   available
Mem:           14514        3552        1434         110        9527       10513
Swap:           2147           3        2144
Total:         16662        3555        3578

               total        used        free      shared  buff/cache   available
Mem:           14514        3551        1435         110        9527       10515
Swap:           2147           3        2144
Total:         16662        3554        3579

               total        used        free      shared  buff/cache   available
Mem:           14514        3549        1437         110        9527       10517
Swap:           2147           3        2144
Total:         16662        3552        3581
