RESET
CPU laptop 1745510415 2025/04/24 19:00:15 631985 100 12 2684831 5459104 68242 148949440 206717 0 73063 0 0 41839 100 0 0
SEP
CPU laptop 1745510416 2025/04/24 19:00:16 1 100 12 83 53 0 1056 0 0 0 0 0 23456 100 0 0
SEP
CPU laptop 1745510417 2025/04/24 19:00:17 1 100 12 88 54 0 1045 2 0 1 0 0 19806 100 0 0
SEP
CPU laptop 1745510418 2025/04/24 19:00:18 1 100 12 75 32 0 1092 0 0 0 0 0 19587 100 0 0
SEP
CPU laptop 1745510419 2025/04/24 19:00:19 1 100 12 73 34 0 1090 1 0 0 0 0 19387 100 0 0
SEP
CPU laptop 1745510420 2025/04/24 19:00:20 1 100 12 79 34 0 1084 1 0 0 0 0 19381 100 0 0
SEP
CPU laptop 1745510421 2025/04/24 19:00:21 1 100 12 74 34 0 1089 0 0 0 0 0 20170 100 0 0
SEP
CPU laptop 1745510422 2025/04/24 19:00:22 1 100 12 71 35 0 1088 2 0 0 0 0 20074 100 0 0
SEP
CPU laptop 1745510423 2025/04/24 19:00:23 1 100 12 73 34 0 1091 1 0 0 0 0 20089 100 0 0
SEP
CPU laptop 1745510424 2025/04/24 19:00:24 1 100 12 73 33 0 1091 1 0 0 0 0 20087 100 0 0
SEP
CPU laptop 1745510425 2025/04/24 19:00:25 1 100 12 73 37 0 1088 0 0 0 0 0 20428 100 0 0
SEP
CPU laptop 1745510426 2025/04/24 19:00:26 1 100 12 152 234 0 784 13 0 0 0 0 23512 100 0 0
SEP
CPU laptop 1745510427 2025/04/24 19:00:27 1 100 12 149 250 1 766 17 0 2 0 0 34520 100 0 0
SEP
CPU laptop 1745510428 2025/04/24 19:00:28 1 100 12 157 249 0 758 14 0 1 0 0 43444 100 0 0
SEP
CPU laptop 1745510429 2025/04/24 19:00:29 1 100 12 152 238 1 772 19 0 0 0 0 43358 100 0 0
SEP
CPU laptop 1745510430 2025/04/24 19:00:30 1 100 12 148 241 1 779 17 0 1 0 0 46208 100 0 0
SEP
CPU laptop 1745510431 2025/04/24 19:00:31 1 100 12 145 231 0 788 17 0 2 0 0 30980 100 0 0
SEP
CPU laptop 1745510432 2025/04/24 19:00:32 1 100 12 151 246 1 772 17 0 0 0 0 21977 100 0 0
SEP
CPU laptop 1745510433 2025/04/24 19:00:33 1 100 12 150 244 1 772 17 0 1 0 0 28260 100 0 0
SEP
CPU laptop 1745510434 2025/04/24 19:00:34 1 100 12 147 239 1 774 18 0 1 0 0 30737 100 0 0
SEP
CPU laptop 1745510435 2025/04/24 19:00:35 1 100 12 148 238 0 781 17 0 0 0 0 24894 100 0 0
SEP
CPU laptop 1745510436 2025/04/24 19:00:36 1 100 12 147 243 1 776 17 0 1 0 0 26904 100 0 0
SEP
CPU laptop 1745510437 2025/04/24 19:00:37 1 100 12 145 247 1 773 16 0 2 0 0 24078 100 0 0
SEP
CPU laptop 1745510438 2025/04/24 19:00:38 1 100 12 151 241 0 774 17 0 1 0 0 24962 100 0 0
SEP
CPU laptop 1745510439 2025/04/24 19:00:39 1 100 12 149 244 2 773 16 0 1 0 0 24458 100 0 0
SEP
CPU laptop 1745510440 2025/04/24 19:00:40 1 100 12 144 244 0 776 16 0 1 0 0 23087 100 0 0
SEP
CPU laptop 1745510441 2025/04/24 19:00:41 1 100 12 141 247 1 775 16 0 1 0 0 26841 100 0 0
SEP
CPU laptop 1745510442 2025/04/24 19:00:42 1 100 12 143 243 1 777 16 0 0 0 0 29099 100 0 0
SEP
CPU laptop 1745510443 2025/04/24 19:00:43 1 100 12 153 243 1 774 17 0 3 0 0 26382 100 0 0
SEP
CPU laptop 1745510444 2025/04/24 19:00:44 1 100 12 143 234 1 784 18 0 1 0 0 24454 100 0 0
SEP
CPU laptop 1745510445 2025/04/24 19:00:45 1 100 12 147 242 1 774 18 0 1 0 0 25132 100 0 0
SEP
CPU laptop 1745510446 2025/04/24 19:00:46 1 100 12 160 254 0 750 17 0 0 0 0 25537 100 0 0
SEP
CPU laptop 1745510447 2025/04/24 19:00:47 1 100 12 148 240 1 775 17 0 2 0 0 26652 100 0 0
SEP
CPU laptop 1745510448 2025/04/24 19:00:48 1 100 12 143 242 0 779 17 0 0 0 0 24335 100 0 0
SEP
CPU laptop 1745510449 2025/04/24 19:00:49 1 100 12 143 246 1 777 16 0 1 0 0 24021 100 0 0
SEP
CPU laptop 1745510450 2025/04/24 19:00:50 1 100 12 167 279 0 723 16 0 2 0 0 29499 100 0 0
SEP
CPU laptop 1745510451 2025/04/24 19:00:51 1 100 12 141 240 1 780 18 0 1 0 0 26223 100 0 0
SEP
CPU laptop 1745510452 2025/04/24 19:00:52 1 100 12 149 244 1 773 17 0 2 0 0 27004 100 0 0
SEP
CPU laptop 1745510453 2025/04/24 19:00:53 1 100 12 150 241 1 776 16 0 0 0 0 26218 100 0 0
SEP
CPU laptop 1745510454 2025/04/24 19:00:54 1 100 12 143 251 0 769 18 0 1 0 0 28800 100 0 0
SEP
CPU laptop 1745510455 2025/04/24 19:00:55 1 100 12 145 243 2 781 16 0 2 0 0 25910 100 0 0
SEP
CPU laptop 1745510456 2025/04/24 19:00:56 1 100 12 146 278 1 742 16 0 1 0 0 27842 100 0 0
SEP
CPU laptop 1745510457 2025/04/24 19:00:57 1 100 12 144 246 0 773 19 0 2 0 0 28594 100 0 0
SEP
CPU laptop 1745510458 2025/04/24 19:00:58 1 100 12 148 247 1 769 16 0 1 0 0 28784 100 0 0
SEP
CPU laptop 1745510459 2025/04/24 19:00:59 1 100 12 151 243 2 773 16 0 1 0 0 26056 100 0 0
SEP
CPU laptop 1745510460 2025/04/24 19:01:00 1 100 12 144 244 1 778 18 0 1 0 0 24756 100 0 0
SEP
CPU laptop 1745510461 2025/04/24 19:01:01 1 100 12 149 241 1 774 19 0 2 0 0 24443 100 0 0
SEP
CPU laptop 1745510462 2025/04/24 19:01:02 1 100 12 144 245 1 776 18 0 0 0 0 28448 100 0 0
SEP
CPU laptop 1745510463 2025/04/24 19:01:03 1 100 12 145 238 0 781 18 0 1 0 0 24050 100 0 0
SEP
CPU laptop 1745510464 2025/04/24 19:01:04 1 100 12 151 238 1 775 19 0 1 0 0 32364 100 0 0
SEP
CPU laptop 1745510465 2025/04/24 19:01:05 1 100 12 148 245 1 773 17 0 2 0 0 25932 100 0 0
SEP
CPU laptop 1745510466 2025/04/24 19:01:06 1 100 12 139 247 0 780 17 0 0 0 0 23860 100 0 0
SEP
CPU laptop 1745510467 2025/04/24 19:01:07 1 100 12 151 245 1 768 19 0 1 0 0 23271 100 0 0
SEP
CPU laptop 1745510468 2025/04/24 19:01:08 1 100 12 144 245 1 774 17 0 3 0 0 25186 100 0 0
SEP
CPU laptop 1745510469 2025/04/24 19:01:09 1 100 12 143 243 1 781 16 0 1 0 0 27749 100 0 0
SEP
CPU laptop 1745510470 2025/04/24 19:01:10 1 100 12 145 241 1 779 18 0 2 0 0 27920 100 0 0
SEP
CPU laptop 1745510471 2025/04/24 19:01:11 1 100 12 143 242 1 780 17 0 0 0 0 31177 100 0 0
SEP
CPU laptop 1745510472 2025/04/24 19:01:12 1 100 12 150 247 1 771 17 0 1 0 0 30345 100 0 0
SEP
CPU laptop 1745510473 2025/04/24 19:01:13 1 100 12 148 244 1 771 18 0 2 0 0 27785 100 0 0
SEP
CPU laptop 1745510474 2025/04/24 19:01:14 1 100 12 148 235 1 778 18 0 2 0 0 26648 100 0 0
SEP
CPU laptop 1745510475 2025/04/24 19:01:15 1 100 12 147 246 1 773 17 0 1 0 0 28965 100 0 0
SEP
CPU laptop 1745510476 2025/04/24 19:01:16 1 100 12 146 240 0 778 18 0 1 0 0 23265 100 0 0
SEP
CPU laptop 1745510477 2025/04/24 19:01:17 1 100 12 147 243 1 775 18 0 2 0 0 25684 100 0 0
SEP
CPU laptop 1745510478 2025/04/24 19:01:18 1 100 12 143 247 0 776 17 0 1 0 0 27007 100 0 0
SEP
CPU laptop 1745510479 2025/04/24 19:01:19 1 100 12 145 240 1 781 17 0 2 0 0 24338 100 0 0
SEP
CPU laptop 1745510480 2025/04/24 19:01:20 1 100 12 152 251 1 765 18 0 1 0 0 27959 100 0 0
SEP
CPU laptop 1745510481 2025/04/24 19:01:21 1 100 12 148 241 1 777 16 0 1 0 0 27054 100 0 0
SEP
CPU laptop 1745510482 2025/04/24 19:01:22 1 100 12 144 247 0 774 17 0 1 0 0 27005 100 0 0
SEP
CPU laptop 1745510483 2025/04/24 19:01:23 1 100 12 149 246 1 776 16 0 1 0 0 24908 100 0 0
SEP
CPU laptop 1745510484 2025/04/24 19:01:24 1 100 12 146 242 1 780 17 0 1 0 0 24027 100 0 0
SEP
CPU laptop 1745510485 2025/04/24 19:01:25 1 100 12 143 243 1 777 17 0 0 0 0 28677 100 0 0
SEP
CPU laptop 1745510486 2025/04/24 19:01:26 1 100 12 146 242 0 776 16 0 1 0 0 30345 100 0 0
SEP
CPU laptop 1745510487 2025/04/24 19:01:27 1 100 12 150 243 1 774 17 0 1 0 0 23323 100 0 0
SEP
CPU laptop 1745510488 2025/04/24 19:01:28 1 100 12 149 243 1 776 17 0 1 0 0 23982 100 0 0
SEP
CPU laptop 1745510489 2025/04/24 19:01:29 1 100 12 147 245 1 775 16 0 1 0 0 26396 100 0 0
SEP
CPU laptop 1745510490 2025/04/24 19:01:30 1 100 12 155 249 1 767 17 0 1 0 0 25704 100 0 0
SEP
CPU laptop 1745510491 2025/04/24 19:01:31 1 100 12 149 243 1 775 15 0 1 0 0 27870 100 0 0
SEP
CPU laptop 1745510492 2025/04/24 19:01:32 1 100 12 143 238 0 782 18 0 1 0 0 40406 100 0 0
SEP
CPU laptop 1745510493 2025/04/24 19:01:33 1 100 12 147 241 2 776 19 0 2 0 0 28080 100 0 0
SEP
CPU laptop 1745510494 2025/04/24 19:01:34 1 100 12 149 242 0 779 16 0 2 0 0 27422 100 0 0
SEP
CPU laptop 1745510495 2025/04/24 19:01:35 1 100 12 144 252 1 768 17 0 1 0 0 27994 100 0 0
SEP
CPU laptop 1745510496 2025/04/24 19:01:36 1 100 12 146 241 2 776 17 0 1 0 0 26770 100 0 0
SEP
CPU laptop 1745510497 2025/04/24 19:01:37 1 100 12 149 248 0 766 21 0 1 0 0 32701 100 0 0
SEP
CPU laptop 1745510498 2025/04/24 19:01:38 1 100 12 144 246 2 775 16 0 1 0 0 30210 100 0 0
SEP
CPU laptop 1745510499 2025/04/24 19:01:39 1 100 12 144 237 0 782 18 0 0 0 0 24914 100 0 0
SEP
CPU laptop 1745510500 2025/04/24 19:01:40 1 100 12 143 244 1 780 17 0 1 0 0 27506 100 0 0
SEP
CPU laptop 1745510501 2025/04/24 19:01:41 1 100 12 138 249 1 779 17 0 2 0 0 26351 100 0 0
SEP
CPU laptop 1745510502 2025/04/24 19:01:42 1 100 12 140 244 1 779 17 0 0 0 0 23485 100 0 0
SEP
CPU laptop 1745510503 2025/04/24 19:01:43 1 100 12 156 242 0 769 15 0 1 0 0 25245 100 0 0
SEP
CPU laptop 1745510504 2025/04/24 19:01:44 1 100 12 142 245 1 780 16 0 0 0 0 25415 100 0 0
SEP
CPU laptop 1745510505 2025/04/24 19:01:45 1 100 12 143 244 0 781 15 0 3 0 0 32449 100 0 0
SEP
CPU laptop 1745510506 2025/04/24 19:01:46 1 100 12 144 250 1 775 16 0 0 0 0 26047 100 0 0
SEP
CPU laptop 1745510507 2025/04/24 19:01:47 1 100 12 146 238 1 779 18 0 1 0 0 31502 100 0 0
SEP
CPU laptop 1745510508 2025/04/24 19:01:48 1 100 12 144 239 0 780 18 0 1 0 0 25803 100 0 0
SEP
CPU laptop 1745510509 2025/04/24 19:01:49 1 100 12 141 242 1 782 18 0 2 0 0 24116 100 0 0
SEP
CPU laptop 1745510510 2025/04/24 19:01:50 1 100 12 157 255 1 753 16 0 1 0 0 30632 100 0 0
SEP
CPU laptop 1745510511 2025/04/24 19:01:51 1 100 12 149 236 1 776 18 0 1 0 0 25985 100 0 0
SEP
CPU laptop 1745510512 2025/04/24 19:01:52 1 100 12 144 243 1 778 17 0 2 0 0 23662 100 0 0
SEP
CPU laptop 1745510513 2025/04/24 19:01:53 1 100 12 146 245 1 776 16 0 0 0 0 28528 100 0 0
SEP
CPU laptop 1745510514 2025/04/24 19:01:54 1 100 12 148 260 0 758 18 0 1 0 0 30405 100 0 0
SEP
CPU laptop 1745510515 2025/04/24 19:01:55 1 100 12 143 243 1 779 16 0 1 0 0 29167 100 0 0
SEP
CPU laptop 1745510516 2025/04/24 19:01:56 1 100 12 150 241 1 776 17 0 2 0 0 28825 100 0 0
SEP
CPU laptop 1745510517 2025/04/24 19:01:57 1 100 12 144 248 1 773 17 0 1 0 0 28808 100 0 0
SEP
CPU laptop 1745510518 2025/04/24 19:01:58 1 100 12 151 248 0 772 15 0 1 0 0 25958 100 0 0
SEP
CPU laptop 1745510519 2025/04/24 19:01:59 1 100 12 147 242 2 777 16 0 1 0 0 24113 100 0 0
SEP
CPU laptop 1745510520 2025/04/24 19:02:00 1 100 12 145 248 0 772 16 0 1 0 0 23426 100 0 0
SEP
CPU laptop 1745510521 2025/04/24 19:02:01 1 100 12 141 242 1 779 16 0 2 0 0 27361 100 0 0
SEP
CPU laptop 1745510522 2025/04/24 19:02:02 1 100 12 144 248 1 774 15 0 1 0 0 25231 100 0 0
SEP
CPU laptop 1745510523 2025/04/24 19:02:03 1 100 12 146 243 1 774 17 0 1 0 0 28986 100 0 0
SEP
CPU laptop 1745510524 2025/04/24 19:02:04 1 100 12 148 244 0 773 18 0 1 0 0 25190 100 0 0
SEP
CPU laptop 1745510525 2025/04/24 19:02:05 1 100 12 146 243 1 778 18 0 1 0 0 23398 100 0 0
SEP
CPU laptop 1745510526 2025/04/24 19:02:06 1 100 12 93 54 0 1033 9 0 1 0 0 20122 100 0 0
SEP
CPU laptop 1745510527 2025/04/24 19:02:07 1 100 12 79 38 0 1078 1 0 0 0 0 20001 100 0 0
SEP
CPU laptop 1745510528 2025/04/24 19:02:08 1 100 12 75 32 0 1090 0 0 0 0 0 23037 100 0 0
SEP
CPU laptop 1745510529 2025/04/24 19:02:09 1 100 12 81 36 0 1081 1 0 0 0 0 23668 100 0 0
SEP
CPU laptop 1745510530 2025/04/24 19:02:10 1 100 12 73 31 0 1093 1 0 0 0 0 20837 100 0 0
SEP
CPU laptop 1745510531 2025/04/24 19:02:11 1 100 12 71 30 0 1094 2 0 0 0 0 21141 100 0 0
SEP
CPU laptop 1745510532 2025/04/24 19:02:12 1 100 12 73 31 0 1094 1 0 0 0 0 19481 100 0 0
SEP
CPU laptop 1745510533 2025/04/24 19:02:13 1 100 12 71 32 0 1093 1 0 0 0 0 23364 100 0 0
SEP
CPU laptop 1745510534 2025/04/24 19:02:14 1 100 12 70 33 0 1094 1 0 0 0 0 20535 100 0 0
SEP
CPU laptop 1745510535 2025/04/24 19:02:15 1 100 12 75 29 0 1093 1 0 0 0 0 21187 100 0 0
SEP
