1037 
1015 
1106 
1002 
1005 
1036 
990 
1061 
1023 
973 
1006 
983 
995 
976 
960 
1005 
1007 
1010 
1018 
979 
987 
1034 
1032 
959 
1001 
963 
980 
1031 
983 
962 
1038 
998 
1011 
999 
1001 
976 
1015 
1017 
983 
981 
981 
1004 
1014 
1016 
1021 
985 
1012 
982 
1006 
976 
993 
997 
978 
996 
1001 
1001 
1006 
981 
986 
1008 
967 
984 
989 
1023 
984 
970 
996 
1021 
993 
992 
998 
1016 
1005 
1016 
1019 
974 
1000 
996 
994 
1002 
1006 
994 
1017 
967 
1044 
995 
997 
1012 
1010 
953 
1002 
1003 
974 
967 
1036 
1009 
1001 
1009 
984 
993 
