               total        used        free      shared  buff/cache   available
Mem:           14514        4529         532         178        9452        9468
Swap:           2147           3        2144
Total:         16662        4533        2676

               total        used        free      shared  buff/cache   available
Mem:           14514        4529         532         178        9452        9468
Swap:           2147           3        2144
Total:         16662        4533        2676

               total        used        free      shared  buff/cache   available
Mem:           14514        4524         537         178        9452        9474
Swap:           2147           3        2144
Total:         16662        4527        2682

               total        used        free      shared  buff/cache   available
Mem:           14514        4524         540         175        9449        9476
Swap:           2147           3        2144
Total:         16662        4528        2684

               total        used        free      shared  buff/cache   available
Mem:           14514        4521         544         175        9449        9480
Swap:           2147           3        2144
Total:         16662        4524        2688

               total        used        free      shared  buff/cache   available
Mem:           14514        4498         566         175        9449        9503
Swap:           2147           3        2144
Total:         16662        4502        2710

               total        used        free      shared  buff/cache   available
Mem:           14514        4495         570         175        9449        9506
Swap:           2147           3        2144
Total:         16662        4498        2714

               total        used        free      shared  buff/cache   available
Mem:           14514        4492         572         175        9449        9508
Swap:           2147           3        2144
Total:         16662        4496        2716

               total        used        free      shared  buff/cache   available
Mem:           14514        4489         575         175        9449        9511
Swap:           2147           3        2144
Total:         16662        4493        2719

               total        used        free      shared  buff/cache   available
Mem:           14514        4488         577         175        9449        9513
Swap:           2147           3        2144
Total:         16662        4491        2721

               total        used        free      shared  buff/cache   available
Mem:           14514        4484         580         175        9449        9516
Swap:           2147           3        2144
Total:         16662        4488        2724

               total        used        free      shared  buff/cache   available
Mem:           14514        4610         451         175        9451        9390
Swap:           2147           3        2144
Total:         16662        4614        2595

               total        used        free      shared  buff/cache   available
Mem:           14514        4683         376         177        9454        9315
Swap:           2147           3        2144
Total:         16662        4687        2520

               total        used        free      shared  buff/cache   available
Mem:           14514        4688         371         177        9454        9311
Swap:           2147           3        2144
Total:         16662        4691        2515

               total        used        free      shared  buff/cache   available
Mem:           14514        4697         364         175        9452        9303
Swap:           2147           3        2144
Total:         16662        4701        2508

               total        used        free      shared  buff/cache   available
Mem:           14514        4693         368         175        9452        9307
Swap:           2147           3        2144
Total:         16662        4697        2512

               total        used        free      shared  buff/cache   available
Mem:           14514        4701         360         175        9453        9300
Swap:           2147           3        2144
Total:         16662        4704        2504

               total        used        free      shared  buff/cache   available
Mem:           14514        4704         357         175        9453        9297
Swap:           2147           3        2144
Total:         16662        4707        2501

               total        used        free      shared  buff/cache   available
Mem:           14514        4691         369         175        9453        9310
Swap:           2147           3        2144
Total:         16662        4694        2514

               total        used        free      shared  buff/cache   available
Mem:           14514        4696         364         175        9453        9304
Swap:           2147           3        2144
Total:         16662        4700        2508

               total        used        free      shared  buff/cache   available
Mem:           14514        4710         350         175        9453        9291
Swap:           2147           3        2144
Total:         16662        4713        2494

               total        used        free      shared  buff/cache   available
Mem:           14514        4709         351         175        9453        9292
Swap:           2147           3        2144
Total:         16662        4712        2495

               total        used        free      shared  buff/cache   available
Mem:           14514        4678         378         178        9457        9319
Swap:           2147           3        2144
Total:         16662        4682        2522

               total        used        free      shared  buff/cache   available
Mem:           14514        4687         369         178        9457        9311
Swap:           2147           3        2144
Total:         16662        4690        2513

               total        used        free      shared  buff/cache   available
Mem:           14514        4653         406         175        9455        9347
Swap:           2147           3        2144
Total:         16662        4656        2550

               total        used        free      shared  buff/cache   available
Mem:           14514        4632         430         172        9452        9371
Swap:           2147           3        2144
Total:         16662        4635        2574

               total        used        free      shared  buff/cache   available
Mem:           14514        4662         399         172        9452        9341
Swap:           2147           3        2144
Total:         16662        4666        2543

               total        used        free      shared  buff/cache   available
Mem:           14514        4674         387         172        9452        9329
Swap:           2147           3        2144
Total:         16662        4677        2531

               total        used        free      shared  buff/cache   available
Mem:           14514        4691         370         172        9452        9312
Swap:           2147           3        2144
Total:         16662        4695        2514

               total        used        free      shared  buff/cache   available
Mem:           14514        4669         392         172        9452        9334
Swap:           2147           3        2144
Total:         16662        4673        2536

               total        used        free      shared  buff/cache   available
Mem:           14514        4655         406         172        9453        9349
Swap:           2147           3        2144
Total:         16662        4658        2550

               total        used        free      shared  buff/cache   available
Mem:           14514        4675         386         172        9453        9328
Swap:           2147           3        2144
Total:         16662        4678        2530

               total        used        free      shared  buff/cache   available
Mem:           14514        4678         382         172        9453        9325
Swap:           2147           3        2144
Total:         16662        4682        2526

               total        used        free      shared  buff/cache   available
Mem:           14514        4665         395         172        9453        9338
Swap:           2147           3        2144
Total:         16662        4669        2539

               total        used        free      shared  buff/cache   available
Mem:           14514        4687         373         172        9453        9316
Swap:           2147           3        2144
Total:         16662        4691        2517

               total        used        free      shared  buff/cache   available
Mem:           14514        4738         322         172        9454        9265
Swap:           2147           3        2144
Total:         16662        4742        2466

               total        used        free      shared  buff/cache   available
Mem:           14514        4727         333         172        9454        9276
Swap:           2147           3        2144
Total:         16662        4730        2477

               total        used        free      shared  buff/cache   available
Mem:           14514        4731         328         172        9454        9272
Swap:           2147           3        2144
Total:         16662        4734        2472

               total        used        free      shared  buff/cache   available
Mem:           14514        4707         352         172        9454        9296
Swap:           2147           3        2144
Total:         16662        4710        2496

               total        used        free      shared  buff/cache   available
Mem:           14514        4717         342         172        9454        9286
Swap:           2147           3        2144
Total:         16662        4721        2486

               total        used        free      shared  buff/cache   available
Mem:           14514        4707         352         172        9455        9296
Swap:           2147           3        2144
Total:         16662        4710        2496

               total        used        free      shared  buff/cache   available
Mem:           14514        4702         356         172        9455        9301
Swap:           2147           3        2144
Total:         16662        4705        2501

               total        used        free      shared  buff/cache   available
Mem:           14514        4720         339         172        9455        9283
Swap:           2147           3        2144
Total:         16662        4723        2483

               total        used        free      shared  buff/cache   available
Mem:           14514        4725         333         172        9455        9278
Swap:           2147           3        2144
Total:         16662        4728        2477

               total        used        free      shared  buff/cache   available
Mem:           14514        4696         368         166        9449        9313
Swap:           2147           3        2144
Total:         16662        4700        2512

               total        used        free      shared  buff/cache   available
Mem:           14514        4707         357         166        9449        9302
Swap:           2147           3        2144
Total:         16662        4711        2501

               total        used        free      shared  buff/cache   available
Mem:           14514        4707         357         166        9450        9302
Swap:           2147           3        2144
Total:         16662        4710        2501

               total        used        free      shared  buff/cache   available
Mem:           14514        4726         337         166        9450        9283
Swap:           2147           3        2144
Total:         16662        4729        2481

               total        used        free      shared  buff/cache   available
Mem:           14514        4694         369         166        9450        9315
Swap:           2147           3        2144
Total:         16662        4697        2513

               total        used        free      shared  buff/cache   available
Mem:           14514        4681         383         166        9450        9329
Swap:           2147           3        2144
Total:         16662        4684        2527

               total        used        free      shared  buff/cache   available
Mem:           14514        4689         374         166        9450        9320
Swap:           2147           3        2144
Total:         16662        4693        2518

               total        used        free      shared  buff/cache   available
Mem:           14514        4728         335         166        9450        9281
Swap:           2147           3        2144
Total:         16662        4731        2479

               total        used        free      shared  buff/cache   available
Mem:           14514        4712         347         169        9454        9294
Swap:           2147           3        2144
Total:         16662        4715        2492

               total        used        free      shared  buff/cache   available
Mem:           14514        4679         380         169        9454        9327
Swap:           2147           3        2144
Total:         16662        4683        2524

               total        used        free      shared  buff/cache   available
Mem:           14514        4687         372         169        9454        9319
Swap:           2147           3        2144
Total:         16662        4690        2516

               total        used        free      shared  buff/cache   available
Mem:           14514        4684         378         166        9451        9326
Swap:           2147           3        2144
Total:         16662        4687        2522

               total        used        free      shared  buff/cache   available
Mem:           14514        4692         369         166        9451        9317
Swap:           2147           3        2144
Total:         16662        4696        2514

               total        used        free      shared  buff/cache   available
Mem:           14514        4658         404         166        9452        9351
Swap:           2147           3        2144
Total:         16662        4662        2548

               total        used        free      shared  buff/cache   available
Mem:           14514        4673         388         166        9453        9337
Swap:           2147           3        2144
Total:         16662        4676        2532

               total        used        free      shared  buff/cache   available
Mem:           14514        4664         396         166        9453        9345
Swap:           2147           3        2144
Total:         16662        4668        2540

               total        used        free      shared  buff/cache   available
Mem:           14514        4693         366         166        9454        9316
Swap:           2147           3        2144
Total:         16662        4697        2510

               total        used        free      shared  buff/cache   available
Mem:           14514        4689         370         166        9454        9320
Swap:           2147           3        2144
Total:         16662        4692        2514

               total        used        free      shared  buff/cache   available
Mem:           14514        4705         354         166        9454        9304
Swap:           2147           3        2144
Total:         16662        4709        2498

               total        used        free      shared  buff/cache   available
Mem:           14514        4713         346         166        9455        9296
Swap:           2147           3        2144
Total:         16662        4716        2490

               total        used        free      shared  buff/cache   available
Mem:           14514        4711         348         166        9455        9298
Swap:           2147           3        2144
Total:         16662        4714        2492

               total        used        free      shared  buff/cache   available
Mem:           14514        4674         385         166        9455        9336
Swap:           2147           3        2144
Total:         16662        4677        2529

               total        used        free      shared  buff/cache   available
Mem:           14514        4654         404         166        9455        9355
Swap:           2147           3        2144
Total:         16662        4657        2548

               total        used        free      shared  buff/cache   available
Mem:           14514        4663         395         166        9455        9346
Swap:           2147           3        2144
Total:         16662        4666        2539

               total        used        free      shared  buff/cache   available
Mem:           14514        4678         380         166        9455        9332
Swap:           2147           3        2144
Total:         16662        4681        2524

               total        used        free      shared  buff/cache   available
Mem:           14514        4663         394         166        9456        9346
Swap:           2147           3        2144
Total:         16662        4667        2538

               total        used        free      shared  buff/cache   available
Mem:           14514        4635         422         166        9456        9374
Swap:           2147           3        2144
Total:         16662        4639        2566

               total        used        free      shared  buff/cache   available
Mem:           14514        4625         433         166        9456        9385
Swap:           2147           3        2144
Total:         16662        4628        2577

               total        used        free      shared  buff/cache   available
Mem:           14514        4650         407         166        9456        9359
Swap:           2147           3        2144
Total:         16662        4653        2551

               total        used        free      shared  buff/cache   available
Mem:           14514        4633         424         166        9456        9376
Swap:           2147           3        2144
Total:         16662        4636        2568

               total        used        free      shared  buff/cache   available
Mem:           14514        4648         409         166        9456        9361
Swap:           2147           3        2144
Total:         16662        4651        2553

               total        used        free      shared  buff/cache   available
Mem:           14514        4650         407         166        9457        9359
Swap:           2147           3        2144
Total:         16662        4653        2551

               total        used        free      shared  buff/cache   available
Mem:           14514        4628         429         166        9457        9381
Swap:           2147           3        2144
Total:         16662        4631        2573

               total        used        free      shared  buff/cache   available
Mem:           14514        4616         441         166        9457        9393
Swap:           2147           3        2144
Total:         16662        4619        2585

               total        used        free      shared  buff/cache   available
Mem:           14514        4592         464         166        9457        9417
Swap:           2147           3        2144
Total:         16662        4595        2608

               total        used        free      shared  buff/cache   available
Mem:           14514        4640         416         166        9457        9369
Swap:           2147           3        2144
Total:         16662        4643        2560

               total        used        free      shared  buff/cache   available
Mem:           14514        4605         450         166        9458        9404
Swap:           2147           3        2144
Total:         16662        4609        2594

               total        used        free      shared  buff/cache   available
Mem:           14514        4626         429         166        9458        9383
Swap:           2147           3        2144
Total:         16662        4630        2573

               total        used        free      shared  buff/cache   available
Mem:           14514        4648         404         169        9461        9358
Swap:           2147           3        2144
Total:         16662        4651        2548

               total        used        free      shared  buff/cache   available
Mem:           14514        4676         376         169        9461        9330
Swap:           2147           3        2144
Total:         16662        4679        2520

               total        used        free      shared  buff/cache   available
Mem:           14514        4687         364         169        9462        9318
Swap:           2147           3        2144
Total:         16662        4691        2508

               total        used        free      shared  buff/cache   available
Mem:           14514        4674         381         166        9459        9335
Swap:           2147           3        2144
Total:         16662        4677        2525

               total        used        free      shared  buff/cache   available
Mem:           14514        4681         374         166        9459        9328
Swap:           2147           3        2144
Total:         16662        4684        2518

               total        used        free      shared  buff/cache   available
Mem:           14514        4714         340         166        9459        9295
Swap:           2147           3        2144
Total:         16662        4717        2484

               total        used        free      shared  buff/cache   available
Mem:           14514        4713         341         166        9459        9296
Swap:           2147           3        2144
Total:         16662        4717        2485

               total        used        free      shared  buff/cache   available
Mem:           14514        4672         382         166        9459        9337
Swap:           2147           3        2144
Total:         16662        4675        2526

               total        used        free      shared  buff/cache   available
Mem:           14514        4693         361         166        9460        9316
Swap:           2147           3        2144
Total:         16662        4696        2505

               total        used        free      shared  buff/cache   available
Mem:           14514        4681         373         166        9460        9328
Swap:           2147           3        2144
Total:         16662        4684        2517

               total        used        free      shared  buff/cache   available
Mem:           14514        4659         394         166        9460        9350
Swap:           2147           3        2144
Total:         16662        4662        2538

               total        used        free      shared  buff/cache   available
Mem:           14514        4636         417         166        9460        9373
Swap:           2147           3        2144
Total:         16662        4640        2561

               total        used        free      shared  buff/cache   available
Mem:           14514        4678         375         166        9461        9331
Swap:           2147           3        2144
Total:         16662        4681        2519

               total        used        free      shared  buff/cache   available
Mem:           14514        4684         368         166        9461        9325
Swap:           2147           3        2144
Total:         16662        4688        2512

               total        used        free      shared  buff/cache   available
Mem:           14514        4693         359         166        9461        9316
Swap:           2147           3        2144
Total:         16662        4697        2503

               total        used        free      shared  buff/cache   available
Mem:           14514        4659         393         166        9461        9350
Swap:           2147           3        2144
Total:         16662        4662        2537

               total        used        free      shared  buff/cache   available
Mem:           14514        4675         377         166        9461        9334
Swap:           2147           3        2144
Total:         16662        4678        2521

               total        used        free      shared  buff/cache   available
Mem:           14514        4713         339         166        9461        9296
Swap:           2147           3        2144
Total:         16662        4717        2483

               total        used        free      shared  buff/cache   available
Mem:           14514        4709         342         166        9462        9300
Swap:           2147           3        2144
Total:         16662        4713        2487

               total        used        free      shared  buff/cache   available
Mem:           14514        4680         372         166        9462        9329
Swap:           2147           3        2144
Total:         16662        4683        2516

               total        used        free      shared  buff/cache   available
Mem:           14514        4699         352         166        9462        9310
Swap:           2147           3        2144
Total:         16662        4703        2496

               total        used        free      shared  buff/cache   available
Mem:           14514        4687         364         166        9462        9322
Swap:           2147           3        2144
Total:         16662        4690        2508

               total        used        free      shared  buff/cache   available
Mem:           14514        4688         363         166        9462        9321
Swap:           2147           3        2144
Total:         16662        4691        2507

               total        used        free      shared  buff/cache   available
Mem:           14514        4697         354         166        9462        9312
Swap:           2147           3        2144
Total:         16662        4701        2498

               total        used        free      shared  buff/cache   available
Mem:           14514        4708         343         166        9463        9301
Swap:           2147           3        2144
Total:         16662        4711        2487

               total        used        free      shared  buff/cache   available
Mem:           14514        4734         316         166        9463        9275
Swap:           2147           3        2144
Total:         16662        4738        2460

               total        used        free      shared  buff/cache   available
Mem:           14514        4706         344         166        9463        9303
Swap:           2147           3        2144
Total:         16662        4709        2489

               total        used        free      shared  buff/cache   available
Mem:           14514        4677         373         166        9463        9331
Swap:           2147           3        2144
Total:         16662        4681        2517

               total        used        free      shared  buff/cache   available
Mem:           14514        4691         358         166        9464        9318
Swap:           2147           3        2144
Total:         16662        4695        2502

               total        used        free      shared  buff/cache   available
Mem:           14514        4631         421         166        9461        9378
Swap:           2147           3        2144
Total:         16662        4634        2565

               total        used        free      shared  buff/cache   available
Mem:           14514        4609         439         169        9464        9396
Swap:           2147           3        2144
Total:         16662        4613        2583

               total        used        free      shared  buff/cache   available
Mem:           14514        4606         442         169        9464        9399
Swap:           2147           3        2144
Total:         16662        4610        2586

               total        used        free      shared  buff/cache   available
Mem:           14514        4569         480         169        9464        9437
Swap:           2147           3        2144
Total:         16662        4572        2624

               total        used        free      shared  buff/cache   available
Mem:           14514        4532         520         166        9461        9477
Swap:           2147           3        2144
Total:         16662        4535        2664

               total        used        free      shared  buff/cache   available
Mem:           14514        4529         523         166        9461        9480
Swap:           2147           3        2144
Total:         16662        4533        2667

               total        used        free      shared  buff/cache   available
Mem:           14514        4515         537         166        9461        9494
Swap:           2147           3        2144
Total:         16662        4519        2681

               total        used        free      shared  buff/cache   available
Mem:           14514        4512         539         166        9461        9496
Swap:           2147           3        2144
Total:         16662        4516        2683

               total        used        free      shared  buff/cache   available
Mem:           14514        4506         546         166        9461        9503
Swap:           2147           3        2144
Total:         16662        4509        2690

               total        used        free      shared  buff/cache   available
Mem:           14514        4501         551         166        9461        9508
Swap:           2147           3        2144
Total:         16662        4504        2695
