RESET
CPU laptop 1745511716 2025/04/24 19:21:56 633286 100 12 2862477 5705453 69026 150049875 224292 0 74273 0 0 44463 100 0 0
SEP
CPU laptop 1745511717 2025/04/24 19:21:57 1 100 12 86 57 0 1051 0 0 0 0 0 22869 100 0 0
SEP
CPU laptop 1745511718 2025/04/24 19:21:58 1 100 12 86 62 0 1040 1 0 1 0 0 19741 100 0 0
SEP
CPU laptop 1745511719 2025/04/24 19:21:59 1 100 12 70 37 0 1088 2 0 0 0 0 19376 100 0 0
SEP
CPU laptop 1745511720 2025/04/24 19:22:00 1 100 12 72 37 0 1088 1 0 0 0 0 19589 100 0 0
SEP
CPU laptop 1745511721 2025/04/24 19:22:01 1 100 12 73 36 0 1089 0 0 0 0 0 19019 100 0 0
SEP
CPU laptop 1745511722 2025/04/24 19:22:02 1 100 12 69 41 0 1086 1 0 0 0 0 19599 100 0 0
SEP
CPU laptop 1745511723 2025/04/24 19:22:03 1 100 12 71 38 0 1088 0 0 0 0 0 17344 100 0 0
SEP
CPU laptop 1745511724 2025/04/24 19:22:04 1 100 12 73 42 0 1079 3 0 0 0 0 19432 100 0 0
SEP
CPU laptop 1745511725 2025/04/24 19:22:05 1 100 12 71 38 0 1089 1 0 0 0 0 18012 100 0 0
SEP
CPU laptop 1745511726 2025/04/24 19:22:06 1 100 12 73 37 0 1087 1 0 0 0 0 17915 100 0 0
SEP
CPU laptop 1745511727 2025/04/24 19:22:07 1 100 12 138 254 0 788 9 0 0 0 0 20442 100 0 0
SEP
CPU laptop 1745511728 2025/04/24 19:22:08 1 100 12 150 107 1 908 17 0 4 0 0 25998 100 0 0
SEP
CPU laptop 1745511729 2025/04/24 19:22:09 1 100 12 122 284 0 786 0 0 0 0 0 28416 100 0 0
SEP
CPU laptop 1745511730 2025/04/24 19:22:10 1 100 12 155 256 1 749 18 0 1 0 0 21537 100 0 0
SEP
CPU laptop 1745511731 2025/04/24 19:22:11 1 100 12 128 108 0 941 12 0 1 0 0 26586 100 0 0
SEP
CPU laptop 1745511732 2025/04/24 19:22:12 1 100 12 126 251 0 810 6 0 0 0 0 22042 100 0 0
SEP
CPU laptop 1745511733 2025/04/24 19:22:13 1 100 12 151 108 1 903 17 0 2 0 0 21518 100 0 0
SEP
CPU laptop 1745511734 2025/04/24 19:22:14 1 100 12 112 226 0 859 0 0 0 0 0 23938 100 0 0
SEP
CPU laptop 1745511735 2025/04/24 19:22:15 1 100 12 150 235 1 775 21 0 1 0 0 22923 100 0 0
SEP
CPU laptop 1745511736 2025/04/24 19:22:16 1 100 12 130 102 1 944 13 0 0 0 0 23522 100 0 0
SEP
CPU laptop 1745511737 2025/04/24 19:22:17 1 100 12 124 254 0 810 5 0 1 0 0 23239 100 0 0
SEP
CPU laptop 1745511738 2025/04/24 19:22:18 1 100 12 151 135 0 879 16 0 0 0 0 47812 100 0 0
SEP
CPU laptop 1745511739 2025/04/24 19:22:19 1 100 12 112 181 0 900 1 0 0 0 0 40267 100 0 0
SEP
CPU laptop 1745511740 2025/04/24 19:22:20 1 100 12 146 238 1 781 18 0 1 0 0 20126 100 0 0
SEP
CPU laptop 1745511741 2025/04/24 19:22:21 1 100 12 137 113 0 918 16 0 2 0 0 23573 100 0 0
SEP
CPU laptop 1745511742 2025/04/24 19:22:22 1 100 12 116 233 0 841 3 0 0 0 0 20127 100 0 0
SEP
CPU laptop 1745511743 2025/04/24 19:22:23 1 100 12 153 159 1 854 20 0 0 0 0 47734 100 0 0
SEP
CPU laptop 1745511744 2025/04/24 19:22:24 1 100 12 112 170 0 909 1 0 1 0 0 40544 100 0 0
SEP
CPU laptop 1745511745 2025/04/24 19:22:25 1 100 12 148 237 1 782 19 0 1 0 0 23076 100 0 0
SEP
CPU laptop 1745511746 2025/04/24 19:22:26 1 100 12 120 95 0 955 18 0 0 0 0 20279 100 0 0
SEP
CPU laptop 1745511747 2025/04/24 19:22:27 1 100 12 124 254 1 799 14 0 1 0 0 24056 100 0 0
SEP
CPU laptop 1745511748 2025/04/24 19:22:28 1 100 12 162 120 0 884 19 0 0 0 0 20815 100 0 0
SEP
CPU laptop 1745511749 2025/04/24 19:22:29 1 100 12 106 229 0 861 0 0 1 0 0 18515 100 0 0
SEP
CPU laptop 1745511750 2025/04/24 19:22:30 1 100 12 137 236 1 792 16 0 1 0 0 20986 100 0 0
SEP
CPU laptop 1745511751 2025/04/24 19:22:31 1 100 12 141 116 1 915 16 0 1 0 0 22654 100 0 0
SEP
CPU laptop 1745511752 2025/04/24 19:22:32 1 100 12 115 227 0 851 2 0 1 0 0 22524 100 0 0
SEP
CPU laptop 1745511753 2025/04/24 19:22:33 1 100 12 148 177 0 838 19 0 0 0 0 47818 100 0 0
SEP
CPU laptop 1745511754 2025/04/24 19:22:34 1 100 12 103 155 0 934 2 0 1 0 0 16765 100 0 0
SEP
CPU laptop 1745511755 2025/04/24 19:22:35 1 100 12 132 239 1 796 16 0 1 0 0 20777 100 0 0
SEP
CPU laptop 1745511756 2025/04/24 19:22:36 1 100 12 146 103 0 916 18 0 2 0 0 42266 100 0 0
SEP
CPU laptop 1745511757 2025/04/24 19:22:37 1 100 12 117 223 0 850 4 0 0 0 0 20790 100 0 0
SEP
CPU laptop 1745511758 2025/04/24 19:22:38 1 100 12 147 199 1 818 18 0 1 0 0 47732 100 0 0
SEP
CPU laptop 1745511759 2025/04/24 19:22:39 1 100 12 113 144 0 932 3 0 1 0 0 16763 100 0 0
SEP
CPU laptop 1745511760 2025/04/24 19:22:40 1 100 12 129 243 1 797 16 0 1 0 0 21302 100 0 0
SEP
CPU laptop 1745511761 2025/04/24 19:22:41 1 100 12 141 108 1 919 17 0 1 0 0 27592 100 0 0
SEP
CPU laptop 1745511762 2025/04/24 19:22:42 1 100 12 109 236 0 848 2 0 0 0 0 20461 100 0 0
SEP
CPU laptop 1745511763 2025/04/24 19:22:43 1 100 12 152 218 1 793 17 0 1 0 0 47898 100 0 0
SEP
CPU laptop 1745511764 2025/04/24 19:22:44 1 100 12 113 133 0 944 3 0 0 0 0 16761 100 0 0
SEP
CPU laptop 1745511765 2025/04/24 19:22:45 1 100 12 135 246 0 792 16 0 0 0 0 21147 100 0 0
SEP
CPU laptop 1745511766 2025/04/24 19:22:46 1 100 12 154 101 1 906 19 0 0 0 0 25260 100 0 0
SEP
CPU laptop 1745511767 2025/04/24 19:22:47 1 100 12 109 236 0 849 1 0 1 0 0 19938 100 0 0
SEP
CPU laptop 1745511768 2025/04/24 19:22:48 1 100 12 145 243 0 775 18 0 0 0 0 26066 100 0 0
SEP
CPU laptop 1745511769 2025/04/24 19:22:49 1 100 12 135 130 1 915 8 0 1 0 0 24010 100 0 0
SEP
CPU laptop 1745511770 2025/04/24 19:22:50 1 100 12 123 250 0 805 11 0 0 0 0 19511 100 0 0
SEP
CPU laptop 1745511771 2025/04/24 19:22:51 1 100 12 154 109 1 900 17 0 1 0 0 19402 100 0 0
SEP
CPU laptop 1745511772 2025/04/24 19:22:52 1 100 12 106 225 0 862 2 0 0 0 0 22953 100 0 0
SEP
CPU laptop 1745511773 2025/04/24 19:22:53 1 100 12 146 238 1 784 18 0 1 0 0 20575 100 0 0
SEP
CPU laptop 1745511774 2025/04/24 19:22:54 1 100 12 126 105 1 944 11 0 1 0 0 22087 100 0 0
SEP
CPU laptop 1745511775 2025/04/24 19:22:55 1 100 12 120 255 0 809 6 0 0 0 0 18027 100 0 0
SEP
CPU laptop 1745511776 2025/04/24 19:22:56 1 100 12 152 110 1 902 17 0 0 0 0 22186 100 0 0
SEP
CPU laptop 1745511777 2025/04/24 19:22:57 1 100 12 112 218 0 865 1 0 1 0 0 19783 100 0 0
SEP
CPU laptop 1745511778 2025/04/24 19:22:58 1 100 12 148 240 1 777 18 0 0 0 0 22107 100 0 0
SEP
CPU laptop 1745511779 2025/04/24 19:22:59 1 100 12 116 104 0 956 13 0 1 0 0 24226 100 0 0
SEP
CPU laptop 1745511780 2025/04/24 19:23:00 1 100 12 128 260 0 794 8 0 0 0 0 26071 100 0 0
SEP
CPU laptop 1745511781 2025/04/24 19:23:01 1 100 12 153 105 1 904 17 0 2 0 0 23753 100 0 0
SEP
CPU laptop 1745511782 2025/04/24 19:23:02 1 100 12 111 215 0 869 1 0 0 0 0 18593 100 0 0
SEP
CPU laptop 1745511783 2025/04/24 19:23:03 1 100 12 141 245 1 780 17 0 1 0 0 20654 100 0 0
SEP
CPU laptop 1745511784 2025/04/24 19:23:04 1 100 12 127 109 1 939 12 0 1 0 0 19803 100 0 0
SEP
CPU laptop 1745511785 2025/04/24 19:23:05 1 100 12 123 256 0 807 6 0 0 0 0 20816 100 0 0
SEP
CPU laptop 1745511786 2025/04/24 19:23:06 1 100 12 152 112 1 899 18 0 1 0 0 20834 100 0 0
SEP
CPU laptop 1745511787 2025/04/24 19:23:07 1 100 12 113 240 0 842 1 0 0 0 0 22498 100 0 0
SEP
CPU laptop 1745511788 2025/04/24 19:23:08 1 100 12 148 237 1 778 18 0 1 0 0 23380 100 0 0
SEP
CPU laptop 1745511789 2025/04/24 19:23:09 1 100 12 120 110 0 945 10 0 1 0 0 22743 100 0 0
SEP
CPU laptop 1745511790 2025/04/24 19:23:10 1 100 12 123 255 0 806 8 0 0 0 0 17588 100 0 0
SEP
CPU laptop 1745511791 2025/04/24 19:23:11 1 100 12 154 113 1 898 17 0 0 0 0 23544 100 0 0
SEP
CPU laptop 1745511792 2025/04/24 19:23:12 1 100 12 106 233 0 857 0 0 1 0 0 20244 100 0 0
SEP
CPU laptop 1745511793 2025/04/24 19:23:13 1 100 12 141 241 1 784 19 0 1 0 0 20641 100 0 0
SEP
CPU laptop 1745511794 2025/04/24 19:23:14 1 100 12 126 112 0 937 13 0 1 0 0 17501 100 0 0
SEP
CPU laptop 1745511795 2025/04/24 19:23:15 1 100 12 124 251 1 809 7 0 0 0 0 20401 100 0 0
SEP
CPU laptop 1745511796 2025/04/24 19:23:16 1 100 12 154 98 1 908 19 0 1 0 0 21285 100 0 0
SEP
CPU laptop 1745511797 2025/04/24 19:23:17 1 100 12 112 218 0 867 0 0 2 0 0 23274 100 0 0
SEP
CPU laptop 1745511798 2025/04/24 19:23:18 1 100 12 144 240 0 777 19 0 0 0 0 20842 100 0 0
SEP
CPU laptop 1745511799 2025/04/24 19:23:19 1 100 12 125 114 1 937 10 0 2 0 0 26601 100 0 0
SEP
CPU laptop 1745511800 2025/04/24 19:23:20 1 100 12 124 256 0 803 8 0 0 0 0 20133 100 0 0
SEP
CPU laptop 1745511801 2025/04/24 19:23:21 1 100 12 157 139 1 859 23 0 1 0 0 24298 100 0 0
SEP
CPU laptop 1745511802 2025/04/24 19:23:22 1 100 12 108 233 0 857 1 0 0 0 0 17601 100 0 0
SEP
CPU laptop 1745511803 2025/04/24 19:23:23 1 100 12 145 238 1 780 18 0 1 0 0 20440 100 0 0
SEP
CPU laptop 1745511804 2025/04/24 19:23:24 1 100 12 128 108 0 937 12 0 1 0 0 24156 100 0 0
SEP
CPU laptop 1745511805 2025/04/24 19:23:25 1 100 12 123 250 0 810 6 0 0 0 0 24171 100 0 0
SEP
CPU laptop 1745511806 2025/04/24 19:23:26 1 100 12 145 117 1 901 19 0 1 0 0 26118 100 0 0
SEP
CPU laptop 1745511807 2025/04/24 19:23:27 1 100 12 109 230 0 856 0 0 0 0 0 22301 100 0 0
SEP
CPU laptop 1745511808 2025/04/24 19:23:28 1 100 12 147 246 1 771 19 0 1 0 0 23001 100 0 0
SEP
CPU laptop 1745511809 2025/04/24 19:23:29 1 100 12 126 111 0 937 13 0 0 0 0 19341 100 0 0
SEP
CPU laptop 1745511810 2025/04/24 19:23:30 1 100 12 121 259 1 807 5 0 0 0 0 22511 100 0 0
SEP
CPU laptop 1745511811 2025/04/24 19:23:31 1 100 12 151 110 0 905 18 0 1 0 0 34530 100 0 0
SEP
CPU laptop 1745511812 2025/04/24 19:23:32 1 100 12 109 204 0 883 0 0 0 0 0 23305 100 0 0
SEP
CPU laptop 1745511813 2025/04/24 19:23:33 1 100 12 146 248 0 768 19 0 2 0 0 23627 100 0 0
SEP
CPU laptop 1745511814 2025/04/24 19:23:34 1 100 12 138 113 1 922 12 0 0 0 0 39170 100 0 0
SEP
CPU laptop 1745511815 2025/04/24 19:23:35 1 100 12 112 246 0 825 9 0 1 0 0 24518 100 0 0
SEP
CPU laptop 1745511816 2025/04/24 19:23:36 1 100 12 148 141 1 875 18 0 1 0 0 47859 100 0 0
SEP
CPU laptop 1745511817 2025/04/24 19:23:37 1 100 12 111 183 0 902 1 0 0 0 0 43605 100 0 0
SEP
CPU laptop 1745511818 2025/04/24 19:23:38 1 100 12 138 243 1 784 20 0 1 0 0 23260 100 0 0
SEP
CPU laptop 1745511819 2025/04/24 19:23:39 1 100 12 138 121 1 911 16 0 1 0 0 47798 100 0 0
SEP
CPU laptop 1745511820 2025/04/24 19:23:40 1 100 12 111 229 0 852 2 0 1 0 0 25724 100 0 0
SEP
CPU laptop 1745511821 2025/04/24 19:23:41 1 100 12 153 242 1 771 17 0 1 0 0 47732 100 0 0
SEP
CPU laptop 1745511822 2025/04/24 19:23:42 1 100 12 115 118 0 954 3 0 0 0 0 23586 100 0 0
SEP
CPU laptop 1745511823 2025/04/24 19:23:43 1 100 12 135 254 1 783 16 0 1 0 0 24128 100 0 0
SEP
CPU laptop 1745511824 2025/04/24 19:23:44 1 100 12 144 103 1 917 19 0 0 0 0 34185 100 0 0
SEP
CPU laptop 1745511825 2025/04/24 19:23:45 1 100 12 112 235 0 845 3 0 0 0 0 24287 100 0 0
SEP
CPU laptop 1745511826 2025/04/24 19:23:46 1 100 12 149 243 1 767 18 0 1 0 0 32939 100 0 0
SEP
CPU laptop 1745511827 2025/04/24 19:23:47 1 100 12 114 109 0 961 7 0 1 0 0 25891 100 0 0
SEP
CPU laptop 1745511828 2025/04/24 19:23:48 1 100 12 125 248 1 803 12 0 1 0 0 26638 100 0 0
SEP
CPU laptop 1745511829 2025/04/24 19:23:49 1 100 12 162 128 0 878 15 0 1 0 0 26191 100 0 0
SEP
CPU laptop 1745511830 2025/04/24 19:23:50 1 100 12 109 242 0 842 2 0 0 0 0 27824 100 0 0
SEP
CPU laptop 1745511831 2025/04/24 19:23:51 1 100 12 145 242 1 775 18 0 1 0 0 31052 100 0 0
SEP
CPU laptop 1745511832 2025/04/24 19:23:52 1 100 12 120 118 0 944 8 0 1 0 0 25289 100 0 0
SEP
CPU laptop 1745511833 2025/04/24 19:23:53 1 100 12 121 253 0 806 10 0 2 0 0 28263 100 0 0
SEP
CPU laptop 1745511834 2025/04/24 19:23:54 1 100 12 150 115 1 900 18 0 1 0 0 24316 100 0 0
SEP
CPU laptop 1745511835 2025/04/24 19:23:55 1 100 12 109 234 0 853 0 0 2 0 0 23878 100 0 0
SEP
CPU laptop 1745511836 2025/04/24 19:23:56 1 100 12 142 236 0 781 23 0 0 0 0 28536 100 0 0
SEP
CPU laptop 1745511837 2025/04/24 19:23:57 1 100 12 124 108 2 942 12 0 1 0 0 28588 100 0 0
SEP
CPU laptop 1745511838 2025/04/24 19:23:58 1 100 12 124 255 0 808 3 0 1 0 0 26286 100 0 0
SEP
CPU laptop 1745511839 2025/04/24 19:23:59 1 100 12 150 103 1 911 20 0 1 0 0 24888 100 0 0
SEP
CPU laptop 1745511840 2025/04/24 19:24:00 1 100 12 113 227 0 856 1 0 1 0 0 27319 100 0 0
SEP
CPU laptop 1745511841 2025/04/24 19:24:01 1 100 12 147 244 0 773 16 0 1 0 0 26961 100 0 0
SEP
CPU laptop 1745511842 2025/04/24 19:24:02 1 100 12 125 117 1 937 10 0 1 0 0 30118 100 0 0
SEP
CPU laptop 1745511843 2025/04/24 19:24:03 1 100 12 125 252 0 810 5 0 0 0 0 24022 100 0 0
SEP
CPU laptop 1745511844 2025/04/24 19:24:04 1 100 12 150 148 0 863 18 0 0 0 0 47896 100 0 0
SEP
CPU laptop 1745511845 2025/04/24 19:24:05 1 100 12 110 183 0 901 0 0 0 0 0 43255 100 0 0
SEP
CPU laptop 1745511846 2025/04/24 19:24:06 1 100 12 140 250 1 776 19 0 2 0 0 26542 100 0 0
SEP
CPU laptop 1745511847 2025/04/24 19:24:07 1 100 12 140 113 0 916 17 0 2 0 0 22807 100 0 0
SEP
CPU laptop 1745511848 2025/04/24 19:24:08 1 100 12 117 247 0 825 2 0 0 0 0 23715 100 0 0
SEP
CPU laptop 1745511849 2025/04/24 19:24:09 1 100 12 145 133 1 879 19 0 1 0 0 47823 100 0 0
SEP
CPU laptop 1745511850 2025/04/24 19:24:10 1 100 12 108 185 0 902 0 0 0 0 0 20131 100 0 0
SEP
CPU laptop 1745511851 2025/04/24 19:24:11 1 100 12 144 239 1 783 19 0 1 0 0 23486 100 0 0
SEP
CPU laptop 1745511852 2025/04/24 19:24:12 1 100 12 137 120 1 913 12 0 2 0 0 46951 100 0 0
SEP
CPU laptop 1745511853 2025/04/24 19:24:13 1 100 12 110 240 0 838 4 0 0 0 0 25301 100 0 0
SEP
CPU laptop 1745511854 2025/04/24 19:24:14 1 100 12 150 113 1 897 18 0 0 0 0 23514 100 0 0
SEP
CPU laptop 1745511855 2025/04/24 19:24:15 1 100 12 111 211 0 874 0 0 0 0 0 19861 100 0 0
SEP
CPU laptop 1745511856 2025/04/24 19:24:16 1 100 12 141 242 1 782 19 0 1 0 0 23040 100 0 0
SEP
CPU laptop 1745511857 2025/04/24 19:24:17 1 100 12 122 108 0 951 9 0 0 0 0 33786 100 0 0
SEP
CPU laptop 1745511858 2025/04/24 19:24:18 1 100 12 125 255 1 801 9 0 1 0 0 23763 100 0 0
SEP
CPU laptop 1745511859 2025/04/24 19:24:19 1 100 12 158 112 0 895 17 0 0 0 0 26926 100 0 0
SEP
CPU laptop 1745511860 2025/04/24 19:24:20 1 100 12 106 237 0 853 1 0 1 0 0 26015 100 0 0
SEP
CPU laptop 1745511861 2025/04/24 19:24:21 1 100 12 146 242 1 773 18 0 1 0 0 24781 100 0 0
SEP
CPU laptop 1745511862 2025/04/24 19:24:22 1 100 12 120 113 0 943 12 0 1 0 0 24053 100 0 0
SEP
CPU laptop 1745511863 2025/04/24 19:24:23 1 100 12 127 255 1 802 6 0 1 0 0 27903 100 0 0
SEP
CPU laptop 1745511864 2025/04/24 19:24:24 1 100 12 152 115 1 894 17 0 1 0 0 26307 100 0 0
SEP
CPU laptop 1745511865 2025/04/24 19:24:25 1 100 12 104 224 0 866 1 0 1 0 0 24686 100 0 0
SEP
CPU laptop 1745511866 2025/04/24 19:24:26 1 100 12 143 238 0 780 19 0 2 0 0 24444 100 0 0
SEP
CPU laptop 1745511867 2025/04/24 19:24:27 1 100 12 131 108 1 938 11 0 1 0 0 40053 100 0 0
SEP
CPU laptop 1745511868 2025/04/24 19:24:28 1 100 12 121 248 1 811 7 0 0 0 0 25324 100 0 0
SEP
CPU laptop 1745511869 2025/04/24 19:24:29 1 100 12 154 108 0 900 17 0 3 0 0 25336 100 0 0
SEP
CPU laptop 1745511870 2025/04/24 19:24:30 1 100 12 111 216 0 868 1 0 0 0 0 20070 100 0 0
SEP
CPU laptop 1745511871 2025/04/24 19:24:31 1 100 12 147 236 1 784 19 0 1 0 0 24858 100 0 0
SEP
CPU laptop 1745511872 2025/04/24 19:24:32 1 100 12 129 128 1 917 12 0 1 0 0 47812 100 0 0
SEP
CPU laptop 1745511873 2025/04/24 19:24:33 1 100 12 116 235 0 835 5 0 0 0 0 26228 100 0 0
SEP
CPU laptop 1745511874 2025/04/24 19:24:34 1 100 12 156 150 1 862 18 0 1 0 0 47728 100 0 0
SEP
CPU laptop 1745511875 2025/04/24 19:24:35 1 100 12 112 170 0 908 5 0 1 0 0 31301 100 0 0
SEP
CPU laptop 1745511876 2025/04/24 19:24:36 1 100 12 140 242 0 783 19 0 1 0 0 37118 100 0 0
SEP
CPU laptop 1745511877 2025/04/24 19:24:37 1 100 12 195 141 1 830 18 0 1 0 0 32829 100 0 0
SEP
CPU laptop 1745511878 2025/04/24 19:24:38 1 100 12 114 230 0 848 2 0 0 0 0 26354 100 0 0
SEP
CPU laptop 1745511879 2025/04/24 19:24:39 1 100 12 168 145 1 846 24 0 1 0 0 47816 100 0 0
SEP
CPU laptop 1745511880 2025/04/24 19:24:40 1 100 12 113 185 0 897 0 0 0 0 0 34586 100 0 0
SEP
CPU laptop 1745511881 2025/04/24 19:24:41 1 100 12 145 235 0 784 18 0 2 0 0 32224 100 0 0
SEP
CPU laptop 1745511882 2025/04/24 19:24:42 1 100 12 140 126 1 905 18 0 1 0 0 32125 100 0 0
SEP
CPU laptop 1745511883 2025/04/24 19:24:43 1 100 12 114 234 0 843 2 0 1 0 0 26002 100 0 0
SEP
CPU laptop 1745511884 2025/04/24 19:24:44 1 100 12 153 151 1 857 16 0 0 0 0 47812 100 0 0
SEP
CPU laptop 1745511885 2025/04/24 19:24:45 1 100 12 113 177 0 905 1 0 0 0 0 36486 100 0 0
SEP
CPU laptop 1745511886 2025/04/24 19:24:46 1 100 12 137 240 0 790 18 0 0 0 0 26005 100 0 0
SEP
CPU laptop 1745511887 2025/04/24 19:24:47 1 100 12 147 105 1 915 16 0 1 0 0 39823 100 0 0
SEP
CPU laptop 1745511888 2025/04/24 19:24:48 1 100 12 114 229 0 849 2 0 0 0 0 25319 100 0 0
SEP
CPU laptop 1745511889 2025/04/24 19:24:49 1 100 12 165 217 1 780 18 0 2 0 0 47881 100 0 0
SEP
CPU laptop 1745511890 2025/04/24 19:24:50 1 100 12 116 147 0 926 4 0 0 0 0 28007 100 0 0
SEP
CPU laptop 1745511891 2025/04/24 19:24:51 1 100 12 130 255 0 789 14 0 1 0 0 28622 100 0 0
SEP
CPU laptop 1745511892 2025/04/24 19:24:52 1 100 12 120 86 1 971 9 0 2 0 0 23859 100 0 0
SEP
CPU laptop 1745511893 2025/04/24 19:24:53 1 100 12 75 44 0 1079 0 0 0 0 0 22671 100 0 0
SEP
CPU laptop 1745511894 2025/04/24 19:24:54 1 100 12 73 42 0 1081 0 0 0 0 0 21972 100 0 0
SEP
CPU laptop 1745511895 2025/04/24 19:24:55 1 100 12 83 45 0 1069 1 0 0 0 0 21931 100 0 0
SEP
CPU laptop 1745511896 2025/04/24 19:24:56 1 100 12 73 41 0 1083 1 0 0 0 0 22737 100 0 0
SEP
CPU laptop 1745511897 2025/04/24 19:24:57 1 100 12 76 37 0 1083 2 0 0 0 0 22142 100 0 0
SEP
CPU laptop 1745511898 2025/04/24 19:24:58 1 100 12 74 39 0 1084 0 0 0 0 0 22173 100 0 0
SEP
CPU laptop 1745511899 2025/04/24 19:24:59 1 100 12 75 39 0 1082 1 0 0 0 0 22648 100 0 0
SEP
CPU laptop 1745511900 2025/04/24 19:25:00 1 100 12 74 40 0 1083 1 0 0 0 0 22651 100 0 0
SEP
CPU laptop 1745511901 2025/04/24 19:25:01 1 100 12 75 37 0 1087 0 0 0 0 0 22681 100 0 0
SEP
