1584 
1648 
1686 
1630 
1682 
1652 
1602 
1660 
1649 
1635 
1695 
1771 
1655 
1612 
1604 
1637 
1659 
1662 
1656 
1626 
1676 
1674 
1636 
1642 
1641 
1632 
1585 
1674 
1663 
1643 
1680 
1704 
1614 
1670 
1670 
1644 
1720 
1650 
1671 
1671 
1637 
1628 
1680 
1707 
1661 
1659 
1641 
1690 
1643 
1640 
1652 
1667 
1660 
1639 
1641 
1625 
1639 
1629 
1651 
1636 
1675 
1645 
1634 
1686 
1592 
1657 
1647 
1659 
1669 
1673 
1594 
1665 
1650 
1664 
1694 
1672 
1663 
1690 
1730 
1638 
1669 
1648 
1660 
1669 
1675 
1608 
1666 
1663 
1619 
1664 
1648 
1679 
1684 
1630 
1665 
1651 
1666 
1638 
1611 
1609 
