               total        used        free      shared  buff/cache   available
Mem:           14514        4540         511         169        9462        9467
Swap:           2147           3        2144
Total:         16662        4543        2655

               total        used        free      shared  buff/cache   available
Mem:           14514        4545         506         169        9462        9462
Swap:           2147           3        2144
Total:         16662        4548        2650

               total        used        free      shared  buff/cache   available
Mem:           14514        4544         510         165        9459        9466
Swap:           2147           3        2144
Total:         16662        4547        2654

               total        used        free      shared  buff/cache   available
Mem:           14514        4541         513         165        9459        9469
Swap:           2147           3        2144
Total:         16662        4544        2657

               total        used        free      shared  buff/cache   available
Mem:           14514        4538         516         165        9459        9472
Swap:           2147           3        2144
Total:         16662        4542        2660

               total        used        free      shared  buff/cache   available
Mem:           14514        4537         517         165        9459        9473
Swap:           2147           3        2144
Total:         16662        4541        2661

               total        used        free      shared  buff/cache   available
Mem:           14514        4536         519         165        9459        9474
Swap:           2147           3        2144
Total:         16662        4539        2663

               total        used        free      shared  buff/cache   available
Mem:           14514        4535         520         165        9459        9475
Swap:           2147           3        2144
Total:         16662        4538        2664

               total        used        free      shared  buff/cache   available
Mem:           14514        4534         520         165        9459        9476
Swap:           2147           3        2144
Total:         16662        4538        2664

               total        used        free      shared  buff/cache   available
Mem:           14514        4534         521         165        9459        9476
Swap:           2147           3        2144
Total:         16662        4537        2665

               total        used        free      shared  buff/cache   available
Mem:           14514        4534         520         165        9459        9476
Swap:           2147           3        2144
Total:         16662        4537        2664

               total        used        free      shared  buff/cache   available
Mem:           14514        4691         358         169        9464        9315
Swap:           2147           3        2144
Total:         16662        4695        2502

               total        used        free      shared  buff/cache   available
Mem:           14514        4689         361         169        9463        9317
Swap:           2147           3        2144
Total:         16662        4693        2505

               total        used        free      shared  buff/cache   available
Mem:           14514        4742         303         171        9469        9263
Swap:           2147           3        2144
Total:         16662        4745        2447

               total        used        free      shared  buff/cache   available
Mem:           14514        4777         274         168        9463        9231
Swap:           2147           3        2144
Total:         16662        4780        2418

               total        used        free      shared  buff/cache   available
Mem:           14514        4721         332         165        9460        9289
Swap:           2147           3        2144
Total:         16662        4724        2477

               total        used        free      shared  buff/cache   available
Mem:           14514        4710         342         165        9461        9300
Swap:           2147           3        2144
Total:         16662        4713        2486

               total        used        free      shared  buff/cache   available
Mem:           14514        4692         361         165        9460        9318
Swap:           2147           3        2144
Total:         16662        4695        2505

               total        used        free      shared  buff/cache   available
Mem:           14514        4737         312         165        9464        9273
Swap:           2147           3        2144
Total:         16662        4741        2456

               total        used        free      shared  buff/cache   available
Mem:           14514        4739         313         165        9461        9271
Swap:           2147           3        2144
Total:         16662        4743        2457

               total        used        free      shared  buff/cache   available
Mem:           14514        4687         366         165        9460        9323
Swap:           2147           3        2144
Total:         16662        4690        2510

               total        used        free      shared  buff/cache   available
Mem:           14514        4740         312         165        9462        9270
Swap:           2147           3        2144
Total:         16662        4743        2456

               total        used        free      shared  buff/cache   available
Mem:           14514        4697         355         165        9461        9312
Swap:           2147           3        2144
Total:         16662        4701        2499

               total        used        free      shared  buff/cache   available
Mem:           14514        4643         406         165        9464        9367
Swap:           2147           3        2144
Total:         16662        4646        2550

               total        used        free      shared  buff/cache   available
Mem:           14514        4712         340         165        9461        9298
Swap:           2147           3        2144
Total:         16662        4715        2484

               total        used        free      shared  buff/cache   available
Mem:           14514        4667         386         165        9460        9343
Swap:           2147           3        2144
Total:         16662        4670        2530

               total        used        free      shared  buff/cache   available
Mem:           14514        4778         273         165        9462        9232
Swap:           2147           3        2144
Total:         16662        4781        2417

               total        used        free      shared  buff/cache   available
Mem:           14514        4682         370         165        9462        9328
Swap:           2147           3        2144
Total:         16662        4685        2514

               total        used        free      shared  buff/cache   available
Mem:           14514        4677         371         165        9465        9333
Swap:           2147           3        2144
Total:         16662        4681        2515

               total        used        free      shared  buff/cache   available
Mem:           14514        4737         314         165        9462        9272
Swap:           2147           3        2144
Total:         16662        4741        2458

               total        used        free      shared  buff/cache   available
Mem:           14514        4692         360         165        9461        9318
Swap:           2147           3        2144
Total:         16662        4696        2504

               total        used        free      shared  buff/cache   available
Mem:           14514        4766         285         165        9462        9243
Swap:           2147           3        2144
Total:         16662        4770        2429

               total        used        free      shared  buff/cache   available
Mem:           14514        4677         374         165        9461        9332
Swap:           2147           3        2144
Total:         16662        4681        2518

               total        used        free      shared  buff/cache   available
Mem:           14514        4699         349         165        9465        9311
Swap:           2147           3        2144
Total:         16662        4702        2493

               total        used        free      shared  buff/cache   available
Mem:           14514        4749         302         165        9462        9261
Swap:           2147           3        2144
Total:         16662        4752        2446

               total        used        free      shared  buff/cache   available
Mem:           14514        4676         376         165        9461        9334
Swap:           2147           3        2144
Total:         16662        4679        2520

               total        used        free      shared  buff/cache   available
Mem:           14514        4759         291         165        9463        9251
Swap:           2147           3        2144
Total:         16662        4763        2435

               total        used        free      shared  buff/cache   available
Mem:           14514        4700         350         165        9463        9310
Swap:           2147           3        2144
Total:         16662        4704        2495

               total        used        free      shared  buff/cache   available
Mem:           14514        4681         366         165        9466        9329
Swap:           2147           3        2144
Total:         16662        4685        2510

               total        used        free      shared  buff/cache   available
Mem:           14514        4750         300         165        9463        9259
Swap:           2147           3        2144
Total:         16662        4754        2444

               total        used        free      shared  buff/cache   available
Mem:           14514        4670         381         165        9462        9340
Swap:           2147           3        2144
Total:         16662        4674        2525

               total        used        free      shared  buff/cache   available
Mem:           14514        4755         292         169        9467        9252
Swap:           2147           3        2144
Total:         16662        4758        2436

               total        used        free      shared  buff/cache   available
Mem:           14514        4734         313         169        9466        9272
Swap:           2147           3        2144
Total:         16662        4738        2457

               total        used        free      shared  buff/cache   available
Mem:           14514        4671         373         169        9469        9336
Swap:           2147           3        2144
Total:         16662        4674        2517

               total        used        free      shared  buff/cache   available
Mem:           14514        4722         327         165        9464        9287
Swap:           2147           3        2144
Total:         16662        4726        2471

               total        used        free      shared  buff/cache   available
Mem:           14514        4714         337         165        9462        9296
Swap:           2147           3        2144
Total:         16662        4717        2481

               total        used        free      shared  buff/cache   available
Mem:           14514        4759         290         165        9464        9251
Swap:           2147           3        2144
Total:         16662        4762        2435

               total        used        free      shared  buff/cache   available
Mem:           14514        4704         346         165        9463        9306
Swap:           2147           3        2144
Total:         16662        4707        2490

               total        used        free      shared  buff/cache   available
Mem:           14514        4664         382         165        9467        9345
Swap:           2147           3        2144
Total:         16662        4668        2526

               total        used        free      shared  buff/cache   available
Mem:           14514        4739         310         165        9464        9270
Swap:           2147           3        2144
Total:         16662        4743        2454

               total        used        free      shared  buff/cache   available
Mem:           14514        4660         390         165        9463        9350
Swap:           2147           3        2144
Total:         16662        4664        2534

               total        used        free      shared  buff/cache   available
Mem:           14514        4755         294         165        9465        9255
Swap:           2147           3        2144
Total:         16662        4758        2438

               total        used        free      shared  buff/cache   available
Mem:           14514        4716         333         165        9464        9294
Swap:           2147           3        2144
Total:         16662        4719        2477

               total        used        free      shared  buff/cache   available
Mem:           14514        4694         356         165        9463        9316
Swap:           2147           3        2144
Total:         16662        4697        2500

               total        used        free      shared  buff/cache   available
Mem:           14514        4734         314         166        9465        9276
Swap:           2147           3        2144
Total:         16662        4737        2458

               total        used        free      shared  buff/cache   available
Mem:           14514        4713         337         166        9464        9297
Swap:           2147           3        2144
Total:         16662        4716        2481

               total        used        free      shared  buff/cache   available
Mem:           14514        4775         271         166        9468        9235
Swap:           2147           3        2144
Total:         16662        4778        2415

               total        used        free      shared  buff/cache   available
Mem:           14514        4805         244         166        9465        9205
Swap:           2147           3        2144
Total:         16662        4808        2388

               total        used        free      shared  buff/cache   available
Mem:           14514        4741         309         165        9464        9269
Swap:           2147           3        2144
Total:         16662        4744        2453

               total        used        free      shared  buff/cache   available
Mem:           14514        4789         258         166        9465        9220
Swap:           2147           3        2144
Total:         16662        4793        2402

               total        used        free      shared  buff/cache   available
Mem:           14514        4738         311         166        9465        9272
Swap:           2147           3        2144
Total:         16662        4741        2455

               total        used        free      shared  buff/cache   available
Mem:           14514        4781         264         166        9468        9229
Swap:           2147           3        2144
Total:         16662        4784        2408

               total        used        free      shared  buff/cache   available
Mem:           14514        4786         262         166        9465        9224
Swap:           2147           3        2144
Total:         16662        4789        2406

               total        used        free      shared  buff/cache   available
Mem:           14514        4699         350         165        9465        9311
Swap:           2147           3        2144
Total:         16662        4702        2494

               total        used        free      shared  buff/cache   available
Mem:           14514        4728         319         166        9466        9282
Swap:           2147           3        2144
Total:         16662        4731        2464

               total        used        free      shared  buff/cache   available
Mem:           14514        4751         296         166        9465        9258
Swap:           2147           3        2144
Total:         16662        4755        2441

               total        used        free      shared  buff/cache   available
Mem:           14514        4732         313         166        9468        9278
Swap:           2147           3        2144
Total:         16662        4736        2457

               total        used        free      shared  buff/cache   available
Mem:           14514        4758         290         166        9466        9252
Swap:           2147           3        2144
Total:         16662        4761        2434

               total        used        free      shared  buff/cache   available
Mem:           14514        4710         339         165        9465        9300
Swap:           2147           3        2144
Total:         16662        4713        2483

               total        used        free      shared  buff/cache   available
Mem:           14514        4784         263         166        9466        9226
Swap:           2147           3        2144
Total:         16662        4787        2407

               total        used        free      shared  buff/cache   available
Mem:           14514        4718         327         169        9468        9289
Swap:           2147           3        2144
Total:         16662        4722        2471

               total        used        free      shared  buff/cache   available
Mem:           14514        4755         286         169        9472        9252
Swap:           2147           3        2144
Total:         16662        4758        2430

               total        used        free      shared  buff/cache   available
Mem:           14514        4792         252         169        9469        9214
Swap:           2147           3        2144
Total:         16662        4796        2396

               total        used        free      shared  buff/cache   available
Mem:           14514        4715         333         166        9466        9295
Swap:           2147           3        2144
Total:         16662        4718        2477

               total        used        free      shared  buff/cache   available
Mem:           14514        4721         325         166        9467        9289
Swap:           2147           3        2144
Total:         16662        4724        2469

               total        used        free      shared  buff/cache   available
Mem:           14514        4710         337         166        9466        9299
Swap:           2147           3        2144
Total:         16662        4714        2481

               total        used        free      shared  buff/cache   available
Mem:           14514        4737         307         166        9469        9273
Swap:           2147           3        2144
Total:         16662        4740        2451

               total        used        free      shared  buff/cache   available
Mem:           14514        4756         290         166        9467        9253
Swap:           2147           3        2144
Total:         16662        4760        2434

               total        used        free      shared  buff/cache   available
Mem:           14514        4704         343         165        9466        9305
Swap:           2147           3        2144
Total:         16662        4708        2487

               total        used        free      shared  buff/cache   available
Mem:           14514        4751         295         166        9467        9259
Swap:           2147           3        2144
Total:         16662        4754        2439

               total        used        free      shared  buff/cache   available
Mem:           14514        4702         345         166        9467        9308
Swap:           2147           3        2144
Total:         16662        4705        2489

               total        used        free      shared  buff/cache   available
Mem:           14514        4730         313         166        9470        9279
Swap:           2147           3        2144
Total:         16662        4734        2457

               total        used        free      shared  buff/cache   available
Mem:           14514        4759         286         166        9467        9250
Swap:           2147           3        2144
Total:         16662        4763        2431

               total        used        free      shared  buff/cache   available
Mem:           14514        4693         353         165        9467        9316
Swap:           2147           3        2144
Total:         16662        4697        2497

               total        used        free      shared  buff/cache   available
Mem:           14514        4764         281         166        9468        9246
Swap:           2147           3        2144
Total:         16662        4767        2425

               total        used        free      shared  buff/cache   available
Mem:           14514        4691         355         166        9467        9319
Swap:           2147           3        2144
Total:         16662        4694        2500

               total        used        free      shared  buff/cache   available
Mem:           14514        4749         294         166        9470        9261
Swap:           2147           3        2144
Total:         16662        4752        2438

               total        used        free      shared  buff/cache   available
Mem:           14514        4753         293         166        9468        9257
Swap:           2147           3        2144
Total:         16662        4756        2437

               total        used        free      shared  buff/cache   available
Mem:           14514        4679         367         166        9467        9331
Swap:           2147           3        2144
Total:         16662        4682        2512

               total        used        free      shared  buff/cache   available
Mem:           14514        4731         315         166        9468        9279
Swap:           2147           3        2144
Total:         16662        4734        2459

               total        used        free      shared  buff/cache   available
Mem:           14514        4682         364         166        9467        9327
Swap:           2147           3        2144
Total:         16662        4686        2508

               total        used        free      shared  buff/cache   available
Mem:           14514        4706         336         166        9471        9303
Swap:           2147           3        2144
Total:         16662        4710        2480

               total        used        free      shared  buff/cache   available
Mem:           14514        4729         315         166        9468        9280
Swap:           2147           3        2144
Total:         16662        4733        2459

               total        used        free      shared  buff/cache   available
Mem:           14514        4671         375         166        9467        9339
Swap:           2147           3        2144
Total:         16662        4674        2519

               total        used        free      shared  buff/cache   available
Mem:           14514        4728         316         166        9469        9282
Swap:           2147           3        2144
Total:         16662        4731        2461

               total        used        free      shared  buff/cache   available
Mem:           14514        4697         347         166        9468        9312
Swap:           2147           3        2144
Total:         16662        4701        2491

               total        used        free      shared  buff/cache   available
Mem:           14514        4691         350         166        9472        9318
Swap:           2147           3        2144
Total:         16662        4695        2495

               total        used        free      shared  buff/cache   available
Mem:           14514        4772         273         166        9469        9238
Swap:           2147           3        2144
Total:         16662        4775        2417

               total        used        free      shared  buff/cache   available
Mem:           14514        4696         350         166        9468        9314
Swap:           2147           3        2144
Total:         16662        4699        2494

               total        used        free      shared  buff/cache   available
Mem:           14514        4779         265         166        9469        9231
Swap:           2147           3        2144
Total:         16662        4782        2409

               total        used        free      shared  buff/cache   available
Mem:           14514        4739         305         166        9469        9270
Swap:           2147           3        2144
Total:         16662        4743        2449

               total        used        free      shared  buff/cache   available
Mem:           14514        4733         305         169        9475        9273
Swap:           2147           3        2144
Total:         16662        4736        2449

               total        used        free      shared  buff/cache   available
Mem:           14514        4767         273         169        9473        9239
Swap:           2147           3        2144
Total:         16662        4771        2417

               total        used        free      shared  buff/cache   available
Mem:           14514        4686         356         169        9472        9321
Swap:           2147           3        2144
Total:         16662        4689        2500

               total        used        free      shared  buff/cache   available
Mem:           14514        4759         284         166        9470        9251
Swap:           2147           3        2144
Total:         16662        4762        2429

               total        used        free      shared  buff/cache   available
Mem:           14514        4731         313         166        9470        9279
Swap:           2147           3        2144
Total:         16662        4734        2457

               total        used        free      shared  buff/cache   available
Mem:           14514        4729         311         166        9473        9280
Swap:           2147           3        2144
Total:         16662        4733        2455

               total        used        free      shared  buff/cache   available
Mem:           14514        4786         257         166        9470        9224
Swap:           2147           3        2144
Total:         16662        4789        2401

               total        used        free      shared  buff/cache   available
Mem:           14514        4751         292         166        9469        9258
Swap:           2147           3        2144
Total:         16662        4755        2437

               total        used        free      shared  buff/cache   available
Mem:           14514        4819         224         166        9471        9191
Swap:           2147           3        2144
Total:         16662        4822        2368

               total        used        free      shared  buff/cache   available
Mem:           14514        4773         270         166        9471        9237
Swap:           2147           3        2144
Total:         16662        4776        2414

               total        used        free      shared  buff/cache   available
Mem:           14514        4686         355         166        9472        9323
Swap:           2147           3        2144
Total:         16662        4690        2499

               total        used        free      shared  buff/cache   available
Mem:           14514        4764         278         166        9471        9245
Swap:           2147           3        2144
Total:         16662        4767        2422

               total        used        free      shared  buff/cache   available
Mem:           14514        4720         324         166        9470        9290
Swap:           2147           3        2144
Total:         16662        4723        2468

               total        used        free      shared  buff/cache   available
Mem:           14514        4806         235         166        9472        9203
Swap:           2147           3        2144
Total:         16662        4810        2379

               total        used        free      shared  buff/cache   available
Mem:           14514        4750         292         166        9471        9260
Swap:           2147           3        2144
Total:         16662        4753        2436

               total        used        free      shared  buff/cache   available
Mem:           14514        4708         336         166        9470        9302
Swap:           2147           3        2144
Total:         16662        4711        2480

               total        used        free      shared  buff/cache   available
Mem:           14514        4721         321         166        9471        9288
Swap:           2147           3        2144
Total:         16662        4725        2465

               total        used        free      shared  buff/cache   available
Mem:           14514        4710         333         166        9470        9300
Swap:           2147           3        2144
Total:         16662        4713        2477

               total        used        free      shared  buff/cache   available
Mem:           14514        4758         281         166        9474        9251
Swap:           2147           3        2144
Total:         16662        4762        2425

               total        used        free      shared  buff/cache   available
Mem:           14514        4737         305         166        9471        9273
Swap:           2147           3        2144
Total:         16662        4740        2449

               total        used        free      shared  buff/cache   available
Mem:           14514        4700         343         166        9471        9309
Swap:           2147           3        2144
Total:         16662        4704        2487

               total        used        free      shared  buff/cache   available
Mem:           14514        4735         306         166        9472        9274
Swap:           2147           3        2144
Total:         16662        4739        2450

               total        used        free      shared  buff/cache   available
Mem:           14514        4700         342         166        9471        9309
Swap:           2147           3        2144
Total:         16662        4704        2486

               total        used        free      shared  buff/cache   available
Mem:           14514        4743         296         166        9475        9267
Swap:           2147           3        2144
Total:         16662        4746        2440

               total        used        free      shared  buff/cache   available
Mem:           14514        4752         290         166        9472        9258
Swap:           2147           3        2144
Total:         16662        4755        2434

               total        used        free      shared  buff/cache   available
Mem:           14514        4683         360         166        9471        9327
Swap:           2147           3        2144
Total:         16662        4686        2504

               total        used        free      shared  buff/cache   available
Mem:           14514        4753         288         166        9472        9257
Swap:           2147           3        2144
Total:         16662        4756        2432

               total        used        free      shared  buff/cache   available
Mem:           14514        4716         325         166        9472        9294
Swap:           2147           3        2144
Total:         16662        4719        2469

               total        used        free      shared  buff/cache   available
Mem:           14514        4723         315         166        9475        9287
Swap:           2147           3        2144
Total:         16662        4726        2459

               total        used        free      shared  buff/cache   available
Mem:           14514        4778         260         169        9476        9229
Swap:           2147           3        2144
Total:         16662        4781        2404

               total        used        free      shared  buff/cache   available
Mem:           14514        4721         318         169        9475        9286
Swap:           2147           3        2144
Total:         16662        4724        2462

               total        used        free      shared  buff/cache   available
Mem:           14514        4790         247         169        9476        9216
Swap:           2147           3        2144
Total:         16662        4793        2391

               total        used        free      shared  buff/cache   available
Mem:           14514        4740         300         166        9473        9269
Swap:           2147           3        2144
Total:         16662        4744        2444

               total        used        free      shared  buff/cache   available
Mem:           14514        4736         302         166        9476        9274
Swap:           2147           3        2144
Total:         16662        4739        2446

               total        used        free      shared  buff/cache   available
Mem:           14514        4797         244         166        9473        9213
Swap:           2147           3        2144
Total:         16662        4800        2388

               total        used        free      shared  buff/cache   available
Mem:           14514        4742         299         166        9472        9267
Swap:           2147           3        2144
Total:         16662        4746        2443

               total        used        free      shared  buff/cache   available
Mem:           14514        4778         262         166        9473        9232
Swap:           2147           3        2144
Total:         16662        4781        2406

               total        used        free      shared  buff/cache   available
Mem:           14514        4716         324         166        9473        9293
Swap:           2147           3        2144
Total:         16662        4720        2468

               total        used        free      shared  buff/cache   available
Mem:           14514        4728         309         166        9476        9281
Swap:           2147           3        2144
Total:         16662        4732        2453

               total        used        free      shared  buff/cache   available
Mem:           14514        4743         297         166        9473        9266
Swap:           2147           3        2144
Total:         16662        4747        2441

               total        used        free      shared  buff/cache   available
Mem:           14514        4736         305         166        9473        9274
Swap:           2147           3        2144
Total:         16662        4739        2449

               total        used        free      shared  buff/cache   available
Mem:           14514        4763         276         166        9474        9246
Swap:           2147           3        2144
Total:         16662        4767        2420

               total        used        free      shared  buff/cache   available
Mem:           14514        4685         355         166        9473        9324
Swap:           2147           3        2144
Total:         16662        4689        2499

               total        used        free      shared  buff/cache   available
Mem:           14514        4736         301         166        9476        9274
Swap:           2147           3        2144
Total:         16662        4739        2445

               total        used        free      shared  buff/cache   available
Mem:           14514        4768         271         166        9474        9241
Swap:           2147           3        2144
Total:         16662        4772        2415

               total        used        free      shared  buff/cache   available
Mem:           14514        4698         342         166        9473        9312
Swap:           2147           3        2144
Total:         16662        4701        2487

               total        used        free      shared  buff/cache   available
Mem:           14514        4743         296         166        9475        9267
Swap:           2147           3        2144
Total:         16662        4746        2440

               total        used        free      shared  buff/cache   available
Mem:           14514        4709         331         166        9474        9301
Swap:           2147           3        2144
Total:         16662        4712        2475

               total        used        free      shared  buff/cache   available
Mem:           14514        4752         284         166        9477        9258
Swap:           2147           3        2144
Total:         16662        4755        2428

               total        used        free      shared  buff/cache   available
Mem:           14514        4761         278         166        9474        9248
Swap:           2147           3        2144
Total:         16662        4765        2422

               total        used        free      shared  buff/cache   available
Mem:           14514        4711         328         166        9473        9298
Swap:           2147           3        2144
Total:         16662        4715        2473

               total        used        free      shared  buff/cache   available
Mem:           14514        4739         300         166        9475        9271
Swap:           2147           3        2144
Total:         16662        4742        2444

               total        used        free      shared  buff/cache   available
Mem:           14514        4709         330         166        9474        9300
Swap:           2147           3        2144
Total:         16662        4713        2474

               total        used        free      shared  buff/cache   available
Mem:           14514        4691         345         166        9477        9319
Swap:           2147           3        2144
Total:         16662        4694        2489

               total        used        free      shared  buff/cache   available
Mem:           14514        4732         306         166        9475        9278
Swap:           2147           3        2144
Total:         16662        4735        2451

               total        used        free      shared  buff/cache   available
Mem:           14514        4699         340         166        9474        9311
Swap:           2147           3        2144
Total:         16662        4702        2485

               total        used        free      shared  buff/cache   available
Mem:           14514        4778         260         166        9475        9231
Swap:           2147           3        2144
Total:         16662        4781        2404

               total        used        free      shared  buff/cache   available
Mem:           14514        4714         324         166        9475        9295
Swap:           2147           3        2144
Total:         16662        4717        2469

               total        used        free      shared  buff/cache   available
Mem:           14514        4708         327         166        9478        9301
Swap:           2147           3        2144
Total:         16662        4712        2471

               total        used        free      shared  buff/cache   available
Mem:           14514        4770         266         168        9477        9238
Swap:           2147           3        2144
Total:         16662        4773        2410

               total        used        free      shared  buff/cache   available
Mem:           14514        4706         327         171        9480        9298
Swap:           2147           3        2144
Total:         16662        4710        2471

               total        used        free      shared  buff/cache   available
Mem:           14514        4767         264         171        9481        9236
Swap:           2147           3        2144
Total:         16662        4771        2408

               total        used        free      shared  buff/cache   available
Mem:           14514        4754         272         178        9487        9244
Swap:           2147           3        2144
Total:         16662        4757        2416

               total        used        free      shared  buff/cache   available
Mem:           14514        4741         284         175        9488        9259
Swap:           2147           3        2144
Total:         16662        4745        2428

               total        used        free      shared  buff/cache   available
Mem:           14514        4794         234         175        9485        9207
Swap:           2147           3        2144
Total:         16662        4797        2379

               total        used        free      shared  buff/cache   available
Mem:           14514        4693         336         175        9484        9308
Swap:           2147           3        2144
Total:         16662        4696        2480

               total        used        free      shared  buff/cache   available
Mem:           14514        4789         239         175        9485        9212
Swap:           2147           3        2144
Total:         16662        4792        2383

               total        used        free      shared  buff/cache   available
Mem:           14514        4763         265         175        9485        9237
Swap:           2147           3        2144
Total:         16662        4767        2409

               total        used        free      shared  buff/cache   available
Mem:           14514        4742         283         175        9488        9258
Swap:           2147           3        2144
Total:         16662        4746        2427

               total        used        free      shared  buff/cache   available
Mem:           14514        4796         232         175        9486        9205
Swap:           2147           3        2144
Total:         16662        4799        2376

               total        used        free      shared  buff/cache   available
Mem:           14514        4738         291         175        9484        9263
Swap:           2147           3        2144
Total:         16662        4741        2435

               total        used        free      shared  buff/cache   available
Mem:           14514        4817         210         175        9486        9183
Swap:           2147           3        2144
Total:         16662        4821        2354

               total        used        free      shared  buff/cache   available
Mem:           14514        4805         223         175        9486        9195
Swap:           2147           3        2144
Total:         16662        4808        2367

               total        used        free      shared  buff/cache   available
Mem:           14514        4771         256         173        9486        9231
Swap:           2147           3        2144
Total:         16662        4774        2400

               total        used        free      shared  buff/cache   available
Mem:           14514        4844         184         173        9485        9157
Swap:           2147           3        2144
Total:         16662        4848        2328

               total        used        free      shared  buff/cache   available
Mem:           14514        4740         289         173        9484        9262
Swap:           2147           3        2144
Total:         16662        4743        2433

               total        used        free      shared  buff/cache   available
Mem:           14514        4728         301         173        9484        9274
Swap:           2147           3        2144
Total:         16662        4732        2445

               total        used        free      shared  buff/cache   available
Mem:           14514        4719         310         173        9484        9283
Swap:           2147           3        2144
Total:         16662        4722        2454

               total        used        free      shared  buff/cache   available
Mem:           14514        4656         373         173        9484        9346
Swap:           2147           3        2144
Total:         16662        4659        2517

               total        used        free      shared  buff/cache   available
Mem:           14514        4645         384         173        9484        9357
Swap:           2147           3        2144
Total:         16662        4649        2528

               total        used        free      shared  buff/cache   available
Mem:           14514        4639         390         173        9484        9363
Swap:           2147           3        2144
Total:         16662        4642        2534

               total        used        free      shared  buff/cache   available
Mem:           14514        4632         397         173        9484        9370
Swap:           2147           3        2144
Total:         16662        4635        2541

               total        used        free      shared  buff/cache   available
Mem:           14514        4621         408         173        9484        9381
Swap:           2147           3        2144
Total:         16662        4624        2552

               total        used        free      shared  buff/cache   available
Mem:           14514        4615         414         173        9484        9387
Swap:           2147           3        2144
Total:         16662        4618        2558

               total        used        free      shared  buff/cache   available
Mem:           14514        4607         422         173        9484        9394
Swap:           2147           3        2144
Total:         16662        4611        2566
