RESET
CPU yadrolab-wp11 1745514602 2025/04/24 20:10:02 2101225 100 24 14865225 21015249 1159222 5001622912 156747 0 15886 0 0 78612 100 0 0
SEP
CPU yadrolab-wp11 1745514603 2025/04/24 20:10:03 1 100 24 17 7 4 2368 0 0 0 0 0 75781 100 0 0
SEP
CPU yadrolab-wp11 1745514604 2025/04/24 20:10:04 1 100 24 12 6 0 2375 0 0 0 0 0 76688 100 0 0
SEP
CPU yadrolab-wp11 1745514605 2025/04/24 20:10:05 1 100 24 12 7 2 2374 0 0 0 0 0 74400 100 0 0
SEP
CPU yadrolab-wp11 1745514606 2025/04/24 20:10:06 1 100 24 13 7 1 2375 0 0 0 0 0 76827 100 0 0
SEP
CPU yadrolab-wp11 1745514607 2025/04/24 20:10:07 1 100 24 13 3 1 2378 0 0 0 0 0 74511 100 0 0
SEP
CPU yadrolab-wp11 1745514608 2025/04/24 20:10:08 1 100 24 16 6 3 2375 0 0 0 0 0 77118 100 0 0
SEP
CPU yadrolab-wp11 1745514609 2025/04/24 20:10:09 1 100 24 11 8 1 2376 0 0 0 0 0 77075 100 0 0
SEP
CPU yadrolab-wp11 1745514610 2025/04/24 20:10:10 1 100 24 12 9 2 2374 0 0 0 0 0 76691 100 0 0
SEP
CPU yadrolab-wp11 1745514611 2025/04/24 20:10:11 1 100 24 14 5 1 2375 0 0 0 0 0 76063 100 0 0
SEP
CPU yadrolab-wp11 1745514612 2025/04/24 20:10:12 1 100 24 9 8 1 2377 0 0 0 0 0 73160 100 0 0
SEP
CPU yadrolab-wp11 1745514613 2025/04/24 20:10:13 1 100 24 72 309 4 2004 4 0 0 0 0 76938 100 0 0
SEP
CPU yadrolab-wp11 1745514614 2025/04/24 20:10:14 1 100 24 55 496 2 1820 3 0 0 0 0 77762 100 0 0
SEP
CPU yadrolab-wp11 1745514615 2025/04/24 20:10:15 1 100 24 67 294 2 2019 4 0 0 0 0 77791 100 0 0
SEP
CPU yadrolab-wp11 1745514616 2025/04/24 20:10:16 1 100 24 64 321 2 2012 3 0 0 0 0 79539 100 0 0
SEP
CPU yadrolab-wp11 1745514617 2025/04/24 20:10:17 1 100 24 78 340 4 1943 2 0 0 0 0 53803 100 0 0
SEP
CPU yadrolab-wp11 1745514618 2025/04/24 20:10:18 1 100 24 46 478 2 1858 2 0 0 0 0 78321 100 0 0
SEP
CPU yadrolab-wp11 1745514619 2025/04/24 20:10:19 1 100 24 68 314 4 2004 2 0 0 0 0 77013 100 0 0
SEP
CPU yadrolab-wp11 1745514620 2025/04/24 20:10:20 1 100 24 80 319 4 1980 2 0 0 0 0 76897 100 0 0
SEP
CPU yadrolab-wp11 1745514621 2025/04/24 20:10:21 1 100 24 48 435 1 1904 2 0 0 0 0 94174 100 0 0
SEP
CPU yadrolab-wp11 1745514622 2025/04/24 20:10:22 1 100 24 50 341 3 1994 2 0 0 0 0 79441 100 0 0
SEP
CPU yadrolab-wp11 1745514623 2025/04/24 20:10:23 1 100 24 74 343 4 1983 3 0 0 0 0 75807 100 0 0
SEP
CPU yadrolab-wp11 1745514624 2025/04/24 20:10:24 1 100 24 85 417 2 1864 2 0 0 0 0 107745 100 0 0
SEP
CPU yadrolab-wp11 1745514625 2025/04/24 20:10:25 1 100 24 78 417 3 1891 1 0 0 0 0 77848 100 0 0
SEP
CPU yadrolab-wp11 1745514626 2025/04/24 20:10:26 1 100 24 56 301 2 2029 2 0 0 0 0 74701 100 0 0
SEP
CPU yadrolab-wp11 1745514627 2025/04/24 20:10:27 1 100 24 92 344 2 1942 4 0 0 0 0 75537 100 0 0
SEP
CPU yadrolab-wp11 1745514628 2025/04/24 20:10:28 1 100 24 78 310 2 1987 10 0 0 0 0 75591 100 0 0
SEP
CPU yadrolab-wp11 1745514629 2025/04/24 20:10:29 1 100 24 75 518 3 1785 9 0 0 0 0 77451 100 0 0
SEP
CPU yadrolab-wp11 1745514630 2025/04/24 20:10:30 1 100 24 68 307 8 1992 6 0 1 0 0 79254 100 0 0
SEP
CPU yadrolab-wp11 1745514631 2025/04/24 20:10:31 1 100 24 57 293 4 2021 8 0 0 0 0 77046 100 0 0
SEP
CPU yadrolab-wp11 1745514632 2025/04/24 20:10:32 1 100 24 102 372 5 1863 18 0 0 0 0 74246 100 0 0
SEP
CPU yadrolab-wp11 1745514633 2025/04/24 20:10:33 1 100 24 74 319 4 1985 8 0 0 0 0 75216 100 0 0
SEP
CPU yadrolab-wp11 1745514634 2025/04/24 20:10:34 1 100 24 56 518 4 1803 7 0 0 0 0 80538 100 0 0
SEP
CPU yadrolab-wp11 1745514635 2025/04/24 20:10:35 1 100 24 80 319 2 1979 14 0 0 0 0 79609 100 0 0
SEP
CPU yadrolab-wp11 1745514636 2025/04/24 20:10:36 1 100 24 93 324 2 1956 9 0 0 0 0 77151 100 0 0
SEP
CPU yadrolab-wp11 1745514637 2025/04/24 20:10:37 1 100 24 75 321 20 1951 11 0 0 0 0 77353 100 0 0
SEP
CPU yadrolab-wp11 1745514638 2025/04/24 20:10:38 1 100 24 92 357 3 1922 9 0 0 0 0 76920 100 0 0
SEP
CPU yadrolab-wp11 1745514639 2025/04/24 20:10:39 1 100 24 67 440 2 1853 11 0 0 0 0 107819 100 0 0
SEP
CPU yadrolab-wp11 1745514640 2025/04/24 20:10:40 1 100 24 72 378 3 1939 6 0 0 0 0 78296 100 0 0
SEP
CPU yadrolab-wp11 1745514641 2025/04/24 20:10:41 1 100 24 79 313 2 1995 2 0 0 0 0 79076 100 0 0
SEP
CPU yadrolab-wp11 1745514642 2025/04/24 20:10:42 1 100 24 94 346 3 1922 4 0 0 0 0 77283 100 0 0
SEP
CPU yadrolab-wp11 1745514643 2025/04/24 20:10:43 1 100 24 63 505 4 1808 2 0 0 0 0 80946 100 0 0
SEP
CPU yadrolab-wp11 1745514644 2025/04/24 20:10:44 1 100 24 53 296 3 2035 2 0 0 0 0 78870 100 0 0
SEP
CPU yadrolab-wp11 1745514645 2025/04/24 20:10:45 1 100 24 103 346 4 1935 3 0 0 0 0 76780 100 0 0
SEP
CPU yadrolab-wp11 1745514646 2025/04/24 20:10:46 1 100 24 70 354 3 1960 1 0 0 0 0 107930 100 0 0
SEP
CPU yadrolab-wp11 1745514647 2025/04/24 20:10:47 1 100 24 52 444 3 1882 2 0 0 0 0 78361 100 0 0
SEP
CPU yadrolab-wp11 1745514648 2025/04/24 20:10:48 1 100 24 51 288 1 2038 2 0 0 0 0 77546 100 0 0
SEP
CPU yadrolab-wp11 1745514649 2025/04/24 20:10:49 1 100 24 81 338 2 1959 3 0 0 0 0 77151 100 0 0
SEP
CPU yadrolab-wp11 1745514650 2025/04/24 20:10:50 1 100 24 45 443 2 1889 1 0 0 0 0 81232 100 0 0
SEP
CPU yadrolab-wp11 1745514651 2025/04/24 20:10:51 1 100 24 61 365 5 1935 2 0 0 0 0 77488 100 0 0
SEP
CPU yadrolab-wp11 1745514652 2025/04/24 20:10:52 1 100 24 66 308 3 2019 2 0 0 0 0 77707 100 0 0
SEP
CPU yadrolab-wp11 1745514653 2025/04/24 20:10:53 1 100 24 90 322 6 1961 6 0 0 0 0 76791 100 0 0
SEP
CPU yadrolab-wp11 1745514654 2025/04/24 20:10:54 1 100 24 62 482 4 1834 2 0 0 0 0 78679 100 0 0
SEP
CPU yadrolab-wp11 1745514655 2025/04/24 20:10:55 1 100 24 62 301 3 1999 2 0 0 0 0 74845 100 0 0
SEP
CPU yadrolab-wp11 1745514656 2025/04/24 20:10:56 1 100 24 82 329 3 1982 3 0 0 0 0 77440 100 0 0
SEP
CPU yadrolab-wp11 1745514657 2025/04/24 20:10:57 1 100 24 58 444 2 1877 3 0 0 0 0 104219 100 0 0
SEP
CPU yadrolab-wp11 1745514658 2025/04/24 20:10:58 1 100 24 70 359 2 1962 2 0 0 0 0 77981 100 0 0
SEP
CPU yadrolab-wp11 1745514659 2025/04/24 20:10:59 1 100 24 72 322 2 1994 3 0 0 0 0 78764 100 0 0
SEP
CPU yadrolab-wp11 1745514660 2025/04/24 20:11:00 1 100 24 66 313 8 2000 2 0 0 0 0 70662 100 0 0
SEP
CPU yadrolab-wp11 1745514661 2025/04/24 20:11:01 1 100 24 71 343 3 1963 3 0 0 0 0 76363 100 0 0
SEP
CPU yadrolab-wp11 1745514662 2025/04/24 20:11:02 1 100 24 59 512 3 1821 2 0 0 0 0 80602 100 0 0
SEP
CPU yadrolab-wp11 1745514663 2025/04/24 20:11:03 1 100 24 62 289 3 2036 2 0 0 0 0 78094 100 0 0
SEP
CPU yadrolab-wp11 1745514664 2025/04/24 20:11:04 1 100 24 88 349 6 1938 3 0 0 0 0 65283 100 0 0
SEP
CPU yadrolab-wp11 1745514665 2025/04/24 20:11:05 1 100 24 82 309 3 1967 2 0 0 0 0 76652 100 0 0
SEP
CPU yadrolab-wp11 1745514666 2025/04/24 20:11:06 1 100 24 55 496 1 1830 1 0 0 0 0 78134 100 0 0
SEP
CPU yadrolab-wp11 1745514667 2025/04/24 20:11:07 1 100 24 52 302 3 2021 3 0 0 0 0 77056 100 0 0
SEP
CPU yadrolab-wp11 1745514668 2025/04/24 20:11:08 1 100 24 70 335 3 1982 2 0 0 0 0 77592 100 0 0
SEP
CPU yadrolab-wp11 1745514669 2025/04/24 20:11:09 1 100 24 73 335 5 1971 2 0 0 0 0 75941 100 0 0
SEP
CPU yadrolab-wp11 1745514670 2025/04/24 20:11:10 1 100 24 58 496 1 1843 2 0 1 0 0 78537 100 0 0
SEP
CPU yadrolab-wp11 1745514671 2025/04/24 20:11:11 1 100 24 51 293 1 2037 2 0 0 0 0 74779 100 0 0
SEP
CPU yadrolab-wp11 1745514672 2025/04/24 20:11:12 1 100 24 111 360 4 1909 4 0 0 0 0 76396 100 0 0
SEP
CPU yadrolab-wp11 1745514673 2025/04/24 20:11:13 1 100 24 66 527 6 1788 1 0 0 0 0 78153 100 0 0
SEP
CPU yadrolab-wp11 1745514674 2025/04/24 20:11:14 1 100 24 66 302 2 2021 2 0 0 0 0 80478 100 0 0
SEP
CPU yadrolab-wp11 1745514675 2025/04/24 20:11:15 1 100 24 68 312 4 1987 3 0 0 0 0 75897 100 0 0
SEP
CPU yadrolab-wp11 1745514676 2025/04/24 20:11:16 1 100 24 66 355 3 1959 2 0 0 0 0 107939 100 0 0
SEP
CPU yadrolab-wp11 1745514677 2025/04/24 20:11:17 1 100 24 57 470 2 1862 2 0 0 0 0 78130 100 0 0
SEP
CPU yadrolab-wp11 1745514678 2025/04/24 20:11:18 1 100 24 72 309 3 2013 1 0 0 0 0 76915 100 0 0
SEP
CPU yadrolab-wp11 1745514679 2025/04/24 20:11:19 1 100 24 82 309 2 1973 3 0 0 0 0 77971 100 0 0
SEP
CPU yadrolab-wp11 1745514680 2025/04/24 20:11:20 1 100 24 65 348 3 1962 2 0 0 0 0 107820 100 0 0
SEP
CPU yadrolab-wp11 1745514681 2025/04/24 20:11:21 1 100 24 53 445 3 1890 2 0 0 0 0 78780 100 0 0
SEP
CPU yadrolab-wp11 1745514682 2025/04/24 20:11:22 1 100 24 45 281 1 2045 2 0 0 0 0 78431 100 0 0
SEP
CPU yadrolab-wp11 1745514683 2025/04/24 20:11:23 1 100 24 83 333 4 1960 3 0 0 0 0 77078 100 0 0
SEP
CPU yadrolab-wp11 1745514684 2025/04/24 20:11:24 1 100 24 56 508 2 1817 2 0 0 0 0 77680 100 0 0
SEP
CPU yadrolab-wp11 1745514685 2025/04/24 20:11:25 1 100 24 68 313 2 2018 2 0 0 0 0 78096 100 0 0
SEP
CPU yadrolab-wp11 1745514686 2025/04/24 20:11:26 1 100 24 69 317 3 1993 3 0 0 0 0 77540 100 0 0
SEP
CPU yadrolab-wp11 1745514687 2025/04/24 20:11:27 1 100 24 98 355 3 1931 2 0 0 0 0 77832 100 0 0
SEP
CPU yadrolab-wp11 1745514688 2025/04/24 20:11:28 1 100 24 69 455 4 1872 2 0 0 0 0 105767 100 0 0
SEP
CPU yadrolab-wp11 1745514689 2025/04/24 20:11:29 1 100 24 62 384 3 1924 2 0 0 0 0 76791 100 0 0
SEP
CPU yadrolab-wp11 1745514690 2025/04/24 20:11:30 1 100 24 67 319 6 1994 3 0 0 0 0 77214 100 0 0
SEP
CPU yadrolab-wp11 1745514691 2025/04/24 20:11:31 1 100 24 69 327 4 1984 2 0 0 0 0 81389 100 0 0
SEP
CPU yadrolab-wp11 1745514692 2025/04/24 20:11:32 1 100 24 73 300 1 2007 2 0 0 0 0 77469 100 0 0
SEP
CPU yadrolab-wp11 1745514693 2025/04/24 20:11:33 1 100 24 12 9 2 2374 0 0 0 0 0 76537 100 0 0
SEP
CPU yadrolab-wp11 1745514694 2025/04/24 20:11:34 1 100 24 15 7 2 2375 0 0 0 0 0 76163 100 0 0
SEP
CPU yadrolab-wp11 1745514695 2025/04/24 20:11:35 1 100 24 10 6 1 2377 0 0 0 0 0 77410 100 0 0
SEP
CPU yadrolab-wp11 1745514696 2025/04/24 20:11:36 1 100 24 34 15 0 2342 0 0 0 0 0 77311 100 0 0
SEP
CPU yadrolab-wp11 1745514697 2025/04/24 20:11:37 1 100 24 18 7 19 2351 0 0 0 0 0 76482 100 0 0
SEP
CPU yadrolab-wp11 1745514698 2025/04/24 20:11:38 1 100 24 17 8 1 2371 0 0 0 0 0 75755 100 0 0
SEP
CPU yadrolab-wp11 1745514699 2025/04/24 20:11:39 1 100 24 17 6 2 2371 0 0 0 0 0 75594 100 0 0
SEP
CPU yadrolab-wp11 1745514700 2025/04/24 20:11:40 1 100 24 16 6 3 2370 0 0 0 0 0 76023 100 0 0
SEP
CPU yadrolab-wp11 1745514701 2025/04/24 20:11:41 1 100 24 21 5 93 2284 0 0 0 0 0 78278 100 0 0
SEP
