779 
784 
832 
786 
795 
756 
804 
812 
756 
783 
765 
780 
750 
746 
769 
781 
789 
743 
750 
857 
920 
861 
855 
796 
783 
833 
870 
813 
872 
904 
824 
859 
763 
866 
767 
791 
776 
812 
756 
772 
751 
784 
840 
801 
730 
823 
772 
807 
816 
778 
782 
750 
766 
807 
760 
777 
806 
875 
832 
775 
775 
775 
776 
768 
823 
834 
806 
799 
780 
829 
786 
818 
744 
759 
777 
777 
812 
729 
772 
779 
814 
818 
806 
798 
774 
809 
791 
758 
756 
747 
864 
768 
830 
801 
779 
867 
825 
841 
827 
796 
