              total        used        free      shared  buff/cache   available
Mem:          33447        3845         922         167       28679       28950
Swap:          2147         438        1708
Total:        35595        4283        2631

              total        used        free      shared  buff/cache   available
Mem:          33447        3849         917         167       28680       28945
Swap:          2147         438        1708
Total:        35595        4288        2626

              total        used        free      shared  buff/cache   available
Mem:          33447        3850         919         164       28676       28947
Swap:          2147         438        1708
Total:        35595        4289        2628

              total        used        free      shared  buff/cache   available
Mem:          33447        3851         918         164       28676       28946
Swap:          2147         438        1708
Total:        35595        4290        2627

              total        used        free      shared  buff/cache   available
Mem:          33447        3851         919         164       28676       28947
Swap:          2147         438        1708
Total:        35595        4289        2628

              total        used        free      shared  buff/cache   available
Mem:          33447        3849         920         164       28676       28948
Swap:          2147         438        1708
Total:        35595        4288        2629

              total        used        free      shared  buff/cache   available
Mem:          33447        3849         921         164       28676       28949
Swap:          2147         438        1708
Total:        35595        4287        2630

              total        used        free      shared  buff/cache   available
Mem:          33447        3848         921         164       28676       28950
Swap:          2147         438        1708
Total:        35595        4287        2630

              total        used        free      shared  buff/cache   available
Mem:          33447        3849         920         164       28676       28948
Swap:          2147         438        1708
Total:        35595        4288        2629

              total        used        free      shared  buff/cache   available
Mem:          33447        3849         921         164       28676       28949
Swap:          2147         438        1708
Total:        35595        4288        2629

              total        used        free      shared  buff/cache   available
Mem:          33447        3847         922         164       28677       28950
Swap:          2147         438        1708
Total:        35595        4286        2631

              total        used        free      shared  buff/cache   available
Mem:          33447        3960         809         164       28677       28838
Swap:          2147         438        1708
Total:        35595        4399        2518

              total        used        free      shared  buff/cache   available
Mem:          33447        3995         773         164       28678       28802
Swap:          2147         438        1708
Total:        35595        4434        2482

              total        used        free      shared  buff/cache   available
Mem:          33447        3973         792         164       28681       28824
Swap:          2147         438        1708
Total:        35595        4412        2501

              total        used        free      shared  buff/cache   available
Mem:          33447        3943         824         164       28679       28855
Swap:          2147         438        1708
Total:        35595        4381        2533

              total        used        free      shared  buff/cache   available
Mem:          33447        3961         807         164       28678       28837
Swap:          2147         438        1708
Total:        35595        4399        2516

              total        used        free      shared  buff/cache   available
Mem:          33447        4008         759         164       28679       28790
Swap:          2147         438        1708
Total:        35595        4446        2468

              total        used        free      shared  buff/cache   available
Mem:          33447        3957         808         164       28681       28841
Swap:          2147         438        1708
Total:        35595        4395        2517

              total        used        free      shared  buff/cache   available
Mem:          33447        3974         794         164       28678       28823
Swap:          2147         438        1708
Total:        35595        4413        2502

              total        used        free      shared  buff/cache   available
Mem:          33447        3973         794         164       28679       28824
Swap:          2147         438        1708
Total:        35595        4411        2503

              total        used        free      shared  buff/cache   available
Mem:          33447        4031         734         164       28681       28766
Swap:          2147         438        1708
Total:        35595        4469        2443

              total        used        free      shared  buff/cache   available
Mem:          33447        3947         820         164       28679       28851
Swap:          2147         438        1708
Total:        35595        4386        2529

              total        used        free      shared  buff/cache   available
Mem:          33447        3970         797         164       28679       28828
Swap:          2147         438        1708
Total:        35595        4408        2506

              total        used        free      shared  buff/cache   available
Mem:          33447        4019         747         164       28680       28778
Swap:          2147         438        1708
Total:        35595        4458        2456

              total        used        free      shared  buff/cache   available
Mem:          33447        3961         806         162       28680       28839
Swap:          2147         438        1708
Total:        35595        4399        2515

              total        used        free      shared  buff/cache   available
Mem:          33447        3979         791         162       28676       28821
Swap:          2147         438        1708
Total:        35595        4417        2500

              total        used        free      shared  buff/cache   available
Mem:          33447        3972         798         162       28676       28828
Swap:          2147         438        1708
Total:        35595        4410        2507

              total        used        free      shared  buff/cache   available
Mem:          33447        4006         762         162       28678       28794
Swap:          2147         438        1708
Total:        35595        4445        2471

              total        used        free      shared  buff/cache   available
Mem:          33447        4009         755         165       28682       28788
Swap:          2147         438        1708
Total:        35595        4447        2464

              total        used        free      shared  buff/cache   available
Mem:          33447        3957         805         165       28684       28839
Swap:          2147         438        1708
Total:        35595        4396        2514

              total        used        free      shared  buff/cache   available
Mem:          33447        3979         786         165       28681       28818
Swap:          2147         438        1708
Total:        35595        4417        2495

              total        used        free      shared  buff/cache   available
Mem:          33447        3960         805         165       28681       28837
Swap:          2147         438        1708
Total:        35595        4398        2514

              total        used        free      shared  buff/cache   available
Mem:          33447        4010         757         162       28679       28790
Swap:          2147         438        1708
Total:        35595        4449        2466

              total        used        free      shared  buff/cache   available
Mem:          33447        4027         739         162       28679       28773
Swap:          2147         438        1708
Total:        35595        4466        2448

              total        used        free      shared  buff/cache   available
Mem:          33447        3956         808         162       28682       28843
Swap:          2147         438        1708
Total:        35595        4395        2517

              total        used        free      shared  buff/cache   available
Mem:          33447        3969         795         162       28682       28831
Swap:          2147         438        1708
Total:        35595        4407        2504

              total        used        free      shared  buff/cache   available
Mem:          33447        3979         788         162       28679       28821
Swap:          2147         438        1708
Total:        35595        4418        2497

              total        used        free      shared  buff/cache   available
Mem:          33447        3989         777         162       28680       28811
Swap:          2147         438        1708
Total:        35595        4428        2486

              total        used        free      shared  buff/cache   available
Mem:          33447        4023         743         162       28680       28777
Swap:          2147         438        1708
Total:        35595        4462        2452

              total        used        free      shared  buff/cache   available
Mem:          33447        3968         795         162       28683       28832
Swap:          2147         438        1708
Total:        35595        4407        2504

              total        used        free      shared  buff/cache   available
Mem:          33447        3985         782         162       28680       28815
Swap:          2147         438        1708
Total:        35595        4423        2491

              total        used        free      shared  buff/cache   available
Mem:          33447        4003         763         162       28680       28797
Swap:          2147         438        1708
Total:        35595        4441        2472

              total        used        free      shared  buff/cache   available
Mem:          33447        3995         767         162       28683       28805
Swap:          2147         438        1708
Total:        35595        4434        2476

              total        used        free      shared  buff/cache   available
Mem:          33447        3967         798         162       28681       28833
Swap:          2147         438        1708
Total:        35595        4406        2507

              total        used        free      shared  buff/cache   available
Mem:          33447        3983         782         162       28681       28816
Swap:          2147         438        1708
Total:        35595        4422        2491

              total        used        free      shared  buff/cache   available
Mem:          33447        4030         734         162       28682       28770
Swap:          2147         438        1708
Total:        35595        4468        2443

              total        used        free      shared  buff/cache   available
Mem:          33447        3974         788         162       28684       28826
Swap:          2147         438        1708
Total:        35595        4412        2497

              total        used        free      shared  buff/cache   available
Mem:          33447        3990         774         162       28682       28810
Swap:          2147         438        1708
Total:        35595        4429        2483

              total        used        free      shared  buff/cache   available
Mem:          33447        3987         776         162       28683       28813
Swap:          2147         438        1708
Total:        35595        4426        2485

              total        used        free      shared  buff/cache   available
Mem:          33447        4024         739         162       28683       28776
Swap:          2147         438        1708
Total:        35595        4463        2448

              total        used        free      shared  buff/cache   available
Mem:          33447        3962         800         161       28684       28838
Swap:          2147         438        1708
Total:        35595        4401        2509

              total        used        free      shared  buff/cache   available
Mem:          33447        3981         784         161       28681       28820
Swap:          2147         438        1708
Total:        35595        4419        2493

              total        used        free      shared  buff/cache   available
Mem:          33447        4015         750         161       28681       28786
Swap:          2147         438        1708
Total:        35595        4453        2459

              total        used        free      shared  buff/cache   available
Mem:          33447        3970         793         161       28684       28831
Swap:          2147         438        1708
Total:        35595        4408        2501

              total        used        free      shared  buff/cache   available
Mem:          33447        3970         794         161       28682       28831
Swap:          2147         438        1708
Total:        35595        4409        2503

              total        used        free      shared  buff/cache   available
Mem:          33447        3976         787         161       28682       28825
Swap:          2147         438        1708
Total:        35595        4415        2496

              total        used        free      shared  buff/cache   available
Mem:          33447        4000         765         161       28682       28801
Swap:          2147         438        1708
Total:        35595        4438        2474

              total        used        free      shared  buff/cache   available
Mem:          33447        3980         781         161       28685       28821
Swap:          2147         438        1708
Total:        35595        4419        2490

              total        used        free      shared  buff/cache   available
Mem:          33447        3959         800         164       28688       28838
Swap:          2147         438        1708
Total:        35595        4397        2509

              total        used        free      shared  buff/cache   available
Mem:          33447        3952         809         164       28685       28846
Swap:          2147         438        1708
Total:        35595        4391        2518

              total        used        free      shared  buff/cache   available
Mem:          33447        4008         752         164       28686       28789
Swap:          2147         438        1708
Total:        35595        4447        2461

              total        used        free      shared  buff/cache   available
Mem:          33447        3948         809         164       28689       28849
Swap:          2147         438        1708
Total:        35595        4387        2518

              total        used        free      shared  buff/cache   available
Mem:          33447        3950         813         161       28683       28851
Swap:          2147         438        1708
Total:        35595        4388        2522

              total        used        free      shared  buff/cache   available
Mem:          33447        3948         815         161       28683       28853
Swap:          2147         438        1708
Total:        35595        4387        2524

              total        used        free      shared  buff/cache   available
Mem:          33447        3997         765         161       28683       28803
Swap:          2147         438        1708
Total:        35595        4436        2474

              total        used        free      shared  buff/cache   available
Mem:          33447        3950         810         161       28686       28850
Swap:          2147         438        1708
Total:        35595        4389        2519

              total        used        free      shared  buff/cache   available
Mem:          33447        3952         811         161       28683       28849
Swap:          2147         438        1708
Total:        35595        4390        2520

              total        used        free      shared  buff/cache   available
Mem:          33447        3959         804         161       28683       28842
Swap:          2147         438        1708
Total:        35595        4398        2513

              total        used        free      shared  buff/cache   available
Mem:          33447        4012         749         161       28684       28788
Swap:          2147         438        1708
Total:        35595        4451        2458

              total        used        free      shared  buff/cache   available
Mem:          33447        3954         805         161       28687       28846
Swap:          2147         438        1708
Total:        35595        4393        2514

              total        used        free      shared  buff/cache   available
Mem:          33447        3977         785         161       28684       28823
Swap:          2147         438        1708
Total:        35595        4416        2494

              total        used        free      shared  buff/cache   available
Mem:          33447        3980         781         161       28685       28821
Swap:          2147         438        1708
Total:        35595        4419        2490

              total        used        free      shared  buff/cache   available
Mem:          33447        4044         715         161       28687       28756
Swap:          2147         438        1708
Total:        35595        4483        2424

              total        used        free      shared  buff/cache   available
Mem:          33447        3858         906         159       28682       28946
Swap:          2147         438        1708
Total:        35595        4296        2615

              total        used        free      shared  buff/cache   available
Mem:          33447        3868         899         156       28679       28938
Swap:          2147         438        1708
Total:        35595        4306        2608

              total        used        free      shared  buff/cache   available
Mem:          33447        3921         845         156       28681       28885
Swap:          2147         438        1708
Total:        35595        4359        2554

              total        used        free      shared  buff/cache   available
Mem:          33447        3851         912         156       28683       28955
Swap:          2147         438        1708
Total:        35595        4290        2621

              total        used        free      shared  buff/cache   available
Mem:          33447        3851         915         156       28681       28956
Swap:          2147         438        1708
Total:        35595        4289        2623

              total        used        free      shared  buff/cache   available
Mem:          33447        3867         899         156       28680       28939
Swap:          2147         438        1708
Total:        35595        4306        2608

              total        used        free      shared  buff/cache   available
Mem:          33447        3918         848         156       28681       28889
Swap:          2147         438        1708
Total:        35595        4356        2557

              total        used        free      shared  buff/cache   available
Mem:          33447        3849         914         156       28683       28958
Swap:          2147         438        1708
Total:        35595        4287        2623

              total        used        free      shared  buff/cache   available
Mem:          33447        3875         890         156       28681       28930
Swap:          2147         438        1708
Total:        35595        4314        2599

              total        used        free      shared  buff/cache   available
Mem:          33447        3874         890         156       28681       28932
Swap:          2147         438        1708
Total:        35595        4313        2599

              total        used        free      shared  buff/cache   available
Mem:          33447        3932         832         156       28682       28874
Swap:          2147         438        1708
Total:        35595        4371        2541

              total        used        free      shared  buff/cache   available
Mem:          33447        3856         906         156       28684       28949
Swap:          2147         438        1708
Total:        35595        4295        2615

              total        used        free      shared  buff/cache   available
Mem:          33447        3874         891         156       28681       28932
Swap:          2147         438        1708
Total:        35595        4312        2600

              total        used        free      shared  buff/cache   available
Mem:          33447        3867         898         156       28681       28939
Swap:          2147         438        1708
Total:        35595        4306        2607

              total        used        free      shared  buff/cache   available
Mem:          33447        3912         852         156       28682       28894
Swap:          2147         438        1708
Total:        35595        4350        2561

              total        used        free      shared  buff/cache   available
Mem:          33447        3860         899         159       28687       28942
Swap:          2147         438        1708
Total:        35595        4299        2607

              total        used        free      shared  buff/cache   available
Mem:          33447        3854         905         159       28688       28949
Swap:          2147         438        1708
Total:        35595        4292        2614

              total        used        free      shared  buff/cache   available
Mem:          33447        3852         909         159       28685       28951
Swap:          2147         438        1708
Total:        35595        4291        2618

              total        used        free      shared  buff/cache   available
Mem:          33447        3854         907         159       28685       28949
Swap:          2147         438        1708
Total:        35595        4293        2616

              total        used        free      shared  buff/cache   available
Mem:          33447        3856         909         156       28682       28950
Swap:          2147         438        1708
Total:        35595        4294        2618

              total        used        free      shared  buff/cache   available
Mem:          33447        3856         908         156       28682       28950
Swap:          2147         438        1708
Total:        35595        4295        2617

              total        used        free      shared  buff/cache   available
Mem:          33447        3749        1015         156       28682       29057
Swap:          2147         438        1708
Total:        35595        4188        2724

              total        used        free      shared  buff/cache   available
Mem:          33447        3778         984         158       28684       29025
Swap:          2147         438        1708
Total:        35595        4217        2693

              total        used        free      shared  buff/cache   available
Mem:          33447        3776         986         158       28684       29027
Swap:          2147         438        1708
Total:        35595        4215        2695

              total        used        free      shared  buff/cache   available
Mem:          33447        3771         988         161       28687       29029
Swap:          2147         438        1708
Total:        35595        4209        2697

              total        used        free      shared  buff/cache   available
Mem:          33447        3775         982         163       28689       29024
Swap:          2147         438        1708
Total:        35595        4213        2691

              total        used        free      shared  buff/cache   available
Mem:          33447        3873         886         161       28687       28928
Swap:          2147         438        1708
Total:        35595        4311        2595
