RESET
CPU laptop 1745512288 2025/04/24 19:31:28 633858 100 12 2935849 5805179 69255 150550000 229985 0 74728 0 0 41199 100 0 0
SEP
CPU laptop 1745512289 2025/04/24 19:31:29 1 100 12 75 29 0 1091 2 0 0 0 0 20612 100 0 0
SEP
CPU laptop 1745512290 2025/04/24 19:31:30 1 100 12 71 18 0 1107 0 0 1 0 0 19486 100 0 0
SEP
CPU laptop 1745512291 2025/04/24 19:31:31 1 100 12 74 16 0 1108 1 0 0 0 0 19790 100 0 0
SEP
CPU laptop 1745512292 2025/04/24 19:31:32 1 100 12 77 16 0 1104 1 0 0 0 0 19729 100 0 0
SEP
CPU laptop 1745512293 2025/04/24 19:31:33 1 100 12 71 16 0 1110 1 0 0 0 0 21091 100 0 0
SEP
CPU laptop 1745512294 2025/04/24 19:31:34 1 100 12 69 18 0 1109 1 0 0 0 0 20369 100 0 0
SEP
CPU laptop 1745512295 2025/04/24 19:31:35 1 100 12 69 15 0 1112 0 0 0 0 0 19552 100 0 0
SEP
CPU laptop 1745512296 2025/04/24 19:31:36 1 100 12 75 55 0 1068 1 0 0 0 0 19682 100 0 0
SEP
CPU laptop 1745512297 2025/04/24 19:31:37 1 100 12 74 19 0 1102 1 0 0 0 0 19366 100 0 0
SEP
CPU laptop 1745512298 2025/04/24 19:31:38 1 100 12 71 18 0 1107 1 0 0 0 0 19760 100 0 0
SEP
CPU laptop 1745512299 2025/04/24 19:31:39 1 100 12 137 236 1 807 10 0 1 0 0 27740 100 0 0
SEP
CPU laptop 1745512300 2025/04/24 19:31:40 1 100 12 154 95 1 918 18 0 0 0 0 41064 100 0 0
SEP
CPU laptop 1745512301 2025/04/24 19:31:41 1 100 12 111 203 0 879 2 0 1 0 0 26967 100 0 0
SEP
CPU laptop 1745512302 2025/04/24 19:31:42 1 100 12 149 224 1 794 19 0 1 0 0 47816 100 0 0
SEP
CPU laptop 1745512303 2025/04/24 19:31:43 1 100 12 107 93 0 985 3 0 1 0 0 23445 100 0 0
SEP
CPU laptop 1745512304 2025/04/24 19:31:44 1 100 12 129 242 0 799 16 0 1 0 0 25943 100 0 0
SEP
CPU laptop 1745512305 2025/04/24 19:31:45 1 100 12 144 98 1 926 17 0 1 0 0 23827 100 0 0
SEP
CPU laptop 1745512306 2025/04/24 19:31:46 1 100 12 122 206 0 864 1 0 0 0 0 24108 100 0 0
SEP
CPU laptop 1745512307 2025/04/24 19:31:47 1 100 12 149 227 0 786 20 0 1 0 0 45917 100 0 0
SEP
CPU laptop 1745512308 2025/04/24 19:31:48 1 100 12 117 93 1 972 7 0 1 0 0 30160 100 0 0
SEP
CPU laptop 1745512309 2025/04/24 19:31:49 1 100 12 127 232 0 815 10 0 1 0 0 24131 100 0 0
SEP
CPU laptop 1745512310 2025/04/24 19:31:50 1 100 12 147 95 1 922 18 0 1 0 0 32339 100 0 0
SEP
CPU laptop 1745512311 2025/04/24 19:31:51 1 100 12 108 203 0 885 1 0 1 0 0 27422 100 0 0
SEP
CPU laptop 1745512312 2025/04/24 19:31:52 1 100 12 145 219 0 795 19 0 1 0 0 30373 100 0 0
SEP
CPU laptop 1745512313 2025/04/24 19:31:53 1 100 12 114 92 1 976 7 0 1 0 0 30139 100 0 0
SEP
CPU laptop 1745512314 2025/04/24 19:31:54 1 100 12 123 225 0 834 11 0 0 0 0 27890 100 0 0
SEP
CPU laptop 1745512315 2025/04/24 19:31:55 1 100 12 148 91 1 919 21 0 1 0 0 41225 100 0 0
SEP
CPU laptop 1745512316 2025/04/24 19:31:56 1 100 12 105 210 0 882 0 0 0 0 0 26801 100 0 0
SEP
CPU laptop 1745512317 2025/04/24 19:31:57 1 100 12 142 219 0 803 18 0 0 0 0 29389 100 0 0
SEP
CPU laptop 1745512318 2025/04/24 19:31:58 1 100 12 118 85 1 978 7 0 2 0 0 33562 100 0 0
SEP
CPU laptop 1745512319 2025/04/24 19:31:59 1 100 12 124 232 0 822 11 0 0 0 0 23635 100 0 0
SEP
CPU laptop 1745512320 2025/04/24 19:32:00 1 100 12 145 88 1 927 19 0 1 0 0 29199 100 0 0
SEP
CPU laptop 1745512321 2025/04/24 19:32:01 1 100 12 107 210 0 880 1 0 1 0 0 26463 100 0 0
SEP
CPU laptop 1745512322 2025/04/24 19:32:02 1 100 12 138 235 1 789 20 0 1 0 0 24418 100 0 0
SEP
CPU laptop 1745512323 2025/04/24 19:32:03 1 100 12 133 103 0 938 13 0 0 0 0 47878 100 0 0
SEP
CPU laptop 1745512324 2025/04/24 19:32:04 1 100 12 109 216 0 862 4 0 0 0 0 23804 100 0 0
SEP
CPU laptop 1745512325 2025/04/24 19:32:05 1 100 12 142 101 2 918 19 0 2 0 0 32709 100 0 0
SEP
CPU laptop 1745512326 2025/04/24 19:32:06 1 100 12 109 204 0 881 1 0 0 0 0 28659 100 0 0
SEP
CPU laptop 1745512327 2025/04/24 19:32:07 1 100 12 137 244 0 783 21 0 1 0 0 26876 100 0 0
SEP
CPU laptop 1745512328 2025/04/24 19:32:08 1 100 12 142 93 1 929 19 0 1 0 0 41219 100 0 0
SEP
CPU laptop 1745512329 2025/04/24 19:32:09 1 100 12 110 223 0 858 1 0 1 0 0 27050 100 0 0
SEP
CPU laptop 1745512330 2025/04/24 19:32:10 1 100 12 143 165 1 854 20 0 1 0 0 47734 100 0 0
SEP
CPU laptop 1745512331 2025/04/24 19:32:11 1 100 12 107 151 0 931 1 0 0 0 0 28421 100 0 0
SEP
CPU laptop 1745512332 2025/04/24 19:32:12 1 100 12 133 240 0 798 15 0 0 0 0 25933 100 0 0
SEP
CPU laptop 1745512333 2025/04/24 19:32:13 1 100 12 148 92 1 928 16 0 1 0 0 35626 100 0 0
SEP
CPU laptop 1745512334 2025/04/24 19:32:14 1 100 12 108 198 0 887 2 0 0 0 0 25321 100 0 0
SEP
CPU laptop 1745512335 2025/04/24 19:32:15 1 100 12 152 228 1 784 19 0 1 0 0 29523 100 0 0
SEP
CPU laptop 1745512336 2025/04/24 19:32:16 1 100 12 116 89 0 977 8 0 1 0 0 25215 100 0 0
SEP
CPU laptop 1745512337 2025/04/24 19:32:17 1 100 12 120 224 0 835 10 0 1 0 0 26055 100 0 0
SEP
CPU laptop 1745512338 2025/04/24 19:32:18 1 100 12 146 92 2 925 16 0 1 0 0 23453 100 0 0
SEP
CPU laptop 1745512339 2025/04/24 19:32:19 1 100 12 110 196 0 889 2 0 0 0 0 27511 100 0 0
SEP
CPU laptop 1745512340 2025/04/24 19:32:20 1 100 12 143 229 1 789 18 0 1 0 0 30230 100 0 0
SEP
CPU laptop 1745512341 2025/04/24 19:32:21 1 100 12 113 89 0 979 7 0 1 0 0 28622 100 0 0
SEP
CPU laptop 1745512342 2025/04/24 19:32:22 1 100 12 125 234 0 820 10 0 0 0 0 20058 100 0 0
SEP
CPU laptop 1745512343 2025/04/24 19:32:23 1 100 12 149 89 1 923 18 0 1 0 0 28571 100 0 0
SEP
CPU laptop 1745512344 2025/04/24 19:32:24 1 100 12 109 211 0 875 0 0 1 0 0 25275 100 0 0
SEP
CPU laptop 1745512345 2025/04/24 19:32:25 1 100 12 143 233 1 791 18 0 0 0 0 26247 100 0 0
SEP
CPU laptop 1745512346 2025/04/24 19:32:26 1 100 12 134 101 1 939 12 0 1 0 0 47789 100 0 0
SEP
CPU laptop 1745512347 2025/04/24 19:32:27 1 100 12 105 220 0 859 5 0 0 0 0 24630 100 0 0
SEP
CPU laptop 1745512348 2025/04/24 19:32:28 1 100 12 154 112 1 900 17 0 1 0 0 47814 100 0 0
SEP
CPU laptop 1745512349 2025/04/24 19:32:29 1 100 12 109 191 0 892 1 0 0 0 0 28795 100 0 0
SEP
CPU laptop 1745512350 2025/04/24 19:32:30 1 100 12 131 241 0 798 16 0 1 0 0 24488 100 0 0
SEP
CPU laptop 1745512351 2025/04/24 19:32:31 1 100 12 136 101 1 931 18 0 1 0 0 32371 100 0 0
SEP
CPU laptop 1745512352 2025/04/24 19:32:32 1 100 12 110 207 0 875 2 0 1 0 0 23017 100 0 0
SEP
CPU laptop 1745512353 2025/04/24 19:32:33 1 100 12 149 207 1 807 18 0 0 0 0 47808 100 0 0
SEP
CPU laptop 1745512354 2025/04/24 19:32:34 1 100 12 109 102 0 979 2 0 1 0 0 23413 100 0 0
SEP
CPU laptop 1745512355 2025/04/24 19:32:35 1 100 12 128 241 1 799 17 0 2 0 0 26078 100 0 0
SEP
CPU laptop 1745512356 2025/04/24 19:32:36 1 100 12 146 93 1 924 16 0 1 0 0 44684 100 0 0
SEP
CPU laptop 1745512357 2025/04/24 19:32:37 1 100 12 114 221 0 856 2 0 0 0 0 23744 100 0 0
SEP
CPU laptop 1745512358 2025/04/24 19:32:38 1 100 12 145 160 1 854 21 0 1 0 0 47812 100 0 0
SEP
CPU laptop 1745512359 2025/04/24 19:32:39 1 100 12 111 145 0 937 2 0 0 0 0 30008 100 0 0
SEP
CPU laptop 1745512360 2025/04/24 19:32:40 1 100 12 134 250 1 789 14 0 1 0 0 25248 100 0 0
SEP
CPU laptop 1745512361 2025/04/24 19:32:41 1 100 12 149 98 0 921 15 0 1 0 0 42858 100 0 0
SEP
CPU laptop 1745512362 2025/04/24 19:32:42 1 100 12 108 200 0 886 1 0 1 0 0 25457 100 0 0
SEP
CPU laptop 1745512363 2025/04/24 19:32:43 1 100 12 146 193 1 824 22 0 1 0 0 47866 100 0 0
SEP
CPU laptop 1745512364 2025/04/24 19:32:44 1 100 12 104 122 0 964 1 0 0 0 0 23444 100 0 0
SEP
CPU laptop 1745512365 2025/04/24 19:32:45 1 100 12 133 236 1 804 16 0 0 0 0 28452 100 0 0
SEP
CPU laptop 1745512366 2025/04/24 19:32:46 1 100 12 146 117 0 902 16 0 2 0 0 39290 100 0 0
SEP
CPU laptop 1745512367 2025/04/24 19:32:47 1 100 12 109 199 0 886 2 0 0 0 0 24656 100 0 0
SEP
CPU laptop 1745512368 2025/04/24 19:32:48 1 100 12 142 225 1 796 20 0 3 0 0 29408 100 0 0
SEP
CPU laptop 1745512369 2025/04/24 19:32:49 1 100 12 124 113 0 948 6 0 1 0 0 23001 100 0 0
SEP
CPU laptop 1745512370 2025/04/24 19:32:50 1 100 12 123 232 1 818 15 0 0 0 0 23565 100 0 0
SEP
CPU laptop 1745512371 2025/04/24 19:32:51 1 100 12 160 96 1 905 18 0 1 0 0 37522 100 0 0
SEP
CPU laptop 1745512372 2025/04/24 19:32:52 1 100 12 112 207 0 872 2 0 0 0 0 28257 100 0 0
SEP
CPU laptop 1745512373 2025/04/24 19:32:53 1 100 12 157 227 1 782 18 0 1 0 0 33912 100 0 0
SEP
CPU laptop 1745512374 2025/04/24 19:32:54 1 100 12 113 93 0 982 4 0 1 0 0 30127 100 0 0
SEP
CPU laptop 1745512375 2025/04/24 19:32:55 1 100 12 128 257 1 787 14 0 1 0 0 24158 100 0 0
SEP
CPU laptop 1745512376 2025/04/24 19:32:56 1 100 12 156 91 1 920 17 0 1 0 0 34953 100 0 0
SEP
CPU laptop 1745512377 2025/04/24 19:32:57 1 100 12 110 196 0 889 1 0 1 0 0 25696 100 0 0
SEP
CPU laptop 1745512378 2025/04/24 19:32:58 1 100 12 141 223 0 796 19 0 1 0 0 29520 100 0 0
SEP
CPU laptop 1745512379 2025/04/24 19:32:59 1 100 12 115 90 1 974 8 0 1 0 0 30126 100 0 0
SEP
CPU laptop 1745512380 2025/04/24 19:33:00 1 100 12 122 226 0 833 10 0 0 0 0 27651 100 0 0
SEP
CPU laptop 1745512381 2025/04/24 19:33:01 1 100 12 150 87 1 929 20 0 1 0 0 27656 100 0 0
SEP
CPU laptop 1745512382 2025/04/24 19:33:02 1 100 12 111 202 0 881 1 0 1 0 0 28926 100 0 0
SEP
CPU laptop 1745512383 2025/04/24 19:33:03 1 100 12 150 184 0 834 17 0 1 0 0 47818 100 0 0
SEP
CPU laptop 1745512384 2025/04/24 19:33:04 1 100 12 107 131 0 953 2 0 1 0 0 25661 100 0 0
SEP
CPU laptop 1745512385 2025/04/24 19:33:05 1 100 12 130 243 1 794 18 0 0 0 0 25289 100 0 0
SEP
CPU laptop 1745512386 2025/04/24 19:33:06 1 100 12 144 89 0 936 16 0 1 0 0 47106 100 0 0
SEP
CPU laptop 1745512387 2025/04/24 19:33:07 1 100 12 110 207 0 874 1 0 0 0 0 23416 100 0 0
SEP
CPU laptop 1745512388 2025/04/24 19:33:08 1 100 12 142 218 1 800 18 0 1 0 0 28084 100 0 0
SEP
CPU laptop 1745512389 2025/04/24 19:33:09 1 100 12 117 92 1 973 8 0 0 0 0 23459 100 0 0
SEP
CPU laptop 1745512390 2025/04/24 19:33:10 1 100 12 122 224 0 834 9 0 1 0 0 25215 100 0 0
SEP
CPU laptop 1745512391 2025/04/24 19:33:11 1 100 12 147 92 1 923 18 0 0 0 0 30159 100 0 0
SEP
CPU laptop 1745512392 2025/04/24 19:33:12 1 100 12 109 199 0 889 1 0 1 0 0 26316 100 0 0
SEP
CPU laptop 1745512393 2025/04/24 19:33:13 1 100 12 143 224 1 797 15 0 1 0 0 28611 100 0 0
SEP
CPU laptop 1745512394 2025/04/24 19:33:14 1 100 12 110 95 0 973 9 0 1 0 0 23064 100 0 0
SEP
CPU laptop 1745512395 2025/04/24 19:33:15 1 100 12 125 226 1 830 10 0 0 0 0 23015 100 0 0
SEP
CPU laptop 1745512396 2025/04/24 19:33:16 1 100 12 158 92 1 917 20 0 2 0 0 27303 100 0 0
SEP
CPU laptop 1745512397 2025/04/24 19:33:17 1 100 12 104 199 0 891 1 0 0 0 0 25236 100 0 0
SEP
CPU laptop 1745512398 2025/04/24 19:33:18 1 100 12 147 222 1 798 17 0 0 0 0 29521 100 0 0
SEP
CPU laptop 1745512399 2025/04/24 19:33:19 1 100 12 117 94 0 971 8 0 2 0 0 27885 100 0 0
SEP
CPU laptop 1745512400 2025/04/24 19:33:20 1 100 12 121 228 1 833 10 0 0 0 0 26397 100 0 0
SEP
CPU laptop 1745512401 2025/04/24 19:33:21 1 100 12 149 91 1 919 19 0 1 0 0 27070 100 0 0
SEP
CPU laptop 1745512402 2025/04/24 19:33:22 1 100 12 104 220 0 872 1 0 0 0 0 28064 100 0 0
SEP
CPU laptop 1745512403 2025/04/24 19:33:23 1 100 12 141 226 1 795 20 0 1 0 0 26648 100 0 0
SEP
CPU laptop 1745512404 2025/04/24 19:33:24 1 100 12 122 88 1 967 11 0 2 0 0 26186 100 0 0
SEP
CPU laptop 1745512405 2025/04/24 19:33:25 1 100 12 119 227 0 836 8 0 1 0 0 28281 100 0 0
SEP
CPU laptop 1745512406 2025/04/24 19:33:26 1 100 12 148 92 1 924 19 0 0 0 0 23380 100 0 0
SEP
CPU laptop 1745512407 2025/04/24 19:33:27 1 100 12 99 217 0 881 0 0 0 0 0 23397 100 0 0
SEP
CPU laptop 1745512408 2025/04/24 19:33:28 1 100 12 141 229 1 794 20 0 2 0 0 25227 100 0 0
SEP
CPU laptop 1745512409 2025/04/24 19:33:29 1 100 12 138 100 1 932 16 0 1 0 0 27709 100 0 0
SEP
CPU laptop 1745512410 2025/04/24 19:33:30 1 100 12 114 217 0 860 1 0 0 0 0 28874 100 0 0
SEP
CPU laptop 1745512411 2025/04/24 19:33:31 1 100 12 147 184 0 835 17 0 2 0 0 47900 100 0 0
SEP
CPU laptop 1745512412 2025/04/24 19:33:32 1 100 12 106 128 0 956 3 0 0 0 0 22776 100 0 0
SEP
CPU laptop 1745512413 2025/04/24 19:33:33 1 100 12 135 241 1 795 15 0 1 0 0 26380 100 0 0
SEP
CPU laptop 1745512414 2025/04/24 19:33:34 1 100 12 145 96 1 924 16 0 1 0 0 35868 100 0 0
SEP
CPU laptop 1745512415 2025/04/24 19:33:35 1 100 12 112 202 0 879 1 0 0 0 0 28685 100 0 0
SEP
CPU laptop 1745512416 2025/04/24 19:33:36 1 100 12 142 220 1 806 17 0 1 0 0 47815 100 0 0
SEP
CPU laptop 1745512417 2025/04/24 19:33:37 1 100 12 114 99 1 971 6 0 0 0 0 30070 100 0 0
SEP
CPU laptop 1745512418 2025/04/24 19:33:38 1 100 12 128 239 0 803 14 0 1 0 0 29300 100 0 0
SEP
CPU laptop 1745512419 2025/04/24 19:33:39 1 100 12 148 91 1 929 16 0 1 0 0 39012 100 0 0
SEP
CPU laptop 1745512420 2025/04/24 19:33:40 1 100 12 106 201 0 888 1 0 0 0 0 23478 100 0 0
SEP
CPU laptop 1745512421 2025/04/24 19:33:41 1 100 12 143 219 1 802 17 0 0 0 0 27601 100 0 0
SEP
CPU laptop 1745512422 2025/04/24 19:33:42 1 100 12 118 96 0 968 10 0 1 0 0 37519 100 0 0
SEP
CPU laptop 1745512423 2025/04/24 19:33:43 1 100 12 125 221 0 833 11 0 1 0 0 31121 100 0 0
SEP
CPU laptop 1745512424 2025/04/24 19:33:44 1 100 12 143 90 1 929 15 0 1 0 0 23313 100 0 0
SEP
CPU laptop 1745512425 2025/04/24 19:33:45 1 100 12 110 197 0 887 3 0 0 0 0 29221 100 0 0
SEP
CPU laptop 1745512426 2025/04/24 19:33:46 1 100 12 145 226 1 794 18 0 2 0 0 47511 100 0 0
SEP
CPU laptop 1745512427 2025/04/24 19:33:47 1 100 12 112 90 0 978 10 0 1 0 0 22692 100 0 0
SEP
CPU laptop 1745512428 2025/04/24 19:33:48 1 100 12 125 230 1 827 10 0 1 0 0 25570 100 0 0
SEP
CPU laptop 1745512429 2025/04/24 19:33:49 1 100 12 163 104 0 895 19 0 1 0 0 27344 100 0 0
SEP
CPU laptop 1745512430 2025/04/24 19:33:50 1 100 12 106 208 0 882 0 0 0 0 0 25140 100 0 0
SEP
CPU laptop 1745512431 2025/04/24 19:33:51 1 100 12 143 233 1 785 19 0 1 0 0 28599 100 0 0
SEP
CPU laptop 1745512432 2025/04/24 19:33:52 1 100 12 120 86 0 972 10 0 1 0 0 34575 100 0 0
SEP
CPU laptop 1745512433 2025/04/24 19:33:53 1 100 12 125 257 1 801 7 0 1 0 0 23033 100 0 0
SEP
CPU laptop 1745512434 2025/04/24 19:33:54 1 100 12 156 89 0 920 18 0 1 0 0 23869 100 0 0
SEP
CPU laptop 1745512435 2025/04/24 19:33:55 1 100 12 105 215 0 877 1 0 0 0 0 26012 100 0 0
SEP
CPU laptop 1745512436 2025/04/24 19:33:56 1 100 12 132 234 1 801 18 0 1 0 0 27546 100 0 0
SEP
CPU laptop 1745512437 2025/04/24 19:33:57 1 100 12 139 99 0 934 15 0 1 0 0 34791 100 0 0
SEP
CPU laptop 1745512438 2025/04/24 19:33:58 1 100 12 108 222 0 861 2 0 1 0 0 26380 100 0 0
SEP
CPU laptop 1745512439 2025/04/24 19:33:59 1 100 12 143 177 1 844 17 0 2 0 0 47768 100 0 0
SEP
CPU laptop 1745512440 2025/04/24 19:34:00 1 100 12 107 135 0 947 3 0 0 0 0 23439 100 0 0
SEP
CPU laptop 1745512441 2025/04/24 19:34:01 1 100 12 133 237 1 799 15 0 1 0 0 25758 100 0 0
SEP
CPU laptop 1745512442 2025/04/24 19:34:02 1 100 12 160 104 0 904 16 0 0 0 0 31117 100 0 0
SEP
CPU laptop 1745512443 2025/04/24 19:34:03 1 100 12 107 204 0 884 1 0 1 0 0 22643 100 0 0
SEP
CPU laptop 1745512444 2025/04/24 19:34:04 1 100 12 146 222 1 796 17 0 1 0 0 28047 100 0 0
SEP
CPU laptop 1745512445 2025/04/24 19:34:05 1 100 12 116 92 0 973 8 0 0 0 0 25530 100 0 0
SEP
CPU laptop 1745512446 2025/04/24 19:34:06 1 100 12 124 224 1 832 12 0 1 0 0 24632 100 0 0
SEP
CPU laptop 1745512447 2025/04/24 19:34:07 1 100 12 149 94 0 918 20 0 1 0 0 25669 100 0 0
SEP
CPU laptop 1745512448 2025/04/24 19:34:08 1 100 12 110 202 0 880 2 0 1 0 0 27526 100 0 0
SEP
CPU laptop 1745512449 2025/04/24 19:34:09 1 100 12 145 207 1 807 19 0 1 0 0 47842 100 0 0
SEP
CPU laptop 1745512450 2025/04/24 19:34:10 1 100 12 111 106 0 973 3 0 0 0 0 23453 100 0 0
SEP
CPU laptop 1745512451 2025/04/24 19:34:11 1 100 12 141 246 1 782 16 0 1 0 0 22631 100 0 0
SEP
CPU laptop 1745512452 2025/04/24 19:34:12 1 100 12 142 89 1 937 17 0 1 0 0 42621 100 0 0
SEP
CPU laptop 1745512453 2025/04/24 19:34:13 1 100 12 112 197 1 882 1 0 0 0 0 22723 100 0 0
SEP
CPU laptop 1745512454 2025/04/24 19:34:14 1 100 12 142 225 0 799 18 0 1 0 0 30244 100 0 0
SEP
CPU laptop 1745512455 2025/04/24 19:34:15 1 100 12 114 97 1 972 9 0 0 0 0 28935 100 0 0
SEP
CPU laptop 1745512456 2025/04/24 19:34:16 1 100 12 122 226 0 831 10 0 0 0 0 25258 100 0 0
SEP
CPU laptop 1745512457 2025/04/24 19:34:17 1 100 12 141 90 2 932 18 0 2 0 0 20805 100 0 0
SEP
CPU laptop 1745512458 2025/04/24 19:34:18 1 100 12 106 204 0 886 1 0 1 0 0 24969 100 0 0
SEP
CPU laptop 1745512459 2025/04/24 19:34:19 1 100 12 144 228 1 791 18 0 1 0 0 26829 100 0 0
SEP
CPU laptop 1745512460 2025/04/24 19:34:20 1 100 12 129 168 0 883 8 0 1 0 0 23329 100 0 0
SEP
CPU laptop 1745512461 2025/04/24 19:34:21 1 100 12 122 227 0 830 12 0 0 0 0 25044 100 0 0
SEP
CPU laptop 1745512462 2025/04/24 19:34:22 1 100 12 141 98 1 930 15 0 2 0 0 23268 100 0 0
SEP
CPU laptop 1745512463 2025/04/24 19:34:23 1 100 12 105 204 0 888 1 0 0 0 0 27593 100 0 0
SEP
CPU laptop 1745512464 2025/04/24 19:34:24 1 100 12 95 43 0 1045 7 0 0 0 0 22043 100 0 0
SEP
CPU laptop 1745512465 2025/04/24 19:34:25 1 100 12 70 18 0 1108 1 0 0 0 0 20987 100 0 0
SEP
CPU laptop 1745512466 2025/04/24 19:34:26 1 100 12 71 16 0 1110 1 0 0 0 0 20175 100 0 0
SEP
CPU laptop 1745512467 2025/04/24 19:34:27 1 100 12 83 17 0 1098 0 0 1 0 0 23454 100 0 0
SEP
CPU laptop 1745512468 2025/04/24 19:34:28 1 100 12 68 16 0 1112 1 0 0 0 0 20906 100 0 0
SEP
CPU laptop 1745512469 2025/04/24 19:34:29 1 100 12 68 17 0 1111 2 0 0 0 0 22996 100 0 0
SEP
CPU laptop 1745512470 2025/04/24 19:34:30 1 100 12 70 15 0 1111 1 0 0 0 0 21513 100 0 0
SEP
CPU laptop 1745512471 2025/04/24 19:34:31 1 100 12 68 17 0 1114 1 0 0 0 0 21167 100 0 0
SEP
CPU laptop 1745512472 2025/04/24 19:34:32 1 100 12 71 17 0 1109 1 0 0 0 0 20774 100 0 0
SEP
CPU laptop 1745512473 2025/04/24 19:34:33 1 100 12 70 15 0 1113 0 0 0 0 0 22343 100 0 0
SEP
