835 
901 
868 
884 
881 
872 
875 
874 
895 
891 
881 
867 
871 
938 
870 
896 
902 
827 
882 
834 
885 
864 
884 
915 
845 
848 
857 
836 
869 
856 
859 
851 
876 
881 
893 
915 
910 
934 
867 
841 
911 
926 
937 
864 
948 
865 
939 
895 
869 
923 
895 
888 
878 
921 
874 
932 
948 
927 
935 
919 
903 
947 
937 
881 
844 
849 
910 
864 
912 
949 
1019 
955 
957 
1044 
956 
962 
986 
910 
932 
913 
868 
934 
889 
909 
908 
901 
903 
959 
929 
853 
922 
912 
925 
954 
892 
988 
875 
893 
983 
889 
