              total        used        free      shared  buff/cache   available
Mem:          33447        3865        1089         167       28492       28917
Swap:          2147         438        1708
Total:        35595        4304        2798

              total        used        free      shared  buff/cache   available
Mem:          33447        3868        1085         167       28492       28914
Swap:          2147         438        1708
Total:        35595        4307        2794

              total        used        free      shared  buff/cache   available
Mem:          33447        3870        1084         167       28492       28913
Swap:          2147         438        1708
Total:        35595        4309        2793

              total        used        free      shared  buff/cache   available
Mem:          33447        3870        1083         167       28492       28912
Swap:          2147         438        1708
Total:        35595        4309        2792

              total        used        free      shared  buff/cache   available
Mem:          33447        3872        1081         167       28492       28910
Swap:          2147         438        1708
Total:        35595        4311        2790

              total        used        free      shared  buff/cache   available
Mem:          33447        3872        1082         167       28492       28910
Swap:          2147         438        1708
Total:        35595        4311        2790

              total        used        free      shared  buff/cache   available
Mem:          33447        3870        1083         167       28492       28912
Swap:          2147         438        1708
Total:        35595        4309        2792

              total        used        free      shared  buff/cache   available
Mem:          33447        3871        1082         167       28492       28911
Swap:          2147         438        1708
Total:        35595        4310        2791

              total        used        free      shared  buff/cache   available
Mem:          33447        3872        1082         167       28492       28911
Swap:          2147         438        1708
Total:        35595        4310        2791

              total        used        free      shared  buff/cache   available
Mem:          33447        3871        1083         167       28492       28912
Swap:          2147         438        1708
Total:        35595        4309        2792

              total        used        free      shared  buff/cache   available
Mem:          33447        3870        1084         167       28492       28913
Swap:          2147         438        1708
Total:        35595        4308        2793

              total        used        free      shared  buff/cache   available
Mem:          33447        3989         964         167       28493       28793
Swap:          2147         438        1708
Total:        35595        4427        2673

              total        used        free      shared  buff/cache   available
Mem:          33447        3984         970         167       28493       28798
Swap:          2147         438        1708
Total:        35595        4423        2678

              total        used        free      shared  buff/cache   available
Mem:          33447        4014         938         167       28494       28768
Swap:          2147         438        1708
Total:        35595        4453        2647

              total        used        free      shared  buff/cache   available
Mem:          33447        4044         908         167       28494       28738
Swap:          2147         438        1708
Total:        35595        4483        2617

              total        used        free      shared  buff/cache   available
Mem:          33447        4055         897         167       28494       28727
Swap:          2147         438        1708
Total:        35595        4493        2606

              total        used        free      shared  buff/cache   available
Mem:          33447        3982         968         167       28497       28800
Swap:          2147         438        1708
Total:        35595        4420        2676

              total        used        free      shared  buff/cache   available
Mem:          33447        3988         961         167       28497       28794
Swap:          2147         438        1708
Total:        35595        4426        2670

              total        used        free      shared  buff/cache   available
Mem:          33447        4003         948         167       28495       28779
Swap:          2147         438        1708
Total:        35595        4442        2657

              total        used        free      shared  buff/cache   available
Mem:          33447        3975         976         167       28494       28807
Swap:          2147         438        1708
Total:        35595        4414        2685

              total        used        free      shared  buff/cache   available
Mem:          33447        3996         955         167       28496       28787
Swap:          2147         438        1708
Total:        35595        4434        2664

              total        used        free      shared  buff/cache   available
Mem:          33447        4039         911         167       28496       28743
Swap:          2147         438        1708
Total:        35595        4478        2620

              total        used        free      shared  buff/cache   available
Mem:          33447        4063         887         167       28496       28719
Swap:          2147         438        1708
Total:        35595        4502        2596

              total        used        free      shared  buff/cache   available
Mem:          33447        4060         887         170       28499       28719
Swap:          2147         438        1708
Total:        35595        4499        2595

              total        used        free      shared  buff/cache   available
Mem:          33447        3970         975         170       28502       28810
Swap:          2147         438        1708
Total:        35595        4408        2684

              total        used        free      shared  buff/cache   available
Mem:          33447        3960         984         170       28502       28819
Swap:          2147         438        1708
Total:        35595        4398        2693

              total        used        free      shared  buff/cache   available
Mem:          33447        3991         959         167       28496       28791
Swap:          2147         438        1708
Total:        35595        4430        2668

              total        used        free      shared  buff/cache   available
Mem:          33447        3990         960         167       28496       28793
Swap:          2147         438        1708
Total:        35595        4428        2669

              total        used        free      shared  buff/cache   available
Mem:          33447        4024         925         167       28497       28758
Swap:          2147         438        1708
Total:        35595        4463        2634

              total        used        free      shared  buff/cache   available
Mem:          33447        3998         950         167       28498       28784
Swap:          2147         438        1708
Total:        35595        4437        2659

              total        used        free      shared  buff/cache   available
Mem:          33447        4052         895         167       28499       28730
Swap:          2147         438        1708
Total:        35595        4490        2604

              total        used        free      shared  buff/cache   available
Mem:          33447        3966         979         167       28501       28816
Swap:          2147         438        1708
Total:        35595        4404        2688

              total        used        free      shared  buff/cache   available
Mem:          33447        3964         984         167       28498       28818
Swap:          2147         438        1708
Total:        35595        4403        2693

              total        used        free      shared  buff/cache   available
Mem:          33447        3965         984         167       28498       28817
Swap:          2147         438        1708
Total:        35595        4403        2693

              total        used        free      shared  buff/cache   available
Mem:          33447        4001         946         167       28498       28781
Swap:          2147         438        1708
Total:        35595        4440        2655

              total        used        free      shared  buff/cache   available
Mem:          33447        4051         896         167       28499       28731
Swap:          2147         438        1708
Total:        35595        4490        2605

              total        used        free      shared  buff/cache   available
Mem:          33447        4053         893         167       28500       28729
Swap:          2147         438        1708
Total:        35595        4491        2602

              total        used        free      shared  buff/cache   available
Mem:          33447        3970         974         167       28502       28812
Swap:          2147         438        1708
Total:        35595        4409        2683

              total        used        free      shared  buff/cache   available
Mem:          33447        3982         965         167       28499       28800
Swap:          2147         438        1708
Total:        35595        4421        2674

              total        used        free      shared  buff/cache   available
Mem:          33447        3979         968         167       28499       28803
Swap:          2147         438        1708
Total:        35595        4418        2677

              total        used        free      shared  buff/cache   available
Mem:          33447        3991         956         167       28499       28791
Swap:          2147         438        1708
Total:        35595        4430        2664

              total        used        free      shared  buff/cache   available
Mem:          33447        4029         917         167       28500       28753
Swap:          2147         438        1708
Total:        35595        4467        2626

              total        used        free      shared  buff/cache   available
Mem:          33447        4043         903         167       28501       28739
Swap:          2147         438        1708
Total:        35595        4481        2612

              total        used        free      shared  buff/cache   available
Mem:          33447        4062         884         167       28500       28720
Swap:          2147         438        1708
Total:        35595        4501        2593

              total        used        free      shared  buff/cache   available
Mem:          33447        4054         891         167       28501       28728
Swap:          2147         438        1708
Total:        35595        4492        2600

              total        used        free      shared  buff/cache   available
Mem:          33447        3971         971         167       28504       28811
Swap:          2147         438        1708
Total:        35595        4409        2680

              total        used        free      shared  buff/cache   available
Mem:          33447        3971         974         167       28501       28811
Swap:          2147         438        1708
Total:        35595        4410        2683

              total        used        free      shared  buff/cache   available
Mem:          33447        3986         960         167       28501       28796
Swap:          2147         438        1708
Total:        35595        4424        2669

              total        used        free      shared  buff/cache   available
Mem:          33447        3992         953         167       28501       28790
Swap:          2147         438        1708
Total:        35595        4431        2662

              total        used        free      shared  buff/cache   available
Mem:          33447        3981         965         167       28501       28801
Swap:          2147         438        1708
Total:        35595        4419        2674

              total        used        free      shared  buff/cache   available
Mem:          33447        4010         934         167       28502       28772
Swap:          2147         438        1708
Total:        35595        4449        2643

              total        used        free      shared  buff/cache   available
Mem:          33447        4050         894         167       28502       28731
Swap:          2147         438        1708
Total:        35595        4489        2603

              total        used        free      shared  buff/cache   available
Mem:          33447        4050         895         167       28502       28732
Swap:          2147         438        1708
Total:        35595        4488        2604

              total        used        free      shared  buff/cache   available
Mem:          33447        4000         937         170       28508       28778
Swap:          2147         438        1708
Total:        35595        4439        2646

              total        used        free      shared  buff/cache   available
Mem:          33447        3968         970         170       28509       28811
Swap:          2147         438        1708
Total:        35595        4406        2678

              total        used        free      shared  buff/cache   available
Mem:          33447        3974         963         170       28509       28804
Swap:          2147         438        1708
Total:        35595        4413        2672

              total        used        free      shared  buff/cache   available
Mem:          33447        3975         968         167       28503       28806
Swap:          2147         438        1708
Total:        35595        4414        2677

              total        used        free      shared  buff/cache   available
Mem:          33447        3994         950         167       28503       28788
Swap:          2147         438        1708
Total:        35595        4432        2659

              total        used        free      shared  buff/cache   available
Mem:          33447        3992         950         167       28504       28790
Swap:          2147         438        1708
Total:        35595        4430        2659

              total        used        free      shared  buff/cache   available
Mem:          33447        4030         911         167       28505       28752
Swap:          2147         438        1708
Total:        35595        4469        2620

              total        used        free      shared  buff/cache   available
Mem:          33447        3915        1038         156       28493       28878
Swap:          2147         438        1708
Total:        35595        4354        2747

              total        used        free      shared  buff/cache   available
Mem:          33447        3928        1026         156       28493       28866
Swap:          2147         438        1708
Total:        35595        4366        2734

              total        used        free      shared  buff/cache   available
Mem:          33447        3891        1062         156       28493       28902
Swap:          2147         438        1708
Total:        35595        4330        2771

              total        used        free      shared  buff/cache   available
Mem:          33447        3939        1013         156       28493       28854
Swap:          2147         438        1708
Total:        35595        4378        2722

              total        used        free      shared  buff/cache   available
Mem:          33447        3856        1094         156       28496       28937
Swap:          2147         438        1708
Total:        35595        4294        2803

              total        used        free      shared  buff/cache   available
Mem:          33447        3850        1100         156       28496       28944
Swap:          2147         438        1708
Total:        35595        4288        2809

              total        used        free      shared  buff/cache   available
Mem:          33447        3850        1099         156       28497       28943
Swap:          2147         438        1708
Total:        35595        4289        2808

              total        used        free      shared  buff/cache   available
Mem:          33447        3862        1091         156       28493       28931
Swap:          2147         438        1708
Total:        35595        4301        2800

              total        used        free      shared  buff/cache   available
Mem:          33447        3857        1096         156       28493       28937
Swap:          2147         438        1708
Total:        35595        4295        2805

              total        used        free      shared  buff/cache   available
Mem:          33447        3873        1079         156       28494       28920
Swap:          2147         438        1708
Total:        35595        4312        2788

              total        used        free      shared  buff/cache   available
Mem:          33447        3923        1028         156       28495       28871
Swap:          2147         438        1708
Total:        35595        4362        2737

              total        used        free      shared  buff/cache   available
Mem:          33447        3876        1075         156       28494       28917
Swap:          2147         438        1708
Total:        35595        4315        2784

              total        used        free      shared  buff/cache   available
Mem:          33447        3935        1017         156       28495       28859
Swap:          2147         438        1708
Total:        35595        4373        2726

              total        used        free      shared  buff/cache   available
Mem:          33447        3916        1035         156       28495       28878
Swap:          2147         438        1708
Total:        35595        4355        2744

              total        used        free      shared  buff/cache   available
Mem:          33447        3937        1012         156       28497       28856
Swap:          2147         438        1708
Total:        35595        4376        2721

              total        used        free      shared  buff/cache   available
Mem:          33447        3878        1070         156       28498       28915
Swap:          2147         438        1708
Total:        35595        4317        2779

              total        used        free      shared  buff/cache   available
Mem:          33447        3847        1101         156       28498       28947
Swap:          2147         438        1708
Total:        35595        4285        2810

              total        used        free      shared  buff/cache   available
Mem:          33447        3847        1100         156       28498       28946
Swap:          2147         438        1708
Total:        35595        4286        2809

              total        used        free      shared  buff/cache   available
Mem:          33447        3844        1103         156       28499       28949
Swap:          2147         438        1708
Total:        35595        4283        2812

              total        used        free      shared  buff/cache   available
Mem:          33447        3846        1102         156       28498       28947
Swap:          2147         438        1708
Total:        35595        4285        2810

              total        used        free      shared  buff/cache   available
Mem:          33447        3846        1101         156       28499       28947
Swap:          2147         438        1708
Total:        35595        4285        2810

              total        used        free      shared  buff/cache   available
Mem:          33447        3836        1115         156       28495       28957
Swap:          2147         438        1708
Total:        35595        4275        2824

              total        used        free      shared  buff/cache   available
Mem:          33447        3865        1086         156       28495       28928
Swap:          2147         438        1708
Total:        35595        4303        2795

              total        used        free      shared  buff/cache   available
Mem:          33447        3847        1100         159       28499       28943
Swap:          2147         438        1708
Total:        35595        4285        2809

              total        used        free      shared  buff/cache   available
Mem:          33447        3898        1046         161       28502       28890
Swap:          2147         438        1708
Total:        35595        4337        2755

              total        used        free      shared  buff/cache   available
Mem:          33447        3920        1021         164       28506       28866
Swap:          2147         438        1708
Total:        35595        4358        2730

              total        used        free      shared  buff/cache   available
Mem:          33447        3959         982         162       28505       28828
Swap:          2147         438        1708
Total:        35595        4398        2691

              total        used        free      shared  buff/cache   available
Mem:          33447        3955         986         162       28505       28833
Swap:          2147         438        1708
Total:        35595        4393        2695

              total        used        free      shared  buff/cache   available
Mem:          33447        4124         817         162       28506       28664
Swap:          2147         438        1708
Total:        35595        4562        2526

              total        used        free      shared  buff/cache   available
Mem:          33447        4006         933         161       28508       28782
Swap:          2147         438        1708
Total:        35595        4444        2642

              total        used        free      shared  buff/cache   available
Mem:          33447        4011         928         161       28508       28777
Swap:          2147         438        1708
Total:        35595        4449        2637

              total        used        free      shared  buff/cache   available
Mem:          33447        3970         971         161       28505       28818
Swap:          2147         438        1708
Total:        35595        4408        2680

              total        used        free      shared  buff/cache   available
Mem:          33447        3993         949         161       28505       28795
Swap:          2147         438        1708
Total:        35595        4431        2658

              total        used        free      shared  buff/cache   available
Mem:          33447        3980         961         161       28505       28807
Swap:          2147         438        1708
Total:        35595        4419        2670

              total        used        free      shared  buff/cache   available
Mem:          33447        3974         967         161       28505       28814
Swap:          2147         438        1708
Total:        35595        4413        2676

              total        used        free      shared  buff/cache   available
Mem:          33447        3990         950         161       28506       28798
Swap:          2147         438        1708
Total:        35595        4429        2659

              total        used        free      shared  buff/cache   available
Mem:          33447        4005         935         161       28506       28783
Swap:          2147         438        1708
Total:        35595        4443        2644

              total        used        free      shared  buff/cache   available
Mem:          33447        4044         897         161       28506       28744
Swap:          2147         438        1708
Total:        35595        4482        2606

              total        used        free      shared  buff/cache   available
Mem:          33447        4018         922         161       28507       28770
Swap:          2147         438        1708
Total:        35595        4456        2631

              total        used        free      shared  buff/cache   available
Mem:          33447        4061         878         161       28507       28727
Swap:          2147         438        1708
Total:        35595        4499        2587

              total        used        free      shared  buff/cache   available
Mem:          33447        4003         933         162       28510       28784
Swap:          2147         438        1708
Total:        35595        4442        2642

              total        used        free      shared  buff/cache   available
Mem:          33447        3966         974         161       28506       28822
Swap:          2147         438        1708
Total:        35595        4404        2683

              total        used        free      shared  buff/cache   available
Mem:          33447        3968         972         161       28506       28820
Swap:          2147         438        1708
Total:        35595        4406        2681

              total        used        free      shared  buff/cache   available
Mem:          33447        3968         972         161       28506       28819
Swap:          2147         438        1708
Total:        35595        4407        2681

              total        used        free      shared  buff/cache   available
Mem:          33447        3873        1067         161       28506       28914
Swap:          2147         438        1708
Total:        35595        4312        2775

              total        used        free      shared  buff/cache   available
Mem:          33447        3873        1067         161       28506       28915
Swap:          2147         438        1708
Total:        35595        4311        2776

              total        used        free      shared  buff/cache   available
Mem:          33447        3872        1068         161       28506       28916
Swap:          2147         438        1708
Total:        35595        4311        2777

              total        used        free      shared  buff/cache   available
Mem:          33447        3872        1068         161       28506       28916
Swap:          2147         438        1708
Total:        35595        4310        2777

              total        used        free      shared  buff/cache   available
Mem:          33447        3873        1067         161       28506       28915
Swap:          2147         438        1708
Total:        35595        4312        2776

              total        used        free      shared  buff/cache   available
Mem:          33447        3871        1069         161       28506       28917
Swap:          2147         438        1708
Total:        35595        4309        2778

              total        used        free      shared  buff/cache   available
Mem:          33447        3871        1069         161       28506       28917
Swap:          2147         438        1708
Total:        35595        4310        2778
