RESET
CPU laptop 1745511252 2025/04/24 19:14:12 632822 100 12 2800626 5621414 68791 149651051 218838 0 73873 0 0 33883 100 0 0
SEP
CPU laptop 1745511253 2025/04/24 19:14:13 1 100 12 83 60 0 1052 0 0 1 0 0 23085 100 0 0
SEP
CPU laptop 1745511254 2025/04/24 19:14:14 1 100 12 89 55 0 1046 1 0 0 0 0 20488 100 0 0
SEP
CPU laptop 1745511255 2025/04/24 19:14:15 1 100 12 72 30 0 1094 1 0 0 0 0 18446 100 0 0
SEP
CPU laptop 1745511256 2025/04/24 19:14:16 1 100 12 72 31 0 1093 2 0 0 0 0 17187 100 0 0
SEP
CPU laptop 1745511257 2025/04/24 19:14:17 1 100 12 72 32 0 1092 1 0 0 0 0 17108 100 0 0
SEP
CPU laptop 1745511258 2025/04/24 19:14:18 1 100 12 74 31 0 1093 1 0 0 0 0 17131 100 0 0
SEP
CPU laptop 1745511259 2025/04/24 19:14:19 1 100 12 77 33 0 1087 1 0 0 0 0 17522 100 0 0
SEP
CPU laptop 1745511260 2025/04/24 19:14:20 1 100 12 77 29 0 1091 1 0 0 0 0 17487 100 0 0
SEP
CPU laptop 1745511261 2025/04/24 19:14:21 1 100 12 71 32 0 1093 2 0 0 0 0 17114 100 0 0
SEP
CPU laptop 1745511262 2025/04/24 19:14:22 1 100 12 73 35 0 1090 0 0 0 0 0 16791 100 0 0
SEP
CPU laptop 1745511263 2025/04/24 19:14:23 1 100 12 156 232 1 774 20 0 1 0 0 22145 100 0 0
SEP
CPU laptop 1745511264 2025/04/24 19:14:24 1 100 12 147 234 0 780 19 0 2 0 0 26722 100 0 0
SEP
CPU laptop 1745511265 2025/04/24 19:14:25 1 100 12 185 257 1 718 20 0 2 0 0 23828 100 0 0
SEP
CPU laptop 1745511266 2025/04/24 19:14:26 1 100 12 150 228 1 786 16 0 0 0 0 36950 100 0 0
SEP
CPU laptop 1745511267 2025/04/24 19:14:27 1 100 12 151 242 1 768 18 0 2 0 0 25348 100 0 0
SEP
CPU laptop 1745511268 2025/04/24 19:14:28 1 100 12 144 308 1 713 17 0 0 0 0 47810 100 0 0
SEP
CPU laptop 1745511269 2025/04/24 19:14:29 1 100 12 146 285 0 728 20 0 1 0 0 24971 100 0 0
SEP
CPU laptop 1745511270 2025/04/24 19:14:30 1 100 12 144 222 1 799 18 0 1 0 0 24195 100 0 0
SEP
CPU laptop 1745511271 2025/04/24 19:14:31 1 100 12 155 218 1 784 24 0 1 0 0 20193 100 0 0
SEP
CPU laptop 1745511272 2025/04/24 19:14:32 1 100 12 152 240 1 764 23 0 1 0 0 20380 100 0 0
SEP
CPU laptop 1745511273 2025/04/24 19:14:33 1 100 12 152 233 2 776 21 0 2 0 0 30157 100 0 0
SEP
CPU laptop 1745511274 2025/04/24 19:14:34 1 100 12 154 233 0 773 21 0 0 0 0 29167 100 0 0
SEP
CPU laptop 1745511275 2025/04/24 19:14:35 1 100 12 142 232 1 788 20 0 2 0 0 25517 100 0 0
SEP
CPU laptop 1745511276 2025/04/24 19:14:36 1 100 12 186 253 1 722 18 0 1 0 0 36768 100 0 0
SEP
CPU laptop 1745511277 2025/04/24 19:14:37 1 100 12 171 241 0 752 20 0 0 0 0 22658 100 0 0
SEP
CPU laptop 1745511278 2025/04/24 19:14:38 1 100 12 161 323 1 683 16 0 1 0 0 47888 100 0 0
SEP
CPU laptop 1745511279 2025/04/24 19:14:39 1 100 12 148 248 1 761 26 0 1 0 0 47810 100 0 0
SEP
CPU laptop 1745511280 2025/04/24 19:14:40 1 100 12 154 264 1 752 16 0 0 0 0 20289 100 0 0
SEP
CPU laptop 1745511281 2025/04/24 19:14:41 1 100 12 148 223 0 791 16 0 1 0 0 21395 100 0 0
SEP
CPU laptop 1745511282 2025/04/24 19:14:42 1 100 12 168 239 1 752 20 0 2 0 0 20852 100 0 0
SEP
CPU laptop 1745511283 2025/04/24 19:14:43 1 100 12 152 231 1 776 24 0 1 0 0 23472 100 0 0
SEP
CPU laptop 1745511284 2025/04/24 19:14:44 1 100 12 160 242 1 754 23 0 1 0 0 42698 100 0 0
SEP
CPU laptop 1745511285 2025/04/24 19:14:45 1 100 12 156 236 1 770 19 0 0 0 0 23456 100 0 0
SEP
CPU laptop 1745511286 2025/04/24 19:14:46 1 100 12 147 282 1 738 17 0 2 0 0 47814 100 0 0
SEP
CPU laptop 1745511287 2025/04/24 19:14:47 1 100 12 150 296 1 721 16 0 1 0 0 47814 100 0 0
SEP
CPU laptop 1745511288 2025/04/24 19:14:48 1 100 12 150 253 1 764 16 0 0 0 0 22002 100 0 0
SEP
CPU laptop 1745511289 2025/04/24 19:14:49 1 100 12 166 267 0 724 19 0 1 0 0 26254 100 0 0
SEP
CPU laptop 1745511290 2025/04/24 19:14:50 1 100 12 151 236 2 765 24 0 3 0 0 16764 100 0 0
SEP
CPU laptop 1745511291 2025/04/24 19:14:51 1 100 12 163 228 1 766 22 0 2 0 0 19160 100 0 0
SEP
CPU laptop 1745511292 2025/04/24 19:14:52 1 100 12 175 243 1 741 22 0 1 0 0 24828 100 0 0
SEP
CPU laptop 1745511293 2025/04/24 19:14:53 1 100 12 162 242 1 762 16 0 1 0 0 20113 100 0 0
SEP
CPU laptop 1745511294 2025/04/24 19:14:54 1 100 12 158 243 0 762 18 0 0 0 0 22536 100 0 0
SEP
CPU laptop 1745511295 2025/04/24 19:14:55 1 100 12 152 346 1 667 16 0 2 0 0 47892 100 0 0
SEP
CPU laptop 1745511296 2025/04/24 19:14:56 1 100 12 149 239 1 777 17 0 1 0 0 24345 100 0 0
SEP
CPU laptop 1745511297 2025/04/24 19:14:57 1 100 12 155 224 1 778 20 0 1 0 0 20511 100 0 0
SEP
CPU laptop 1745511298 2025/04/24 19:14:58 1 100 12 152 239 1 765 21 0 1 0 0 20378 100 0 0
SEP
CPU laptop 1745511299 2025/04/24 19:14:59 1 100 12 143 233 1 781 22 0 1 0 0 19524 100 0 0
SEP
CPU laptop 1745511300 2025/04/24 19:15:00 1 100 12 158 241 1 762 20 0 1 0 0 22559 100 0 0
SEP
CPU laptop 1745511301 2025/04/24 19:15:01 1 100 12 144 234 0 786 19 0 2 0 0 22616 100 0 0
SEP
CPU laptop 1745511302 2025/04/24 19:15:02 1 100 12 147 242 1 769 18 0 0 0 0 26647 100 0 0
SEP
CPU laptop 1745511303 2025/04/24 19:15:03 1 100 12 164 328 0 674 15 0 1 0 0 47892 100 0 0
SEP
CPU laptop 1745511304 2025/04/24 19:15:04 1 100 12 149 279 1 733 19 0 1 0 0 24057 100 0 0
SEP
CPU laptop 1745511305 2025/04/24 19:15:05 1 100 12 152 220 1 789 19 0 0 0 0 18606 100 0 0
SEP
CPU laptop 1745511306 2025/04/24 19:15:06 1 100 12 150 243 0 759 22 0 2 0 0 21142 100 0 0
SEP
CPU laptop 1745511307 2025/04/24 19:15:07 1 100 12 157 234 2 764 24 0 2 0 0 27972 100 0 0
SEP
CPU laptop 1745511308 2025/04/24 19:15:08 1 100 12 160 240 0 760 19 0 1 0 0 39289 100 0 0
SEP
CPU laptop 1745511309 2025/04/24 19:15:09 1 100 12 145 235 1 773 26 0 1 0 0 43440 100 0 0
SEP
CPU laptop 1745511310 2025/04/24 19:15:10 1 100 12 153 241 1 769 17 0 1 0 0 24511 100 0 0
SEP
CPU laptop 1745511311 2025/04/24 19:15:11 1 100 12 146 266 1 759 17 0 1 0 0 39020 100 0 0
SEP
CPU laptop 1745511312 2025/04/24 19:15:12 1 100 12 145 276 1 746 15 0 1 0 0 47730 100 0 0
SEP
CPU laptop 1745511313 2025/04/24 19:15:13 1 100 12 158 277 1 727 17 0 2 0 0 23508 100 0 0
SEP
CPU laptop 1745511314 2025/04/24 19:15:14 1 100 12 152 221 0 787 19 0 1 0 0 17014 100 0 0
SEP
CPU laptop 1745511315 2025/04/24 19:15:15 1 100 12 156 242 2 760 23 0 1 0 0 28742 100 0 0
SEP
CPU laptop 1745511316 2025/04/24 19:15:16 1 100 12 161 238 1 760 25 0 1 0 0 38902 100 0 0
SEP
CPU laptop 1745511317 2025/04/24 19:15:17 1 100 12 149 228 1 780 20 0 1 0 0 30841 100 0 0
SEP
CPU laptop 1745511318 2025/04/24 19:15:18 1 100 12 148 248 0 761 20 0 1 0 0 24608 100 0 0
SEP
CPU laptop 1745511319 2025/04/24 19:15:19 1 100 12 153 289 1 723 16 0 1 0 0 47810 100 0 0
SEP
CPU laptop 1745511320 2025/04/24 19:15:20 1 100 12 145 304 1 713 17 0 1 0 0 47814 100 0 0
SEP
CPU laptop 1745511321 2025/04/24 19:15:21 1 100 12 154 239 0 773 18 0 2 0 0 26234 100 0 0
SEP
CPU laptop 1745511322 2025/04/24 19:15:22 1 100 12 147 217 1 795 18 0 1 0 0 41257 100 0 0
SEP
CPU laptop 1745511323 2025/04/24 19:15:23 1 100 12 156 238 1 766 20 0 0 0 0 21950 100 0 0
SEP
CPU laptop 1745511324 2025/04/24 19:15:24 1 100 12 157 234 1 768 24 0 1 0 0 23460 100 0 0
SEP
CPU laptop 1745511325 2025/04/24 19:15:25 1 100 12 147 241 1 779 18 0 1 0 0 25684 100 0 0
SEP
CPU laptop 1745511326 2025/04/24 19:15:26 1 100 12 159 237 1 765 22 0 1 0 0 26345 100 0 0
SEP
CPU laptop 1745511327 2025/04/24 19:15:27 1 100 12 150 244 0 769 17 0 2 0 0 30135 100 0 0
SEP
CPU laptop 1745511328 2025/04/24 19:15:28 1 100 12 155 240 1 767 20 0 0 0 0 20113 100 0 0
SEP
CPU laptop 1745511329 2025/04/24 19:15:29 1 100 12 150 353 1 672 17 0 1 0 0 47900 100 0 0
SEP
CPU laptop 1745511330 2025/04/24 19:15:30 1 100 12 148 225 1 790 17 0 2 0 0 21365 100 0 0
SEP
CPU laptop 1745511331 2025/04/24 19:15:31 1 100 12 155 223 1 784 20 0 0 0 0 23437 100 0 0
SEP
CPU laptop 1745511332 2025/04/24 19:15:32 1 100 12 166 243 1 746 24 0 2 0 0 16760 100 0 0
SEP
CPU laptop 1745511333 2025/04/24 19:15:33 1 100 12 147 236 2 775 22 0 0 0 0 23487 100 0 0
SEP
CPU laptop 1745511334 2025/04/24 19:15:34 1 100 12 163 248 1 747 22 0 1 0 0 28147 100 0 0
SEP
CPU laptop 1745511335 2025/04/24 19:15:35 1 100 12 158 240 1 769 19 0 2 0 0 23234 100 0 0
SEP
CPU laptop 1745511336 2025/04/24 19:15:36 1 100 12 153 246 0 761 20 0 2 0 0 23782 100 0 0
SEP
CPU laptop 1745511337 2025/04/24 19:15:37 1 100 12 154 333 1 684 16 0 1 0 0 47816 100 0 0
SEP
CPU laptop 1745511338 2025/04/24 19:15:38 1 100 12 154 258 1 754 15 0 0 0 0 22947 100 0 0
SEP
CPU laptop 1745511339 2025/04/24 19:15:39 1 100 12 151 215 1 796 17 0 1 0 0 19718 100 0 0
SEP
CPU laptop 1745511340 2025/04/24 19:15:40 1 100 12 159 241 1 757 24 0 2 0 0 16841 100 0 0
SEP
CPU laptop 1745511341 2025/04/24 19:15:41 1 100 12 158 233 1 769 23 0 2 0 0 24170 100 0 0
SEP
CPU laptop 1745511342 2025/04/24 19:15:42 1 100 12 160 237 1 761 22 0 1 0 0 42387 100 0 0
SEP
CPU laptop 1745511343 2025/04/24 19:15:43 1 100 12 161 241 1 762 18 0 0 0 0 17686 100 0 0
SEP
CPU laptop 1745511344 2025/04/24 19:15:44 1 100 12 148 244 1 771 18 0 1 0 0 21907 100 0 0
SEP
CPU laptop 1745511345 2025/04/24 19:15:45 1 100 12 147 297 1 724 16 0 1 0 0 47872 100 0 0
SEP
CPU laptop 1745511346 2025/04/24 19:15:46 1 100 12 148 280 1 733 18 0 1 0 0 29450 100 0 0
SEP
CPU laptop 1745511347 2025/04/24 19:15:47 1 100 12 153 221 1 790 17 0 1 0 0 16857 100 0 0
SEP
CPU laptop 1745511348 2025/04/24 19:15:48 1 100 12 154 244 1 755 25 0 1 0 0 22956 100 0 0
SEP
CPU laptop 1745511349 2025/04/24 19:15:49 1 100 12 177 252 1 730 23 0 2 0 0 24035 100 0 0
SEP
CPU laptop 1745511350 2025/04/24 19:15:50 1 100 12 163 236 1 760 22 0 1 0 0 25841 100 0 0
SEP
CPU laptop 1745511351 2025/04/24 19:15:51 1 100 12 149 230 1 784 17 0 0 0 0 23724 100 0 0
SEP
CPU laptop 1745511352 2025/04/24 19:15:52 1 100 12 117 213 0 843 16 0 1 0 0 17475 100 0 0
SEP
CPU laptop 1745511353 2025/04/24 19:15:53 1 100 12 75 36 0 1086 0 0 0 0 0 17487 100 0 0
SEP
CPU laptop 1745511354 2025/04/24 19:15:54 1 100 12 75 35 0 1088 1 0 0 0 0 17488 100 0 0
SEP
CPU laptop 1745511355 2025/04/24 19:15:55 1 100 12 84 74 0 1039 1 0 0 0 0 18941 100 0 0
SEP
CPU laptop 1745511356 2025/04/24 19:15:56 1 100 12 73 34 0 1086 3 0 0 0 0 18191 100 0 0
SEP
CPU laptop 1745511357 2025/04/24 19:15:57 1 100 12 77 30 0 1090 1 0 0 0 0 17787 100 0 0
SEP
CPU laptop 1745511358 2025/04/24 19:15:58 1 100 12 74 32 0 1092 0 0 0 0 0 17789 100 0 0
SEP
CPU laptop 1745511359 2025/04/24 19:15:59 1 100 12 72 34 0 1089 2 0 0 0 0 19414 100 0 0
SEP
CPU laptop 1745511360 2025/04/24 19:16:00 1 100 12 73 32 0 1092 1 0 0 0 0 16791 100 0 0
SEP
CPU laptop 1745511361 2025/04/24 19:16:01 1 100 12 76 31 0 1089 2 0 0 0 0 18089 100 0 0
SEP
