514 
591 
592 
580 
651 
550 
573 
603 
562 
570 
605 
560 
542 
576 
579 
542 
569 
548 
554 
542 
603 
593 
548 
537 
562 
569 
575 
593 
564 
613 
569 
602 
564 
535 
592 
575 
619 
656 
547 
529 
548 
519 
576 
566 
575 
554 
553 
555 
631 
639 
600 
517 
551 
600 
581 
617 
597 
571 
610 
532 
542 
631 
609 
632 
594 
548 
561 
600 
614 
563 
590 
599 
528 
575 
591 
547 
537 
530 
557 
557 
556 
529 
561 
528 
600 
594 
543 
578 
543 
533 
616 
582 
556 
591 
559 
575 
517 
560 
582 
574 
