               total        used        free      shared  buff/cache   available
Mem:           14514        4527         416         169        9570        9479
Swap:           2147           3        2144
Total:         16662        4531        2560

               total        used        free      shared  buff/cache   available
Mem:           14514        4534         409         169        9570        9472
Swap:           2147           3        2144
Total:         16662        4538        2553

               total        used        free      shared  buff/cache   available
Mem:           14514        4536         408         169        9570        9471
Swap:           2147           3        2144
Total:         16662        4539        2552

               total        used        free      shared  buff/cache   available
Mem:           14514        4530         417         166        9567        9480
Swap:           2147           3        2144
Total:         16662        4533        2561

               total        used        free      shared  buff/cache   available
Mem:           14514        4527         419         166        9567        9482
Swap:           2147           3        2144
Total:         16662        4531        2563

               total        used        free      shared  buff/cache   available
Mem:           14514        4527         419         166        9567        9482
Swap:           2147           3        2144
Total:         16662        4531        2563

               total        used        free      shared  buff/cache   available
Mem:           14514        4527         420         166        9567        9483
Swap:           2147           3        2144
Total:         16662        4530        2564

               total        used        free      shared  buff/cache   available
Mem:           14514        4505         442         166        9567        9505
Swap:           2147           3        2144
Total:         16662        4508        2586

               total        used        free      shared  buff/cache   available
Mem:           14514        4504         442         166        9567        9505
Swap:           2147           3        2144
Total:         16662        4508        2586

               total        used        free      shared  buff/cache   available
Mem:           14514        4500         446         166        9567        9510
Swap:           2147           3        2144
Total:         16662        4503        2591

               total        used        free      shared  buff/cache   available
Mem:           14514        4498         449         166        9567        9512
Swap:           2147           3        2144
Total:         16662        4501        2593

               total        used        free      shared  buff/cache   available
Mem:           14514        4577         369         166        9567        9433
Swap:           2147           3        2144
Total:         16662        4580        2513

               total        used        free      shared  buff/cache   available
Mem:           14514        4604         340         168        9569        9404
Swap:           2147           3        2144
Total:         16662        4607        2484

               total        used        free      shared  buff/cache   available
Mem:           14514        4576         368         168        9570        9432
Swap:           2147           3        2144
Total:         16662        4579        2512

               total        used        free      shared  buff/cache   available
Mem:           14514        4633         313         166        9567        9376
Swap:           2147           3        2144
Total:         16662        4637        2457

               total        used        free      shared  buff/cache   available
Mem:           14514        4661         284         166        9568        9348
Swap:           2147           3        2144
Total:         16662        4664        2428

               total        used        free      shared  buff/cache   available
Mem:           14514        4672         273         166        9568        9338
Swap:           2147           3        2144
Total:         16662        4675        2417

               total        used        free      shared  buff/cache   available
Mem:           14514        4647         296         166        9570        9363
Swap:           2147           3        2144
Total:         16662        4650        2440

               total        used        free      shared  buff/cache   available
Mem:           14514        4662         281         166        9570        9347
Swap:           2147           3        2144
Total:         16662        4665        2425

               total        used        free      shared  buff/cache   available
Mem:           14514        4652         291         166        9570        9358
Swap:           2147           3        2144
Total:         16662        4655        2435

               total        used        free      shared  buff/cache   available
Mem:           14514        4613         330         166        9569        9396
Swap:           2147           3        2144
Total:         16662        4617        2475

               total        used        free      shared  buff/cache   available
Mem:           14514        4642         303         166        9569        9368
Swap:           2147           3        2144
Total:         16662        4645        2447

               total        used        free      shared  buff/cache   available
Mem:           14514        4615         329         166        9569        9394
Swap:           2147           3        2144
Total:         16662        4619        2473

               total        used        free      shared  buff/cache   available
Mem:           14514        4688         256         166        9569        9321
Swap:           2147           3        2144
Total:         16662        4692        2400

               total        used        free      shared  buff/cache   available
Mem:           14514        4670         268         172        9575        9334
Swap:           2147           3        2144
Total:         16662        4673        2412

               total        used        free      shared  buff/cache   available
Mem:           14514        4679         258         171        9576        9325
Swap:           2147           3        2144
Total:         16662        4683        2402

               total        used        free      shared  buff/cache   available
Mem:           14514        4712         219         178        9583        9286
Swap:           2147           3        2144
Total:         16662        4715        2363

               total        used        free      shared  buff/cache   available
Mem:           14514        4718         216         173        9579        9284
Swap:           2147           3        2144
Total:         16662        4722        2360

               total        used        free      shared  buff/cache   available
Mem:           14514        4716         217         173        9580        9286
Swap:           2147           3        2144
Total:         16662        4720        2361

               total        used        free      shared  buff/cache   available
Mem:           14514        4712         221         173        9580        9290
Swap:           2147           3        2144
Total:         16662        4715        2365

               total        used        free      shared  buff/cache   available
Mem:           14514        4719         214         173        9581        9283
Swap:           2147           3        2144
Total:         16662        4723        2358

               total        used        free      shared  buff/cache   available
Mem:           14514        4693         241         173        9579        9309
Swap:           2147           3        2144
Total:         16662        4697        2385

               total        used        free      shared  buff/cache   available
Mem:           14514        4703         232         173        9579        9299
Swap:           2147           3        2144
Total:         16662        4706        2376

               total        used        free      shared  buff/cache   available
Mem:           14514        4731         203         173        9579        9271
Swap:           2147           3        2144
Total:         16662        4735        2347

               total        used        free      shared  buff/cache   available
Mem:           14514        4750         183         173        9580        9252
Swap:           2147           3        2144
Total:         16662        4753        2327

               total        used        free      shared  buff/cache   available
Mem:           14514        4748         185         173        9580        9254
Swap:           2147           3        2144
Total:         16662        4751        2329

               total        used        free      shared  buff/cache   available
Mem:           14514        4691         240         173        9582        9311
Swap:           2147           3        2144
Total:         16662        4694        2385

               total        used        free      shared  buff/cache   available
Mem:           14514        4733         199         173        9582        9269
Swap:           2147           3        2144
Total:         16662        4736        2343

               total        used        free      shared  buff/cache   available
Mem:           14514        4739         194         173        9580        9263
Swap:           2147           3        2144
Total:         16662        4742        2338

               total        used        free      shared  buff/cache   available
Mem:           14514        4670         367         173        9476        9331
Swap:           2147           3        2144
Total:         16662        4674        2511

               total        used        free      shared  buff/cache   available
Mem:           14514        4686         351         173        9476        9316
Swap:           2147           3        2144
Total:         16662        4689        2495

               total        used        free      shared  buff/cache   available
Mem:           14514        4713         323         173        9477        9289
Swap:           2147           3        2144
Total:         16662        4717        2467

               total        used        free      shared  buff/cache   available
Mem:           14514        4721         315         173        9477        9281
Swap:           2147           3        2144
Total:         16662        4724        2459

               total        used        free      shared  buff/cache   available
Mem:           14514        4753         282         173        9478        9248
Swap:           2147           3        2144
Total:         16662        4757        2426

               total        used        free      shared  buff/cache   available
Mem:           14514        4744         290         173        9479        9258
Swap:           2147           3        2144
Total:         16662        4748        2434

               total        used        free      shared  buff/cache   available
Mem:           14514        4737         297         173        9479        9265
Swap:           2147           3        2144
Total:         16662        4740        2441

               total        used        free      shared  buff/cache   available
Mem:           14514        4711         325         173        9477        9291
Swap:           2147           3        2144
Total:         16662        4714        2469

               total        used        free      shared  buff/cache   available
Mem:           14514        4709         326         173        9478        9293
Swap:           2147           3        2144
Total:         16662        4713        2470

               total        used        free      shared  buff/cache   available
Mem:           14514        4677         358         173        9478        9324
Swap:           2147           3        2144
Total:         16662        4681        2502

               total        used        free      shared  buff/cache   available
Mem:           14514        4687         348         173        9478        9314
Swap:           2147           3        2144
Total:         16662        4691        2492

               total        used        free      shared  buff/cache   available
Mem:           14514        4710         325         173        9479        9292
Swap:           2147           3        2144
Total:         16662        4713        2469

               total        used        free      shared  buff/cache   available
Mem:           14514        4710         323         173        9479        9291
Swap:           2147           3        2144
Total:         16662        4714        2467

               total        used        free      shared  buff/cache   available
Mem:           14514        4695         337         173        9481        9307
Swap:           2147           3        2144
Total:         16662        4699        2481

               total        used        free      shared  buff/cache   available
Mem:           14514        4681         351         173        9481        9321
Swap:           2147           3        2144
Total:         16662        4684        2495

               total        used        free      shared  buff/cache   available
Mem:           14514        4674         356         177        9484        9325
Swap:           2147           3        2144
Total:         16662        4677        2500

               total        used        free      shared  buff/cache   available
Mem:           14514        4701         329         177        9483        9297
Swap:           2147           3        2144
Total:         16662        4705        2473

               total        used        free      shared  buff/cache   available
Mem:           14514        4690         340         177        9483        9309
Swap:           2147           3        2144
Total:         16662        4693        2485

               total        used        free      shared  buff/cache   available
Mem:           14514        4692         341         173        9480        9309
Swap:           2147           3        2144
Total:         16662        4696        2485

               total        used        free      shared  buff/cache   available
Mem:           14514        4697         336         173        9480        9304
Swap:           2147           3        2144
Total:         16662        4701        2480

               total        used        free      shared  buff/cache   available
Mem:           14514        4729         304         173        9481        9273
Swap:           2147           3        2144
Total:         16662        4732        2448

               total        used        free      shared  buff/cache   available
Mem:           14514        4725         306         174        9482        9276
Swap:           2147           3        2144
Total:         16662        4729        2450

               total        used        free      shared  buff/cache   available
Mem:           14514        4720         310         173        9483        9282
Swap:           2147           3        2144
Total:         16662        4724        2454

               total        used        free      shared  buff/cache   available
Mem:           14514        4714         317         173        9483        9288
Swap:           2147           3        2144
Total:         16662        4717        2461

               total        used        free      shared  buff/cache   available
Mem:           14514        4719         313         173        9481        9283
Swap:           2147           3        2144
Total:         16662        4722        2457

               total        used        free      shared  buff/cache   available
Mem:           14514        4698         334         173        9481        9304
Swap:           2147           3        2144
Total:         16662        4701        2478

               total        used        free      shared  buff/cache   available
Mem:           14514        4715         317         173        9481        9287
Swap:           2147           3        2144
Total:         16662        4718        2461

               total        used        free      shared  buff/cache   available
Mem:           14514        4711         320         174        9482        9290
Swap:           2147           3        2144
Total:         16662        4715        2464

               total        used        free      shared  buff/cache   available
Mem:           14514        4703         328         174        9483        9299
Swap:           2147           3        2144
Total:         16662        4706        2472

               total        used        free      shared  buff/cache   available
Mem:           14514        4734         296         174        9483        9268
Swap:           2147           3        2144
Total:         16662        4737        2440

               total        used        free      shared  buff/cache   available
Mem:           14514        4725         304         174        9484        9276
Swap:           2147           3        2144
Total:         16662        4729        2448

               total        used        free      shared  buff/cache   available
Mem:           14514        4721         307         174        9484        9280
Swap:           2147           3        2144
Total:         16662        4725        2452

               total        used        free      shared  buff/cache   available
Mem:           14514        4685         344         173        9484        9316
Swap:           2147           3        2144
Total:         16662        4689        2488

               total        used        free      shared  buff/cache   available
Mem:           14514        4659         371         173        9483        9342
Swap:           2147           3        2144
Total:         16662        4663        2515

               total        used        free      shared  buff/cache   available
Mem:           14514        4657         373         173        9483        9345
Swap:           2147           3        2144
Total:         16662        4661        2517

               total        used        free      shared  buff/cache   available
Mem:           14514        4667         363         174        9483        9335
Swap:           2147           3        2144
Total:         16662        4670        2508

               total        used        free      shared  buff/cache   available
Mem:           14514        4697         333         174        9483        9305
Swap:           2147           3        2144
Total:         16662        4700        2477

               total        used        free      shared  buff/cache   available
Mem:           14514        4732         297         174        9484        9270
Swap:           2147           3        2144
Total:         16662        4735        2441

               total        used        free      shared  buff/cache   available
Mem:           14514        4737         291         174        9485        9264
Swap:           2147           3        2144
Total:         16662        4741        2435

               total        used        free      shared  buff/cache   available
Mem:           14514        4722         305         174        9486        9279
Swap:           2147           3        2144
Total:         16662        4726        2449

               total        used        free      shared  buff/cache   available
Mem:           14514        4703         324         173        9486        9299
Swap:           2147           3        2144
Total:         16662        4706        2468

               total        used        free      shared  buff/cache   available
Mem:           14514        4689         340         173        9484        9313
Swap:           2147           3        2144
Total:         16662        4692        2484

               total        used        free      shared  buff/cache   available
Mem:           14514        4700         329         174        9484        9301
Swap:           2147           3        2144
Total:         16662        4704        2473

               total        used        free      shared  buff/cache   available
Mem:           14514        4705         324         174        9485        9297
Swap:           2147           3        2144
Total:         16662        4708        2468

               total        used        free      shared  buff/cache   available
Mem:           14514        4707         321         174        9485        9295
Swap:           2147           3        2144
Total:         16662        4710        2465

               total        used        free      shared  buff/cache   available
Mem:           14514        4722         302         177        9489        9276
Swap:           2147           3        2144
Total:         16662        4726        2446

               total        used        free      shared  buff/cache   available
Mem:           14514        4731         293         177        9489        9267
Swap:           2147           3        2144
Total:         16662        4734        2437

               total        used        free      shared  buff/cache   available
Mem:           14514        4745         280         174        9488        9256
Swap:           2147           3        2144
Total:         16662        4749        2424

               total        used        free      shared  buff/cache   available
Mem:           14514        4680         348         171        9485        9324
Swap:           2147           3        2144
Total:         16662        4684        2492

               total        used        free      shared  buff/cache   available
Mem:           14514        4660         370         171        9483        9344
Swap:           2147           3        2144
Total:         16662        4664        2514

               total        used        free      shared  buff/cache   available
Mem:           14514        4671         359         171        9483        9334
Swap:           2147           3        2144
Total:         16662        4674        2503

               total        used        free      shared  buff/cache   available
Mem:           14514        4669         361         171        9484        9336
Swap:           2147           3        2144
Total:         16662        4672        2505

               total        used        free      shared  buff/cache   available
Mem:           14514        4683         347         171        9484        9322
Swap:           2147           3        2144
Total:         16662        4686        2491

               total        used        free      shared  buff/cache   available
Mem:           14514        4712         316         171        9485        9292
Swap:           2147           3        2144
Total:         16662        4716        2460

               total        used        free      shared  buff/cache   available
Mem:           14514        4741         287         171        9485        9264
Swap:           2147           3        2144
Total:         16662        4744        2432

               total        used        free      shared  buff/cache   available
Mem:           14514        4746         281         171        9486        9258
Swap:           2147           3        2144
Total:         16662        4749        2425

               total        used        free      shared  buff/cache   available
Mem:           14514        4679         348         171        9487        9325
Swap:           2147           3        2144
Total:         16662        4682        2492

               total        used        free      shared  buff/cache   available
Mem:           14514        4669         360         171        9485        9336
Swap:           2147           3        2144
Total:         16662        4672        2504

               total        used        free      shared  buff/cache   available
Mem:           14514        4702         326         171        9485        9302
Swap:           2147           3        2144
Total:         16662        4706        2470

               total        used        free      shared  buff/cache   available
Mem:           14514        4685         343         171        9485        9319
Swap:           2147           3        2144
Total:         16662        4689        2487

               total        used        free      shared  buff/cache   available
Mem:           14514        4719         309         171        9485        9285
Swap:           2147           3        2144
Total:         16662        4723        2453

               total        used        free      shared  buff/cache   available
Mem:           14514        4681         339         171        9493        9324
Swap:           2147           3        2144
Total:         16662        4684        2483

               total        used        free      shared  buff/cache   available
Mem:           14514        4657         363         171        9493        9347
Swap:           2147           3        2144
Total:         16662        4660        2507

               total        used        free      shared  buff/cache   available
Mem:           14514        4654         366         171        9493        9350
Swap:           2147           3        2144
Total:         16662        4658        2510

               total        used        free      shared  buff/cache   available
Mem:           14514        4604         416         171        9493        9400
Swap:           2147           3        2144
Total:         16662        4608        2560

               total        used        free      shared  buff/cache   available
Mem:           14514        4599         421         171        9493        9406
Swap:           2147           3        2144
Total:         16662        4602        2565

               total        used        free      shared  buff/cache   available
Mem:           14514        4604         416         171        9493        9401
Swap:           2147           3        2144
Total:         16662        4607        2560

               total        used        free      shared  buff/cache   available
Mem:           14514        4599         421         171        9493        9405
Swap:           2147           3        2144
Total:         16662        4603        2565

               total        used        free      shared  buff/cache   available
Mem:           14514        4593         426         171        9493        9411
Swap:           2147           3        2144
Total:         16662        4597        2570

               total        used        free      shared  buff/cache   available
Mem:           14514        4588         432         171        9493        9416
Swap:           2147           3        2144
Total:         16662        4592        2576

               total        used        free      shared  buff/cache   available
Mem:           14514        4584         436         171        9493        9420
Swap:           2147           3        2144
Total:         16662        4588        2580
