RESET
CPU laptop 1745515553 2025/04/24 20:25:53 637123 100 12 3299782 6200916 70112 153646779 251700 0 77021 0 0 45852 100 0 0
SEP
CPU laptop 1745515554 2025/04/24 20:25:54 1 100 12 77 42 0 1075 1 0 1 0 0 39019 100 0 0
SEP
CPU laptop 1745515555 2025/04/24 20:25:55 1 100 12 86 37 0 1068 1 0 0 0 0 30177 100 0 0
SEP
CPU laptop 1745515556 2025/04/24 20:25:56 1 100 12 69 17 0 1111 1 0 0 0 0 30951 100 0 0
SEP
CPU laptop 1745515557 2025/04/24 20:25:57 1 100 12 71 14 0 1110 2 0 0 0 0 30725 100 0 0
SEP
CPU laptop 1745515558 2025/04/24 20:25:58 1 100 12 73 14 0 1113 0 0 0 0 0 28186 100 0 0
SEP
CPU laptop 1745515559 2025/04/24 20:25:59 1 100 12 68 18 0 1110 1 0 0 0 0 30976 100 0 0
SEP
CPU laptop 1745515560 2025/04/24 20:26:00 1 100 12 71 16 0 1112 1 0 0 0 0 27838 100 0 0
SEP
CPU laptop 1745515561 2025/04/24 20:26:01 1 100 12 69 15 0 1112 1 0 0 0 0 28513 100 0 0
SEP
CPU laptop 1745515562 2025/04/24 20:26:02 1 100 12 71 15 0 1110 1 0 0 0 0 27512 100 0 0
SEP
CPU laptop 1745515563 2025/04/24 20:26:03 1 100 12 71 19 0 1107 1 0 0 0 0 33291 100 0 0
SEP
CPU laptop 1745515564 2025/04/24 20:26:04 1 100 12 141 232 0 806 9 0 1 0 0 35544 100 0 0
SEP
CPU laptop 1745515565 2025/04/24 20:26:05 1 100 12 147 218 1 797 18 0 2 0 0 47816 100 0 0
SEP
CPU laptop 1745515566 2025/04/24 20:26:06 1 100 12 143 118 0 911 10 0 2 0 0 39019 100 0 0
SEP
CPU laptop 1745515567 2025/04/24 20:26:07 1 100 12 128 237 1 813 10 0 0 0 0 34361 100 0 0
SEP
CPU laptop 1745515568 2025/04/24 20:26:08 1 100 12 139 200 1 821 22 0 1 0 0 47896 100 0 0
SEP
CPU laptop 1745515569 2025/04/24 20:26:09 1 100 12 137 104 0 932 15 0 1 0 0 36420 100 0 0
SEP
CPU laptop 1745515570 2025/04/24 20:26:10 1 100 12 118 218 0 850 3 0 1 0 0 35995 100 0 0
SEP
CPU laptop 1745515571 2025/04/24 20:26:11 1 100 12 136 230 1 795 18 0 0 0 0 36000 100 0 0
SEP
CPU laptop 1745515572 2025/04/24 20:26:12 1 100 12 148 92 1 920 19 0 2 0 0 40875 100 0 0
SEP
CPU laptop 1745515573 2025/04/24 20:26:13 1 100 12 116 220 0 850 7 0 0 0 0 38588 100 0 0
SEP
CPU laptop 1745515574 2025/04/24 20:26:14 1 100 12 134 229 0 814 10 0 2 0 0 31825 100 0 0
SEP
CPU laptop 1745515575 2025/04/24 20:26:15 1 100 12 142 141 2 875 19 0 1 0 0 47758 100 0 0
SEP
CPU laptop 1745515576 2025/04/24 20:26:16 1 100 12 132 149 1 896 13 0 1 0 0 43434 100 0 0
SEP
CPU laptop 1745515577 2025/04/24 20:26:17 1 100 12 129 227 0 830 5 0 0 0 0 32722 100 0 0
SEP
CPU laptop 1745515578 2025/04/24 20:26:18 1 100 12 142 230 0 793 18 0 1 0 0 39834 100 0 0
SEP
CPU laptop 1745515579 2025/04/24 20:26:19 1 100 12 141 92 1 933 19 0 1 0 0 47846 100 0 0
SEP
CPU laptop 1745515580 2025/04/24 20:26:20 1 100 12 118 207 1 870 1 0 2 0 0 43392 100 0 0
SEP
CPU laptop 1745515581 2025/04/24 20:26:21 1 100 12 143 230 0 791 17 0 1 0 0 33956 100 0 0
SEP
CPU laptop 1745515582 2025/04/24 20:26:22 1 100 12 158 95 1 905 26 0 1 0 0 38280 100 0 0
SEP
CPU laptop 1745515583 2025/04/24 20:26:23 1 100 12 112 213 0 865 3 0 0 0 0 34550 100 0 0
SEP
CPU laptop 1745515584 2025/04/24 20:26:24 1 100 12 141 230 1 801 14 0 1 0 0 33794 100 0 0
SEP
CPU laptop 1745515585 2025/04/24 20:26:25 1 100 12 155 98 1 908 21 0 1 0 0 41740 100 0 0
SEP
CPU laptop 1745515586 2025/04/24 20:26:26 1 100 12 121 206 0 856 9 0 1 0 0 40529 100 0 0
SEP
CPU laptop 1745515587 2025/04/24 20:26:27 1 100 12 132 229 1 820 9 0 0 0 0 32870 100 0 0
SEP
CPU laptop 1745515588 2025/04/24 20:26:28 1 100 12 142 232 1 793 17 0 0 0 0 36863 100 0 0
SEP
CPU laptop 1745515589 2025/04/24 20:26:29 1 100 12 141 95 1 929 15 0 1 0 0 47864 100 0 0
SEP
CPU laptop 1745515590 2025/04/24 20:26:30 1 100 12 117 214 0 859 4 0 0 0 0 38973 100 0 0
SEP
CPU laptop 1745515591 2025/04/24 20:26:31 1 100 12 135 225 1 811 16 0 1 0 0 34171 100 0 0
SEP
CPU laptop 1745515592 2025/04/24 20:26:32 1 100 12 154 100 0 912 18 0 1 0 0 47818 100 0 0
SEP
CPU laptop 1745515593 2025/04/24 20:26:33 1 100 12 128 202 1 850 13 0 1 0 0 39023 100 0 0
SEP
CPU laptop 1745515594 2025/04/24 20:26:34 1 100 12 129 230 0 824 5 0 1 0 0 34953 100 0 0
SEP
CPU laptop 1745515595 2025/04/24 20:26:35 1 100 12 142 227 0 798 18 0 2 0 0 32558 100 0 0
SEP
CPU laptop 1745515596 2025/04/24 20:26:36 1 100 12 143 91 1 932 16 0 1 0 0 43458 100 0 0
SEP
CPU laptop 1745515597 2025/04/24 20:26:37 1 100 12 115 213 0 860 5 0 0 0 0 38980 100 0 0
SEP
CPU laptop 1745515598 2025/04/24 20:26:38 1 100 12 137 227 1 802 18 0 0 0 0 35536 100 0 0
SEP
CPU laptop 1745515599 2025/04/24 20:26:39 1 100 12 151 89 1 919 21 0 1 0 0 34122 100 0 0
SEP
CPU laptop 1745515600 2025/04/24 20:26:40 1 100 12 120 214 1 847 8 0 2 0 0 40871 100 0 0
SEP
CPU laptop 1745515601 2025/04/24 20:26:41 1 100 12 132 231 0 815 10 0 0 0 0 33751 100 0 0
SEP
CPU laptop 1745515602 2025/04/24 20:26:42 1 100 12 143 175 1 850 20 0 2 0 0 47892 100 0 0
SEP
CPU laptop 1745515603 2025/04/24 20:26:43 1 100 12 128 112 0 939 11 0 1 0 0 39002 100 0 0
SEP
CPU laptop 1745515604 2025/04/24 20:26:44 1 100 12 131 253 0 800 6 0 0 0 0 32044 100 0 0
SEP
CPU laptop 1745515605 2025/04/24 20:26:45 1 100 12 148 224 1 794 17 0 1 0 0 32905 100 0 0
SEP
CPU laptop 1745515606 2025/04/24 20:26:46 1 100 12 146 102 1 919 16 0 1 0 0 41985 100 0 0
SEP
CPU laptop 1745515607 2025/04/24 20:26:47 1 100 12 118 214 0 855 4 0 0 0 0 43327 100 0 0
SEP
CPU laptop 1745515608 2025/04/24 20:26:48 1 100 12 134 224 1 814 15 0 1 0 0 37427 100 0 0
SEP
CPU laptop 1745515609 2025/04/24 20:26:49 1 100 12 150 126 1 889 17 0 2 0 0 47893 100 0 0
SEP
CPU laptop 1745515610 2025/04/24 20:26:50 1 100 12 136 182 1 858 11 0 1 0 0 41189 100 0 0
SEP
CPU laptop 1745515611 2025/04/24 20:26:51 1 100 12 127 232 0 823 7 0 0 0 0 31128 100 0 0
SEP
CPU laptop 1745515612 2025/04/24 20:26:52 1 100 12 146 223 1 796 17 0 1 0 0 36044 100 0 0
SEP
CPU laptop 1745515613 2025/04/24 20:26:53 1 100 12 141 94 1 932 18 0 0 0 0 44104 100 0 0
SEP
CPU laptop 1745515614 2025/04/24 20:26:54 1 100 12 110 215 0 866 1 0 1 0 0 28902 100 0 0
SEP
CPU laptop 1745515615 2025/04/24 20:26:55 1 100 12 143 226 1 799 17 0 1 0 0 35302 100 0 0
SEP
CPU laptop 1745515616 2025/04/24 20:26:56 1 100 12 142 98 1 924 18 0 1 0 0 43454 100 0 0
SEP
CPU laptop 1745515617 2025/04/24 20:26:57 1 100 12 118 206 0 867 3 0 0 0 0 38969 100 0 0
SEP
CPU laptop 1745515618 2025/04/24 20:26:58 1 100 12 142 230 1 796 16 0 0 0 0 38764 100 0 0
SEP
CPU laptop 1745515619 2025/04/24 20:26:59 1 100 12 144 89 1 923 21 0 2 0 0 43785 100 0 0
SEP
CPU laptop 1745515620 2025/04/24 20:27:00 1 100 12 118 217 0 852 4 0 1 0 0 43374 100 0 0
SEP
CPU laptop 1745515621 2025/04/24 20:27:01 1 100 12 132 228 0 813 13 0 0 0 0 34547 100 0 0
SEP
CPU laptop 1745515622 2025/04/24 20:27:02 1 100 12 144 199 1 824 18 0 1 0 0 47816 100 0 0
SEP
CPU laptop 1745515623 2025/04/24 20:27:03 1 100 12 139 103 1 928 14 0 0 0 0 46811 100 0 0
SEP
CPU laptop 1745515624 2025/04/24 20:27:04 1 100 12 116 226 0 846 4 0 1 0 0 32323 100 0 0
SEP
CPU laptop 1745515625 2025/04/24 20:27:05 1 100 12 145 227 1 788 18 0 1 0 0 37669 100 0 0
SEP
CPU laptop 1745515626 2025/04/24 20:27:06 1 100 12 144 86 1 934 17 0 2 0 0 44048 100 0 0
SEP
CPU laptop 1745515627 2025/04/24 20:27:07 1 100 12 119 211 0 859 3 0 1 0 0 38586 100 0 0
SEP
CPU laptop 1745515628 2025/04/24 20:27:08 1 100 12 138 229 1 787 30 0 0 0 0 30460 100 0 0
SEP
CPU laptop 1745515629 2025/04/24 20:27:09 1 100 12 144 89 1 934 17 0 2 0 0 45657 100 0 0
SEP
CPU laptop 1745515630 2025/04/24 20:27:10 1 100 12 113 210 0 867 3 0 1 0 0 43448 100 0 0
SEP
CPU laptop 1745515631 2025/04/24 20:27:11 1 100 12 146 230 0 794 15 0 1 0 0 42699 100 0 0
SEP
CPU laptop 1745515632 2025/04/24 20:27:12 1 100 12 152 92 1 920 18 0 2 0 0 30811 100 0 0
SEP
CPU laptop 1745515633 2025/04/24 20:27:13 1 100 12 125 209 1 843 11 0 0 0 0 43691 100 0 0
SEP
CPU laptop 1745515634 2025/04/24 20:27:14 1 100 12 129 233 0 820 8 0 0 0 0 30437 100 0 0
SEP
CPU laptop 1745515635 2025/04/24 20:27:15 1 100 12 146 226 1 792 20 0 1 0 0 35436 100 0 0
SEP
CPU laptop 1745515636 2025/04/24 20:27:16 1 100 12 153 99 1 918 16 0 1 0 0 45286 100 0 0
SEP
CPU laptop 1745515637 2025/04/24 20:27:17 1 100 12 112 209 0 870 2 0 0 0 0 44039 100 0 0
SEP
CPU laptop 1745515638 2025/04/24 20:27:18 1 100 12 145 222 0 793 18 0 1 0 0 36087 100 0 0
SEP
CPU laptop 1745515639 2025/04/24 20:27:19 1 100 12 146 93 1 926 17 0 1 0 0 45981 100 0 0
SEP
CPU laptop 1745515640 2025/04/24 20:27:20 1 100 12 119 210 0 860 3 0 1 0 0 39559 100 0 0
SEP
CPU laptop 1745515641 2025/04/24 20:27:21 1 100 12 135 226 1 810 15 0 1 0 0 33091 100 0 0
SEP
CPU laptop 1745515642 2025/04/24 20:27:22 1 100 12 146 95 1 922 19 0 0 0 0 33058 100 0 0
SEP
CPU laptop 1745515643 2025/04/24 20:27:23 1 100 12 130 271 0 784 9 0 1 0 0 47830 100 0 0
SEP
CPU laptop 1745515644 2025/04/24 20:27:24 1 100 12 138 252 0 797 6 0 0 0 0 31047 100 0 0
SEP
CPU laptop 1745515645 2025/04/24 20:27:25 1 100 12 144 231 1 791 16 0 3 0 0 34739 100 0 0
SEP
CPU laptop 1745515646 2025/04/24 20:27:26 1 100 12 145 93 1 927 19 0 1 0 0 38870 100 0 0
SEP
CPU laptop 1745515647 2025/04/24 20:27:27 1 100 12 113 210 0 867 4 0 0 0 0 39019 100 0 0
SEP
CPU laptop 1745515648 2025/04/24 20:27:28 1 100 12 134 224 1 812 18 0 1 0 0 31830 100 0 0
SEP
CPU laptop 1745515649 2025/04/24 20:27:29 1 100 12 146 108 0 906 18 0 2 0 0 47814 100 0 0
SEP
CPU laptop 1745515650 2025/04/24 20:27:30 1 100 12 129 188 1 856 16 0 1 0 0 43378 100 0 0
SEP
CPU laptop 1745515651 2025/04/24 20:27:31 1 100 12 127 228 0 829 4 0 2 0 0 33006 100 0 0
SEP
CPU laptop 1745515652 2025/04/24 20:27:32 1 100 12 143 228 1 791 18 0 1 0 0 37822 100 0 0
SEP
CPU laptop 1745515653 2025/04/24 20:27:33 1 100 12 142 91 1 933 17 0 1 0 0 39842 100 0 0
SEP
CPU laptop 1745515654 2025/04/24 20:27:34 1 100 12 115 210 0 864 5 0 0 0 0 36428 100 0 0
SEP
CPU laptop 1745515655 2025/04/24 20:27:35 1 100 12 135 227 1 805 16 0 2 0 0 37989 100 0 0
SEP
CPU laptop 1745515656 2025/04/24 20:27:36 1 100 12 149 102 1 915 17 0 3 0 0 37872 100 0 0
SEP
CPU laptop 1745515657 2025/04/24 20:27:37 1 100 12 110 221 0 857 6 0 1 0 0 44500 100 0 0
SEP
CPU laptop 1745515658 2025/04/24 20:27:38 1 100 12 147 236 1 782 17 0 1 0 0 38635 100 0 0
SEP
CPU laptop 1745515659 2025/04/24 20:27:39 1 100 12 144 98 0 921 20 0 1 0 0 34374 100 0 0
SEP
CPU laptop 1745515660 2025/04/24 20:27:40 1 100 12 118 218 1 849 8 0 1 0 0 35670 100 0 0
SEP
CPU laptop 1745515661 2025/04/24 20:27:41 1 100 12 136 230 0 811 9 0 1 0 0 35065 100 0 0
SEP
CPU laptop 1745515662 2025/04/24 20:27:42 1 100 12 138 218 1 808 17 0 1 0 0 47258 100 0 0
SEP
CPU laptop 1745515663 2025/04/24 20:27:43 1 100 12 139 97 1 937 17 0 1 0 0 41379 100 0 0
SEP
CPU laptop 1745515664 2025/04/24 20:27:44 1 100 12 118 218 0 851 3 0 1 0 0 34417 100 0 0
SEP
CPU laptop 1745515665 2025/04/24 20:27:45 1 100 12 143 228 0 792 18 0 1 0 0 33322 100 0 0
SEP
CPU laptop 1745515666 2025/04/24 20:27:46 1 100 12 141 94 1 932 16 0 1 0 0 41751 100 0 0
SEP
CPU laptop 1745515667 2025/04/24 20:27:47 1 100 12 126 212 0 851 3 0 1 0 0 38962 100 0 0
SEP
CPU laptop 1745515668 2025/04/24 20:27:48 1 100 12 148 237 1 784 16 0 0 0 0 36411 100 0 0
SEP
CPU laptop 1745515669 2025/04/24 20:27:49 1 100 12 149 86 1 926 18 0 1 0 0 33367 100 0 0
SEP
CPU laptop 1745515670 2025/04/24 20:27:50 1 100 12 133 239 0 806 11 0 1 0 0 47891 100 0 0
SEP
CPU laptop 1745515671 2025/04/24 20:27:51 1 100 12 129 229 0 818 11 0 0 0 0 33257 100 0 0
SEP
CPU laptop 1745515672 2025/04/24 20:27:52 1 100 12 144 204 1 815 19 0 1 0 0 47728 100 0 0
SEP
CPU laptop 1745515673 2025/04/24 20:27:53 1 100 12 124 127 1 921 17 0 1 0 0 39523 100 0 0
SEP
CPU laptop 1745515674 2025/04/24 20:27:54 1 100 12 129 235 0 816 9 0 1 0 0 38561 100 0 0
SEP
CPU laptop 1745515675 2025/04/24 20:27:55 1 100 12 146 227 0 792 18 0 1 0 0 40144 100 0 0
SEP
CPU laptop 1745515676 2025/04/24 20:27:56 1 100 12 136 91 1 937 18 0 1 0 0 39020 100 0 0
SEP
CPU laptop 1745515677 2025/04/24 20:27:57 1 100 12 112 213 0 866 1 0 0 0 0 45960 100 0 0
SEP
CPU laptop 1745515678 2025/04/24 20:27:58 1 100 12 136 227 1 800 19 0 1 0 0 31568 100 0 0
SEP
CPU laptop 1745515679 2025/04/24 20:27:59 1 100 12 146 89 1 924 20 0 1 0 0 35271 100 0 0
SEP
CPU laptop 1745515680 2025/04/24 20:28:00 1 100 12 119 216 0 847 7 0 0 0 0 44894 100 0 0
SEP
CPU laptop 1745515681 2025/04/24 20:28:01 1 100 12 132 229 0 817 9 0 0 0 0 33166 100 0 0
SEP
CPU laptop 1745515682 2025/04/24 20:28:02 1 100 12 142 224 1 799 15 0 1 0 0 33370 100 0 0
SEP
CPU laptop 1745515683 2025/04/24 20:28:03 1 100 12 142 92 1 936 16 0 0 0 0 44205 100 0 0
SEP
CPU laptop 1745515684 2025/04/24 20:28:04 1 100 12 117 209 0 864 4 0 1 0 0 39027 100 0 0
SEP
CPU laptop 1745515685 2025/04/24 20:28:05 1 100 12 128 234 1 808 15 0 1 0 0 37922 100 0 0
SEP
CPU laptop 1745515686 2025/04/24 20:28:06 1 100 12 154 97 1 914 18 0 1 0 0 36103 100 0 0
SEP
CPU laptop 1745515687 2025/04/24 20:28:07 1 100 12 125 221 0 833 8 0 0 0 0 45079 100 0 0
SEP
CPU laptop 1745515688 2025/04/24 20:28:08 1 100 12 138 230 0 814 10 0 0 0 0 37570 100 0 0
SEP
CPU laptop 1745515689 2025/04/24 20:28:09 1 100 12 142 220 1 804 19 0 1 0 0 44701 100 0 0
SEP
CPU laptop 1745515690 2025/04/24 20:28:10 1 100 12 139 98 1 932 16 0 1 0 0 39365 100 0 0
SEP
CPU laptop 1745515691 2025/04/24 20:28:11 1 100 12 116 214 0 859 2 0 1 0 0 34751 100 0 0
SEP
CPU laptop 1745515692 2025/04/24 20:28:12 1 100 12 139 233 1 790 20 0 1 0 0 32114 100 0 0
SEP
CPU laptop 1745515693 2025/04/24 20:28:13 1 100 12 145 92 1 924 18 0 2 0 0 31531 100 0 0
SEP
CPU laptop 1745515694 2025/04/24 20:28:14 1 100 12 122 220 0 843 7 0 0 0 0 37980 100 0 0
SEP
CPU laptop 1745515695 2025/04/24 20:28:15 1 100 12 128 232 1 819 11 0 0 0 0 36173 100 0 0
SEP
CPU laptop 1745515696 2025/04/24 20:28:16 1 100 12 139 220 1 801 20 0 1 0 0 47769 100 0 0
SEP
CPU laptop 1745515697 2025/04/24 20:28:17 1 100 12 142 97 0 932 16 0 1 0 0 46064 100 0 0
SEP
CPU laptop 1745515698 2025/04/24 20:28:18 1 100 12 117 215 0 857 3 0 1 0 0 39203 100 0 0
SEP
CPU laptop 1745515699 2025/04/24 20:28:19 1 100 12 147 219 1 791 25 0 1 0 0 36022 100 0 0
SEP
CPU laptop 1745515700 2025/04/24 20:28:20 1 100 12 144 96 1 930 15 0 1 0 0 43456 100 0 0
SEP
CPU laptop 1745515701 2025/04/24 20:28:21 1 100 12 114 210 0 867 2 0 1 0 0 45164 100 0 0
SEP
CPU laptop 1745515702 2025/04/24 20:28:22 1 100 12 147 229 1 791 19 0 1 0 0 38144 100 0 0
SEP
CPU laptop 1745515703 2025/04/24 20:28:23 1 100 12 145 91 1 926 18 0 1 0 0 44140 100 0 0
SEP
CPU laptop 1745515704 2025/04/24 20:28:24 1 100 12 116 218 0 856 4 0 2 0 0 38942 100 0 0
SEP
CPU laptop 1745515705 2025/04/24 20:28:25 1 100 12 132 231 1 810 15 0 0 0 0 40769 100 0 0
SEP
CPU laptop 1745515706 2025/04/24 20:28:26 1 100 12 104 47 0 1030 8 0 2 0 0 33050 100 0 0
SEP
CPU laptop 1745515707 2025/04/24 20:28:27 1 100 12 70 18 0 1107 1 0 0 0 0 27839 100 0 0
SEP
CPU laptop 1745515708 2025/04/24 20:28:28 1 100 12 73 14 0 1111 0 0 0 0 0 28963 100 0 0
SEP
CPU laptop 1745515709 2025/04/24 20:28:29 1 100 12 81 20 0 1095 1 0 0 0 0 28596 100 0 0
SEP
CPU laptop 1745515710 2025/04/24 20:28:30 1 100 12 69 16 0 1113 1 0 0 0 0 27439 100 0 0
SEP
CPU laptop 1745515711 2025/04/24 20:28:31 1 100 12 67 17 0 1111 2 0 0 0 0 28100 100 0 0
SEP
CPU laptop 1745515712 2025/04/24 20:28:32 1 100 12 71 16 0 1109 0 0 0 0 0 30441 100 0 0
SEP
CPU laptop 1745515713 2025/04/24 20:28:33 1 100 12 68 22 0 1108 1 0 0 0 0 27884 100 0 0
SEP
CPU laptop 1745515714 2025/04/24 20:28:34 1 100 12 67 17 0 1112 1 0 0 0 0 27525 100 0 0
SEP
CPU laptop 1745515715 2025/04/24 20:28:35 1 100 12 70 20 0 1107 1 0 0 0 0 26726 100 0 0
SEP
