1390 
1519 
1408 
1503 
1386 
1409 
1377 
1441 
1424 
1378 
1480 
1443 
1408 
1453 
1431 
1455 
1378 
1394 
1344 
1424 
1405 
1376 
1457 
1401 
1399 
1424 
1447 
1473 
1358 
1366 
1413 
1435 
1430 
1389 
1433 
1450 
1507 
1417 
1457 
1442 
1376 
1458 
1451 
1435 
1463 
1495 
1412 
1364 
1422 
1404 
1434 
1426 
1461 
1391 
1451 
1417 
1351 
1371 
1451 
1390 
1397 
1385 
1431 
1437 
1476 
1485 
1484 
1393 
1368 
1456 
1432 
1450 
1384 
1457 
1412 
1425 
1521 
1410 
1409 
1403 
1401 
1398 
1331 
1435 
1352 
1450 
1420 
1402 
1438 
1395 
1406 
1365 
1397 
1431 
1403 
1527 
1416 
1447 
1422 
1406 
