               total        used        free      shared  buff/cache   available
Mem:           14514        4221         657         151        9635        9804
Swap:           2147           3        2144
Total:         16662        4224        2802

               total        used        free      shared  buff/cache   available
Mem:           14514        4224         654         151        9635        9800
Swap:           2147           3        2144
Total:         16662        4228        2798

               total        used        free      shared  buff/cache   available
Mem:           14514        4220         660         149        9633        9806
Swap:           2147           3        2144
Total:         16662        4224        2804

               total        used        free      shared  buff/cache   available
Mem:           14514        4214         666         149        9633        9812
Swap:           2147           3        2144
Total:         16662        4217        2810

               total        used        free      shared  buff/cache   available
Mem:           14514        4212         669         149        9633        9815
Swap:           2147           3        2144
Total:         16662        4215        2813

               total        used        free      shared  buff/cache   available
Mem:           14514        4212         669         149        9633        9815
Swap:           2147           3        2144
Total:         16662        4215        2813

               total        used        free      shared  buff/cache   available
Mem:           14514        4206         675         149        9633        9821
Swap:           2147           3        2144
Total:         16662        4209        2819

               total        used        free      shared  buff/cache   available
Mem:           14514        4205         676         149        9633        9822
Swap:           2147           3        2144
Total:         16662        4208        2820

               total        used        free      shared  buff/cache   available
Mem:           14514        4204         677         149        9633        9823
Swap:           2147           3        2144
Total:         16662        4207        2821

               total        used        free      shared  buff/cache   available
Mem:           14514        4203         677         149        9633        9823
Swap:           2147           3        2144
Total:         16662        4206        2821

               total        used        free      shared  buff/cache   available
Mem:           14514        4202         678         149        9633        9824
Swap:           2147           3        2144
Total:         16662        4206        2822

               total        used        free      shared  buff/cache   available
Mem:           14514        4381         498         149        9634        9646
Swap:           2147           3        2144
Total:         16662        4384        2642

               total        used        free      shared  buff/cache   available
Mem:           14514        4356         520         151        9636        9668
Swap:           2147           3        2144
Total:         16662        4360        2664

               total        used        free      shared  buff/cache   available
Mem:           14514        4355         522         151        9635        9669
Swap:           2147           3        2144
Total:         16662        4359        2667

               total        used        free      shared  buff/cache   available
Mem:           14514        4412         462         152        9638        9611
Swap:           2147           3        2144
Total:         16662        4416        2606

               total        used        free      shared  buff/cache   available
Mem:           14514        4382         493         152        9638        9641
Swap:           2147           3        2144
Total:         16662        4386        2637

               total        used        free      shared  buff/cache   available
Mem:           14514        4351         526         152        9637        9673
Swap:           2147           3        2144
Total:         16662        4354        2670

               total        used        free      shared  buff/cache   available
Mem:           14514        4386         490         149        9637        9640
Swap:           2147           3        2144
Total:         16662        4390        2634

               total        used        free      shared  buff/cache   available
Mem:           14514        4396         483         149        9635        9631
Swap:           2147           3        2144
Total:         16662        4399        2627

               total        used        free      shared  buff/cache   available
Mem:           14514        4338         541         149        9634        9688
Swap:           2147           3        2144
Total:         16662        4342        2685

               total        used        free      shared  buff/cache   available
Mem:           14514        4328         549         149        9636        9699
Swap:           2147           3        2144
Total:         16662        4331        2693

               total        used        free      shared  buff/cache   available
Mem:           14514        4394         484         149        9635        9632
Swap:           2147           3        2144
Total:         16662        4398        2628

               total        used        free      shared  buff/cache   available
Mem:           14514        4338         540         149        9635        9688
Swap:           2147           3        2144
Total:         16662        4342        2684

               total        used        free      shared  buff/cache   available
Mem:           14514        4308         571         149        9634        9718
Swap:           2147           3        2144
Total:         16662        4312        2715

               total        used        free      shared  buff/cache   available
Mem:           14514        4438         439         149        9636        9588
Swap:           2147           3        2144
Total:         16662        4442        2583

               total        used        free      shared  buff/cache   available
Mem:           14514        4405         473         149        9636        9621
Swap:           2147           3        2144
Total:         16662        4408        2617

               total        used        free      shared  buff/cache   available
Mem:           14514        4381         498         149        9635        9646
Swap:           2147           3        2144
Total:         16662        4384        2642

               total        used        free      shared  buff/cache   available
Mem:           14514        4384         491         149        9638        9643
Swap:           2147           3        2144
Total:         16662        4387        2635

               total        used        free      shared  buff/cache   available
Mem:           14514        4445         433         149        9636        9582
Swap:           2147           3        2144
Total:         16662        4448        2577

               total        used        free      shared  buff/cache   available
Mem:           14514        4365         513         149        9635        9661
Swap:           2147           3        2144
Total:         16662        4369        2657

               total        used        free      shared  buff/cache   available
Mem:           14514        4374         501         149        9638        9652
Swap:           2147           3        2144
Total:         16662        4378        2645

               total        used        free      shared  buff/cache   available
Mem:           14514        4388         489         149        9636        9638
Swap:           2147           3        2144
Total:         16662        4392        2633

               total        used        free      shared  buff/cache   available
Mem:           14514        4336         541         149        9636        9690
Swap:           2147           3        2144
Total:         16662        4340        2685

               total        used        free      shared  buff/cache   available
Mem:           14514        4326         552         149        9635        9700
Swap:           2147           3        2144
Total:         16662        4329        2696

               total        used        free      shared  buff/cache   available
Mem:           14514        4420         457         149        9637        9607
Swap:           2147           3        2144
Total:         16662        4423        2601

               total        used        free      shared  buff/cache   available
Mem:           14514        4406         471         149        9637        9621
Swap:           2147           3        2144
Total:         16662        4409        2615

               total        used        free      shared  buff/cache   available
Mem:           14514        4386         491         149        9636        9640
Swap:           2147           3        2144
Total:         16662        4389        2635

               total        used        free      shared  buff/cache   available
Mem:           14514        4347         526         149        9639        9679
Swap:           2147           3        2144
Total:         16662        4351        2670

               total        used        free      shared  buff/cache   available
Mem:           14514        4389         487         149        9637        9637
Swap:           2147           3        2144
Total:         16662        4393        2631

               total        used        free      shared  buff/cache   available
Mem:           14514        4379         497         149        9637        9647
Swap:           2147           3        2144
Total:         16662        4382        2641

               total        used        free      shared  buff/cache   available
Mem:           14514        4354         523         149        9636        9673
Swap:           2147           3        2144
Total:         16662        4357        2667

               total        used        free      shared  buff/cache   available
Mem:           14514        4418         457         149        9638        9609
Swap:           2147           3        2144
Total:         16662        4421        2601

               total        used        free      shared  buff/cache   available
Mem:           14514        4392         483         149        9637        9634
Swap:           2147           3        2144
Total:         16662        4396        2627

               total        used        free      shared  buff/cache   available
Mem:           14514        4398         479         149        9637        9629
Swap:           2147           3        2144
Total:         16662        4401        2623

               total        used        free      shared  buff/cache   available
Mem:           14514        4365         505         152        9643        9659
Swap:           2147           3        2144
Total:         16662        4368        2649

               total        used        free      shared  buff/cache   available
Mem:           14514        4410         462         152        9641        9613
Swap:           2147           3        2144
Total:         16662        4414        2606

               total        used        free      shared  buff/cache   available
Mem:           14514        4392         480         152        9641        9631
Swap:           2147           3        2144
Total:         16662        4396        2624

               total        used        free      shared  buff/cache   available
Mem:           14514        4398         478         149        9637        9628
Swap:           2147           3        2144
Total:         16662        4402        2622

               total        used        free      shared  buff/cache   available
Mem:           14514        4439         436         149        9638        9588
Swap:           2147           3        2144
Total:         16662        4442        2580

               total        used        free      shared  buff/cache   available
Mem:           14514        4331         544         149        9638        9695
Swap:           2147           3        2144
Total:         16662        4335        2688

               total        used        free      shared  buff/cache   available
Mem:           14514        4358         518         149        9637        9668
Swap:           2147           3        2144
Total:         16662        4362        2662

               total        used        free      shared  buff/cache   available
Mem:           14514        4459         414         149        9640        9567
Swap:           2147           3        2144
Total:         16662        4463        2558

               total        used        free      shared  buff/cache   available
Mem:           14514        4417         457         149        9639        9609
Swap:           2147           3        2144
Total:         16662        4421        2601

               total        used        free      shared  buff/cache   available
Mem:           14514        4364         512         149        9638        9662
Swap:           2147           3        2144
Total:         16662        4367        2656

               total        used        free      shared  buff/cache   available
Mem:           14514        4381         491         149        9641        9646
Swap:           2147           3        2144
Total:         16662        4384        2635

               total        used        free      shared  buff/cache   available
Mem:           14514        4419         456         149        9639        9608
Swap:           2147           3        2144
Total:         16662        4422        2600

               total        used        free      shared  buff/cache   available
Mem:           14514        4390         484         149        9638        9636
Swap:           2147           3        2144
Total:         16662        4394        2628

               total        used        free      shared  buff/cache   available
Mem:           14514        4382         493         149        9638        9644
Swap:           2147           3        2144
Total:         16662        4386        2637

               total        used        free      shared  buff/cache   available
Mem:           14514        4468         406         149        9639        9558
Swap:           2147           3        2144
Total:         16662        4472        2550

               total        used        free      shared  buff/cache   available
Mem:           14514        4431         443         149        9639        9595
Swap:           2147           3        2144
Total:         16662        4435        2587

               total        used        free      shared  buff/cache   available
Mem:           14514        4417         458         149        9638        9609
Swap:           2147           3        2144
Total:         16662        4421        2602

               total        used        free      shared  buff/cache   available
Mem:           14514        4457         414         149        9642        9569
Swap:           2147           3        2144
Total:         16662        4460        2558

               total        used        free      shared  buff/cache   available
Mem:           14514        4446         428         149        9639        9580
Swap:           2147           3        2144
Total:         16662        4449        2572

               total        used        free      shared  buff/cache   available
Mem:           14514        4403         472         149        9638        9623
Swap:           2147           3        2144
Total:         16662        4406        2616

               total        used        free      shared  buff/cache   available
Mem:           14514        4404         467         149        9642        9622
Swap:           2147           3        2144
Total:         16662        4408        2611

               total        used        free      shared  buff/cache   available
Mem:           14514        4405         469         149        9640        9622
Swap:           2147           3        2144
Total:         16662        4408        2613

               total        used        free      shared  buff/cache   available
Mem:           14514        4403         472         149        9639        9624
Swap:           2147           3        2144
Total:         16662        4406        2616

               total        used        free      shared  buff/cache   available
Mem:           14514        4378         495         149        9641        9649
Swap:           2147           3        2144
Total:         16662        4381        2639

               total        used        free      shared  buff/cache   available
Mem:           14514        4430         443         149        9640        9596
Swap:           2147           3        2144
Total:         16662        4434        2587

               total        used        free      shared  buff/cache   available
Mem:           14514        4402         471         149        9640        9624
Swap:           2147           3        2144
Total:         16662        4406        2615

               total        used        free      shared  buff/cache   available
Mem:           14514        4408         467         149        9639        9619
Swap:           2147           3        2144
Total:         16662        4411        2611

               total        used        free      shared  buff/cache   available
Mem:           14514        4495         378         149        9641        9531
Swap:           2147           3        2144
Total:         16662        4498        2522

               total        used        free      shared  buff/cache   available
Mem:           14514        4435         438         149        9641        9591
Swap:           2147           3        2144
Total:         16662        4438        2582

               total        used        free      shared  buff/cache   available
Mem:           14514        4415         459         149        9640        9612
Swap:           2147           3        2144
Total:         16662        4418        2603

               total        used        free      shared  buff/cache   available
Mem:           14514        4393         474         152        9646        9630
Swap:           2147           3        2144
Total:         16662        4396        2618

               total        used        free      shared  buff/cache   available
Mem:           14514        4415         455         152        9644        9608
Swap:           2147           3        2144
Total:         16662        4418        2599

               total        used        free      shared  buff/cache   available
Mem:           14514        4372         498         152        9643        9651
Swap:           2147           3        2144
Total:         16662        4376        2642

               total        used        free      shared  buff/cache   available
Mem:           14514        4367         503         149        9643        9659
Swap:           2147           3        2144
Total:         16662        4370        2647

               total        used        free      shared  buff/cache   available
Mem:           14514        4385         487         149        9641        9641
Swap:           2147           3        2144
Total:         16662        4388        2631

               total        used        free      shared  buff/cache   available
Mem:           14514        4351         521         149        9641        9675
Swap:           2147           3        2144
Total:         16662        4355        2665

               total        used        free      shared  buff/cache   available
Mem:           14514        4328         545         149        9640        9699
Swap:           2147           3        2144
Total:         16662        4331        2689

               total        used        free      shared  buff/cache   available
Mem:           14514        4434         437         149        9642        9592
Swap:           2147           3        2144
Total:         16662        4438        2581

               total        used        free      shared  buff/cache   available
Mem:           14514        4416         456         149        9642        9610
Swap:           2147           3        2144
Total:         16662        4419        2600

               total        used        free      shared  buff/cache   available
Mem:           14514        4379         494         149        9641        9647
Swap:           2147           3        2144
Total:         16662        4382        2638

               total        used        free      shared  buff/cache   available
Mem:           14514        4348         521         149        9644        9678
Swap:           2147           3        2144
Total:         16662        4352        2665

               total        used        free      shared  buff/cache   available
Mem:           14514        4359         513         149        9642        9667
Swap:           2147           3        2144
Total:         16662        4362        2657

               total        used        free      shared  buff/cache   available
Mem:           14514        4345         527         149        9641        9681
Swap:           2147           3        2144
Total:         16662        4348        2671

               total        used        free      shared  buff/cache   available
Mem:           14514        4344         525         149        9644        9682
Swap:           2147           3        2144
Total:         16662        4347        2669

               total        used        free      shared  buff/cache   available
Mem:           14514        4391         480         149        9642        9635
Swap:           2147           3        2144
Total:         16662        4395        2624

               total        used        free      shared  buff/cache   available
Mem:           14514        4362         510         149        9642        9665
Swap:           2147           3        2144
Total:         16662        4365        2654

               total        used        free      shared  buff/cache   available
Mem:           14514        4356         516         149        9641        9671
Swap:           2147           3        2144
Total:         16662        4359        2661

               total        used        free      shared  buff/cache   available
Mem:           14514        4398         472         149        9643        9628
Swap:           2147           3        2144
Total:         16662        4401        2616

               total        used        free      shared  buff/cache   available
Mem:           14514        4382         489         149        9643        9644
Swap:           2147           3        2144
Total:         16662        4385        2633

               total        used        free      shared  buff/cache   available
Mem:           14514        4365         506         149        9641        9661
Swap:           2147           3        2144
Total:         16662        4369        2651

               total        used        free      shared  buff/cache   available
Mem:           14514        4342         526         149        9645        9684
Swap:           2147           3        2144
Total:         16662        4346        2670

               total        used        free      shared  buff/cache   available
Mem:           14514        4399         471         149        9643        9627
Swap:           2147           3        2144
Total:         16662        4402        2616

               total        used        free      shared  buff/cache   available
Mem:           14514        4344         526         149        9643        9682
Swap:           2147           3        2144
Total:         16662        4348        2670

               total        used        free      shared  buff/cache   available
Mem:           14514        4310         562         149        9642        9717
Swap:           2147           3        2144
Total:         16662        4313        2706

               total        used        free      shared  buff/cache   available
Mem:           14514        4417         452         149        9644        9609
Swap:           2147           3        2144
Total:         16662        4420        2596

               total        used        free      shared  buff/cache   available
Mem:           14514        4394         476         149        9643        9632
Swap:           2147           3        2144
Total:         16662        4397        2620

               total        used        free      shared  buff/cache   available
Mem:           14514        4384         487         149        9642        9642
Swap:           2147           3        2144
Total:         16662        4387        2631

               total        used        free      shared  buff/cache   available
Mem:           14514        4378         490         149        9646        9648
Swap:           2147           3        2144
Total:         16662        4381        2634

               total        used        free      shared  buff/cache   available
Mem:           14514        4390         480         149        9643        9636
Swap:           2147           3        2144
Total:         16662        4393        2624

               total        used        free      shared  buff/cache   available
Mem:           14514        4356         515         149        9643        9670
Swap:           2147           3        2144
Total:         16662        4359        2659

               total        used        free      shared  buff/cache   available
Mem:           14514        4310         554         152        9649        9713
Swap:           2147           3        2144
Total:         16662        4313        2698

               total        used        free      shared  buff/cache   available
Mem:           14514        4353         514         152        9647        9670
Swap:           2147           3        2144
Total:         16662        4356        2658

               total        used        free      shared  buff/cache   available
Mem:           14514        4311         556         152        9646        9712
Swap:           2147           3        2144
Total:         16662        4315        2700

               total        used        free      shared  buff/cache   available
Mem:           14514        4309         561         149        9643        9716
Swap:           2147           3        2144
Total:         16662        4313        2705

               total        used        free      shared  buff/cache   available
Mem:           14514        4409         460         149        9644        9617
Swap:           2147           3        2144
Total:         16662        4412        2604

               total        used        free      shared  buff/cache   available
Mem:           14514        4373         496         149        9644        9653
Swap:           2147           3        2144
Total:         16662        4377        2640

               total        used        free      shared  buff/cache   available
Mem:           14514        4342         528         149        9643        9685
Swap:           2147           3        2144
Total:         16662        4345        2673

               total        used        free      shared  buff/cache   available
Mem:           14514        4446         421         149        9646        9580
Swap:           2147           3        2144
Total:         16662        4450        2565

               total        used        free      shared  buff/cache   available
Mem:           14514        4403         466         149        9644        9623
Swap:           2147           3        2144
Total:         16662        4406        2610

               total        used        free      shared  buff/cache   available
Mem:           14514        4396         474         149        9643        9630
Swap:           2147           3        2144
Total:         16662        4399        2618

               total        used        free      shared  buff/cache   available
Mem:           14514        4348         518         149        9647        9678
Swap:           2147           3        2144
Total:         16662        4351        2662

               total        used        free      shared  buff/cache   available
Mem:           14514        4369         499         149        9645        9657
Swap:           2147           3        2144
Total:         16662        4373        2643

               total        used        free      shared  buff/cache   available
Mem:           14514        4364         505         149        9644        9662
Swap:           2147           3        2144
Total:         16662        4368        2649

               total        used        free      shared  buff/cache   available
Mem:           14514        4365         504         149        9644        9661
Swap:           2147           3        2144
Total:         16662        4369        2648

               total        used        free      shared  buff/cache   available
Mem:           14514        4412         456         149        9645        9614
Swap:           2147           3        2144
Total:         16662        4415        2600

               total        used        free      shared  buff/cache   available
Mem:           14514        4386         482         149        9645        9640
Swap:           2147           3        2144
Total:         16662        4389        2626

               total        used        free      shared  buff/cache   available
Mem:           14514        4371         499         149        9644        9655
Swap:           2147           3        2144
Total:         16662        4374        2643

               total        used        free      shared  buff/cache   available
Mem:           14514        4481         387         149        9645        9545
Swap:           2147           3        2144
Total:         16662        4485        2531

               total        used        free      shared  buff/cache   available
Mem:           14514        4448         420         149        9645        9578
Swap:           2147           3        2144
Total:         16662        4451        2564

               total        used        free      shared  buff/cache   available
Mem:           14514        4401         467         149        9644        9625
Swap:           2147           3        2144
Total:         16662        4405        2611

               total        used        free      shared  buff/cache   available
Mem:           14514        4417         448         149        9648        9609
Swap:           2147           3        2144
Total:         16662        4421        2592

               total        used        free      shared  buff/cache   available
Mem:           14514        4459         409         149        9646        9567
Swap:           2147           3        2144
Total:         16662        4462        2553

               total        used        free      shared  buff/cache   available
Mem:           14514        4406         462         149        9645        9620
Swap:           2147           3        2144
Total:         16662        4409        2607

               total        used        free      shared  buff/cache   available
Mem:           14514        4417         451         149        9645        9609
Swap:           2147           3        2144
Total:         16662        4421        2595

               total        used        free      shared  buff/cache   available
Mem:           14514        4471         396         149        9647        9555
Swap:           2147           3        2144
Total:         16662        4474        2540

               total        used        free      shared  buff/cache   available
Mem:           14514        4439         428         149        9646        9587
Swap:           2147           3        2144
Total:         16662        4442        2573

               total        used        free      shared  buff/cache   available
Mem:           14514        4438         430         149        9645        9588
Swap:           2147           3        2144
Total:         16662        4442        2574

               total        used        free      shared  buff/cache   available
Mem:           14514        4435         430         149        9648        9591
Swap:           2147           3        2144
Total:         16662        4438        2574

               total        used        free      shared  buff/cache   available
Mem:           14514        4420         447         149        9646        9606
Swap:           2147           3        2144
Total:         16662        4423        2591

               total        used        free      shared  buff/cache   available
Mem:           14514        4406         461         149        9646        9620
Swap:           2147           3        2144
Total:         16662        4409        2605

               total        used        free      shared  buff/cache   available
Mem:           14514        4394         471         152        9648        9629
Swap:           2147           3        2144
Total:         16662        4397        2615

               total        used        free      shared  buff/cache   available
Mem:           14514        4467         396         152        9650        9556
Swap:           2147           3        2144
Total:         16662        4470        2540

               total        used        free      shared  buff/cache   available
Mem:           14514        4416         447         152        9650        9607
Swap:           2147           3        2144
Total:         16662        4420        2592

               total        used        free      shared  buff/cache   available
Mem:           14514        4374         493         149        9646        9652
Swap:           2147           3        2144
Total:         16662        4378        2637

               total        used        free      shared  buff/cache   available
Mem:           14514        4369         495         149        9649        9657
Swap:           2147           3        2144
Total:         16662        4372        2639

               total        used        free      shared  buff/cache   available
Mem:           14514        4398         468         149        9647        9628
Swap:           2147           3        2144
Total:         16662        4401        2613

               total        used        free      shared  buff/cache   available
Mem:           14514        4391         476         149        9646        9635
Swap:           2147           3        2144
Total:         16662        4394        2620

               total        used        free      shared  buff/cache   available
Mem:           14514        4363         504         149        9646        9663
Swap:           2147           3        2144
Total:         16662        4367        2648

               total        used        free      shared  buff/cache   available
Mem:           14514        4443         423         149        9648        9583
Swap:           2147           3        2144
Total:         16662        4446        2567

               total        used        free      shared  buff/cache   available
Mem:           14514        4380         486         149        9647        9646
Swap:           2147           3        2144
Total:         16662        4383        2630

               total        used        free      shared  buff/cache   available
Mem:           14514        4381         486         149        9646        9645
Swap:           2147           3        2144
Total:         16662        4384        2630

               total        used        free      shared  buff/cache   available
Mem:           14514        4349         515         149        9650        9677
Swap:           2147           3        2144
Total:         16662        4352        2659

               total        used        free      shared  buff/cache   available
Mem:           14514        4386         480         149        9648        9640
Swap:           2147           3        2144
Total:         16662        4389        2624

               total        used        free      shared  buff/cache   available
Mem:           14514        4383         483         149        9647        9643
Swap:           2147           3        2144
Total:         16662        4387        2627

               total        used        free      shared  buff/cache   available
Mem:           14514        4383         480         149        9650        9643
Swap:           2147           3        2144
Total:         16662        4386        2624

               total        used        free      shared  buff/cache   available
Mem:           14514        4420         445         149        9648        9606
Swap:           2147           3        2144
Total:         16662        4423        2589

               total        used        free      shared  buff/cache   available
Mem:           14514        4375         491         149        9647        9651
Swap:           2147           3        2144
Total:         16662        4379        2635

               total        used        free      shared  buff/cache   available
Mem:           14514        4375         488         149        9649        9651
Swap:           2147           3        2144
Total:         16662        4379        2632

               total        used        free      shared  buff/cache   available
Mem:           14514        4438         427         149        9648        9588
Swap:           2147           3        2144
Total:         16662        4441        2571

               total        used        free      shared  buff/cache   available
Mem:           14514        4339         527         149        9647        9687
Swap:           2147           3        2144
Total:         16662        4342        2672

               total        used        free      shared  buff/cache   available
Mem:           14514        4324         542         149        9647        9702
Swap:           2147           3        2144
Total:         16662        4328        2686

               total        used        free      shared  buff/cache   available
Mem:           14514        4314         552         149        9647        9712
Swap:           2147           3        2144
Total:         16662        4317        2696

               total        used        free      shared  buff/cache   available
Mem:           14514        4243         623         149        9647        9783
Swap:           2147           3        2144
Total:         16662        4246        2767

               total        used        free      shared  buff/cache   available
Mem:           14514        4219         647         149        9647        9807
Swap:           2147           3        2144
Total:         16662        4223        2791

               total        used        free      shared  buff/cache   available
Mem:           14514        4206         660         149        9647        9820
Swap:           2147           3        2144
Total:         16662        4209        2804

               total        used        free      shared  buff/cache   available
Mem:           14514        4199         667         149        9647        9827
Swap:           2147           3        2144
Total:         16662        4202        2812

               total        used        free      shared  buff/cache   available
Mem:           14514        4196         670         149        9647        9830
Swap:           2147           3        2144
Total:         16662        4200        2814

               total        used        free      shared  buff/cache   available
Mem:           14514        4192         674         149        9647        9834
Swap:           2147           3        2144
Total:         16662        4196        2818

               total        used        free      shared  buff/cache   available
Mem:           14514        4183         683         149        9647        9843
Swap:           2147           3        2144
Total:         16662        4186        2827
