RESET
CPU yadrolab-wp11 1745508497 2025/04/24 18:28:17 2095120 100 24 14576475 19640732 1133262 4988738383 144729 0 15662 0 0 78505 100 0 0
SEP
CPU yadrolab-wp11 1745508498 2025/04/24 18:28:18 1 100 24 13 6 1 2377 0 0 0 0 0 76720 100 0 0
SEP
CPU yadrolab-wp11 1745508499 2025/04/24 18:28:19 1 100 24 17 4 0 2374 0 0 0 0 0 75743 100 0 0
SEP
CPU yadrolab-wp11 1745508500 2025/04/24 18:28:20 1 100 24 15 5 3 2374 0 0 0 0 0 74400 100 0 0
SEP
CPU yadrolab-wp11 1745508501 2025/04/24 18:28:21 1 100 24 11 5 2 2376 0 0 0 0 0 76434 100 0 0
SEP
CPU yadrolab-wp11 1745508502 2025/04/24 18:28:22 1 100 24 17 7 6 2368 0 0 1 0 0 74467 100 0 0
SEP
CPU yadrolab-wp11 1745508503 2025/04/24 18:28:23 1 100 24 15 8 2 2371 0 0 0 0 0 74688 100 0 0
SEP
CPU yadrolab-wp11 1745508504 2025/04/24 18:28:24 1 100 24 18 7 2 2371 0 0 0 0 0 76036 100 0 0
SEP
CPU yadrolab-wp11 1745508505 2025/04/24 18:28:25 1 100 24 14 10 1 2374 0 0 0 0 0 75703 100 0 0
SEP
CPU yadrolab-wp11 1745508506 2025/04/24 18:28:26 1 100 24 14 7 2 2375 0 0 0 0 0 76503 100 0 0
SEP
CPU yadrolab-wp11 1745508507 2025/04/24 18:28:27 1 100 24 20 5 4 2368 0 0 0 0 0 71999 100 0 0
SEP
CPU yadrolab-wp11 1745508508 2025/04/24 18:28:28 1 100 24 76 507 3 1780 3 0 0 0 0 77576 100 0 0
SEP
CPU yadrolab-wp11 1745508509 2025/04/24 18:28:29 1 100 24 91 525 4 1758 3 0 0 0 0 77179 100 0 0
SEP
CPU yadrolab-wp11 1745508510 2025/04/24 18:28:30 1 100 24 90 351 6 1925 3 0 0 0 0 83539 100 0 0
SEP
CPU yadrolab-wp11 1745508511 2025/04/24 18:28:31 1 100 24 82 523 4 1752 2 0 0 0 0 75508 100 0 0
SEP
CPU yadrolab-wp11 1745508512 2025/04/24 18:28:32 1 100 24 116 547 5 1712 3 0 0 0 0 74408 100 0 0
SEP
CPU yadrolab-wp11 1745508513 2025/04/24 18:28:33 1 100 24 95 548 6 1744 3 0 1 0 0 76432 100 0 0
SEP
CPU yadrolab-wp11 1745508514 2025/04/24 18:28:34 1 100 24 75 517 3 1786 3 0 0 0 0 79811 100 0 0
SEP
CPU yadrolab-wp11 1745508515 2025/04/24 18:28:35 1 100 24 96 536 2 1737 3 0 0 0 0 81104 100 0 0
SEP
CPU yadrolab-wp11 1745508516 2025/04/24 18:28:36 1 100 24 84 525 5 1761 3 0 0 0 0 62513 100 0 0
SEP
CPU yadrolab-wp11 1745508517 2025/04/24 18:28:37 1 100 24 76 528 3 1780 3 0 0 0 0 77118 100 0 0
SEP
CPU yadrolab-wp11 1745508518 2025/04/24 18:28:38 1 100 24 80 518 6 1773 4 0 0 0 0 84336 100 0 0
SEP
CPU yadrolab-wp11 1745508519 2025/04/24 18:28:39 1 100 24 81 513 4 1767 9 0 0 0 0 73782 100 0 0
SEP
CPU yadrolab-wp11 1745508520 2025/04/24 18:28:40 1 100 24 84 529 5 1768 7 0 0 0 0 77979 100 0 0
SEP
CPU yadrolab-wp11 1745508521 2025/04/24 18:28:41 1 100 24 107 555 7 1707 13 0 0 0 0 77458 100 0 0
SEP
CPU yadrolab-wp11 1745508522 2025/04/24 18:28:42 1 100 24 83 495 5 1795 5 0 0 0 0 107822 100 0 0
SEP
CPU yadrolab-wp11 1745508523 2025/04/24 18:28:43 1 100 24 123 429 3 1804 11 0 0 0 0 73347 100 0 0
SEP
CPU yadrolab-wp11 1745508524 2025/04/24 18:28:44 1 100 24 83 507 4 1758 11 0 0 0 0 77144 100 0 0
SEP
CPU yadrolab-wp11 1745508525 2025/04/24 18:28:45 1 100 24 113 547 4 1707 9 0 0 0 0 76991 100 0 0
SEP
CPU yadrolab-wp11 1745508526 2025/04/24 18:28:46 1 100 24 114 538 3 1694 11 0 0 0 0 84056 100 0 0
SEP
CPU yadrolab-wp11 1745508527 2025/04/24 18:28:47 1 100 24 86 335 4 1945 8 0 0 0 0 77621 100 0 0
SEP
CPU yadrolab-wp11 1745508528 2025/04/24 18:28:48 1 100 24 88 523 5 1742 10 0 0 0 0 75319 100 0 0
SEP
CPU yadrolab-wp11 1745508529 2025/04/24 18:28:49 1 100 24 124 554 5 1690 8 0 0 0 0 77242 100 0 0
SEP
CPU yadrolab-wp11 1745508530 2025/04/24 18:28:50 1 100 24 131 444 3 1789 14 0 0 0 0 107852 100 0 0
SEP
CPU yadrolab-wp11 1745508531 2025/04/24 18:28:51 1 100 24 122 536 7 1711 15 0 0 0 0 75858 100 0 0
SEP
CPU yadrolab-wp11 1745508532 2025/04/24 18:28:52 1 100 24 70 527 4 1783 8 0 0 0 0 74539 100 0 0
SEP
CPU yadrolab-wp11 1745508533 2025/04/24 18:28:53 1 100 24 91 537 10 1745 8 0 0 0 0 78525 100 0 0
SEP
CPU yadrolab-wp11 1745508534 2025/04/24 18:28:54 1 100 24 100 566 3 1696 11 0 0 0 0 80051 100 0 0
SEP
CPU yadrolab-wp11 1745508535 2025/04/24 18:28:55 1 100 24 85 330 4 1946 11 0 0 0 0 76596 100 0 0
SEP
CPU yadrolab-wp11 1745508536 2025/04/24 18:28:56 1 100 24 67 528 6 1761 6 0 0 0 0 77587 100 0 0
SEP
CPU yadrolab-wp11 1745508537 2025/04/24 18:28:57 1 100 24 104 546 3 1715 10 0 0 0 0 78509 100 0 0
SEP
CPU yadrolab-wp11 1745508538 2025/04/24 18:28:58 1 100 24 103 342 7 1919 8 0 0 0 0 76164 100 0 0
SEP
CPU yadrolab-wp11 1745508539 2025/04/24 18:28:59 1 100 24 79 534 5 1758 10 0 0 0 0 60707 100 0 0
SEP
CPU yadrolab-wp11 1745508540 2025/04/24 18:29:00 1 100 24 114 552 13 1684 14 0 0 0 0 76954 100 0 0
SEP
CPU yadrolab-wp11 1745508541 2025/04/24 18:29:01 1 100 24 132 392 6 1840 10 0 0 0 0 107833 100 0 0
SEP
CPU yadrolab-wp11 1745508542 2025/04/24 18:29:02 1 100 24 116 556 6 1683 11 0 0 0 0 75892 100 0 0
SEP
CPU yadrolab-wp11 1745508543 2025/04/24 18:29:03 1 100 24 88 515 5 1776 8 0 0 0 0 66188 100 0 0
SEP
CPU yadrolab-wp11 1745508544 2025/04/24 18:29:04 1 100 24 94 546 5 1720 11 0 0 0 0 77697 100 0 0
SEP
CPU yadrolab-wp11 1745508545 2025/04/24 18:29:05 1 100 24 92 567 5 1705 10 0 0 0 0 75348 100 0 0
SEP
CPU yadrolab-wp11 1745508546 2025/04/24 18:29:06 1 100 24 95 327 3 1942 9 0 0 0 0 75731 100 0 0
SEP
CPU yadrolab-wp11 1745508547 2025/04/24 18:29:07 1 100 24 96 530 2 1746 10 0 0 0 0 73209 100 0 0
SEP
CPU yadrolab-wp11 1745508548 2025/04/24 18:29:08 1 100 24 85 533 6 1743 7 0 0 0 0 77646 100 0 0
SEP
CPU yadrolab-wp11 1745508549 2025/04/24 18:29:09 1 100 24 123 550 4 1713 14 0 0 0 0 77047 100 0 0
SEP
CPU yadrolab-wp11 1745508550 2025/04/24 18:29:10 1 100 24 125 354 6 1870 11 0 1 0 0 74980 100 0 0
SEP
CPU yadrolab-wp11 1745508551 2025/04/24 18:29:11 1 100 24 98 524 2 1736 14 0 0 0 0 78246 100 0 0
SEP
CPU yadrolab-wp11 1745508552 2025/04/24 18:29:12 1 100 24 71 540 4 1757 7 0 0 0 0 70561 100 0 0
SEP
CPU yadrolab-wp11 1745508553 2025/04/24 18:29:13 1 100 24 109 539 5 1729 9 0 0 0 0 77063 100 0 0
SEP
CPU yadrolab-wp11 1745508554 2025/04/24 18:29:14 1 100 24 117 535 7 1718 6 0 0 0 0 80159 100 0 0
SEP
CPU yadrolab-wp11 1745508555 2025/04/24 18:29:15 1 100 24 105 379 5 1900 9 0 0 0 0 76327 100 0 0
SEP
CPU yadrolab-wp11 1745508556 2025/04/24 18:29:16 1 100 24 71 521 1 1758 4 0 0 0 0 75243 100 0 0
SEP
CPU yadrolab-wp11 1745508557 2025/04/24 18:29:17 1 100 24 90 523 3 1771 7 0 0 0 0 82411 100 0 0
SEP
CPU yadrolab-wp11 1745508558 2025/04/24 18:29:18 1 100 24 59 473 6 1830 2 0 0 0 0 77263 100 0 0
SEP
CPU yadrolab-wp11 1745508559 2025/04/24 18:29:19 1 100 24 78 516 3 1781 3 0 0 0 0 77782 100 0 0
SEP
CPU yadrolab-wp11 1745508560 2025/04/24 18:29:20 1 100 24 80 516 3 1787 5 0 0 0 0 77987 100 0 0
SEP
CPU yadrolab-wp11 1745508561 2025/04/24 18:29:21 1 100 24 66 508 5 1782 2 0 0 0 0 75376 100 0 0
SEP
CPU yadrolab-wp11 1745508562 2025/04/24 18:29:22 1 100 24 106 518 5 1740 5 0 0 0 0 76913 100 0 0
SEP
CPU yadrolab-wp11 1745508563 2025/04/24 18:29:23 1 100 24 23 21 1 2340 2 0 0 0 0 74453 100 0 0
SEP
CPU yadrolab-wp11 1745508564 2025/04/24 18:29:24 1 100 24 17 6 1 2371 0 0 0 0 0 75645 100 0 0
SEP
CPU yadrolab-wp11 1745508565 2025/04/24 18:29:25 1 100 24 14 10 2 2371 0 0 0 0 0 76505 100 0 0
SEP
CPU yadrolab-wp11 1745508566 2025/04/24 18:29:26 1 100 24 22 17 1 2351 0 0 0 0 0 74445 100 0 0
SEP
CPU yadrolab-wp11 1745508567 2025/04/24 18:29:27 1 100 24 16 7 2 2373 0 0 0 0 0 75742 100 0 0
SEP
CPU yadrolab-wp11 1745508568 2025/04/24 18:29:28 1 100 24 12 8 2 2371 0 0 0 0 0 76765 100 0 0
SEP
CPU yadrolab-wp11 1745508569 2025/04/24 18:29:29 1 100 24 15 6 2 2376 0 0 0 0 0 76549 100 0 0
SEP
CPU yadrolab-wp11 1745508570 2025/04/24 18:29:30 1 100 24 19 4 6 2368 0 0 0 0 0 76143 100 0 0
SEP
CPU yadrolab-wp11 1745508571 2025/04/24 18:29:31 1 100 24 15 6 0 2374 0 0 0 0 0 76452 100 0 0
SEP
CPU yadrolab-wp11 1745508572 2025/04/24 18:29:32 1 100 24 13 8 2 2374 0 0 0 0 0 76376 100 0 0
SEP
