976 
970 
990 
956 
996 
878 
736 
784 
755 
769 
741 
720 
767 
723 
843 
750 
795 
796 
748 
731 
720 
748 
813 
752 
769 
705 
798 
727 
787 
797 
735 
752 
771 
761 
737 
726 
765 
767 
727 
788 
752 
791 
799 
791 
716 
772 
732 
772 
700 
751 
729 
747 
777 
751 
771 
744 
773 
743 
826 
736 
748 
723 
809 
757 
819 
768 
781 
794 
729 
727 
762 
760 
752 
732 
723 
695 
730 
708 
726 
733 
730 
773 
782 
789 
786 
776 
742 
784 
753 
747 
834 
781 
715 
770 
766 
730 
787 
763 
801 
738 
