               total        used        free      shared  buff/cache   available
Mem:           14514        3763        1438         164        9312       10248
Swap:           2147           3        2144
Total:         16662        3767        3582

               total        used        free      shared  buff/cache   available
Mem:           14514        3756        1445         164        9312       10254
Swap:           2147           3        2144
Total:         16662        3760        3589

               total        used        free      shared  buff/cache   available
Mem:           14514        3755        1450         161        9309       10259
Swap:           2147           3        2144
Total:         16662        3758        3594

               total        used        free      shared  buff/cache   available
Mem:           14514        3744        1460         161        9309       10270
Swap:           2147           3        2144
Total:         16662        3748        3604

               total        used        free      shared  buff/cache   available
Mem:           14514        3744        1461         161        9309       10271
Swap:           2147           3        2144
Total:         16662        3747        3605

               total        used        free      shared  buff/cache   available
Mem:           14514        3739        1466         161        9309       10276
Swap:           2147           3        2144
Total:         16662        3742        3610

               total        used        free      shared  buff/cache   available
Mem:           14514        3738        1467         161        9309       10277
Swap:           2147           3        2144
Total:         16662        3741        3611

               total        used        free      shared  buff/cache   available
Mem:           14514        3731        1473         161        9309       10283
Swap:           2147           3        2144
Total:         16662        3735        3617

               total        used        free      shared  buff/cache   available
Mem:           14514        3730        1474         161        9309       10284
Swap:           2147           3        2144
Total:         16662        3734        3618

               total        used        free      shared  buff/cache   available
Mem:           14514        3730        1475         161        9309       10284
Swap:           2147           3        2144
Total:         16662        3733        3619

               total        used        free      shared  buff/cache   available
Mem:           14514        3731        1474         161        9309       10283
Swap:           2147           3        2144
Total:         16662        3734        3618

               total        used        free      shared  buff/cache   available
Mem:           14514        3781        1423         161        9309       10233
Swap:           2147           3        2144
Total:         16662        3784        3567

               total        used        free      shared  buff/cache   available
Mem:           14514        3807        1390         167        9316       10201
Swap:           2147           3        2144
Total:         16662        3811        3534

               total        used        free      shared  buff/cache   available
Mem:           14514        3802        1395         167        9316       10205
Swap:           2147           3        2144
Total:         16662        3806        3539

               total        used        free      shared  buff/cache   available
Mem:           14514        3801        1400         164        9313       10210
Swap:           2147           3        2144
Total:         16662        3804        3544

               total        used        free      shared  buff/cache   available
Mem:           14514        3826        1377         161        9310       10188
Swap:           2147           3        2144
Total:         16662        3830        3521

               total        used        free      shared  buff/cache   available
Mem:           14514        3825        1377         161        9310       10189
Swap:           2147           3        2144
Total:         16662        3829        3521

               total        used        free      shared  buff/cache   available
Mem:           14514        3842        1360         161        9312       10172
Swap:           2147           3        2144
Total:         16662        3845        3504

               total        used        free      shared  buff/cache   available
Mem:           14514        3822        1379         161        9312       10192
Swap:           2147           3        2144
Total:         16662        3826        3523

               total        used        free      shared  buff/cache   available
Mem:           14514        3805        1397         161        9311       10209
Swap:           2147           3        2144
Total:         16662        3809        3541

               total        used        free      shared  buff/cache   available
Mem:           14514        3849        1352         161        9312       10165
Swap:           2147           3        2144
Total:         16662        3852        3496

               total        used        free      shared  buff/cache   available
Mem:           14514        3817        1383         161        9313       10197
Swap:           2147           3        2144
Total:         16662        3821        3527

               total        used        free      shared  buff/cache   available
Mem:           14514        3829        1372         161        9312       10185
Swap:           2147           3        2144
Total:         16662        3832        3516

               total        used        free      shared  buff/cache   available
Mem:           14514        3826        1369         167        9318       10182
Swap:           2147           3        2144
Total:         16662        3830        3513

               total        used        free      shared  buff/cache   available
Mem:           14514        3828        1366         167        9319       10181
Swap:           2147           3        2144
Total:         16662        3831        3510

               total        used        free      shared  buff/cache   available
Mem:           14514        3827        1368         167        9318       10181
Swap:           2147           3        2144
Total:         16662        3831        3512

               total        used        free      shared  buff/cache   available
Mem:           14514        3858        1340         163        9316       10154
Swap:           2147           3        2144
Total:         16662        3861        3484

               total        used        free      shared  buff/cache   available
Mem:           14514        3895        1292         173        9326       10107
Swap:           2147           3        2144
Total:         16662        3899        3436

               total        used        free      shared  buff/cache   available
Mem:           14514        3874        1313         173        9325       10128
Swap:           2147           3        2144
Total:         16662        3878        3458

               total        used        free      shared  buff/cache   available
Mem:           14514        3889        1300         171        9324       10115
Swap:           2147           3        2144
Total:         16662        3893        3444

               total        used        free      shared  buff/cache   available
Mem:           14514        3928        1253         177        9332       10070
Swap:           2147           3        2144
Total:         16662        3931        3398

               total        used        free      shared  buff/cache   available
Mem:           14514        3900        1286         173        9327       10102
Swap:           2147           3        2144
Total:         16662        3903        3430

               total        used        free      shared  buff/cache   available
Mem:           14514        3920        1265         173        9328       10082
Swap:           2147           3        2144
Total:         16662        3924        3409

               total        used        free      shared  buff/cache   available
Mem:           14514        3917        1269         172        9327       10086
Swap:           2147           3        2144
Total:         16662        3920        3413

               total        used        free      shared  buff/cache   available
Mem:           14514        3881        1304         172        9328       10122
Swap:           2147           3        2144
Total:         16662        3884        3449

               total        used        free      shared  buff/cache   available
Mem:           14514        3879        1311         167        9322       10128
Swap:           2147           3        2144
Total:         16662        3883        3455

               total        used        free      shared  buff/cache   available
Mem:           14514        3887        1303         167        9323       10121
Swap:           2147           3        2144
Total:         16662        3891        3447

               total        used        free      shared  buff/cache   available
Mem:           14514        3877        1312         167        9324       10131
Swap:           2147           3        2144
Total:         16662        3881        3456

               total        used        free      shared  buff/cache   available
Mem:           14514        3872        1318         167        9323       10136
Swap:           2147           3        2144
Total:         16662        3875        3462

               total        used        free      shared  buff/cache   available
Mem:           14514        3891        1299         167        9324       10117
Swap:           2147           3        2144
Total:         16662        3894        3443

               total        used        free      shared  buff/cache   available
Mem:           14514        3895        1293         167        9325       10113
Swap:           2147           3        2144
Total:         16662        3899        3438

               total        used        free      shared  buff/cache   available
Mem:           14514        3900        1289         167        9324       10108
Swap:           2147           3        2144
Total:         16662        3903        3433

               total        used        free      shared  buff/cache   available
Mem:           14514        3906        1280         171        9328       10099
Swap:           2147           3        2144
Total:         16662        3909        3424

               total        used        free      shared  buff/cache   available
Mem:           14514        3912        1272         171        9329       10092
Swap:           2147           3        2144
Total:         16662        3916        3416

               total        used        free      shared  buff/cache   available
Mem:           14514        3888        1297         170        9328       10117
Swap:           2147           3        2144
Total:         16662        3891        3441

               total        used        free      shared  buff/cache   available
Mem:           14514        3901        1284         171        9329       10104
Swap:           2147           3        2144
Total:         16662        3904        3428

               total        used        free      shared  buff/cache   available
Mem:           14514        3894        1290         171        9330       10111
Swap:           2147           3        2144
Total:         16662        3897        3434

               total        used        free      shared  buff/cache   available
Mem:           14514        3879        1307         168        9328       10128
Swap:           2147           3        2144
Total:         16662        3882        3451

               total        used        free      shared  buff/cache   available
Mem:           14514        3878        1308         168        9327       10130
Swap:           2147           3        2144
Total:         16662        3881        3453

               total        used        free      shared  buff/cache   available
Mem:           14514        3879        1306         168        9328       10128
Swap:           2147           3        2144
Total:         16662        3882        3450

               total        used        free      shared  buff/cache   available
Mem:           14514        3852        1337         165        9324       10158
Swap:           2147           3        2144
Total:         16662        3856        3481

               total        used        free      shared  buff/cache   available
Mem:           14514        3858        1331         165        9325       10153
Swap:           2147           3        2144
Total:         16662        3861        3475

               total        used        free      shared  buff/cache   available
Mem:           14514        3861        1327         165        9326       10149
Swap:           2147           3        2144
Total:         16662        3864        3471

               total        used        free      shared  buff/cache   available
Mem:           14514        3844        1343         165        9326       10166
Swap:           2147           3        2144
Total:         16662        3847        3487

               total        used        free      shared  buff/cache   available
Mem:           14514        3837        1351         165        9326       10174
Swap:           2147           3        2144
Total:         16662        3840        3495

               total        used        free      shared  buff/cache   available
Mem:           14514        3877        1309         165        9327       10133
Swap:           2147           3        2144
Total:         16662        3881        3453

               total        used        free      shared  buff/cache   available
Mem:           14514        3847        1339         165        9327       10163
Swap:           2147           3        2144
Total:         16662        3851        3483

               total        used        free      shared  buff/cache   available
Mem:           14514        3847        1340         165        9327       10164
Swap:           2147           3        2144
Total:         16662        3850        3484

               total        used        free      shared  buff/cache   available
Mem:           14514        3869        1317         165        9327       10141
Swap:           2147           3        2144
Total:         16662        3872        3461

               total        used        free      shared  buff/cache   available
Mem:           14514        3855        1327         168        9331       10152
Swap:           2147           3        2144
Total:         16662        3858        3471

               total        used        free      shared  buff/cache   available
Mem:           14514        3848        1336         167        9329       10160
Swap:           2147           3        2144
Total:         16662        3852        3480

               total        used        free      shared  buff/cache   available
Mem:           14514        3871        1313         167        9329       10138
Swap:           2147           3        2144
Total:         16662        3874        3457

               total        used        free      shared  buff/cache   available
Mem:           14514        3877        1306         167        9330       10131
Swap:           2147           3        2144
Total:         16662        3880        3450

               total        used        free      shared  buff/cache   available
Mem:           14514        3879        1306         164        9328       10132
Swap:           2147           3        2144
Total:         16662        3883        3450

               total        used        free      shared  buff/cache   available
Mem:           14514        3875        1312         163        9326       10137
Swap:           2147           3        2144
Total:         16662        3879        3456

               total        used        free      shared  buff/cache   available
Mem:           14514        3892        1295         163        9327       10121
Swap:           2147           3        2144
Total:         16662        3895        3439

               total        used        free      shared  buff/cache   available
Mem:           14514        3882        1303         163        9328       10130
Swap:           2147           3        2144
Total:         16662        3886        3447

               total        used        free      shared  buff/cache   available
Mem:           14514        3871        1315         163        9327       10142
Swap:           2147           3        2144
Total:         16662        3874        3459

               total        used        free      shared  buff/cache   available
Mem:           14514        3879        1309         160        9326       10136
Swap:           2147           3        2144
Total:         16662        3882        3453

               total        used        free      shared  buff/cache   available
Mem:           14514        3867        1318         163        9328       10145
Swap:           2147           3        2144
Total:         16662        3871        3462

               total        used        free      shared  buff/cache   available
Mem:           14514        3891        1293         164        9329       10121
Swap:           2147           3        2144
Total:         16662        3894        3437

               total        used        free      shared  buff/cache   available
Mem:           14514        3894        1289         164        9330       10118
Swap:           2147           3        2144
Total:         16662        3897        3433

               total        used        free      shared  buff/cache   available
Mem:           14514        3862        1319         167        9333       10147
Swap:           2147           3        2144
Total:         16662        3865        3463

               total        used        free      shared  buff/cache   available
Mem:           14514        3874        1306         167        9333       10135
Swap:           2147           3        2144
Total:         16662        3877        3450

               total        used        free      shared  buff/cache   available
Mem:           14514        3886        1293         167        9334       10123
Swap:           2147           3        2144
Total:         16662        3889        3437

               total        used        free      shared  buff/cache   available
Mem:           14514        3857        1326         164        9331       10155
Swap:           2147           3        2144
Total:         16662        3860        3470

               total        used        free      shared  buff/cache   available
Mem:           14514        3853        1328         165        9332       10158
Swap:           2147           3        2144
Total:         16662        3856        3472

               total        used        free      shared  buff/cache   available
Mem:           14514        3859        1322         165        9333       10152
Swap:           2147           3        2144
Total:         16662        3862        3466

               total        used        free      shared  buff/cache   available
Mem:           14514        3843        1331         171        9340       10162
Swap:           2147           3        2144
Total:         16662        3846        3475

               total        used        free      shared  buff/cache   available
Mem:           14514        3843        1323         179        9348       10153
Swap:           2147           3        2144
Total:         16662        3846        3467

               total        used        free      shared  buff/cache   available
Mem:           14514        3863        1302         179        9348       10133
Swap:           2147           3        2144
Total:         16662        3866        3446

               total        used        free      shared  buff/cache   available
Mem:           14514        3879        1285         179        9349       10116
Swap:           2147           3        2144
Total:         16662        3883        3429

               total        used        free      shared  buff/cache   available
Mem:           14514        3868        1297         179        9349       10128
Swap:           2147           3        2144
Total:         16662        3871        3441

               total        used        free      shared  buff/cache   available
Mem:           14514        3895        1289         160        9330       10120
Swap:           2147           3        2144
Total:         16662        3898        3433

               total        used        free      shared  buff/cache   available
Mem:           14514        3896        1287         160        9331       10119
Swap:           2147           3        2144
Total:         16662        3899        3431

               total        used        free      shared  buff/cache   available
Mem:           14514        3884        1299         160        9330       10131
Swap:           2147           3        2144
Total:         16662        3887        3443

               total        used        free      shared  buff/cache   available
Mem:           14514        3935        1244         164        9334       10076
Swap:           2147           3        2144
Total:         16662        3939        3388

               total        used        free      shared  buff/cache   available
Mem:           14514        3929        1246         167        9338       10080
Swap:           2147           3        2144
Total:         16662        3932        3390

               total        used        free      shared  buff/cache   available
Mem:           14514        3893        1282         167        9337       10115
Swap:           2147           3        2144
Total:         16662        3897        3426

               total        used        free      shared  buff/cache   available
Mem:           14514        3883        1293         167        9337       10125
Swap:           2147           3        2144
Total:         16662        3886        3437

               total        used        free      shared  buff/cache   available
Mem:           14514        3892        1284         167        9337       10117
Swap:           2147           3        2144
Total:         16662        3895        3428

               total        used        free      shared  buff/cache   available
Mem:           14514        3885        1291         167        9337       10124
Swap:           2147           3        2144
Total:         16662        3888        3435

               total        used        free      shared  buff/cache   available
Mem:           14514        3840        1332         170        9341       10165
Swap:           2147           3        2144
Total:         16662        3844        3476

               total        used        free      shared  buff/cache   available
Mem:           14514        3813        1365         164        9334       10198
Swap:           2147           3        2144
Total:         16662        3817        3509

               total        used        free      shared  buff/cache   available
Mem:           14514        3795        1384         164        9334       10217
Swap:           2147           3        2144
Total:         16662        3798        3528

               total        used        free      shared  buff/cache   available
Mem:           14514        3794        1388         160        9331       10221
Swap:           2147           3        2144
Total:         16662        3797        3532

               total        used        free      shared  buff/cache   available
Mem:           14514        3789        1393         160        9331       10226
Swap:           2147           3        2144
Total:         16662        3792        3537

               total        used        free      shared  buff/cache   available
Mem:           14514        3785        1397         160        9331       10230
Swap:           2147           3        2144
Total:         16662        3788        3541
